F                                                                        [100%]
=================================== FAILURES ===================================
______________ test_waiting_writer_must_refresh_probe_before_cas _______________

rooms = (sessionmaker(class_='Session', bind=Engine(sqlite+pysqlite:////tmp/pytest-of-root/pytest-73/test_waiting_writer_must_....db), autoflush=True, expire_on_commit=False), namespace(hosted_offer_id='offer', hosted_reservation_id='reservation'))

    def test_waiting_writer_must_refresh_probe_before_cas(rooms):
        sessions,_=rooms
        with sessions() as waiting:
            probe=waiting.get(Pool,'pool-a')
            assert probe.room_details_json['room_registry']['version']==1
            # Models another writer committing while the first awaits its hotel lock.
            with sessions.begin() as writer:
                pool=writer.get(Pool,'pool-a');updated=deepcopy(pool.room_details_json)
                updated['room_registry']['version']=2;pool.room_details_json=updated
            # Exact pool query shape from initial configure_isolated_registry.
            pools=list(waiting.scalars(select(Pool).where(Pool.hosted_hotel_id=='isolated-hotel')
                .order_by(Pool.inventory_pool_id).with_for_update()))
            pool=next(row for row in pools if row.inventory_pool_id=='pool-a')
            assert pool is probe
>           assert pool.room_details_json['room_registry']['version']==2, 'Cached pre-lock probe masks the committed version and permits a stale CAS'
E           AssertionError: Cached pre-lock probe masks the committed version and permits a stale CAS
E           assert 1 == 2

review/room-registry-v2/test_identity_map_cas.py:22: AssertionError
=========================== short test summary info ============================
FAILED review/room-registry-v2/test_identity_map_cas.py::test_waiting_writer_must_refresh_probe_before_cas
