✔ HTTP helper retains CSRF together with idempotency header (4.378927ms)
✔ Escape cancels traveler selection without authorizing or creating an order (7.114121ms)
✔ rental consent is bound to the selected traveler, field and purpose (3.145303ms)
✔ payment is cancelled without any checkout mutation (2.842846ms)
✔ a failed confirmed payment stays visible and can be retried (1.503082ms)
✔ cancelling a party selection creates no order or grant (2.282259ms)
✔ a party must contain the exact number of different travelers (1.75382ms)
✔ party confirmation returns only the explicitly selected traveler references (1.563383ms)
✔ party selection cannot submit without confirming adult travelers and purpose (1.609132ms)
✔ consumer uses locked V14 main and compact artwork with responsive selection (2.505185ms)
✔ supplier and admin share the locked reverse V14 compact lockup (1.138831ms)
✔ all three entry documents advance cache tokens together (0.209296ms)
✔ GO subbrands use V14 geometry with a deliberately recessive GO tier (0.33072ms)
✔ legacy runtime asset names also resolve to locked V14 geometry (0.389549ms)
(node:14) [MODULE_TYPELESS_PACKAGE_JSON] Warning: Module type of file:///workspace/scratch/000d6f24d8dd/go-depth-repair/application/mobile/go-app/src/domain/tripFacts.ts is not specified and it doesn't parse as CommonJS.
Reparsing as ES module because module syntax was detected. This incurs a performance overhead.
To eliminate this warning, add "type": "module" to /workspace/scratch/000d6f24d8dd/go-depth-repair/application/mobile/go-app/package.json.
(Use `node --trace-warnings ...` to show where the warning was created)
✔ web trip keeps original and requested dates separate while supplement is pending (3.789406ms)
✔ native trip shows pending money honestly and completed refund total (1.002925ms)
✔ supplier workbench displays the same cumulative payment summary (1.580649ms)
✔ cancel review shows every cash component and exact fee basis before submission (22.16778ms)
✔ closing cancel review never sends cancellation or reloads as completed (1.114624ms)
✔ unchecked money confirmation cannot submit a cash action (1.433846ms)
✔ change confirmation shows positive difference, free change and fixed original deadline (1.335929ms)
✔ cancelled date selection does not request new inventory or a payment (0.862243ms)
✔ displayed quote hash stays bound across asynchronous source mutation (1.000832ms)
✔ unknown supplier progress offers query only and binds the saved operation (1.145311ms)
✔ cancel confirmed and refund pending remain distinct in the customer progress card (0.884937ms)
✔ credit conversion waits for explicit quoted consent and does not claim an unknown cancellation succeeded (4.602345ms)
✔ canceling traveler selection sends no redemption or automatic identity (1.28338ms)
✔ redemption network retry binds the same quote and explicitly selected traveler (2.619188ms)
✔ unknown booking and pending refund remain distinct from completed credit restoration (1.237069ms)
✔ canceling a supplementary payment dialog re-enables the action (21.035989ms)
✔ conversion separates prior cash refunds and forfeiture from retained credit (1.583804ms)
✔ forfeiture conversion confirmation stays bound to the displayed quote after source object changes (3.574651ms)
✔ credit detail keeps original excluded value visible after redemption changes (1.153873ms)
✔ historical credit without a forfeiture breakdown never renders invalid amounts (1.234496ms)
✔ fare confirmation separates fee tiers, cooling, change and property credit terms (2.338814ms)
✔ cancelling fare confirmation has no accepted contract (1.048184ms)
✔ accepted hash remains bound to the rules displayed before asynchronous state changes (0.747329ms)
✔ declining hotel rules never selects or authorizes a traveler or creates an order (1.606878ms)
✔ accepted hotel contract is included with selected traveler and stable booking request identity (0.990837ms)
✔ supplier money and percentage inputs use exact minor units (1.05839ms)
✔ supplier lost-response retry keeps request identity and sends only the claimed cause (3.586961ms)
✔ supplier duplicate clicks while a request is pending cannot create another request (1.722433ms)
✔ unknown supplier cancellation shows approved refund waiting for confirmation, without a resend button (18.847212ms)
✔ hotel funds distinguish frozen, charged, released and refunded cent amounts (15.765395ms)
✔ only approved pending refunds expose retry and all server labels are escaped (0.459454ms)
✔ unknown funding shows reconciliation instead of a false payment claim (0.375197ms)
✔ trip links only open the exact canonical owned direct-reservation path (0.484392ms)
✔ closing a stay complaint form makes no request (1.23801ms)
✔ complaint retries reuse the same request identity and have no refund approval fields (1.358173ms)
✔ blank complaints and duplicate submission clicks cannot send extra requests (0.716502ms)
✔ closing hotel authorization leaves funds untouched (2.836636ms)
✔ hotel checkout requires confirmation and binds the complete stay amount (1.632147ms)
✔ a second click cannot create another hotel authorization while the first is pending (0.803684ms)
✔ a failed hotel authorization remains visible and can be retried (0.855723ms)
✔ conversion clearly shows capture and value and closing does not convert (18.153954ms)
✔ conversion retry keeps original quote, amount and original expiry (1.873851ms)
✔ redemption uses server quote policy and displays forfeiture before consent (1.172402ms)
✔ redemption confirms a fresh traveler and only releases hotel fields (1.719599ms)
✔ double click and Escape cannot duplicate or dismiss pending redemption (7.185338ms)
✔ credit list filters property and disables frozen, expired or reconciliation credits (1.804127ms)
✔ a cancellation quote never cancels a booking and closing preserves it (27.431565ms)
✔ fee consent binds the server quote and keeps frozen release separate from cash refund (2.363752ms)
✔ interrupted cancellation retry uses exactly the same quote and fee (1.561931ms)
✔ double clicks cannot settle twice while a cancellation is pending (1.32313ms)
✔ unavailable fare actions have no executable buttons and rule text is escaped (1.354087ms)
✔ date changes quote first and require fresh consent after editing dates (2.78541ms)
✔ extension keeps check-in fixed and explains replacement authorization (1.368007ms)
✔ GO Trip shows all states, searches owned rows, opens the filtered order and restores all (2.251813ms)
✔ legacy hotel return opens the same all-order GO Trip (0.755642ms)
✔ independent review requires an explicit checked attestation and chosen proof (1.490563ms)
✔ review submits the exact evidence snapshot and no caller-selected money (0.753389ms)
✔ customer sees completed original refund separately from pending extra payment (12.59227ms)
✔ unapproved guest liability is a review hold without a refund promise or pay button (0.314626ms)
✔ zero captured payment explains authorization release and completed case has no retry (0.280524ms)
✔ finance entry converts decimal currency without fractional cents or silent rounding (0.481097ms)
✔ hotel detail requests the chosen stay and currency and excludes mixed historical quotes (3.428251ms)
✔ a stale selection cannot start prebooking for another date or currency (1.011739ms)
✔ the accepted same-stay offer supplies the prebooking currency and review data (0.880391ms)
✔ a late hotel response cannot overwrite the next search (0.893691ms)
✔ missing dates or a mismatched hotel response cannot show bookable offers (1.610644ms)
✔ local build preserves development API and unrelated Expo config (1.235918ms)
✔ preview and production require an explicit API binding (0.61515ms)
✔ external builds reject loopback, placeholder, plaintext and credential URLs (0.721741ms)
✔ explicit HTTPS build API reaches the same extra field consumed by client.ts (0.256026ms)
✔ existing environment names and release metadata remain compatible (0.866249ms)
(node:125) [MODULE_TYPELESS_PACKAGE_JSON] Warning: Module type of file:///workspace/scratch/000d6f24d8dd/go-depth-repair/application/mobile/go-app/src/domain/changeActions.ts is not specified and it doesn't parse as CommonJS.
Reparsing as ES module because module syntax was detected. This incurs a performance overhead.
To eliminate this warning, add "type": "module" to /workspace/scratch/000d6f24d8dd/go-depth-repair/application/mobile/go-app/package.json.
(Use `node --trace-warnings ...` to show where the warning was created)
✔ HOTEL: explicit confirmation consumes one quote and reads original order (22.512772ms)
✔ HOTEL: expiry, edit and session changes prevent submission (1.245973ms)
✔ HOTEL: wrong identity or unavailable isolated channel cannot execute (2.789225ms)
✔ HOTEL: timeout is unknown and never auto-retried (0.60208ms)
✔ FLIGHT: explicit confirmation consumes one quote and reads original order (0.531694ms)
✔ FLIGHT: expiry, edit and session changes prevent submission (1.405885ms)
✔ FLIGHT: wrong identity or unavailable isolated channel cannot execute (0.263989ms)
✔ FLIGHT: timeout is unknown and never auto-retried (0.183958ms)
✔ RAIL: explicit confirmation consumes one quote and reads original order (0.310579ms)
✔ RAIL: expiry, edit and session changes prevent submission (0.38393ms)
✔ RAIL: wrong identity or unavailable isolated channel cannot execute (0.239241ms)
✔ RAIL: timeout is unknown and never auto-retried (0.203698ms)
✔ ATTRACTION: explicit confirmation consumes one quote and reads original order (0.33725ms)
✔ ATTRACTION: expiry, edit and session changes prevent submission (0.242216ms)
✔ ATTRACTION: wrong identity or unavailable isolated channel cannot execute (0.19861ms)
✔ ATTRACTION: timeout is unknown and never auto-retried (0.334586ms)
✔ RENTAL: explicit confirmation consumes one quote and reads original order (0.562961ms)
✔ RENTAL: expiry, edit and session changes prevent submission (1.552436ms)
✔ RENTAL: wrong identity or unavailable isolated channel cannot execute (2.727682ms)
✔ RENTAL: timeout is unknown and never auto-retried (0.19186ms)
✔ invalid replacement quote destroys old consent; dates are canonical (0.491603ms)
✔ double submit makes only one mutation (0.200052ms)
(node:126) [MODULE_TYPELESS_PACKAGE_JSON] Warning: Module type of file:///workspace/scratch/000d6f24d8dd/go-depth-repair/application/mobile/go-app/src/domain/changeTerms.ts is not specified and it doesn't parse as CommonJS.
Reparsing as ES module because module syntax was detected. This incurs a performance overhead.
To eliminate this warning, add "type": "module" to /workspace/scratch/000d6f24d8dd/go-depth-repair/application/mobile/go-app/package.json.
(Use `node --trace-warnings ...` to show where the warning was created)
✔ hotel lower price discloses loss, no fee and original fixed deadline (18.482361ms)
✔ missing or inconsistent hotel financial terms are not confirmable (0.794821ms)
✔ flight and rail disclose transport identity and reject inconsistent fee sums (0.338291ms)
✔ rental lower cost specifies original payment and validates the rate calculation (0.266673ms)
✔ attraction free change never silently accepts a newly introduced charge (0.19159ms)
(node:142) [MODULE_TYPELESS_PACKAGE_JSON] Warning: Module type of file:///workspace/scratch/000d6f24d8dd/go-depth-repair/application/mobile/go-app/src/domain/tripFacts.ts is not specified and it doesn't parse as CommonJS.
Reparsing as ES module because module syntax was detected. This incurs a performance overhead.
To eliminate this warning, add "type": "module" to /workspace/scratch/000d6f24d8dd/go-depth-repair/application/mobile/go-app/package.json.
(Use `node --trace-warnings ...` to show where the warning was created)
✔ Direct navigation preserves the owned reservation identity (2.015506ms)
✔ Direct details read only the canonical reservation and matching events (0.513756ms)
✔ Direct mismatched or missing records cannot display confirmation (3.447439ms)
(node:152) [MODULE_TYPELESS_PACKAGE_JSON] Warning: Module type of file:///workspace/scratch/000d6f24d8dd/go-depth-repair/application/mobile/go-app/src/domain/orderActions.ts is not specified and it doesn't parse as CommonJS.
Reparsing as ES module because module syntax was detected. This incurs a performance overhead.
To eliminate this warning, add "type": "module" to /workspace/scratch/000d6f24d8dd/go-depth-repair/application/mobile/go-app/package.json.
(Use `node --trace-warnings ...` to show where the warning was created)
✔ hotel cancellation sends the displayed quote identity without silently creating another quote (4.939153ms)
✔ hotel server rejects a stale accepted quote without replacing it or retrying cancellation (1.014093ms)
✔ hotel malformed, expired or foreign accepted quote cannot send cancellation (0.864626ms)
(node:153) [MODULE_TYPELESS_PACKAGE_JSON] Warning: Module type of file:///workspace/scratch/000d6f24d8dd/go-depth-repair/application/mobile/go-app/src/domain/orderActions.ts is not specified and it doesn't parse as CommonJS.
Reparsing as ES module because module syntax was detected. This incurs a performance overhead.
To eliminate this warning, add "type": "module" to /workspace/scratch/000d6f24d8dd/go-depth-repair/application/mobile/go-app/package.json.
(Use `node --trace-warnings ...` to show where the warning was created)
✔ HOTEL: payment binds fresh amount and re-reads the same order after lost response (3.86409ms)
✔ HOTEL: changed amount and unavailable channel cannot execute payment (0.720218ms)
✔ HOTEL: refund confirms quoted amount, submits once and does not invent refunded state (1.140544ms)
✔ HOTEL: changed refund terms need reconfirmation before any cancellation (0.316608ms)
✔ FLIGHT: payment binds fresh amount and re-reads the same order after lost response (0.225391ms)
✔ FLIGHT: changed amount and unavailable channel cannot execute payment (0.417511ms)
✔ FLIGHT: refund confirms quoted amount, submits once and does not invent refunded state (0.33702ms)
✔ FLIGHT: changed refund terms need reconfirmation before any cancellation (0.134252ms)
✔ RAIL: payment binds fresh amount and re-reads the same order after lost response (0.412444ms)
✔ RAIL: changed amount and unavailable channel cannot execute payment (0.247003ms)
✔ RAIL: refund confirms quoted amount, submits once and does not invent refunded state (0.252211ms)
✔ RAIL: changed refund terms need reconfirmation before any cancellation (0.168595ms)
✔ RENTAL: payment binds fresh amount and re-reads the same order after lost response (0.130387ms)
✔ RENTAL: changed amount and unavailable channel cannot execute payment (0.339393ms)
✔ RENTAL: refund confirms quoted amount, submits once and does not invent refunded state (0.235496ms)
✔ RENTAL: changed refund terms need reconfirmation before any cancellation (0.153952ms)
✔ RIDE: payment binds fresh amount and re-reads the same order after lost response (0.143627ms)
✔ RIDE: changed amount and unavailable channel cannot execute payment (0.383169ms)
✔ RIDE: refund confirms quoted amount, submits once and does not invent refunded state (0.247404ms)
✔ RIDE: changed refund terms need reconfirmation before any cancellation (0.13902ms)
✔ ATTRACTION: payment binds fresh amount and re-reads the same order after lost response (0.104598ms)
✔ ATTRACTION: changed amount and unavailable channel cannot execute payment (1.771066ms)
✔ ATTRACTION: refund confirms quoted amount, submits once and does not invent refunded state (0.259322ms)
✔ ATTRACTION: changed refund terms need reconfirmation before any cancellation (0.086311ms)
✔ identity substitution and concurrent payment submission are blocked (0.308836ms)
✔ screen/session change prevents a mutation after read-only preflight (0.151729ms)
✔ all six booking intents use explicit vault identities with stable keys and no fabricated people (2.337903ms)
✔ portable request fingerprint matches standard SHA-256 for Unicode and block boundaries (1.009375ms)
(node:162) [MODULE_TYPELESS_PACKAGE_JSON] Warning: Module type of file:///workspace/scratch/000d6f24d8dd/go-depth-repair/application/mobile/go-app/src/api/transport.ts is not specified and it doesn't parse as CommonJS.
Reparsing as ES module because module syntax was detected. This incurs a performance overhead.
To eliminate this warning, add "type": "module" to /workspace/scratch/000d6f24d8dd/go-depth-repair/application/mobile/go-app/package.json.
(Use `node --trace-warnings ...` to show where the warning was created)
✔ logout immediately invalidates old UI and blocks orders while remote revocation is pending (5.729058ms)
✔ read started before logout cannot return old account data (1.409129ms)
✔ clear blocks stale stored credentials before slow deletion completes (18.748933ms)
✔ logout supersedes a login waiting for secure storage without dispatching login (1.090849ms)
✔ late failed logout cannot clear a later successful account login (1.776184ms)
✔ missing refresh token after 401 invalidates the authenticated UI (1.092651ms)
✔ 401 after successful refresh invalidates the session without a third request (1.443491ms)
✔ a permission denial does not clear an otherwise valid account (2.99755ms)
✔ a broken UI subscriber cannot prevent token clearing or other subscribers (3.025778ms)
✔ failed token persistence cannot expose a partially saved login to requests (0.898739ms)
✔ temporary refresh outage preserves the session and never retries the business mutation (0.500517ms)
✔ a successful HTTP response without revocation evidence is not remote logout success (0.408798ms)
(node:178) [MODULE_TYPELESS_PACKAGE_JSON] Warning: Module type of file:///workspace/scratch/000d6f24d8dd/go-depth-repair/application/mobile/go-app/src/api/transport.ts is not specified and it doesn't parse as CommonJS.
Reparsing as ES module because module syntax was detected. This incurs a performance overhead.
To eliminate this warning, add "type": "module" to /workspace/scratch/000d6f24d8dd/go-depth-repair/application/mobile/go-app/package.json.
(Use `node --trace-warnings ...` to show where the warning was created)
✔ concurrent expired mutations share one refresh and retain each original idempotency key/body (6.552262ms)
✔ a mutation with lost response is uncertain and is never automatically retried (0.696132ms)
✔ account change discards pending reads and refresh tokens from the old account (1.560899ms)
✔ refresh rejection invalidates current session and notifies the UI (2.482462ms)
✔ logout revokes remotely and still clears locally after a transport failure (0.550361ms)
✔ a previous logout cannot clear a newly logged-in account (0.782953ms)
✔ only chosen API-relative paths are requested and caller auth cannot override the session (0.663493ms)
✔ aborted mutations before dispatch are known not sent; malformed successful responses are uncertain (2.144511ms)
(node:188) [MODULE_TYPELESS_PACKAGE_JSON] Warning: Module type of file:///workspace/scratch/000d6f24d8dd/go-depth-repair/application/mobile/go-app/src/domain/tripFacts.ts is not specified and it doesn't parse as CommonJS.
Reparsing as ES module because module syntax was detected. This incurs a performance overhead.
To eliminate this warning, add "type": "module" to /workspace/scratch/000d6f24d8dd/go-depth-repair/application/mobile/go-app/package.json.
(Use `node --trace-warnings ...` to show where the warning was created)
✔ native navigation binds all six verticals to an owned canonical identity (2.299566ms)
✔ native check-in renders each passenger and leg independently (0.732507ms)
✔ missing, stale, duplicate, future or wrong-order check-in evidence is unverified (0.399133ms)
✔ only safe HTTPS links are offered by native travel facts (0.22496ms)
✔ native rental details never request ride tracking (0.349629ms)
✔ ride tracking failure cannot hide the existing ride order (0.249287ms)
✔ tracking and order identity mismatches cannot render another order (0.600498ms)
✔ rail order preserves party, immutable prebook and original total through payment cancellation (3.142429ms)
✔ attraction order uses the quoted slot, quantity and prebook and shows eligibility (0.440065ms)
✔ cancelling confirmation step 1 never creates an order or payment (0.209466ms)
✔ cancelling confirmation step 2 never creates an order or payment (0.473336ms)
✔ cancelled party selection cannot reach order creation (0.268315ms)
✔ quote that expires during traveler selection cannot create or pay an order (0.683163ms)
✔ missing final consent never creates an order (0.908453ms)
✔ different people are required for every quoted place (0.328887ms)
✔ an uncertain payment still opens the existing order for recovery (0.839899ms)
✔ repeated clicks cannot start a second booking while confirmation is open (0.559976ms)
✔ mismatched total, journey or slot is refused before any traveler consent (0.427927ms)
✔ cancelling date selection never requests a quote or payment (2.178122ms)
✔ ride changes continue to use their separate workflow (0.761871ms)
✔ viewing a rental quote does not execute the change (0.949325ms)
✔ confirmed refund difference retains its sign and server quote identity (1.368549ms)
✔ unchecked amount consent blocks executing a displayed quote (1.137479ms)
✔ the shared amount formatter preserves cents on confirmation screens (16.953781ms)
✔ consumer: concurrent expired reads refresh once and preserve namespace (8.367976ms)
✔ consumer: a mutation without idempotency is never replayed after renewal (1.329279ms)
✔ consumer: an idempotent retry retains the original key and body (0.810585ms)
✔ consumer: failed refresh stops without retrying the operation (0.722963ms)
✔ console: concurrent expired reads refresh once and preserve namespace (2.065291ms)
✔ console: a mutation without idempotency is never replayed after renewal (0.861983ms)
✔ console: an idempotent retry retains the original key and body (0.662761ms)
✔ console: failed refresh stops without retrying the operation (0.70169ms)
✔ consumer logout failure preserves account and current page; success clears all private state (0.901713ms)
✔ console logout failure is surfaced instead of silently reporting success (0.907742ms)
✔ console requests work when randomUUID is unavailable in an HTTP preview (1.560548ms)
✔ console login binds the requested account type before establishing a session (0.634499ms)
✔ a changed console actor clears the stale UI and never refreshes or retries (0.841271ms)
✔ consumer: expired access can renew once to revoke its own session (1.254786ms)
✔ console: expired access can renew once to revoke its own session (0.635701ms)
✔ unverified check-in never exposes links or boarding passes (2.252143ms)
✔ per-traveler boarding pass appears only for the verified pass state (1.276419ms)
✔ invalid URL schemes and credentials do not become customer links (0.773899ms)
✔ unknown fleet outcome clearly separates confirmed and proposed times (0.623663ms)
✔ cancelled tracking confirmation sends no binding mutation (0.805408ms)
✔ checked consent sends exact displayed revision and server authority, never wait overrides (0.770304ms)
✔ missing consent prevents any tracking write (1.228005ms)
✔ no authorized source does not open an unusable confirmation dialog (0.597473ms)
✔ waiting protection is conditional and shows the actual event allowance (0.849534ms)
✔ late check-in response cannot populate a detached screen (9.604054ms)
✔ HOTEL_CATALOG: reopen the existing order without a new order or payment (2.225984ms)
✔ HOTEL_DIRECT: reopen the existing order without a new order or payment (1.119341ms)
✔ FLIGHT: reopen the existing order without a new order or payment (0.610623ms)
✔ RAIL: reopen the existing order without a new order or payment (0.898828ms)
✔ RIDE: reopen the existing order without a new order or payment (0.684224ms)
✔ RENTAL: reopen the existing order without a new order or payment (0.543081ms)
✔ ATTRACTION: reopen the existing order without a new order or payment (0.660738ms)
✔ untrusted evidence URLs and unsupported identities never select an endpoint (1.037899ms)
✔ card output escapes content and uses current canonical status (0.898859ms)
✔ an order response cannot populate a different order or vertical (1.139832ms)
✔ late order response cannot overwrite a new screen (1.638966ms)
✔ continuing payment re-reads amount and uses the original order only (1.07185ms)
✔ already paid or expired orders cannot invoke payment from a stale card (1.37646ms)
✔ payment timeout reads the same order and never silently resends (0.696082ms)
✔ leaving before the fresh order read prevents a payment dialog (0.678085ms)
✔ real app dispatch uses every existing enriched order renderer (3.689766ms)
✔ closing permission confirmation sends no permission mutation (2.888986ms)
✔ source disconnect remains explicit and retains server-directed semantics (1.837177ms)
✔ person edit binds the displayed revision and leaves a blank birth date untouched (0.948774ms)
✔ sensitive import inspection happens only after explicit confirmation, with no implicit acceptance (6.039127ms)
✔ untrusted imported content is escaped before display (1.344281ms)
✔ duplicate submits during a pending mutation call the server once (1.37673ms)
✔ import reassignment binds traveler and item revision and does not accept content (1.107814ms)
✔ RAIL cancellation requires explicit confirmation (1.971419ms)
✔ RAIL response loss still reloads persisted order (0.863414ms)
✔ RAIL paid or uncertain orders cannot open unpaid cancellation (2.71909ms)
✔ ATTRACTION cancellation requires explicit confirmation (0.950426ms)
✔ ATTRACTION response loss still reloads persisted order (0.638515ms)
✔ ATTRACTION paid or uncertain orders cannot open unpaid cancellation (3.150671ms)
✔ new unpaid reservation displays its frozen UTC deadline (1.679879ms)
✔ legacy orders never receive a fabricated deadline (0.269808ms)
✔ expiry display relies on persisted server state instead of browser clock (0.200413ms)
✔ started and uncertain payment keeps its reservation message (0.210608ms)
✔ RAIL: opening recovery does not send a refund until confirmed (2.992492ms)
✔ RAIL: failed response still reloads persisted order state (1.31679ms)
✔ ATTRACTION: opening recovery does not send a refund until confirmed (0.910896ms)
✔ ATTRACTION: failed response still reloads persisted order state (0.968374ms)
✔ busy recovery gives a customer message and refreshes the existing order (0.943396ms)
✔ rail interrupted change confirms the original quote instead of creating another (1.213284ms)
ℹ tests 254
ℹ suites 0
ℹ pass 254
ℹ fail 0
ℹ cancelled 0
ℹ skipped 0
ℹ todo 0
ℹ duration_ms 646.935533
