✔ HTTP helper retains CSRF together with idempotency header (3.379327ms)
✔ Escape cancels traveler selection without authorizing or creating an order (9.489496ms)
✔ rental consent is bound to the selected traveler, field and purpose (2.7221ms)
✔ payment is cancelled without any checkout mutation (4.025397ms)
✔ a failed confirmed payment stays visible and can be retried (1.669718ms)
✔ cancelling a party selection creates no order or grant (1.819824ms)
✔ a party must contain the exact number of different travelers (1.868077ms)
✔ party confirmation returns only the explicitly selected traveler references (1.591811ms)
✔ party selection cannot submit without confirming adult travelers and purpose (1.617189ms)
✔ consumer uses locked V14 main and compact artwork with responsive selection (2.288408ms)
✔ supplier and admin share the locked reverse V14 compact lockup (1.230699ms)
✔ all three entry documents advance cache tokens together (0.200622ms)
✔ GO subbrands use V14 geometry with a deliberately recessive GO tier (0.198088ms)
✔ legacy runtime asset names also resolve to locked V14 geometry (0.261183ms)
✔ cancel review shows every cash component and exact fee basis before submission (18.36478ms)
✔ closing cancel review never sends cancellation or reloads as completed (0.825019ms)
✔ unchecked money confirmation cannot submit a cash action (1.197629ms)
✔ change confirmation keeps paid room value, incremental difference and fee separate (0.913032ms)
✔ cancelled date selection does not request new inventory or a payment (0.670898ms)
✔ displayed quote hash stays bound across asynchronous source mutation (0.720643ms)
✔ unknown supplier progress offers query only and binds the saved operation (0.8254ms)
✔ cancel confirmed and refund pending remain distinct in the customer progress card (0.686472ms)
✔ credit conversion waits for explicit quoted consent and does not claim an unknown cancellation succeeded (4.270726ms)
✔ canceling traveler selection sends no redemption or automatic identity (1.35109ms)
✔ redemption network retry binds the same quote and explicitly selected traveler (2.985676ms)
✔ unknown booking and pending refund remain distinct from completed credit restoration (1.196768ms)
✔ canceling a supplementary payment dialog re-enables the action (18.528185ms)
✔ conversion separates prior cash refunds and forfeiture from retained credit (1.471641ms)
✔ forfeiture conversion confirmation stays bound to the displayed quote after source object changes (3.285737ms)
✔ credit detail keeps original excluded value visible after redemption changes (1.070499ms)
✔ historical credit without a forfeiture breakdown never renders invalid amounts (8.731337ms)
✔ fare confirmation separates fee tiers, cooling, change and property credit terms (2.856151ms)
✔ cancelling fare confirmation has no accepted contract (0.972331ms)
✔ accepted hash remains bound to the rules displayed before asynchronous state changes (0.911379ms)
✔ declining hotel rules never selects or authorizes a traveler or creates an order (1.775948ms)
✔ accepted hotel contract is included with selected traveler and stable booking request identity (1.204159ms)
✔ supplier money and percentage inputs use exact minor units (1.399172ms)
✔ supplier lost-response retry keeps request identity and sends only the claimed cause (2.891825ms)
✔ supplier duplicate clicks while a request is pending cannot create another request (1.454435ms)
✔ unknown supplier cancellation shows approved refund waiting for confirmation, without a resend button (13.904318ms)
✔ hotel funds distinguish frozen, charged, released and refunded cent amounts (14.626363ms)
✔ only approved pending refunds expose retry and all server labels are escaped (0.697558ms)
✔ unknown funding shows reconciliation instead of a false payment claim (0.588424ms)
✔ trip links only open the exact canonical owned direct-reservation path (0.417768ms)
✔ closing a stay complaint form makes no request (1.441515ms)
✔ complaint retries reuse the same request identity and have no refund approval fields (2.08347ms)
✔ blank complaints and duplicate submission clicks cannot send extra requests (1.210689ms)
✔ closing hotel authorization leaves funds untouched (2.630011ms)
✔ hotel checkout requires confirmation and binds the complete stay amount (1.953946ms)
✔ a second click cannot create another hotel authorization while the first is pending (1.049717ms)
✔ a failed hotel authorization remains visible and can be retried (1.027463ms)
✔ conversion clearly shows capture and value and closing does not convert (26.356165ms)
✔ conversion retry keeps original quote, amount and original expiry (2.587027ms)
✔ redemption uses server quote policy and displays forfeiture before consent (1.862327ms)
✔ redemption confirms a fresh traveler and only releases hotel fields (1.75044ms)
✔ double click and Escape cannot duplicate or dismiss pending redemption (16.006497ms)
✔ credit list filters property and disables frozen, expired or reconciliation credits (2.012473ms)
✔ a cancellation quote never cancels a booking and closing preserves it (18.7816ms)
✔ fee consent binds the server quote and keeps frozen release separate from cash refund (1.955158ms)
✔ interrupted cancellation retry uses exactly the same quote and fee (1.221785ms)
✔ double clicks cannot settle twice while a cancellation is pending (1.011329ms)
✔ unavailable fare actions have no executable buttons and rule text is escaped (1.520674ms)
✔ date changes quote first and require fresh consent after editing dates (2.257281ms)
✔ extension keeps check-in fixed and explains replacement authorization (1.140183ms)
✔ independent review requires an explicit checked attestation and chosen proof (1.700595ms)
✔ review submits the exact evidence snapshot and no caller-selected money (1.013662ms)
✔ customer sees completed original refund separately from pending extra payment (18.100573ms)
✔ unapproved guest liability is a review hold without a refund promise or pay button (0.371128ms)
✔ zero captured payment explains authorization release and completed case has no retry (0.338278ms)
✔ finance entry converts decimal currency without fractional cents or silent rounding (0.371888ms)
(node:471) [MODULE_TYPELESS_PACKAGE_JSON] Warning: Module type of file:///workspace/scratch/f016e17148d8/go-depth30-restored/mobile/go-app/src/domain/orderActions.ts is not specified and it doesn't parse as CommonJS.
Reparsing as ES module because module syntax was detected. This incurs a performance overhead.
To eliminate this warning, add "type": "module" to /workspace/scratch/f016e17148d8/go-depth30-restored/mobile/go-app/package.json.
(Use `node --trace-warnings ...` to show where the warning was created)
✔ HOTEL: payment binds fresh amount and re-reads the same order after lost response (4.888534ms)
✔ HOTEL: changed amount and unavailable channel cannot execute payment (0.988715ms)
✔ HOTEL: refund confirms quoted amount, submits once and does not invent refunded state (6.228808ms)
✔ HOTEL: changed refund terms need reconfirmation before any cancellation (0.524918ms)
✔ FLIGHT: payment binds fresh amount and re-reads the same order after lost response (0.396596ms)
✔ FLIGHT: changed amount and unavailable channel cannot execute payment (0.417858ms)
✔ FLIGHT: refund confirms quoted amount, submits once and does not invent refunded state (0.562535ms)
✔ FLIGHT: changed refund terms need reconfirmation before any cancellation (0.281673ms)
✔ RAIL: payment binds fresh amount and re-reads the same order after lost response (0.318077ms)
✔ RAIL: changed amount and unavailable channel cannot execute payment (6.039523ms)
✔ RAIL: refund confirms quoted amount, submits once and does not invent refunded state (0.607072ms)
✔ RAIL: changed refund terms need reconfirmation before any cancellation (0.258148ms)
✔ RENTAL: payment binds fresh amount and re-reads the same order after lost response (0.296426ms)
✔ RENTAL: changed amount and unavailable channel cannot execute payment (0.220692ms)
✔ RENTAL: refund confirms quoted amount, submits once and does not invent refunded state (0.363927ms)
✔ RENTAL: changed refund terms need reconfirmation before any cancellation (0.241453ms)
✔ RIDE: payment binds fresh amount and re-reads the same order after lost response (0.237366ms)
✔ RIDE: changed amount and unavailable channel cannot execute payment (0.271979ms)
✔ RIDE: refund confirms quoted amount, submits once and does not invent refunded state (0.422374ms)
✔ RIDE: changed refund terms need reconfirmation before any cancellation (0.209805ms)
✔ ATTRACTION: payment binds fresh amount and re-reads the same order after lost response (4.158678ms)
✔ ATTRACTION: changed amount and unavailable channel cannot execute payment (5.978481ms)
✔ ATTRACTION: refund confirms quoted amount, submits once and does not invent refunded state (0.442635ms)
✔ ATTRACTION: changed refund terms need reconfirmation before any cancellation (0.156064ms)
✔ identity substitution and concurrent payment submission are blocked (0.496956ms)
✔ screen/session change prevents a mutation after read-only preflight (0.245268ms)
✔ all six booking intents use explicit vault identities with stable keys and no fabricated people (3.841731ms)
✔ portable request fingerprint matches standard SHA-256 for Unicode and block boundaries (0.842266ms)
(node:482) [MODULE_TYPELESS_PACKAGE_JSON] Warning: Module type of file:///workspace/scratch/f016e17148d8/go-depth30-restored/mobile/go-app/src/api/transport.ts is not specified and it doesn't parse as CommonJS.
Reparsing as ES module because module syntax was detected. This incurs a performance overhead.
To eliminate this warning, add "type": "module" to /workspace/scratch/f016e17148d8/go-depth30-restored/mobile/go-app/package.json.
(Use `node --trace-warnings ...` to show where the warning was created)
✔ concurrent expired mutations share one refresh and retain each original idempotency key/body (6.955088ms)
✔ a mutation with lost response is uncertain and is never automatically retried (1.029997ms)
✔ account change discards pending reads and refresh tokens from the old account (1.99705ms)
✔ refresh rejection invalidates current session and notifies the UI (2.474347ms)
✔ logout revokes remotely and still clears locally after a transport failure (1.984151ms)
✔ a previous logout cannot clear a newly logged-in account (1.308075ms)
✔ only chosen API-relative paths are requested and caller auth cannot override the session (0.58558ms)
✔ aborted mutations before dispatch are known not sent; malformed successful responses are uncertain (1.172412ms)
(node:493) [MODULE_TYPELESS_PACKAGE_JSON] Warning: Module type of file:///workspace/scratch/f016e17148d8/go-depth30-restored/mobile/go-app/src/domain/tripFacts.ts is not specified and it doesn't parse as CommonJS.
Reparsing as ES module because module syntax was detected. This incurs a performance overhead.
To eliminate this warning, add "type": "module" to /workspace/scratch/f016e17148d8/go-depth30-restored/mobile/go-app/package.json.
(Use `node --trace-warnings ...` to show where the warning was created)
✔ native navigation binds all six verticals to an owned canonical identity (2.671654ms)
✔ native check-in renders each passenger and leg independently (0.667353ms)
✔ missing, stale, duplicate, future or wrong-order check-in evidence is unverified (0.440031ms)
✔ only safe HTTPS links are offered by native travel facts (0.224948ms)
✔ native rental details never request ride tracking (0.501103ms)
✔ ride tracking failure cannot hide the existing ride order (0.322966ms)
✔ tracking and order identity mismatches cannot render another order (0.763807ms)
✔ rail order preserves party, immutable prebook and original total through payment cancellation (3.018654ms)
✔ attraction order uses the quoted slot, quantity and prebook and shows eligibility (0.444568ms)
✔ cancelling confirmation step 1 never creates an order or payment (0.222774ms)
✔ cancelling confirmation step 2 never creates an order or payment (0.396125ms)
✔ cancelled party selection cannot reach order creation (0.335894ms)
✔ quote that expires during traveler selection cannot create or pay an order (0.891269ms)
✔ missing final consent never creates an order (0.53926ms)
✔ different people are required for every quoted place (0.440933ms)
✔ an uncertain payment still opens the existing order for recovery (0.63243ms)
✔ repeated clicks cannot start a second booking while confirmation is open (0.530007ms)
✔ mismatched total, journey or slot is refused before any traveler consent (0.338659ms)
✔ cancelling date selection never requests a quote or payment (2.269699ms)
✔ ride changes continue to use their separate workflow (0.647743ms)
✔ viewing a rental quote does not execute the change (0.763557ms)
✔ confirmed refund difference retains its sign and server quote identity (1.409697ms)
✔ unchecked amount consent blocks executing a displayed quote (2.247897ms)
✔ the shared amount formatter preserves cents on confirmation screens (23.707536ms)
✔ consumer: concurrent expired reads refresh once and preserve namespace (11.155078ms)
✔ consumer: a mutation without idempotency is never replayed after renewal (1.725302ms)
✔ consumer: an idempotent retry retains the original key and body (1.149236ms)
✔ consumer: failed refresh stops without retrying the operation (0.655575ms)
✔ console: concurrent expired reads refresh once and preserve namespace (5.074934ms)
✔ console: a mutation without idempotency is never replayed after renewal (1.100614ms)
✔ console: an idempotent retry retains the original key and body (0.745951ms)
✔ console: failed refresh stops without retrying the operation (0.660612ms)
✔ consumer logout failure preserves account and current page; success clears all private state (4.400837ms)
✔ console logout failure is surfaced instead of silently reporting success (1.37097ms)
✔ console requests work when randomUUID is unavailable in an HTTP preview (1.003468ms)
✔ console login binds the requested account type before establishing a session (0.70563ms)
✔ a changed console actor clears the stale UI and never refreshes or retries (0.849066ms)
✔ consumer: expired access can renew once to revoke its own session (2.708849ms)
✔ console: expired access can renew once to revoke its own session (0.648844ms)
✔ unverified check-in never exposes links or boarding passes (2.665965ms)
✔ per-traveler boarding pass appears only for the verified pass state (0.836737ms)
✔ invalid URL schemes and credentials do not become customer links (0.762476ms)
✔ unknown fleet outcome clearly separates confirmed and proposed times (0.755235ms)
✔ cancelled tracking confirmation sends no binding mutation (1.054133ms)
✔ checked consent sends exact displayed revision and server authority, never wait overrides (0.761784ms)
✔ missing consent prevents any tracking write (1.198531ms)
✔ no authorized source does not open an unusable confirmation dialog (0.593472ms)
✔ waiting protection is conditional and shows the actual event allowance (0.608203ms)
✔ late check-in response cannot populate a detached screen (8.308201ms)
✔ HOTEL_CATALOG: reopen the existing order without a new order or payment (2.433676ms)
✔ HOTEL_DIRECT: reopen the existing order without a new order or payment (1.238591ms)
✔ FLIGHT: reopen the existing order without a new order or payment (0.642656ms)
✔ RAIL: reopen the existing order without a new order or payment (0.620171ms)
✔ RIDE: reopen the existing order without a new order or payment (0.624288ms)
✔ RENTAL: reopen the existing order without a new order or payment (0.540762ms)
✔ ATTRACTION: reopen the existing order without a new order or payment (0.69893ms)
✔ untrusted evidence URLs and unsupported identities never select an endpoint (0.895245ms)
✔ card output escapes content and uses current canonical status (0.73234ms)
✔ an order response cannot populate a different order or vertical (1.781376ms)
✔ late order response cannot overwrite a new screen (1.620675ms)
✔ continuing payment re-reads amount and uses the original order only (0.905701ms)
✔ already paid or expired orders cannot invoke payment from a stale card (1.558551ms)
✔ payment timeout reads the same order and never silently resends (0.767733ms)
✔ leaving before the fresh order read prevents a payment dialog (0.624268ms)
✔ real app dispatch uses every existing enriched order renderer (3.21492ms)
✔ closing permission confirmation sends no permission mutation (3.619908ms)
✔ source disconnect remains explicit and retains server-directed semantics (2.86864ms)
✔ person edit binds the displayed revision and leaves a blank birth date untouched (1.338761ms)
✔ sensitive import inspection happens only after explicit confirmation, with no implicit acceptance (8.247891ms)
✔ untrusted imported content is escaped before display (1.899263ms)
✔ duplicate submits during a pending mutation call the server once (2.430431ms)
✔ import reassignment binds traveler and item revision and does not accept content (1.686133ms)
✔ RAIL cancellation requires explicit confirmation (2.326825ms)
✔ RAIL response loss still reloads persisted order (1.220548ms)
✔ RAIL paid or uncertain orders cannot open unpaid cancellation (2.666536ms)
✔ ATTRACTION cancellation requires explicit confirmation (0.595394ms)
✔ ATTRACTION response loss still reloads persisted order (0.662776ms)
✔ ATTRACTION paid or uncertain orders cannot open unpaid cancellation (2.48969ms)
✔ new unpaid reservation displays its frozen UTC deadline (1.522057ms)
✔ legacy orders never receive a fabricated deadline (0.28624ms)
✔ expiry display relies on persisted server state instead of browser clock (0.247742ms)
✔ started and uncertain payment keeps its reservation message (0.212249ms)
✔ RAIL: opening recovery does not send a refund until confirmed (2.260146ms)
✔ RAIL: failed response still reloads persisted order state (0.957148ms)
✔ ATTRACTION: opening recovery does not send a refund until confirmed (0.613471ms)
✔ ATTRACTION: failed response still reloads persisted order state (0.550397ms)
✔ busy recovery gives a customer message and refreshes the existing order (0.796576ms)
✔ rail interrupted change confirms the original quote instead of creating another (1.112411ms)
ℹ tests 194
ℹ suites 0
ℹ pass 194
ℹ fail 0
ℹ cancelled 0
ℹ skipped 0
ℹ todo 0
ℹ duration_ms 497.042164
