2026-09-26T04:43:31.768Z expo:env /home/runner/work/_temp/mobile/.env does not exist, skipping this env file
2026-09-26T04:43:31.769Z expo:env /home/runner/work/_temp/mobile/.env.development does not exist, skipping this env file
2026-09-26T04:43:31.769Z expo:env /home/runner/work/_temp/mobile/.env.local does not exist, skipping this env file
2026-09-26T04:43:31.769Z expo:env /home/runner/work/_temp/mobile/.env.development.local does not exist, skipping this env file
- Creating native directories (./ios and ./android)
2026-09-26T04:43:32.412Z expo:utils:npm Run: npm view expo-template-bare-minimum@sdk-53 dist --json
2026-09-26T04:43:32.412Z expo:utils:npm Fetch from URL: https://registry.npmjs.org/expo-template-bare-minimum/-/expo-template-bare-minimum-53.0.42.tgz
2026-09-26T04:43:32.637Z expo:prebuild:copyTemplateFiles All platforms have an internal gitignore: true
2026-09-26T04:43:32.940Z expo:prebuild:copyTemplateFiles Got files to transform: ["ios/Podfile","app.json","android/settings.gradle","android/build.gradle","android/app/build.gradle","android/app/src/main/AndroidManifest.xml","android/app/src/debug/AndroidManifest.xml","ios/GO.xcodeproj/project.pbxproj","ios/GO.xcodeproj/xcshareddata/xcschemes/GO.xcscheme","ios/GO.xcodeproj/project.xcworkspace/contents.xcworkspacedata","android/app/src/main/res/values/styles.xml","android/app/src/main/res/values/strings.xml","android/app/src/main/res/values/colors.xml","android/app/src/main/res/drawable/rn_edit_text_material.xml","android/app/src/main/res/drawable/ic_launcher_background.xml","android/app/src/main/java/com/go/MainApplication.kt","android/app/src/main/java/com/go/MainActivity.kt"]
2026-09-26T04:43:32.945Z expo:prebuild:copyTemplateFiles Renaming app name in file: /home/runner/work/_temp/mobile/ios/Podfile
2026-09-26T04:43:32.945Z expo:prebuild:copyTemplateFiles Renaming app name in file: /home/runner/work/_temp/mobile/app.json
2026-09-26T04:43:32.945Z expo:prebuild:copyTemplateFiles Renaming app name in file: /home/runner/work/_temp/mobile/android/settings.gradle
2026-09-26T04:43:32.945Z expo:prebuild:copyTemplateFiles Renaming app name in file: /home/runner/work/_temp/mobile/android/build.gradle
2026-09-26T04:43:32.945Z expo:prebuild:copyTemplateFiles Renaming app name in file: /home/runner/work/_temp/mobile/android/app/build.gradle
2026-09-26T04:43:32.945Z expo:prebuild:copyTemplateFiles Renaming app name in file: /home/runner/work/_temp/mobile/android/app/src/main/AndroidManifest.xml
2026-09-26T04:43:32.946Z expo:prebuild:copyTemplateFiles Renaming app name in file: /home/runner/work/_temp/mobile/android/app/src/debug/AndroidManifest.xml
2026-09-26T04:43:32.946Z expo:prebuild:copyTemplateFiles Renaming app name in file: /home/runner/work/_temp/mobile/ios/GO.xcodeproj/project.pbxproj
2026-09-26T04:43:32.946Z expo:prebuild:copyTemplateFiles Renaming app name in file: /home/runner/work/_temp/mobile/ios/GO.xcodeproj/xcshareddata/xcschemes/GO.xcscheme
2026-09-26T04:43:32.946Z expo:prebuild:copyTemplateFiles Renaming app name in file: /home/runner/work/_temp/mobile/ios/GO.xcodeproj/project.xcworkspace/contents.xcworkspacedata
2026-09-26T04:43:32.946Z expo:prebuild:copyTemplateFiles Renaming app name in file: /home/runner/work/_temp/mobile/android/app/src/main/res/values/styles.xml
2026-09-26T04:43:32.946Z expo:prebuild:copyTemplateFiles Renaming app name in file: /home/runner/work/_temp/mobile/android/app/src/main/res/values/strings.xml
2026-09-26T04:43:32.946Z expo:prebuild:copyTemplateFiles Renaming app name in file: /home/runner/work/_temp/mobile/android/app/src/main/res/values/colors.xml
2026-09-26T04:43:32.946Z expo:prebuild:copyTemplateFiles Renaming app name in file: /home/runner/work/_temp/mobile/android/app/src/main/res/drawable/rn_edit_text_material.xml
2026-09-26T04:43:32.946Z expo:prebuild:copyTemplateFiles Renaming app name in file: /home/runner/work/_temp/mobile/android/app/src/main/res/drawable/ic_launcher_background.xml
2026-09-26T04:43:32.946Z expo:prebuild:copyTemplateFiles Renaming app name in file: /home/runner/work/_temp/mobile/android/app/src/main/java/com/go/MainApplication.kt
2026-09-26T04:43:32.946Z expo:prebuild:copyTemplateFiles Renaming app name in file: /home/runner/work/_temp/mobile/android/app/src/main/java/com/go/MainActivity.kt
✔ Created native directories
- Updating package.json
› Using react-native@0.79.0 instead of recommended react-native@0.79.6.
- Updating package.json
✔ Updated package.json | no changes
2026-09-26T04:43:33.075Z expo:config-plugins:ios:maps Google Maps API Key: null
2026-09-26T04:43:33.082Z expo:prebuild-config:expo-splash-screen:ios config: undefined
2026-09-26T04:43:33.086Z expo:prebuild-config Skipping unlinked auto plugin: expo-firebase-analytics
2026-09-26T04:43:33.086Z expo:prebuild-config Skipping unlinked auto plugin: expo-firebase-core
2026-09-26T04:43:33.086Z expo:prebuild-config Skipping unlinked auto plugin: expo-google-sign-in
2026-09-26T04:43:33.086Z expo:prebuild-config Skipping unlinked auto plugin: expo-app-auth
2026-09-26T04:43:33.086Z expo:prebuild-config Skipping unlinked auto plugin: expo-av
2026-09-26T04:43:33.086Z expo:prebuild-config Skipping unlinked auto plugin: expo-background-fetch
2026-09-26T04:43:33.086Z expo:prebuild-config Skipping unlinked auto plugin: expo-brightness
2026-09-26T04:43:33.086Z expo:prebuild-config Skipping unlinked auto plugin: expo-calendar
2026-09-26T04:43:33.086Z expo:prebuild-config Skipping unlinked auto plugin: expo-camera
2026-09-26T04:43:33.086Z expo:prebuild-config Skipping unlinked auto plugin: expo-cellular
2026-09-26T04:43:33.086Z expo:prebuild-config Skipping unlinked auto plugin: expo-dev-menu
2026-09-26T04:43:33.086Z expo:prebuild-config Skipping unlinked auto plugin: expo-dev-launcher
2026-09-26T04:43:33.086Z expo:prebuild-config Skipping unlinked auto plugin: expo-image-picker
2026-09-26T04:43:33.087Z expo:prebuild-config Skipping unlinked auto plugin: expo-location
2026-09-26T04:43:33.087Z expo:prebuild-config Skipping unlinked auto plugin: expo-media-library
2026-09-26T04:43:33.087Z expo:prebuild-config Skipping unlinked auto plugin: expo-screen-orientation
2026-09-26T04:43:33.087Z expo:prebuild-config Skipping unlinked auto plugin: expo-sensors
2026-09-26T04:43:33.087Z expo:prebuild-config Skipping unlinked auto plugin: expo-task-manager
2026-09-26T04:43:33.087Z expo:prebuild-config Skipping unlinked auto plugin: expo-local-authentication
» android: EDGE_TO_EDGE_PLUGIN: No configuration found for `edgeToEdgeEnabled` field in the project app config, falling back to false. In Android 16+ (targetSdkVersion 36) it will no longer be possible to disable edge-to-edge. Learn more: https://expo.fyi/edge-to-edge-rollout
2026-09-26T04:43:33.104Z expo:config-plugins:mod-compiler run in order: dangerous, xcodeproj, infoPlist, entitlements, podfile, appDelegate, expoPlist, podfileProperties, splashScreenStoryboard
ios.dangerous: withDefaultBaseMods ➜ withIosBaseMods ➜ withGeneratedBaseMods ➜ withIosDangerousBaseMod
2026-09-26T04:43:33.108Z expo:config-plugins:base-mods mods.ios.dangerous: file path: [skipped]
ios.dangerous: withIosExpoPlugins ➜ withPlugins ➜ withStaticPlugin ➜ withIosIcons ➜ withDangerousMod
» ios: icon: No icon is defined in the Expo config.
ios.dangerous: withStaticPlugin ➜ withIosSplashScreen ➜ withPlugins ➜ withStaticPlugin ➜ withIosSplashColors ➜ withDangerousMod
2026-09-26T04:43:33.276Z expo:prebuild-config:expo-splash-screen:ios:splash-colorset create colors contents.json: /home/runner/work/_temp/mobile/ios/GO/Images.xcassets/SplashScreenBackground.colorset
2026-09-26T04:43:33.276Z expo:prebuild-config:expo-splash-screen:ios:splash-colorset use colors: [
  {
    color: { components: [Object], 'color-space': 'srgb' },
    idiom: 'universal'
  }
]
ios.dangerous: withStaticPlugin ➜ withIosSplashScreen ➜ withPlugins ➜ withStaticPlugin ➜ withIosSplashAssets ➜ withDangerousMod
ios.xcodeproj: withDefaultBaseMods ➜ withIosBaseMods ➜ withGeneratedBaseMods ➜ withIosXcodeprojBaseMod
2026-09-26T04:43:33.288Z expo:config-plugins:base-mods mods.ios.xcodeproj: file path: /home/runner/work/_temp/mobile/ios/GO.xcodeproj/project.pbxproj
ios.xcodeproj: withIosExpoPlugins ➜ withPlugins ➜ withStaticPlugin ➜ withDevelopmentTeam ➜ withXcodeProject
ios.xcodeproj: withIosExpoPlugins ➜ withPlugins ➜ withStaticPlugin ➜ withLocales ➜ withXcodeProject
ios.xcodeproj: withIosExpoPlugins ➜ withPlugins ➜ withStaticPlugin ➜ withBitcode ➜ withXcodeProject
ios.xcodeproj: withIosExpoPlugins ➜ withPlugins ➜ withStaticPlugin ➜ withDeviceFamily ➜ withXcodeProject
ios.xcodeproj: withIosExpoPlugins ➜ withPlugins ➜ withStaticPlugin ➜ withGoogleServicesFile ➜ withXcodeProject
ios.xcodeproj: withIosExpoPlugins ➜ withPlugins ➜ withStaticPlugin ➜ withProductName ➜ withXcodeProject
ios.xcodeproj: withIosExpoPlugins ➜ withPlugins ➜ withStaticPlugin ➜ withBundleIdentifier ➜ withXcodeProject
ios.xcodeproj: withStaticPlugin ➜ withIosSplashScreen ➜ withPlugins ➜ withStaticPlugin ➜ withIosSplashXcodeProject ➜ withXcodeProject
ios.xcodeproj: withStaticPlugin ➜ withRunOnce ➜ withNotifications ➜ withNotificationsIOS ➜ withNotificationSounds ➜ withXcodeProject
ios.infoPlist: withDefaultBaseMods ➜ withIosBaseMods ➜ withGeneratedBaseMods ➜ withIosInfoPlistBaseMod
2026-09-26T04:43:33.349Z expo:config-plugins:base-mods mods.ios.infoPlist: file path: /home/runner/work/_temp/mobile/ios/GO/Info.plist
ios.infoPlist: withIosExpoPlugins ➜ withPlugins ➜ withStaticPlugin ➜ withVersion ➜ withInfoPlist
ios.infoPlist: withIosExpoPlugins ➜ withPlugins ➜ withStaticPlugin ➜ withBuildNumber ➜ withInfoPlist
ios.infoPlist: withIosExpoPlugins ➜ withPlugins ➜ withStaticPlugin ➜ withUsesNonExemptEncryption ➜ withInfoPlist
ios.infoPlist: withIosExpoPlugins ➜ withPlugins ➜ withStaticPlugin ➜ withScheme ➜ withInfoPlist
ios.infoPlist: withIosExpoPlugins ➜ withPlugins ➜ withStaticPlugin ➜ withRequiresFullScreen ➜ withInfoPlist
ios.infoPlist: withIosExpoPlugins ➜ withPlugins ➜ withStaticPlugin ➜ withOrientation ➜ withInfoPlist
ios.infoPlist: withIosExpoPlugins ➜ withPlugins ➜ withStaticPlugin ➜ withDisplayName ➜ withInfoPlist
ios.infoPlist: withIosExpoPlugins ➜ withPlugins ➜ withStaticPlugin ➜ withGoogle ➜ withInfoPlist
ios.infoPlist: withStaticPlugin ➜ withIosSplashScreen ➜ withPlugins ➜ withStaticPlugin ➜ withIosSplashInfoPlist ➜ withInfoPlist
2026-09-26T04:43:33.365Z expo:prebuild-config:expo-splash-screen:ios:infoPlist isDarkModeEnabled:  false
ios.infoPlist: withFallback ➜ withPlugins ➜ withStaticPlugin ➜ withIosUserInterfaceStyle ➜ withInfoPlist
ios.infoPlist: withFallback ➜ withPlugins ➜ withStaticPlugin ➜ withIosRootViewBackgroundColor ➜ withInfoPlist
ios.infoPlist: withFallback ➜ withPlugins ➜ withStaticPlugin ➜ withIosAdMob ➜ withInfoPlist
ios.infoPlist: withFallback ➜ withPlugins ➜ withStaticPlugin ➜ withMaps ➜ withGoogleMapsKey ➜ withInfoPlist
ios.infoPlist: withStaticPlugin ➜ withRunOnce ➜ withSecureStore ➜ withIosPermissions ➜ withInfoPlist
2026-09-26T04:43:33.365Z expo:config-plugins:ios:permissions Setting "NSFaceIDUsageDescription" to "Allow $(PRODUCT_NAME) to access your Face ID biometric data."
ios.entitlements: withDefaultBaseMods ➜ withIosBaseMods ➜ withGeneratedBaseMods ➜ withIosEntitlementsBaseMod
2026-09-26T04:43:33.382Z expo:config-plugins:base-mods mods.ios.entitlements: file path: /home/runner/work/_temp/mobile/ios/GO/GO.entitlements
ios.entitlements: withIosExpoPlugins ➜ withPlugins ➜ withStaticPlugin ➜ withAssociatedDomains ➜ withEntitlementsPlist
ios.entitlements: withStaticPlugin ➜ withExpoContacts ➜ withRunOnce ➜ withAccessesContactNotes ➜ withEntitlementsPlist
ios.entitlements: withStaticPlugin ➜ withExpoAppleAuthentication ➜ withRunOnce ➜ withAppleSignInWarning ➜ withEntitlementsPlist
ios.entitlements: withStaticPlugin ➜ withRunOnce ➜ withNotifications ➜ withNotificationsIOS ➜ withEntitlementsPlist
ios.podfile: withDefaultBaseMods ➜ withIosBaseMods ➜ withGeneratedBaseMods ➜ withIosPodfileBaseMod
2026-09-26T04:43:33.387Z expo:config-plugins:base-mods mods.ios.podfile: file path: /home/runner/work/_temp/mobile/ios/Podfile
ios.podfile: withFallback ➜ withPlugins ➜ withStaticPlugin ➜ withMaps ➜ withMapsCocoaPods ➜ withPodfile
2026-09-26T04:43:33.388Z expo:config-plugins:ios:maps Is Expo Autolinked: true
2026-09-26T04:43:33.388Z expo:config-plugins:ios:maps react-native-maps path: null
ios.appDelegate: withDefaultBaseMods ➜ withIosBaseMods ➜ withGeneratedBaseMods ➜ withIosAppDelegateBaseMod
2026-09-26T04:43:33.393Z expo:config-plugins:base-mods mods.ios.appDelegate: file path: /home/runner/work/_temp/mobile/ios/GO/AppDelegate.swift
ios.appDelegate: withFallback ➜ withPlugins ➜ withStaticPlugin ➜ withMaps ➜ withGoogleMapsAppDelegate ➜ withAppDelegate
ios.expoPlist: withDefaultBaseMods ➜ withIosBaseMods ➜ withGeneratedBaseMods ➜ withIosExpoPlistBaseMod
2026-09-26T04:43:33.394Z expo:config-plugins:base-mods mods.ios.expoPlist: file path: /home/runner/work/_temp/mobile/ios/GO/Supporting/Expo.plist
ios.expoPlist: withUnversionedUpdates ➜ withUpdates ➜ withPlugins ➜ withStaticPlugin ➜ withUpdatesPlist ➜ withExpoPlist
ios.podfileProperties: withDefaultBaseMods ➜ withIosBaseMods ➜ withGeneratedBaseMods ➜ withIosPodfilePropertiesBaseMod
2026-09-26T04:43:33.396Z expo:config-plugins:base-mods mods.ios.podfileProperties: file path: /home/runner/work/_temp/mobile/ios/Podfile.properties.json
ios.podfileProperties: withIosExpoPlugins ➜ withPlugins ➜ withStaticPlugin ➜ withNewArchEnabledPodfileProps ➜ withPodfileProperties
ios.podfileProperties: withIosExpoPlugins ➜ withPlugins ➜ withStaticPlugin ➜ withJsEnginePodfileProps ➜ withPodfileProperties
ios.podfileProperties: withUnversionedUpdates ➜ withUpdates ➜ withPlugins ➜ withStaticPlugin ➜ withUpdatesNativeDebugPodfileProps ➜ withPodfileProperties
ios.splashScreenStoryboard: withPlugins ➜ withStaticPlugin ➜ withIosSplashScreenStoryboardBaseMod ➜ withGeneratedBaseMods ➜ withIosSplashScreenStoryboardBaseMod
2026-09-26T04:43:33.397Z expo:config-plugins:base-mods mods.ios.splashScreenStoryboard: file path: /home/runner/work/_temp/mobile/ios/GO/SplashScreen.storyboard
ios.splashScreenStoryboard: withStaticPlugin ➜ withIosSplashScreen ➜ withPlugins ➜ withStaticPlugin ➜ withIosSplashScreenImage ➜ withIosSplashScreenStoryboard
2026-09-26T04:43:33.410Z expo:prebuild-config:expo-splash-screen:ios:InterfaceBuilder Remove all splash screen image elements
2026-09-26T04:43:33.411Z expo:prebuild-config:expo-splash-screen:ios:InterfaceBuilder Removing existing IB item with id EXPO-SplashScreen, from: [
  {
    '$': {
      clipsSubviews: 'YES',
      userInteractionEnabled: 'NO',
      contentMode: 'scaleAspectFit',
      horizontalHuggingPriority: '251',
      verticalHuggingPriority: '251',
      image: 'SplashScreen',
      translatesAutoresizingMaskIntoConstraints: 'NO',
      id: 'EXPO-SplashScreen',
      userLabel: 'SplashScreen'
    },
    rect: [ [Object] ],
    accessibility: [ [Object] ]
  }
]
2026-09-26T04:43:33.414Z expo:config-plugins:mod-compiler run in order: dangerous, manifest, colors, strings, gradleProperties, styles, colorsNight, settingsGradle, projectBuildGradle, appBuildGradle
android.dangerous: withDefaultBaseMods ➜ withAndroidBaseMods ➜ withGeneratedBaseMods ➜ withAndroidDangerousBaseMod
2026-09-26T04:43:33.414Z expo:config-plugins:base-mods mods.android.dangerous: file path: [skipped]
android.dangerous: withAndroidExpoPlugins ➜ withPlugins ➜ withStaticPlugin ➜ withPackageRefactor ➜ withDangerousMod
2026-09-26T04:43:33.416Z expo:config-plugins:android:package Found package "null" for type "debug"
2026-09-26T04:43:33.418Z expo:config-plugins:android:package Found package "com.go" for type "main"
2026-09-26T04:43:33.418Z expo:config-plugins:android:package Refactor "com.go" to "travel.go.consumer" for type "main"
2026-09-26T04:43:33.420Z expo:config-plugins:android:package Error updating "/home/runner/work/_temp/mobile/android/app/BUCK" for type "main"
2026-09-26T04:43:33.421Z expo:config-plugins:android:package Found package "null" for type "release"
android.dangerous: withAndroidExpoPlugins ➜ withPlugins ➜ withStaticPlugin ➜ withGoogleServicesFile ➜ withDangerousMod
android.dangerous: withAndroidExpoPlugins ➜ withPlugins ➜ withStaticPlugin ➜ withLocales ➜ withDangerousMod
android.dangerous: withStaticPlugin ➜ withAndroidSplashScreen ➜ withPlugins ➜ withStaticPlugin ➜ withAndroidSplashDrawables ➜ withDangerousMod
android.dangerous: withStaticPlugin ➜ withAndroidSplashScreen ➜ withPlugins ➜ withStaticPlugin ➜ withAndroidSplashImages ➜ withDangerousMod
android.dangerous: withStaticPlugin ➜ withRunOnce ➜ withNotifications ➜ withNotificationsAndroid ➜ withNotificationSounds ➜ withDangerousMod
android.dangerous: withStaticPlugin ➜ withRunOnce ➜ withNotifications ➜ withNotificationsAndroid ➜ withNotificationIcons ➜ withDangerousMod
android.manifest: withDefaultBaseMods ➜ withAndroidBaseMods ➜ withGeneratedBaseMods ➜ withAndroidManifestBaseMod
2026-09-26T04:43:33.421Z expo:config-plugins:base-mods mods.android.manifest: file path: /home/runner/work/_temp/mobile/android/app/src/main/AndroidManifest.xml
android.manifest: withAndroidExpoPlugins ➜ withPlugins ➜ withStaticPlugin ➜ withPermissions ➜ withAndroidManifest
android.manifest: withAndroidExpoPlugins ➜ withPlugins ➜ withStaticPlugin ➜ withOrientation ➜ withAndroidManifest
android.manifest: withAndroidExpoPlugins ➜ withPlugins ➜ withStaticPlugin ➜ withScheme ➜ withAndroidManifest
android.manifest: withAndroidExpoPlugins ➜ withPlugins ➜ withStaticPlugin ➜ withAndroidIntentFilters ➜ withAndroidManifest
android.manifest: withAndroidExpoPlugins ➜ withPlugins ➜ withStaticPlugin ➜ withWindowSoftInputMode ➜ withAndroidManifest
android.manifest: withAndroidExpoPlugins ➜ withPlugins ➜ withStaticPlugin ➜ withAllowBackup ➜ withAndroidManifest
android.manifest: withStaticPlugin ➜ withRunOnce ➜ withFileSystem ➜ withPermissions ➜ withAndroidManifest
android.manifest: withUnversionedUpdates ➜ withUpdates ➜ withPlugins ➜ withStaticPlugin ➜ withUpdatesManifest ➜ withAndroidManifest
android.manifest: withFallback ➜ withPlugins ➜ withStaticPlugin ➜ withAndroidAdMob ➜ withAndroidManifest
android.manifest: withFallback ➜ withPlugins ➜ withStaticPlugin ➜ withGoogleMapsApiKey ➜ withAndroidManifest
android.manifest: withStaticPlugin ➜ withRunOnce ➜ withNotifications ➜ withNotificationsAndroid ➜ withNotificationManifest ➜ withAndroidManifest
android.manifest: withStaticPlugin ➜ withRunOnce ➜ withSecureStore ➜ withAndroidManifest
android.colors: withDefaultBaseMods ➜ withAndroidBaseMods ➜ withGeneratedBaseMods ➜ withAndroidColorsBaseMod
2026-09-26T04:43:33.434Z expo:config-plugins:base-mods mods.android.colors: file path: /home/runner/work/_temp/mobile/android/app/src/main/res/values/colors.xml
android.colors: withAndroidExpoPlugins ➜ withPlugins ➜ withStaticPlugin ➜ withPrimaryColor ➜ withPrimaryColorColors ➜ withAndroidColors
android.colors: withAndroidExpoPlugins ➜ withPlugins ➜ withStaticPlugin ➜ withStatusBar ➜ withStatusBarColors ➜ withAndroidColors
android.colors: withFallback ➜ withPlugins ➜ withStaticPlugin ➜ withNavigationBar ➜ withNavigationBarColors ➜ withAndroidColors
android.colors: withStaticPlugin ➜ withAndroidSplashScreen ➜ withPlugins ➜ withStaticPlugin ➜ withAndroidSplashStyles ➜ withAndroidColors
android.colors: withFallback ➜ withPlugins ➜ withStaticPlugin ➜ withAndroidRootViewBackgroundColor ➜ withRootViewBackgroundColorColors ➜ withAndroidColors
android.colors: withStaticPlugin ➜ withRunOnce ➜ withNotifications ➜ withNotificationsAndroid ➜ withNotificationIconColor ➜ withAndroidColors
android.strings: withDefaultBaseMods ➜ withAndroidBaseMods ➜ withGeneratedBaseMods ➜ withAndroidStringsBaseMod
2026-09-26T04:43:33.446Z expo:config-plugins:base-mods mods.android.strings: file path: /home/runner/work/_temp/mobile/android/app/src/main/res/values/strings.xml
android.strings: withAndroidExpoPlugins ➜ withPlugins ➜ withStaticPlugin ➜ withName ➜ withStringsXml
android.strings: withStaticPlugin ➜ withAndroidSplashScreen ➜ withPlugins ➜ withStaticPlugin ➜ withAndroidSplashStrings ➜ withStringsXml
android.strings: withFallback ➜ withPlugins ➜ withStaticPlugin ➜ withAndroidUserInterfaceStyle ➜ withStringsXml
» android: userInterfaceStyle: Install expo-system-ui in your project to enable this feature.
android.strings: withUnversionedUpdates ➜ withUpdates ➜ withPlugins ➜ withStaticPlugin ➜ withRuntimeVersionResource ➜ withStringsXml
android.gradleProperties: withDefaultBaseMods ➜ withAndroidBaseMods ➜ withGeneratedBaseMods ➜ withAndroidGradlePropertiesBaseMod
2026-09-26T04:43:33.449Z expo:config-plugins:base-mods mods.android.gradleProperties: file path: /home/runner/work/_temp/mobile/android/gradle.properties
android.gradleProperties: withStaticPlugin ➜ withEdgeToEdge ➜ withEdgeToEdgeEnabledGradleProperties ➜ withGradleProperties
android.gradleProperties: withAndroidExpoPlugins ➜ withPlugins ➜ withStaticPlugin ➜ withNewArchEnabledGradleProps ➜ withGradleProperties
android.gradleProperties: withAndroidExpoPlugins ➜ withPlugins ➜ withStaticPlugin ➜ withJsEngineGradleProps ➜ withGradleProperties
android.gradleProperties: withUnversionedUpdates ➜ withUpdates ➜ withPlugins ➜ withStaticPlugin ➜ withUpdatesNativeDebugGradleProps ➜ withGradleProperties
android.styles: withDefaultBaseMods ➜ withAndroidBaseMods ➜ withGeneratedBaseMods ➜ withAndroidStylesBaseMod
2026-09-26T04:43:33.452Z expo:config-plugins:base-mods mods.android.styles: file path: /home/runner/work/_temp/mobile/android/app/src/main/res/values/styles.xml
android.styles: withStaticPlugin ➜ withEdgeToEdge ➜ withRestoreDefaultTheme ➜ withAndroidStyles
android.styles: withStaticPlugin ➜ withEdgeToEdge ➜ withConfigureEdgeToEdgeEnforcement ➜ withAndroidStyles
android.styles: withAndroidExpoPlugins ➜ withPlugins ➜ withStaticPlugin ➜ withPrimaryColor ➜ withPrimaryColorStyles ➜ withAndroidStyles
android.styles: withAndroidExpoPlugins ➜ withPlugins ➜ withStaticPlugin ➜ withStatusBar ➜ withStatusBarStyles ➜ withAndroidStyles
android.styles: withFallback ➜ withPlugins ➜ withStaticPlugin ➜ withNavigationBar ➜ withNavigationBarStyles ➜ withAndroidStyles
android.styles: withStaticPlugin ➜ withAndroidSplashScreen ➜ withPlugins ➜ withStaticPlugin ➜ withAndroidSplashStyles ➜ withAndroidStyles
android.styles: withFallback ➜ withPlugins ➜ withStaticPlugin ➜ withAndroidRootViewBackgroundColor ➜ withRootViewBackgroundColorStyles ➜ withAndroidStyles
android.colorsNight: withDefaultBaseMods ➜ withAndroidBaseMods ➜ withGeneratedBaseMods ➜ withAndroidColorsNightBaseMod
2026-09-26T04:43:33.456Z expo:config-plugins:base-mods mods.android.colorsNight: file path: /home/runner/work/_temp/mobile/android/app/src/main/res/values-night/colors.xml
android.colorsNight: withStaticPlugin ➜ withAndroidSplashScreen ➜ withPlugins ➜ withStaticPlugin ➜ withAndroidSplashStyles ➜ withAndroidColorsNight
android.settingsGradle: withDefaultBaseMods ➜ withAndroidBaseMods ➜ withGeneratedBaseMods ➜ withAndroidSettingsGradleBaseMod
2026-09-26T04:43:33.456Z expo:config-plugins:base-mods mods.android.settingsGradle: file path: /home/runner/work/_temp/mobile/android/settings.gradle
android.settingsGradle: withAndroidExpoPlugins ➜ withPlugins ➜ withStaticPlugin ➜ withNameSettingsGradle ➜ withSettingsGradle
android.projectBuildGradle: withDefaultBaseMods ➜ withAndroidBaseMods ➜ withGeneratedBaseMods ➜ withAndroidProjectBuildGradleBaseMod
2026-09-26T04:43:33.457Z expo:config-plugins:base-mods mods.android.projectBuildGradle: file path: /home/runner/work/_temp/mobile/android/build.gradle
android.projectBuildGradle: withAndroidExpoPlugins ➜ withPlugins ➜ withStaticPlugin ➜ withSdk52ReactNative78CompatAndroid ➜ withSdk52ReactNative78CompatAndroidProjectGradle ➜ withProjectBuildGradle
android.projectBuildGradle: withAndroidExpoPlugins ➜ withPlugins ➜ withStaticPlugin ➜ withSdk52ReactNative77CompatAndroid ➜ withProjectBuildGradle
android.projectBuildGradle: withAndroidExpoPlugins ➜ withPlugins ➜ withStaticPlugin ➜ withClassPath ➜ withProjectBuildGradle
android.appBuildGradle: withDefaultBaseMods ➜ withAndroidBaseMods ➜ withGeneratedBaseMods ➜ withAndroidAppBuildGradleBaseMod
2026-09-26T04:43:33.458Z expo:config-plugins:base-mods mods.android.appBuildGradle: file path: /home/runner/work/_temp/mobile/android/app/build.gradle
android.appBuildGradle: withAndroidExpoPlugins ➜ withPlugins ➜ withStaticPlugin ➜ withSdk52ReactNative78CompatAndroid ➜ withSdk52ReactNative78CompatAndroidAppGradle ➜ withAppBuildGradle
android.appBuildGradle: withAndroidExpoPlugins ➜ withPlugins ➜ withStaticPlugin ➜ withVersion ➜ withAppBuildGradle
android.appBuildGradle: withAndroidExpoPlugins ➜ withPlugins ➜ withStaticPlugin ➜ withPackageGradle ➜ withAppBuildGradle
android.appBuildGradle: withAndroidExpoPlugins ➜ withPlugins ➜ withStaticPlugin ➜ withApplyPlugin ➜ withAppBuildGradle

Evaluated config:
{
  name: [32m'GO'[39m,
  slug: [32m'go-consumer'[39m,
  scheme: [32m'go'[39m,
  version: [32m'1.1.0'[39m,
  orientation: [32m'portrait'[39m,
  userInterfaceStyle: [32m'light'[39m,
  plugins: [
    [32m'expo-secure-store'[39m,
    [32m'expo-notifications'[39m
  ],
  description: [90mundefined[39m,
  sdkVersion: [32m'53.0.0'[39m,
  platforms: [
    [32m'ios'[39m,
    [32m'android'[39m
  ],
  ios: {
    supportsTablet: [33mfalse[39m,
    bundleIdentifier: [32m'travel.go.consumer'[39m,
    associatedDomains: [
      [32m'applinks:go.travel'[39m
    ],
    buildNumber: [32m'1'[39m,
    infoPlist: {
      CADisableMinimumFrameDurationOnPhone: [33mtrue[39m,
      CFBundleDevelopmentRegion: [32m'$(DEVELOPMENT_LANGUAGE)'[39m,
      CFBundleExecutable: [32m'$(EXECUTABLE_NAME)'[39m,
      CFBundleIdentifier: [32m'$(PRODUCT_BUNDLE_IDENTIFIER)'[39m,
      CFBundleInfoDictionaryVersion: [32m'6.0'[39m,
      CFBundleName: [32m'$(PRODUCT_NAME)'[39m,
      CFBundlePackageType: [32m'$(PRODUCT_BUNDLE_PACKAGE_TYPE)'[39m,
      CFBundleShortVersionString: [32m'1.1.0'[39m,
      CFBundleSignature: [32m'????'[39m,
      CFBundleVersion: [32m'1'[39m,
      LSRequiresIPhoneOS: [33mtrue[39m,
      LSMinimumSystemVersion: [32m'12.0'[39m,
      UILaunchStoryboardName: [32m'SplashScreen'[39m,
      UIRequiredDeviceCapabilities: [
        [32m'arm64'[39m
      ],
      UIStatusBarStyle: [32m'UIStatusBarStyleDefault'[39m,
      UISupportedInterfaceOrientations: [
        [32m'UIInterfaceOrientationPortrait'[39m,
        [32m'UIInterfaceOrientationPortraitUpsideDown'[39m
      ],
      UIViewControllerBasedStatusBarAppearance: [33mfalse[39m,
      CFBundleURLTypes: [
        {
          CFBundleURLSchemes: [
            [32m'go'[39m,
            [32m'travel.go.consumer'[39m
          ]
        }
      ],
      UIRequiresFullScreen: [33mfalse[39m,
      CFBundleDisplayName: [32m'GO'[39m,
      UIUserInterfaceStyle: [32m'Light'[39m,
      NSFaceIDUsageDescription: [32m'Allow $(PRODUCT_NAME) to access your Face ID biometric data.'[39m,
      NSAppTransportSecurity: {
        NSAllowsArbitraryLoads: [33mfalse[39m,
        NSAllowsLocalNetworking: [33mtrue[39m
      }
    },
    entitlements: {
      [32m'com.apple.developer.associated-domains'[39m: [
        [32m'applinks:go.travel'[39m
      ],
      [32m'aps-environment'[39m: [32m'development'[39m
    }
  },
  android: {
    package: [32m'travel.go.consumer'[39m,
    intentFilters: [
      {
        action: [32m'VIEW'[39m,
        autoVerify: [33mtrue[39m,
        data: [
          {
            scheme: [32m'https'[39m,
            host: [32m'go.travel'[39m,
            pathPrefix: [32m'/app'[39m
          }
        ],
        category: [
          [32m'BROWSABLE'[39m,
          [32m'DEFAULT'[39m
        ]
      },
      {
        action: [32m'VIEW'[39m,
        data: [
          {
            scheme: [32m'go'[39m
          }
        ],
        category: [
          [32m'BROWSABLE'[39m,
          [32m'DEFAULT'[39m
        ]
      }
    ],
    versionCode: [33m1[39m,
    permissions: [
      [32m'android.permission.READ_EXTERNAL_STORAGE'[39m,
      [32m'android.permission.WRITE_EXTERNAL_STORAGE'[39m,
      [32m'android.permission.INTERNET'[39m
    ]
  },
  extra: {
    apiBaseUrl: [32m'http://localhost:8000'[39m,
    environment: [32m'development'[39m,
    eas: {
      projectId: [32m'REPLACE_WITH_EAS_PROJECT_ID'[39m
    }
  },
  _internal: {
    isDebug: [33mtrue[39m,
    projectRoot: [32m'/home/runner/work/_temp/mobile'[39m,
    dynamicConfigPath: [32m'/home/runner/work/_temp/mobile/app.config.js'[39m,
    staticConfigPath: [32m'/home/runner/work/_temp/mobile/app.json'[39m,
    packageJsonPath: [32m'/home/runner/work/_temp/mobile/package.json'[39m,
    autolinkedModules: [
      [32m'expo'[39m,
      [32m'expo-application'[39m,
      [32m'expo-asset'[39m,
      [32m'expo-constants'[39m,
      [32m'expo-device'[39m,
      [32m'expo-file-system'[39m,
      [32m'expo-font'[39m,
      [32m'expo-keep-awake'[39m,
      [32m'expo-linking'[39m,
      [32m'expo-modules-core'[39m,
      [32m'expo-notifications'[39m,
      [32m'expo-secure-store'[39m
    ],
    templateChecksum: [32m'e8c2dcbacab46345952f39da13edf59f'[39m,
    pluginHistory: {
      [32m'expo-secure-store'[39m: {
        name: [32m'expo-secure-store'[39m,
        version: [32m'14.2.4'[39m
      },
      [32m'expo-notifications'[39m: {
        name: [32m'expo-notifications'[39m,
        version: [32m'0.31.5'[39m
      },
      [32m'react-native-maps'[39m: {
        name: [32m'react-native-maps'[39m,
        version: [32m'UNVERSIONED'[39m
      },
      [32m'expo-ads-admob'[39m: {
        name: [32m'expo-ads-admob'[39m,
        version: [32m'UNVERSIONED'[39m
      },
      [32m'expo-apple-authentication'[39m: {
        name: [32m'expo-apple-authentication'[39m,
        version: [32m'UNVERSIONED'[39m
      },
      [32m'expo-contacts'[39m: {
        name: [32m'expo-contacts'[39m,
        version: [32m'UNVERSIONED'[39m
      },
      [32m'expo-updates'[39m: {
        name: [32m'expo-updates'[39m,
        version: [32m'UNVERSIONED'[39m
      },
      [32m'expo-document-picker'[39m: {
        name: [32m'expo-document-picker'[39m,
        version: [32m'UNVERSIONED'[39m
      },
      [32m'expo-system-ui'[39m: {
        name: [32m'expo-system-ui'[39m,
        version: [32m'UNVERSIONED'[39m
      },
      [32m'expo-splash-screen'[39m: {
        name: [32m'expo-splash-screen'[39m,
        version: [32m'UNVERSIONED'[39m
      },
      [32m'expo-navigation-bar'[39m: {
        name: [32m'expo-navigation-bar'[39m,
        version: [32m'UNVERSIONED'[39m
      },
      [32m'expo-file-system'[39m: {
        name: [32m'expo-file-system'[39m,
        version: [32m'18.1.11'[39m
      }
    },
    modResults: {
      ios: {
        splashScreenStoryboard: {
          document: {
            [32m'$'[39m: {
              type: [32m'com.apple.InterfaceBuilder3.CocoaTouch.Storyboard.XIB'[39m,
              version: [32m'3.0'[39m,
              toolsVersion: [32m'32700.99.1234'[39m,
              targetRuntime: [32m'iOS.CocoaTouch'[39m,
              propertyAccessControl: [32m'none'[39m,
              useAutolayout: [32m'YES'[39m,
              launchScreen: [32m'YES'[39m,
              useTraitCollections: [32m'YES'[39m,
              useSafeAreas: [32m'YES'[39m,
              colorMatched: [32m'YES'[39m,
              initialViewController: [32m'EXPO-VIEWCONTROLLER-1'[39m
            },
            device: [
              {
                [32m'$'[39m: {
                  id: [32m'retina6_12'[39m,
                  orientation: [32m'portrait'[39m,
                  appearance: [32m'light'[39m
                }
              }
            ],
            dependencies: [
              {
                deployment: [
                  {
                    [32m'$'[39m: {
                      identifier: [32m'iOS'[39m
                    }
                  }
                ],
                plugIn: [
                  {
                    [32m'$'[39m: {
                      identifier: [32m'com.apple.InterfaceBuilder.IBCocoaTouchPlugin'[39m,
                      version: [32m'22685'[39m
                    }
                  }
                ],
                capability: [
                  {
                    [32m'$'[39m: {
                      name: [32m'Named colors'[39m,
                      minToolsVersion: [32m'9.0'[39m
                    }
                  },
                  {
                    [32m'$'[39m: {
                      name: [32m'Safe area layout guides'[39m,
                      minToolsVersion: [32m'9.0'[39m
                    }
                  },
                  {
                    [32m'$'[39m: {
                      name: [32m'documents saved in the Xcode 8 format'[39m,
                      minToolsVersion: [32m'8.0'[39m
                    }
                  }
                ]
              }
            ],
            scenes: [
              {
                scene: [
                  {
                    [32m'$'[39m: {
                      sceneID: [32m'EXPO-SCENE-1'[39m
                    },
                    objects: [
                      {
                        viewController: [
                          {
                            [32m'$'[39m: {
                              storyboardIdentifier: [32m'SplashScreenViewController'[39m,
                              id: [32m'EXPO-VIEWCONTROLLER-1'[39m,
                              sceneMemberID: [32m'viewController'[39m
                            },
                            view: [
                              {
                                [32m'$'[39m: {
                                  key: [32m'view'[39m,
                                  userInteractionEnabled: [32m'NO'[39m,
                                  contentMode: [32m'scaleToFill'[39m,
                                  insetsLayoutMarginsFromSafeArea: [32m'NO'[39m,
                                  id: [32m'EXPO-ContainerView'[39m,
                                  userLabel: [32m'ContainerView'[39m
                                },
                                rect: [
                                  {
                                    [32m'$'[39m: {
                                      key: [32m'frame'[39m,
                                      x: [32m'0.0'[39m,
                                      y: [32m'0.0'[39m,
                                      width: [32m'393'[39m,
                                      height: [32m'852'[39m
                                    }
                                  }
                                ],
                                autoresizingMask: [
                                  {
                                    [32m'$'[39m: {
                                      key: [32m'autoresizingMask'[39m,
                                      flexibleMaxX: [32m'YES'[39m,
                                      flexibleMaxY: [32m'YES'[39m
                                    }
                                  }
                                ],
                                subviews: [
                                  {
                                    imageView: []
                                  }
                                ],
                                viewLayoutGuide: [
                                  {
                                    [32m'$'[39m: {
                                      key: [32m'safeArea'[39m,
                                      id: [32m'Rmq-lb-GrQ'[39m
                                    }
                                  }
                                ],
                                constraints: [
                                  {
                                    constraint: [
                                      {
                                        [32m'$'[39m: {
                                          firstItem: [32m'EXPO-SplashScreen'[39m,
                                          firstAttribute: [32m'centerY'[39m,
                                          secondItem: [32m'EXPO-ContainerView'[39m,
                                          secondAttribute: [32m'centerY'[39m,
                                          id: [32m'0VC-Wk-OaO'[39m
                                        }
                                      },
                                      {
                                        [32m'$'[39m: {
                                          firstItem: [32m'EXPO-SplashScreen'[39m,
                                          firstAttribute: [32m'centerX'[39m,
                                          secondItem: [32m'EXPO-ContainerView'[39m,
                                          secondAttribute: [32m'centerX'[39m,
                                          id: [32m'zR4-NK-mVN'[39m
                                        }
                                      }
                                    ]
                                  }
                                ]
                              }
                            ]
                          }
                        ],
                        placeholder: [
                          {
                            [32m'$'[39m: {
                              placeholderIdentifier: [32m'IBFirstResponder'[39m,
                              id: [32m'EXPO-PLACEHOLDER-1'[39m,
                              userLabel: [32m'First Responder'[39m,
                              sceneMemberID: [32m'firstResponder'[39m
                            }
                          }
                        ]
                      }
                    ],
                    point: [
                      {
                        [32m'$'[39m: {
                          key: [32m'canvasLocation'[39m,
                          x: [32m'0.0'[39m,
                          y: [32m'0.0'[39m
                        }
                      }
                    ]
                  }
                ]
              }
            ],
            resources: [
              {
                image: [
                  {
                    [32m'$'[39m: {
                      name: [32m'SplashScreenLogo'[39m,
                      width: [32m'100'[39m,
                      height: [32m'90.333335876464844'[39m
                    }
                  }
                ]
              }
            ]
          }
        }
      }
    }
  },
  runtimeVersion: {
    policy: [32m'appVersion'[39m
  },
  updates: {
    fallbackToCacheTimeout: [33m0[39m
  },
  mods: {
    ios: {
      infoPlist: [AsyncFunction: interceptingMod] {
        isProvider: [33mtrue[39m,
        isIntrospective: [33mtrue[39m
      },
      entitlements: [AsyncFunction: interceptingMod] {
        isProvider: [33mtrue[39m,
        isIntrospective: [33mtrue[39m
      },
      xcodeproj: [AsyncFunction: interceptingMod] {
        isProvider: [33mtrue[39m
      },
      podfile: [AsyncFunction: interceptingMod] {
        isProvider: [33mtrue[39m
      },
      appDelegate: [AsyncFunction: interceptingMod] {
        isProvider: [33mtrue[39m
      },
      expoPlist: [AsyncFunction: interceptingMod] {
        isProvider: [33mtrue[39m,
        isIntrospective: [33mtrue[39m
      },
      podfileProperties: [AsyncFunction: interceptingMod] {
        isProvider: [33mtrue[39m,
        isIntrospective: [33mtrue[39m
      },
      dangerous: [AsyncFunction: interceptingMod] {
        isProvider: [33mtrue[39m
      },
      splashScreenStoryboard: [AsyncFunction: interceptingMod] {
        isProvider: [33mtrue[39m,
        isIntrospective: [33mtrue[39m
      }
    },
    android: {
      manifest: [AsyncFunction: interceptingMod] {
        isProvider: [33mtrue[39m,
        isIntrospective: [33mtrue[39m
      },
      colors: [AsyncFunction: interceptingMod] {
        isProvider: [33mtrue[39m,
        isIntrospective: [33mtrue[39m
      },
      dangerous: [AsyncFunction: interceptingMod] {
        isProvider: [33mtrue[39m
      },
      strings: [AsyncFunction: interceptingMod] {
        isProvider: [33mtrue[39m,
        isIntrospective: [33mtrue[39m
      },
      gradleProperties: [AsyncFunction: interceptingMod] {
        isProvider: [33mtrue[39m,
        isIntrospective: [33mtrue[39m
      },
      styles: [AsyncFunction: interceptingMod] {
        isProvider: [33mtrue[39m,
        isIntrospective: [33mtrue[39m
      },
      colorsNight: [AsyncFunction: interceptingMod] {
        isProvider: [33mtrue[39m,
        isIntrospective: [33mtrue[39m
      },
      settingsGradle: [AsyncFunction: interceptingMod] {
        isProvider: [33mtrue[39m
      },
      projectBuildGradle: [AsyncFunction: interceptingMod] {
        isProvider: [33mtrue[39m
      },
      appBuildGradle: [AsyncFunction: interceptingMod] {
        isProvider: [33mtrue[39m
      }
    }
  },
  androidStatusBar: {
    backgroundColor: [32m'#ffffff'[39m
  }
}

Finished prebuild
2026-09-26T04:43:33.460Z expo:prebuild Skipped pod install
