✔ HTTP helper retains CSRF together with idempotency header (3.16223ms)
✔ Escape cancels traveler selection without authorizing or creating an order (7.469339ms)
✔ rental consent is bound to the selected traveler, field and purpose (2.528722ms)
✔ payment is cancelled without any checkout mutation (1.545687ms)
✔ a failed confirmed payment stays visible and can be retried (1.604536ms)
✔ cancelling a party selection creates no order or grant (1.659809ms)
✔ a party must contain the exact number of different travelers (1.791789ms)
✔ party confirmation returns only the explicitly selected traveler references (1.445064ms)
✔ party selection cannot submit without confirming adult travelers and purpose (1.433797ms)
✔ consumer uses locked V14 main and compact artwork with responsive selection (1.457974ms)
✔ supplier and admin share the locked reverse V14 compact lockup (1.118651ms)
✔ all three entry documents advance cache tokens together (0.281646ms)
✔ GO subbrands use V14 geometry with a deliberately recessive GO tier (0.257529ms)
✔ legacy runtime asset names also resolve to locked V14 geometry (0.259743ms)
(node:14) [MODULE_TYPELESS_PACKAGE_JSON] Warning: Module type of file:///workspace/scratch/000d6f24d8dd/go-depth-repair/application/mobile/go-app/src/domain/tripFacts.ts is not specified and it doesn't parse as CommonJS.
Reparsing as ES module because module syntax was detected. This incurs a performance overhead.
To eliminate this warning, add "type": "module" to /workspace/scratch/000d6f24d8dd/go-depth-repair/application/mobile/go-app/package.json.
(Use `node --trace-warnings ...` to show where the warning was created)
✔ web trip keeps original and requested dates separate while supplement is pending (3.047576ms)
✔ native trip shows pending money honestly and completed refund total (1.027333ms)
✔ supplier workbench displays the same cumulative payment summary (2.244883ms)
✔ cancel review shows every cash component and exact fee basis before submission (18.755087ms)
✔ closing cancel review never sends cancellation or reloads as completed (0.827441ms)
✔ unchecked money confirmation cannot submit a cash action (1.080653ms)
✔ change confirmation keeps paid room value, incremental difference and fee separate (0.948874ms)
✔ cancelled date selection does not request new inventory or a payment (0.639517ms)
✔ displayed quote hash stays bound across asynchronous source mutation (0.684985ms)
✔ unknown supplier progress offers query only and binds the saved operation (0.854091ms)
✔ cancel confirmed and refund pending remain distinct in the customer progress card (0.641349ms)
✔ credit conversion waits for explicit quoted consent and does not claim an unknown cancellation succeeded (3.565248ms)
✔ canceling traveler selection sends no redemption or automatic identity (1.213254ms)
✔ redemption network retry binds the same quote and explicitly selected traveler (2.673831ms)
✔ unknown booking and pending refund remain distinct from completed credit restoration (0.890256ms)
✔ canceling a supplementary payment dialog re-enables the action (14.015494ms)
✔ conversion separates prior cash refunds and forfeiture from retained credit (1.265342ms)
✔ forfeiture conversion confirmation stays bound to the displayed quote after source object changes (3.274188ms)
✔ credit detail keeps original excluded value visible after redemption changes (1.006241ms)
✔ historical credit without a forfeiture breakdown never renders invalid amounts (1.470463ms)
✔ fare confirmation separates fee tiers, cooling, change and property credit terms (3.722226ms)
✔ cancelling fare confirmation has no accepted contract (1.755594ms)
✔ accepted hash remains bound to the rules displayed before asynchronous state changes (2.017099ms)
✔ declining hotel rules never selects or authorizes a traveler or creates an order (3.297344ms)
✔ accepted hotel contract is included with selected traveler and stable booking request identity (1.172592ms)
✔ supplier money and percentage inputs use exact minor units (1.833551ms)
✔ supplier lost-response retry keeps request identity and sends only the claimed cause (3.000395ms)
✔ supplier duplicate clicks while a request is pending cannot create another request (1.539927ms)
✔ unknown supplier cancellation shows approved refund waiting for confirmation, without a resend button (18.459941ms)
✔ hotel funds distinguish frozen, charged, released and refunded cent amounts (18.746895ms)
✔ only approved pending refunds expose retry and all server labels are escaped (0.648209ms)
✔ unknown funding shows reconciliation instead of a false payment claim (0.689563ms)
✔ trip links only open the exact canonical owned direct-reservation path (0.385603ms)
✔ closing a stay complaint form makes no request (1.327667ms)
✔ complaint retries reuse the same request identity and have no refund approval fields (1.957779ms)
✔ blank complaints and duplicate submission clicks cannot send extra requests (1.092731ms)
✔ closing hotel authorization leaves funds untouched (2.545298ms)
✔ hotel checkout requires confirmation and binds the complete stay amount (1.682313ms)
✔ a second click cannot create another hotel authorization while the first is pending (0.773789ms)
✔ a failed hotel authorization remains visible and can be retried (0.994263ms)
✔ conversion clearly shows capture and value and closing does not convert (26.343597ms)
✔ conversion retry keeps original quote, amount and original expiry (2.48749ms)
✔ redemption uses server quote policy and displays forfeiture before consent (1.641852ms)
✔ redemption confirms a fresh traveler and only releases hotel fields (3.125795ms)
✔ double click and Escape cannot duplicate or dismiss pending redemption (10.094697ms)
✔ credit list filters property and disables frozen, expired or reconciliation credits (1.737546ms)
✔ a cancellation quote never cancels a booking and closing preserves it (25.457698ms)
✔ fee consent binds the server quote and keeps frozen release separate from cash refund (2.437764ms)
✔ interrupted cancellation retry uses exactly the same quote and fee (1.472977ms)
✔ double clicks cannot settle twice while a cancellation is pending (1.304101ms)
✔ unavailable fare actions have no executable buttons and rule text is escaped (1.392324ms)
✔ date changes quote first and require fresh consent after editing dates (2.867854ms)
✔ extension keeps check-in fixed and explains replacement authorization (1.486076ms)
✔ GO Trip shows all states, searches owned rows, opens the filtered order and restores all (2.230481ms)
✔ legacy hotel return opens the same all-order GO Trip (0.809995ms)
✔ independent review requires an explicit checked attestation and chosen proof (1.512657ms)
✔ review submits the exact evidence snapshot and no caller-selected money (0.978569ms)
✔ customer sees completed original refund separately from pending extra payment (19.15399ms)
✔ unapproved guest liability is a review hold without a refund promise or pay button (0.476601ms)
✔ zero captured payment explains authorization release and completed case has no retry (0.455468ms)
✔ finance entry converts decimal currency without fractional cents or silent rounding (0.503791ms)
✔ hotel detail requests the chosen stay and currency and excludes mixed historical quotes (3.298626ms)
✔ a stale selection cannot start prebooking for another date or currency (1.030037ms)
✔ the accepted same-stay offer supplies the prebooking currency and review data (0.856945ms)
✔ a late hotel response cannot overwrite the next search (0.898388ms)
✔ missing dates or a mismatched hotel response cannot show bookable offers (1.470343ms)
✔ local build preserves development API and unrelated Expo config (1.211802ms)
✔ preview and production require an explicit API binding (0.734229ms)
✔ external builds reject loopback, placeholder, plaintext and credential URLs (0.634549ms)
✔ explicit HTTPS build API reaches the same extra field consumed by client.ts (0.263939ms)
✔ existing environment names and release metadata remain compatible (0.93983ms)
(node:130) [MODULE_TYPELESS_PACKAGE_JSON] Warning: Module type of file:///workspace/scratch/000d6f24d8dd/go-depth-repair/application/mobile/go-app/src/domain/changeActions.ts is not specified and it doesn't parse as CommonJS.
Reparsing as ES module because module syntax was detected. This incurs a performance overhead.
To eliminate this warning, add "type": "module" to /workspace/scratch/000d6f24d8dd/go-depth-repair/application/mobile/go-app/package.json.
(Use `node --trace-warnings ...` to show where the warning was created)
✔ HOTEL: explicit confirmation consumes one quote and reads original order (6.76147ms)
✔ HOTEL: expiry, edit and session changes prevent submission (0.84702ms)
✔ HOTEL: wrong identity or unavailable isolated channel cannot execute (0.47628ms)
✔ HOTEL: timeout is unknown and never auto-retried (0.514537ms)
✔ FLIGHT: explicit confirmation consumes one quote and reads original order (0.500196ms)
✔ FLIGHT: expiry, edit and session changes prevent submission (0.42984ms)
✔ FLIGHT: wrong identity or unavailable isolated channel cannot execute (0.29779ms)
✔ FLIGHT: timeout is unknown and never auto-retried (0.236667ms)
✔ RAIL: explicit confirmation consumes one quote and reads original order (0.774641ms)
✔ RAIL: expiry, edit and session changes prevent submission (0.345001ms)
✔ RAIL: wrong identity or unavailable isolated channel cannot execute (0.198761ms)
✔ RAIL: timeout is unknown and never auto-retried (0.150668ms)
✔ ATTRACTION: explicit confirmation consumes one quote and reads original order (0.717895ms)
✔ ATTRACTION: expiry, edit and session changes prevent submission (0.230338ms)
✔ ATTRACTION: wrong identity or unavailable isolated channel cannot execute (0.253993ms)
✔ ATTRACTION: timeout is unknown and never auto-retried (0.296598ms)
✔ RENTAL: explicit confirmation consumes one quote and reads original order (0.369278ms)
✔ RENTAL: expiry, edit and session changes prevent submission (5.699976ms)
✔ RENTAL: wrong identity or unavailable isolated channel cannot execute (0.225511ms)
✔ RENTAL: timeout is unknown and never auto-retried (0.164549ms)
✔ invalid replacement quote destroys old consent; dates are canonical (0.33066ms)
✔ double submit makes only one mutation (0.300414ms)
(node:136) [MODULE_TYPELESS_PACKAGE_JSON] Warning: Module type of file:///workspace/scratch/000d6f24d8dd/go-depth-repair/application/mobile/go-app/src/domain/changeTerms.ts is not specified and it doesn't parse as CommonJS.
Reparsing as ES module because module syntax was detected. This incurs a performance overhead.
To eliminate this warning, add "type": "module" to /workspace/scratch/000d6f24d8dd/go-depth-repair/application/mobile/go-app/package.json.
(Use `node --trace-warnings ...` to show where the warning was created)
✔ hotel lower price still discloses the nonrefundable loss and separate fee (1.316751ms)
✔ missing or inconsistent hotel financial terms are not confirmable (0.755151ms)
✔ flight and rail disclose transport identity and reject inconsistent fee sums (0.485694ms)
✔ rental lower cost specifies original payment and validates the rate calculation (0.310009ms)
✔ attraction free change never silently accepts a newly introduced charge (0.18574ms)
(node:145) [MODULE_TYPELESS_PACKAGE_JSON] Warning: Module type of file:///workspace/scratch/000d6f24d8dd/go-depth-repair/application/mobile/go-app/src/domain/tripFacts.ts is not specified and it doesn't parse as CommonJS.
Reparsing as ES module because module syntax was detected. This incurs a performance overhead.
To eliminate this warning, add "type": "module" to /workspace/scratch/000d6f24d8dd/go-depth-repair/application/mobile/go-app/package.json.
(Use `node --trace-warnings ...` to show where the warning was created)
✔ Direct navigation preserves the owned reservation identity (2.977831ms)
✔ Direct details read only the canonical reservation and matching events (0.432063ms)
✔ Direct mismatched or missing records cannot display confirmation (0.496811ms)
(node:146) [MODULE_TYPELESS_PACKAGE_JSON] Warning: Module type of file:///workspace/scratch/000d6f24d8dd/go-depth-repair/application/mobile/go-app/src/domain/orderActions.ts is not specified and it doesn't parse as CommonJS.
Reparsing as ES module because module syntax was detected. This incurs a performance overhead.
To eliminate this warning, add "type": "module" to /workspace/scratch/000d6f24d8dd/go-depth-repair/application/mobile/go-app/package.json.
(Use `node --trace-warnings ...` to show where the warning was created)
✔ hotel cancellation sends the displayed quote identity without silently creating another quote (6.015813ms)
✔ hotel server rejects a stale accepted quote without replacing it or retrying cancellation (1.147905ms)
✔ hotel malformed, expired or foreign accepted quote cannot send cancellation (3.499279ms)
(node:160) [MODULE_TYPELESS_PACKAGE_JSON] Warning: Module type of file:///workspace/scratch/000d6f24d8dd/go-depth-repair/application/mobile/go-app/src/domain/orderActions.ts is not specified and it doesn't parse as CommonJS.
Reparsing as ES module because module syntax was detected. This incurs a performance overhead.
To eliminate this warning, add "type": "module" to /workspace/scratch/000d6f24d8dd/go-depth-repair/application/mobile/go-app/package.json.
(Use `node --trace-warnings ...` to show where the warning was created)
✔ HOTEL: payment binds fresh amount and re-reads the same order after lost response (6.80794ms)
✔ HOTEL: changed amount and unavailable channel cannot execute payment (0.641199ms)
✔ HOTEL: refund confirms quoted amount, submits once and does not invent refunded state (1.312143ms)
✔ HOTEL: changed refund terms need reconfirmation before any cancellation (0.373464ms)
✔ FLIGHT: payment binds fresh amount and re-reads the same order after lost response (0.264169ms)
✔ FLIGHT: changed amount and unavailable channel cannot execute payment (0.265641ms)
✔ FLIGHT: refund confirms quoted amount, submits once and does not invent refunded state (0.587779ms)
✔ FLIGHT: changed refund terms need reconfirmation before any cancellation (0.175305ms)
✔ RAIL: payment binds fresh amount and re-reads the same order after lost response (0.203377ms)
✔ RAIL: changed amount and unavailable channel cannot execute payment (0.222487ms)
✔ RAIL: refund confirms quoted amount, submits once and does not invent refunded state (0.334986ms)
✔ RAIL: changed refund terms need reconfirmation before any cancellation (0.223057ms)
✔ RENTAL: payment binds fresh amount and re-reads the same order after lost response (0.146441ms)
✔ RENTAL: changed amount and unavailable channel cannot execute payment (0.144479ms)
✔ RENTAL: refund confirms quoted amount, submits once and does not invent refunded state (0.248165ms)
✔ RENTAL: changed refund terms need reconfirmation before any cancellation (0.148495ms)
✔ RIDE: payment binds fresh amount and re-reads the same order after lost response (0.144288ms)
✔ RIDE: changed amount and unavailable channel cannot execute payment (0.168945ms)
✔ RIDE: refund confirms quoted amount, submits once and does not invent refunded state (0.339423ms)
✔ RIDE: changed refund terms need reconfirmation before any cancellation (0.167714ms)
✔ ATTRACTION: payment binds fresh amount and re-reads the same order after lost response (0.12556ms)
✔ ATTRACTION: changed amount and unavailable channel cannot execute payment (1.235828ms)
✔ ATTRACTION: refund confirms quoted amount, submits once and does not invent refunded state (0.238871ms)
✔ ATTRACTION: changed refund terms need reconfirmation before any cancellation (0.090156ms)
✔ identity substitution and concurrent payment submission are blocked (0.361606ms)
✔ screen/session change prevents a mutation after read-only preflight (0.167974ms)
✔ all six booking intents use explicit vault identities with stable keys and no fabricated people (2.489883ms)
✔ portable request fingerprint matches standard SHA-256 for Unicode and block boundaries (0.895954ms)
(node:161) [MODULE_TYPELESS_PACKAGE_JSON] Warning: Module type of file:///workspace/scratch/000d6f24d8dd/go-depth-repair/application/mobile/go-app/src/api/transport.ts is not specified and it doesn't parse as CommonJS.
Reparsing as ES module because module syntax was detected. This incurs a performance overhead.
To eliminate this warning, add "type": "module" to /workspace/scratch/000d6f24d8dd/go-depth-repair/application/mobile/go-app/package.json.
(Use `node --trace-warnings ...` to show where the warning was created)
✔ logout immediately invalidates old UI and blocks orders while remote revocation is pending (4.992886ms)
✔ read started before logout cannot return old account data (1.162457ms)
✔ clear blocks stale stored credentials before slow deletion completes (5.675649ms)
✔ logout supersedes a login waiting for secure storage without dispatching login (0.751455ms)
✔ late failed logout cannot clear a later successful account login (1.300225ms)
✔ missing refresh token after 401 invalidates the authenticated UI (4.547113ms)
✔ 401 after successful refresh invalidates the session without a third request (0.994303ms)
✔ a permission denial does not clear an otherwise valid account (0.564193ms)
✔ a broken UI subscriber cannot prevent token clearing or other subscribers (0.193102ms)
✔ failed token persistence cannot expose a partially saved login to requests (0.991709ms)
✔ temporary refresh outage preserves the session and never retries the business mutation (0.490622ms)
✔ a successful HTTP response without revocation evidence is not remote logout success (0.353364ms)
(node:180) [MODULE_TYPELESS_PACKAGE_JSON] Warning: Module type of file:///workspace/scratch/000d6f24d8dd/go-depth-repair/application/mobile/go-app/src/api/transport.ts is not specified and it doesn't parse as CommonJS.
Reparsing as ES module because module syntax was detected. This incurs a performance overhead.
To eliminate this warning, add "type": "module" to /workspace/scratch/000d6f24d8dd/go-depth-repair/application/mobile/go-app/package.json.
(Use `node --trace-warnings ...` to show where the warning was created)
✔ concurrent expired mutations share one refresh and retain each original idempotency key/body (6.134532ms)
✔ a mutation with lost response is uncertain and is never automatically retried (0.798677ms)
✔ account change discards pending reads and refresh tokens from the old account (1.439776ms)
✔ refresh rejection invalidates current session and notifies the UI (2.5939ms)
✔ logout revokes remotely and still clears locally after a transport failure (0.890056ms)
✔ a previous logout cannot clear a newly logged-in account (1.208697ms)
✔ only chosen API-relative paths are requested and caller auth cannot override the session (1.159703ms)
✔ aborted mutations before dispatch are known not sent; malformed successful responses are uncertain (0.849504ms)
(node:188) [MODULE_TYPELESS_PACKAGE_JSON] Warning: Module type of file:///workspace/scratch/000d6f24d8dd/go-depth-repair/application/mobile/go-app/src/domain/tripFacts.ts is not specified and it doesn't parse as CommonJS.
Reparsing as ES module because module syntax was detected. This incurs a performance overhead.
To eliminate this warning, add "type": "module" to /workspace/scratch/000d6f24d8dd/go-depth-repair/application/mobile/go-app/package.json.
(Use `node --trace-warnings ...` to show where the warning was created)
✔ native navigation binds all six verticals to an owned canonical identity (2.164261ms)
✔ native check-in renders each passenger and leg independently (0.645025ms)
✔ missing, stale, duplicate, future or wrong-order check-in evidence is unverified (0.442559ms)
✔ only safe HTTPS links are offered by native travel facts (0.207303ms)
✔ native rental details never request ride tracking (0.412443ms)
✔ ride tracking failure cannot hide the existing ride order (0.348597ms)
✔ tracking and order identity mismatches cannot render another order (0.673178ms)
✔ rail order preserves party, immutable prebook and original total through payment cancellation (2.44777ms)
✔ attraction order uses the quoted slot, quantity and prebook and shows eligibility (0.407015ms)
✔ cancelling confirmation step 1 never creates an order or payment (0.200673ms)
✔ cancelling confirmation step 2 never creates an order or payment (0.266543ms)
✔ cancelled party selection cannot reach order creation (0.269347ms)
✔ quote that expires during traveler selection cannot create or pay an order (0.575971ms)
✔ missing final consent never creates an order (0.342577ms)
✔ different people are required for every quoted place (0.398202ms)
✔ an uncertain payment still opens the existing order for recovery (0.70787ms)
✔ repeated clicks cannot start a second booking while confirmation is open (0.321445ms)
✔ mismatched total, journey or slot is refused before any traveler consent (0.292402ms)
✔ cancelling date selection never requests a quote or payment (2.118812ms)
✔ ride changes continue to use their separate workflow (0.705607ms)
✔ viewing a rental quote does not execute the change (0.91366ms)
✔ confirmed refund difference retains its sign and server quote identity (1.47558ms)
✔ unchecked amount consent blocks executing a displayed quote (1.057498ms)
✔ the shared amount formatter preserves cents on confirmation screens (16.283812ms)
✔ consumer: concurrent expired reads refresh once and preserve namespace (6.93407ms)
✔ consumer: a mutation without idempotency is never replayed after renewal (2.788594ms)
✔ consumer: an idempotent retry retains the original key and body (0.960922ms)
✔ consumer: failed refresh stops without retrying the operation (0.707599ms)
✔ console: concurrent expired reads refresh once and preserve namespace (2.303502ms)
✔ console: a mutation without idempotency is never replayed after renewal (0.745046ms)
✔ console: an idempotent retry retains the original key and body (2.293637ms)
✔ console: failed refresh stops without retrying the operation (0.704636ms)
✔ consumer logout failure preserves account and current page; success clears all private state (3.503756ms)
✔ console logout failure is surfaced instead of silently reporting success (2.05763ms)
✔ console requests work when randomUUID is unavailable in an HTTP preview (0.935394ms)
✔ console login binds the requested account type before establishing a session (0.69443ms)
✔ a changed console actor clears the stale UI and never refreshes or retries (0.62852ms)
✔ consumer: expired access can renew once to revoke its own session (1.204561ms)
✔ console: expired access can renew once to revoke its own session (0.653758ms)
✔ unverified check-in never exposes links or boarding passes (3.349012ms)
✔ per-traveler boarding pass appears only for the verified pass state (1.717546ms)
✔ invalid URL schemes and credentials do not become customer links (0.980923ms)
✔ unknown fleet outcome clearly separates confirmed and proposed times (0.92595ms)
✔ cancelled tracking confirmation sends no binding mutation (1.184981ms)
✔ checked consent sends exact displayed revision and server authority, never wait overrides (1.38906ms)
✔ missing consent prevents any tracking write (1.854242ms)
✔ no authorized source does not open an unusable confirmation dialog (0.995625ms)
✔ waiting protection is conditional and shows the actual event allowance (0.985119ms)
✔ late check-in response cannot populate a detached screen (19.762911ms)
✔ HOTEL_CATALOG: reopen the existing order without a new order or payment (2.717827ms)
✔ HOTEL_DIRECT: reopen the existing order without a new order or payment (1.109106ms)
✔ FLIGHT: reopen the existing order without a new order or payment (0.621299ms)
✔ RAIL: reopen the existing order without a new order or payment (0.557092ms)
✔ RIDE: reopen the existing order without a new order or payment (1.024018ms)
✔ RENTAL: reopen the existing order without a new order or payment (0.52236ms)
✔ ATTRACTION: reopen the existing order without a new order or payment (1.111801ms)
✔ untrusted evidence URLs and unsupported identities never select an endpoint (0.890957ms)
✔ card output escapes content and uses current canonical status (0.67458ms)
✔ an order response cannot populate a different order or vertical (1.096387ms)
✔ late order response cannot overwrite a new screen (4.087598ms)
✔ continuing payment re-reads amount and uses the original order only (1.411173ms)
✔ already paid or expired orders cannot invoke payment from a stale card (1.600018ms)
✔ payment timeout reads the same order and never silently resends (0.893811ms)
✔ leaving before the fresh order read prevents a payment dialog (0.520176ms)
✔ real app dispatch uses every existing enriched order renderer (3.242882ms)
✔ closing permission confirmation sends no permission mutation (2.848705ms)
✔ source disconnect remains explicit and retains server-directed semantics (1.76637ms)
✔ person edit binds the displayed revision and leaves a blank birth date untouched (0.970527ms)
✔ sensitive import inspection happens only after explicit confirmation, with no implicit acceptance (6.488747ms)
✔ untrusted imported content is escaped before display (3.333318ms)
✔ duplicate submits during a pending mutation call the server once (3.404195ms)
✔ import reassignment binds traveler and item revision and does not accept content (2.615053ms)
✔ RAIL cancellation requires explicit confirmation (1.883266ms)
✔ RAIL response loss still reloads persisted order (0.938389ms)
✔ RAIL paid or uncertain orders cannot open unpaid cancellation (2.007123ms)
✔ ATTRACTION cancellation requires explicit confirmation (0.567878ms)
✔ ATTRACTION response loss still reloads persisted order (0.560798ms)
✔ ATTRACTION paid or uncertain orders cannot open unpaid cancellation (1.858499ms)
✔ new unpaid reservation displays its frozen UTC deadline (1.130439ms)
✔ legacy orders never receive a fabricated deadline (0.182246ms)
✔ expiry display relies on persisted server state instead of browser clock (0.126651ms)
✔ started and uncertain payment keeps its reservation message (0.137017ms)
✔ RAIL: opening recovery does not send a refund until confirmed (1.974294ms)
✔ RAIL: failed response still reloads persisted order state (1.035375ms)
✔ ATTRACTION: opening recovery does not send a refund until confirmed (0.616763ms)
✔ ATTRACTION: failed response still reloads persisted order state (0.688681ms)
✔ busy recovery gives a customer message and refreshes the existing order (0.781772ms)
✔ rail interrupted change confirms the original quote instead of creating another (0.936716ms)
ℹ tests 254
ℹ suites 0
ℹ pass 254
ℹ fail 0
ℹ cancelled 0
ℹ skipped 0
ℹ todo 0
ℹ duration_ms 619.419245
