C11_SQL {"claim": null, "money": [{"amount": 468000, "currency": "CNY", "id": "omm_7f9c60aa0264471f9cc28b0221d5104c", "key": "flight-auth:flt_ord_6f1bf12d89a7408a", "root": "opi_8f07eced84d2478784d4ef9294ea53ab", "state": "CONFIRMED", "type": "AUTHORIZATION"}, {"amount": 468000, "currency": "CNY", "id": "omm_6cc2c5ec320d4d9e8908cff03fcb1521", "key": "flight-cap:flt_ord_6f1bf12d89a7408a", "root": "opi_8f07eced84d2478784d4ef9294ea53ab", "state": "CONFIRMED", "type": "CAPTURE"}], "operation": "FLIGHT_CHECKOUT", "order_id": "flt_ord_6f1bf12d89a7408a", "order_status": "PAYMENT_AUTHORIZED", "resource_id": "flt_ord_6f1bf12d89a7408a"}
FC11_SQL {"claim": null, "money": [{"amount": 40000, "currency": "CNY", "id": "omm_cb2f373e89144824be317d86624cbc3c", "key": "flight-change-auth:flt_chq_d3574ce384aa4780", "root": "opi_180f71db4b0443f4bdfa1abe0370c867", "state": "CONFIRMED", "type": "AUTHORIZATION"}, {"amount": 468000, "currency": "CNY", "id": "omm_d2036beeede840e2b66350af69f850a1", "key": "flight-auth:flt_ord_3db51f154c69412c", "root": "opi_4c4e98f0786e47979689afd422fe52d5", "state": "CONFIRMED", "type": "AUTHORIZATION"}, {"amount": 468000, "currency": "CNY", "id": "omm_5002c0bc6383468bbf35986d16c8ab5c", "key": "flight-cap:flt_ord_3db51f154c69412c", "root": "opi_4c4e98f0786e47979689afd422fe52d5", "state": "CONFIRMED", "type": "CAPTURE"}], "operation": "FLIGHT_EXECUTE_CHANGE", "order_id": "flt_ord_3db51f154c69412c", "order_status": "UNKNOWN_EXTERNAL_STATE", "resource_id": "flt_chq_d3574ce384aa4780"}
F
=================================== FAILURES ===================================
_ test_after_committed_money_failure_retains_resource_and_recovers_same_root[FLIGHT_CHECKOUT] _

monkeypatch = <_pytest.monkeypatch.MonkeyPatch object at 0x7f59355db950>
operation = 'FLIGHT_CHECKOUT'

    @pytest.mark.parametrize('operation',['FLIGHT_CHECKOUT','FLIGHT_EXECUTE_CHANGE'])
    def test_after_committed_money_failure_retains_resource_and_recovers_same_root(monkeypatch,operation):
        if operation=='FLIGHT_CHECKOUT':
            order=create_order();resource=order['order_id'];bridge=checkout_bridge;name='checkout_contract'
            call=lambda:call_checkout(order['order_id'])
        else:
            order,quote=create_change();resource=quote['quote_id'];bridge=change_bridge;name='prepare_adjustment'
            call=lambda:call_change(order['order_id'],quote['quote_id'])
        original=getattr(bridge,name)
        def lost(*args,**kwargs):
            original(*args,**kwargs)
            raise RuntimeError('C11_AFTER_COMMITTED_MONEY')
        monkeypatch.setattr(bridge,name,lost)
        with pytest.raises(RuntimeError,match='C11_AFTER_COMMITTED_MONEY'):call()
        before=observe(operation,resource,order['order_id'])
>       assert before['claim'] is not None
E       assert None is not None

test_c11_parent_red.py:71: AssertionError
_ test_after_committed_money_failure_retains_resource_and_recovers_same_root[FLIGHT_EXECUTE_CHANGE] _

monkeypatch = <_pytest.monkeypatch.MonkeyPatch object at 0x7f593477ddf0>
operation = 'FLIGHT_EXECUTE_CHANGE'

    @pytest.mark.parametrize('operation',['FLIGHT_CHECKOUT','FLIGHT_EXECUTE_CHANGE'])
    def test_after_committed_money_failure_retains_resource_and_recovers_same_root(monkeypatch,operation):
        if operation=='FLIGHT_CHECKOUT':
            order=create_order();resource=order['order_id'];bridge=checkout_bridge;name='checkout_contract'
            call=lambda:call_checkout(order['order_id'])
        else:
            order,quote=create_change();resource=quote['quote_id'];bridge=change_bridge;name='prepare_adjustment'
            call=lambda:call_change(order['order_id'],quote['quote_id'])
        original=getattr(bridge,name)
        def lost(*args,**kwargs):
            original(*args,**kwargs)
            raise RuntimeError('C11_AFTER_COMMITTED_MONEY')
        monkeypatch.setattr(bridge,name,lost)
        with pytest.raises(RuntimeError,match='C11_AFTER_COMMITTED_MONEY'):call()
        before=observe(operation,resource,order['order_id'])
>       assert before['claim'] is not None
E       assert None is not None

test_c11_parent_red.py:71: AssertionError
=========================== short test summary info ============================
FAILED test_c11_parent_red.py::test_after_committed_money_failure_retains_resource_and_recovers_same_root[FLIGHT_CHECKOUT]
FAILED test_c11_parent_red.py::test_after_committed_money_failure_retains_resource_and_recovers_same_root[FLIGHT_EXECUTE_CHANGE]
2 failed in 3.25s
