C11_SQL {"claim": null, "money": [{"amount": 468000, "currency": "CNY", "id": "omm_9139c50c44914cbea0daaa93172fc32d", "key": "flight-auth:flt_ord_40c9f04e43454ba8", "root": "opi_2baa85872df04da28dc46b17a26584c5", "state": "CONFIRMED", "type": "AUTHORIZATION"}, {"amount": 468000, "currency": "CNY", "id": "omm_cdf6a2716939465488f81842576e7b8b", "key": "flight-cap:flt_ord_40c9f04e43454ba8", "root": "opi_2baa85872df04da28dc46b17a26584c5", "state": "CONFIRMED", "type": "CAPTURE"}], "operation": "FLIGHT_CHECKOUT", "order_id": "flt_ord_40c9f04e43454ba8", "order_status": "PAYMENT_AUTHORIZED", "resource_id": "flt_ord_40c9f04e43454ba8"}
FC11_SQL {"claim": null, "money": [{"amount": 40000, "currency": "CNY", "id": "omm_08e68cfb3e7346f1a414791854b06363", "key": "flight-change-auth:flt_chq_d26d20a4ffac453e", "root": "opi_2e617d82aa87478a9a21e58baecd7bb5", "state": "CONFIRMED", "type": "AUTHORIZATION"}, {"amount": 468000, "currency": "CNY", "id": "omm_f98d284de1d24b3d95b2d1f28b433741", "key": "flight-auth:flt_ord_3de70d98aad74257", "root": "opi_b474896c775a4d6db9bdf78e4b24ab5b", "state": "CONFIRMED", "type": "AUTHORIZATION"}, {"amount": 468000, "currency": "CNY", "id": "omm_a5d6755585784728ac4ef0d10647885d", "key": "flight-cap:flt_ord_3de70d98aad74257", "root": "opi_b474896c775a4d6db9bdf78e4b24ab5b", "state": "CONFIRMED", "type": "CAPTURE"}], "operation": "FLIGHT_EXECUTE_CHANGE", "order_id": "flt_ord_3de70d98aad74257", "order_status": "UNKNOWN_EXTERNAL_STATE", "resource_id": "flt_chq_d26d20a4ffac453e"}
F
=================================== FAILURES ===================================
_ test_after_committed_money_failure_retains_resource_and_recovers_same_root[FLIGHT_CHECKOUT] _

monkeypatch = <_pytest.monkeypatch.MonkeyPatch object at 0x7f321b0bcad0>
operation = 'FLIGHT_CHECKOUT'

    @pytest.mark.parametrize('operation',['FLIGHT_CHECKOUT','FLIGHT_EXECUTE_CHANGE'])
    def test_after_committed_money_failure_retains_resource_and_recovers_same_root(monkeypatch,operation):
        if operation=='FLIGHT_CHECKOUT':
            order=create_order();resource=order['order_id'];bridge=checkout_bridge;name='checkout_contract'
            call=lambda:call_checkout(order['order_id'])
        else:
            order,quote=create_change();resource=quote['quote_id'];bridge=change_bridge;name='prepare_adjustment'
            call=lambda:call_change(order['order_id'],quote['quote_id'])
        original=getattr(bridge,name)
        def lost(*args,**kwargs):
            original(*args,**kwargs)
            raise RuntimeError('C11_AFTER_COMMITTED_MONEY')
        monkeypatch.setattr(bridge,name,lost)
        with pytest.raises(RuntimeError,match='C11_AFTER_COMMITTED_MONEY'):call()
        before=observe(operation,resource,order['order_id'])
>       assert before['claim'] is not None
E       assert None is not None

tests/payments/test_c11_flight_idempotency_recovery.py:71: AssertionError
_ test_after_committed_money_failure_retains_resource_and_recovers_same_root[FLIGHT_EXECUTE_CHANGE] _

monkeypatch = <_pytest.monkeypatch.MonkeyPatch object at 0x7f3219883c20>
operation = 'FLIGHT_EXECUTE_CHANGE'

    @pytest.mark.parametrize('operation',['FLIGHT_CHECKOUT','FLIGHT_EXECUTE_CHANGE'])
    def test_after_committed_money_failure_retains_resource_and_recovers_same_root(monkeypatch,operation):
        if operation=='FLIGHT_CHECKOUT':
            order=create_order();resource=order['order_id'];bridge=checkout_bridge;name='checkout_contract'
            call=lambda:call_checkout(order['order_id'])
        else:
            order,quote=create_change();resource=quote['quote_id'];bridge=change_bridge;name='prepare_adjustment'
            call=lambda:call_change(order['order_id'],quote['quote_id'])
        original=getattr(bridge,name)
        def lost(*args,**kwargs):
            original(*args,**kwargs)
            raise RuntimeError('C11_AFTER_COMMITTED_MONEY')
        monkeypatch.setattr(bridge,name,lost)
        with pytest.raises(RuntimeError,match='C11_AFTER_COMMITTED_MONEY'):call()
        before=observe(operation,resource,order['order_id'])
>       assert before['claim'] is not None
E       assert None is not None

tests/payments/test_c11_flight_idempotency_recovery.py:71: AssertionError
=========================== short test summary info ============================
FAILED tests/payments/test_c11_flight_idempotency_recovery.py::test_after_committed_money_failure_retains_resource_and_recovers_same_root[FLIGHT_CHECKOUT]
FAILED tests/payments/test_c11_flight_idempotency_recovery.py::test_after_committed_money_failure_retains_resource_and_recovers_same_root[FLIGHT_EXECUTE_CHANGE]
