{"ts":"2026-09-10T08:05:16.127780+00:00","level":"INFO","logger":"go.runtime","message":"http_request","request_id":"req_4cf122471cd043579d4bcce7956006ab","trace_id":"tr_6db649ac7bd04a9585603ae5c6bed0f0","path":"/health","method":"GET","status_code":200,"duration_ms":1.01}
{"ts":"2026-09-10T08:05:16.132478+00:00","level":"INFO","logger":"go.runtime","message":"http_request","request_id":"req_7b63b11fe1ef44efb22f1b015dd63255","trace_id":"tr_4b1a111e91014eb0ab46d2d123c053c8","path":"/__acceptance/binding","method":"GET","status_code":200,"duration_ms":2.68}
{"ts":"2026-09-10T08:05:16.140514+00:00","level":"INFO","logger":"go.runtime","message":"http_request","request_id":"req_70a0f089c8864a2ea2083c329ee385fa","trace_id":"tr_8d75d1b5cfa447d2b0cfae551784756e","path":"/go-app/","method":"GET","status_code":200,"duration_ms":5.59}
{"ts":"2026-09-10T08:05:16.145178+00:00","level":"INFO","logger":"go.runtime","message":"http_request","request_id":"req_d70f6fb0ce3e4c04ac66638e3c0856b9","trace_id":"tr_494a32fed34f45e3832fe4c0d0c6ccf5","path":"/go-app/styles.css","method":"GET","status_code":200,"duration_ms":1.97}
{"ts":"2026-09-10T08:05:16.149185+00:00","level":"INFO","logger":"go.runtime","message":"http_request","request_id":"req_7e6b82176fad41fb856285e3ce8bbdfa","trace_id":"tr_cc0dcb585cca4c648b309e0a39191fcf","path":"/go-app/vi-reference-10.css","method":"GET","status_code":200,"duration_ms":1.92}
{"ts":"2026-09-10T08:05:16.153113+00:00","level":"INFO","logger":"go.runtime","message":"http_request","request_id":"req_797e51c9083845c9a8d4bdee69c095ba","trace_id":"tr_63971d016da34ba6abb2bc809f769484","path":"/go-app/flight-journeys.css","method":"GET","status_code":200,"duration_ms":1.85}
{"ts":"2026-09-10T08:05:16.156991+00:00","level":"INFO","logger":"go.runtime","message":"http_request","request_id":"req_3055635a227945cfa57eb80b6b0e510a","trace_id":"tr_822013767ee742e594a23fc4b0b005cb","path":"/go-app/booking-travelers.css","method":"GET","status_code":200,"duration_ms":1.88}
{"ts":"2026-09-10T08:05:16.160830+00:00","level":"INFO","logger":"go.runtime","message":"http_request","request_id":"req_d8bc71de59634669881c98de14ea26b6","trace_id":"tr_2252559a68aa491398e6dde00e4e31ce","path":"/go-app/vault-manager.css","method":"GET","status_code":200,"duration_ms":1.82}
{"ts":"2026-09-10T08:05:16.164695+00:00","level":"INFO","logger":"go.runtime","message":"http_request","request_id":"req_1be67387dc11494ba75dc665cc37cc2a","trace_id":"tr_a5c01896512d4f2ebe0ca10f9538200c","path":"/go-app/travel-status.css","method":"GET","status_code":200,"duration_ms":1.77}
{"ts":"2026-09-10T08:05:16.168525+00:00","level":"INFO","logger":"go.runtime","message":"http_request","request_id":"req_66abc17f56924412988a06e44edb689d","trace_id":"tr_ec30dd61ba214860abc7d1738cb296d0","path":"/go-app/direct-after-sales.js","method":"GET","status_code":200,"duration_ms":1.84}
{"ts":"2026-09-10T08:05:16.172380+00:00","level":"INFO","logger":"go.runtime","message":"http_request","request_id":"req_9ac37e1ad3044391af3fbb0cf39f19c8","trace_id":"tr_4f0e0c6adaab4bf3a916dd924218c517","path":"/go-app/trip-navigation.js","method":"GET","status_code":200,"duration_ms":1.84}
{"ts":"2026-09-10T08:05:16.176272+00:00","level":"INFO","logger":"go.runtime","message":"http_request","request_id":"req_b917b3f55a0346a9bcadab027de32c65","trace_id":"tr_a4174b331ffc47d3b9d36b8eb4464401","path":"/go-app/app.js","method":"GET","status_code":200,"duration_ms":1.79}
{"ts":"2026-09-10T08:05:16.181047+00:00","level":"INFO","logger":"go.runtime","message":"http_request","request_id":"req_004396fd106541f6a8c9d617c8fc5580","trace_id":"tr_f97a2a2930704918a3f826317cf54a71","path":"/go-app/flight-journeys.js","method":"GET","status_code":200,"duration_ms":1.86}
{"ts":"2026-09-10T08:05:16.184955+00:00","level":"INFO","logger":"go.runtime","message":"http_request","request_id":"req_fa56bb1e92c14b938d1637d4389fadb1","trace_id":"tr_a1f7bfa950ec4fe0b42e4f9a46d161b7","path":"/go-app/catalog-fare.js","method":"GET","status_code":200,"duration_ms":1.8}
{"ts":"2026-09-10T08:05:16.189113+00:00","level":"INFO","logger":"go.runtime","message":"http_request","request_id":"req_854c4e6e60fd467cb1bb4ffa663cd935","trace_id":"tr_ad08f85b28cc47e099c05f8f7ab943f6","path":"/go-app/catalog-cash-fare.js","method":"GET","status_code":200,"duration_ms":2.09}
{"ts":"2026-09-10T08:05:16.193043+00:00","level":"INFO","logger":"go.runtime","message":"http_request","request_id":"req_387d1f0c234242359da8978bd4d40ea2","trace_id":"tr_1e8858f9b8fb4bbc810e11bed1e957ba","path":"/go-app/booking-travelers.js","method":"GET","status_code":200,"duration_ms":1.77}
{"ts":"2026-09-10T08:05:16.196917+00:00","level":"INFO","logger":"go.runtime","message":"http_request","request_id":"req_3607b535a4ec40c5b15204574d193038","trace_id":"tr_02e63144f1c348c787c2bc6cccbd0d25","path":"/go-app/catalog-credit.js","method":"GET","status_code":200,"duration_ms":1.8}
{"ts":"2026-09-10T08:05:16.200829+00:00","level":"INFO","logger":"go.runtime","message":"http_request","request_id":"req_cef5f7404c8445a581d413fb79ef10d4","trace_id":"tr_7e2d3e36fc5e4f5aab7f5ec097d45e08","path":"/go-app/rental-after-sales.js","method":"GET","status_code":200,"duration_ms":1.79}
{"ts":"2026-09-10T08:05:16.204795+00:00","level":"INFO","logger":"go.runtime","message":"http_request","request_id":"req_9ff37085c2964e0e88a43515edcc6766","trace_id":"tr_bd6127ad884a4283ac269d5f1331132e","path":"/go-app/vault-manager.js","method":"GET","status_code":200,"duration_ms":1.81}
{"ts":"2026-09-10T08:05:16.208511+00:00","level":"INFO","logger":"go.runtime","message":"http_request","request_id":"req_85daaa2592454394af99ee4b63cd5c59","trace_id":"tr_fcb374ce58464631970a49b779c8a3ec","path":"/go-app/travel-status.js","method":"GET","status_code":200,"duration_ms":1.77}
{"ts":"2026-09-10T08:05:16.212381+00:00","level":"INFO","logger":"go.runtime","message":"http_request","request_id":"req_46c5538600bb43028044bb57e4b922f9","trace_id":"tr_762abd3f2fac498f8951746535fef05c","path":"/go-app/rail-attraction-booking.js","method":"GET","status_code":200,"duration_ms":1.82}
{"ts":"2026-09-10T08:05:16.216613+00:00","level":"INFO","logger":"go.runtime","message":"http_request","request_id":"req_e6b4d08f4a8941639aa3d3fde47d40f5","trace_id":"tr_b9fcbc0c3d604ff0baf18b278fba920f","path":"/go-admin/","method":"GET","status_code":200,"duration_ms":2.14}
{"ts":"2026-09-10T08:05:16.221167+00:00","level":"INFO","logger":"go.runtime","message":"http_request","request_id":"req_29351fc9828042cda221e7ad93dee060","trace_id":"tr_acc28d0a1a2a4fa5af6de0f8803bfaec","path":"/console-assets/styles.css","method":"GET","status_code":200,"duration_ms":1.94}
{"ts":"2026-09-10T08:05:16.224984+00:00","level":"INFO","logger":"go.runtime","message":"http_request","request_id":"req_9c231ec779b344969616c14a20955985","trace_id":"tr_4f3d2356e8844cfd86c19a55fdd3f44d","path":"/go-admin/config.js","method":"GET","status_code":200,"duration_ms":1.81}
{"ts":"2026-09-10T08:05:16.228794+00:00","level":"INFO","logger":"go.runtime","message":"http_request","request_id":"req_c220f64c0b354d2d89bace88079a73c8","trace_id":"tr_39027a0982324c118d252a216cf16e7f","path":"/go-admin/personal-travel-vault.js","method":"GET","status_code":200,"duration_ms":1.79}
{"ts":"2026-09-10T08:05:16.232679+00:00","level":"INFO","logger":"go.runtime","message":"http_request","request_id":"req_f017e272e9d84597a6af5249c538631f","trace_id":"tr_75874f39caef4539be5c578ae0727843","path":"/go-admin/consumer-growth-direct-value.js","method":"GET","status_code":200,"duration_ms":1.79}
{"ts":"2026-09-10T08:05:16.236567+00:00","level":"INFO","logger":"go.runtime","message":"http_request","request_id":"req_c48671ac422c426988a2067bd7eca0b5","trace_id":"tr_1095a9feb4da40759ceb89319f98e9f5","path":"/go-admin/commercial-os.js","method":"GET","status_code":200,"duration_ms":1.8}
{"ts":"2026-09-10T08:05:16.240408+00:00","level":"INFO","logger":"go.runtime","message":"http_request","request_id":"req_4153d6432286456785c3603da02408d8","trace_id":"tr_18827fb5aed2437eae9a1b37b976f08c","path":"/go-admin/good-hotel-standard.js","method":"GET","status_code":200,"duration_ms":1.83}
{"ts":"2026-09-10T08:05:16.244317+00:00","level":"INFO","logger":"go.runtime","message":"http_request","request_id":"req_c7dc7638dab84e979fd0c0b49c3f3ab9","trace_id":"tr_2e0f405a38b948589569e570e67edfad","path":"/go-admin/production-connectors.js","method":"GET","status_code":200,"duration_ms":1.83}
{"ts":"2026-09-10T08:05:16.248197+00:00","level":"INFO","logger":"go.runtime","message":"http_request","request_id":"req_906c413fd15a428eb2a7b31590958da7","trace_id":"tr_d2685b2d715e409ebac57d9b3ee5a8c8","path":"/go-admin/production-connector-runtime.js","method":"GET","status_code":200,"duration_ms":1.82}
{"ts":"2026-09-10T08:05:16.252090+00:00","level":"INFO","logger":"go.runtime","message":"http_request","request_id":"req_61873fec08ba40e1827b0061a6ccb474","trace_id":"tr_70a378c8d9e44d029165fec23776c1d7","path":"/go-admin/connector-activation-readiness.js","method":"GET","status_code":200,"duration_ms":1.79}
{"ts":"2026-09-10T08:05:16.256015+00:00","level":"INFO","logger":"go.runtime","message":"http_request","request_id":"req_f83334398cd4489db8afd96de7cf97b7","trace_id":"tr_f6d7fd8a5906403e9c57fe445837b505","path":"/go-admin/paired-connector-pilot.js","method":"GET","status_code":200,"duration_ms":1.83}
{"ts":"2026-09-10T08:05:16.259995+00:00","level":"INFO","logger":"go.runtime","message":"http_request","request_id":"req_1af3f976463a45d8baf53906321b4ac9","trace_id":"tr_4910046bcf704d64a530ffcead50063a","path":"/go-admin/external-sandbox-certification.js","method":"GET","status_code":200,"duration_ms":1.84}
{"ts":"2026-09-10T08:05:16.263962+00:00","level":"INFO","logger":"go.runtime","message":"http_request","request_id":"req_b68b8bc118f1465ab44c0fb997cfa5fb","trace_id":"tr_df79220745084eec8464550ea36d59c3","path":"/go-admin/named-supplier-execution.js","method":"GET","status_code":200,"duration_ms":1.85}
{"ts":"2026-09-10T08:05:16.267923+00:00","level":"INFO","logger":"go.runtime","message":"http_request","request_id":"req_ca1e5f6e14444007b8fa93bf90f6900d","trace_id":"tr_3c6221e1bc3349d390820636bc91434a","path":"/go-admin/hosted-direct-booking.js","method":"GET","status_code":200,"duration_ms":1.83}
{"ts":"2026-09-10T08:05:16.271955+00:00","level":"INFO","logger":"go.runtime","message":"http_request","request_id":"req_5ea6baac72bd4cf6b06df036967268cc","trace_id":"tr_c380e47dc6f243a48a5e8b2cb6e8ddfb","path":"/go-admin/hosted-content-acceptance.js","method":"GET","status_code":200,"duration_ms":1.84}
{"ts":"2026-09-10T08:05:16.275839+00:00","level":"INFO","logger":"go.runtime","message":"http_request","request_id":"req_09270eb056ae44b390324201cc9c8ae9","trace_id":"tr_85a547cf1b744531bdd39c1789b7d38f","path":"/go-admin/hosted-reservation-operations.js","method":"GET","status_code":200,"duration_ms":1.83}
{"ts":"2026-09-10T08:05:16.280074+00:00","level":"INFO","logger":"go.runtime","message":"http_request","request_id":"req_c5e40c06e38242b78e93116550ce0b35","trace_id":"tr_79bfae61419b4cd283fc9c6256b1efc9","path":"/go-admin/hosted-frontdesk-command-center.js","method":"GET","status_code":200,"duration_ms":1.81}
{"ts":"2026-09-10T08:05:16.283856+00:00","level":"INFO","logger":"go.runtime","message":"http_request","request_id":"req_1e24e4f9a46e424da66c2e0da590ed9b","trace_id":"tr_6d03c90923cd40a08dbd4ca8cbd7ba18","path":"/go-admin/alipay-safeguarded-settlement.js","method":"GET","status_code":200,"duration_ms":1.81}
{"ts":"2026-09-10T08:05:16.287687+00:00","level":"INFO","logger":"go.runtime","message":"http_request","request_id":"req_4969db5d229e4e289ed3bfd914fdb801","trace_id":"tr_0f5ffbe72fda4414abd7e02f90ef7744","path":"/go-admin/stay-operations-command-center.js","method":"GET","status_code":200,"duration_ms":1.76}
{"ts":"2026-09-10T08:05:16.291447+00:00","level":"INFO","logger":"go.runtime","message":"http_request","request_id":"req_7c882056e587441c8e2fd8fcad2d8892","trace_id":"tr_998bbe23956f4baba3f4515f4ab9cc20","path":"/go-admin/dispute-reconciliation-command-center.js","method":"GET","status_code":200,"duration_ms":1.79}
{"ts":"2026-09-10T08:05:16.295409+00:00","level":"INFO","logger":"go.runtime","message":"http_request","request_id":"req_81ee3a9b61c6490683e57d2bfa978c08","trace_id":"tr_4d6e9b22777c44b79427c36d1e57461d","path":"/go-admin/admin-ux.js","method":"GET","status_code":200,"duration_ms":1.82}
{"ts":"2026-09-10T08:05:16.299573+00:00","level":"INFO","logger":"go.runtime","message":"http_request","request_id":"req_ad38c9e6593e42d6829d05ae8d178d55","trace_id":"tr_542ec17bee334555aacd62bfebfe1bfa","path":"/go-admin/hotel-page-factory.js","method":"GET","status_code":200,"duration_ms":1.82}
{"ts":"2026-09-10T08:05:16.303434+00:00","level":"INFO","logger":"go.runtime","message":"http_request","request_id":"req_7f31cec682a1458fa5b346906dd854ad","trace_id":"tr_fe5a188767bb4d849da2bb5600beba57","path":"/go-admin/hosted-fault-finance.js","method":"GET","status_code":200,"duration_ms":1.81}
{"ts":"2026-09-10T08:05:16.307347+00:00","level":"INFO","logger":"go.runtime","message":"http_request","request_id":"req_e5600c98130b4e60bee67d7883cca95c","trace_id":"tr_7e0b5023fbec460388973a4fc54f86bb","path":"/go-admin/hosted-disruption.js","method":"GET","status_code":200,"duration_ms":1.82}
{"ts":"2026-09-10T08:05:16.311279+00:00","level":"INFO","logger":"go.runtime","message":"http_request","request_id":"req_b585d486a16042598bcd919ffbafc370","trace_id":"tr_013963cd4e29406192f911a27c01756f","path":"/console-assets/catalog-remedy.js","method":"GET","status_code":200,"duration_ms":1.8}
{"ts":"2026-09-10T08:05:16.315186+00:00","level":"INFO","logger":"go.runtime","message":"http_request","request_id":"req_80c590364bd145ffa2a28e3cc9a2c4c6","trace_id":"tr_95bbfe9c7f7a4180923d7dbc28322f1a","path":"/console-assets/app.js","method":"GET","status_code":200,"duration_ms":1.8}
{"ts":"2026-09-10T08:05:16.320967+00:00","level":"INFO","logger":"go.runtime","message":"http_request","request_id":"req_87ef3d1d04374455a3250f874142dc3e","trace_id":"tr_6256328d16b945a394c727dd0cccfcb7","path":"/supplier-console/","method":"GET","status_code":200,"duration_ms":2.14}
{"ts":"2026-09-10T08:05:16.324887+00:00","level":"INFO","logger":"go.runtime","message":"http_request","request_id":"req_18e13b7e9b3d41949994b4efd7ea4683","trace_id":"tr_4dbd490db0cc479fbc1ebbee6487a0ac","path":"/console-assets/styles.css","method":"GET","status_code":200,"duration_ms":1.75}
{"ts":"2026-09-10T08:05:16.328754+00:00","level":"INFO","logger":"go.runtime","message":"http_request","request_id":"req_c3367137c02f484e909d827bbff6f9aa","trace_id":"tr_e30cab0567564f7facdebe6d39bfc8fc","path":"/supplier-console/config.js","method":"GET","status_code":200,"duration_ms":1.78}
{"ts":"2026-09-10T08:05:16.332868+00:00","level":"INFO","logger":"go.runtime","message":"http_request","request_id":"req_dd480bfa7fee4f65b17cfd775ca89c74","trace_id":"tr_55ee38dfc2fa47d19136f733c221bbdb","path":"/supplier-console/direct-value-economics.js","method":"GET","status_code":200,"duration_ms":2.01}
{"ts":"2026-09-10T08:05:16.336596+00:00","level":"INFO","logger":"go.runtime","message":"http_request","request_id":"req_ffb72e2758aa400aa060c68e618e3382","trace_id":"tr_30fbace5e7884b89ac132a44f2eb0231","path":"/console-assets/catalog-remedy.js","method":"GET","status_code":200,"duration_ms":1.76}
{"ts":"2026-09-10T08:05:16.340454+00:00","level":"INFO","logger":"go.runtime","message":"http_request","request_id":"req_98ca6d1b68524500ad2349ce8b0d67a8","trace_id":"tr_0aa22a9941e54d1f8fd54ec19c0854c3","path":"/supplier-console/catalog-fare.js","method":"GET","status_code":200,"duration_ms":1.83}
{"ts":"2026-09-10T08:05:16.344398+00:00","level":"INFO","logger":"go.runtime","message":"http_request","request_id":"req_55646b9f97cd4bdf803eb9657102f1bf","trace_id":"tr_a1b31a39622747e682400f7b5f3c32d8","path":"/console-assets/app.js","method":"GET","status_code":200,"duration_ms":1.8}
{"ts":"2026-09-10T08:05:16.349717+00:00","level":"INFO","logger":"go.runtime","message":"http_request","request_id":"req_a4bd3a2da96243c1a36180be7bf45cc7","trace_id":"tr_29bdfc9574be4a63bc60de5c8712598c","path":"/go-app/direct.html","method":"GET","status_code":200,"duration_ms":1.73}
{"ts":"2026-09-10T08:05:16.354422+00:00","level":"INFO","logger":"go.runtime","message":"http_request","request_id":"req_f1fcfb7f5424458685709cb55996db11","trace_id":"tr_4ca64df09e8a43e78428212589ff6471","path":"/go-app/direct.css","method":"GET","status_code":200,"duration_ms":1.78}
{"ts":"2026-09-10T08:05:16.358254+00:00","level":"INFO","logger":"go.runtime","message":"http_request","request_id":"req_55b8c72d050d478e9c054f49bca426b7","trace_id":"tr_43b3d23647f84f80b5510a728942c8fa","path":"/go-app/booking-travelers.css","method":"GET","status_code":200,"duration_ms":1.78}
{"ts":"2026-09-10T08:05:16.362212+00:00","level":"INFO","logger":"go.runtime","message":"http_request","request_id":"req_4efc1c403c544fda810ede3f3845bcf7","trace_id":"tr_dedd9624a4c44902977786b5b6c4b937","path":"/go-app/direct-fare.js","method":"GET","status_code":200,"duration_ms":1.84}
{"ts":"2026-09-10T08:05:16.366098+00:00","level":"INFO","logger":"go.runtime","message":"http_request","request_id":"req_6e14ce3b7b9a44c6844e8b81338db7c8","trace_id":"tr_e4169db8eb0f41c3894823ea317008c0","path":"/go-app/direct-after-sales.js","method":"GET","status_code":200,"duration_ms":1.81}
{"ts":"2026-09-10T08:05:16.370202+00:00","level":"INFO","logger":"go.runtime","message":"http_request","request_id":"req_01a792fc728049adaeeb2408484141d5","trace_id":"tr_f7e5c6b48eb2476db23d74f98105001c","path":"/go-app/direct-credit.js","method":"GET","status_code":200,"duration_ms":1.87}
{"ts":"2026-09-10T08:05:16.374132+00:00","level":"INFO","logger":"go.runtime","message":"http_request","request_id":"req_a8dc62b6438d463799e9f492bf42613a","trace_id":"tr_a90dd195f6c841b7b1c5c2d9a5b68060","path":"/go-app/direct.js","method":"GET","status_code":200,"duration_ms":1.78}
{"ts":"2026-09-10T08:05:16.380975+00:00","level":"INFO","logger":"go.runtime","message":"http_request","request_id":"req_ef44d9372fe74e8f90912f76dcd516d2","trace_id":"tr_0f81ecb3e6de4c3e955ca7253556a2e5","path":"/v1/consumer/me","method":"GET","status_code":401,"duration_ms":1.17}
{"ts":"2026-09-10T08:05:16.466406+00:00","level":"INFO","logger":"go.runtime","message":"http_request","request_id":"req_ba14226bfeb64d7399fb32d720ec227f","trace_id":"tr_094b2556c91544c6b3e36cf61b5954ca","path":"/v1/consumer/auth/login","method":"POST","status_code":200,"duration_ms":83.95}
{"ts":"2026-09-10T08:05:16.472254+00:00","level":"INFO","logger":"go.runtime","message":"http_request","request_id":"req_8e11f7a615ce4022a7fc753f780f96ec","trace_id":"tr_892a5eec96cc413f82827d38d69344b7","path":"/v1/consumer/me","method":"GET","status_code":200,"duration_ms":4.11}
{"ts":"2026-09-10T08:05:16.550742+00:00","level":"INFO","logger":"go.runtime","message":"http_request","request_id":"req_5c8dd71559e44a73890b24926c77c85b","trace_id":"tr_411179142d2f479c810ab254185012ab","path":"/bff/auth/login","method":"POST","status_code":200,"duration_ms":76.92}
{"ts":"2026-09-10T08:05:16.555553+00:00","level":"INFO","logger":"go.runtime","message":"http_request","request_id":"req_799dd9f8d0e34750b1d7246f4e44ef80","trace_id":"tr_37135384cf2348ae99905baf14ac37eb","path":"/bff/auth/me","method":"GET","status_code":200,"duration_ms":3.1}
{"ts":"2026-09-10T08:05:16.560512+00:00","level":"INFO","logger":"go.runtime","message":"http_request","request_id":"req_56c1dc8d2d5543c6922916fd00c9345d","trace_id":"tr_1d846ab8e9a84a0a884f2c707f9b1e5f","path":"/v1/consumer/me","method":"GET","status_code":200,"duration_ms":3.45}
{"ts":"2026-09-10T08:05:16.570305+00:00","level":"INFO","logger":"go.runtime","message":"http_request","request_id":"req_ed0fb7551762492e94455201385d033d","trace_id":"tr_913fb061fa8b42408bc24acef8c91a5c","path":"/bff/auth/refresh","method":"POST","status_code":200,"duration_ms":8.22}
{"ts":"2026-09-10T08:05:16.648781+00:00","level":"INFO","logger":"go.runtime","message":"http_request","request_id":"req_a920cfa2b723437ea3a18a87bb0bc873","trace_id":"tr_ea2067ab9a7b478a9782b30bba505aac","path":"/bff/auth/login","method":"POST","status_code":401,"duration_ms":74.93}
{"ts":"2026-09-10T08:05:16.653825+00:00","level":"INFO","logger":"go.runtime","message":"http_request","request_id":"req_3574844278e44915895fb2ae234ce23b","trace_id":"tr_7f9bd3e5038243658ee46bb433afe9b4","path":"/bff/auth/me","method":"GET","status_code":200,"duration_ms":3.22}
{"ts":"2026-09-10T08:05:16.669914+00:00","level":"INFO","logger":"go.runtime","message":"http_request","request_id":"req_76499f8680b542409ae9f58758bad794","trace_id":"tr_3762d9c74d8643c2a28b78328ea0a9c9","path":"/bff/auth/logout","method":"POST","status_code":200,"duration_ms":14.58}
{"ts":"2026-09-10T08:05:16.673680+00:00","level":"INFO","logger":"go.runtime","message":"http_request","request_id":"req_e9a1c8c972b046128ea9a3d4ddab1d93","trace_id":"tr_28b1c988dcb04a22bd02f4de654c1f21","path":"/bff/auth/me","method":"GET","status_code":401,"duration_ms":0.75}
{"ts":"2026-09-10T08:05:16.678589+00:00","level":"INFO","logger":"go.runtime","message":"http_request","request_id":"req_13a6f7125f5349749c064c38c4b71866","trace_id":"tr_0fb11b070df44880a139e0731a3824d5","path":"/v1/consumer/me","method":"GET","status_code":200,"duration_ms":3.47}
{"ts":"2026-09-10T08:05:16.756369+00:00","level":"INFO","logger":"go.runtime","message":"http_request","request_id":"req_3edf13f2d04648a8bdb6c6a4be12d0a3","trace_id":"tr_1a765004a18b45e5bf1afc9133b9638b","path":"/bff/auth/login","method":"POST","status_code":200,"duration_ms":76.25}
{"ts":"2026-09-10T08:05:16.760841+00:00","level":"INFO","logger":"go.runtime","message":"http_request","request_id":"req_4ac6c4a11fae43d99b0c8702293e6349","trace_id":"tr_1713761ca1e944298f8c9a3d5e349664","path":"/bff/auth/me","method":"GET","status_code":200,"duration_ms":2.81}
{"ts":"2026-09-10T08:05:16.765725+00:00","level":"INFO","logger":"go.runtime","message":"http_request","request_id":"req_bb011e8d77f142d29cbb66af0242c314","trace_id":"tr_23580662d6864979bb70f23508dcf05e","path":"/v1/consumer/me","method":"GET","status_code":200,"duration_ms":3.41}
{"ts":"2026-09-10T08:05:16.775823+00:00","level":"INFO","logger":"go.runtime","message":"http_request","request_id":"req_4adb4f15c26144c28fc5d652681ea461","trace_id":"tr_cfc143694e9141e58da95f35085b288a","path":"/bff/auth/refresh","method":"POST","status_code":200,"duration_ms":8.56}
{"ts":"2026-09-10T08:05:16.855922+00:00","level":"INFO","logger":"go.runtime","message":"http_request","request_id":"req_72e588d3a26241f696f473ba4a797ef1","trace_id":"tr_8c486a6961674f208f3785b4787e56df","path":"/bff/auth/login","method":"POST","status_code":401,"duration_ms":76.73}
{"ts":"2026-09-10T08:05:16.860445+00:00","level":"INFO","logger":"go.runtime","message":"http_request","request_id":"req_6edf1524882c46f497d93a7a8d43d7f3","trace_id":"tr_e7208c654ca0486f9e7d351318016be5","path":"/bff/auth/me","method":"GET","status_code":200,"duration_ms":3.0}
{"ts":"2026-09-10T08:05:16.872289+00:00","level":"INFO","logger":"go.runtime","message":"http_request","request_id":"req_6e10c0d90bc141b18a6a4d947d565e73","trace_id":"tr_cdeb4e35421740629d6007ead551b6ca","path":"/bff/auth/logout","method":"POST","status_code":200,"duration_ms":10.3}
{"ts":"2026-09-10T08:05:16.875994+00:00","level":"INFO","logger":"go.runtime","message":"http_request","request_id":"req_944f61ce5a254989b3fe5236a8c5397c","trace_id":"tr_96ab55311ad2409498e94c784d6b097c","path":"/bff/auth/me","method":"GET","status_code":401,"duration_ms":0.69}
{"ts":"2026-09-10T08:05:16.885907+00:00","level":"INFO","logger":"go.runtime","message":"http_request","request_id":"req_043cbf8a1eed455791041561d853597e","trace_id":"tr_f8b0d4acd5be43c08976198bf0159cdf","path":"/v1/consumer/me","method":"GET","status_code":200,"duration_ms":8.46}
{"ts":"2026-09-10T08:05:16.894852+00:00","level":"INFO","logger":"go.runtime","message":"http_request","request_id":"req_79a7b08dc6234f4e87df4d4a9b46d2f2","trace_id":"tr_7851a645913543789894ffda13a04f0c","path":"/v1/consumer/auth/refresh","method":"POST","status_code":200,"duration_ms":7.49}
{"ts":"2026-09-10T08:05:16.906459+00:00","level":"INFO","logger":"go.runtime","message":"http_request","request_id":"req_0773d5bfa8be459fbb325e626e3e6bad","trace_id":"tr_7979bafbbeb94b758a710fa85491f7d2","path":"/v1/consumer/auth/logout","method":"POST","status_code":200,"duration_ms":9.97}
{"ts":"2026-09-10T08:05:16.910164+00:00","level":"INFO","logger":"go.runtime","message":"http_request","request_id":"req_f877adeabf5c448eac4e8563ca582d5d","trace_id":"tr_00433c8335124a33bae513da18d245ab","path":"/v1/consumer/me","method":"GET","status_code":401,"duration_ms":0.76}
{"ts":"2026-09-10T08:05:16.914400+00:00","level":"INFO","logger":"go.runtime","message":"http_request","request_id":"req_8b4f73941a7a470588847e6ffe3a7c0c","trace_id":"tr_54dd32fd929246cd9ef2eb3548a0da59","path":"/v1/consumer/auth/refresh","method":"POST","status_code":401,"duration_ms":1.27}
