PASS  PRODUCTION_COMPOSE_PROJECT_IS_THE_PROVEN_LIVE_VALUE
PASS  PRODUCTION_COMPOSE_FILE_IS_THE_PROVEN_LIVE_VALUE
PASS  PRODUCTION_COMPOSE_SHA256_IS_THE_PROVEN_LIVE_VALUE
PASS  PRODUCTION_ENV_FILE_IS_THE_PROVEN_LIVE_VALUE
PASS  PRODUCTION_ENV_SHA256_IS_THE_PROVEN_LIVE_VALUE
PASS  PRODUCTION_EXPECTED_REVISION_IS_THE_PROVEN_LIVE_VALUE
PASS  EXACT_DEPTH48_BASELINE_PASSES
PASS  OLD_R315_IMAGE_REJECTS
PASS  WRONG_IMAGE_REJECTS
PASS  MIXED_SERVICE_IMAGES_REJECTS
PASS  CANDIDATE_NOT_EQUAL_TO_EXPECTED_REJECTS
PASS  UNHEALTHY_API_REJECTS
PASS  NOT_RUNNING_WORKER_REJECTS
PASS  OLD_R315_REVISION_REJECTS
PASS  ALEMBIC_CURRENT_NOT_EQUAL_TO_HEAD_REJECTS
PASS  WRONG_COMPOSE_HASH_REJECTS
PASS  WRONG_ENV_HASH_REJECTS
PASS  CORRECT_COMPOSE_AND_ENV_HASHES_PASS
PASS  EXECUTOR_STILL_ISSUES_ONLY_A_FIXED_BOUNDED_ARGV_SET
PASS  THE_REVISION_CHECK_IS_STILL_EXACT_AND_NOT_A_PREFIX_MATCH
PASS  DEPLOYCTL_STILL_PINS_THE_COLLECTOR_BY_EXACT_BYTES
PASS  DEPLOYCTL_INTEGRITY_CHECK_IS_STILL_ENFORCED
PASS  THE_CANARY_DEPLOY_AND_ROLLBACK_PINS_ARE_UNTOUCHED

23 checks, 0 failed
{"checks": 23, "failed": [], "status": "PASS"}
