test_a_deploy_request_carries_no_plan_and_no_deployment_fact (__main__.run_tests.<locals>.Tests.test_a_deploy_request_carries_no_plan_and_no_deployment_fact) ... ok
test_a_deploy_request_that_names_a_plan_is_refused (__main__.run_tests.<locals>.Tests.test_a_deploy_request_that_names_a_plan_is_refused) ... ok
test_a_post_action_verify_cannot_name_its_own_image_source_or_service (__main__.run_tests.<locals>.Tests.test_a_post_action_verify_cannot_name_its_own_image_source_or_service) ... ok
test_a_post_action_verify_carries_only_the_verify_contract (__main__.run_tests.<locals>.Tests.test_a_post_action_verify_carries_only_the_verify_contract) ... ok
test_a_post_action_verify_is_structurally_identical_for_both_actions (__main__.run_tests.<locals>.Tests.test_a_post_action_verify_is_structurally_identical_for_both_actions) ... ok
test_a_post_action_verify_refuses_an_action_that_mutates_nothing (__main__.run_tests.<locals>.Tests.test_a_post_action_verify_refuses_an_action_that_mutates_nothing) ... ok
test_a_post_action_verify_refuses_an_image_that_is_not_a_digest (__main__.run_tests.<locals>.Tests.test_a_post_action_verify_refuses_an_image_that_is_not_a_digest) ... ok
test_a_source_is_spent_by_any_published_rollback_that_cites_it (__main__.run_tests.<locals>.Tests.test_a_source_is_spent_by_any_published_rollback_that_cites_it) ... ok
test_action_and_env (__main__.run_tests.<locals>.Tests.test_action_and_env) ... ok
test_ambiguous_push_recovery_fails_closed (__main__.run_tests.<locals>.Tests.test_ambiguous_push_recovery_fails_closed) ... ok
test_an_unpublished_rollback_has_not_spent_its_source (__main__.run_tests.<locals>.Tests.test_an_unpublished_rollback_has_not_spent_its_source) ... ok
test_authoritative_baseline_validation_fails_closed (__main__.run_tests.<locals>.Tests.test_authoritative_baseline_validation_fails_closed) ... ok
test_bad_json (__main__.run_tests.<locals>.Tests.test_bad_json) ... ok
test_canary_authority_is_fail_closed (__main__.run_tests.<locals>.Tests.test_canary_authority_is_fail_closed) ... ok
test_canary_authority_that_is_missing_or_unreadable_is_a_rejection_not_a_traceback (__main__.run_tests.<locals>.Tests.test_canary_authority_that_is_missing_or_unreadable_is_a_rejection_not_a_traceback) ... ok
test_canary_cannot_fall_through_into_the_other_actions (__main__.run_tests.<locals>.Tests.test_canary_cannot_fall_through_into_the_other_actions) ... ok
test_canary_does_not_arm_or_consume_a_deployment_plan (__main__.run_tests.<locals>.Tests.test_canary_does_not_arm_or_consume_a_deployment_plan) ... ok
test_canary_is_reachable_while_deployments_are_suspended (__main__.run_tests.<locals>.Tests.test_canary_is_reachable_while_deployments_are_suspended) ... ok
test_canary_parameters_are_not_caller_controllable (__main__.run_tests.<locals>.Tests.test_canary_parameters_are_not_caller_controllable) ... ok
test_canary_request_is_accepted_and_carries_nothing_else (__main__.run_tests.<locals>.Tests.test_canary_request_is_accepted_and_carries_nothing_else) ... ok
test_canary_request_is_refused_when_the_action_is_not_in_the_channel (__main__.run_tests.<locals>.Tests.test_canary_request_is_refused_when_the_action_is_not_in_the_channel) ... ok
test_canary_request_with_any_parameter_is_rejected (__main__.run_tests.<locals>.Tests.test_canary_request_with_any_parameter_is_rejected) ... ok
test_canary_task_carries_exactly_four_parameters_taken_from_the_authority (__main__.run_tests.<locals>.Tests.test_canary_task_carries_exactly_four_parameters_taken_from_the_authority) ... ok
test_canary_wrong_environment_and_unknown_action_are_rejected (__main__.run_tests.<locals>.Tests.test_canary_wrong_environment_and_unknown_action_are_rejected) ... ok
test_channel_config_has_no_one_shot_fields (__main__.run_tests.<locals>.Tests.test_channel_config_has_no_one_shot_fields) ... ok
test_channel_contract_expresses_exactly_six_actions (__main__.run_tests.<locals>.Tests.test_channel_contract_expresses_exactly_six_actions) ... ok
test_channel_rejects_an_unknown_or_reordered_action (__main__.run_tests.<locals>.Tests.test_channel_rejects_an_unknown_or_reordered_action) ... ok
test_channel_rejects_one_shot_shape (__main__.run_tests.<locals>.Tests.test_channel_rejects_one_shot_shape) ... ok
test_channel_without_the_canary_action_is_refused (__main__.run_tests.<locals>.Tests.test_channel_without_the_canary_action_is_refused) ... ok
test_channel_without_the_health_action_is_refused (__main__.run_tests.<locals>.Tests.test_channel_without_the_health_action_is_refused) ... ok
test_channel_without_the_rollback_action_is_refused (__main__.run_tests.<locals>.Tests.test_channel_without_the_rollback_action_is_refused) ... ok
test_confirmed_push_disarms (__main__.run_tests.<locals>.Tests.test_confirmed_push_disarms) ... ok
test_crash_claim_is_fail_closed (__main__.run_tests.<locals>.Tests.test_crash_claim_is_fail_closed) ... ok
test_derivation (__main__.run_tests.<locals>.Tests.test_derivation) ... ok
test_diff_rules (__main__.run_tests.<locals>.Tests.test_diff_rules) ... ok
test_existing_actions_are_unchanged_by_the_health_extension (__main__.run_tests.<locals>.Tests.test_existing_actions_are_unchanged_by_the_health_extension) ... ok
test_extra_and_pr1_ignore (__main__.run_tests.<locals>.Tests.test_extra_and_pr1_ignore) ... ok
test_head_change_rejects (__main__.run_tests.<locals>.Tests.test_head_change_rejects) ... ok
test_health_cannot_fall_through_into_the_other_actions (__main__.run_tests.<locals>.Tests.test_health_cannot_fall_through_into_the_other_actions) ... ok
test_health_cannot_participate_in_the_deploy_arm (__main__.run_tests.<locals>.Tests.test_health_cannot_participate_in_the_deploy_arm) ... ok
test_health_request_is_accepted_and_carries_nothing_else (__main__.run_tests.<locals>.Tests.test_health_request_is_accepted_and_carries_nothing_else) ... ok
test_health_request_with_any_parameter_is_rejected (__main__.run_tests.<locals>.Tests.test_health_request_with_any_parameter_is_rejected) ... ok
test_health_task_is_read_only_with_fixed_empty_parameters (__main__.run_tests.<locals>.Tests.test_health_task_is_read_only_with_fixed_empty_parameters) ... ok
test_health_unknown_action_is_rejected (__main__.run_tests.<locals>.Tests.test_health_unknown_action_is_rejected) ... ok
test_health_wrong_environment_is_rejected (__main__.run_tests.<locals>.Tests.test_health_wrong_environment_is_rejected) ... ok
test_one_action_yields_exactly_one_post_action_verify_name (__main__.run_tests.<locals>.Tests.test_one_action_yields_exactly_one_post_action_verify_name) ... ok
test_path_rule (__main__.run_tests.<locals>.Tests.test_path_rule) ... ok
test_persistent_ambiguous_publish_fails_closed (__main__.run_tests.<locals>.Tests.test_persistent_ambiguous_publish_fails_closed) ... ok
test_persistent_health_request_publishes_a_read_only_task (__main__.run_tests.<locals>.Tests.test_persistent_health_request_publishes_a_read_only_task) ... ok
test_persistent_three_unique_requests_and_replays (__main__.run_tests.<locals>.Tests.test_persistent_three_unique_requests_and_replays) ... ok
test_replay_and_duplicate (__main__.run_tests.<locals>.Tests.test_replay_and_duplicate) ... ok
test_request_path_rejects_extra_files (__main__.run_tests.<locals>.Tests.test_request_path_rejects_extra_files) ... ok
test_rollback_cannot_be_derived_without_its_derived_context (__main__.run_tests.<locals>.Tests.test_rollback_cannot_be_derived_without_its_derived_context) ... ok
test_rollback_cannot_fall_through_into_the_other_actions (__main__.run_tests.<locals>.Tests.test_rollback_cannot_fall_through_into_the_other_actions) ... ok
test_rollback_request_is_accepted_and_carries_nothing_else (__main__.run_tests.<locals>.Tests.test_rollback_request_is_accepted_and_carries_nothing_else) ... ok
test_rollback_request_with_any_parameter_is_rejected (__main__.run_tests.<locals>.Tests.test_rollback_request_with_any_parameter_is_rejected) ... ok
test_rollback_task_cannot_name_its_own_source (__main__.run_tests.<locals>.Tests.test_rollback_task_cannot_name_its_own_source) ... ok
test_rollback_task_carries_exactly_the_three_parameters_the_agent_validates (__main__.run_tests.<locals>.Tests.test_rollback_task_carries_exactly_the_three_parameters_the_agent_validates) ... ok
test_rollback_wrong_environment_and_unknown_action_are_rejected (__main__.run_tests.<locals>.Tests.test_rollback_wrong_environment_and_unknown_action_are_rejected) ... ok
test_signature_roundtrip (__main__.run_tests.<locals>.Tests.test_signature_roundtrip) ... ok
test_stale_and_size (__main__.run_tests.<locals>.Tests.test_stale_and_size) ... ok
test_task_inputs_not_caller_controlled (__main__.run_tests.<locals>.Tests.test_task_inputs_not_caller_controlled) ... ok
test_unknown_fields (__main__.run_tests.<locals>.Tests.test_unknown_fields) ... ok
test_unnamed_action_cannot_become_a_verify_task (__main__.run_tests.<locals>.Tests.test_unnamed_action_cannot_become_a_verify_task) ... ok
test_valid (__main__.run_tests.<locals>.Tests.test_valid) ... ok

----------------------------------------------------------------------
Ran 65 tests in 0.023s

OK
