test_bootstrap_exclusive_and_identity (test_media_topology.MediaTopology.test_bootstrap_exclusive_and_identity) ... ok
test_existing_target_no_overwrite (test_media_topology.MediaTopology.test_existing_target_no_overwrite) ... ok
test_fixed_eight_mounts_and_environment (test_media_topology.MediaTopology.test_fixed_eight_mounts_and_environment) ... ok
test_machine_contract_and_compose_fixed_scope (test_media_topology.MediaTopology.test_machine_contract_and_compose_fixed_scope) ... ok
test_marker_drift_reject (test_media_topology.MediaTopology.test_marker_drift_reject) ... ok
test_recreated_and_rollback_processes_reopen_same_index_and_bytes (test_media_topology.MediaTopology.test_recreated_and_rollback_processes_reopen_same_index_and_bytes) ... ok
test_rollback_binding_and_non_targets_unchanged (test_media_topology.MediaTopology.test_rollback_binding_and_non_targets_unchanged) ... ok
test_symlink_leaf_or_parent_rejected (test_media_topology.MediaTopology.test_symlink_leaf_or_parent_rejected) ... ok
test_actual_deploy_hooks_bind_durable_record_and_post_mounts (test_media_topology_hooks.Hooks.test_actual_deploy_hooks_bind_durable_record_and_post_mounts) ... ok
test_collector_collects_real_fixed_eight_mount_inventory (test_media_topology_hooks.Hooks.test_collector_collects_real_fixed_eight_mount_inventory) ... ok
test_executor_preserves_pending_metadata_for_command_center (test_media_topology_hooks.Hooks.test_executor_preserves_pending_metadata_for_command_center) ... ok
test_first_transition_verify_only_before_durable_start (test_media_topology_hooks.Hooks.test_first_transition_verify_only_before_durable_start) ... ok
test_missing_installation_and_legacy_downgrade_refused (test_media_topology_hooks.Hooks.test_missing_installation_and_legacy_downgrade_refused) ... ok
test_record_cannot_rollback_without_same_storage (test_media_topology_hooks.Hooks.test_record_cannot_rollback_without_same_storage) ... ok
test_strict_v3_and_legacy_contract_retained (test_media_topology_hooks.Hooks.test_strict_v3_and_legacy_contract_retained) ... ok
test_installation_reads_actual_pinned_authorization_and_compose (test_media_topology_hooks.InstallationBinding.test_installation_reads_actual_pinned_authorization_and_compose) ... ok
test_untrusted_writable_parent_rejected (test_media_topology_hooks.InstallationBinding.test_untrusted_writable_parent_rejected) ... ok
test_cli_topology_validator_defined_before_main_executes (test_media_topology_hooks.ReviewRegression.test_cli_topology_validator_defined_before_main_executes) ... ok
test_provision_uses_full_container_id_from_realistic_ps (test_media_topology_hooks.ReviewRegression.test_provision_uses_full_container_id_from_realistic_ps) ... ok
test_real_same_revision_v3_and_no_mutation_for_invalid_descriptor (test_media_topology_hooks.ReviewRegression.test_real_same_revision_v3_and_no_mutation_for_invalid_descriptor) ... ok
test_actual_pending_topology_verify_output_passes_signed_gate (test_media_topology_hooks.SignedTopologyPlan.test_actual_pending_topology_verify_output_passes_signed_gate) ... ok
test_even_signed_wrong_topology_proof_rejected (test_media_topology_hooks.SignedTopologyPlan.test_even_signed_wrong_topology_proof_rejected) ... ok
test_signature_tamper_is_not_hidden_by_topology (test_media_topology_hooks.SignedTopologyPlan.test_signature_tamper_is_not_hidden_by_topology) ... ok
test_signed_topology_plan_and_legacy_scope_refusal (test_media_topology_hooks.SignedTopologyPlan.test_signed_topology_plan_and_legacy_scope_refusal) ... ok
test_actual_rollback_hooks_retain_mount_and_protected_inventory (test_media_topology_hooks.SignedTopologyRollback.test_actual_rollback_hooks_retain_mount_and_protected_inventory) ... ok
test_signed_source_record_v2_mount_identity_and_tamper (test_media_topology_hooks.SignedTopologyRollback.test_signed_source_record_v2_mount_identity_and_tamper) ... ok

----------------------------------------------------------------------
Ran 26 tests in 0.142s

OK
