F
=================================== FAILURES ===================================
_________ test_changed_hotel_trip_has_current_payment_and_dates[80000] _________

client = <starlette.testclient.TestClient object at 0x7f0654f7cfe0>
delta = 80000

    @pytest.mark.parametrize('delta', [80000, 0, -43200])
    def test_changed_hotel_trip_has_current_payment_and_dates(client, delta):
        oid = booked_order(client)
        q = change_quote(oid, delta)
        done = execute(oid, q)
        row = trip(oid)
        assert done['state'] == 'COMPLETED'
>       assert row['projection_current'], row
E       AssertionError: {'account_id': 'acct_demo', 'cancel_allowed': False, 'change_allowed': False, 'consumer_unified_lifecycle_id': 'cul_111ca970516847cca3a1fb28253274fc', ...}
E       assert False

application/tests/test_depth43_hotel_change_trips.py:22: AssertionError
----------------------------- Captured stdout call -----------------------------
{"ts":"2026-09-12T13:21:10.104848+00:00","level":"INFO","logger":"go.runtime","message":"http_request","request_id":"req_0db987ce7dc64f639653781e8c8ec516","trace_id":"tr_4b057ad6c87a4a8d8d8d16e53578a5bc","path":"/v1/search/hotels","method":"POST","status_code":200,"duration_ms":26.87}
{"ts":"2026-09-12T13:21:10.105615+00:00","level":"INFO","logger":"httpx","message":"HTTP Request: POST http://testserver/v1/search/hotels \"HTTP/1.1 200 OK\""}
{"ts":"2026-09-12T13:21:10.115393+00:00","level":"INFO","logger":"go.runtime","message":"http_request","request_id":"req_0ad31704fa1145d3b7bc11d4c220440b","trace_id":"tr_d43616c154e4480a9e34342248f4cc4c","path":"/v1/offers/off_f2d6a6d153c54e22/prebook","method":"POST","status_code":200,"duration_ms":9.0}
{"ts":"2026-09-12T13:21:10.115835+00:00","level":"INFO","logger":"httpx","message":"HTTP Request: POST http://testserver/v1/offers/off_f2d6a6d153c54e22/prebook \"HTTP/1.1 200 OK\""}
{"ts":"2026-09-12T13:21:10.131724+00:00","level":"INFO","logger":"go.runtime","message":"http_request","request_id":"req_922783351afd44cc8aa3242a24f23fd5","trace_id":"tr_a04c1fb0b2904daf809b224aecd3ca5a","path":"/v1/orders","method":"POST","status_code":200,"duration_ms":15.04}
{"ts":"2026-09-12T13:21:10.132114+00:00","level":"INFO","logger":"httpx","message":"HTTP Request: POST http://testserver/v1/orders \"HTTP/1.1 200 OK\""}
{"ts":"2026-09-12T13:21:10.149132+00:00","level":"INFO","logger":"go.runtime","message":"http_request","request_id":"req_7672979ed63a4feab3d91a342e96215d","trace_id":"tr_b0e5e54dad524888be27cbfee0f0a0d0","path":"/v1/orders/ord_c7e740d1d2094c30/payments","method":"POST","status_code":200,"duration_ms":16.35}
{"ts":"2026-09-12T13:21:10.149645+00:00","level":"INFO","logger":"httpx","message":"HTTP Request: POST http://testserver/v1/orders/ord_c7e740d1d2094c30/payments \"HTTP/1.1 200 OK\""}
{"ts":"2026-09-12T13:21:10.182181+00:00","level":"INFO","logger":"go.runtime","message":"http_request","request_id":"req_1328b2bccd374c238de5cddd0a62bc38","trace_id":"tr_938054f177444850a9940a67ba1ea6ae","path":"/internal/v1/orders/ord_c7e740d1d2094c30/confirm","method":"POST","status_code":200,"duration_ms":31.97}
{"ts":"2026-09-12T13:21:10.182680+00:00","level":"INFO","logger":"httpx","message":"HTTP Request: POST http://testserver/internal/v1/orders/ord_c7e740d1d2094c30/confirm \"HTTP/1.1 200 OK\""}
------------------------------ Captured log call -------------------------------
INFO     go.runtime:main.py:295 http_request
INFO     httpx:_client.py:1025 HTTP Request: POST http://testserver/v1/search/hotels "HTTP/1.1 200 OK"
INFO     go.runtime:main.py:295 http_request
INFO     httpx:_client.py:1025 HTTP Request: POST http://testserver/v1/offers/off_f2d6a6d153c54e22/prebook "HTTP/1.1 200 OK"
INFO     go.runtime:main.py:295 http_request
INFO     httpx:_client.py:1025 HTTP Request: POST http://testserver/v1/orders "HTTP/1.1 200 OK"
INFO     go.runtime:main.py:295 http_request
INFO     httpx:_client.py:1025 HTTP Request: POST http://testserver/v1/orders/ord_c7e740d1d2094c30/payments "HTTP/1.1 200 OK"
INFO     go.runtime:main.py:295 http_request
INFO     httpx:_client.py:1025 HTTP Request: POST http://testserver/internal/v1/orders/ord_c7e740d1d2094c30/confirm "HTTP/1.1 200 OK"
=========================== short test summary info ============================
FAILED application/tests/test_depth43_hotel_change_trips.py::test_changed_hotel_trip_has_current_payment_and_dates[80000]
!!!!!!!!!!!!!!!!!!!!!!!!!! stopping after 1 failures !!!!!!!!!!!!!!!!!!!!!!!!!!!
1 failed in 9.99s
