✔ HTTP helper retains CSRF together with idempotency header (3.176478ms)
✔ Escape cancels traveler selection without authorizing or creating an order (8.612068ms)
✔ rental consent is bound to the selected traveler, field and purpose (3.127383ms)
✔ payment is cancelled without any checkout mutation (1.407135ms)
✔ a failed confirmed payment stays visible and can be retried (1.578444ms)
✔ cancelling a party selection creates no order or grant (1.621209ms)
✔ a party must contain the exact number of different travelers (2.047042ms)
✔ party confirmation returns only the explicitly selected traveler references (1.444071ms)
✔ party selection cannot submit without confirming adult travelers and purpose (1.464171ms)
✔ consumer uses locked V14 main and compact artwork with responsive selection (2.409179ms)
✔ supplier and admin share the locked reverse V14 compact lockup (1.426915ms)
✔ all three entry documents advance cache tokens together (0.282647ms)
✔ GO subbrands use V14 geometry with a deliberately recessive GO tier (0.408427ms)
✔ legacy runtime asset names also resolve to locked V14 geometry (0.408527ms)
(node:14) [MODULE_TYPELESS_PACKAGE_JSON] Warning: Module type of file:///workspace/scratch/000d6f24d8dd/go-depth-repair/application/mobile/go-app/src/domain/tripFacts.ts is not specified and it doesn't parse as CommonJS.
Reparsing as ES module because module syntax was detected. This incurs a performance overhead.
To eliminate this warning, add "type": "module" to /workspace/scratch/000d6f24d8dd/go-depth-repair/application/mobile/go-app/package.json.
(Use `node --trace-warnings ...` to show where the warning was created)
✔ web trip keeps original and requested dates separate while supplement is pending (3.363981ms)
✔ native trip shows pending money honestly and completed refund total (1.057797ms)
✔ supplier workbench displays the same cumulative payment summary (3.289298ms)
✔ cancel review shows every cash component and exact fee basis before submission (25.339352ms)
✔ closing cancel review never sends cancellation or reloads as completed (1.141384ms)
✔ unchecked money confirmation cannot submit a cash action (1.477612ms)
✔ change confirmation keeps paid room value, incremental difference and fee separate (1.522379ms)
✔ cancelled date selection does not request new inventory or a payment (2.641831ms)
✔ displayed quote hash stays bound across asynchronous source mutation (1.12562ms)
✔ unknown supplier progress offers query only and binds the saved operation (1.365041ms)
✔ cancel confirmed and refund pending remain distinct in the customer progress card (1.244019ms)
✔ credit conversion waits for explicit quoted consent and does not claim an unknown cancellation succeeded (6.262028ms)
✔ canceling traveler selection sends no redemption or automatic identity (1.298852ms)
✔ redemption network retry binds the same quote and explicitly selected traveler (3.299043ms)
✔ unknown booking and pending refund remain distinct from completed credit restoration (1.341205ms)
✔ canceling a supplementary payment dialog re-enables the action (24.710042ms)
✔ conversion separates prior cash refunds and forfeiture from retained credit (1.444241ms)
✔ forfeiture conversion confirmation stays bound to the displayed quote after source object changes (2.307566ms)
✔ credit detail keeps original excluded value visible after redemption changes (1.101774ms)
✔ historical credit without a forfeiture breakdown never renders invalid amounts (1.17806ms)
✔ fare confirmation separates fee tiers, cooling, change and property credit terms (2.74068ms)
✔ cancelling fare confirmation has no accepted contract (0.967622ms)
✔ accepted hash remains bound to the rules displayed before asynchronous state changes (0.896474ms)
✔ declining hotel rules never selects or authorizes a traveler or creates an order (1.960501ms)
✔ accepted hotel contract is included with selected traveler and stable booking request identity (1.327155ms)
✔ supplier money and percentage inputs use exact minor units (1.312863ms)
✔ supplier lost-response retry keeps request identity and sends only the claimed cause (4.720149ms)
✔ supplier duplicate clicks while a request is pending cannot create another request (1.03954ms)
✔ unknown supplier cancellation shows approved refund waiting for confirmation, without a resend button (15.580694ms)
✔ hotel funds distinguish frozen, charged, released and refunded cent amounts (13.011843ms)
✔ only approved pending refunds expose retry and all server labels are escaped (0.441657ms)
✔ unknown funding shows reconciliation instead of a false payment claim (0.340254ms)
✔ trip links only open the exact canonical owned direct-reservation path (0.265461ms)
✔ closing a stay complaint form makes no request (0.945158ms)
✔ complaint retries reuse the same request identity and have no refund approval fields (1.338121ms)
✔ blank complaints and duplicate submission clicks cannot send extra requests (0.725986ms)
✔ closing hotel authorization leaves funds untouched (1.796443ms)
✔ hotel checkout requires confirmation and binds the complete stay amount (1.498944ms)
✔ a second click cannot create another hotel authorization while the first is pending (2.371131ms)
✔ a failed hotel authorization remains visible and can be retried (2.378432ms)
✔ conversion clearly shows capture and value and closing does not convert (22.320013ms)
✔ conversion retry keeps original quote, amount and original expiry (2.902644ms)
✔ redemption uses server quote policy and displays forfeiture before consent (1.781531ms)
✔ redemption confirms a fresh traveler and only releases hotel fields (1.875323ms)
✔ double click and Escape cannot duplicate or dismiss pending redemption (9.196695ms)
✔ credit list filters property and disables frozen, expired or reconciliation credits (1.34365ms)
✔ a cancellation quote never cancels a booking and closing preserves it (25.492474ms)
✔ fee consent binds the server quote and keeps frozen release separate from cash refund (2.665006ms)
✔ interrupted cancellation retry uses exactly the same quote and fee (1.874622ms)
✔ double clicks cannot settle twice while a cancellation is pending (1.252231ms)
✔ unavailable fare actions have no executable buttons and rule text is escaped (1.447556ms)
✔ date changes quote first and require fresh consent after editing dates (2.516511ms)
✔ extension keeps check-in fixed and explains replacement authorization (1.543451ms)
✔ GO Trip shows all states, searches owned rows, opens the filtered order and restores all (2.948393ms)
✔ legacy hotel return opens the same all-order GO Trip (0.925999ms)
✔ independent review requires an explicit checked attestation and chosen proof (1.103347ms)
✔ review submits the exact evidence snapshot and no caller-selected money (0.750374ms)
✔ customer sees completed original refund separately from pending extra payment (13.475994ms)
✔ unapproved guest liability is a review hold without a refund promise or pay button (0.236578ms)
✔ zero captured payment explains authorization release and completed case has no retry (0.27117ms)
✔ finance entry converts decimal currency without fractional cents or silent rounding (0.345121ms)
✔ local build preserves development API and unrelated Expo config (1.060852ms)
✔ preview and production require an explicit API binding (0.524903ms)
✔ external builds reject loopback, placeholder, plaintext and credential URLs (0.414005ms)
✔ explicit HTTPS build API reaches the same extra field consumed by client.ts (0.179931ms)
✔ existing environment names and release metadata remain compatible (0.715301ms)
(node:122) [MODULE_TYPELESS_PACKAGE_JSON] Warning: Module type of file:///workspace/scratch/000d6f24d8dd/go-depth-repair/application/mobile/go-app/src/domain/changeActions.ts is not specified and it doesn't parse as CommonJS.
Reparsing as ES module because module syntax was detected. This incurs a performance overhead.
To eliminate this warning, add "type": "module" to /workspace/scratch/000d6f24d8dd/go-depth-repair/application/mobile/go-app/package.json.
(Use `node --trace-warnings ...` to show where the warning was created)
✔ HOTEL: explicit confirmation consumes one quote and reads original order (9.874223ms)
✔ HOTEL: expiry, edit and session changes prevent submission (1.226263ms)
✔ HOTEL: wrong identity or unavailable isolated channel cannot execute (0.699647ms)
✔ HOTEL: timeout is unknown and never auto-retried (0.995924ms)
✔ FLIGHT: explicit confirmation consumes one quote and reads original order (0.861932ms)
✔ FLIGHT: expiry, edit and session changes prevent submission (0.726257ms)
✔ FLIGHT: wrong identity or unavailable isolated channel cannot execute (0.349878ms)
✔ FLIGHT: timeout is unknown and never auto-retried (0.284069ms)
✔ RAIL: explicit confirmation consumes one quote and reads original order (0.560046ms)
✔ RAIL: expiry, edit and session changes prevent submission (0.643552ms)
✔ RAIL: wrong identity or unavailable isolated channel cannot execute (0.408467ms)
✔ RAIL: timeout is unknown and never auto-retried (0.269758ms)
✔ ATTRACTION: explicit confirmation consumes one quote and reads original order (0.512004ms)
✔ ATTRACTION: expiry, edit and session changes prevent submission (0.411402ms)
✔ ATTRACTION: wrong identity or unavailable isolated channel cannot execute (0.377841ms)
✔ ATTRACTION: timeout is unknown and never auto-retried (0.379013ms)
✔ RENTAL: explicit confirmation consumes one quote and reads original order (0.634188ms)
✔ RENTAL: expiry, edit and session changes prevent submission (2.232893ms)
✔ RENTAL: wrong identity or unavailable isolated channel cannot execute (0.316077ms)
✔ RENTAL: timeout is unknown and never auto-retried (0.248956ms)
✔ invalid replacement quote destroys old consent; dates are canonical (0.542379ms)
✔ double submit makes only one mutation (0.291921ms)
(node:124) [MODULE_TYPELESS_PACKAGE_JSON] Warning: Module type of file:///workspace/scratch/000d6f24d8dd/go-depth-repair/application/mobile/go-app/src/domain/changeTerms.ts is not specified and it doesn't parse as CommonJS.
Reparsing as ES module because module syntax was detected. This incurs a performance overhead.
To eliminate this warning, add "type": "module" to /workspace/scratch/000d6f24d8dd/go-depth-repair/application/mobile/go-app/package.json.
(Use `node --trace-warnings ...` to show where the warning was created)
✔ hotel lower price still discloses the nonrefundable loss and separate fee (1.062465ms)
✔ missing or inconsistent hotel financial terms are not confirmable (0.520066ms)
✔ flight and rail disclose transport identity and reject inconsistent fee sums (0.283378ms)
✔ rental lower cost specifies original payment and validates the rate calculation (0.197207ms)
✔ attraction free change never silently accepts a newly introduced charge (0.13215ms)
(node:138) [MODULE_TYPELESS_PACKAGE_JSON] Warning: Module type of file:///workspace/scratch/000d6f24d8dd/go-depth-repair/application/mobile/go-app/src/domain/tripFacts.ts is not specified and it doesn't parse as CommonJS.
Reparsing as ES module because module syntax was detected. This incurs a performance overhead.
To eliminate this warning, add "type": "module" to /workspace/scratch/000d6f24d8dd/go-depth-repair/application/mobile/go-app/package.json.
(Use `node --trace-warnings ...` to show where the warning was created)
✔ Direct navigation preserves the owned reservation identity (1.641459ms)
✔ Direct details read only the canonical reservation and matching events (0.590051ms)
✔ Direct mismatched or missing records cannot display confirmation (0.737103ms)
(node:139) [MODULE_TYPELESS_PACKAGE_JSON] Warning: Module type of file:///workspace/scratch/000d6f24d8dd/go-depth-repair/application/mobile/go-app/src/domain/orderActions.ts is not specified and it doesn't parse as CommonJS.
Reparsing as ES module because module syntax was detected. This incurs a performance overhead.
To eliminate this warning, add "type": "module" to /workspace/scratch/000d6f24d8dd/go-depth-repair/application/mobile/go-app/package.json.
(Use `node --trace-warnings ...` to show where the warning was created)
✔ hotel cancellation sends the displayed quote identity without silently creating another quote (4.677004ms)
✔ hotel server rejects a stale accepted quote without replacing it or retrying cancellation (1.150778ms)
✔ hotel malformed, expired or foreign accepted quote cannot send cancellation (1.27075ms)
(node:151) [MODULE_TYPELESS_PACKAGE_JSON] Warning: Module type of file:///workspace/scratch/000d6f24d8dd/go-depth-repair/application/mobile/go-app/src/domain/orderActions.ts is not specified and it doesn't parse as CommonJS.
Reparsing as ES module because module syntax was detected. This incurs a performance overhead.
To eliminate this warning, add "type": "module" to /workspace/scratch/000d6f24d8dd/go-depth-repair/application/mobile/go-app/package.json.
(Use `node --trace-warnings ...` to show where the warning was created)
✔ HOTEL: payment binds fresh amount and re-reads the same order after lost response (3.089556ms)
✔ HOTEL: changed amount and unavailable channel cannot execute payment (0.665395ms)
✔ HOTEL: refund confirms quoted amount, submits once and does not invent refunded state (1.637063ms)
✔ HOTEL: changed refund terms need reconfirmation before any cancellation (2.744576ms)
✔ FLIGHT: payment binds fresh amount and re-reads the same order after lost response (0.318261ms)
✔ FLIGHT: changed amount and unavailable channel cannot execute payment (0.220373ms)
✔ FLIGHT: refund confirms quoted amount, submits once and does not invent refunded state (0.718705ms)
✔ FLIGHT: changed refund terms need reconfirmation before any cancellation (0.249837ms)
✔ RAIL: payment binds fresh amount and re-reads the same order after lost response (3.010071ms)
✔ RAIL: changed amount and unavailable channel cannot execute payment (0.4964ms)
✔ RAIL: refund confirms quoted amount, submits once and does not invent refunded state (0.532494ms)
✔ RAIL: changed refund terms need reconfirmation before any cancellation (0.272762ms)
✔ RENTAL: payment binds fresh amount and re-reads the same order after lost response (0.259202ms)
✔ RENTAL: changed amount and unavailable channel cannot execute payment (0.281315ms)
✔ RENTAL: refund confirms quoted amount, submits once and does not invent refunded state (0.442729ms)
✔ RENTAL: changed refund terms need reconfirmation before any cancellation (0.282247ms)
✔ RIDE: payment binds fresh amount and re-reads the same order after lost response (0.26464ms)
✔ RIDE: changed amount and unavailable channel cannot execute payment (0.268966ms)
✔ RIDE: refund confirms quoted amount, submits once and does not invent refunded state (4.916186ms)
✔ RIDE: changed refund terms need reconfirmation before any cancellation (0.260904ms)
✔ ATTRACTION: payment binds fresh amount and re-reads the same order after lost response (0.228755ms)
✔ ATTRACTION: changed amount and unavailable channel cannot execute payment (0.12582ms)
✔ ATTRACTION: refund confirms quoted amount, submits once and does not invent refunded state (1.742442ms)
✔ ATTRACTION: changed refund terms need reconfirmation before any cancellation (0.103736ms)
✔ identity substitution and concurrent payment submission are blocked (0.443119ms)
✔ screen/session change prevents a mutation after read-only preflight (0.198981ms)
✔ all six booking intents use explicit vault identities with stable keys and no fabricated people (4.742493ms)
✔ portable request fingerprint matches standard SHA-256 for Unicode and block boundaries (0.613426ms)
(node:152) [MODULE_TYPELESS_PACKAGE_JSON] Warning: Module type of file:///workspace/scratch/000d6f24d8dd/go-depth-repair/application/mobile/go-app/src/api/transport.ts is not specified and it doesn't parse as CommonJS.
Reparsing as ES module because module syntax was detected. This incurs a performance overhead.
To eliminate this warning, add "type": "module" to /workspace/scratch/000d6f24d8dd/go-depth-repair/application/mobile/go-app/package.json.
(Use `node --trace-warnings ...` to show where the warning was created)
✔ logout immediately invalidates old UI and blocks orders while remote revocation is pending (4.928354ms)
✔ read started before logout cannot return old account data (1.331872ms)
✔ clear blocks stale stored credentials before slow deletion completes (11.920435ms)
✔ logout supersedes a login waiting for secure storage without dispatching login (0.974782ms)
✔ late failed logout cannot clear a later successful account login (1.657623ms)
✔ missing refresh token after 401 invalidates the authenticated UI (1.130578ms)
✔ 401 after successful refresh invalidates the session without a third request (1.272502ms)
✔ a permission denial does not clear an otherwise valid account (0.571103ms)
✔ a broken UI subscriber cannot prevent token clearing or other subscribers (0.518933ms)
✔ failed token persistence cannot expose a partially saved login to requests (0.700829ms)
✔ temporary refresh outage preserves the session and never retries the business mutation (0.515018ms)
✔ a successful HTTP response without revocation evidence is not remote logout success (0.528108ms)
(node:164) [MODULE_TYPELESS_PACKAGE_JSON] Warning: Module type of file:///workspace/scratch/000d6f24d8dd/go-depth-repair/application/mobile/go-app/src/api/transport.ts is not specified and it doesn't parse as CommonJS.
Reparsing as ES module because module syntax was detected. This incurs a performance overhead.
To eliminate this warning, add "type": "module" to /workspace/scratch/000d6f24d8dd/go-depth-repair/application/mobile/go-app/package.json.
(Use `node --trace-warnings ...` to show where the warning was created)
✔ concurrent expired mutations share one refresh and retain each original idempotency key/body (5.245422ms)
✔ a mutation with lost response is uncertain and is never automatically retried (0.687969ms)
✔ account change discards pending reads and refresh tokens from the old account (1.342137ms)
✔ refresh rejection invalidates current session and notifies the UI (3.222427ms)
✔ logout revokes remotely and still clears locally after a transport failure (1.520606ms)
✔ a previous logout cannot clear a newly logged-in account (8.027344ms)
✔ only chosen API-relative paths are requested and caller auth cannot override the session (1.892027ms)
✔ aborted mutations before dispatch are known not sent; malformed successful responses are uncertain (0.5427ms)
(node:180) [MODULE_TYPELESS_PACKAGE_JSON] Warning: Module type of file:///workspace/scratch/000d6f24d8dd/go-depth-repair/application/mobile/go-app/src/domain/tripFacts.ts is not specified and it doesn't parse as CommonJS.
Reparsing as ES module because module syntax was detected. This incurs a performance overhead.
To eliminate this warning, add "type": "module" to /workspace/scratch/000d6f24d8dd/go-depth-repair/application/mobile/go-app/package.json.
(Use `node --trace-warnings ...` to show where the warning was created)
✔ native navigation binds all six verticals to an owned canonical identity (1.922684ms)
✔ native check-in renders each passenger and leg independently (0.44993ms)
✔ missing, stale, duplicate, future or wrong-order check-in evidence is unverified (0.282567ms)
✔ only safe HTTPS links are offered by native travel facts (0.399103ms)
✔ native rental details never request ride tracking (0.445002ms)
✔ ride tracking failure cannot hide the existing ride order (0.252692ms)
✔ tracking and order identity mismatches cannot render another order (0.552295ms)
✔ rail order preserves party, immutable prebook and original total through payment cancellation (2.439115ms)
✔ attraction order uses the quoted slot, quantity and prebook and shows eligibility (0.395176ms)
✔ cancelling confirmation step 1 never creates an order or payment (0.193272ms)
✔ cancelling confirmation step 2 never creates an order or payment (0.240183ms)
✔ cancelled party selection cannot reach order creation (0.279261ms)
✔ quote that expires during traveler selection cannot create or pay an order (0.589ms)
✔ missing final consent never creates an order (1.623693ms)
✔ different people are required for every quoted place (0.631774ms)
✔ an uncertain payment still opens the existing order for recovery (0.419323ms)
✔ repeated clicks cannot start a second booking while confirmation is open (0.472334ms)
✔ mismatched total, journey or slot is refused before any traveler consent (1.289217ms)
✔ cancelling date selection never requests a quote or payment (2.051919ms)
✔ ride changes continue to use their separate workflow (0.611022ms)
✔ viewing a rental quote does not execute the change (0.880009ms)
✔ confirmed refund difference retains its sign and server quote identity (1.343569ms)
✔ unchecked amount consent blocks executing a displayed quote (1.100963ms)
✔ the shared amount formatter preserves cents on confirmation screens (13.607593ms)
✔ consumer: concurrent expired reads refresh once and preserve namespace (8.992422ms)
✔ consumer: a mutation without idempotency is never replayed after renewal (2.959656ms)
✔ consumer: an idempotent retry retains the original key and body (1.453796ms)
✔ consumer: failed refresh stops without retrying the operation (1.319162ms)
✔ console: concurrent expired reads refresh once and preserve namespace (4.585306ms)
✔ console: a mutation without idempotency is never replayed after renewal (1.014913ms)
✔ console: an idempotent retry retains the original key and body (1.129716ms)
✔ console: failed refresh stops without retrying the operation (1.379994ms)
✔ consumer logout failure preserves account and current page; success clears all private state (1.451002ms)
✔ console logout failure is surfaced instead of silently reporting success (1.027251ms)
✔ console requests work when randomUUID is unavailable in an HTTP preview (1.207124ms)
✔ console login binds the requested account type before establishing a session (0.823794ms)
✔ a changed console actor clears the stale UI and never refreshes or retries (0.765936ms)
✔ consumer: expired access can renew once to revoke its own session (1.545134ms)
✔ console: expired access can renew once to revoke its own session (0.647859ms)
✔ unverified check-in never exposes links or boarding passes (2.089676ms)
✔ per-traveler boarding pass appears only for the verified pass state (0.827369ms)
✔ invalid URL schemes and credentials do not become customer links (0.62254ms)
✔ unknown fleet outcome clearly separates confirmed and proposed times (0.647037ms)
✔ cancelled tracking confirmation sends no binding mutation (0.786378ms)
✔ checked consent sends exact displayed revision and server authority, never wait overrides (0.759166ms)
✔ missing consent prevents any tracking write (1.081713ms)
✔ no authorized source does not open an unusable confirmation dialog (0.551803ms)
✔ waiting protection is conditional and shows the actual event allowance (0.616051ms)
✔ late check-in response cannot populate a detached screen (5.781423ms)
✔ HOTEL_CATALOG: reopen the existing order without a new order or payment (2.488739ms)
✔ HOTEL_DIRECT: reopen the existing order without a new order or payment (1.25842ms)
✔ FLIGHT: reopen the existing order without a new order or payment (0.606886ms)
✔ RAIL: reopen the existing order without a new order or payment (0.532014ms)
✔ RIDE: reopen the existing order without a new order or payment (0.528898ms)
✔ RENTAL: reopen the existing order without a new order or payment (0.548258ms)
✔ ATTRACTION: reopen the existing order without a new order or payment (0.599495ms)
✔ untrusted evidence URLs and unsupported identities never select an endpoint (0.878096ms)
✔ card output escapes content and uses current canonical status (0.732326ms)
✔ an order response cannot populate a different order or vertical (1.120282ms)
✔ late order response cannot overwrite a new screen (6.012381ms)
✔ continuing payment re-reads amount and uses the original order only (1.155255ms)
✔ already paid or expired orders cannot invoke payment from a stale card (1.419263ms)
✔ payment timeout reads the same order and never silently resends (0.747058ms)
✔ leaving before the fresh order read prevents a payment dialog (0.562509ms)
✔ real app dispatch uses every existing enriched order renderer (3.378352ms)
✔ closing permission confirmation sends no permission mutation (2.930356ms)
✔ source disconnect remains explicit and retains server-directed semantics (2.413616ms)
✔ person edit binds the displayed revision and leaves a blank birth date untouched (1.365352ms)
✔ sensitive import inspection happens only after explicit confirmation, with no implicit acceptance (6.576263ms)
✔ untrusted imported content is escaped before display (1.505854ms)
✔ duplicate submits during a pending mutation call the server once (1.233633ms)
✔ import reassignment binds traveler and item revision and does not accept content (1.448998ms)
✔ RAIL cancellation requires explicit confirmation (1.971287ms)
✔ RAIL response loss still reloads persisted order (0.908462ms)
✔ RAIL paid or uncertain orders cannot open unpaid cancellation (2.351342ms)
✔ ATTRACTION cancellation requires explicit confirmation (0.581227ms)
✔ ATTRACTION response loss still reloads persisted order (0.766137ms)
✔ ATTRACTION paid or uncertain orders cannot open unpaid cancellation (1.901932ms)
✔ new unpaid reservation displays its frozen UTC deadline (1.122405ms)
✔ legacy orders never receive a fabricated deadline (0.182465ms)
✔ expiry display relies on persisted server state instead of browser clock (0.124768ms)
✔ started and uncertain payment keeps its reservation message (0.172069ms)
✔ RAIL: opening recovery does not send a refund until confirmed (2.00602ms)
✔ RAIL: failed response still reloads persisted order state (0.945788ms)
✔ ATTRACTION: opening recovery does not send a refund until confirmed (0.610202ms)
✔ ATTRACTION: failed response still reloads persisted order state (0.648529ms)
✔ busy recovery gives a customer message and refreshes the existing order (0.640367ms)
✔ rail interrupted change confirms the original quote instead of creating another (0.88061ms)
ℹ tests 249
ℹ suites 0
ℹ pass 249
ℹ fail 0
ℹ cancelled 0
ℹ skipped 0
ℹ todo 0
ℹ duration_ms 644.260866
