.........................F.................................              [100%]
=================================== FAILURES ===================================
_________________________ test_consumer_frontend_mount _________________________

client = <starlette.testclient.TestClient object at 0x7f8660d2b8a0>

    def test_consumer_frontend_mount(client):
        r=client.get('/go-app/')
        assert r.status_code==200
        assert '<title>GO 旅行</title>' in r.text
>       assert '20260829-reference10-native-v2' in r.text
E       assert '20260829-reference10-native-v2' in '<!doctype html>\n<html lang="zh-CN">\n<head>\n  <meta charset="utf-8" />\n  <meta name="viewport" content="width=devi...r></script>\n  <script src="/go-app/rail-attraction-booking.js?v=20260908-depth20" defer></script>\n</body>\n</html>\n'
E        +  where '<!doctype html>\n<html lang="zh-CN">\n<head>\n  <meta charset="utf-8" />\n  <meta name="viewport" content="width=devi...r></script>\n  <script src="/go-app/rail-attraction-booking.js?v=20260908-depth20" defer></script>\n</body>\n</html>\n' = <Response [200 OK]>.text

tests/test_sprint1x_consumer_e2e.py:26: AssertionError
----------------------------- Captured stdout call -----------------------------
{"ts":"2026-09-09T06:01:26.028148+00:00","level":"INFO","logger":"go.runtime","message":"http_request","request_id":"req_5d3049c8de4e48668ac10999f4116220","trace_id":"tr_0c3524f573964ab2bb8de82f44752017","path":"/go-app/","method":"GET","status_code":200,"duration_ms":2.31}
{"ts":"2026-09-09T06:01:26.028829+00:00","level":"INFO","logger":"httpx","message":"HTTP Request: GET http://testserver/go-app/ \"HTTP/1.1 200 OK\""}
------------------------------ Captured log call -------------------------------
INFO     go.runtime:main.py:293 http_request
INFO     httpx:_client.py:1025 HTTP Request: GET http://testserver/go-app/ "HTTP/1.1 200 OK"
=============================== warnings summary ===============================
tests/test_depth20_api_fulfillment.py::test_migration_roundtrip_preserves_history_and_refuses_prebook_evidence_loss
tests/test_depth20_api_fulfillment.py::test_migration_roundtrip_preserves_history_and_refuses_prebook_evidence_loss
tests/test_depth20_api_fulfillment.py::test_migration_roundtrip_preserves_history_and_refuses_prebook_evidence_loss
tests/test_depth20_api_fulfillment.py::test_migration_roundtrip_preserves_history_and_refuses_prebook_evidence_loss
tests/test_depth20_api_fulfillment.py::test_migration_roundtrip_preserves_history_and_refuses_prebook_evidence_loss
  /workspace/scratch/af00ce8c656d/go-depth27/gate_runtime/python/lib/python3.13/site-packages/alembic/config.py:598: DeprecationWarning: No path_separator found in configuration; falling back to legacy splitting on spaces, commas, and colons for prepend_sys_path.  Consider adding path_separator=os to Alembic config.
    util.warn_deprecated(

-- Docs: https://docs.pytest.org/en/stable/how-to/capture-warnings.html
=========================== short test summary info ============================
FAILED tests/test_sprint1x_consumer_e2e.py::test_consumer_frontend_mount - as...
