2026-09-11T05:21:18.3856985Z Current runner version: '2.337.0'
2026-09-11T05:21:18.3885485Z ##[group]Runner Image Provisioner
2026-09-11T05:21:18.3886542Z Hosted Compute Agent
2026-09-11T05:21:18.3887256Z Version: 20260828.587
2026-09-11T05:21:18.3888203Z Commit: abac92662cab4cc7352de4f9f9d2e2419aad9c29
2026-09-11T05:21:18.3889182Z Build Date: 2026-08-28T16:44:25Z
2026-09-11T05:21:18.3890159Z Worker ID: {b70c8d2c-1a38-4634-9785-8748982fd5f1}
2026-09-11T05:21:18.3891063Z Azure Region: westus3
2026-09-11T05:21:18.3891781Z ##[endgroup]
2026-09-11T05:21:18.3893591Z ##[group]Operating System
2026-09-11T05:21:18.3894377Z Ubuntu
2026-09-11T05:21:18.3895488Z 22.04.5
2026-09-11T05:21:18.3896176Z LTS
2026-09-11T05:21:18.3896859Z ##[endgroup]
2026-09-11T05:21:18.3897671Z ##[group]Runner Image
2026-09-11T05:21:18.3898539Z Image: ubuntu-22.04
2026-09-11T05:21:18.3899345Z Version: 20260907.292.1
2026-09-11T05:21:18.3900971Z Included Software: https://github.com/actions/runner-images/blob/ubuntu22/20260907.292/images/ubuntu/Ubuntu2204-Readme.md
2026-09-11T05:21:18.3903062Z Image Release: https://github.com/actions/runner-images/releases/tag/ubuntu22%2F20260907.292
2026-09-11T05:21:18.3904388Z ##[endgroup]
2026-09-11T05:21:18.3906320Z ##[group]GITHUB_TOKEN Permissions
2026-09-11T05:21:18.3908459Z Actions: read
2026-09-11T05:21:18.3909264Z Contents: write
2026-09-11T05:21:18.3910038Z Metadata: read
2026-09-11T05:21:18.3910751Z ##[endgroup]
2026-09-11T05:21:18.3913257Z Secret source: Actions
2026-09-11T05:21:18.3914477Z Cache mode: write
2026-09-11T05:21:18.3915590Z Prepare workflow directory
2026-09-11T05:21:18.4666036Z Prepare all required actions
2026-09-11T05:21:18.4723252Z Getting action download info
2026-09-11T05:21:18.8405581Z Download action repository 'actions/checkout@v4' (SHA:11d5960a326750d5838078e36cf38b85af677262)
2026-09-11T05:21:18.9769030Z Download action repository 'actions/setup-python@v5' (SHA:a26af69be951a213d495a4c3e4e4022e16d87065)
2026-09-11T05:21:19.3551179Z Download action repository 'actions/download-artifact@v4' (SHA:d3f86a106a0bac45b974a628896c90dbdf5c8093)
2026-09-11T05:21:20.0283056Z Download action repository 'actions/upload-artifact@v4' (SHA:ea165f8d65b6e75b540449e92b4886f43607fa02)
2026-09-11T05:21:20.3774885Z Complete job name: build-and-verify
2026-09-11T05:21:20.4467330Z Node 20 is being deprecated. This workflow is running with Node 24 by default. If you need to temporarily use Node 20, you can set the ACTIONS_ALLOW_USE_UNSECURE_NODE_VERSION=true environment variable. For more information see: https://github.blog/changelog/2025-09-19-deprecation-of-node-20-on-github-actions-runners/
2026-09-11T05:21:20.4475667Z ##[group]Run actions/checkout@v4
2026-09-11T05:21:20.4476621Z with:
2026-09-11T05:21:20.4477339Z   ref: f2069cc52b907cc73870733c6b23bc035f9580d4
2026-09-11T05:21:20.4478278Z   persist-credentials: false
2026-09-11T05:21:20.4479108Z   repository: yuguangzhi3836-glitch/GO
2026-09-11T05:21:20.4485886Z   token: ***
2026-09-11T05:21:20.4486548Z   ssh-strict: true
2026-09-11T05:21:20.4487228Z   ssh-user: git
2026-09-11T05:21:20.4487910Z   clean: true
2026-09-11T05:21:20.4488602Z   sparse-checkout-cone-mode: true
2026-09-11T05:21:20.4489404Z   fetch-depth: 1
2026-09-11T05:21:20.4490069Z   fetch-tags: false
2026-09-11T05:21:20.4490788Z   show-progress: true
2026-09-11T05:21:20.4491463Z   lfs: false
2026-09-11T05:21:20.4492100Z   submodules: false
2026-09-11T05:21:20.4492779Z   set-safe-directory: true
2026-09-11T05:21:20.4493558Z   allow-unsafe-pr-checkout: false
2026-09-11T05:21:20.4494696Z env:
2026-09-11T05:21:20.4495405Z   PYTHONDONTWRITEBYTECODE: 1
2026-09-11T05:21:20.4496221Z   IMAGE: go-depth40-staging:ci-34565633360
2026-09-11T05:21:20.4497072Z ##[endgroup]
2026-09-11T05:21:20.5670405Z Syncing repository: yuguangzhi3836-glitch/GO
2026-09-11T05:21:20.5673294Z ##[group]Getting Git version info
2026-09-11T05:21:20.5698874Z Working directory is '/home/runner/work/GO/GO'
2026-09-11T05:21:20.5703475Z [command]/usr/bin/git version
2026-09-11T05:21:20.5711887Z git version 2.55.0
2026-09-11T05:21:20.5720329Z ##[endgroup]
2026-09-11T05:21:20.5728887Z Temporarily overriding HOME='/home/runner/work/_temp/9ac18ab0-3f5b-42d8-9934-0e2c8bf35655' before making global git config changes
2026-09-11T05:21:20.5742267Z Adding repository directory to the temporary git global config as a safe directory
2026-09-11T05:21:20.5745429Z [command]/usr/bin/git config --global --add safe.directory /home/runner/work/GO/GO
2026-09-11T05:21:20.5769433Z Deleting the contents of '/home/runner/work/GO/GO'
2026-09-11T05:21:20.5771647Z ##[group]Initializing the repository
2026-09-11T05:21:20.5786733Z [command]/usr/bin/git init /home/runner/work/GO/GO
2026-09-11T05:21:20.5901296Z hint: Using 'master' as the name for the initial branch. This default branch name
2026-09-11T05:21:20.5906215Z hint: will change to "main" in Git 3.0. To configure the initial branch name
2026-09-11T05:21:20.5910472Z hint: to use in all of your new repositories, which will suppress this warning,
2026-09-11T05:21:20.5912690Z hint: call:
2026-09-11T05:21:20.5913808Z hint:
2026-09-11T05:21:20.5915503Z hint: 	git config --global init.defaultBranch <name>
2026-09-11T05:21:20.5917177Z hint:
2026-09-11T05:21:20.5918744Z hint: Names commonly chosen instead of 'master' are 'main', 'trunk' and
2026-09-11T05:21:20.5921145Z hint: 'development'. The just-created branch can be renamed via this command:
2026-09-11T05:21:20.5923139Z hint:
2026-09-11T05:21:20.5924368Z hint: 	git branch -m <name>
2026-09-11T05:21:20.5925945Z hint:
2026-09-11T05:21:20.5927559Z hint: Disable this message with "git config set advice.defaultBranchName false"
2026-09-11T05:21:20.5930053Z Initialized empty Git repository in /home/runner/work/GO/GO/.git/
2026-09-11T05:21:20.5934969Z [command]/usr/bin/git remote add origin https://github.com/yuguangzhi3836-glitch/GO
2026-09-11T05:21:20.6026169Z ##[endgroup]
2026-09-11T05:21:20.6036092Z ##[group]Disabling automatic garbage collection
2026-09-11T05:21:20.6063290Z [command]/usr/bin/git config --local gc.auto 0
2026-09-11T05:21:20.6067858Z ##[endgroup]
2026-09-11T05:21:20.6069680Z ##[group]Setting up auth
2026-09-11T05:21:20.6071520Z [command]/usr/bin/git config --local --name-only --get-regexp core\.sshCommand
2026-09-11T05:21:20.6124838Z [command]/usr/bin/git submodule foreach --recursive sh -c "git config --local --name-only --get-regexp 'core\.sshCommand' && git config --local --unset-all 'core.sshCommand' || :"
2026-09-11T05:21:20.6568696Z [command]/usr/bin/git config --local --name-only --get-regexp http\.https\:\/\/github\.com\/\.extraheader
2026-09-11T05:21:20.6638068Z [command]/usr/bin/git submodule foreach --recursive sh -c "git config --local --name-only --get-regexp 'http\.https\:\/\/github\.com\/\.extraheader' && git config --local --unset-all 'http.https://github.com/.extraheader' || :"
2026-09-11T05:21:20.6904996Z [command]/usr/bin/git config --local --name-only --get-regexp ^includeIf\.gitdir:
2026-09-11T05:21:20.6953649Z [command]/usr/bin/git submodule foreach --recursive git config --local --show-origin --name-only --get-regexp remote.origin.url
2026-09-11T05:21:20.7180000Z [command]/usr/bin/git config --local http.https://github.com/.extraheader AUTHORIZATION: basic ***
2026-09-11T05:21:20.7221020Z ##[endgroup]
2026-09-11T05:21:20.7223154Z ##[group]Fetching the repository
2026-09-11T05:21:20.7231523Z [command]/usr/bin/git -c protocol.version=2 fetch --no-tags --prune --no-recurse-submodules --depth=1 origin f2069cc52b907cc73870733c6b23bc035f9580d4
2026-09-11T05:21:22.4533232Z From https://github.com/yuguangzhi3836-glitch/GO
2026-09-11T05:21:22.4534262Z  * branch            f2069cc52b907cc73870733c6b23bc035f9580d4 -> FETCH_HEAD
2026-09-11T05:21:22.4547255Z ##[endgroup]
2026-09-11T05:21:22.4561261Z ##[group]Determining the checkout info
2026-09-11T05:21:22.4561904Z ##[endgroup]
2026-09-11T05:21:22.4562261Z [command]/usr/bin/git sparse-checkout disable
2026-09-11T05:21:22.4611688Z [command]/usr/bin/git config --local --unset-all extensions.worktreeConfig
2026-09-11T05:21:22.4659099Z ##[group]Checking out the ref
2026-09-11T05:21:22.4659960Z [command]/usr/bin/git checkout --progress --force f2069cc52b907cc73870733c6b23bc035f9580d4
2026-09-11T05:21:22.5246009Z Note: switching to 'f2069cc52b907cc73870733c6b23bc035f9580d4'.
2026-09-11T05:21:22.5248025Z 
2026-09-11T05:21:22.5248655Z You are in 'detached HEAD' state. You can look around, make experimental
2026-09-11T05:21:22.5249490Z changes and commit them, and you can discard any commits you make in this
2026-09-11T05:21:22.5250275Z state without impacting any branches by switching back to a branch.
2026-09-11T05:21:22.5250837Z 
2026-09-11T05:21:22.5251294Z If you want to create a new branch to retain commits you create, you may
2026-09-11T05:21:22.5252034Z do so (now or later) by using -c with the switch command. Example:
2026-09-11T05:21:22.5252516Z 
2026-09-11T05:21:22.5252833Z   git switch -c <new-branch-name>
2026-09-11T05:21:22.5253228Z 
2026-09-11T05:21:22.5253517Z Or undo this operation with:
2026-09-11T05:21:22.5253875Z 
2026-09-11T05:21:22.5254135Z   git switch -
2026-09-11T05:21:22.5254813Z 
2026-09-11T05:21:22.5255348Z Turn off this advice by setting config variable advice.detachedHead to false
2026-09-11T05:21:22.5255996Z 
2026-09-11T05:21:22.5256613Z HEAD is now at f2069cc DEPTH40 packaging: bind durable media volume before startup and preserve failure diagnostics
2026-09-11T05:21:22.5269275Z ##[endgroup]
2026-09-11T05:21:22.5308596Z [command]/usr/bin/git log -1 --format=%H
2026-09-11T05:21:22.5337531Z f2069cc52b907cc73870733c6b23bc035f9580d4
2026-09-11T05:21:22.5350764Z ##[group]Removing auth
2026-09-11T05:21:22.5353367Z [command]/usr/bin/git config --local --name-only --get-regexp core\.sshCommand
2026-09-11T05:21:22.5388455Z [command]/usr/bin/git submodule foreach --recursive sh -c "git config --local --name-only --get-regexp 'core\.sshCommand' && git config --local --unset-all 'core.sshCommand' || :"
2026-09-11T05:21:22.5622847Z [command]/usr/bin/git config --local --name-only --get-regexp http\.https\:\/\/github\.com\/\.extraheader
2026-09-11T05:21:22.5649307Z http.https://github.com/.extraheader
2026-09-11T05:21:22.5656282Z [command]/usr/bin/git config --local --unset-all http.https://github.com/.extraheader
2026-09-11T05:21:22.5691070Z [command]/usr/bin/git submodule foreach --recursive sh -c "git config --local --name-only --get-regexp 'http\.https\:\/\/github\.com\/\.extraheader' && git config --local --unset-all 'http.https://github.com/.extraheader' || :"
2026-09-11T05:21:22.5915682Z [command]/usr/bin/git config --local --name-only --get-regexp ^includeIf\.gitdir:
2026-09-11T05:21:22.5948909Z [command]/usr/bin/git submodule foreach --recursive git config --local --show-origin --name-only --get-regexp remote.origin.url
2026-09-11T05:21:22.6190892Z ##[endgroup]
2026-09-11T05:21:22.6399318Z Node 20 is being deprecated. This workflow is running with Node 24 by default. If you need to temporarily use Node 20, you can set the ACTIONS_ALLOW_USE_UNSECURE_NODE_VERSION=true environment variable. For more information see: https://github.blog/changelog/2025-09-19-deprecation-of-node-20-on-github-actions-runners/
2026-09-11T05:21:22.6400905Z ##[group]Run actions/checkout@v4
2026-09-11T05:21:22.6401117Z with:
2026-09-11T05:21:22.6401317Z   ref: ff13ca334acfcec61d6463f30ca94d7964086635
2026-09-11T05:21:22.6401567Z   path: dependency-source
2026-09-11T05:21:22.6401779Z   persist-credentials: false
2026-09-11T05:21:22.6401999Z   repository: yuguangzhi3836-glitch/GO
2026-09-11T05:21:22.6404048Z   token: ***
2026-09-11T05:21:22.6404230Z   ssh-strict: true
2026-09-11T05:21:22.6404405Z   ssh-user: git
2026-09-11T05:21:22.6404787Z   clean: true
2026-09-11T05:21:22.6405010Z   sparse-checkout-cone-mode: true
2026-09-11T05:21:22.6405227Z   fetch-depth: 1
2026-09-11T05:21:22.6405428Z   fetch-tags: false
2026-09-11T05:21:22.6405611Z   show-progress: true
2026-09-11T05:21:22.6405799Z   lfs: false
2026-09-11T05:21:22.6405971Z   submodules: false
2026-09-11T05:21:22.6406156Z   set-safe-directory: true
2026-09-11T05:21:22.6406362Z   allow-unsafe-pr-checkout: false
2026-09-11T05:21:22.6406570Z env:
2026-09-11T05:21:22.6406750Z   PYTHONDONTWRITEBYTECODE: 1
2026-09-11T05:21:22.6407157Z   IMAGE: go-depth40-staging:ci-34565633360
2026-09-11T05:21:22.6407388Z ##[endgroup]
2026-09-11T05:21:22.7236816Z Syncing repository: yuguangzhi3836-glitch/GO
2026-09-11T05:21:22.7237814Z ##[group]Getting Git version info
2026-09-11T05:21:22.7238509Z Working directory is '/home/runner/work/GO/GO/dependency-source'
2026-09-11T05:21:22.7280567Z [command]/usr/bin/git version
2026-09-11T05:21:22.7355294Z git version 2.55.0
2026-09-11T05:21:22.7388185Z ##[endgroup]
2026-09-11T05:21:22.7390657Z Temporarily overriding HOME='/home/runner/work/_temp/d29c205d-7c53-4beb-92e0-9118126a93d7' before making global git config changes
2026-09-11T05:21:22.7391862Z Adding repository directory to the temporary git global config as a safe directory
2026-09-11T05:21:22.7392856Z [command]/usr/bin/git config --global --add safe.directory /home/runner/work/GO/GO/dependency-source
2026-09-11T05:21:22.7448571Z ##[group]Initializing the repository
2026-09-11T05:21:22.7449832Z [command]/usr/bin/git init /home/runner/work/GO/GO/dependency-source
2026-09-11T05:21:22.7515663Z hint: Using 'master' as the name for the initial branch. This default branch name
2026-09-11T05:21:22.7538736Z hint: will change to "main" in Git 3.0. To configure the initial branch name
2026-09-11T05:21:22.7539740Z hint: to use in all of your new repositories, which will suppress this warning,
2026-09-11T05:21:22.7555438Z hint: call:
2026-09-11T05:21:22.7555925Z hint:
2026-09-11T05:21:22.7556442Z hint: 	git config --global init.defaultBranch <name>
2026-09-11T05:21:22.7556985Z hint:
2026-09-11T05:21:22.7557536Z hint: Names commonly chosen instead of 'master' are 'main', 'trunk' and
2026-09-11T05:21:22.7558393Z hint: 'development'. The just-created branch can be renamed via this command:
2026-09-11T05:21:22.7559019Z hint:
2026-09-11T05:21:22.7559418Z hint: 	git branch -m <name>
2026-09-11T05:21:22.7559845Z hint:
2026-09-11T05:21:22.7560424Z hint: Disable this message with "git config set advice.defaultBranchName false"
2026-09-11T05:21:22.7561298Z Initialized empty Git repository in /home/runner/work/GO/GO/dependency-source/.git/
2026-09-11T05:21:22.7563104Z [command]/usr/bin/git remote add origin https://github.com/yuguangzhi3836-glitch/GO
2026-09-11T05:21:22.7564857Z ##[endgroup]
2026-09-11T05:21:22.7566810Z ##[group]Disabling automatic garbage collection
2026-09-11T05:21:22.7567467Z [command]/usr/bin/git config --local gc.auto 0
2026-09-11T05:21:22.7644336Z ##[endgroup]
2026-09-11T05:21:22.7645230Z ##[group]Setting up auth
2026-09-11T05:21:22.7646072Z [command]/usr/bin/git config --local --name-only --get-regexp core\.sshCommand
2026-09-11T05:21:22.7681430Z [command]/usr/bin/git submodule foreach --recursive sh -c "git config --local --name-only --get-regexp 'core\.sshCommand' && git config --local --unset-all 'core.sshCommand' || :"
2026-09-11T05:21:22.8128386Z [command]/usr/bin/git config --local --name-only --get-regexp http\.https\:\/\/github\.com\/\.extraheader
2026-09-11T05:21:22.8186765Z [command]/usr/bin/git submodule foreach --recursive sh -c "git config --local --name-only --get-regexp 'http\.https\:\/\/github\.com\/\.extraheader' && git config --local --unset-all 'http.https://github.com/.extraheader' || :"
2026-09-11T05:21:22.8506701Z [command]/usr/bin/git config --local --name-only --get-regexp ^includeIf\.gitdir:
2026-09-11T05:21:22.8548364Z [command]/usr/bin/git submodule foreach --recursive git config --local --show-origin --name-only --get-regexp remote.origin.url
2026-09-11T05:21:22.8835793Z [command]/usr/bin/git config --local http.https://github.com/.extraheader AUTHORIZATION: basic ***
2026-09-11T05:21:22.8896195Z ##[endgroup]
2026-09-11T05:21:22.8915239Z ##[group]Fetching the repository
2026-09-11T05:21:22.8916843Z [command]/usr/bin/git -c protocol.version=2 fetch --no-tags --prune --no-recurse-submodules --depth=1 origin ff13ca334acfcec61d6463f30ca94d7964086635
2026-09-11T05:21:26.4326381Z From https://github.com/yuguangzhi3836-glitch/GO
2026-09-11T05:21:26.4327023Z  * branch            ff13ca334acfcec61d6463f30ca94d7964086635 -> FETCH_HEAD
2026-09-11T05:21:26.4351967Z ##[endgroup]
2026-09-11T05:21:26.4352603Z ##[group]Determining the checkout info
2026-09-11T05:21:26.4353324Z ##[endgroup]
2026-09-11T05:21:26.4353899Z [command]/usr/bin/git sparse-checkout disable
2026-09-11T05:21:26.4384982Z [command]/usr/bin/git config --local --unset-all extensions.worktreeConfig
2026-09-11T05:21:26.4453910Z ##[group]Checking out the ref
2026-09-11T05:21:26.4457815Z [command]/usr/bin/git checkout --progress --force ff13ca334acfcec61d6463f30ca94d7964086635
2026-09-11T05:21:26.7597729Z Note: switching to 'ff13ca334acfcec61d6463f30ca94d7964086635'.
2026-09-11T05:21:26.7605091Z 
2026-09-11T05:21:26.7605603Z You are in 'detached HEAD' state. You can look around, make experimental
2026-09-11T05:21:26.7606388Z changes and commit them, and you can discard any commits you make in this
2026-09-11T05:21:26.7607080Z state without impacting any branches by switching back to a branch.
2026-09-11T05:21:26.7616139Z 
2026-09-11T05:21:26.7616820Z If you want to create a new branch to retain commits you create, you may
2026-09-11T05:21:26.7631387Z do so (now or later) by using -c with the switch command. Example:
2026-09-11T05:21:26.7631888Z 
2026-09-11T05:21:26.7632244Z   git switch -c <new-branch-name>
2026-09-11T05:21:26.7632601Z 
2026-09-11T05:21:26.7632918Z Or undo this operation with:
2026-09-11T05:21:26.7654924Z 
2026-09-11T05:21:26.7665240Z   git switch -
2026-09-11T05:21:26.7665662Z 
2026-09-11T05:21:26.7666188Z Turn off this advice by setting config variable advice.detachedHead to false
2026-09-11T05:21:26.7666762Z 
2026-09-11T05:21:26.7667236Z HEAD is now at ff13ca3 ci: bind Node 22.22.0 used by full backend native API contracts
2026-09-11T05:21:26.7669011Z ##[endgroup]
2026-09-11T05:21:26.7713061Z [command]/usr/bin/git log -1 --format=%H
2026-09-11T05:21:26.7741493Z ff13ca334acfcec61d6463f30ca94d7964086635
2026-09-11T05:21:26.7751593Z ##[group]Removing auth
2026-09-11T05:21:26.7755853Z [command]/usr/bin/git config --local --name-only --get-regexp core\.sshCommand
2026-09-11T05:21:26.7790471Z [command]/usr/bin/git submodule foreach --recursive sh -c "git config --local --name-only --get-regexp 'core\.sshCommand' && git config --local --unset-all 'core.sshCommand' || :"
2026-09-11T05:21:26.8075508Z [command]/usr/bin/git config --local --name-only --get-regexp http\.https\:\/\/github\.com\/\.extraheader
2026-09-11T05:21:26.8089536Z http.https://github.com/.extraheader
2026-09-11T05:21:26.8108393Z [command]/usr/bin/git config --local --unset-all http.https://github.com/.extraheader
2026-09-11T05:21:26.8141161Z [command]/usr/bin/git submodule foreach --recursive sh -c "git config --local --name-only --get-regexp 'http\.https\:\/\/github\.com\/\.extraheader' && git config --local --unset-all 'http.https://github.com/.extraheader' || :"
2026-09-11T05:21:26.8370177Z [command]/usr/bin/git config --local --name-only --get-regexp ^includeIf\.gitdir:
2026-09-11T05:21:26.8415880Z [command]/usr/bin/git submodule foreach --recursive git config --local --show-origin --name-only --get-regexp remote.origin.url
2026-09-11T05:21:26.8673175Z ##[endgroup]
2026-09-11T05:21:26.8821907Z Node 20 is being deprecated. This workflow is running with Node 24 by default. If you need to temporarily use Node 20, you can set the ACTIONS_ALLOW_USE_UNSECURE_NODE_VERSION=true environment variable. For more information see: https://github.blog/changelog/2025-09-19-deprecation-of-node-20-on-github-actions-runners/
2026-09-11T05:21:26.8822835Z ##[group]Run actions/setup-python@v5
2026-09-11T05:21:26.8823044Z with:
2026-09-11T05:21:26.8823211Z   python-version: 3.13.5
2026-09-11T05:21:26.8823405Z   check-latest: false
2026-09-11T05:21:26.8825694Z   token: ***
2026-09-11T05:21:26.8825865Z   update-environment: true
2026-09-11T05:21:26.8826080Z   allow-prereleases: false
2026-09-11T05:21:26.8826265Z   freethreaded: false
2026-09-11T05:21:26.8826437Z env:
2026-09-11T05:21:26.8826595Z   PYTHONDONTWRITEBYTECODE: 1
2026-09-11T05:21:26.8826807Z   IMAGE: go-depth40-staging:ci-34565633360
2026-09-11T05:21:26.8827021Z ##[endgroup]
2026-09-11T05:21:27.0001897Z ##[group]Installed versions
2026-09-11T05:21:27.0289376Z Version 3.13.5 was not found in the local cache
2026-09-11T05:21:27.0381668Z (node:1958) [DEP0040] DeprecationWarning: The `punycode` module is deprecated. Please use a userland alternative instead.
2026-09-11T05:21:27.0382751Z (Use `node --trace-deprecation ...` to show where the warning was created)
2026-09-11T05:21:28.0248257Z Version 3.13.5 is available for downloading
2026-09-11T05:21:28.0249214Z Download from "https://github.com/actions/python-versions/releases/download/3.13.5-15601068749/python-3.13.5-linux-22.04-x64.tar.gz"
2026-09-11T05:21:28.8337436Z Extract downloaded archive
2026-09-11T05:21:28.8505863Z [command]/usr/bin/tar xz --warning=no-unknown-keyword --overwrite -C /home/runner/work/_temp/690edf98-3a99-4749-8e19-538fe6d6be4f -f /home/runner/work/_temp/2d3e1fda-df1b-4cb5-bb44-60d64b252244
2026-09-11T05:21:30.8701775Z Execute installation script
2026-09-11T05:21:30.8816687Z Check if Python hostedtoolcache folder exist...
2026-09-11T05:21:30.8825527Z Create Python 3.13.5 folder
2026-09-11T05:21:30.9006542Z Copy Python binaries to hostedtoolcache folder
2026-09-11T05:21:31.5380801Z Create additional symlinks (Required for the UsePythonVersion Azure Pipelines task and the setup-python GitHub Action)
2026-09-11T05:21:31.5426322Z Upgrading pip...
2026-09-11T05:21:34.1315862Z Looking in links: /tmp/tmpgkplueo8
2026-09-11T05:21:34.1316667Z Requirement already satisfied: pip in /opt/hostedtoolcache/Python/3.13.5/x64/lib/python3.13/site-packages (25.1.1)
2026-09-11T05:21:35.9913661Z Collecting pip
2026-09-11T05:21:36.0034091Z Downloading pip-26.2.1-py3-none-any.whl.metadata (4.6 kB)
2026-09-11T05:21:36.0127162Z Downloading pip-26.2.1-py3-none-any.whl (1.8 MB)
2026-09-11T05:21:36.0386177Z ━━━━━━━━━━━━━━━━━━━━━━━━━━━━━━━━━━━━━━━━ 1.8/1.8 MB 80.0 MB/s eta 0:00:00
2026-09-11T05:21:36.0395060Z 
2026-09-11T05:21:36.4805075Z Installing collected packages: pip
2026-09-11T05:21:36.4806989Z Attempting uninstall: pip
2026-09-11T05:21:36.4832618Z Found existing installation: pip 25.1.1
2026-09-11T05:21:36.5103329Z Uninstalling pip-25.1.1:
2026-09-11T05:21:36.5151383Z Successfully uninstalled pip-25.1.1
2026-09-11T05:21:37.3105230Z Successfully installed pip-26.2.1
2026-09-11T05:21:37.3619483Z Create complete file
2026-09-11T05:21:37.3655857Z Successfully set up CPython (3.13.5)
2026-09-11T05:21:37.3656647Z ##[endgroup]
2026-09-11T05:21:37.3880640Z Node 20 is being deprecated. This workflow is running with Node 24 by default. If you need to temporarily use Node 20, you can set the ACTIONS_ALLOW_USE_UNSECURE_NODE_VERSION=true environment variable. For more information see: https://github.blog/changelog/2025-09-19-deprecation-of-node-20-on-github-actions-runners/
2026-09-11T05:21:37.3881578Z ##[group]Run actions/download-artifact@v4
2026-09-11T05:21:37.3881792Z with:
2026-09-11T05:21:37.3881957Z   artifact-ids: 10183252130
2026-09-11T05:21:37.3882149Z   run-id: 34557878180
2026-09-11T05:21:37.3884204Z   github-token: ***
2026-09-11T05:21:37.3884420Z   repository: yuguangzhi3836-glitch/GO
2026-09-11T05:21:37.3884863Z   path: parent
2026-09-11T05:21:37.3885102Z   merge-multiple: true
2026-09-11T05:21:37.3885293Z env:
2026-09-11T05:21:37.3885465Z   PYTHONDONTWRITEBYTECODE: 1
2026-09-11T05:21:37.3885679Z   IMAGE: go-depth40-staging:ci-34565633360
2026-09-11T05:21:37.3885969Z   pythonLocation: /opt/hostedtoolcache/Python/3.13.5/x64
2026-09-11T05:21:37.3886335Z   PKG_CONFIG_PATH: /opt/hostedtoolcache/Python/3.13.5/x64/lib/pkgconfig
2026-09-11T05:21:37.3886660Z   Python_ROOT_DIR: /opt/hostedtoolcache/Python/3.13.5/x64
2026-09-11T05:21:37.3886952Z   Python2_ROOT_DIR: /opt/hostedtoolcache/Python/3.13.5/x64
2026-09-11T05:21:37.3887235Z   Python3_ROOT_DIR: /opt/hostedtoolcache/Python/3.13.5/x64
2026-09-11T05:21:37.3887517Z   LD_LIBRARY_PATH: /opt/hostedtoolcache/Python/3.13.5/x64/lib
2026-09-11T05:21:37.3887767Z ##[endgroup]
2026-09-11T05:21:37.5240694Z Downloading artifacts by ID
2026-09-11T05:21:37.5244784Z Fetching artifact list for workflow run 34557878180 in repository yuguangzhi3836-glitch/GO
2026-09-11T05:21:37.5356329Z (node:2005) [DEP0040] DeprecationWarning: The `punycode` module is deprecated. Please use a userland alternative instead.
2026-09-11T05:21:37.5357434Z (Use `node --trace-deprecation ...` to show where the warning was created)
2026-09-11T05:21:37.5576516Z (node:2005) [DEP0169] DeprecationWarning: `url.parse()` behavior is not standardized and prone to errors that have security implications. Use the WHATWG URL API instead. CVEs are not issued for `url.parse()` vulnerabilities.
2026-09-11T05:21:37.8155537Z Found 1 artifact(s)
2026-09-11T05:21:37.8175247Z Preparing to download the following artifacts:
2026-09-11T05:21:37.8188422Z - GO-CP11-DEPTH40-P03-PARENT-c909af370d55ce7644140a191425a8a66dacec9a (ID: 10183252130, Size: 11119179, Expected Digest: sha256:d0aa4b89ed0655271cf5ef7a12cce354dc8d84704cf57071f581f129458cbaf7)
2026-09-11T05:21:37.8200129Z Downloading artifact '10183252130' from 'yuguangzhi3836-glitch/GO'
2026-09-11T05:21:38.0124474Z Redirecting to blob download url: https://productionresultssa7.blob.core.windows.net/actions-results/b52dc385-68be-43f6-85c3-a26b8336333c/workflow-job-run-d165cfcc-7764-5524-998a-ce1e501e4a85/artifacts/57e21e91c0fdca0ea5509837d3d58de1a07c610c8e46603064185b123e893d7a.zip
2026-09-11T05:21:38.0126477Z Starting download of artifact to: /home/runner/work/GO/GO/parent
2026-09-11T05:21:38.2911489Z (node:2005) [DEP0005] DeprecationWarning: Buffer() is deprecated due to security and usability issues. Please use the Buffer.alloc(), Buffer.allocUnsafe(), or Buffer.from() methods instead.
2026-09-11T05:21:39.2536436Z SHA256 digest of downloaded artifact is d0aa4b89ed0655271cf5ef7a12cce354dc8d84704cf57071f581f129458cbaf7
2026-09-11T05:21:39.2537500Z Artifact download completed successfully.
2026-09-11T05:21:39.2538312Z Total of 1 artifact(s) downloaded
2026-09-11T05:21:39.2541696Z Download artifact has finished successfully
2026-09-11T05:21:39.2680319Z ##[group]Run set -euo pipefail
2026-09-11T05:21:39.2680661Z [36;1mset -euo pipefail[0m
2026-09-11T05:21:39.2680917Z [36;1mcd parent/CP11_DEPTH40_P03_PARENT_20260911[0m
2026-09-11T05:21:39.2681184Z [36;1msha256sum -c CHECKSUMS.sha256[0m
2026-09-11T05:21:39.2681389Z [36;1mcd ../..[0m
2026-09-11T05:21:39.2681815Z [36;1mpython -B parent/CP11_DEPTH40_P03_PARENT_20260911/restore_parent.py --package parent/CP11_DEPTH40_P03_PARENT_20260911 --output restored[0m
2026-09-11T05:21:39.2682463Z [36;1mpython -B dependency-source/ci/depth36/dependencies.py --repository dependency-source --output dependencies[0m
2026-09-11T05:21:39.3299841Z shell: /usr/bin/bash -e {0}
2026-09-11T05:21:39.3300068Z env:
2026-09-11T05:21:39.3300257Z   PYTHONDONTWRITEBYTECODE: 1
2026-09-11T05:21:39.3300484Z   IMAGE: go-depth40-staging:ci-34565633360
2026-09-11T05:21:39.3300761Z   pythonLocation: /opt/hostedtoolcache/Python/3.13.5/x64
2026-09-11T05:21:39.3301145Z   PKG_CONFIG_PATH: /opt/hostedtoolcache/Python/3.13.5/x64/lib/pkgconfig
2026-09-11T05:21:39.3301472Z   Python_ROOT_DIR: /opt/hostedtoolcache/Python/3.13.5/x64
2026-09-11T05:21:39.3301782Z   Python2_ROOT_DIR: /opt/hostedtoolcache/Python/3.13.5/x64
2026-09-11T05:21:39.3302066Z   Python3_ROOT_DIR: /opt/hostedtoolcache/Python/3.13.5/x64
2026-09-11T05:21:39.3302348Z   LD_LIBRARY_PATH: /opt/hostedtoolcache/Python/3.13.5/x64/lib
2026-09-11T05:21:39.3302599Z ##[endgroup]
2026-09-11T05:21:39.4375193Z GO_CP11_DEPTH40_P03_PARENT_SOURCE_20260911.tar.gz: OK
2026-09-11T05:21:39.4375854Z MANIFEST.json: OK
2026-09-11T05:21:39.4381496Z SOURCE_FINGERPRINT.json: OK
2026-09-11T05:21:39.4381954Z restore_parent.py: OK
2026-09-11T05:21:40.0155519Z {"archive_sha256": "2909651f9b644ed56fd6ab833480c9da32b4c5b900df2e5afb192dba49ac2b00", "candidate": "CP11_DEPTH40_P03_PARENT_20260911", "deployment": "NOT_AUTHORIZED", "source_tree_sha256": "64f5d78a17b2fa2194b18f9bc1ba0cafbf0f2547f0171a859dd4300c75e37667", "status": "PASS", "verified_files": 1271}
2026-09-11T05:21:40.3645774Z {"archive_sha256": "b13a76ab9351f81da70e8e2c8873c20141abe953cd3f96aeb181ef86a34b58dd", "verified_wheels": 37, "source": "pinned GO repository ci/dependency_parts only", "application_source_restored": false}
2026-09-11T05:21:40.3784046Z ##[group]Run set -euo pipefail
2026-09-11T05:21:40.3784317Z [36;1mset -euo pipefail[0m
2026-09-11T05:21:40.3785445Z [36;1mpython -B ci/depth40-staging/build.py --source restored --fingerprint parent/CP11_DEPTH40_P03_PARENT_20260911/SOURCE_FINGERPRINT.json --wheelhouse dependencies/wheelhouse --lock dependency-source/ci/depth36/requirements.lock --output staging-context[0m
2026-09-11T05:21:40.3786290Z [36;1mdocker build --network none --tag "$IMAGE" staging-context[0m
2026-09-11T05:21:40.3786576Z [36;1mmkdir -p staging-delivery[0m
2026-09-11T05:21:40.3786927Z [36;1mcp staging-context/ROOTFS_BINDING.json staging-context/ROOTFS_FILES.json staging-delivery/[0m
2026-09-11T05:21:40.3787394Z [36;1mcp -r parent/CP11_DEPTH40_P03_PARENT_20260911 staging-delivery/source-parent[0m
2026-09-11T05:21:40.3787815Z [36;1mdocker image inspect "$IMAGE" --format '{{.Id}}' > staging-delivery/IMAGE_ID.txt[0m
2026-09-11T05:21:40.3788288Z [36;1mdocker image inspect "$IMAGE" --format '{{.Size}}' > staging-delivery/IMAGE_SIZE_BYTES.txt[0m
2026-09-11T05:21:40.3788683Z [36;1mprintenv IMAGE > staging-delivery/IMAGE_TAG.txt[0m
2026-09-11T05:21:40.3789049Z [36;1mdocker save "$IMAGE" | gzip -n > staging-delivery/GO_DEPTH40_STAGING_IMAGE.tar.gz[0m
2026-09-11T05:21:40.3789369Z [36;1mdocker image rm "$IMAGE"[0m
2026-09-11T05:21:40.3789675Z [36;1mgzip -dc staging-delivery/GO_DEPTH40_STAGING_IMAGE.tar.gz | docker load[0m
2026-09-11T05:21:40.3790115Z [36;1mtest "$(docker image inspect "$IMAGE" --format '{{.Id}}')" = "$(cat staging-delivery/IMAGE_ID.txt)"[0m
2026-09-11T05:21:40.3790629Z [36;1mdocker run --rm --network none --read-only "$IMAGE" source-check > staging-delivery/CI_SOURCE_CHECK.json[0m
2026-09-11T05:21:40.3852173Z shell: /usr/bin/bash -e {0}
2026-09-11T05:21:40.3852373Z env:
2026-09-11T05:21:40.3852546Z   PYTHONDONTWRITEBYTECODE: 1
2026-09-11T05:21:40.3852760Z   IMAGE: go-depth40-staging:ci-34565633360
2026-09-11T05:21:40.3853036Z   pythonLocation: /opt/hostedtoolcache/Python/3.13.5/x64
2026-09-11T05:21:40.3853361Z   PKG_CONFIG_PATH: /opt/hostedtoolcache/Python/3.13.5/x64/lib/pkgconfig
2026-09-11T05:21:40.3853674Z   Python_ROOT_DIR: /opt/hostedtoolcache/Python/3.13.5/x64
2026-09-11T05:21:40.3853964Z   Python2_ROOT_DIR: /opt/hostedtoolcache/Python/3.13.5/x64
2026-09-11T05:21:40.3854243Z   Python3_ROOT_DIR: /opt/hostedtoolcache/Python/3.13.5/x64
2026-09-11T05:21:40.3854670Z   LD_LIBRARY_PATH: /opt/hostedtoolcache/Python/3.13.5/x64/lib
2026-09-11T05:21:40.3854974Z ##[endgroup]
2026-09-11T05:21:43.4038573Z Looking in links: dependencies/wheelhouse
2026-09-11T05:21:43.4116071Z Processing ./dependencies/wheelhouse/alembic-1.16.5-py3-none-any.whl (from -r dependency-source/ci/depth36/requirements.lock (line 1))
2026-09-11T05:21:43.4180252Z Processing ./dependencies/wheelhouse/annotated_doc-0.0.4-py3-none-any.whl (from -r dependency-source/ci/depth36/requirements.lock (line 2))
2026-09-11T05:21:43.4201717Z Processing ./dependencies/wheelhouse/annotated_types-0.7.0-py3-none-any.whl (from -r dependency-source/ci/depth36/requirements.lock (line 3))
2026-09-11T05:21:43.4225384Z Processing ./dependencies/wheelhouse/anyio-4.13.0-py3-none-any.whl (from -r dependency-source/ci/depth36/requirements.lock (line 4))
2026-09-11T05:21:43.4253456Z Processing ./dependencies/wheelhouse/certifi-2026.5.20-py3-none-any.whl (from -r dependency-source/ci/depth36/requirements.lock (line 5))
2026-09-11T05:21:43.4273508Z Processing ./dependencies/wheelhouse/cffi-2.0.0-cp313-cp313-manylinux_2_17_x86_64.whl (from -r dependency-source/ci/depth36/requirements.lock (line 6))
2026-09-11T05:21:43.4295442Z Processing ./dependencies/wheelhouse/click-8.5.0-py3-none-any.whl (from -r dependency-source/ci/depth36/requirements.lock (line 7))
2026-09-11T05:21:43.4316036Z Processing ./dependencies/wheelhouse/cryptography-46.0.4-cp311-abi3-manylinux_2_34_x86_64.whl (from -r dependency-source/ci/depth36/requirements.lock (line 8))
2026-09-11T05:21:43.4394003Z Processing ./dependencies/wheelhouse/fastapi-0.128.2-py3-none-any.whl (from -r dependency-source/ci/depth36/requirements.lock (line 9))
2026-09-11T05:21:43.4444875Z Processing ./dependencies/wheelhouse/greenlet-3.5.1-cp313-cp313-manylinux_2_24_x86_64.whl (from -r dependency-source/ci/depth36/requirements.lock (line 10))
2026-09-11T05:21:43.4477517Z Processing ./dependencies/wheelhouse/h11-0.16.0-py3-none-any.whl (from -r dependency-source/ci/depth36/requirements.lock (line 11))
2026-09-11T05:21:43.4499491Z Processing ./dependencies/wheelhouse/httpcore-1.0.9-py3-none-any.whl (from -r dependency-source/ci/depth36/requirements.lock (line 12))
2026-09-11T05:21:43.4531566Z Processing ./dependencies/wheelhouse/httpx-0.28.1-py3-none-any.whl (from -r dependency-source/ci/depth36/requirements.lock (line 13))
2026-09-11T05:21:43.4560268Z Processing ./dependencies/wheelhouse/idna-3.17-py3-none-any.whl (from -r dependency-source/ci/depth36/requirements.lock (line 14))
2026-09-11T05:21:43.4583939Z Processing ./dependencies/wheelhouse/iniconfig-2.3.0-py3-none-any.whl (from -r dependency-source/ci/depth36/requirements.lock (line 15))
2026-09-11T05:21:43.4603021Z Processing ./dependencies/wheelhouse/mako-1.3.10-py3-none-any.whl (from -r dependency-source/ci/depth36/requirements.lock (line 16))
2026-09-11T05:21:43.4626203Z Processing ./dependencies/wheelhouse/markupsafe-3.0.3-cp313-cp313-manylinux2014_x86_64.manylinux_2_17_x86_64.manylinux_2_28_x86_64.whl (from -r dependency-source/ci/depth36/requirements.lock (line 17))
2026-09-11T05:21:43.4645387Z Processing ./dependencies/wheelhouse/packaging-25.0-py3-none-any.whl (from -r dependency-source/ci/depth36/requirements.lock (line 18))
2026-09-11T05:21:43.4667742Z Processing ./dependencies/wheelhouse/pillow-12.3.0-cp313-cp313-manylinux_2_27_x86_64.whl (from -r dependency-source/ci/depth36/requirements.lock (line 19))
2026-09-11T05:21:43.4760490Z Processing ./dependencies/wheelhouse/pluggy-1.6.0-py3-none-any.whl (from -r dependency-source/ci/depth36/requirements.lock (line 20))
2026-09-11T05:21:43.4784110Z Processing ./dependencies/wheelhouse/psycopg_binary-3.2.10-cp313-cp313-manylinux2014_x86_64.manylinux_2_17_x86_64.whl (from -r dependency-source/ci/depth36/requirements.lock (line 21))
2026-09-11T05:21:43.4840311Z Processing ./dependencies/wheelhouse/psycopg-3.2.10-py3-none-any.whl (from -r dependency-source/ci/depth36/requirements.lock (line 22))
2026-09-11T05:21:43.4884421Z Processing ./dependencies/wheelhouse/pycparser-3.0-py3-none-any.whl (from -r dependency-source/ci/depth36/requirements.lock (line 23))
2026-09-11T05:21:43.4906459Z Processing ./dependencies/wheelhouse/pydantic_settings-2.14.1-py3-none-any.whl (from -r dependency-source/ci/depth36/requirements.lock (line 24))
2026-09-11T05:21:43.4931812Z Processing ./dependencies/wheelhouse/pydantic-2.13.4-py3-none-any.whl (from -r dependency-source/ci/depth36/requirements.lock (line 25))
2026-09-11T05:21:43.4999934Z Processing ./dependencies/wheelhouse/pydantic_core-2.46.4-cp313-cp313-manylinux_2_17_x86_64.whl (from -r dependency-source/ci/depth36/requirements.lock (line 26))
2026-09-11T05:21:43.5044117Z Processing ./dependencies/wheelhouse/Pygments-2.20.0-py3-none-any.whl (from -r dependency-source/ci/depth36/requirements.lock (line 27))
2026-09-11T05:21:43.5121172Z Processing ./dependencies/wheelhouse/PyJWT-2.13.0-py3-none-any.whl (from -r dependency-source/ci/depth36/requirements.lock (line 28))
2026-09-11T05:21:43.5142598Z Processing ./dependencies/wheelhouse/pytest_asyncio-1.3.0-py3-none-any.whl (from -r dependency-source/ci/depth36/requirements.lock (line 29))
2026-09-11T05:21:43.5166942Z Processing ./dependencies/wheelhouse/pytest-9.0.2-py3-none-any.whl (from -r dependency-source/ci/depth36/requirements.lock (line 30))
2026-09-11T05:21:43.5217173Z Processing ./dependencies/wheelhouse/python_dotenv-1.2.2-py3-none-any.whl (from -r dependency-source/ci/depth36/requirements.lock (line 31))
2026-09-11T05:21:43.5249103Z Processing ./dependencies/wheelhouse/redis-5.2.1-py3-none-any.whl (from -r dependency-source/ci/depth36/requirements.lock (line 32))
2026-09-11T05:21:43.5278213Z Processing ./dependencies/wheelhouse/SQLAlchemy-2.0.50-cp313-cp313-manylinux_2_17_x86_64.whl (from -r dependency-source/ci/depth36/requirements.lock (line 33))
2026-09-11T05:21:43.5405152Z Processing ./dependencies/wheelhouse/starlette-0.50.0-py3-none-any.whl (from -r dependency-source/ci/depth36/requirements.lock (line 34))
2026-09-11T05:21:43.5433858Z Processing ./dependencies/wheelhouse/typing_inspection-0.4.2-py3-none-any.whl (from -r dependency-source/ci/depth36/requirements.lock (line 35))
2026-09-11T05:21:43.5453278Z Processing ./dependencies/wheelhouse/typing_extensions-4.16.0-py3-none-any.whl (from -r dependency-source/ci/depth36/requirements.lock (line 36))
2026-09-11T05:21:43.5473881Z Processing ./dependencies/wheelhouse/uvicorn-0.35.0-py3-none-any.whl (from -r dependency-source/ci/depth36/requirements.lock (line 37))
2026-09-11T05:21:43.5919276Z Installing collected packages: uvicorn, typing-inspection, typing_extensions, starlette, SQLAlchemy, redis, python-dotenv, pytest-asyncio, pytest, PyJWT, Pygments, pydantic-settings, pydantic_core, pydantic, pycparser, psycopg-binary, psycopg, pluggy, Pillow, packaging, MarkupSafe, Mako, iniconfig, idna, httpx, httpcore, h11, greenlet, fastapi, cryptography, click, cffi, certifi, anyio, annotated-types, annotated-doc, alembic
2026-09-11T05:21:45.3755238Z 
2026-09-11T05:21:45.3791602Z Successfully installed Mako-1.3.10 MarkupSafe-3.0.3 Pillow-12.3.0 PyJWT-2.13.0 Pygments-2.20.0 SQLAlchemy-2.0.50 alembic-1.16.5 annotated-doc-0.0.4 annotated-types-0.7.0 anyio-4.13.0 certifi-2026.5.20 cffi-2.0.0 click-8.5.0 cryptography-46.0.4 fastapi-0.128.2 greenlet-3.5.1 h11-0.16.0 httpcore-1.0.9 httpx-0.28.1 idna-3.17 iniconfig-2.3.0 packaging-25.0 pluggy-1.6.0 psycopg-3.2.10 psycopg-binary-3.2.10 pycparser-3.0 pydantic-2.13.4 pydantic-settings-2.14.1 pydantic_core-2.46.4 pytest-9.0.2 pytest-asyncio-1.3.0 python-dotenv-1.2.2 redis-5.2.1 starlette-0.50.0 typing-inspection-0.4.2 typing_extensions-4.16.0 uvicorn-0.35.0
2026-09-11T05:21:51.3746629Z {"source_tree_sha256": "64f5d78a17b2fa2194b18f9bc1ba0cafbf0f2547f0171a859dd4300c75e37667", "libraries": 41, "rootfs_bytes": 521130237}
2026-09-11T05:21:52.7668531Z {"source_tree_sha256": "64f5d78a17b2fa2194b18f9bc1ba0cafbf0f2547f0171a859dd4300c75e37667", "verified_source_files": 1271, "python": "3.13.5 (main, Jun 12 2025, 03:51:15) [GCC 11.4.0]", "python_provenance": "actions/setup-python 3.13.5 on ubuntu-22.04", "system_elf_libraries": {"/lib/x86_64-linux-gnu/libc.so.6": "e01b1ce7be2987f3b8560e26d0df2623f9dd5cec17be923ae28a785bc0d32d50", "/lib/x86_64-linux-gnu/libm.so.6": "df621c68dbfed7e843434ef2faedb9f4d4b0543ad161e9a55eaf4d4ce2443176", "/lib64/ld-linux-x86-64.so.2": "8d06f393f4a93bcf9b81145a259524d66a95522a646bf8d7e05b6ffdf2e63dcc", "/lib/x86_64-linux-gnu/libtk8.6.so": "468fe0e3d8939757f1c9c66f3aa8ff6e45d09616dd85e02a5ef5e95979cb6f3d", "/lib/x86_64-linux-gnu/libtcl8.6.so": "8aa8d78367d409e0a53ae62608b52a1c3899da60d03c52a2fd3cc94e162db7a8", "/lib/x86_64-linux-gnu/libXft.so.2": "73c9e0d9bb6fcfc943cafc78590034b85bdb2f3d0b071a979c3a852f30fd268d", "/lib/x86_64-linux-gnu/libfontconfig.so.1": "7d688909aab1c566b60832045fef012ea118ff7ee189df87608fbff999d3bd0d", "/lib/x86_64-linux-gnu/libX11.so.6": "34b7869a1ba702462a1aa862fc0afe5b2608a7d5a09552c07796802fcf0c684b", "/lib/x86_64-linux-gnu/libXss.so.1": "2c30b5f8ae4a1a733c70385229fe2143de270f292097a61879f4696abe63545b", "/lib/x86_64-linux-gnu/libz.so.1": "64c206f0146cc58bbddc4f22054436f4ff278f5a554aa3ce6921ddf7e9133370", "/lib/x86_64-linux-gnu/libfreetype.so.6": "ef8908dd08eb7072dd1da355277b069048a86512122592d56b5051796ba62ee2", "/lib/x86_64-linux-gnu/libXrender.so.1": "2415c0b512d332522625bc65bcc5e05dba93c2e3418329ded2855111fb0cf723", "/lib/x86_64-linux-gnu/libexpat.so.1": "5491355459d82059a2e58134c5bf3a890f6f6e1a6fb209f152c25cde7522def0", "/lib/x86_64-linux-gnu/libuuid.so.1": "4472cf91dbc01395761fb45d0f4b25f6241406fe54cbf540c13755a3706a7b17", "/lib/x86_64-linux-gnu/libxcb.so.1": "aabc489094abd96c876d1c989a2da8a8aa6d28f5a676c4a84dd6d0a0c34aec5d", "/lib/x86_64-linux-gnu/libXext.so.6": "d61399986f565c00c090a1f222019db7b40f42eaf2d93834136d6234c16ec465", "/lib/x86_64-linux-gnu/libpng16.so.16": "ca1306d319d9e6a904fe4b0fa21e41952db2b2f2f5384f70a1301fa713300f5b", "/lib/x86_64-linux-gnu/libbrotlidec.so.1": "db9dbda709a46c3ae124433f47c4db71167db8aaba4eafdfd99c8a3a14584463", "/lib/x86_64-linux-gnu/libXau.so.6": "98343a8324ea62ed75a13c923ed5dea96b7a8ad41aeba9f18126c4cbf7178064", "/lib/x86_64-linux-gnu/libXdmcp.so.6": "1dc3ff1269a5ede69ef9a8ec2436d73fccbcd10531055b359292e0bde4e29b46", "/lib/x86_64-linux-gnu/libbrotlicommon.so.1": "abf86ae9362dbb413c740a55b194c74adb09a7bd92d8fbd96a293c797a4a6d08", "/lib/x86_64-linux-gnu/libbsd.so.0": "e4ad21c203d8e8b9b7f49071311339af6b438026e1ad236403e3b379b022f23d", "/lib/x86_64-linux-gnu/libmd.so.0": "bb376813876bb214535bbbdac70f2c0c4b00baecb81557dab78a79518248df06", "/lib/x86_64-linux-gnu/libreadline.so.8": "57419e3b177639246ecf7ffd2eba170bde779b7369d70e68b9b4c5fc3051cbc1", "/lib/x86_64-linux-gnu/libtinfo.so.6": "856b8451914abc2277c3d91c64ba3e72b2e0d519806397afecae92fda1a6b10c", "/lib/x86_64-linux-gnu/libffi.so.8": "247da4d5d34a91cadcdd6282be4c4644fcb8af001334d2b8a82ecda435418cbf", "/lib/x86_64-linux-gnu/libcrypto.so.3": "7be3a37c9d754ec214b30db1d00ce329d22ccebd5654dd7c3f92010a7b1ccf07", "/lib/x86_64-linux-gnu/libgdbm_compat.so.4": "cd77f7a952bc04649ce0608251b5a99d76219b1132c7375921e0c8bf6ff20c80", "/lib/x86_64-linux-gnu/libgdbm.so.6": "ffa9adb042df32f985ca2f1deb9247dfcb61d46fa513de2aa7159ecd55c18d67", "/lib/x86_64-linux-gnu/libncursesw.so.6": "96a5920c1f6d1fd6ff3ac35c03b8fc9725e8fe6964c10e0299f772667d522a6b", "/lib/x86_64-linux-gnu/liblzma.so.5": "7fa51c1500cb9fcc4c7d69b7fe0a6d7203cfe6af64373f6c411c5445ef1b402c", "/lib/x86_64-linux-gnu/libssl.so.3": "3db6aff36baf2ced6dde3f340159edd2504f089c0d735765596ce96d2d835cb1", "/lib/x86_64-linux-gnu/libbz2.so.1.0": "54d16979912ab62282350dd2dc5dceb5b73b13e27bb02792087aff752d16f6e9", "/lib/x86_64-linux-gnu/libpanelw.so.6": "20771997288c90841349f1eef3b66148eac771df02bb94462a9c3463f275fbc5", "/lib/x86_64-linux-gnu/libsqlite3.so.0": "26917e4509991ee5c180c3dcfc39630f1bf81bc7812a5711be0cbaaef1650148", "/lib/x86_64-linux-gnu/libpthread.so.0": "fbed9505adacada2abb37c6b43be2df6de81e742712c6025694ba48de62c7e78", "/lib/x86_64-linux-gnu/libdl.so.2": "d255ba9c9e3a7c35115e578c898147edaba1a2bcf742cc3a76995ceed9d5ac4f", "/lib/x86_64-linux-gnu/libresolv.so.2": "c0724375581c0303a3ea8bcf1d5cfce6b63eca7b99313c6598a721b414634751", "/lib/x86_64-linux-gnu/libstdc++.so.6": "ff0825e113603c3866680d5d52216bc6d8eedf3a59f52a0aef67ff01994db128", "/lib/x86_64-linux-gnu/libgcc_s.so.1": "fc9d43b2f6c20e53b009238f767c5b949d202389e20de9e202ea684b4ba3729a", "/lib/x86_64-linux-gnu/librt.so.1": "83eda8758c8697323bedf48bc0186c006cca2205441a988cb0f5072b96262100"}, "rootfs_bytes": 521314014, "runtime_scope": "STAGING_EIGHT_SERVICE_POSTGRES_REVIEW", "deployment_authorized": false, "source_modified": false, "required_database_head": "0132_rail_runtime_field_widths", "migration_authorized": false, "hk_execution": "NOT_RUN"}
2026-09-11T05:21:54.0968421Z #0 building with "default" instance using docker driver
2026-09-11T05:21:54.0968705Z 
2026-09-11T05:21:54.0968820Z #1 [internal] load build definition from Dockerfile
2026-09-11T05:21:54.0969082Z #1 transferring dockerfile: 483B done
2026-09-11T05:21:54.2546128Z #1 DONE 0.4s
2026-09-11T05:21:54.3808810Z 
2026-09-11T05:21:54.3809706Z #2 [internal] load .dockerignore
2026-09-11T05:21:54.3810251Z #2 transferring context: 2B done
2026-09-11T05:21:54.3810570Z #2 DONE 0.1s
2026-09-11T05:21:54.5595187Z 
2026-09-11T05:21:54.5604752Z #3 [internal] load build context
2026-09-11T05:21:57.9398716Z #3 transferring context: 492.52MB 3.4s done
2026-09-11T05:21:57.9399279Z #3 DONE 3.5s
2026-09-11T05:21:58.1244891Z 
2026-09-11T05:21:58.1245621Z #4 [1/3] COPY rootfs/ /
2026-09-11T05:21:59.4788361Z #4 DONE 1.5s
2026-09-11T05:21:59.7749199Z 
2026-09-11T05:21:59.7749998Z #5 [2/3] COPY --chown=10001:10001 empty-state/ /state/
2026-09-11T05:22:11.6677774Z #5 DONE 11.9s
2026-09-11T05:22:11.8325304Z 
2026-09-11T05:22:11.8325781Z #6 [3/3] WORKDIR /opt/go/source
2026-09-11T05:22:11.8329894Z #6 DONE 0.0s
2026-09-11T05:22:11.8330453Z 
2026-09-11T05:22:11.8330578Z #7 exporting to image
2026-09-11T05:22:11.8330846Z #7 exporting layers
2026-09-11T05:22:13.7677642Z #7 exporting layers 2.1s done
2026-09-11T05:22:13.7980815Z #7 writing image sha256:33ad35d20975d300dbcd03fea4ae7a408192f9823d72882a0515b5d447164296 done
2026-09-11T05:22:13.7981964Z #7 naming to docker.io/library/go-depth40-staging:ci-34565633360 done
2026-09-11T05:22:13.7983254Z #7 DONE 2.1s
2026-09-11T05:22:37.6424977Z Untagged: go-depth40-staging:ci-34565633360
2026-09-11T05:22:37.6435197Z Deleted: sha256:33ad35d20975d300dbcd03fea4ae7a408192f9823d72882a0515b5d447164296
2026-09-11T05:22:40.6164150Z Loaded image: go-depth40-staging:ci-34565633360
2026-09-11T05:22:41.5692637Z ##[group]Run set -euo pipefail
2026-09-11T05:22:41.5692902Z [36;1mset -euo pipefail[0m
2026-09-11T05:22:41.5693108Z [36;1mtouch ci-compose-empty.env[0m
2026-09-11T05:22:41.5693968Z [36;1mGO_DEPTH40_IMAGE_ID="$(cat staging-delivery/IMAGE_ID.txt)" GO_RUNTIME_ENV_FILE="$PWD/ci-compose-empty.env" GO_VERIFIED_RUNTIME_NETWORK=ci-contract-review-only GO_VERIFIED_MEDIA_VOLUME=ci-media-review-only docker compose -f ci/depth40-staging/compose.staging.review.yml config --quiet[0m
2026-09-11T05:22:41.5757387Z shell: /usr/bin/bash -e {0}
2026-09-11T05:22:41.5757593Z env:
2026-09-11T05:22:41.5757771Z   PYTHONDONTWRITEBYTECODE: 1
2026-09-11T05:22:41.5757994Z   IMAGE: go-depth40-staging:ci-34565633360
2026-09-11T05:22:41.5758264Z   pythonLocation: /opt/hostedtoolcache/Python/3.13.5/x64
2026-09-11T05:22:41.5758587Z   PKG_CONFIG_PATH: /opt/hostedtoolcache/Python/3.13.5/x64/lib/pkgconfig
2026-09-11T05:22:41.5758903Z   Python_ROOT_DIR: /opt/hostedtoolcache/Python/3.13.5/x64
2026-09-11T05:22:41.5759226Z   Python2_ROOT_DIR: /opt/hostedtoolcache/Python/3.13.5/x64
2026-09-11T05:22:41.5759520Z   Python3_ROOT_DIR: /opt/hostedtoolcache/Python/3.13.5/x64
2026-09-11T05:22:41.5759823Z   LD_LIBRARY_PATH: /opt/hostedtoolcache/Python/3.13.5/x64/lib
2026-09-11T05:22:41.5760079Z ##[endgroup]
2026-09-11T05:22:42.5047167Z ##[group]Run python -B ci/depth40-staging/ci_exercise.py
2026-09-11T05:22:42.5047654Z [36;1mpython -B ci/depth40-staging/ci_exercise.py[0m
2026-09-11T05:22:42.5109434Z shell: /usr/bin/bash -e {0}
2026-09-11T05:22:42.5109647Z env:
2026-09-11T05:22:42.5109821Z   PYTHONDONTWRITEBYTECODE: 1
2026-09-11T05:22:42.5110048Z   IMAGE: go-depth40-staging:ci-34565633360
2026-09-11T05:22:42.5110323Z   pythonLocation: /opt/hostedtoolcache/Python/3.13.5/x64
2026-09-11T05:22:42.5110650Z   PKG_CONFIG_PATH: /opt/hostedtoolcache/Python/3.13.5/x64/lib/pkgconfig
2026-09-11T05:22:42.5110972Z   Python_ROOT_DIR: /opt/hostedtoolcache/Python/3.13.5/x64
2026-09-11T05:22:42.5111260Z   Python2_ROOT_DIR: /opt/hostedtoolcache/Python/3.13.5/x64
2026-09-11T05:22:42.5111542Z   Python3_ROOT_DIR: /opt/hostedtoolcache/Python/3.13.5/x64
2026-09-11T05:22:42.5111826Z   LD_LIBRARY_PATH: /opt/hostedtoolcache/Python/3.13.5/x64/lib
2026-09-11T05:22:42.5112087Z ##[endgroup]
2026-09-11T05:22:59.9416167Z Traceback (most recent call last):
2026-09-11T05:22:59.9550189Z   File "/home/runner/work/GO/GO/ci/depth40-staging/ci_exercise.py", line 94, in <module>
2026-09-11T05:22:59.9551758Z     record('fresh_database_empty',sql("SELECT count(*) FROM information_schema.tables WHERE table_schema='public'")=='0')
2026-09-11T05:22:59.9552642Z                                   ~~~^^^^^^^^^^^^^^^^^^^^^^^^^^^^^^^^^^^^^^^^^^^^^^^^^^^^^^^^^^^^^^^^^^^^^^^^^^^^^^
2026-09-11T05:22:59.9553436Z   File "/home/runner/work/GO/GO/ci/depth40-staging/ci_exercise.py", line 71, in sql
2026-09-11T05:22:59.9554284Z     return cmd(['docker','exec',PREFIX+'pg','psql','-U','go','-d','go_depth40_ci','-v','ON_ERROR_STOP=1',
2026-09-11T05:22:59.9555252Z            ~~~^^^^^^^^^^^^^^^^^^^^^^^^^^^^^^^^^^^^^^^^^^^^^^^^^^^^^^^^^^^^^^^^^^^^^^^^^^^^^^^^^^^^^^^^^^^
2026-09-11T05:22:59.9555785Z                 '-Atc',statement]).stdout.strip()
2026-09-11T05:22:59.9556241Z                 ^^^^^^^^^^^^^^^^^^
2026-09-11T05:22:59.9557371Z   File "/home/runner/work/GO/GO/ci/depth40-staging/ci_exercise.py", line 50, in cmd
2026-09-11T05:22:59.9558051Z     raise RuntimeError(scrub(p.stdout+'\n'+p.stderr))
2026-09-11T05:22:59.9558541Z RuntimeError: 
2026-09-11T05:22:59.9559266Z psql: error: connection to server on socket "/var/run/postgresql/.s.PGSQL.5432" failed: FATAL:  database "go_depth40_ci" does not exist
2026-09-11T05:22:59.9559970Z 
2026-09-11T05:22:59.9631161Z ##[error]Process completed with exit code 1.
2026-09-11T05:22:59.9676507Z ##[group]Run set -euo pipefail
2026-09-11T05:22:59.9676768Z [36;1mset -euo pipefail[0m
2026-09-11T05:22:59.9677259Z [36;1mpython -B ci/depth40-staging/finalize.py --directory staging-delivery --run-id '34565633360' --tooling-sha 'f2069cc52b907cc73870733c6b23bc035f9580d4'[0m
2026-09-11T05:22:59.9677864Z [36;1mpython -B ci/depth40-staging/verify_delivery.py --directory staging-delivery[0m
2026-09-11T05:22:59.9740386Z shell: /usr/bin/bash -e {0}
2026-09-11T05:22:59.9740623Z env:
2026-09-11T05:22:59.9740800Z   PYTHONDONTWRITEBYTECODE: 1
2026-09-11T05:22:59.9741027Z   IMAGE: go-depth40-staging:ci-34565633360
2026-09-11T05:22:59.9741298Z   pythonLocation: /opt/hostedtoolcache/Python/3.13.5/x64
2026-09-11T05:22:59.9741629Z   PKG_CONFIG_PATH: /opt/hostedtoolcache/Python/3.13.5/x64/lib/pkgconfig
2026-09-11T05:22:59.9741947Z   Python_ROOT_DIR: /opt/hostedtoolcache/Python/3.13.5/x64
2026-09-11T05:22:59.9742233Z   Python2_ROOT_DIR: /opt/hostedtoolcache/Python/3.13.5/x64
2026-09-11T05:22:59.9742571Z   Python3_ROOT_DIR: /opt/hostedtoolcache/Python/3.13.5/x64
2026-09-11T05:22:59.9742858Z   LD_LIBRARY_PATH: /opt/hostedtoolcache/Python/3.13.5/x64/lib
2026-09-11T05:22:59.9743106Z ##[endgroup]
2026-09-11T05:23:00.7668655Z {"candidate": "CP11_DEPTH40_P03_PARENT_20260911", "candidate_build_commit": "c909af370d55ce7644140a191425a8a66dacec9a", "parent_artifact_id": 10183252130, "parent_artifact_zip_sha256": "d0aa4b89ed0655271cf5ef7a12cce354dc8d84704cf57071f581f129458cbaf7", "parent_archive_sha256": "2909651f9b644ed56fd6ab833480c9da32b4c5b900df2e5afb192dba49ac2b00", "source_tree_sha256": "64f5d78a17b2fa2194b18f9bc1ba0cafbf0f2547f0171a859dd4300c75e37667", "source_files": 1271, "source_modified": false, "packaging_commit": "f2069cc52b907cc73870733c6b23bc035f9580d4", "packaging_run": "34565633360", "platform": "linux/amd64", "runtime_scope": "STAGING_EIGHT_SERVICE_POSTGRES_REVIEW", "image_config_id": "sha256:33ad35d20975d300dbcd03fea4ae7a408192f9823d72882a0515b5d447164296", "image_tag": "go-depth40-staging:ci-34565633360", "registry_repo_digest": null, "registry_status": "NOT_PUSHED_EXECUTOR_INTEGRATION_HOLD", "runtime_archive": "GO_DEPTH40_STAGING_IMAGE.tar.gz", "runtime_archive_sha256": "aedb06add80ef6935b32dac4cccfddaf38cfa9ae4042067c7257b7b70eae885d", "runtime_archive_bytes": 176711339, "image_uncompressed_bytes": 490224654, "required_database_head": "0132_rail_runtime_field_widths", "hk_migration_authorized": false, "offline_image_load": "PASS_CI", "isolated_pg16_eight_service_gate": "HOLD", "hk_database_compatibility": "HOLD_CURRENT_RDS_HEAD_AND_STRUCTURE", "hk_compose_binding": "HOLD_FRESH_RUNTIME_MAPPING", "hk_rollback_ready": "HOLD_LIVE_PREVIOUS_STATE_AND_APPROVED_EXECUTOR_MAPPING", "hk_execution": "NOT_RUN", "three_end_browser_gate": "HOLD", "six_vertical_e2e_gate": "HOLD", "physical_iphone_gate": "HOLD_EXTERNAL_DEVICE_RUNNER", "final_production_release_gate": "HOLD", "deployment_authorized_by_this_package": false}
2026-09-11T05:23:03.3644392Z {"status": "PASS_INTEGRITY_ONLY", "verified_files": 34, "parts": 9, "runtime_archive_sha256": "aedb06add80ef6935b32dac4cccfddaf38cfa9ae4042067c7257b7b70eae885d", "image_config_id": "sha256:33ad35d20975d300dbcd03fea4ae7a408192f9823d72882a0515b5d447164296", "runtime_gate": "HOLD", "hk_execution": "NOT_RUN"}
2026-09-11T05:23:03.3974038Z Node 20 is being deprecated. This workflow is running with Node 24 by default. If you need to temporarily use Node 20, you can set the ACTIONS_ALLOW_USE_UNSECURE_NODE_VERSION=true environment variable. For more information see: https://github.blog/changelog/2025-09-19-deprecation-of-node-20-on-github-actions-runners/
2026-09-11T05:23:03.3976148Z ##[group]Run actions/upload-artifact@v4
2026-09-11T05:23:03.3976487Z with:
2026-09-11T05:23:03.3976765Z   name: GO-DEPTH40-STAGING-BUILD-34565633360
2026-09-11T05:23:03.3977152Z   path: staging-delivery
2026-09-11T05:23:03.3977436Z   retention-days: 90
2026-09-11T05:23:03.3977709Z   if-no-files-found: warn
2026-09-11T05:23:03.3977995Z   compression-level: 6
2026-09-11T05:23:03.3978264Z   overwrite: false
2026-09-11T05:23:03.3978533Z   include-hidden-files: false
2026-09-11T05:23:03.3978830Z env:
2026-09-11T05:23:03.3979073Z   PYTHONDONTWRITEBYTECODE: 1
2026-09-11T05:23:03.3979397Z   IMAGE: go-depth40-staging:ci-34565633360
2026-09-11T05:23:03.3979861Z   pythonLocation: /opt/hostedtoolcache/Python/3.13.5/x64
2026-09-11T05:23:03.3980392Z   PKG_CONFIG_PATH: /opt/hostedtoolcache/Python/3.13.5/x64/lib/pkgconfig
2026-09-11T05:23:03.3980911Z   Python_ROOT_DIR: /opt/hostedtoolcache/Python/3.13.5/x64
2026-09-11T05:23:03.3981365Z   Python2_ROOT_DIR: /opt/hostedtoolcache/Python/3.13.5/x64
2026-09-11T05:23:03.3981819Z   Python3_ROOT_DIR: /opt/hostedtoolcache/Python/3.13.5/x64
2026-09-11T05:23:03.3982287Z   LD_LIBRARY_PATH: /opt/hostedtoolcache/Python/3.13.5/x64/lib
2026-09-11T05:23:03.3982695Z ##[endgroup]
2026-09-11T05:23:03.5528913Z (node:4242) [DEP0040] DeprecationWarning: The `punycode` module is deprecated. Please use a userland alternative instead.
2026-09-11T05:23:03.5529984Z (Use `node --trace-deprecation ...` to show where the warning was created)
2026-09-11T05:23:03.5863106Z With the provided path, there will be 35 files uploaded
2026-09-11T05:23:03.5864184Z Artifact name is valid!
2026-09-11T05:23:03.5864761Z Root directory input is valid!
2026-09-11T05:23:03.9040473Z Beginning upload of artifact content to blob storage
2026-09-11T05:23:04.1704267Z (node:4242) [DEP0169] DeprecationWarning: `url.parse()` behavior is not standardized and prone to errors that have security implications. Use the WHATWG URL API instead. CVEs are not issued for `url.parse()` vulnerabilities.
2026-09-11T05:23:04.8622143Z Uploaded bytes 8388608
2026-09-11T05:23:05.0917732Z Uploaded bytes 16777216
2026-09-11T05:23:05.2973600Z Uploaded bytes 25165824
2026-09-11T05:23:05.2996142Z Uploaded bytes 33554432
2026-09-11T05:23:05.5430468Z Uploaded bytes 41943040
2026-09-11T05:23:05.5687514Z Uploaded bytes 50331648
2026-09-11T05:23:05.7852892Z Uploaded bytes 58720256
2026-09-11T05:23:06.0068411Z Uploaded bytes 67108864
2026-09-11T05:23:06.3411598Z Uploaded bytes 75497472
2026-09-11T05:23:06.5562779Z Uploaded bytes 83886080
2026-09-11T05:23:06.7525659Z Uploaded bytes 92274688
2026-09-11T05:23:06.9508962Z Uploaded bytes 100663296
2026-09-11T05:23:07.1535473Z Uploaded bytes 109051904
2026-09-11T05:23:07.5217154Z Uploaded bytes 117440512
2026-09-11T05:23:07.6888169Z Uploaded bytes 125829120
2026-09-11T05:23:07.8386621Z Uploaded bytes 134217728
2026-09-11T05:23:08.0553982Z Uploaded bytes 142606336
2026-09-11T05:23:08.2977318Z Uploaded bytes 150994944
2026-09-11T05:23:08.4955762Z Uploaded bytes 159383552
2026-09-11T05:23:08.7478789Z Uploaded bytes 167772160
2026-09-11T05:23:08.9463496Z Uploaded bytes 176160768
2026-09-11T05:23:09.2775930Z Uploaded bytes 184549376
2026-09-11T05:23:09.4079468Z Uploaded bytes 187815453
2026-09-11T05:23:09.4678839Z Finished uploading artifact content to blob storage!
2026-09-11T05:23:09.4705467Z SHA256 digest of uploaded artifact zip is 58f68f5acd1a1d5a532774b1c31892ff7b0bad39ba9f532135b2bf4404feec63
2026-09-11T05:23:09.4706493Z Finalizing artifact upload
2026-09-11T05:23:09.8355258Z Artifact GO-DEPTH40-STAGING-BUILD-34565633360.zip successfully finalized. Artifact ID 10185931283
2026-09-11T05:23:09.8356787Z Artifact GO-DEPTH40-STAGING-BUILD-34565633360 has been successfully uploaded! Final size is 187815453 bytes. Artifact ID is 10185931283
2026-09-11T05:23:09.8357935Z Artifact download URL: https://github.com/yuguangzhi3836-glitch/GO/actions/runs/34565633360/artifacts/10185931283
2026-09-11T05:23:09.8544503Z ##[group]Run python -B ci/depth40-staging/archive_to_repository.py --directory staging-delivery --run-id '34565633360'
2026-09-11T05:23:09.8547636Z [36;1mpython -B ci/depth40-staging/archive_to_repository.py --directory staging-delivery --run-id '34565633360'[0m
2026-09-11T05:23:09.8646107Z shell: /usr/bin/bash -e {0}
2026-09-11T05:23:09.8646430Z env:
2026-09-11T05:23:09.8646698Z   PYTHONDONTWRITEBYTECODE: 1
2026-09-11T05:23:09.8647046Z   IMAGE: go-depth40-staging:ci-34565633360
2026-09-11T05:23:09.8647480Z   pythonLocation: /opt/hostedtoolcache/Python/3.13.5/x64
2026-09-11T05:23:09.8648017Z   PKG_CONFIG_PATH: /opt/hostedtoolcache/Python/3.13.5/x64/lib/pkgconfig
2026-09-11T05:23:09.8648562Z   Python_ROOT_DIR: /opt/hostedtoolcache/Python/3.13.5/x64
2026-09-11T05:23:09.8649042Z   Python2_ROOT_DIR: /opt/hostedtoolcache/Python/3.13.5/x64
2026-09-11T05:23:09.8649520Z   Python3_ROOT_DIR: /opt/hostedtoolcache/Python/3.13.5/x64
2026-09-11T05:23:09.8650074Z   LD_LIBRARY_PATH: /opt/hostedtoolcache/Python/3.13.5/x64/lib
2026-09-11T05:23:09.8654486Z   GO_ARCHIVE_TOKEN: ***
2026-09-11T05:23:09.8654903Z ##[endgroup]
2026-09-11T05:24:06.1795557Z {"archive_commit": "9f80473eef968beb50ba3ff9c6f5b156470c3efc", "branch": "deliverables/depth40-staging-build-34565633360", "path": "deliverables/CP11_DEPTH40_STAGING_BUILD_34565633360", "deployment_authorized": false}
2026-09-11T05:24:06.1999660Z Node 20 is being deprecated. This workflow is running with Node 24 by default. If you need to temporarily use Node 20, you can set the ACTIONS_ALLOW_USE_UNSECURE_NODE_VERSION=true environment variable. For more information see: https://github.blog/changelog/2025-09-19-deprecation-of-node-20-on-github-actions-runners/
2026-09-11T05:24:06.2000647Z Post job cleanup.
2026-09-11T05:24:06.2811567Z [command]/usr/bin/git version
2026-09-11T05:24:06.2846042Z git version 2.55.0
2026-09-11T05:24:06.2900244Z Temporarily overriding HOME='/home/runner/work/_temp/c58c694c-8366-4300-96cd-af6b49d2ec31' before making global git config changes
2026-09-11T05:24:06.2909337Z Adding repository directory to the temporary git global config as a safe directory
2026-09-11T05:24:06.2910257Z [command]/usr/bin/git config --global --add safe.directory /home/runner/work/GO/GO/dependency-source
2026-09-11T05:24:06.2957245Z [command]/usr/bin/git config --local --name-only --get-regexp core\.sshCommand
2026-09-11T05:24:06.2996730Z [command]/usr/bin/git submodule foreach --recursive sh -c "git config --local --name-only --get-regexp 'core\.sshCommand' && git config --local --unset-all 'core.sshCommand' || :"
2026-09-11T05:24:06.3399341Z [command]/usr/bin/git config --local --name-only --get-regexp http\.https\:\/\/github\.com\/\.extraheader
2026-09-11T05:24:06.3449492Z [command]/usr/bin/git submodule foreach --recursive sh -c "git config --local --name-only --get-regexp 'http\.https\:\/\/github\.com\/\.extraheader' && git config --local --unset-all 'http.https://github.com/.extraheader' || :"
2026-09-11T05:24:06.3793539Z [command]/usr/bin/git config --local --name-only --get-regexp ^includeIf\.gitdir:
2026-09-11T05:24:06.3844133Z [command]/usr/bin/git submodule foreach --recursive git config --local --show-origin --name-only --get-regexp remote.origin.url
2026-09-11T05:24:06.4558848Z Node 20 is being deprecated. This workflow is running with Node 24 by default. If you need to temporarily use Node 20, you can set the ACTIONS_ALLOW_USE_UNSECURE_NODE_VERSION=true environment variable. For more information see: https://github.blog/changelog/2025-09-19-deprecation-of-node-20-on-github-actions-runners/
2026-09-11T05:24:06.4560417Z Post job cleanup.
2026-09-11T05:24:06.5442694Z [command]/usr/bin/git version
2026-09-11T05:24:06.5494218Z git version 2.55.0
2026-09-11T05:24:06.5543366Z Temporarily overriding HOME='/home/runner/work/_temp/d8ae75aa-dcbc-411f-9e1b-76d65a9f3c58' before making global git config changes
2026-09-11T05:24:06.5552735Z Adding repository directory to the temporary git global config as a safe directory
2026-09-11T05:24:06.5565787Z [command]/usr/bin/git config --global --add safe.directory /home/runner/work/GO/GO
2026-09-11T05:24:06.5619566Z [command]/usr/bin/git config --local --name-only --get-regexp core\.sshCommand
2026-09-11T05:24:06.5673679Z [command]/usr/bin/git submodule foreach --recursive sh -c "git config --local --name-only --get-regexp 'core\.sshCommand' && git config --local --unset-all 'core.sshCommand' || :"
2026-09-11T05:24:06.6023282Z [command]/usr/bin/git config --local --name-only --get-regexp http\.https\:\/\/github\.com\/\.extraheader
2026-09-11T05:24:06.6074874Z [command]/usr/bin/git submodule foreach --recursive sh -c "git config --local --name-only --get-regexp 'http\.https\:\/\/github\.com\/\.extraheader' && git config --local --unset-all 'http.https://github.com/.extraheader' || :"
2026-09-11T05:24:06.6475394Z [command]/usr/bin/git config --local --name-only --get-regexp ^includeIf\.gitdir:
2026-09-11T05:24:06.6486151Z [command]/usr/bin/git submodule foreach --recursive git config --local --show-origin --name-only --get-regexp remote.origin.url
2026-09-11T05:24:06.6959421Z Cleaning up orphan processes
2026-09-11T05:24:06.7195532Z ##[warning]Node.js 20 is deprecated. The following actions target Node.js 20 but are being forced to run on Node.js 24: actions/checkout@v4, actions/download-artifact@v4, actions/setup-python@v5, actions/upload-artifact@v4. For more information see: https://github.blog/changelog/2025-09-19-deprecation-of-node-20-on-github-actions-runners/
