✔ HTTP helper retains CSRF together with idempotency header (3.367362ms)
✔ Escape cancels traveler selection without authorizing or creating an order (10.828768ms)
✔ rental consent is bound to the selected traveler, field and purpose (2.405016ms)
✔ payment is cancelled without any checkout mutation (1.700346ms)
✔ a failed confirmed payment stays visible and can be retried (2.005414ms)
✔ cancelling a party selection creates no order or grant (1.573094ms)
✔ a party must contain the exact number of different travelers (1.715559ms)
✔ party confirmation returns only the explicitly selected traveler references (1.52381ms)
✔ party selection cannot submit without confirming adult travelers and purpose (1.303689ms)
✔ consumer uses locked V14 main and compact artwork with responsive selection (2.440418ms)
✔ supplier and admin share the locked reverse V14 compact lockup (1.770762ms)
✔ all three entry documents advance cache tokens together (0.228423ms)
✔ GO subbrands use V14 geometry with a deliberately recessive GO tier (0.336215ms)
✔ legacy runtime asset names also resolve to locked V14 geometry (0.303306ms)
✔ cancel review shows every cash component and exact fee basis before submission (21.89936ms)
✔ closing cancel review never sends cancellation or reloads as completed (1.175878ms)
✔ unchecked money confirmation cannot submit a cash action (1.424982ms)
✔ change confirmation keeps paid room value, incremental difference and fee separate (1.184411ms)
✔ cancelled date selection does not request new inventory or a payment (0.904559ms)
✔ displayed quote hash stays bound across asynchronous source mutation (0.998291ms)
✔ unknown supplier progress offers query only and binds the saved operation (1.21738ms)
✔ cancel confirmed and refund pending remain distinct in the customer progress card (0.880384ms)
✔ credit conversion waits for explicit quoted consent and does not claim an unknown cancellation succeeded (6.464858ms)
✔ canceling traveler selection sends no redemption or automatic identity (3.857589ms)
✔ redemption network retry binds the same quote and explicitly selected traveler (3.202103ms)
✔ unknown booking and pending refund remain distinct from completed credit restoration (1.447246ms)
✔ canceling a supplementary payment dialog re-enables the action (23.932946ms)
✔ conversion separates prior cash refunds and forfeiture from retained credit (1.200074ms)
✔ forfeiture conversion confirmation stays bound to the displayed quote after source object changes (2.514119ms)
✔ credit detail keeps original excluded value visible after redemption changes (0.932321ms)
✔ historical credit without a forfeiture breakdown never renders invalid amounts (0.901635ms)
✔ fare confirmation separates fee tiers, cooling, change and property credit terms (3.660302ms)
✔ cancelling fare confirmation has no accepted contract (1.662299ms)
✔ accepted hash remains bound to the rules displayed before asynchronous state changes (1.420586ms)
✔ declining hotel rules never selects or authorizes a traveler or creates an order (2.406818ms)
✔ accepted hotel contract is included with selected traveler and stable booking request identity (1.940517ms)
✔ supplier money and percentage inputs use exact minor units (1.557421ms)
✔ supplier lost-response retry keeps request identity and sends only the claimed cause (4.273593ms)
✔ supplier duplicate clicks while a request is pending cannot create another request (1.511973ms)
✔ unknown supplier cancellation shows approved refund waiting for confirmation, without a resend button (18.918939ms)
✔ hotel funds distinguish frozen, charged, released and refunded cent amounts (19.601485ms)
✔ only approved pending refunds expose retry and all server labels are escaped (0.64544ms)
✔ unknown funding shows reconciliation instead of a false payment claim (0.73847ms)
✔ trip links only open the exact canonical owned direct-reservation path (0.3858ms)
✔ closing a stay complaint form makes no request (1.486765ms)
✔ complaint retries reuse the same request identity and have no refund approval fields (1.97559ms)
✔ blank complaints and duplicate submission clicks cannot send extra requests (1.220585ms)
✔ closing hotel authorization leaves funds untouched (2.637555ms)
✔ hotel checkout requires confirmation and binds the complete stay amount (1.732695ms)
✔ a second click cannot create another hotel authorization while the first is pending (0.867835ms)
✔ a failed hotel authorization remains visible and can be retried (1.074324ms)
✔ conversion clearly shows capture and value and closing does not convert (23.489159ms)
✔ conversion retry keeps original quote, amount and original expiry (3.012147ms)
✔ redemption uses server quote policy and displays forfeiture before consent (1.524721ms)
✔ redemption confirms a fresh traveler and only releases hotel fields (1.546084ms)
✔ double click and Escape cannot duplicate or dismiss pending redemption (7.716345ms)
✔ credit list filters property and disables frozen, expired or reconciliation credits (2.146151ms)
✔ a cancellation quote never cancels a booking and closing preserves it (24.027517ms)
✔ fee consent binds the server quote and keeps frozen release separate from cash refund (2.037773ms)
✔ interrupted cancellation retry uses exactly the same quote and fee (1.406304ms)
✔ double clicks cannot settle twice while a cancellation is pending (0.998992ms)
✔ unavailable fare actions have no executable buttons and rule text is escaped (1.096047ms)
✔ date changes quote first and require fresh consent after editing dates (2.079045ms)
✔ extension keeps check-in fixed and explains replacement authorization (2.429742ms)
✔ independent review requires an explicit checked attestation and chosen proof (1.352012ms)
✔ review submits the exact evidence snapshot and no caller-selected money (1.078191ms)
✔ customer sees completed original refund separately from pending extra payment (15.035061ms)
✔ unapproved guest liability is a review hold without a refund promise or pay button (0.209745ms)
✔ zero captured payment explains authorization release and completed case has no retry (0.311989ms)
✔ finance entry converts decimal currency without fractional cents or silent rounding (0.550958ms)
✔ rail order preserves party, immutable prebook and original total through payment cancellation (3.81834ms)
✔ attraction order uses the quoted slot, quantity and prebook and shows eligibility (0.650768ms)
✔ cancelling confirmation step 1 never creates an order or payment (0.307833ms)
✔ cancelling confirmation step 2 never creates an order or payment (0.361904ms)
✔ cancelled party selection cannot reach order creation (0.376366ms)
✔ quote that expires during traveler selection cannot create or pay an order (1.554527ms)
✔ missing final consent never creates an order (0.506811ms)
✔ different people are required for every quoted place (0.736768ms)
✔ an uncertain payment still opens the existing order for recovery (1.259083ms)
✔ repeated clicks cannot start a second booking while confirmation is open (0.534113ms)
✔ mismatched total, journey or slot is refused before any traveler consent (0.414643ms)
✔ cancelling date selection never requests a quote or payment (3.083085ms)
✔ ride changes continue to use their separate workflow (0.966272ms)
✔ viewing a rental quote does not execute the change (1.871583ms)
✔ confirmed refund difference retains its sign and server quote identity (2.131143ms)
✔ unchecked amount consent blocks executing a displayed quote (1.608748ms)
✔ the shared amount formatter preserves cents on confirmation screens (19.314783ms)
✔ consumer: concurrent expired reads refresh once and preserve namespace (15.592128ms)
✔ consumer: a mutation without idempotency is never replayed after renewal (1.716611ms)
✔ consumer: an idempotent retry retains the original key and body (1.006303ms)
✔ consumer: failed refresh stops without retrying the operation (0.813823ms)
✔ console: concurrent expired reads refresh once and preserve namespace (3.715015ms)
✔ console: a mutation without idempotency is never replayed after renewal (4.10468ms)
✔ console: an idempotent retry retains the original key and body (0.897008ms)
✔ console: failed refresh stops without retrying the operation (0.640432ms)
✔ consumer logout failure preserves account and current page; success clears all private state (1.248757ms)
✔ console logout failure is surfaced instead of silently reporting success (3.575294ms)
✔ console requests work when randomUUID is unavailable in an HTTP preview (1.138672ms)
✔ console login binds the requested account type before establishing a session (0.898541ms)
✔ a changed console actor clears the stale UI and never refreshes or retries (0.643878ms)
✔ consumer: expired access can renew once to revoke its own session (1.416109ms)
✔ console: expired access can renew once to revoke its own session (0.936418ms)
✔ unverified check-in never exposes links or boarding passes (3.085378ms)
✔ per-traveler boarding pass appears only for the verified pass state (1.218311ms)
✔ invalid URL schemes and credentials do not become customer links (1.014726ms)
✔ unknown fleet outcome clearly separates confirmed and proposed times (0.926352ms)
✔ cancelled tracking confirmation sends no binding mutation (1.146503ms)
✔ checked consent sends exact displayed revision and server authority, never wait overrides (1.178581ms)
✔ missing consent prevents any tracking write (2.697274ms)
✔ no authorized source does not open an unusable confirmation dialog (0.869918ms)
✔ waiting protection is conditional and shows the actual event allowance (1.106233ms)
✔ late check-in response cannot populate a detached screen (10.841947ms)
✔ closing permission confirmation sends no permission mutation (4.175416ms)
✔ source disconnect remains explicit and retains server-directed semantics (2.691446ms)
✔ person edit binds the displayed revision and leaves a blank birth date untouched (1.378212ms)
✔ sensitive import inspection happens only after explicit confirmation, with no implicit acceptance (8.763033ms)
✔ untrusted imported content is escaped before display (1.888719ms)
✔ duplicate submits during a pending mutation call the server once (1.764983ms)
✔ import reassignment binds traveler and item revision and does not accept content (1.541286ms)
✔ RAIL cancellation requires explicit confirmation (1.956971ms)
✔ RAIL response loss still reloads persisted order (1.237721ms)
✔ RAIL paid or uncertain orders cannot open unpaid cancellation (2.543634ms)
✔ ATTRACTION cancellation requires explicit confirmation (0.631439ms)
✔ ATTRACTION response loss still reloads persisted order (0.590948ms)
✔ ATTRACTION paid or uncertain orders cannot open unpaid cancellation (2.611916ms)
✔ new unpaid reservation displays its frozen UTC deadline (1.733626ms)
✔ legacy orders never receive a fabricated deadline (0.281413ms)
✔ expiry display relies on persisted server state instead of browser clock (0.177627ms)
✔ started and uncertain payment keeps its reservation message (0.202123ms)
✔ RAIL: opening recovery does not send a refund until confirmed (2.023561ms)
✔ RAIL: failed response still reloads persisted order state (1.008226ms)
✔ ATTRACTION: opening recovery does not send a refund until confirmed (0.625911ms)
✔ ATTRACTION: failed response still reloads persisted order state (0.593041ms)
✔ busy recovery gives a customer message and refreshes the existing order (0.636937ms)
✔ rail interrupted change confirms the original quote instead of creating another (1.104781ms)
ℹ tests 135
ℹ suites 0
ℹ pass 135
ℹ fail 0
ℹ cancelled 0
ℹ skipped 0
ℹ todo 0
ℹ duration_ms 405.436378
