✔ HTTP helper retains CSRF together with idempotency header (4.193081ms)
✔ Escape cancels traveler selection without authorizing or creating an order (7.714482ms)
✔ rental consent is bound to the selected traveler, field and purpose (6.47489ms)
✔ payment is cancelled without any checkout mutation (1.832123ms)
✔ a failed confirmed payment stays visible and can be retried (1.552964ms)
✔ cancelling a party selection creates no order or grant (1.832454ms)
✔ a party must contain the exact number of different travelers (1.67728ms)
✔ party confirmation returns only the explicitly selected traveler references (1.691132ms)
✔ party selection cannot submit without confirming adult travelers and purpose (1.279533ms)
✔ consumer uses locked V14 main and compact artwork with responsive selection (2.077102ms)
✔ supplier and admin share the locked reverse V14 compact lockup (1.652794ms)
✔ all three entry documents advance cache tokens together (0.293992ms)
✔ GO subbrands use V14 geometry with a deliberately recessive GO tier (0.293211ms)
✔ legacy runtime asset names also resolve to locked V14 geometry (0.446702ms)
✔ cancel review shows every cash component and exact fee basis before submission (18.34079ms)
✔ closing cancel review never sends cancellation or reloads as completed (0.868264ms)
✔ unchecked money confirmation cannot submit a cash action (1.110028ms)
✔ change confirmation keeps paid room value, incremental difference and fee separate (1.109918ms)
✔ cancelled date selection does not request new inventory or a payment (0.803197ms)
✔ displayed quote hash stays bound across asynchronous source mutation (0.807313ms)
✔ unknown supplier progress offers query only and binds the saved operation (0.882607ms)
✔ cancel confirmed and refund pending remain distinct in the customer progress card (1.46373ms)
✔ credit conversion waits for explicit quoted consent and does not claim an unknown cancellation succeeded (4.314543ms)
✔ canceling traveler selection sends no redemption or automatic identity (1.162346ms)
✔ redemption network retry binds the same quote and explicitly selected traveler (3.445198ms)
✔ unknown booking and pending refund remain distinct from completed credit restoration (0.929837ms)
✔ canceling a supplementary payment dialog re-enables the action (22.065118ms)
✔ conversion separates prior cash refunds and forfeiture from retained credit (1.666404ms)
✔ forfeiture conversion confirmation stays bound to the displayed quote after source object changes (2.468519ms)
✔ credit detail keeps original excluded value visible after redemption changes (1.156808ms)
✔ historical credit without a forfeiture breakdown never renders invalid amounts (1.176988ms)
✔ fare confirmation separates fee tiers, cooling, change and property credit terms (3.118175ms)
✔ cancelling fare confirmation has no accepted contract (1.056538ms)
✔ accepted hash remains bound to the rules displayed before asynchronous state changes (1.374346ms)
✔ declining hotel rules never selects or authorizes a traveler or creates an order (1.574957ms)
✔ accepted hotel contract is included with selected traveler and stable booking request identity (1.473084ms)
✔ supplier money and percentage inputs use exact minor units (1.144049ms)
✔ supplier lost-response retry keeps request identity and sends only the claimed cause (3.832239ms)
✔ supplier duplicate clicks while a request is pending cannot create another request (1.319884ms)
✔ unknown supplier cancellation shows approved refund waiting for confirmation, without a resend button (13.884369ms)
✔ hotel funds distinguish frozen, charged, released and refunded cent amounts (18.545868ms)
✔ only approved pending refunds expose retry and all server labels are escaped (0.628505ms)
✔ unknown funding shows reconciliation instead of a false payment claim (0.705921ms)
✔ trip links only open the exact canonical owned direct-reservation path (1.347415ms)
✔ closing a stay complaint form makes no request (1.835739ms)
✔ complaint retries reuse the same request identity and have no refund approval fields (3.784107ms)
✔ blank complaints and duplicate submission clicks cannot send extra requests (0.966292ms)
✔ closing hotel authorization leaves funds untouched (2.508229ms)
✔ hotel checkout requires confirmation and binds the complete stay amount (1.709649ms)
✔ a second click cannot create another hotel authorization while the first is pending (0.939442ms)
✔ a failed hotel authorization remains visible and can be retried (0.926102ms)
✔ conversion clearly shows capture and value and closing does not convert (27.543209ms)
✔ conversion retry keeps original quote, amount and original expiry (4.907405ms)
✔ redemption uses server quote policy and displays forfeiture before consent (2.395841ms)
✔ redemption confirms a fresh traveler and only releases hotel fields (2.414077ms)
✔ double click and Escape cannot duplicate or dismiss pending redemption (8.233522ms)
✔ credit list filters property and disables frozen, expired or reconciliation credits (4.64553ms)
✔ a cancellation quote never cancels a booking and closing preserves it (29.677396ms)
✔ fee consent binds the server quote and keeps frozen release separate from cash refund (1.998683ms)
✔ interrupted cancellation retry uses exactly the same quote and fee (1.156287ms)
✔ double clicks cannot settle twice while a cancellation is pending (0.93813ms)
✔ unavailable fare actions have no executable buttons and rule text is escaped (1.162587ms)
✔ date changes quote first and require fresh consent after editing dates (2.703183ms)
✔ extension keeps check-in fixed and explains replacement authorization (1.302106ms)
✔ independent review requires an explicit checked attestation and chosen proof (1.614366ms)
✔ review submits the exact evidence snapshot and no caller-selected money (0.994304ms)
✔ customer sees completed original refund separately from pending extra payment (17.121258ms)
✔ unapproved guest liability is a review hold without a refund promise or pay button (0.434593ms)
✔ zero captured payment explains authorization release and completed case has no retry (0.431498ms)
✔ finance entry converts decimal currency without fractional cents or silent rounding (0.615665ms)
✔ rail order preserves party, immutable prebook and original total through payment cancellation (3.631337ms)
✔ attraction order uses the quoted slot, quantity and prebook and shows eligibility (0.585029ms)
✔ cancelling confirmation step 1 never creates an order or payment (0.374183ms)
✔ cancelling confirmation step 2 never creates an order or payment (0.403747ms)
✔ cancelled party selection cannot reach order creation (0.649115ms)
✔ quote that expires during traveler selection cannot create or pay an order (0.808755ms)
✔ missing final consent never creates an order (0.427032ms)
✔ different people are required for every quoted place (0.411388ms)
✔ an uncertain payment still opens the existing order for recovery (0.683667ms)
✔ repeated clicks cannot start a second booking while confirmation is open (0.3728ms)
✔ mismatched total, journey or slot is refused before any traveler consent (0.39299ms)
✔ cancelling date selection never requests a quote or payment (1.994908ms)
✔ ride changes continue to use their separate workflow (0.687874ms)
✔ viewing a rental quote does not execute the change (1.138541ms)
✔ confirmed refund difference retains its sign and server quote identity (1.579504ms)
✔ unchecked amount consent blocks executing a displayed quote (1.022506ms)
✔ the shared amount formatter preserves cents on confirmation screens (15.599972ms)
✔ consumer: concurrent expired reads refresh once and preserve namespace (18.209003ms)
✔ consumer: a mutation without idempotency is never replayed after renewal (2.640488ms)
✔ consumer: an idempotent retry retains the original key and body (1.166113ms)
✔ consumer: failed refresh stops without retrying the operation (0.91171ms)
✔ console: concurrent expired reads refresh once and preserve namespace (3.415603ms)
✔ console: a mutation without idempotency is never replayed after renewal (1.008675ms)
✔ console: an idempotent retry retains the original key and body (0.945661ms)
✔ console: failed refresh stops without retrying the operation (1.152482ms)
✔ consumer logout failure preserves account and current page; success clears all private state (1.597871ms)
✔ console logout failure is surfaced instead of silently reporting success (1.227905ms)
✔ console requests work when randomUUID is unavailable in an HTTP preview (1.113273ms)
✔ console login binds the requested account type before establishing a session (0.916086ms)
✔ a changed console actor clears the stale UI and never refreshes or retries (0.83794ms)
✔ consumer: expired access can renew once to revoke its own session (1.669408ms)
✔ console: expired access can renew once to revoke its own session (3.530986ms)
✔ unverified check-in never exposes links or boarding passes (3.045286ms)
✔ per-traveler boarding pass appears only for the verified pass state (1.142938ms)
✔ invalid URL schemes and credentials do not become customer links (0.956056ms)
✔ unknown fleet outcome clearly separates confirmed and proposed times (1.159383ms)
✔ cancelled tracking confirmation sends no binding mutation (1.138371ms)
✔ checked consent sends exact displayed revision and server authority, never wait overrides (1.099592ms)
✔ missing consent prevents any tracking write (1.537952ms)
✔ no authorized source does not open an unusable confirmation dialog (1.420815ms)
✔ waiting protection is conditional and shows the actual event allowance (1.016878ms)
✔ late check-in response cannot populate a detached screen (11.133711ms)
✔ closing permission confirmation sends no permission mutation (3.109472ms)
✔ source disconnect remains explicit and retains server-directed semantics (1.941537ms)
✔ person edit binds the displayed revision and leaves a blank birth date untouched (1.220784ms)
✔ sensitive import inspection happens only after explicit confirmation, with no implicit acceptance (7.385208ms)
✔ untrusted imported content is escaped before display (1.495057ms)
✔ duplicate submits during a pending mutation call the server once (1.441897ms)
✔ import reassignment binds traveler and item revision and does not accept content (1.206063ms)
✔ RAIL cancellation requires explicit confirmation (2.570653ms)
✔ RAIL response loss still reloads persisted order (1.252943ms)
✔ RAIL paid or uncertain orders cannot open unpaid cancellation (3.01505ms)
✔ ATTRACTION cancellation requires explicit confirmation (0.807965ms)
✔ ATTRACTION response loss still reloads persisted order (0.936728ms)
✔ ATTRACTION paid or uncertain orders cannot open unpaid cancellation (2.805576ms)
✔ new unpaid reservation displays its frozen UTC deadline (1.235807ms)
✔ legacy orders never receive a fabricated deadline (0.266631ms)
✔ expiry display relies on persisted server state instead of browser clock (0.132419ms)
✔ started and uncertain payment keeps its reservation message (0.120121ms)
✔ RAIL: opening recovery does not send a refund until confirmed (2.65506ms)
✔ RAIL: failed response still reloads persisted order state (1.305782ms)
✔ ATTRACTION: opening recovery does not send a refund until confirmed (0.802336ms)
✔ ATTRACTION: failed response still reloads persisted order state (0.863207ms)
✔ busy recovery gives a customer message and refreshes the existing order (0.95824ms)
✔ rail interrupted change confirms the original quote instead of creating another (1.280824ms)
ℹ tests 135
ℹ suites 0
ℹ pass 135
ℹ fail 0
ℹ cancelled 0
ℹ skipped 0
ℹ todo 0
ℹ duration_ms 396.970247
