✔ HTTP helper retains CSRF together with idempotency header (7.388045ms)
✔ Escape cancels traveler selection without authorizing or creating an order (12.325768ms)
✔ rental consent is bound to the selected traveler, field and purpose (4.760105ms)
✔ payment is cancelled without any checkout mutation (1.917572ms)
✔ a failed confirmed payment stays visible and can be retried (3.235293ms)
✔ cancelling a party selection creates no order or grant (2.8742ms)
✔ a party must contain the exact number of different travelers (3.925841ms)
✔ party confirmation returns only the explicitly selected traveler references (2.406878ms)
✔ party selection cannot submit without confirming adult travelers and purpose (1.647797ms)
✔ consumer uses locked V14 main and compact artwork with responsive selection (3.361643ms)
✔ supplier and admin share the locked reverse V14 compact lockup (3.930749ms)
✔ all three entry documents advance cache tokens together (0.294412ms)
✔ GO subbrands use V14 geometry with a deliberately recessive GO tier (0.320602ms)
✔ legacy runtime asset names also resolve to locked V14 geometry (0.433922ms)
✔ cancel review shows every cash component and exact fee basis before submission (34.975023ms)
✔ closing cancel review never sends cancellation or reloads as completed (1.17074ms)
✔ unchecked money confirmation cannot submit a cash action (1.938333ms)
✔ change confirmation keeps paid room value, incremental difference and fee separate (1.572173ms)
✔ cancelled date selection does not request new inventory or a payment (1.422859ms)
✔ displayed quote hash stays bound across asynchronous source mutation (2.096241ms)
✔ unknown supplier progress offers query only and binds the saved operation (1.545974ms)
✔ cancel confirmed and refund pending remain distinct in the customer progress card (3.395985ms)
✔ credit conversion waits for explicit quoted consent and does not claim an unknown cancellation succeeded (7.739354ms)
✔ canceling traveler selection sends no redemption or automatic identity (2.343994ms)
✔ redemption network retry binds the same quote and explicitly selected traveler (4.511652ms)
✔ unknown booking and pending refund remain distinct from completed credit restoration (1.813105ms)
✔ canceling a supplementary payment dialog re-enables the action (34.723755ms)
✔ conversion separates prior cash refunds and forfeiture from retained credit (1.63635ms)
✔ forfeiture conversion confirmation stays bound to the displayed quote after source object changes (4.72361ms)
✔ credit detail keeps original excluded value visible after redemption changes (1.827146ms)
✔ historical credit without a forfeiture breakdown never renders invalid amounts (2.910355ms)
✔ fare confirmation separates fee tiers, cooling, change and property credit terms (3.04005ms)
✔ cancelling fare confirmation has no accepted contract (5.390162ms)
✔ accepted hash remains bound to the rules displayed before asynchronous state changes (7.661947ms)
✔ declining hotel rules never selects or authorizes a traveler or creates an order (7.075386ms)
✔ accepted hotel contract is included with selected traveler and stable booking request identity (0.981365ms)
✔ supplier money and percentage inputs use exact minor units (1.725274ms)
✔ supplier lost-response retry keeps request identity and sends only the claimed cause (5.926218ms)
✔ supplier duplicate clicks while a request is pending cannot create another request (2.78755ms)
✔ unknown supplier cancellation shows approved refund waiting for confirmation, without a resend button (32.414775ms)
✔ hotel funds distinguish frozen, charged, released and refunded cent amounts (41.830889ms)
✔ only approved pending refunds expose retry and all server labels are escaped (1.349048ms)
✔ unknown funding shows reconciliation instead of a false payment claim (0.587303ms)
✔ trip links only open the exact canonical owned direct-reservation path (0.397969ms)
✔ closing a stay complaint form makes no request (5.696654ms)
✔ complaint retries reuse the same request identity and have no refund approval fields (2.223993ms)
✔ blank complaints and duplicate submission clicks cannot send extra requests (9.088982ms)
✔ closing hotel authorization leaves funds untouched (2.791816ms)
✔ hotel checkout requires confirmation and binds the complete stay amount (1.94971ms)
✔ a second click cannot create another hotel authorization while the first is pending (0.683177ms)
✔ a failed hotel authorization remains visible and can be retried (1.628668ms)
✔ conversion clearly shows capture and value and closing does not convert (30.643352ms)
✔ conversion retry keeps original quote, amount and original expiry (1.864723ms)
✔ redemption uses server quote policy and displays forfeiture before consent (1.708538ms)
✔ redemption confirms a fresh traveler and only releases hotel fields (2.446798ms)
✔ double click and Escape cannot duplicate or dismiss pending redemption (10.038479ms)
✔ credit list filters property and disables frozen, expired or reconciliation credits (2.139346ms)
✔ a cancellation quote never cancels a booking and closing preserves it (24.699357ms)
✔ fee consent binds the server quote and keeps frozen release separate from cash refund (2.688191ms)
✔ interrupted cancellation retry uses exactly the same quote and fee (1.594907ms)
✔ double clicks cannot settle twice while a cancellation is pending (1.304401ms)
✔ unavailable fare actions have no executable buttons and rule text is escaped (1.507246ms)
✔ date changes quote first and require fresh consent after editing dates (2.041839ms)
✔ extension keeps check-in fixed and explains replacement authorization (1.858734ms)
✔ independent review requires an explicit checked attestation and chosen proof (1.390009ms)
✔ review submits the exact evidence snapshot and no caller-selected money (0.71218ms)
✔ customer sees completed original refund separately from pending extra payment (18.223883ms)
✔ unapproved guest liability is a review hold without a refund promise or pay button (0.238068ms)
✔ zero captured payment explains authorization release and completed case has no retry (0.282144ms)
✔ finance entry converts decimal currency without fractional cents or silent rounding (0.344318ms)
✔ rail order preserves party, immutable prebook and original total through payment cancellation (2.510464ms)
✔ attraction order uses the quoted slot, quantity and prebook and shows eligibility (0.633161ms)
✔ cancelling confirmation step 1 never creates an order or payment (0.20596ms)
✔ cancelling confirmation step 2 never creates an order or payment (0.273562ms)
✔ cancelled party selection cannot reach order creation (2.281971ms)
✔ quote that expires during traveler selection cannot create or pay an order (0.662206ms)
✔ missing final consent never creates an order (0.380322ms)
✔ different people are required for every quoted place (0.334994ms)
✔ an uncertain payment still opens the existing order for recovery (0.546221ms)
✔ repeated clicks cannot start a second booking while confirmation is open (0.362916ms)
✔ mismatched total, journey or slot is refused before any traveler consent (1.654948ms)
✔ cancelling date selection never requests a quote or payment (2.307438ms)
✔ ride changes continue to use their separate workflow (0.639972ms)
✔ viewing a rental quote does not execute the change (1.005592ms)
✔ confirmed refund difference retains its sign and server quote identity (1.648027ms)
✔ unchecked amount consent blocks executing a displayed quote (1.106714ms)
✔ the shared amount formatter preserves cents on confirmation screens (13.879974ms)
✔ consumer: concurrent expired reads refresh once and preserve namespace (14.194466ms)
✔ consumer: a mutation without idempotency is never replayed after renewal (3.084797ms)
✔ consumer: an idempotent retry retains the original key and body (1.35746ms)
✔ consumer: failed refresh stops without retrying the operation (0.887854ms)
✔ console: concurrent expired reads refresh once and preserve namespace (6.390275ms)
✔ console: a mutation without idempotency is never replayed after renewal (0.815256ms)
✔ console: an idempotent retry retains the original key and body (1.13772ms)
✔ console: failed refresh stops without retrying the operation (1.551643ms)
✔ consumer logout failure preserves account and current page; success clears all private state (5.444975ms)
✔ console logout failure is surfaced instead of silently reporting success (1.945924ms)
✔ console requests work when randomUUID is unavailable in an HTTP preview (1.171862ms)
✔ console login binds the requested account type before establishing a session (0.701855ms)
✔ a changed console actor clears the stale UI and never refreshes or retries (0.866783ms)
✔ consumer: expired access can renew once to revoke its own session (2.00254ms)
✔ console: expired access can renew once to revoke its own session (1.174225ms)
✔ unverified check-in never exposes links or boarding passes (11.298643ms)
✔ per-traveler boarding pass appears only for the verified pass state (1.852214ms)
✔ invalid URL schemes and credentials do not become customer links (0.83128ms)
✔ unknown fleet outcome clearly separates confirmed and proposed times (1.180224ms)
✔ cancelled tracking confirmation sends no binding mutation (1.165933ms)
✔ checked consent sends exact displayed revision and server authority, never wait overrides (1.090669ms)
✔ missing consent prevents any tracking write (1.533134ms)
✔ no authorized source does not open an unusable confirmation dialog (0.916909ms)
✔ waiting protection is conditional and shows the actual event allowance (1.058251ms)
✔ late check-in response cannot populate a detached screen (20.857933ms)
✔ closing permission confirmation sends no permission mutation (3.182314ms)
✔ source disconnect remains explicit and retains server-directed semantics (1.832074ms)
✔ person edit binds the displayed revision and leaves a blank birth date untouched (1.086584ms)
✔ sensitive import inspection happens only after explicit confirmation, with no implicit acceptance (9.825349ms)
✔ untrusted imported content is escaped before display (1.501657ms)
✔ duplicate submits during a pending mutation call the server once (1.374826ms)
✔ import reassignment binds traveler and item revision and does not accept content (1.076137ms)
✔ RAIL cancellation requires explicit confirmation (2.097633ms)
✔ RAIL response loss still reloads persisted order (1.185052ms)
✔ RAIL paid or uncertain orders cannot open unpaid cancellation (1.975099ms)
✔ ATTRACTION cancellation requires explicit confirmation (0.69829ms)
✔ ATTRACTION response loss still reloads persisted order (0.870379ms)
✔ ATTRACTION paid or uncertain orders cannot open unpaid cancellation (2.214659ms)
✔ new unpaid reservation displays its frozen UTC deadline (1.633966ms)
✔ legacy orders never receive a fabricated deadline (0.301844ms)
✔ expiry display relies on persisted server state instead of browser clock (0.18638ms)
✔ started and uncertain payment keeps its reservation message (0.262815ms)
✔ RAIL: opening recovery does not send a refund until confirmed (2.645607ms)
✔ RAIL: failed response still reloads persisted order state (1.318912ms)
✔ ATTRACTION: opening recovery does not send a refund until confirmed (0.835936ms)
✔ ATTRACTION: failed response still reloads persisted order state (0.740914ms)
✔ busy recovery gives a customer message and refreshes the existing order (1.399093ms)
✔ rail interrupted change confirms the original quote instead of creating another (1.100674ms)
ℹ tests 135
ℹ suites 0
ℹ pass 135
ℹ fail 0
ℹ cancelled 0
ℹ skipped 0
ℹ todo 0
ℹ duration_ms 574.534719
