2026-09-13T15:10:32.3158589Z Current runner version: '2.337.0'
2026-09-13T15:10:32.3195340Z ##[group]Runner Image Provisioner
2026-09-13T15:10:32.3196907Z Hosted Compute Agent
2026-09-13T15:10:32.3198121Z Version: 20260828.587
2026-09-13T15:10:32.3199366Z Commit: abac92662cab4cc7352de4f9f9d2e2419aad9c29
2026-09-13T15:10:32.3200724Z Build Date: 2026-08-28T16:44:25Z
2026-09-13T15:10:32.3202230Z Worker ID: {fe591eaf-386e-49f5-9b62-9dca6c5052e5}
2026-09-13T15:10:32.3203732Z Azure Region: centralus
2026-09-13T15:10:32.3205127Z ##[endgroup]
2026-09-13T15:10:32.3207547Z ##[group]Operating System
2026-09-13T15:10:32.3208804Z Ubuntu
2026-09-13T15:10:32.3209918Z 24.04.5
2026-09-13T15:10:32.3210927Z LTS
2026-09-13T15:10:32.3211828Z ##[endgroup]
2026-09-13T15:10:32.3213032Z ##[group]Runner Image
2026-09-13T15:10:32.3214541Z Image: ubuntu-24.04
2026-09-13T15:10:32.3215774Z Version: 20260907.300.1
2026-09-13T15:10:32.3218125Z Included Software: https://github.com/actions/runner-images/blob/ubuntu24/20260907.300/images/ubuntu/Ubuntu2404-Readme.md
2026-09-13T15:10:32.3220362Z Image Release: https://github.com/actions/runner-images/releases/tag/ubuntu24%2F20260907.300
2026-09-13T15:10:32.3221441Z ##[endgroup]
2026-09-13T15:10:32.3222689Z ##[group]GITHUB_TOKEN Permissions
2026-09-13T15:10:32.3225361Z Contents: read
2026-09-13T15:10:32.3226094Z Metadata: read
2026-09-13T15:10:32.3226700Z ##[endgroup]
2026-09-13T15:10:32.3228767Z Secret source: Actions
2026-09-13T15:10:32.3229919Z Cache mode: write
2026-09-13T15:10:32.3230641Z Prepare workflow directory
2026-09-13T15:10:32.3726659Z Prepare all required actions
2026-09-13T15:10:32.3796213Z Getting action download info
2026-09-13T15:10:32.6419083Z Download action repository 'actions/checkout@v4' (SHA:11d5960a326750d5838078e36cf38b85af677262)
2026-09-13T15:10:32.7512916Z Download action repository 'actions/setup-python@v5' (SHA:a26af69be951a213d495a4c3e4e4022e16d87065)
2026-09-13T15:10:32.8541871Z Download action repository 'actions/setup-node@v4' (SHA:49933ea5288caeca8642d1e84afbd3f7d6820020)
2026-09-13T15:10:32.9523805Z Download action repository 'actions/upload-artifact@v4' (SHA:ea165f8d65b6e75b540449e92b4886f43607fa02)
2026-09-13T15:10:33.1763020Z Complete job name: browser
2026-09-13T15:10:33.2565462Z Node 20 is being deprecated. This workflow is running with Node 24 by default. If you need to temporarily use Node 20, you can set the ACTIONS_ALLOW_USE_UNSECURE_NODE_VERSION=true environment variable. For more information see: https://github.blog/changelog/2025-09-19-deprecation-of-node-20-on-github-actions-runners/
2026-09-13T15:10:33.2574682Z ##[group]Run actions/checkout@v4
2026-09-13T15:10:33.2575485Z with:
2026-09-13T15:10:33.2576005Z   ref: 9f28f822110e187c22baf82391063c8b05c039c1
2026-09-13T15:10:33.2576671Z   persist-credentials: false
2026-09-13T15:10:33.2577249Z   repository: yuguangzhi3836-glitch/GO
2026-09-13T15:10:33.2581448Z   token: ***
2026-09-13T15:10:33.2581919Z   ssh-strict: true
2026-09-13T15:10:33.2582393Z   ssh-user: git
2026-09-13T15:10:33.2582852Z   clean: true
2026-09-13T15:10:33.2583332Z   sparse-checkout-cone-mode: true
2026-09-13T15:10:33.2583929Z   fetch-depth: 1
2026-09-13T15:10:33.2584579Z   fetch-tags: false
2026-09-13T15:10:33.2585105Z   show-progress: true
2026-09-13T15:10:33.2585609Z   lfs: false
2026-09-13T15:10:33.2586062Z   submodules: false
2026-09-13T15:10:33.2586556Z   set-safe-directory: true
2026-09-13T15:10:33.2587100Z   allow-unsafe-pr-checkout: false
2026-09-13T15:10:33.2587927Z env:
2026-09-13T15:10:33.2588418Z   PYTHONDONTWRITEBYTECODE: 1
2026-09-13T15:10:33.2588961Z ##[endgroup]
2026-09-13T15:10:33.3904519Z Syncing repository: yuguangzhi3836-glitch/GO
2026-09-13T15:10:33.3908169Z ##[group]Getting Git version info
2026-09-13T15:10:33.3909768Z Working directory is '/home/runner/work/GO/GO'
2026-09-13T15:10:33.3911458Z [command]/usr/bin/git version
2026-09-13T15:10:33.3998729Z git version 2.55.0
2026-09-13T15:10:33.4004658Z ##[endgroup]
2026-09-13T15:10:33.4012587Z Temporarily overriding HOME='/home/runner/work/_temp/a502b0be-49cd-423d-a2cb-42045c71fef2' before making global git config changes
2026-09-13T15:10:33.4016192Z Adding repository directory to the temporary git global config as a safe directory
2026-09-13T15:10:33.4018876Z [command]/usr/bin/git config --global --add safe.directory /home/runner/work/GO/GO
2026-09-13T15:10:33.5266470Z Deleting the contents of '/home/runner/work/GO/GO'
2026-09-13T15:10:33.5295582Z ##[group]Initializing the repository
2026-09-13T15:10:33.5312090Z [command]/usr/bin/git init /home/runner/work/GO/GO
2026-09-13T15:10:33.5329972Z hint: Using 'master' as the name for the initial branch. This default branch name
2026-09-13T15:10:33.5332200Z hint: will change to "main" in Git 3.0. To configure the initial branch name
2026-09-13T15:10:33.5335065Z hint: to use in all of your new repositories, which will suppress this warning,
2026-09-13T15:10:33.5336974Z hint: call:
2026-09-13T15:10:33.5338342Z hint:
2026-09-13T15:10:33.5339627Z hint: 	git config --global init.defaultBranch <name>
2026-09-13T15:10:33.5341338Z hint:
2026-09-13T15:10:33.5342700Z hint: Names commonly chosen instead of 'master' are 'main', 'trunk' and
2026-09-13T15:10:33.5345603Z hint: 'development'. The just-created branch can be renamed via this command:
2026-09-13T15:10:33.5347506Z hint:
2026-09-13T15:10:33.5348942Z hint: 	git branch -m <name>
2026-09-13T15:10:33.5350255Z hint:
2026-09-13T15:10:33.5352137Z hint: Disable this message with "git config set advice.defaultBranchName false"
2026-09-13T15:10:33.5357718Z Initialized empty Git repository in /home/runner/work/GO/GO/.git/
2026-09-13T15:10:33.5363070Z [command]/usr/bin/git remote add origin https://github.com/yuguangzhi3836-glitch/GO
2026-09-13T15:10:33.5545692Z ##[endgroup]
2026-09-13T15:10:33.5547542Z ##[group]Disabling automatic garbage collection
2026-09-13T15:10:33.5551157Z [command]/usr/bin/git config --local gc.auto 0
2026-09-13T15:10:33.5555196Z ##[endgroup]
2026-09-13T15:10:33.5556876Z ##[group]Setting up auth
2026-09-13T15:10:33.5572649Z [command]/usr/bin/git config --local --name-only --get-regexp core\.sshCommand
2026-09-13T15:10:33.5588506Z [command]/usr/bin/git submodule foreach --recursive sh -c "git config --local --name-only --get-regexp 'core\.sshCommand' && git config --local --unset-all 'core.sshCommand' || :"
2026-09-13T15:10:33.5595557Z [command]/usr/bin/git config --local --name-only --get-regexp http\.https\:\/\/github\.com\/\.extraheader
2026-09-13T15:10:33.5622871Z [command]/usr/bin/git submodule foreach --recursive sh -c "git config --local --name-only --get-regexp 'http\.https\:\/\/github\.com\/\.extraheader' && git config --local --unset-all 'http.https://github.com/.extraheader' || :"
2026-09-13T15:10:33.5814692Z [command]/usr/bin/git config --local --name-only --get-regexp ^includeIf\.gitdir:
2026-09-13T15:10:33.5849343Z [command]/usr/bin/git submodule foreach --recursive git config --local --show-origin --name-only --get-regexp remote.origin.url
2026-09-13T15:10:33.6102123Z [command]/usr/bin/git config --local http.https://github.com/.extraheader AUTHORIZATION: basic ***
2026-09-13T15:10:33.6245315Z ##[endgroup]
2026-09-13T15:10:33.6246971Z ##[group]Fetching the repository
2026-09-13T15:10:33.6248740Z [command]/usr/bin/git -c protocol.version=2 fetch --no-tags --prune --no-recurse-submodules --depth=1 origin 9f28f822110e187c22baf82391063c8b05c039c1
2026-09-13T15:10:47.9672884Z From https://github.com/yuguangzhi3836-glitch/GO
2026-09-13T15:10:47.9685349Z  * branch            9f28f822110e187c22baf82391063c8b05c039c1 -> FETCH_HEAD
2026-09-13T15:10:47.9687608Z ##[endgroup]
2026-09-13T15:10:47.9688398Z ##[group]Determining the checkout info
2026-09-13T15:10:47.9689235Z ##[endgroup]
2026-09-13T15:10:47.9689572Z [command]/usr/bin/git sparse-checkout disable
2026-09-13T15:10:47.9744696Z [command]/usr/bin/git config --local --unset-all extensions.worktreeConfig
2026-09-13T15:10:47.9787448Z ##[group]Checking out the ref
2026-09-13T15:10:47.9791729Z [command]/usr/bin/git checkout --progress --force 9f28f822110e187c22baf82391063c8b05c039c1
2026-09-13T15:10:49.5640924Z Updating files:  33% (1632/4944)
2026-09-13T15:10:49.5679031Z Updating files:  34% (1681/4944)
2026-09-13T15:10:49.5697415Z Updating files:  35% (1731/4944)
2026-09-13T15:10:49.5721231Z Updating files:  36% (1780/4944)
2026-09-13T15:10:49.5823904Z Updating files:  37% (1830/4944)
2026-09-13T15:10:49.5865520Z Updating files:  38% (1879/4944)
2026-09-13T15:10:49.5919763Z Updating files:  39% (1929/4944)
2026-09-13T15:10:49.5963752Z Updating files:  40% (1978/4944)
2026-09-13T15:10:49.5985253Z Updating files:  41% (2028/4944)
2026-09-13T15:10:49.6009954Z Updating files:  42% (2077/4944)
2026-09-13T15:10:49.6036142Z Updating files:  43% (2126/4944)
2026-09-13T15:10:49.6063864Z Updating files:  44% (2176/4944)
2026-09-13T15:10:49.6092827Z Updating files:  45% (2225/4944)
2026-09-13T15:10:49.6120577Z Updating files:  46% (2275/4944)
2026-09-13T15:10:49.6147233Z Updating files:  47% (2324/4944)
2026-09-13T15:10:49.6175807Z Updating files:  48% (2374/4944)
2026-09-13T15:10:49.6213929Z Updating files:  49% (2423/4944)
2026-09-13T15:10:49.6252936Z Updating files:  50% (2472/4944)
2026-09-13T15:10:49.6285983Z Updating files:  51% (2522/4944)
2026-09-13T15:10:49.6320159Z Updating files:  52% (2571/4944)
2026-09-13T15:10:49.6362288Z Updating files:  53% (2621/4944)
2026-09-13T15:10:49.6392886Z Updating files:  54% (2670/4944)
2026-09-13T15:10:49.6424696Z Updating files:  55% (2720/4944)
2026-09-13T15:10:49.6457479Z Updating files:  56% (2769/4944)
2026-09-13T15:10:49.6487049Z Updating files:  57% (2819/4944)
2026-09-13T15:10:49.6515632Z Updating files:  58% (2868/4944)
2026-09-13T15:10:49.6546739Z Updating files:  59% (2917/4944)
2026-09-13T15:10:49.6862854Z Updating files:  60% (2967/4944)
2026-09-13T15:10:49.7578435Z Updating files:  61% (3016/4944)
2026-09-13T15:10:49.7604304Z Updating files:  62% (3066/4944)
2026-09-13T15:10:49.7655611Z Updating files:  63% (3115/4944)
2026-09-13T15:10:49.7887962Z Updating files:  64% (3165/4944)
2026-09-13T15:10:49.8067316Z Updating files:  65% (3214/4944)
2026-09-13T15:10:49.8368720Z Updating files:  66% (3264/4944)
2026-09-13T15:10:49.8586943Z Updating files:  67% (3313/4944)
2026-09-13T15:10:49.8621529Z Updating files:  68% (3362/4944)
2026-09-13T15:10:49.8646072Z Updating files:  69% (3412/4944)
2026-09-13T15:10:49.8683357Z Updating files:  70% (3461/4944)
2026-09-13T15:10:49.8705284Z Updating files:  71% (3511/4944)
2026-09-13T15:10:49.8768673Z Updating files:  72% (3560/4944)
2026-09-13T15:10:49.8795392Z Updating files:  73% (3610/4944)
2026-09-13T15:10:49.8819322Z Updating files:  74% (3659/4944)
2026-09-13T15:10:49.8847548Z Updating files:  75% (3708/4944)
2026-09-13T15:10:49.8887680Z Updating files:  76% (3758/4944)
2026-09-13T15:10:49.8929283Z Updating files:  77% (3807/4944)
2026-09-13T15:10:49.8960381Z Updating files:  78% (3857/4944)
2026-09-13T15:10:49.9001895Z Updating files:  79% (3906/4944)
2026-09-13T15:10:49.9042681Z Updating files:  80% (3956/4944)
2026-09-13T15:10:49.9114370Z Updating files:  81% (4005/4944)
2026-09-13T15:10:49.9319332Z Updating files:  82% (4055/4944)
2026-09-13T15:10:49.9467782Z Updating files:  83% (4104/4944)
2026-09-13T15:10:49.9839218Z Updating files:  84% (4153/4944)
2026-09-13T15:10:49.9928841Z Updating files:  85% (4203/4944)
2026-09-13T15:10:49.9978640Z Updating files:  85% (4204/4944)
2026-09-13T15:10:50.0019500Z Updating files:  86% (4252/4944)
2026-09-13T15:10:50.0050788Z Updating files:  87% (4302/4944)
2026-09-13T15:10:50.0075306Z Updating files:  88% (4351/4944)
2026-09-13T15:10:50.0132100Z Updating files:  89% (4401/4944)
2026-09-13T15:10:50.0154564Z Updating files:  90% (4450/4944)
2026-09-13T15:10:50.0231729Z Updating files:  91% (4500/4944)
2026-09-13T15:10:50.0266667Z Updating files:  92% (4549/4944)
2026-09-13T15:10:50.0314637Z Updating files:  93% (4598/4944)
2026-09-13T15:10:50.0331882Z Updating files:  94% (4648/4944)
2026-09-13T15:10:50.0394558Z Updating files:  95% (4697/4944)
2026-09-13T15:10:50.0454620Z Updating files:  96% (4747/4944)
2026-09-13T15:10:50.0494801Z Updating files:  97% (4796/4944)
2026-09-13T15:10:50.0530155Z Updating files:  98% (4846/4944)
2026-09-13T15:10:50.0574875Z Updating files:  99% (4895/4944)
2026-09-13T15:10:50.0615399Z Updating files: 100% (4944/4944)
2026-09-13T15:10:50.0644524Z Updating files: 100% (4944/4944), done.
2026-09-13T15:10:50.1198212Z Note: switching to '9f28f822110e187c22baf82391063c8b05c039c1'.
2026-09-13T15:10:50.1217367Z 
2026-09-13T15:10:50.1234714Z You are in 'detached HEAD' state. You can look around, make experimental
2026-09-13T15:10:50.1254567Z changes and commit them, and you can discard any commits you make in this
2026-09-13T15:10:50.1255632Z state without impacting any branches by switching back to a branch.
2026-09-13T15:10:50.1274332Z 
2026-09-13T15:10:50.1294525Z If you want to create a new branch to retain commits you create, you may
2026-09-13T15:10:50.1314491Z do so (now or later) by using -c with the switch command. Example:
2026-09-13T15:10:50.1315160Z 
2026-09-13T15:10:50.1334511Z   git switch -c <new-branch-name>
2026-09-13T15:10:50.1351680Z 
2026-09-13T15:10:50.1363101Z Or undo this operation with:
2026-09-13T15:10:50.1363668Z 
2026-09-13T15:10:50.1364315Z   git switch -
2026-09-13T15:10:50.1364765Z 
2026-09-13T15:10:50.1365260Z Turn off this advice by setting config variable advice.detachedHead to false
2026-09-13T15:10:50.1365923Z 
2026-09-13T15:10:50.1366526Z HEAD is now at 9f28f82 V7: close six Cell P1 gaps with inherited repairs and scoped evidence
2026-09-13T15:10:50.1375791Z ##[endgroup]
2026-09-13T15:10:50.1428561Z [command]/usr/bin/git log -1 --format=%H
2026-09-13T15:10:50.1477515Z 9f28f822110e187c22baf82391063c8b05c039c1
2026-09-13T15:10:50.1516669Z ##[group]Removing auth
2026-09-13T15:10:50.1536867Z [command]/usr/bin/git config --local --name-only --get-regexp core\.sshCommand
2026-09-13T15:10:50.1610635Z [command]/usr/bin/git submodule foreach --recursive sh -c "git config --local --name-only --get-regexp 'core\.sshCommand' && git config --local --unset-all 'core.sshCommand' || :"
2026-09-13T15:10:50.1995105Z [command]/usr/bin/git config --local --name-only --get-regexp http\.https\:\/\/github\.com\/\.extraheader
2026-09-13T15:10:50.2029195Z http.https://github.com/.extraheader
2026-09-13T15:10:50.2062312Z [command]/usr/bin/git config --local --unset-all http.https://github.com/.extraheader
2026-09-13T15:10:50.2188220Z [command]/usr/bin/git submodule foreach --recursive sh -c "git config --local --name-only --get-regexp 'http\.https\:\/\/github\.com\/\.extraheader' && git config --local --unset-all 'http.https://github.com/.extraheader' || :"
2026-09-13T15:10:50.2555670Z [command]/usr/bin/git config --local --name-only --get-regexp ^includeIf\.gitdir:
2026-09-13T15:10:50.2599675Z [command]/usr/bin/git submodule foreach --recursive git config --local --show-origin --name-only --get-regexp remote.origin.url
2026-09-13T15:10:50.3061489Z ##[endgroup]
2026-09-13T15:10:50.3328404Z Node 20 is being deprecated. This workflow is running with Node 24 by default. If you need to temporarily use Node 20, you can set the ACTIONS_ALLOW_USE_UNSECURE_NODE_VERSION=true environment variable. For more information see: https://github.blog/changelog/2025-09-19-deprecation-of-node-20-on-github-actions-runners/
2026-09-13T15:10:50.3330441Z ##[group]Run actions/setup-python@v5
2026-09-13T15:10:50.3330718Z with:
2026-09-13T15:10:50.3330948Z   python-version: 3.13.5
2026-09-13T15:10:50.3331194Z   check-latest: false
2026-09-13T15:10:50.3333901Z   token: ***
2026-09-13T15:10:50.3334316Z   update-environment: true
2026-09-13T15:10:50.3334573Z   allow-prereleases: false
2026-09-13T15:10:50.3334818Z   freethreaded: false
2026-09-13T15:10:50.3335031Z env:
2026-09-13T15:10:50.3335243Z   PYTHONDONTWRITEBYTECODE: 1
2026-09-13T15:10:50.3335488Z ##[endgroup]
2026-09-13T15:10:50.4756750Z ##[group]Installed versions
2026-09-13T15:10:50.9579975Z Version 3.13.5 was not found in the local cache
2026-09-13T15:10:50.9710371Z (node:2115) [DEP0040] DeprecationWarning: The `punycode` module is deprecated. Please use a userland alternative instead.
2026-09-13T15:10:50.9711991Z (Use `node --trace-deprecation ...` to show where the warning was created)
2026-09-13T15:10:51.9731649Z Version 3.13.5 is available for downloading
2026-09-13T15:10:51.9733129Z Download from "https://github.com/actions/python-versions/releases/download/3.13.5-15601068749/python-3.13.5-linux-24.04-x64.tar.gz"
2026-09-13T15:10:52.9257070Z Extract downloaded archive
2026-09-13T15:10:52.9417922Z [command]/usr/bin/tar xz --warning=no-unknown-keyword --overwrite -C /home/runner/work/_temp/c6a7646a-80ae-4415-aac2-4200d203be85 -f /home/runner/work/_temp/fff75594-6f84-4757-8056-7771ac2758ab
2026-09-13T15:10:55.3925232Z Execute installation script
2026-09-13T15:10:55.4074959Z Check if Python hostedtoolcache folder exist...
2026-09-13T15:10:55.4075799Z Create Python 3.13.5 folder
2026-09-13T15:10:55.4077941Z Copy Python binaries to hostedtoolcache folder
2026-09-13T15:10:55.9640763Z Create additional symlinks (Required for the UsePythonVersion Azure Pipelines task and the setup-python GitHub Action)
2026-09-13T15:10:55.9684344Z Upgrading pip...
2026-09-13T15:10:58.6411900Z Looking in links: /tmp/tmps_rlt74i
2026-09-13T15:10:58.6417877Z Requirement already satisfied: pip in /opt/hostedtoolcache/Python/3.13.5/x64/lib/python3.13/site-packages (25.1.1)
2026-09-13T15:11:00.1270996Z Collecting pip
2026-09-13T15:11:00.1945324Z Downloading pip-26.2.1-py3-none-any.whl.metadata (4.6 kB)
2026-09-13T15:11:00.2161747Z Downloading pip-26.2.1-py3-none-any.whl (1.8 MB)
2026-09-13T15:11:00.3340159Z ━━━━━━━━━━━━━━━━━━━━━━━━━━━━━━━━━━━━━━━━ 1.8/1.8 MB 21.4 MB/s eta 0:00:00
2026-09-13T15:11:00.3345306Z 
2026-09-13T15:11:00.3528840Z Installing collected packages: pip
2026-09-13T15:11:00.3531037Z Attempting uninstall: pip
2026-09-13T15:11:00.3560523Z Found existing installation: pip 25.1.1
2026-09-13T15:11:00.3902361Z Uninstalling pip-25.1.1:
2026-09-13T15:11:00.3959240Z Successfully uninstalled pip-25.1.1
2026-09-13T15:11:01.2616430Z Successfully installed pip-26.2.1
2026-09-13T15:11:01.3094455Z Create complete file
2026-09-13T15:11:01.3141071Z Successfully set up CPython (3.13.5)
2026-09-13T15:11:01.3155820Z ##[endgroup]
2026-09-13T15:11:01.3411231Z Node 20 is being deprecated. This workflow is running with Node 24 by default. If you need to temporarily use Node 20, you can set the ACTIONS_ALLOW_USE_UNSECURE_NODE_VERSION=true environment variable. For more information see: https://github.blog/changelog/2025-09-19-deprecation-of-node-20-on-github-actions-runners/
2026-09-13T15:11:01.3412535Z ##[group]Run actions/setup-node@v4
2026-09-13T15:11:01.3412800Z with:
2026-09-13T15:11:01.3413016Z   node-version: 22.22.0
2026-09-13T15:11:01.3413250Z   always-auth: false
2026-09-13T15:11:01.3413473Z   check-latest: false
2026-09-13T15:11:01.3416602Z   token: ***
2026-09-13T15:11:01.3416810Z env:
2026-09-13T15:11:01.3417019Z   PYTHONDONTWRITEBYTECODE: 1
2026-09-13T15:11:01.3417341Z   pythonLocation: /opt/hostedtoolcache/Python/3.13.5/x64
2026-09-13T15:11:01.3417798Z   PKG_CONFIG_PATH: /opt/hostedtoolcache/Python/3.13.5/x64/lib/pkgconfig
2026-09-13T15:11:01.3418251Z   Python_ROOT_DIR: /opt/hostedtoolcache/Python/3.13.5/x64
2026-09-13T15:11:01.3418671Z   Python2_ROOT_DIR: /opt/hostedtoolcache/Python/3.13.5/x64
2026-09-13T15:11:01.3419054Z   Python3_ROOT_DIR: /opt/hostedtoolcache/Python/3.13.5/x64
2026-09-13T15:11:01.3419448Z   LD_LIBRARY_PATH: /opt/hostedtoolcache/Python/3.13.5/x64/lib
2026-09-13T15:11:01.3419778Z ##[endgroup]
2026-09-13T15:11:01.4875679Z Attempting to download 22.22.0...
2026-09-13T15:11:01.4972813Z (node:2190) [DEP0040] DeprecationWarning: The `punycode` module is deprecated. Please use a userland alternative instead.
2026-09-13T15:11:01.4973851Z (Use `node --trace-deprecation ...` to show where the warning was created)
2026-09-13T15:11:02.1703035Z Acquiring 22.22.0 - x64 from https://github.com/actions/node-versions/releases/download/22.22.0-20981702931/node-22.22.0-linux-x64.tar.gz
2026-09-13T15:11:02.8491965Z Extracting ...
2026-09-13T15:11:02.8640917Z [command]/usr/bin/tar xz --strip 1 --warning=no-unknown-keyword --overwrite -C /home/runner/work/_temp/74b8ea35-04ae-4524-9b9c-4422edca399e -f /home/runner/work/_temp/c10dc0e2-8f55-43ad-a719-ab772a93b97b
2026-09-13T15:11:04.2695241Z Adding to the cache ...
2026-09-13T15:11:06.9871911Z ##[group]Environment details
2026-09-13T15:11:07.2545453Z node: v22.22.0
2026-09-13T15:11:07.2575155Z npm: 10.9.4
2026-09-13T15:11:07.2575975Z yarn: 1.22.22
2026-09-13T15:11:07.2576790Z ##[endgroup]
2026-09-13T15:11:07.2804379Z ##[group]Run python -B ci/journey-v2/prepare.py
2026-09-13T15:11:07.2805089Z [36;1mpython -B ci/journey-v2/prepare.py[0m
2026-09-13T15:11:07.2863151Z shell: /usr/bin/bash -e {0}
2026-09-13T15:11:07.2863593Z env:
2026-09-13T15:11:07.2864154Z   PYTHONDONTWRITEBYTECODE: 1
2026-09-13T15:11:07.2864715Z   pythonLocation: /opt/hostedtoolcache/Python/3.13.5/x64
2026-09-13T15:11:07.2865467Z   PKG_CONFIG_PATH: /opt/hostedtoolcache/Python/3.13.5/x64/lib/pkgconfig
2026-09-13T15:11:07.2866204Z   Python_ROOT_DIR: /opt/hostedtoolcache/Python/3.13.5/x64
2026-09-13T15:11:07.2866888Z   Python2_ROOT_DIR: /opt/hostedtoolcache/Python/3.13.5/x64
2026-09-13T15:11:07.2867320Z   Python3_ROOT_DIR: /opt/hostedtoolcache/Python/3.13.5/x64
2026-09-13T15:11:07.2867809Z   LD_LIBRARY_PATH: /opt/hostedtoolcache/Python/3.13.5/x64/lib
2026-09-13T15:11:07.2868480Z ##[endgroup]
2026-09-13T15:11:07.7549659Z {"source_files": 1332, "source_tree_sha256": "20b8b9b547636b47ab627f2adf8adc562deb01e07bce224e4705e838c92e7eb2", "unchanged_parent_files": 1188, "new_files": 61, "repaired_existing_files": 83, "compatibility_files_unchanged": 19, "checkpoint_commit": "9f28f822110e187c22baf82391063c8b05c039c1", "byte_retention": "PASS", "full_feature_retention": "HOLD_APPROVAL_BLOCKED_PROVIDER_GUARD", "deployment": "NOT_RUN", "production": "HOLD"}
2026-09-13T15:11:08.0608954Z {"commit": "9f28f822110e187c22baf82391063c8b05c039c1", "application_tree": "b9aee82e8c3932a540349b1f62b714c5ea52e837", "selected_source_files": 1332, "retained_baseline_files": 1300, "registered_acceptance_repairs": 105, "selection_counts": {"BOTH": 1264, "PR47": 35, "PR48": 1}, "pr47_application_changes": ["application/frontend/shared/app.js"], "archived_tooling_files": 8, "alignment": "PASS", "historical_pass_transferred": false, "full_three_end_ux": "HOLD", "six_vertical_closed_loop": "HOLD", "sealed_node": "HOLD", "final_release": "HOLD"}
2026-09-13T15:11:08.0745271Z {"schema": "go.depth41.current-journey.v2", "candidate_commit": "9f28f822110e187c22baf82391063c8b05c039c1", "application_git_tree": "b9aee82e8c3932a540349b1f62b714c5ea52e837", "parent_commit": "2d15536d2b65484e5a1c00067871387cefdfb235", "source_tree_sha256": "20b8b9b547636b47ab627f2adf8adc562deb01e07bce224e4705e838c92e7eb2", "source_files": 1332, "test_source": "CURRENT_CHECKOUT_ONLY", "tool_sha256": {"same_order_api.py": "47e3ade1381f090e0a62b7e069e0b5fdbf2ffc07fccfc6cc898beeb2a909459d", "ledger.py": "270f021779f3cab078457154d09793a6c2e4e5f11309b306ed9b4e867d942dc4", "prepare.py": "c7b3a1829f9023c05267f9d19bae9d464396c43c6d3a8aa0e7af941b12375cfb", "run.py": "4cebecf452ee7822198d00b49b73759feb8fd4aa2e4f3f7731639b0451cccc40", "hotel-depth.mjs": "7b8984ba90181e475832811fccf4e853fca282676b7140995763f0d9c2ece9ad", "ACCEPTANCE_PATCH.json": "7a0aadd66845573680b9c8318ba07975bf50bcb6b67af0e63d51f1fdf43766f3", "browser.mjs": "45e3184c98af17e16b16087ab41077e46bd243fd101d011e74a13e44e320bef9", "hotel-ledger.py": "28a28b6ea0c81069ceeb97881e7edb5305d93b5241f4b915f118c0244f034c87", "test_ledger_independence.py": "307e12e2308c4797ba30717e02311410d08bedf7f341678b361fb1a687c8c2ac"}, "historical_results_transferred": false, "hong_kong": "NOT_ACCESSED", "production": "HOLD"}
2026-09-13T15:11:08.0860393Z ##[group]Run python ci/retention/dependencies.py --repository . --output "$RUNNER_TEMP/frozen"
2026-09-13T15:11:08.0861143Z [36;1mpython ci/retention/dependencies.py --repository . --output "$RUNNER_TEMP/frozen"[0m
2026-09-13T15:11:08.0861920Z [36;1mpython -m pip install --no-index --find-links "$RUNNER_TEMP/frozen/wheelhouse" -r ci/retention/requirements.lock[0m
2026-09-13T15:11:08.0862579Z [36;1mnpm install --no-save --ignore-scripts playwright@1.55.1[0m
2026-09-13T15:11:08.0863012Z [36;1mnpx playwright install --with-deps chromium[0m
2026-09-13T15:11:08.0900768Z shell: /usr/bin/bash -e {0}
2026-09-13T15:11:08.0901037Z env:
2026-09-13T15:11:08.0901256Z   PYTHONDONTWRITEBYTECODE: 1
2026-09-13T15:11:08.0901600Z   pythonLocation: /opt/hostedtoolcache/Python/3.13.5/x64
2026-09-13T15:11:08.0902049Z   PKG_CONFIG_PATH: /opt/hostedtoolcache/Python/3.13.5/x64/lib/pkgconfig
2026-09-13T15:11:08.0902486Z   Python_ROOT_DIR: /opt/hostedtoolcache/Python/3.13.5/x64
2026-09-13T15:11:08.0902907Z   Python2_ROOT_DIR: /opt/hostedtoolcache/Python/3.13.5/x64
2026-09-13T15:11:08.0903299Z   Python3_ROOT_DIR: /opt/hostedtoolcache/Python/3.13.5/x64
2026-09-13T15:11:08.0903692Z   LD_LIBRARY_PATH: /opt/hostedtoolcache/Python/3.13.5/x64/lib
2026-09-13T15:11:08.0904308Z ##[endgroup]
2026-09-13T15:11:08.4192812Z {"archive_sha256": "b13a76ab9351f81da70e8e2c8873c20141abe953cd3f96aeb181ef86a34b58dd", "verified_wheels": 37, "source": "pinned GO repository ci/dependency_parts only", "application_source_restored": false}
2026-09-13T15:11:09.2855716Z Looking in links: /home/runner/work/_temp/frozen/wheelhouse
2026-09-13T15:11:09.2955247Z Processing /home/runner/work/_temp/frozen/wheelhouse/alembic-1.16.5-py3-none-any.whl (from -r ci/retention/requirements.lock (line 1))
2026-09-13T15:11:09.3028879Z Processing /home/runner/work/_temp/frozen/wheelhouse/annotated_doc-0.0.4-py3-none-any.whl (from -r ci/retention/requirements.lock (line 2))
2026-09-13T15:11:09.3056517Z Processing /home/runner/work/_temp/frozen/wheelhouse/annotated_types-0.7.0-py3-none-any.whl (from -r ci/retention/requirements.lock (line 3))
2026-09-13T15:11:09.3085413Z Processing /home/runner/work/_temp/frozen/wheelhouse/anyio-4.13.0-py3-none-any.whl (from -r ci/retention/requirements.lock (line 4))
2026-09-13T15:11:09.3120909Z Processing /home/runner/work/_temp/frozen/wheelhouse/certifi-2026.5.20-py3-none-any.whl (from -r ci/retention/requirements.lock (line 5))
2026-09-13T15:11:09.3146842Z Processing /home/runner/work/_temp/frozen/wheelhouse/cffi-2.0.0-cp313-cp313-manylinux_2_17_x86_64.whl (from -r ci/retention/requirements.lock (line 6))
2026-09-13T15:11:09.3180036Z Processing /home/runner/work/_temp/frozen/wheelhouse/click-8.5.0-py3-none-any.whl (from -r ci/retention/requirements.lock (line 7))
2026-09-13T15:11:09.3204841Z Processing /home/runner/work/_temp/frozen/wheelhouse/cryptography-46.0.4-cp311-abi3-manylinux_2_34_x86_64.whl (from -r ci/retention/requirements.lock (line 8))
2026-09-13T15:11:09.3304907Z Processing /home/runner/work/_temp/frozen/wheelhouse/fastapi-0.128.2-py3-none-any.whl (from -r ci/retention/requirements.lock (line 9))
2026-09-13T15:11:09.3368736Z Processing /home/runner/work/_temp/frozen/wheelhouse/greenlet-3.5.1-cp313-cp313-manylinux_2_24_x86_64.whl (from -r ci/retention/requirements.lock (line 10))
2026-09-13T15:11:09.3408051Z Processing /home/runner/work/_temp/frozen/wheelhouse/h11-0.16.0-py3-none-any.whl (from -r ci/retention/requirements.lock (line 11))
2026-09-13T15:11:09.3437276Z Processing /home/runner/work/_temp/frozen/wheelhouse/httpcore-1.0.9-py3-none-any.whl (from -r ci/retention/requirements.lock (line 12))
2026-09-13T15:11:09.3476414Z Processing /home/runner/work/_temp/frozen/wheelhouse/httpx-0.28.1-py3-none-any.whl (from -r ci/retention/requirements.lock (line 13))
2026-09-13T15:11:09.3511221Z Processing /home/runner/work/_temp/frozen/wheelhouse/idna-3.17-py3-none-any.whl (from -r ci/retention/requirements.lock (line 14))
2026-09-13T15:11:09.3541926Z Processing /home/runner/work/_temp/frozen/wheelhouse/iniconfig-2.3.0-py3-none-any.whl (from -r ci/retention/requirements.lock (line 15))
2026-09-13T15:11:09.3566579Z Processing /home/runner/work/_temp/frozen/wheelhouse/mako-1.3.10-py3-none-any.whl (from -r ci/retention/requirements.lock (line 16))
2026-09-13T15:11:09.3595495Z Processing /home/runner/work/_temp/frozen/wheelhouse/markupsafe-3.0.3-cp313-cp313-manylinux2014_x86_64.manylinux_2_17_x86_64.manylinux_2_28_x86_64.whl (from -r ci/retention/requirements.lock (line 17))
2026-09-13T15:11:09.3619411Z Processing /home/runner/work/_temp/frozen/wheelhouse/packaging-25.0-py3-none-any.whl (from -r ci/retention/requirements.lock (line 18))
2026-09-13T15:11:09.3647929Z Processing /home/runner/work/_temp/frozen/wheelhouse/pillow-12.3.0-cp313-cp313-manylinux_2_27_x86_64.whl (from -r ci/retention/requirements.lock (line 19))
2026-09-13T15:11:09.3757424Z Processing /home/runner/work/_temp/frozen/wheelhouse/pluggy-1.6.0-py3-none-any.whl (from -r ci/retention/requirements.lock (line 20))
2026-09-13T15:11:09.3787194Z Processing /home/runner/work/_temp/frozen/wheelhouse/psycopg_binary-3.2.10-cp313-cp313-manylinux2014_x86_64.manylinux_2_17_x86_64.whl (from -r ci/retention/requirements.lock (line 21))
2026-09-13T15:11:09.3853369Z Processing /home/runner/work/_temp/frozen/wheelhouse/psycopg-3.2.10-py3-none-any.whl (from -r ci/retention/requirements.lock (line 22))
2026-09-13T15:11:09.3908763Z Processing /home/runner/work/_temp/frozen/wheelhouse/pycparser-3.0-py3-none-any.whl (from -r ci/retention/requirements.lock (line 23))
2026-09-13T15:11:09.3935813Z Processing /home/runner/work/_temp/frozen/wheelhouse/pydantic_settings-2.14.1-py3-none-any.whl (from -r ci/retention/requirements.lock (line 24))
2026-09-13T15:11:09.3967668Z Processing /home/runner/work/_temp/frozen/wheelhouse/pydantic-2.13.4-py3-none-any.whl (from -r ci/retention/requirements.lock (line 25))
2026-09-13T15:11:09.4044500Z Processing /home/runner/work/_temp/frozen/wheelhouse/pydantic_core-2.46.4-cp313-cp313-manylinux_2_17_x86_64.whl (from -r ci/retention/requirements.lock (line 26))
2026-09-13T15:11:09.4096586Z Processing /home/runner/work/_temp/frozen/wheelhouse/Pygments-2.20.0-py3-none-any.whl (from -r ci/retention/requirements.lock (line 27))
2026-09-13T15:11:09.4182379Z Processing /home/runner/work/_temp/frozen/wheelhouse/PyJWT-2.13.0-py3-none-any.whl (from -r ci/retention/requirements.lock (line 28))
2026-09-13T15:11:09.4209843Z Processing /home/runner/work/_temp/frozen/wheelhouse/pytest_asyncio-1.3.0-py3-none-any.whl (from -r ci/retention/requirements.lock (line 29))
2026-09-13T15:11:09.4240706Z Processing /home/runner/work/_temp/frozen/wheelhouse/pytest-9.0.2-py3-none-any.whl (from -r ci/retention/requirements.lock (line 30))
2026-09-13T15:11:09.4293304Z Processing /home/runner/work/_temp/frozen/wheelhouse/python_dotenv-1.2.2-py3-none-any.whl (from -r ci/retention/requirements.lock (line 31))
2026-09-13T15:11:09.4331446Z Processing /home/runner/work/_temp/frozen/wheelhouse/redis-5.2.1-py3-none-any.whl (from -r ci/retention/requirements.lock (line 32))
2026-09-13T15:11:09.4367155Z Processing /home/runner/work/_temp/frozen/wheelhouse/SQLAlchemy-2.0.50-cp313-cp313-manylinux_2_17_x86_64.whl (from -r ci/retention/requirements.lock (line 33))
2026-09-13T15:11:09.4513732Z Processing /home/runner/work/_temp/frozen/wheelhouse/starlette-0.50.0-py3-none-any.whl (from -r ci/retention/requirements.lock (line 34))
2026-09-13T15:11:09.4549015Z Processing /home/runner/work/_temp/frozen/wheelhouse/typing_inspection-0.4.2-py3-none-any.whl (from -r ci/retention/requirements.lock (line 35))
2026-09-13T15:11:09.4573497Z Processing /home/runner/work/_temp/frozen/wheelhouse/typing_extensions-4.16.0-py3-none-any.whl (from -r ci/retention/requirements.lock (line 36))
2026-09-13T15:11:09.4599385Z Processing /home/runner/work/_temp/frozen/wheelhouse/uvicorn-0.35.0-py3-none-any.whl (from -r ci/retention/requirements.lock (line 37))
2026-09-13T15:11:09.5919846Z Installing collected packages: typing_extensions, redis, python-dotenv, PyJWT, Pygments, pycparser, psycopg-binary, psycopg, pluggy, Pillow, packaging, MarkupSafe, iniconfig, idna, h11, greenlet, click, certifi, annotated-types, annotated-doc, uvicorn, typing-inspection, SQLAlchemy, pytest, pydantic_core, Mako, httpcore, cffi, anyio, starlette, pytest-asyncio, pydantic, httpx, cryptography, alembic, pydantic-settings, fastapi
2026-09-13T15:11:14.5195764Z 
2026-09-13T15:11:14.5241808Z Successfully installed Mako-1.3.10 MarkupSafe-3.0.3 Pillow-12.3.0 PyJWT-2.13.0 Pygments-2.20.0 SQLAlchemy-2.0.50 alembic-1.16.5 annotated-doc-0.0.4 annotated-types-0.7.0 anyio-4.13.0 certifi-2026.5.20 cffi-2.0.0 click-8.5.0 cryptography-46.0.4 fastapi-0.128.2 greenlet-3.5.1 h11-0.16.0 httpcore-1.0.9 httpx-0.28.1 idna-3.17 iniconfig-2.3.0 packaging-25.0 pluggy-1.6.0 psycopg-3.2.10 psycopg-binary-3.2.10 pycparser-3.0 pydantic-2.13.4 pydantic-settings-2.14.1 pydantic_core-2.46.4 pytest-9.0.2 pytest-asyncio-1.3.0 python-dotenv-1.2.2 redis-5.2.1 starlette-0.50.0 typing-inspection-0.4.2 typing_extensions-4.16.0 uvicorn-0.35.0
2026-09-13T15:11:16.2776857Z 
2026-09-13T15:11:16.2777822Z added 2 packages in 2s
2026-09-13T15:11:17.0859880Z Installing dependencies...
2026-09-13T15:11:17.0979016Z Switching to root user to install dependencies...
2026-09-13T15:11:17.2418936Z Get:1 file:/etc/apt/apt-mirrors.txt Mirrorlist [144 B]
2026-09-13T15:11:17.3155629Z Hit:2 http://azure.archive.ubuntu.com/ubuntu noble InRelease
2026-09-13T15:11:17.3195128Z Get:6 https://packages.microsoft.com/ubuntu/24.04/prod noble InRelease [3600 B]
2026-09-13T15:11:17.3228655Z Get:3 http://azure.archive.ubuntu.com/ubuntu noble-updates InRelease [126 kB]
2026-09-13T15:11:17.3247795Z Get:4 http://azure.archive.ubuntu.com/ubuntu noble-backports InRelease [126 kB]
2026-09-13T15:11:17.3295243Z Get:5 http://azure.archive.ubuntu.com/ubuntu noble-security InRelease [126 kB]
2026-09-13T15:11:17.3955349Z Get:7 https://dl.google.com/linux/chrome-stable/deb stable InRelease [2548 B]
2026-09-13T15:11:17.4676262Z Get:8 https://packages.microsoft.com/ubuntu/24.04/prod noble/main amd64 Packages [463 kB]
2026-09-13T15:11:17.4895029Z Get:9 https://packages.microsoft.com/ubuntu/24.04/prod noble/main arm64 Packages [414 kB]
2026-09-13T15:11:17.5375992Z Get:10 http://azure.archive.ubuntu.com/ubuntu noble-updates/main amd64 Packages [1263 kB]
2026-09-13T15:11:17.5453551Z Get:11 http://azure.archive.ubuntu.com/ubuntu noble-updates/main Translation-en [292 kB]
2026-09-13T15:11:17.5487913Z Get:12 http://azure.archive.ubuntu.com/ubuntu noble-updates/main amd64 Components [181 kB]
2026-09-13T15:11:17.5537149Z Get:13 http://azure.archive.ubuntu.com/ubuntu noble-updates/universe amd64 Packages [1690 kB]
2026-09-13T15:11:17.5735779Z Get:14 http://azure.archive.ubuntu.com/ubuntu noble-updates/universe amd64 Components [388 kB]
2026-09-13T15:11:17.5865196Z Get:15 http://azure.archive.ubuntu.com/ubuntu noble-updates/restricted amd64 Packages [1544 kB]
2026-09-13T15:11:17.6095063Z Get:16 http://azure.archive.ubuntu.com/ubuntu noble-updates/restricted Translation-en [354 kB]
2026-09-13T15:11:17.6132542Z Get:17 http://azure.archive.ubuntu.com/ubuntu noble-updates/multiverse amd64 Components [940 B]
2026-09-13T15:11:17.6155066Z Get:18 http://azure.archive.ubuntu.com/ubuntu noble-backports/main amd64 Components [5772 B]
2026-09-13T15:11:17.6157064Z Get:19 http://azure.archive.ubuntu.com/ubuntu noble-backports/universe amd64 Components [12.6 kB]
2026-09-13T15:11:17.7169810Z Get:20 http://azure.archive.ubuntu.com/ubuntu noble-security/main amd64 Packages [1006 kB]
2026-09-13T15:11:17.7265990Z Get:21 http://azure.archive.ubuntu.com/ubuntu noble-security/main Translation-en [213 kB]
2026-09-13T15:11:17.7291883Z Get:22 http://azure.archive.ubuntu.com/ubuntu noble-security/main amd64 Components [46.4 kB]
2026-09-13T15:11:17.7315807Z Get:23 http://azure.archive.ubuntu.com/ubuntu noble-security/universe amd64 Packages [1206 kB]
2026-09-13T15:11:17.7386113Z Get:24 http://azure.archive.ubuntu.com/ubuntu noble-security/universe amd64 Components [76.3 kB]
2026-09-13T15:11:17.7407717Z Get:25 http://azure.archive.ubuntu.com/ubuntu noble-security/restricted amd64 Packages [1445 kB]
2026-09-13T15:11:17.7501581Z Get:26 http://azure.archive.ubuntu.com/ubuntu noble-security/restricted Translation-en [336 kB]
2026-09-13T15:11:17.7865677Z Get:27 https://dl.google.com/linux/chrome-stable/deb stable/main amd64 Packages [1408 B]
2026-09-13T15:11:22.9517252Z Fetched 11.3 MB in 2s (7485 kB/s)
2026-09-13T15:11:23.6979211Z Reading package lists...
2026-09-13T15:11:23.7222494Z Reading package lists...
2026-09-13T15:11:23.8731092Z Building dependency tree...
2026-09-13T15:11:23.8740011Z Reading state information...
2026-09-13T15:11:24.0029929Z libasound2t64 is already the newest version (1.2.11-1ubuntu0.3).
2026-09-13T15:11:24.0031491Z libasound2t64 set to manually installed.
2026-09-13T15:11:24.0032738Z libatk-bridge2.0-0t64 is already the newest version (2.52.0-1build1).
2026-09-13T15:11:24.0033789Z libatk-bridge2.0-0t64 set to manually installed.
2026-09-13T15:11:24.0034962Z libatk1.0-0t64 is already the newest version (2.52.0-1build1).
2026-09-13T15:11:24.0035823Z libatk1.0-0t64 set to manually installed.
2026-09-13T15:11:24.0040431Z libatspi2.0-0t64 is already the newest version (2.52.0-1build1).
2026-09-13T15:11:24.0041219Z libatspi2.0-0t64 set to manually installed.
2026-09-13T15:11:24.0041952Z libcairo2 is already the newest version (1.18.0-3build1).
2026-09-13T15:11:24.0042631Z libcairo2 set to manually installed.
2026-09-13T15:11:24.0043390Z libcups2t64 is already the newest version (2.4.7-1.2ubuntu7.14).
2026-09-13T15:11:24.0043921Z libcups2t64 set to manually installed.
2026-09-13T15:11:24.0045029Z libdbus-1-3 is already the newest version (1.14.10-4ubuntu4.1).
2026-09-13T15:11:24.0045818Z libdbus-1-3 set to manually installed.
2026-09-13T15:11:24.0046608Z libdrm2 is already the newest version (2.4.125-1ubuntu0.1~24.04.2).
2026-09-13T15:11:24.0047337Z libdrm2 set to manually installed.
2026-09-13T15:11:24.0048068Z libgbm1 is already the newest version (25.2.8-0ubuntu0.24.04.2).
2026-09-13T15:11:24.0048772Z libgbm1 set to manually installed.
2026-09-13T15:11:24.0049514Z libglib2.0-0t64 is already the newest version (2.80.0-6ubuntu3.8).
2026-09-13T15:11:24.0050059Z libglib2.0-0t64 set to manually installed.
2026-09-13T15:11:24.0050497Z libnspr4 is already the newest version (2:4.35-1.1build1).
2026-09-13T15:11:24.0050897Z libnspr4 set to manually installed.
2026-09-13T15:11:24.0051315Z libnss3 is already the newest version (2:3.98-1ubuntu0.2).
2026-09-13T15:11:24.0051705Z libnss3 set to manually installed.
2026-09-13T15:11:24.0052133Z libpango-1.0-0 is already the newest version (1.52.1+ds-1build1).
2026-09-13T15:11:24.0052563Z libpango-1.0-0 set to manually installed.
2026-09-13T15:11:24.0052989Z libx11-6 is already the newest version (2:1.8.7-1build1).
2026-09-13T15:11:24.0053376Z libx11-6 set to manually installed.
2026-09-13T15:11:24.0053764Z libxcb1 is already the newest version (1.15-1ubuntu2).
2026-09-13T15:11:24.0054763Z libxcb1 set to manually installed.
2026-09-13T15:11:24.0055224Z libxcomposite1 is already the newest version (1:0.4.5-1build3).
2026-09-13T15:11:24.0055671Z libxcomposite1 set to manually installed.
2026-09-13T15:11:24.0056104Z libxdamage1 is already the newest version (1:1.1.6-1build1).
2026-09-13T15:11:24.0056771Z libxdamage1 set to manually installed.
2026-09-13T15:11:24.0057267Z libxext6 is already the newest version (2:1.3.4-1build2).
2026-09-13T15:11:24.0057652Z libxext6 set to manually installed.
2026-09-13T15:11:24.0058056Z libxfixes3 is already the newest version (1:6.0.0-2build1).
2026-09-13T15:11:24.0058452Z libxfixes3 set to manually installed.
2026-09-13T15:11:24.0058867Z libxkbcommon0 is already the newest version (1.6.0-1build1).
2026-09-13T15:11:24.0059295Z libxkbcommon0 set to manually installed.
2026-09-13T15:11:24.0059711Z libxrandr2 is already the newest version (2:1.5.2-2build1).
2026-09-13T15:11:24.0060506Z libxrandr2 set to manually installed.
2026-09-13T15:11:24.0061262Z xvfb is already the newest version (2:21.1.12-1ubuntu1.6).
2026-09-13T15:11:24.0062242Z fonts-noto-color-emoji is already the newest version (2.047-0ubuntu0.24.04.1).
2026-09-13T15:11:24.0063361Z libfontconfig1 is already the newest version (2.15.0-1.1ubuntu2).
2026-09-13T15:11:24.0063813Z libfontconfig1 set to manually installed.
2026-09-13T15:11:24.0064668Z libfreetype6 is already the newest version (2.13.2+dfsg-1ubuntu0.1).
2026-09-13T15:11:24.0065467Z libfreetype6 set to manually installed.
2026-09-13T15:11:24.0066261Z fonts-liberation is already the newest version (1:2.1.5-3).
2026-09-13T15:11:24.0067035Z fonts-liberation set to manually installed.
2026-09-13T15:11:24.0067521Z The following additional packages will be installed:
2026-09-13T15:11:24.0068075Z   xfonts-encodings xfonts-utils
2026-09-13T15:11:24.0068369Z Recommended packages:
2026-09-13T15:11:24.0068667Z   fonts-ipafont-mincho fonts-tlwg-loma
2026-09-13T15:11:24.0223811Z The following NEW packages will be installed:
2026-09-13T15:11:24.0225179Z   fonts-freefont-ttf fonts-ipafont-gothic fonts-tlwg-loma-otf fonts-unifont
2026-09-13T15:11:24.0235049Z   fonts-wqy-zenhei xfonts-cyrillic xfonts-encodings xfonts-scalable
2026-09-13T15:11:24.0236178Z   xfonts-utils
2026-09-13T15:11:24.0401380Z 0 upgraded, 9 newly installed, 0 to remove and 50 not upgraded.
2026-09-13T15:11:24.0402354Z Need to get 21.1 MB of archives.
2026-09-13T15:11:24.0403364Z After this operation, 79.5 MB of additional disk space will be used.
2026-09-13T15:11:24.0404837Z Get:1 file:/etc/apt/apt-mirrors.txt Mirrorlist [144 B]
2026-09-13T15:11:24.0971899Z Get:2 http://azure.archive.ubuntu.com/ubuntu noble/universe amd64 fonts-ipafont-gothic all 00303-21ubuntu1 [3513 kB]
2026-09-13T15:11:24.1727163Z Get:3 http://azure.archive.ubuntu.com/ubuntu noble/main amd64 fonts-freefont-ttf all 20211204+svn4273-2 [5641 kB]
2026-09-13T15:11:24.2841577Z Get:4 http://azure.archive.ubuntu.com/ubuntu noble/universe amd64 fonts-tlwg-loma-otf all 1:0.7.3-1 [107 kB]
2026-09-13T15:11:24.3207970Z Get:5 http://azure.archive.ubuntu.com/ubuntu noble/universe amd64 fonts-unifont all 1:15.1.01-1build1 [2993 kB]
2026-09-13T15:11:24.3916668Z Get:6 http://azure.archive.ubuntu.com/ubuntu noble/universe amd64 fonts-wqy-zenhei all 0.9.45-8 [7472 kB]
2026-09-13T15:11:24.5156702Z Get:7 http://azure.archive.ubuntu.com/ubuntu noble/main amd64 xfonts-encodings all 1:1.0.5-0ubuntu2 [578 kB]
2026-09-13T15:11:24.5585248Z Get:8 http://azure.archive.ubuntu.com/ubuntu noble/main amd64 xfonts-utils amd64 1:7.7+6build3 [94.4 kB]
2026-09-13T15:11:24.5957676Z Get:9 http://azure.archive.ubuntu.com/ubuntu noble/universe amd64 xfonts-cyrillic all 1:1.0.5+nmu1 [384 kB]
2026-09-13T15:11:24.6376341Z Get:10 http://azure.archive.ubuntu.com/ubuntu noble/main amd64 xfonts-scalable all 1:1.0.3-1.3 [304 kB]
2026-09-13T15:11:24.9077310Z Fetched 21.1 MB in 1s (34.5 MB/s)
2026-09-13T15:11:24.9364314Z Selecting previously unselected package fonts-ipafont-gothic.
2026-09-13T15:11:24.9668137Z (Reading database ... 
2026-09-13T15:11:24.9668509Z (Reading database ... 5%
2026-09-13T15:11:24.9668960Z (Reading database ... 10%
2026-09-13T15:11:24.9669560Z (Reading database ... 15%
2026-09-13T15:11:24.9670291Z (Reading database ... 20%
2026-09-13T15:11:24.9671092Z (Reading database ... 25%
2026-09-13T15:11:24.9671792Z (Reading database ... 30%
2026-09-13T15:11:24.9672495Z (Reading database ... 35%
2026-09-13T15:11:24.9673172Z (Reading database ... 40%
2026-09-13T15:11:24.9673873Z (Reading database ... 45%
2026-09-13T15:11:24.9674782Z (Reading database ... 50%
2026-09-13T15:11:24.9723516Z (Reading database ... 55%
2026-09-13T15:11:25.1277430Z (Reading database ... 60%
2026-09-13T15:11:25.2705687Z (Reading database ... 65%
2026-09-13T15:11:25.4768483Z (Reading database ... 70%
2026-09-13T15:11:25.6128237Z (Reading database ... 75%
2026-09-13T15:11:25.7877359Z (Reading database ... 80%
2026-09-13T15:11:25.9630962Z (Reading database ... 85%
2026-09-13T15:11:26.1632257Z (Reading database ... 90%
2026-09-13T15:11:26.3338613Z (Reading database ... 95%
2026-09-13T15:11:26.3339328Z (Reading database ... 100%
2026-09-13T15:11:26.3340459Z (Reading database ... 201818 files and directories currently installed.)
2026-09-13T15:11:26.3379772Z Preparing to unpack .../0-fonts-ipafont-gothic_00303-21ubuntu1_all.deb ...
2026-09-13T15:11:26.3474415Z Unpacking fonts-ipafont-gothic (00303-21ubuntu1) ...
2026-09-13T15:11:26.5820120Z Selecting previously unselected package fonts-freefont-ttf.
2026-09-13T15:11:26.5946441Z Preparing to unpack .../1-fonts-freefont-ttf_20211204+svn4273-2_all.deb ...
2026-09-13T15:11:26.5955908Z Unpacking fonts-freefont-ttf (20211204+svn4273-2) ...
2026-09-13T15:11:26.6799225Z Selecting previously unselected package fonts-tlwg-loma-otf.
2026-09-13T15:11:26.6925852Z Preparing to unpack .../2-fonts-tlwg-loma-otf_1%3a0.7.3-1_all.deb ...
2026-09-13T15:11:26.6935215Z Unpacking fonts-tlwg-loma-otf (1:0.7.3-1) ...
2026-09-13T15:11:26.7154790Z Selecting previously unselected package fonts-unifont.
2026-09-13T15:11:26.7281018Z Preparing to unpack .../3-fonts-unifont_1%3a15.1.01-1build1_all.deb ...
2026-09-13T15:11:26.7294221Z Unpacking fonts-unifont (1:15.1.01-1build1) ...
2026-09-13T15:11:26.8440939Z Selecting previously unselected package fonts-wqy-zenhei.
2026-09-13T15:11:26.8566533Z Preparing to unpack .../4-fonts-wqy-zenhei_0.9.45-8_all.deb ...
2026-09-13T15:11:26.8665399Z Unpacking fonts-wqy-zenhei (0.9.45-8) ...
2026-09-13T15:11:27.3350966Z Selecting previously unselected package xfonts-encodings.
2026-09-13T15:11:27.3477301Z Preparing to unpack .../5-xfonts-encodings_1%3a1.0.5-0ubuntu2_all.deb ...
2026-09-13T15:11:27.3485022Z Unpacking xfonts-encodings (1:1.0.5-0ubuntu2) ...
2026-09-13T15:11:27.3798822Z Selecting previously unselected package xfonts-utils.
2026-09-13T15:11:27.3923144Z Preparing to unpack .../6-xfonts-utils_1%3a7.7+6build3_amd64.deb ...
2026-09-13T15:11:27.3931267Z Unpacking xfonts-utils (1:7.7+6build3) ...
2026-09-13T15:11:27.4317024Z Selecting previously unselected package xfonts-cyrillic.
2026-09-13T15:11:27.4440364Z Preparing to unpack .../7-xfonts-cyrillic_1%3a1.0.5+nmu1_all.deb ...
2026-09-13T15:11:27.4448212Z Unpacking xfonts-cyrillic (1:1.0.5+nmu1) ...
2026-09-13T15:11:27.4810929Z Selecting previously unselected package xfonts-scalable.
2026-09-13T15:11:27.4933810Z Preparing to unpack .../8-xfonts-scalable_1%3a1.0.3-1.3_all.deb ...
2026-09-13T15:11:27.4946262Z Unpacking xfonts-scalable (1:1.0.3-1.3) ...
2026-09-13T15:11:27.5361485Z Setting up fonts-wqy-zenhei (0.9.45-8) ...
2026-09-13T15:11:27.5485506Z Setting up fonts-freefont-ttf (20211204+svn4273-2) ...
2026-09-13T15:11:27.5508033Z Setting up fonts-tlwg-loma-otf (1:0.7.3-1) ...
2026-09-13T15:11:27.5529344Z Setting up xfonts-encodings (1:1.0.5-0ubuntu2) ...
2026-09-13T15:11:27.5552186Z Setting up fonts-ipafont-gothic (00303-21ubuntu1) ...
2026-09-13T15:11:27.5621873Z update-alternatives: using /usr/share/fonts/opentype/ipafont-gothic/ipag.ttf to provide /usr/share/fonts/truetype/fonts-japanese-gothic.ttf (fonts-japanese-gothic.ttf) in auto mode
2026-09-13T15:11:27.5638717Z Setting up fonts-unifont (1:15.1.01-1build1) ...
2026-09-13T15:11:27.5659027Z Setting up xfonts-utils (1:7.7+6build3) ...
2026-09-13T15:11:27.5702289Z Setting up xfonts-cyrillic (1:1.0.5+nmu1) ...
2026-09-13T15:11:27.6006216Z Setting up xfonts-scalable (1:1.0.3-1.3) ...
2026-09-13T15:11:27.6322992Z Processing triggers for man-db (2.12.0-4build2) ...
2026-09-13T15:11:27.6345113Z Not building database; man-db/auto-update is not 'true'.
2026-09-13T15:11:27.6358117Z Processing triggers for fontconfig (2.15.0-1.1ubuntu2) ...
2026-09-13T15:11:28.3519552Z 
2026-09-13T15:11:28.3520478Z Running kernel seems to be up-to-date.
2026-09-13T15:11:28.3521339Z 
2026-09-13T15:11:28.3521890Z No services need to be restarted.
2026-09-13T15:11:28.3522443Z 
2026-09-13T15:11:28.3522953Z No containers need to be restarted.
2026-09-13T15:11:28.3523462Z 
2026-09-13T15:11:28.3524239Z No user sessions are running outdated binaries.
2026-09-13T15:11:28.3524898Z 
2026-09-13T15:11:28.3525632Z No VM guests are running outdated hypervisor (qemu) binaries on this host.
2026-09-13T15:11:29.1196614Z Downloading Chromium 140.0.7339.186 (playwright build v1193) from https://cdn.playwright.dev/dbazure/download/playwright/builds/chromium/1193/chromium-linux.zip
2026-09-13T15:11:29.2928906Z |                                                                                |   0% of 173.8 MiB
2026-09-13T15:11:29.5558505Z |■■■■■■■■                                                                        |  10% of 173.8 MiB
2026-09-13T15:11:29.6715528Z |■■■■■■■■■■■■■■■■                                                                |  20% of 173.8 MiB
2026-09-13T15:11:29.7852309Z |■■■■■■■■■■■■■■■■■■■■■■■■                                                        |  30% of 173.8 MiB
2026-09-13T15:11:29.8706901Z |■■■■■■■■■■■■■■■■■■■■■■■■■■■■■■■■                                                |  40% of 173.8 MiB
2026-09-13T15:11:29.9609665Z |■■■■■■■■■■■■■■■■■■■■■■■■■■■■■■■■■■■■■■■■                                        |  50% of 173.8 MiB
2026-09-13T15:11:30.0582059Z |■■■■■■■■■■■■■■■■■■■■■■■■■■■■■■■■■■■■■■■■■■■■■■■■                                |  60% of 173.8 MiB
2026-09-13T15:11:30.1387804Z |■■■■■■■■■■■■■■■■■■■■■■■■■■■■■■■■■■■■■■■■■■■■■■■■■■■■■■■■                        |  70% of 173.8 MiB
2026-09-13T15:11:30.2165647Z |■■■■■■■■■■■■■■■■■■■■■■■■■■■■■■■■■■■■■■■■■■■■■■■■■■■■■■■■■■■■■■■■                |  80% of 173.8 MiB
2026-09-13T15:11:30.2991987Z |■■■■■■■■■■■■■■■■■■■■■■■■■■■■■■■■■■■■■■■■■■■■■■■■■■■■■■■■■■■■■■■■■■■■■■■■        |  90% of 173.8 MiB
2026-09-13T15:11:30.3996585Z |■■■■■■■■■■■■■■■■■■■■■■■■■■■■■■■■■■■■■■■■■■■■■■■■■■■■■■■■■■■■■■■■■■■■■■■■■■■■■■■■| 100% of 173.8 MiB
2026-09-13T15:11:35.5675745Z Chromium 140.0.7339.186 (playwright build v1193) downloaded to /home/runner/.cache/ms-playwright/chromium-1193
2026-09-13T15:11:35.5677782Z Downloading FFMPEG playwright build v1011 from https://cdn.playwright.dev/dbazure/download/playwright/builds/ffmpeg/1011/ffmpeg-linux.zip
2026-09-13T15:11:35.7765898Z |                                                                                |   0% of 2.3 MiB
2026-09-13T15:11:35.8085649Z |■■■■■■■■                                                                        |  10% of 2.3 MiB
2026-09-13T15:11:35.8210229Z |■■■■■■■■■■■■■■■■                                                                |  20% of 2.3 MiB
2026-09-13T15:11:35.8329432Z |■■■■■■■■■■■■■■■■■■■■■■■■                                                        |  30% of 2.3 MiB
2026-09-13T15:11:35.8441030Z |■■■■■■■■■■■■■■■■■■■■■■■■■■■■■■■■                                                |  40% of 2.3 MiB
2026-09-13T15:11:35.8475901Z |■■■■■■■■■■■■■■■■■■■■■■■■■■■■■■■■■■■■■■■■                                        |  50% of 2.3 MiB
2026-09-13T15:11:35.8541801Z |■■■■■■■■■■■■■■■■■■■■■■■■■■■■■■■■■■■■■■■■■■■■■■■■                                |  60% of 2.3 MiB
2026-09-13T15:11:35.8571594Z |■■■■■■■■■■■■■■■■■■■■■■■■■■■■■■■■■■■■■■■■■■■■■■■■■■■■■■■■                        |  70% of 2.3 MiB
2026-09-13T15:11:35.8655296Z |■■■■■■■■■■■■■■■■■■■■■■■■■■■■■■■■■■■■■■■■■■■■■■■■■■■■■■■■■■■■■■■■                |  80% of 2.3 MiB
2026-09-13T15:11:35.8688783Z |■■■■■■■■■■■■■■■■■■■■■■■■■■■■■■■■■■■■■■■■■■■■■■■■■■■■■■■■■■■■■■■■■■■■■■■■        |  90% of 2.3 MiB
2026-09-13T15:11:35.8713865Z |■■■■■■■■■■■■■■■■■■■■■■■■■■■■■■■■■■■■■■■■■■■■■■■■■■■■■■■■■■■■■■■■■■■■■■■■■■■■■■■■| 100% of 2.3 MiB
2026-09-13T15:11:35.9580703Z FFMPEG playwright build v1011 downloaded to /home/runner/.cache/ms-playwright/ffmpeg-1011
2026-09-13T15:11:35.9606079Z Downloading Chromium Headless Shell 140.0.7339.186 (playwright build v1193) from https://cdn.playwright.dev/dbazure/download/playwright/builds/chromium/1193/chromium-headless-shell-linux.zip
2026-09-13T15:11:36.1430466Z |                                                                                |   0% of 104.3 MiB
2026-09-13T15:11:36.3498122Z |■■■■■■■■                                                                        |  10% of 104.3 MiB
2026-09-13T15:11:36.4274427Z |■■■■■■■■■■■■■■■■                                                                |  20% of 104.3 MiB
2026-09-13T15:11:36.4975575Z |■■■■■■■■■■■■■■■■■■■■■■■■                                                        |  30% of 104.3 MiB
2026-09-13T15:11:36.5559253Z |■■■■■■■■■■■■■■■■■■■■■■■■■■■■■■■■                                                |  40% of 104.3 MiB
2026-09-13T15:11:36.6247024Z |■■■■■■■■■■■■■■■■■■■■■■■■■■■■■■■■■■■■■■■■                                        |  50% of 104.3 MiB
2026-09-13T15:11:36.6781082Z |■■■■■■■■■■■■■■■■■■■■■■■■■■■■■■■■■■■■■■■■■■■■■■■■                                |  60% of 104.3 MiB
2026-09-13T15:11:36.7320742Z |■■■■■■■■■■■■■■■■■■■■■■■■■■■■■■■■■■■■■■■■■■■■■■■■■■■■■■■■                        |  70% of 104.3 MiB
2026-09-13T15:11:36.7853572Z |■■■■■■■■■■■■■■■■■■■■■■■■■■■■■■■■■■■■■■■■■■■■■■■■■■■■■■■■■■■■■■■■                |  80% of 104.3 MiB
2026-09-13T15:11:36.8313861Z |■■■■■■■■■■■■■■■■■■■■■■■■■■■■■■■■■■■■■■■■■■■■■■■■■■■■■■■■■■■■■■■■■■■■■■■■        |  90% of 104.3 MiB
2026-09-13T15:11:36.8857113Z |■■■■■■■■■■■■■■■■■■■■■■■■■■■■■■■■■■■■■■■■■■■■■■■■■■■■■■■■■■■■■■■■■■■■■■■■■■■■■■■■| 100% of 104.3 MiB
2026-09-13T15:11:39.2796157Z Chromium Headless Shell 140.0.7339.186 (playwright build v1193) downloaded to /home/runner/.cache/ms-playwright/chromium_headless_shell-1193
2026-09-13T15:11:39.4087489Z ##[group]Run python -B ci/journey-v2/same_order_api.py journey-evidence/same-order-api journey-evidence/source-binding.json
2026-09-13T15:11:39.4088436Z [36;1mpython -B ci/journey-v2/same_order_api.py journey-evidence/same-order-api journey-evidence/source-binding.json[0m
2026-09-13T15:11:39.4125466Z shell: /usr/bin/bash -e {0}
2026-09-13T15:11:39.4125730Z env:
2026-09-13T15:11:39.4125947Z   PYTHONDONTWRITEBYTECODE: 1
2026-09-13T15:11:39.4126289Z   pythonLocation: /opt/hostedtoolcache/Python/3.13.5/x64
2026-09-13T15:11:39.4126744Z   PKG_CONFIG_PATH: /opt/hostedtoolcache/Python/3.13.5/x64/lib/pkgconfig
2026-09-13T15:11:39.4127200Z   Python_ROOT_DIR: /opt/hostedtoolcache/Python/3.13.5/x64
2026-09-13T15:11:39.4127593Z   Python2_ROOT_DIR: /opt/hostedtoolcache/Python/3.13.5/x64
2026-09-13T15:11:39.4127983Z   Python3_ROOT_DIR: /opt/hostedtoolcache/Python/3.13.5/x64
2026-09-13T15:11:39.4128379Z   LD_LIBRARY_PATH: /opt/hostedtoolcache/Python/3.13.5/x64/lib
2026-09-13T15:11:39.4128748Z ##[endgroup]
2026-09-13T15:11:58.7315799Z {"independent_ledger_audit": "PASS", "orders": 6, "sha256": "cf4bb167b3d5ca50f76e2b9171ad9b25df06738a6fa63ca0019eb83c6d825306"}
2026-09-13T15:11:58.7317451Z {"same_order_api": "PASS", "verticals": 6, "actor_details": 18, "refresh_checks": 18, "relogin_checks": 18, "independent_sql": "PASS", "browser": "NOT_EXECUTED", "native_device": "NOT_EXECUTED"}
2026-09-13T15:11:58.7434569Z ##[group]Run python -B ci/journey-v2/run.py
2026-09-13T15:11:58.7435215Z [36;1mpython -B ci/journey-v2/run.py[0m
2026-09-13T15:11:58.7490061Z shell: /usr/bin/bash -e {0}
2026-09-13T15:11:58.7490774Z env:
2026-09-13T15:11:58.7491153Z   PYTHONDONTWRITEBYTECODE: 1
2026-09-13T15:11:58.7491731Z   pythonLocation: /opt/hostedtoolcache/Python/3.13.5/x64
2026-09-13T15:11:58.7492519Z   PKG_CONFIG_PATH: /opt/hostedtoolcache/Python/3.13.5/x64/lib/pkgconfig
2026-09-13T15:11:58.7493326Z   Python_ROOT_DIR: /opt/hostedtoolcache/Python/3.13.5/x64
2026-09-13T15:11:58.7494332Z   Python2_ROOT_DIR: /opt/hostedtoolcache/Python/3.13.5/x64
2026-09-13T15:11:58.7495081Z   Python3_ROOT_DIR: /opt/hostedtoolcache/Python/3.13.5/x64
2026-09-13T15:11:58.7495820Z   LD_LIBRARY_PATH: /opt/hostedtoolcache/Python/3.13.5/x64/lib
2026-09-13T15:11:58.7496424Z ##[endgroup]
2026-09-13T15:12:13.8762954Z {"name":"consumer-login","result":"PASS"}
2026-09-13T15:12:14.3149402Z {"name":"supplier-login","result":"PASS"}
2026-09-13T15:12:14.9325283Z {"name":"admin-login","result":"PASS"}
2026-09-13T15:12:15.6716683Z {"name":"vault-two-confirmed-travelers","result":"PASS"}
2026-09-13T15:12:17.6537448Z {"name":"HOTEL-after-sales-refund","result":"PASS"}
2026-09-13T15:12:17.7204330Z {"name":"HOTEL-search-quote-traveler-payment","result":"PASS"}
2026-09-13T15:12:19.5630122Z {"name":"FLIGHT-after-sales-refund","result":"PASS"}
2026-09-13T15:12:19.6304734Z {"name":"FLIGHT-roundtrip-two-adults-tickets","result":"PASS"}
2026-09-13T15:12:21.1274390Z {"name":"RAIL-after-sales-refund","result":"PASS"}
2026-09-13T15:12:21.1757911Z {"name":"RAIL-two-adults-confirmed","result":"PASS"}
2026-09-13T15:12:22.4130426Z {"name":"RIDE-after-sales-refund","result":"PASS"}
2026-09-13T15:12:22.4621612Z {"name":"RIDE-traveler-confirmed","result":"PASS"}
2026-09-13T15:12:23.7795044Z {"name":"RENTAL-after-sales-refund","result":"PASS"}
2026-09-13T15:12:23.8279139Z {"name":"RENTAL-traveler-confirmed","result":"PASS"}
2026-09-13T15:12:25.2759212Z {"name":"ATTRACTION-after-sales-refund","result":"PASS"}
2026-09-13T15:12:25.3248927Z {"name":"ATTRACTION-two-visitors-slot-confirmed","result":"PASS"}
2026-09-13T15:12:25.9453660Z {"name":"consumer-unified-six-vertical-trip-reentry","result":"PASS"}
2026-09-13T15:12:26.9907822Z {"name":"HOTEL-consumer-refresh-reentry","result":"PASS"}
2026-09-13T15:12:28.0419807Z {"name":"FLIGHT-consumer-refresh-reentry","result":"PASS"}
2026-09-13T15:12:29.0182136Z {"name":"RAIL-consumer-refresh-reentry","result":"PASS"}
2026-09-13T15:12:30.1153676Z {"name":"RIDE-consumer-refresh-reentry","result":"PASS"}
2026-09-13T15:12:31.3396282Z {"name":"RENTAL-consumer-refresh-reentry","result":"PASS"}
2026-09-13T15:12:32.4321341Z {"name":"ATTRACTION-consumer-refresh-reentry","result":"PASS"}
2026-09-13T15:12:32.4927054Z {"name":"consumer-viewport-375","result":"PASS"}
2026-09-13T15:12:32.5911932Z {"name":"supplier-viewport-375","result":"PASS"}
2026-09-13T15:12:32.6651603Z {"name":"admin-viewport-375","result":"PASS"}
2026-09-13T15:12:32.7279451Z {"name":"consumer-viewport-430","result":"PASS"}
2026-09-13T15:12:32.7917363Z {"name":"supplier-viewport-430","result":"PASS"}
2026-09-13T15:12:32.8680514Z {"name":"admin-viewport-430","result":"PASS"}
2026-09-13T15:12:33.0144486Z {"name":"consumer-viewport-1440","result":"PASS"}
2026-09-13T15:12:33.1180016Z {"name":"supplier-viewport-1440","result":"PASS"}
2026-09-13T15:12:33.2270131Z {"name":"admin-viewport-1440","result":"PASS"}
2026-09-13T15:12:34.6462446Z {"name":"HOTEL-supplier-admin-consumer-same-order","result":"PASS"}
2026-09-13T15:12:35.8111882Z {"name":"FLIGHT-supplier-admin-consumer-same-order","result":"PASS"}
2026-09-13T15:12:36.9784409Z {"name":"RAIL-supplier-admin-consumer-same-order","result":"PASS"}
2026-09-13T15:12:38.1610643Z {"name":"RIDE-supplier-admin-consumer-same-order","result":"PASS"}
2026-09-13T15:12:39.3111306Z {"name":"RENTAL-supplier-admin-consumer-same-order","result":"PASS"}
2026-09-13T15:12:40.4278976Z {"name":"ATTRACTION-supplier-admin-consumer-same-order","result":"PASS"}
2026-09-13T15:12:41.4668179Z {"name":"DEPTH45-trip-search-375","result":"PASS"}
2026-09-13T15:12:42.3630754Z {"name":"DEPTH45-trip-search-390","result":"PASS"}
2026-09-13T15:12:43.3967761Z {"name":"DEPTH45-trip-search-430","result":"PASS"}
2026-09-13T15:12:44.3111735Z {"name":"DEPTH45-trip-search-1440","result":"PASS"}
2026-09-13T15:12:46.7946445Z {"name":"DEPTH45-unpaid-order-search-and-resume","result":"PASS"}
2026-09-13T15:12:47.2785589Z {"name":"DEPTH45-hotel-owner-login","result":"PASS"}
2026-09-13T15:12:49.4727835Z {"name":"DEPTH45-same-price-change-is-free","result":"PASS"}
2026-09-13T15:12:50.3364940Z {"name":"DEPTH45-arrival-outside-original-year-rejected","result":"PASS"}
2026-09-13T15:12:52.8412575Z {"name":"DEPTH45-capture-failure-keeps-original-trip","result":"PASS"}
2026-09-13T15:12:55.2899542Z {"name":"DEPTH45-retry-payment-from-same-order","result":"PASS"}
2026-09-13T15:12:57.9893694Z {"name":"DEPTH45-second-higher-change-only-charges-new-difference","result":"PASS"}
2026-09-13T15:13:00.6399349Z {"name":"DEPTH45-lower-price-change-no-charge-no-refund","result":"PASS"}
2026-09-13T15:13:04.3213910Z {"name":"DEPTH45-refund-response-loss-refresh-and-replay","result":"PASS"}
2026-09-13T15:13:04.3869869Z {"name":"DEPTH45-required-journey-completion","result":"PASS"}
2026-09-13T15:13:04.4545099Z {"name":"no-unhandled-browser-errors","result":"PASS"}
2026-09-13T15:13:04.7227342Z {"independent_ledger_audit": "PASS", "orders": 6, "sha256": "7457eae3607eaf55383a50325f00a57c3794a0b3bc587d897eed81686c899493"}
2026-09-13T15:13:04.8704478Z {"hotel_change_ledger": "PASS", "orders": 1}
2026-09-13T15:13:05.0597411Z ##[group]Run python - <<'PY'
2026-09-13T15:13:05.0597751Z [36;1mpython - <<'PY'[0m
2026-09-13T15:13:05.0598019Z [36;1mimport hashlib,json,pathlib[0m
2026-09-13T15:13:05.0598391Z [36;1mp=pathlib.Path('journey-evidence');p.mkdir(exist_ok=True)[0m
2026-09-13T15:13:05.0599125Z [36;1mfiles={str(x.relative_to(p)):hashlib.sha256(x.read_bytes()).hexdigest() for x in sorted(p.rglob('*')) if x.is_file() and x.name!='SHA256.json'}[0m
2026-09-13T15:13:05.0599851Z [36;1m(p/'SHA256.json').write_text(json.dumps(files,indent=2)+'\n')[0m
2026-09-13T15:13:05.0600220Z [36;1mPY[0m
2026-09-13T15:13:05.0637626Z shell: /usr/bin/bash -e {0}
2026-09-13T15:13:05.0637892Z env:
2026-09-13T15:13:05.0638104Z   PYTHONDONTWRITEBYTECODE: 1
2026-09-13T15:13:05.0638428Z   pythonLocation: /opt/hostedtoolcache/Python/3.13.5/x64
2026-09-13T15:13:05.0638883Z   PKG_CONFIG_PATH: /opt/hostedtoolcache/Python/3.13.5/x64/lib/pkgconfig
2026-09-13T15:13:05.0639375Z   Python_ROOT_DIR: /opt/hostedtoolcache/Python/3.13.5/x64
2026-09-13T15:13:05.0639769Z   Python2_ROOT_DIR: /opt/hostedtoolcache/Python/3.13.5/x64
2026-09-13T15:13:05.0640165Z   Python3_ROOT_DIR: /opt/hostedtoolcache/Python/3.13.5/x64
2026-09-13T15:13:05.0640563Z   LD_LIBRARY_PATH: /opt/hostedtoolcache/Python/3.13.5/x64/lib
2026-09-13T15:13:05.0640895Z ##[endgroup]
2026-09-13T15:13:05.2099171Z Node 20 is being deprecated. This workflow is running with Node 24 by default. If you need to temporarily use Node 20, you can set the ACTIONS_ALLOW_USE_UNSECURE_NODE_VERSION=true environment variable. For more information see: https://github.blog/changelog/2025-09-19-deprecation-of-node-20-on-github-actions-runners/
2026-09-13T15:13:05.2100493Z ##[group]Run actions/upload-artifact@v4
2026-09-13T15:13:05.2100771Z with:
2026-09-13T15:13:05.2101062Z   name: depth47-browser-9f28f822110e187c22baf82391063c8b05c039c1
2026-09-13T15:13:05.2101440Z   path: journey-evidence/
2026-09-13T15:13:05.2101688Z   if-no-files-found: error
2026-09-13T15:13:05.2101926Z   retention-days: 90
2026-09-13T15:13:05.2102145Z   compression-level: 6
2026-09-13T15:13:05.2102363Z   overwrite: false
2026-09-13T15:13:05.2102583Z   include-hidden-files: false
2026-09-13T15:13:05.2102826Z env:
2026-09-13T15:13:05.2103028Z   PYTHONDONTWRITEBYTECODE: 1
2026-09-13T15:13:05.2103366Z   pythonLocation: /opt/hostedtoolcache/Python/3.13.5/x64
2026-09-13T15:13:05.2103802Z   PKG_CONFIG_PATH: /opt/hostedtoolcache/Python/3.13.5/x64/lib/pkgconfig
2026-09-13T15:13:05.2104624Z   Python_ROOT_DIR: /opt/hostedtoolcache/Python/3.13.5/x64
2026-09-13T15:13:05.2105033Z   Python2_ROOT_DIR: /opt/hostedtoolcache/Python/3.13.5/x64
2026-09-13T15:13:05.2105663Z   Python3_ROOT_DIR: /opt/hostedtoolcache/Python/3.13.5/x64
2026-09-13T15:13:05.2106051Z   LD_LIBRARY_PATH: /opt/hostedtoolcache/Python/3.13.5/x64/lib
2026-09-13T15:13:05.2106379Z ##[endgroup]
2026-09-13T15:13:05.5058107Z (node:3270) [DEP0040] DeprecationWarning: The `punycode` module is deprecated. Please use a userland alternative instead.
2026-09-13T15:13:05.5060001Z (Use `node --trace-deprecation ...` to show where the warning was created)
2026-09-13T15:13:05.5655089Z With the provided path, there will be 132 files uploaded
2026-09-13T15:13:05.5682867Z Artifact name is valid!
2026-09-13T15:13:05.5683412Z Root directory input is valid!
2026-09-13T15:13:05.8094656Z Beginning upload of artifact content to blob storage
2026-09-13T15:13:06.2153019Z (node:3270) [DEP0169] DeprecationWarning: `url.parse()` behavior is not standardized and prone to errors that have security implications. Use the WHATWG URL API instead. CVEs are not issued for `url.parse()` vulnerabilities.
2026-09-13T15:13:06.7478626Z Uploaded bytes 8388608
2026-09-13T15:13:06.8832275Z Uploaded bytes 12783825
2026-09-13T15:13:06.9354305Z Finished uploading artifact content to blob storage!
2026-09-13T15:13:06.9356168Z SHA256 digest of uploaded artifact zip is f2d73f847bc021314e0209c9bb735bcce5671ccee9ff8ae76c1ffb330ecc23b8
2026-09-13T15:13:06.9357580Z Finalizing artifact upload
2026-09-13T15:13:07.1682398Z Artifact depth47-browser-9f28f822110e187c22baf82391063c8b05c039c1.zip successfully finalized. Artifact ID 10320420722
2026-09-13T15:13:07.1685687Z Artifact depth47-browser-9f28f822110e187c22baf82391063c8b05c039c1 has been successfully uploaded! Final size is 12783825 bytes. Artifact ID is 10320420722
2026-09-13T15:13:07.1690065Z Artifact download URL: https://github.com/yuguangzhi3836-glitch/GO/actions/runs/34764800484/artifacts/10320420722
2026-09-13T15:13:07.1898832Z Node 20 is being deprecated. This workflow is running with Node 24 by default. If you need to temporarily use Node 20, you can set the ACTIONS_ALLOW_USE_UNSECURE_NODE_VERSION=true environment variable. For more information see: https://github.blog/changelog/2025-09-19-deprecation-of-node-20-on-github-actions-runners/
2026-09-13T15:13:07.1900111Z Post job cleanup.
2026-09-13T15:13:07.3468002Z (node:3283) [DEP0040] DeprecationWarning: The `punycode` module is deprecated. Please use a userland alternative instead.
2026-09-13T15:13:07.3473815Z (Use `node --trace-deprecation ...` to show where the warning was created)
2026-09-13T15:13:07.3839624Z Node 20 is being deprecated. This workflow is running with Node 24 by default. If you need to temporarily use Node 20, you can set the ACTIONS_ALLOW_USE_UNSECURE_NODE_VERSION=true environment variable. For more information see: https://github.blog/changelog/2025-09-19-deprecation-of-node-20-on-github-actions-runners/
2026-09-13T15:13:07.3854871Z Post job cleanup.
2026-09-13T15:13:07.5535792Z (node:3291) [DEP0040] DeprecationWarning: The `punycode` module is deprecated. Please use a userland alternative instead.
2026-09-13T15:13:07.5561149Z (Use `node --trace-deprecation ...` to show where the warning was created)
2026-09-13T15:13:07.5813354Z Node 20 is being deprecated. This workflow is running with Node 24 by default. If you need to temporarily use Node 20, you can set the ACTIONS_ALLOW_USE_UNSECURE_NODE_VERSION=true environment variable. For more information see: https://github.blog/changelog/2025-09-19-deprecation-of-node-20-on-github-actions-runners/
2026-09-13T15:13:07.5835984Z Post job cleanup.
2026-09-13T15:13:07.7100807Z [command]/usr/bin/git version
2026-09-13T15:13:07.7174943Z git version 2.55.0
2026-09-13T15:13:07.7226220Z Temporarily overriding HOME='/home/runner/work/_temp/4a4bb7f8-6ea9-47ff-94fc-6bb95d14d3e5' before making global git config changes
2026-09-13T15:13:07.7227966Z Adding repository directory to the temporary git global config as a safe directory
2026-09-13T15:13:07.7229286Z [command]/usr/bin/git config --global --add safe.directory /home/runner/work/GO/GO
2026-09-13T15:13:07.7293867Z [command]/usr/bin/git config --local --name-only --get-regexp core\.sshCommand
2026-09-13T15:13:07.7384273Z [command]/usr/bin/git submodule foreach --recursive sh -c "git config --local --name-only --get-regexp 'core\.sshCommand' && git config --local --unset-all 'core.sshCommand' || :"
2026-09-13T15:13:07.7785334Z [command]/usr/bin/git config --local --name-only --get-regexp http\.https\:\/\/github\.com\/\.extraheader
2026-09-13T15:13:07.7856361Z [command]/usr/bin/git submodule foreach --recursive sh -c "git config --local --name-only --get-regexp 'http\.https\:\/\/github\.com\/\.extraheader' && git config --local --unset-all 'http.https://github.com/.extraheader' || :"
2026-09-13T15:13:07.8532261Z [command]/usr/bin/git config --local --name-only --get-regexp ^includeIf\.gitdir:
2026-09-13T15:13:07.8645592Z [command]/usr/bin/git submodule foreach --recursive git config --local --show-origin --name-only --get-regexp remote.origin.url
2026-09-13T15:13:07.9241100Z Cleaning up orphan processes
2026-09-13T15:13:07.9638486Z ##[warning]Node.js 20 is deprecated. The following actions target Node.js 20 but are being forced to run on Node.js 24: actions/checkout@v4, actions/setup-node@v4, actions/setup-python@v5, actions/upload-artifact@v4. For more information see: https://github.blog/changelog/2025-09-19-deprecation-of-node-20-on-github-actions-runners/
