2026-09-13T15:10:31.6623661Z Current runner version: '2.337.0'
2026-09-13T15:10:31.6663614Z ##[group]Runner Image Provisioner
2026-09-13T15:10:31.6665159Z Hosted Compute Agent
2026-09-13T15:10:31.6666168Z Version: 20260828.587
2026-09-13T15:10:31.6667257Z Commit: abac92662cab4cc7352de4f9f9d2e2419aad9c29
2026-09-13T15:10:31.6668450Z Build Date: 2026-08-28T16:44:25Z
2026-09-13T15:10:31.6669638Z Worker ID: {a9fcdbb5-3c06-4026-935b-918db91e7321}
2026-09-13T15:10:31.6670791Z Azure Region: eastus2
2026-09-13T15:10:31.6671790Z ##[endgroup]
2026-09-13T15:10:31.6674165Z ##[group]Operating System
2026-09-13T15:10:31.6675204Z Ubuntu
2026-09-13T15:10:31.6676212Z 24.04.5
2026-09-13T15:10:31.6677026Z LTS
2026-09-13T15:10:31.6677916Z ##[endgroup]
2026-09-13T15:10:31.6678846Z ##[group]Runner Image
2026-09-13T15:10:31.6679810Z Image: ubuntu-24.04
2026-09-13T15:10:31.6680827Z Version: 20260907.300.1
2026-09-13T15:10:31.6682858Z Included Software: https://github.com/actions/runner-images/blob/ubuntu24/20260907.300/images/ubuntu/Ubuntu2404-Readme.md
2026-09-13T15:10:31.6686005Z Image Release: https://github.com/actions/runner-images/releases/tag/ubuntu24%2F20260907.300
2026-09-13T15:10:31.6687690Z ##[endgroup]
2026-09-13T15:10:31.6689482Z ##[group]GITHUB_TOKEN Permissions
2026-09-13T15:10:31.6692261Z Contents: read
2026-09-13T15:10:31.6693297Z Metadata: read
2026-09-13T15:10:31.6694453Z ##[endgroup]
2026-09-13T15:10:31.6697504Z Secret source: Actions
2026-09-13T15:10:31.6698998Z Cache mode: write
2026-09-13T15:10:31.6700204Z Prepare workflow directory
2026-09-13T15:10:31.7270751Z Prepare all required actions
2026-09-13T15:10:31.7338193Z Getting action download info
2026-09-13T15:10:31.9431911Z Download action repository 'actions/checkout@v4' (SHA:11d5960a326750d5838078e36cf38b85af677262)
2026-09-13T15:10:32.0495044Z Download action repository 'actions/setup-python@v5' (SHA:a26af69be951a213d495a4c3e4e4022e16d87065)
2026-09-13T15:10:32.1448986Z Download action repository 'actions/setup-node@v4' (SHA:49933ea5288caeca8642d1e84afbd3f7d6820020)
2026-09-13T15:10:32.2567522Z Download action repository 'actions/upload-artifact@v4' (SHA:ea165f8d65b6e75b540449e92b4886f43607fa02)
2026-09-13T15:10:32.5036187Z Complete job name: regression (0)
2026-09-13T15:10:32.5790528Z Node 20 is being deprecated. This workflow is running with Node 24 by default. If you need to temporarily use Node 20, you can set the ACTIONS_ALLOW_USE_UNSECURE_NODE_VERSION=true environment variable. For more information see: https://github.blog/changelog/2025-09-19-deprecation-of-node-20-on-github-actions-runners/
2026-09-13T15:10:32.5799443Z ##[group]Run actions/checkout@v4
2026-09-13T15:10:32.5800174Z with:
2026-09-13T15:10:32.5800693Z   ref: 9f28f822110e187c22baf82391063c8b05c039c1
2026-09-13T15:10:32.5801342Z   persist-credentials: false
2026-09-13T15:10:32.5801923Z   repository: yuguangzhi3836-glitch/GO
2026-09-13T15:10:32.5806395Z   token: ***
2026-09-13T15:10:32.5806881Z   ssh-strict: true
2026-09-13T15:10:32.5807363Z   ssh-user: git
2026-09-13T15:10:32.5807824Z   clean: true
2026-09-13T15:10:32.5808341Z   sparse-checkout-cone-mode: true
2026-09-13T15:10:32.5808900Z   fetch-depth: 1
2026-09-13T15:10:32.5809364Z   fetch-tags: false
2026-09-13T15:10:32.5809906Z   show-progress: true
2026-09-13T15:10:32.5810395Z   lfs: false
2026-09-13T15:10:32.5810852Z   submodules: false
2026-09-13T15:10:32.5811349Z   set-safe-directory: true
2026-09-13T15:10:32.5811896Z   allow-unsafe-pr-checkout: false
2026-09-13T15:10:32.5812611Z env:
2026-09-13T15:10:32.5813073Z   PYTHONDONTWRITEBYTECODE: 1
2026-09-13T15:10:32.5813599Z ##[endgroup]
2026-09-13T15:10:32.7145110Z Syncing repository: yuguangzhi3836-glitch/GO
2026-09-13T15:10:32.7147784Z ##[group]Getting Git version info
2026-09-13T15:10:32.7148817Z Working directory is '/home/runner/work/GO/GO'
2026-09-13T15:10:32.7150350Z [command]/usr/bin/git version
2026-09-13T15:10:32.8585155Z git version 2.55.0
2026-09-13T15:10:32.8687521Z ##[endgroup]
2026-09-13T15:10:32.8699750Z Temporarily overriding HOME='/home/runner/work/_temp/b9a49f89-0de8-4f8e-89d1-814f09094e86' before making global git config changes
2026-09-13T15:10:32.8730717Z Adding repository directory to the temporary git global config as a safe directory
2026-09-13T15:10:32.8733146Z [command]/usr/bin/git config --global --add safe.directory /home/runner/work/GO/GO
2026-09-13T15:10:32.8738660Z Deleting the contents of '/home/runner/work/GO/GO'
2026-09-13T15:10:32.8758106Z ##[group]Initializing the repository
2026-09-13T15:10:32.8759773Z [command]/usr/bin/git init /home/runner/work/GO/GO
2026-09-13T15:10:32.8761963Z hint: Using 'master' as the name for the initial branch. This default branch name
2026-09-13T15:10:32.8764301Z hint: will change to "main" in Git 3.0. To configure the initial branch name
2026-09-13T15:10:32.8766825Z hint: to use in all of your new repositories, which will suppress this warning,
2026-09-13T15:10:32.8769362Z hint: call:
2026-09-13T15:10:32.8770853Z hint:
2026-09-13T15:10:32.8772029Z hint: 	git config --global init.defaultBranch <name>
2026-09-13T15:10:32.8776824Z hint:
2026-09-13T15:10:32.8778409Z hint: Names commonly chosen instead of 'master' are 'main', 'trunk' and
2026-09-13T15:10:32.8780742Z hint: 'development'. The just-created branch can be renamed via this command:
2026-09-13T15:10:32.8782527Z hint:
2026-09-13T15:10:32.8795661Z hint: 	git branch -m <name>
2026-09-13T15:10:32.8797107Z hint:
2026-09-13T15:10:32.8799143Z hint: Disable this message with "git config set advice.defaultBranchName false"
2026-09-13T15:10:32.8801323Z Initialized empty Git repository in /home/runner/work/GO/GO/.git/
2026-09-13T15:10:32.8805994Z [command]/usr/bin/git remote add origin https://github.com/yuguangzhi3836-glitch/GO
2026-09-13T15:10:32.8809938Z ##[endgroup]
2026-09-13T15:10:32.8811788Z ##[group]Disabling automatic garbage collection
2026-09-13T15:10:32.8813160Z [command]/usr/bin/git config --local gc.auto 0
2026-09-13T15:10:32.9019389Z ##[endgroup]
2026-09-13T15:10:32.9021389Z ##[group]Setting up auth
2026-09-13T15:10:32.9023498Z [command]/usr/bin/git config --local --name-only --get-regexp core\.sshCommand
2026-09-13T15:10:32.9029867Z [command]/usr/bin/git submodule foreach --recursive sh -c "git config --local --name-only --get-regexp 'core\.sshCommand' && git config --local --unset-all 'core.sshCommand' || :"
2026-09-13T15:10:32.9035730Z [command]/usr/bin/git config --local --name-only --get-regexp http\.https\:\/\/github\.com\/\.extraheader
2026-09-13T15:10:32.9146102Z [command]/usr/bin/git submodule foreach --recursive sh -c "git config --local --name-only --get-regexp 'http\.https\:\/\/github\.com\/\.extraheader' && git config --local --unset-all 'http.https://github.com/.extraheader' || :"
2026-09-13T15:10:32.9152716Z [command]/usr/bin/git config --local --name-only --get-regexp ^includeIf\.gitdir:
2026-09-13T15:10:32.9162753Z [command]/usr/bin/git submodule foreach --recursive git config --local --show-origin --name-only --get-regexp remote.origin.url
2026-09-13T15:10:32.9632284Z [command]/usr/bin/git config --local http.https://github.com/.extraheader AUTHORIZATION: basic ***
2026-09-13T15:10:32.9634952Z ##[endgroup]
2026-09-13T15:10:32.9635799Z ##[group]Fetching the repository
2026-09-13T15:10:32.9637607Z [command]/usr/bin/git -c protocol.version=2 fetch --no-tags --prune --no-recurse-submodules --depth=1 origin 9f28f822110e187c22baf82391063c8b05c039c1
2026-09-13T15:10:48.8153355Z From https://github.com/yuguangzhi3836-glitch/GO
2026-09-13T15:10:48.8165136Z  * branch            9f28f822110e187c22baf82391063c8b05c039c1 -> FETCH_HEAD
2026-09-13T15:10:48.8184977Z ##[endgroup]
2026-09-13T15:10:48.8186072Z ##[group]Determining the checkout info
2026-09-13T15:10:48.8187037Z ##[endgroup]
2026-09-13T15:10:48.8187841Z [command]/usr/bin/git sparse-checkout disable
2026-09-13T15:10:48.8228489Z [command]/usr/bin/git config --local --unset-all extensions.worktreeConfig
2026-09-13T15:10:48.8276629Z ##[group]Checking out the ref
2026-09-13T15:10:48.8280133Z [command]/usr/bin/git checkout --progress --force 9f28f822110e187c22baf82391063c8b05c039c1
2026-09-13T15:10:49.9136943Z Updating files:  32% (1631/4944)
2026-09-13T15:10:50.5366028Z Updating files:  33% (1632/4944)
2026-09-13T15:10:50.5384527Z Updating files:  34% (1681/4944)
2026-09-13T15:10:50.5408313Z Updating files:  35% (1731/4944)
2026-09-13T15:10:50.5447427Z Updating files:  36% (1780/4944)
2026-09-13T15:10:50.5554517Z Updating files:  37% (1830/4944)
2026-09-13T15:10:50.5608546Z Updating files:  38% (1879/4944)
2026-09-13T15:10:50.5668776Z Updating files:  39% (1929/4944)
2026-09-13T15:10:50.5733381Z Updating files:  40% (1978/4944)
2026-09-13T15:10:50.5764504Z Updating files:  41% (2028/4944)
2026-09-13T15:10:50.5786728Z Updating files:  42% (2077/4944)
2026-09-13T15:10:50.5824608Z Updating files:  43% (2126/4944)
2026-09-13T15:10:50.5856443Z Updating files:  44% (2176/4944)
2026-09-13T15:10:50.5887553Z Updating files:  45% (2225/4944)
2026-09-13T15:10:50.5922535Z Updating files:  46% (2275/4944)
2026-09-13T15:10:50.5954071Z Updating files:  47% (2324/4944)
2026-09-13T15:10:50.5992814Z Updating files:  48% (2374/4944)
2026-09-13T15:10:50.6065723Z Updating files:  49% (2423/4944)
2026-09-13T15:10:50.6114492Z Updating files:  50% (2472/4944)
2026-09-13T15:10:50.6145328Z Updating files:  51% (2522/4944)
2026-09-13T15:10:50.6191415Z Updating files:  52% (2571/4944)
2026-09-13T15:10:50.6253145Z Updating files:  53% (2621/4944)
2026-09-13T15:10:50.6314472Z Updating files:  54% (2670/4944)
2026-09-13T15:10:50.6340846Z Updating files:  55% (2720/4944)
2026-09-13T15:10:50.6394428Z Updating files:  56% (2769/4944)
2026-09-13T15:10:50.6464419Z Updating files:  57% (2819/4944)
2026-09-13T15:10:50.6494980Z Updating files:  58% (2868/4944)
2026-09-13T15:10:50.6515612Z Updating files:  59% (2917/4944)
2026-09-13T15:10:50.6811978Z Updating files:  60% (2967/4944)
2026-09-13T15:10:50.7521374Z Updating files:  61% (3016/4944)
2026-09-13T15:10:50.7548608Z Updating files:  62% (3066/4944)
2026-09-13T15:10:50.7599669Z Updating files:  63% (3115/4944)
2026-09-13T15:10:50.7843720Z Updating files:  64% (3165/4944)
2026-09-13T15:10:50.8028735Z Updating files:  65% (3214/4944)
2026-09-13T15:10:50.8349183Z Updating files:  66% (3264/4944)
2026-09-13T15:10:50.8432945Z Updating files:  67% (3313/4944)
2026-09-13T15:10:50.8609706Z Updating files:  67% (3317/4944)
2026-09-13T15:10:50.8657095Z Updating files:  68% (3362/4944)
2026-09-13T15:10:50.8686483Z Updating files:  69% (3412/4944)
2026-09-13T15:10:50.8749161Z Updating files:  70% (3461/4944)
2026-09-13T15:10:50.8764532Z Updating files:  71% (3511/4944)
2026-09-13T15:10:50.8830282Z Updating files:  72% (3560/4944)
2026-09-13T15:10:50.8856378Z Updating files:  73% (3610/4944)
2026-09-13T15:10:50.8878981Z Updating files:  74% (3659/4944)
2026-09-13T15:10:50.8909536Z Updating files:  75% (3708/4944)
2026-09-13T15:10:50.8956369Z Updating files:  76% (3758/4944)
2026-09-13T15:10:50.8997437Z Updating files:  77% (3807/4944)
2026-09-13T15:10:50.9028339Z Updating files:  78% (3857/4944)
2026-09-13T15:10:50.9069816Z Updating files:  79% (3906/4944)
2026-09-13T15:10:50.9096867Z Updating files:  80% (3956/4944)
2026-09-13T15:10:50.9147662Z Updating files:  81% (4005/4944)
2026-09-13T15:10:50.9332840Z Updating files:  82% (4055/4944)
2026-09-13T15:10:50.9485431Z Updating files:  83% (4104/4944)
2026-09-13T15:10:50.9874890Z Updating files:  84% (4153/4944)
2026-09-13T15:10:51.0020214Z Updating files:  85% (4203/4944)
2026-09-13T15:10:51.0060826Z Updating files:  86% (4252/4944)
2026-09-13T15:10:51.0091037Z Updating files:  87% (4302/4944)
2026-09-13T15:10:51.0114123Z Updating files:  88% (4351/4944)
2026-09-13T15:10:51.0155767Z Updating files:  89% (4401/4944)
2026-09-13T15:10:51.0171387Z Updating files:  90% (4450/4944)
2026-09-13T15:10:51.0234542Z Updating files:  91% (4500/4944)
2026-09-13T15:10:51.0254768Z Updating files:  92% (4549/4944)
2026-09-13T15:10:51.0276459Z Updating files:  93% (4598/4944)
2026-09-13T15:10:51.0300646Z Updating files:  94% (4648/4944)
2026-09-13T15:10:51.0334790Z Updating files:  95% (4697/4944)
2026-09-13T15:10:51.0375297Z Updating files:  96% (4747/4944)
2026-09-13T15:10:51.0404597Z Updating files:  97% (4796/4944)
2026-09-13T15:10:51.0441289Z Updating files:  98% (4846/4944)
2026-09-13T15:10:51.0462643Z Updating files:  99% (4895/4944)
2026-09-13T15:10:51.0468765Z Updating files: 100% (4944/4944)
2026-09-13T15:10:51.0470024Z Updating files: 100% (4944/4944), done.
2026-09-13T15:10:51.8086548Z Note: switching to '9f28f822110e187c22baf82391063c8b05c039c1'.
2026-09-13T15:10:51.8092894Z 
2026-09-13T15:10:51.8094663Z You are in 'detached HEAD' state. You can look around, make experimental
2026-09-13T15:10:51.8095766Z changes and commit them, and you can discard any commits you make in this
2026-09-13T15:10:51.8098052Z state without impacting any branches by switching back to a branch.
2026-09-13T15:10:51.8098519Z 
2026-09-13T15:10:51.8098828Z If you want to create a new branch to retain commits you create, you may
2026-09-13T15:10:51.8099567Z do so (now or later) by using -c with the switch command. Example:
2026-09-13T15:10:51.8099995Z 
2026-09-13T15:10:51.8100183Z   git switch -c <new-branch-name>
2026-09-13T15:10:51.8100459Z 
2026-09-13T15:10:51.8100654Z Or undo this operation with:
2026-09-13T15:10:51.8100918Z 
2026-09-13T15:10:51.8101062Z   git switch -
2026-09-13T15:10:51.8101259Z 
2026-09-13T15:10:51.8101630Z Turn off this advice by setting config variable advice.detachedHead to false
2026-09-13T15:10:51.8102156Z 
2026-09-13T15:10:51.8102558Z HEAD is now at 9f28f82 V7: close six Cell P1 gaps with inherited repairs and scoped evidence
2026-09-13T15:10:51.9125384Z ##[endgroup]
2026-09-13T15:10:52.0631837Z [command]/usr/bin/git log -1 --format=%H
2026-09-13T15:10:52.0688444Z 9f28f822110e187c22baf82391063c8b05c039c1
2026-09-13T15:10:52.0698090Z ##[group]Removing auth
2026-09-13T15:10:52.0698775Z [command]/usr/bin/git config --local --name-only --get-regexp core\.sshCommand
2026-09-13T15:10:52.0725816Z [command]/usr/bin/git submodule foreach --recursive sh -c "git config --local --name-only --get-regexp 'core\.sshCommand' && git config --local --unset-all 'core.sshCommand' || :"
2026-09-13T15:10:52.1015297Z [command]/usr/bin/git config --local --name-only --get-regexp http\.https\:\/\/github\.com\/\.extraheader
2026-09-13T15:10:52.2016183Z http.https://github.com/.extraheader
2026-09-13T15:10:52.2038460Z [command]/usr/bin/git config --local --unset-all http.https://github.com/.extraheader
2026-09-13T15:10:52.2084690Z [command]/usr/bin/git submodule foreach --recursive sh -c "git config --local --name-only --get-regexp 'http\.https\:\/\/github\.com\/\.extraheader' && git config --local --unset-all 'http.https://github.com/.extraheader' || :"
2026-09-13T15:10:52.2387998Z [command]/usr/bin/git config --local --name-only --get-regexp ^includeIf\.gitdir:
2026-09-13T15:10:52.2529233Z [command]/usr/bin/git submodule foreach --recursive git config --local --show-origin --name-only --get-regexp remote.origin.url
2026-09-13T15:10:52.2714111Z ##[endgroup]
2026-09-13T15:10:52.2997113Z Node 20 is being deprecated. This workflow is running with Node 24 by default. If you need to temporarily use Node 20, you can set the ACTIONS_ALLOW_USE_UNSECURE_NODE_VERSION=true environment variable. For more information see: https://github.blog/changelog/2025-09-19-deprecation-of-node-20-on-github-actions-runners/
2026-09-13T15:10:52.2999335Z ##[group]Run actions/setup-python@v5
2026-09-13T15:10:52.2999622Z with:
2026-09-13T15:10:52.3000099Z   python-version: 3.13.5
2026-09-13T15:10:52.3000471Z   check-latest: false
2026-09-13T15:10:52.3004234Z   token: ***
2026-09-13T15:10:52.3004488Z   update-environment: true
2026-09-13T15:10:52.3004757Z   allow-prereleases: false
2026-09-13T15:10:52.3005010Z   freethreaded: false
2026-09-13T15:10:52.3005239Z env:
2026-09-13T15:10:52.3005456Z   PYTHONDONTWRITEBYTECODE: 1
2026-09-13T15:10:52.3005713Z ##[endgroup]
2026-09-13T15:10:52.4416840Z ##[group]Installed versions
2026-09-13T15:10:52.4423479Z Version 3.13.5 was not found in the local cache
2026-09-13T15:10:52.4551586Z (node:2104) [DEP0040] DeprecationWarning: The `punycode` module is deprecated. Please use a userland alternative instead.
2026-09-13T15:10:52.4553183Z (Use `node --trace-deprecation ...` to show where the warning was created)
2026-09-13T15:10:52.9905691Z Version 3.13.5 is available for downloading
2026-09-13T15:10:52.9906446Z Download from "https://github.com/actions/python-versions/releases/download/3.13.5-15601068749/python-3.13.5-linux-24.04-x64.tar.gz"
2026-09-13T15:10:53.8475285Z Extract downloaded archive
2026-09-13T15:10:53.8603355Z [command]/usr/bin/tar xz --warning=no-unknown-keyword --overwrite -C /home/runner/work/_temp/c4802c43-fa53-44a1-a06e-99fc19882c12 -f /home/runner/work/_temp/40317daa-e78d-4048-b953-6bff1a289e7f
2026-09-13T15:10:56.4605871Z Execute installation script
2026-09-13T15:10:56.4724902Z Check if Python hostedtoolcache folder exist...
2026-09-13T15:10:56.4725865Z Create Python 3.13.5 folder
2026-09-13T15:10:56.4735715Z Copy Python binaries to hostedtoolcache folder
2026-09-13T15:10:57.3685387Z Create additional symlinks (Required for the UsePythonVersion Azure Pipelines task and the setup-python GitHub Action)
2026-09-13T15:10:57.3731151Z Upgrading pip...
2026-09-13T15:10:59.7741111Z Looking in links: /tmp/tmpf9aitnwx
2026-09-13T15:10:59.7748445Z Requirement already satisfied: pip in /opt/hostedtoolcache/Python/3.13.5/x64/lib/python3.13/site-packages (25.1.1)
2026-09-13T15:11:01.3244854Z Collecting pip
2026-09-13T15:11:01.3772528Z Downloading pip-26.2.1-py3-none-any.whl.metadata (4.6 kB)
2026-09-13T15:11:01.3910155Z Downloading pip-26.2.1-py3-none-any.whl (1.8 MB)
2026-09-13T15:11:01.4936838Z ━━━━━━━━━━━━━━━━━━━━━━━━━━━━━━━━━━━━━━━━ 1.8/1.8 MB 20.8 MB/s eta 0:00:00
2026-09-13T15:11:01.4939263Z 
2026-09-13T15:11:01.5126673Z Installing collected packages: pip
2026-09-13T15:11:01.5128918Z Attempting uninstall: pip
2026-09-13T15:11:01.5157184Z Found existing installation: pip 25.1.1
2026-09-13T15:11:01.5467311Z Uninstalling pip-25.1.1:
2026-09-13T15:11:01.5521466Z Successfully uninstalled pip-25.1.1
2026-09-13T15:11:03.0726922Z Successfully installed pip-26.2.1
2026-09-13T15:11:03.1320304Z Create complete file
2026-09-13T15:11:03.1364127Z Successfully set up CPython (3.13.5)
2026-09-13T15:11:03.1365772Z ##[endgroup]
2026-09-13T15:11:03.1619393Z Node 20 is being deprecated. This workflow is running with Node 24 by default. If you need to temporarily use Node 20, you can set the ACTIONS_ALLOW_USE_UNSECURE_NODE_VERSION=true environment variable. For more information see: https://github.blog/changelog/2025-09-19-deprecation-of-node-20-on-github-actions-runners/
2026-09-13T15:11:03.1620617Z ##[group]Run actions/setup-node@v4
2026-09-13T15:11:03.1620888Z with:
2026-09-13T15:11:03.1621104Z   node-version: 22.22.0
2026-09-13T15:11:03.1621351Z   always-auth: false
2026-09-13T15:11:03.1621595Z   check-latest: false
2026-09-13T15:11:03.1624926Z   token: ***
2026-09-13T15:11:03.1625164Z env:
2026-09-13T15:11:03.1625388Z   PYTHONDONTWRITEBYTECODE: 1
2026-09-13T15:11:03.1625731Z   pythonLocation: /opt/hostedtoolcache/Python/3.13.5/x64
2026-09-13T15:11:03.1626199Z   PKG_CONFIG_PATH: /opt/hostedtoolcache/Python/3.13.5/x64/lib/pkgconfig
2026-09-13T15:11:03.1626640Z   Python_ROOT_DIR: /opt/hostedtoolcache/Python/3.13.5/x64
2026-09-13T15:11:03.1627083Z   Python2_ROOT_DIR: /opt/hostedtoolcache/Python/3.13.5/x64
2026-09-13T15:11:03.1627470Z   Python3_ROOT_DIR: /opt/hostedtoolcache/Python/3.13.5/x64
2026-09-13T15:11:03.1627854Z   LD_LIBRARY_PATH: /opt/hostedtoolcache/Python/3.13.5/x64/lib
2026-09-13T15:11:03.1628192Z ##[endgroup]
2026-09-13T15:11:03.3535912Z Attempting to download 22.22.0...
2026-09-13T15:11:03.3674402Z (node:2179) [DEP0040] DeprecationWarning: The `punycode` module is deprecated. Please use a userland alternative instead.
2026-09-13T15:11:03.3676022Z (Use `node --trace-deprecation ...` to show where the warning was created)
2026-09-13T15:11:03.8384054Z Acquiring 22.22.0 - x64 from https://github.com/actions/node-versions/releases/download/22.22.0-20981702931/node-22.22.0-linux-x64.tar.gz
2026-09-13T15:11:04.3601979Z Extracting ...
2026-09-13T15:11:04.3801464Z [command]/usr/bin/tar xz --strip 1 --warning=no-unknown-keyword --overwrite -C /home/runner/work/_temp/fa2e116d-4633-4640-becd-a8cdafe6d7a6 -f /home/runner/work/_temp/4a1f209d-b938-489f-97f5-450ce9b6eb78
2026-09-13T15:11:05.8261643Z Adding to the cache ...
2026-09-13T15:11:08.1945098Z ##[group]Environment details
2026-09-13T15:11:08.4678321Z node: v22.22.0
2026-09-13T15:11:08.4679082Z npm: 10.9.4
2026-09-13T15:11:08.4679660Z yarn: 1.22.22
2026-09-13T15:11:08.4680685Z ##[endgroup]
2026-09-13T15:11:08.4883021Z ##[group]Run python ci/retention/verify_source.py "$RUNNER_TEMP/evidence/source"
2026-09-13T15:11:08.4883673Z [36;1mpython ci/retention/verify_source.py "$RUNNER_TEMP/evidence/source"[0m
2026-09-13T15:11:08.4884846Z [36;1mpython ci/retention/verify_alignment.py "$RUNNER_TEMP/evidence/source/ALIGNMENT_RESULT.json"[0m
2026-09-13T15:11:08.4931816Z shell: /usr/bin/bash --noprofile --norc -e -o pipefail {0}
2026-09-13T15:11:08.4954777Z env:
2026-09-13T15:11:08.4955119Z   PYTHONDONTWRITEBYTECODE: 1
2026-09-13T15:11:08.4955615Z   pythonLocation: /opt/hostedtoolcache/Python/3.13.5/x64
2026-09-13T15:11:08.4956315Z   PKG_CONFIG_PATH: /opt/hostedtoolcache/Python/3.13.5/x64/lib/pkgconfig
2026-09-13T15:11:08.4957017Z   Python_ROOT_DIR: /opt/hostedtoolcache/Python/3.13.5/x64
2026-09-13T15:11:08.4957633Z   Python2_ROOT_DIR: /opt/hostedtoolcache/Python/3.13.5/x64
2026-09-13T15:11:08.4958242Z   Python3_ROOT_DIR: /opt/hostedtoolcache/Python/3.13.5/x64
2026-09-13T15:11:08.4958928Z   LD_LIBRARY_PATH: /opt/hostedtoolcache/Python/3.13.5/x64/lib
2026-09-13T15:11:08.4959475Z ##[endgroup]
2026-09-13T15:11:08.7365096Z {"source_files": 1332, "source_tree_sha256": "20b8b9b547636b47ab627f2adf8adc562deb01e07bce224e4705e838c92e7eb2", "unchanged_parent_files": 1188, "new_files": 61, "repaired_existing_files": 83, "compatibility_files_unchanged": 19, "checkpoint_commit": "9f28f822110e187c22baf82391063c8b05c039c1", "byte_retention": "PASS", "full_feature_retention": "HOLD_APPROVAL_BLOCKED_PROVIDER_GUARD", "deployment": "NOT_RUN", "production": "HOLD"}
2026-09-13T15:11:09.0386669Z {"commit": "9f28f822110e187c22baf82391063c8b05c039c1", "application_tree": "b9aee82e8c3932a540349b1f62b714c5ea52e837", "selected_source_files": 1332, "retained_baseline_files": 1300, "registered_acceptance_repairs": 105, "selection_counts": {"BOTH": 1264, "PR47": 35, "PR48": 1}, "pr47_application_changes": ["application/frontend/shared/app.js"], "archived_tooling_files": 8, "alignment": "PASS", "historical_pass_transferred": false, "full_three_end_ux": "HOLD", "six_vertical_closed_loop": "HOLD", "sealed_node": "HOLD", "final_release": "HOLD"}
2026-09-13T15:11:09.0502659Z ##[group]Run python ci/retention/dependencies.py --repository . --output "$RUNNER_TEMP/frozen"
2026-09-13T15:11:09.0503382Z [36;1mpython ci/retention/dependencies.py --repository . --output "$RUNNER_TEMP/frozen"[0m
2026-09-13T15:11:09.0504533Z [36;1mpython -m pip install --no-index --find-links "$RUNNER_TEMP/frozen/wheelhouse" -r ci/retention/requirements.lock[0m
2026-09-13T15:11:09.0545697Z shell: /usr/bin/bash --noprofile --norc -e -o pipefail {0}
2026-09-13T15:11:09.0546052Z env:
2026-09-13T15:11:09.0546307Z   PYTHONDONTWRITEBYTECODE: 1
2026-09-13T15:11:09.0546638Z   pythonLocation: /opt/hostedtoolcache/Python/3.13.5/x64
2026-09-13T15:11:09.0547075Z   PKG_CONFIG_PATH: /opt/hostedtoolcache/Python/3.13.5/x64/lib/pkgconfig
2026-09-13T15:11:09.0547504Z   Python_ROOT_DIR: /opt/hostedtoolcache/Python/3.13.5/x64
2026-09-13T15:11:09.0547892Z   Python2_ROOT_DIR: /opt/hostedtoolcache/Python/3.13.5/x64
2026-09-13T15:11:09.0548323Z   Python3_ROOT_DIR: /opt/hostedtoolcache/Python/3.13.5/x64
2026-09-13T15:11:09.0548703Z   LD_LIBRARY_PATH: /opt/hostedtoolcache/Python/3.13.5/x64/lib
2026-09-13T15:11:09.0549037Z ##[endgroup]
2026-09-13T15:11:09.4166140Z {"archive_sha256": "b13a76ab9351f81da70e8e2c8873c20141abe953cd3f96aeb181ef86a34b58dd", "verified_wheels": 37, "source": "pinned GO repository ci/dependency_parts only", "application_source_restored": false}
2026-09-13T15:11:10.3475822Z Looking in links: /home/runner/work/_temp/frozen/wheelhouse
2026-09-13T15:11:10.3565463Z Processing /home/runner/work/_temp/frozen/wheelhouse/alembic-1.16.5-py3-none-any.whl (from -r ci/retention/requirements.lock (line 1))
2026-09-13T15:11:10.3637556Z Processing /home/runner/work/_temp/frozen/wheelhouse/annotated_doc-0.0.4-py3-none-any.whl (from -r ci/retention/requirements.lock (line 2))
2026-09-13T15:11:10.3664672Z Processing /home/runner/work/_temp/frozen/wheelhouse/annotated_types-0.7.0-py3-none-any.whl (from -r ci/retention/requirements.lock (line 3))
2026-09-13T15:11:10.3694969Z Processing /home/runner/work/_temp/frozen/wheelhouse/anyio-4.13.0-py3-none-any.whl (from -r ci/retention/requirements.lock (line 4))
2026-09-13T15:11:10.3730013Z Processing /home/runner/work/_temp/frozen/wheelhouse/certifi-2026.5.20-py3-none-any.whl (from -r ci/retention/requirements.lock (line 5))
2026-09-13T15:11:10.3754945Z Processing /home/runner/work/_temp/frozen/wheelhouse/cffi-2.0.0-cp313-cp313-manylinux_2_17_x86_64.whl (from -r ci/retention/requirements.lock (line 6))
2026-09-13T15:11:10.3781394Z Processing /home/runner/work/_temp/frozen/wheelhouse/click-8.5.0-py3-none-any.whl (from -r ci/retention/requirements.lock (line 7))
2026-09-13T15:11:10.3808213Z Processing /home/runner/work/_temp/frozen/wheelhouse/cryptography-46.0.4-cp311-abi3-manylinux_2_34_x86_64.whl (from -r ci/retention/requirements.lock (line 8))
2026-09-13T15:11:10.3900615Z Processing /home/runner/work/_temp/frozen/wheelhouse/fastapi-0.128.2-py3-none-any.whl (from -r ci/retention/requirements.lock (line 9))
2026-09-13T15:11:10.3960156Z Processing /home/runner/work/_temp/frozen/wheelhouse/greenlet-3.5.1-cp313-cp313-manylinux_2_24_x86_64.whl (from -r ci/retention/requirements.lock (line 10))
2026-09-13T15:11:10.3998307Z Processing /home/runner/work/_temp/frozen/wheelhouse/h11-0.16.0-py3-none-any.whl (from -r ci/retention/requirements.lock (line 11))
2026-09-13T15:11:10.4027886Z Processing /home/runner/work/_temp/frozen/wheelhouse/httpcore-1.0.9-py3-none-any.whl (from -r ci/retention/requirements.lock (line 12))
2026-09-13T15:11:10.4065133Z Processing /home/runner/work/_temp/frozen/wheelhouse/httpx-0.28.1-py3-none-any.whl (from -r ci/retention/requirements.lock (line 13))
2026-09-13T15:11:10.4097526Z Processing /home/runner/work/_temp/frozen/wheelhouse/idna-3.17-py3-none-any.whl (from -r ci/retention/requirements.lock (line 14))
2026-09-13T15:11:10.4127409Z Processing /home/runner/work/_temp/frozen/wheelhouse/iniconfig-2.3.0-py3-none-any.whl (from -r ci/retention/requirements.lock (line 15))
2026-09-13T15:11:10.4150715Z Processing /home/runner/work/_temp/frozen/wheelhouse/mako-1.3.10-py3-none-any.whl (from -r ci/retention/requirements.lock (line 16))
2026-09-13T15:11:10.4178593Z Processing /home/runner/work/_temp/frozen/wheelhouse/markupsafe-3.0.3-cp313-cp313-manylinux2014_x86_64.manylinux_2_17_x86_64.manylinux_2_28_x86_64.whl (from -r ci/retention/requirements.lock (line 17))
2026-09-13T15:11:10.4201346Z Processing /home/runner/work/_temp/frozen/wheelhouse/packaging-25.0-py3-none-any.whl (from -r ci/retention/requirements.lock (line 18))
2026-09-13T15:11:10.4228552Z Processing /home/runner/work/_temp/frozen/wheelhouse/pillow-12.3.0-cp313-cp313-manylinux_2_27_x86_64.whl (from -r ci/retention/requirements.lock (line 19))
2026-09-13T15:11:10.4338302Z Processing /home/runner/work/_temp/frozen/wheelhouse/pluggy-1.6.0-py3-none-any.whl (from -r ci/retention/requirements.lock (line 20))
2026-09-13T15:11:10.4378204Z Processing /home/runner/work/_temp/frozen/wheelhouse/psycopg_binary-3.2.10-cp313-cp313-manylinux2014_x86_64.manylinux_2_17_x86_64.whl (from -r ci/retention/requirements.lock (line 21))
2026-09-13T15:11:10.4448195Z Processing /home/runner/work/_temp/frozen/wheelhouse/psycopg-3.2.10-py3-none-any.whl (from -r ci/retention/requirements.lock (line 22))
2026-09-13T15:11:10.4497488Z Processing /home/runner/work/_temp/frozen/wheelhouse/pycparser-3.0-py3-none-any.whl (from -r ci/retention/requirements.lock (line 23))
2026-09-13T15:11:10.4523958Z Processing /home/runner/work/_temp/frozen/wheelhouse/pydantic_settings-2.14.1-py3-none-any.whl (from -r ci/retention/requirements.lock (line 24))
2026-09-13T15:11:10.4554138Z Processing /home/runner/work/_temp/frozen/wheelhouse/pydantic-2.13.4-py3-none-any.whl (from -r ci/retention/requirements.lock (line 25))
2026-09-13T15:11:10.4645565Z Processing /home/runner/work/_temp/frozen/wheelhouse/pydantic_core-2.46.4-cp313-cp313-manylinux_2_17_x86_64.whl (from -r ci/retention/requirements.lock (line 26))
2026-09-13T15:11:10.4696398Z Processing /home/runner/work/_temp/frozen/wheelhouse/Pygments-2.20.0-py3-none-any.whl (from -r ci/retention/requirements.lock (line 27))
2026-09-13T15:11:10.4786057Z Processing /home/runner/work/_temp/frozen/wheelhouse/PyJWT-2.13.0-py3-none-any.whl (from -r ci/retention/requirements.lock (line 28))
2026-09-13T15:11:10.4811561Z Processing /home/runner/work/_temp/frozen/wheelhouse/pytest_asyncio-1.3.0-py3-none-any.whl (from -r ci/retention/requirements.lock (line 29))
2026-09-13T15:11:10.4841706Z Processing /home/runner/work/_temp/frozen/wheelhouse/pytest-9.0.2-py3-none-any.whl (from -r ci/retention/requirements.lock (line 30))
2026-09-13T15:11:10.4893676Z Processing /home/runner/work/_temp/frozen/wheelhouse/python_dotenv-1.2.2-py3-none-any.whl (from -r ci/retention/requirements.lock (line 31))
2026-09-13T15:11:10.4930944Z Processing /home/runner/work/_temp/frozen/wheelhouse/redis-5.2.1-py3-none-any.whl (from -r ci/retention/requirements.lock (line 32))
2026-09-13T15:11:10.4965066Z Processing /home/runner/work/_temp/frozen/wheelhouse/SQLAlchemy-2.0.50-cp313-cp313-manylinux_2_17_x86_64.whl (from -r ci/retention/requirements.lock (line 33))
2026-09-13T15:11:10.5112888Z Processing /home/runner/work/_temp/frozen/wheelhouse/starlette-0.50.0-py3-none-any.whl (from -r ci/retention/requirements.lock (line 34))
2026-09-13T15:11:10.5147377Z Processing /home/runner/work/_temp/frozen/wheelhouse/typing_inspection-0.4.2-py3-none-any.whl (from -r ci/retention/requirements.lock (line 35))
2026-09-13T15:11:10.5170428Z Processing /home/runner/work/_temp/frozen/wheelhouse/typing_extensions-4.16.0-py3-none-any.whl (from -r ci/retention/requirements.lock (line 36))
2026-09-13T15:11:10.5195464Z Processing /home/runner/work/_temp/frozen/wheelhouse/uvicorn-0.35.0-py3-none-any.whl (from -r ci/retention/requirements.lock (line 37))
2026-09-13T15:11:10.6411210Z Installing collected packages: typing_extensions, redis, python-dotenv, PyJWT, Pygments, pycparser, psycopg-binary, psycopg, pluggy, Pillow, packaging, MarkupSafe, iniconfig, idna, h11, greenlet, click, certifi, annotated-types, annotated-doc, uvicorn, typing-inspection, SQLAlchemy, pytest, pydantic_core, Mako, httpcore, cffi, anyio, starlette, pytest-asyncio, pydantic, httpx, cryptography, alembic, pydantic-settings, fastapi
2026-09-13T15:11:15.5302039Z 
2026-09-13T15:11:15.5345422Z Successfully installed Mako-1.3.10 MarkupSafe-3.0.3 Pillow-12.3.0 PyJWT-2.13.0 Pygments-2.20.0 SQLAlchemy-2.0.50 alembic-1.16.5 annotated-doc-0.0.4 annotated-types-0.7.0 anyio-4.13.0 certifi-2026.5.20 cffi-2.0.0 click-8.5.0 cryptography-46.0.4 fastapi-0.128.2 greenlet-3.5.1 h11-0.16.0 httpcore-1.0.9 httpx-0.28.1 idna-3.17 iniconfig-2.3.0 packaging-25.0 pluggy-1.6.0 psycopg-3.2.10 psycopg-binary-3.2.10 pycparser-3.0 pydantic-2.13.4 pydantic-settings-2.14.1 pydantic_core-2.46.4 pytest-9.0.2 pytest-asyncio-1.3.0 python-dotenv-1.2.2 redis-5.2.1 starlette-0.50.0 typing-inspection-0.4.2 typing_extensions-4.16.0 uvicorn-0.35.0
2026-09-13T15:11:15.5987541Z ##[group]Run export GO_NATIVE_NODE="$(command -v node)"
2026-09-13T15:11:15.5987998Z [36;1mexport GO_NATIVE_NODE="$(command -v node)"[0m
2026-09-13T15:11:15.5988490Z [36;1mpython ci/retention/run_suite.py --shard 0 --evidence "$RUNNER_TEMP/evidence/tests"[0m
2026-09-13T15:11:15.6028863Z shell: /usr/bin/bash --noprofile --norc -e -o pipefail {0}
2026-09-13T15:11:15.6029231Z env:
2026-09-13T15:11:15.6029458Z   PYTHONDONTWRITEBYTECODE: 1
2026-09-13T15:11:15.6029790Z   pythonLocation: /opt/hostedtoolcache/Python/3.13.5/x64
2026-09-13T15:11:15.6030231Z   PKG_CONFIG_PATH: /opt/hostedtoolcache/Python/3.13.5/x64/lib/pkgconfig
2026-09-13T15:11:15.6030658Z   Python_ROOT_DIR: /opt/hostedtoolcache/Python/3.13.5/x64
2026-09-13T15:11:15.6031237Z   Python2_ROOT_DIR: /opt/hostedtoolcache/Python/3.13.5/x64
2026-09-13T15:11:15.6031618Z   Python3_ROOT_DIR: /opt/hostedtoolcache/Python/3.13.5/x64
2026-09-13T15:11:15.6031999Z   LD_LIBRARY_PATH: /opt/hostedtoolcache/Python/3.13.5/x64/lib
2026-09-13T15:11:15.6032373Z ##[endgroup]
2026-09-13T15:16:29.3775239Z ........................................................................ [ 15%]
2026-09-13T15:16:29.3776100Z ........................................................................ [ 30%]
2026-09-13T15:16:29.3776868Z ........................................................................ [ 45%]
2026-09-13T15:16:29.3777593Z .............................................................F.......... [ 60%]
2026-09-13T15:16:29.3778367Z ...................................s.................................... [ 75%]
2026-09-13T15:16:29.3779119Z ........................................................................ [ 90%]
2026-09-13T15:16:29.3779866Z .............................................                            [100%]
2026-09-13T15:16:29.3780659Z =================================== FAILURES ===================================
2026-09-13T15:16:29.3781505Z ________________ test_admin_hotel_refund_amount_is_real_column _________________
2026-09-13T15:16:29.3782005Z 
2026-09-13T15:16:29.3782461Z client = <starlette.testclient.TestClient object at 0x7f218b826470>
2026-09-13T15:16:29.3782930Z 
2026-09-13T15:16:29.3784833Z     def test_admin_hotel_refund_amount_is_real_column(client):
2026-09-13T15:16:29.3785557Z         oid,_,_,q,refund=booked('HOTEL',client);refund()
2026-09-13T15:16:29.3786058Z         from go_hotel.api.routes.operations_console import vertical_snapshot
2026-09-13T15:16:29.3786625Z >       rows=vertical_snapshot('HOTEL',p=None)['data']['refunds']
2026-09-13T15:16:29.3787031Z              ^^^^^^^^^^^^^^^^^^^^^^^^^^^^^^^^^
2026-09-13T15:16:29.3787225Z 
2026-09-13T15:16:29.3787429Z tests/test_depth41_transaction_views.py:108: 
2026-09-13T15:16:29.3787880Z _ _ _ _ _ _ _ _ _ _ _ _ _ _ _ _ _ _ _ _ _ _ _ _ _ _ _ _ _ _ _ _ _ _ _ _ _ _ _ _ 
2026-09-13T15:16:29.3788139Z 
2026-09-13T15:16:29.3788480Z vertical = 'HOTEL', p = None, page = Query(1), refund_page = Query(1)
2026-09-13T15:16:29.3788950Z page_size = Query(50), order_id = Query(None)
2026-09-13T15:16:29.3789159Z 
2026-09-13T15:16:29.3789307Z     @router.get('/verticals/{vertical}')
2026-09-13T15:16:29.3789607Z     def vertical_snapshot(
2026-09-13T15:16:29.3789862Z         vertical: str,
2026-09-13T15:16:29.3790160Z         p: Principal = Depends(admin_principal),
2026-09-13T15:16:29.3790507Z         page: int = Query(1, ge=1, le=1000000),
2026-09-13T15:16:29.3790860Z         refund_page: int = Query(1, ge=1, le=1000000),
2026-09-13T15:16:29.3791216Z         page_size: int = Query(50, ge=1, le=100),
2026-09-13T15:16:29.3791578Z         order_id: str | None = Query(None, max_length=64),
2026-09-13T15:16:29.3791885Z     ):
2026-09-13T15:16:29.3792103Z         v = vertical.upper()
2026-09-13T15:16:29.3792386Z         if v not in VERTICALS:
2026-09-13T15:16:29.3792754Z             raise HTTPException(404, detail='VERTICAL_NOT_FOUND')
2026-09-13T15:16:29.3793174Z >       query = (order_id or '').strip() or None
2026-09-13T15:16:29.3793497Z                 ^^^^^^^^^^^^^^^^^^^^^^
2026-09-13T15:16:29.3794514Z E       AttributeError: 'Query' object has no attribute 'strip'
2026-09-13T15:16:29.3794972Z 
2026-09-13T15:16:29.3795426Z src/go_hotel/api/routes/operations_console.py:80: AttributeError
2026-09-13T15:16:29.3796278Z =============================== warnings summary ===============================
2026-09-13T15:16:29.3796998Z tests/test_depth18_regional_queue.py: 5 warnings
2026-09-13T15:16:29.3797663Z tests/test_depth20_api_fulfillment.py: 5 warnings
2026-09-13T15:16:29.3798310Z tests/test_depth22_rail_resolution.py: 5 warnings
2026-09-13T15:16:29.3799008Z tests/test_depth48_flight_migration.py: 4 warnings
2026-09-13T15:16:29.3801296Z   /opt/hostedtoolcache/Python/3.13.5/x64/lib/python3.13/site-packages/alembic/config.py:598: DeprecationWarning: No path_separator found in configuration; falling back to legacy splitting on spaces, commas, and colons for prepend_sys_path.  Consider adding path_separator=os to Alembic config.
2026-09-13T15:16:29.3803416Z     util.warn_deprecated(
2026-09-13T15:16:29.3803657Z 
2026-09-13T15:16:29.3814582Z -- Docs: https://docs.pytest.org/en/stable/how-to/capture-warnings.html
2026-09-13T15:16:29.3815531Z =========================== short test summary info ============================
2026-09-13T15:16:29.3816565Z FAILED tests/test_depth41_transaction_views.py::test_admin_hotel_refund_amount_is_real_column
2026-09-13T15:16:29.3824151Z 1 failed, 475 passed, 1 skipped, 19 warnings in 307.63s (0:05:07)
2026-09-13T15:16:29.3824767Z 
2026-09-13T15:16:29.3825946Z {"exit_code": 1, "selected_files": 64, "shard": 0, "real_providers": "NOT_RUN", "hong_kong": "NOT_ACCESSED", "tests": 477, "failures": 1, "errors": 0, "skipped": 1, "passed": 475}
2026-09-13T15:16:29.3872457Z ##[error]Process completed with exit code 1.
2026-09-13T15:16:29.3942792Z Node 20 is being deprecated. This workflow is running with Node 24 by default. If you need to temporarily use Node 20, you can set the ACTIONS_ALLOW_USE_UNSECURE_NODE_VERSION=true environment variable. For more information see: https://github.blog/changelog/2025-09-19-deprecation-of-node-20-on-github-actions-runners/
2026-09-13T15:16:29.3944206Z ##[group]Run actions/upload-artifact@v4
2026-09-13T15:16:29.3944495Z with:
2026-09-13T15:16:29.3944857Z   name: canonical-retention-shard-0-9f28f822110e187c22baf82391063c8b05c039c1
2026-09-13T15:16:29.3945302Z   path: /home/runner/work/_temp/evidence
2026-09-13T15:16:29.3945587Z   if-no-files-found: error
2026-09-13T15:16:29.3945836Z   compression-level: 6
2026-09-13T15:16:29.3946068Z   overwrite: false
2026-09-13T15:16:29.3946297Z   include-hidden-files: false
2026-09-13T15:16:29.3946536Z env:
2026-09-13T15:16:29.3946743Z   PYTHONDONTWRITEBYTECODE: 1
2026-09-13T15:16:29.3947061Z   pythonLocation: /opt/hostedtoolcache/Python/3.13.5/x64
2026-09-13T15:16:29.3947533Z   PKG_CONFIG_PATH: /opt/hostedtoolcache/Python/3.13.5/x64/lib/pkgconfig
2026-09-13T15:16:29.3947954Z   Python_ROOT_DIR: /opt/hostedtoolcache/Python/3.13.5/x64
2026-09-13T15:16:29.3948327Z   Python2_ROOT_DIR: /opt/hostedtoolcache/Python/3.13.5/x64
2026-09-13T15:16:29.3948698Z   Python3_ROOT_DIR: /opt/hostedtoolcache/Python/3.13.5/x64
2026-09-13T15:16:29.3949065Z   LD_LIBRARY_PATH: /opt/hostedtoolcache/Python/3.13.5/x64/lib
2026-09-13T15:16:29.3949457Z ##[endgroup]
2026-09-13T15:16:29.6395213Z (node:3139) [DEP0040] DeprecationWarning: The `punycode` module is deprecated. Please use a userland alternative instead.
2026-09-13T15:16:29.6397197Z (Use `node --trace-deprecation ...` to show where the warning was created)
2026-09-13T15:16:29.6779318Z With the provided path, there will be 7 files uploaded
2026-09-13T15:16:29.6814382Z Artifact name is valid!
2026-09-13T15:16:29.6834353Z Root directory input is valid!
2026-09-13T15:16:29.8723043Z Beginning upload of artifact content to blob storage
2026-09-13T15:16:29.9115251Z (node:3139) [DEP0169] DeprecationWarning: `url.parse()` behavior is not standardized and prone to errors that have security implications. Use the WHATWG URL API instead. CVEs are not issued for `url.parse()` vulnerabilities.
2026-09-13T15:16:29.9732750Z Uploaded bytes 82222
2026-09-13T15:16:29.9992976Z Finished uploading artifact content to blob storage!
2026-09-13T15:16:29.9994826Z SHA256 digest of uploaded artifact zip is 5dd62a2d8c20606636062e48f2928f133d54d223dbb76a6799b05e6a81ee9cdc
2026-09-13T15:16:29.9996000Z Finalizing artifact upload
2026-09-13T15:16:30.1908729Z Artifact canonical-retention-shard-0-9f28f822110e187c22baf82391063c8b05c039c1.zip successfully finalized. Artifact ID 10320835149
2026-09-13T15:16:30.1911172Z Artifact canonical-retention-shard-0-9f28f822110e187c22baf82391063c8b05c039c1 has been successfully uploaded! Final size is 82222 bytes. Artifact ID is 10320835149
2026-09-13T15:16:30.1916623Z Artifact download URL: https://github.com/yuguangzhi3836-glitch/GO/actions/runs/34764800483/artifacts/10320835149
2026-09-13T15:16:30.2129653Z Node 20 is being deprecated. This workflow is running with Node 24 by default. If you need to temporarily use Node 20, you can set the ACTIONS_ALLOW_USE_UNSECURE_NODE_VERSION=true environment variable. For more information see: https://github.blog/changelog/2025-09-19-deprecation-of-node-20-on-github-actions-runners/
2026-09-13T15:16:30.2130867Z Post job cleanup.
2026-09-13T15:16:30.3065939Z [command]/usr/bin/git version
2026-09-13T15:16:30.3128879Z git version 2.55.0
2026-09-13T15:16:30.3197966Z Temporarily overriding HOME='/home/runner/work/_temp/7e7b14c3-7fe1-4d01-8ffd-96d8e9c90f25' before making global git config changes
2026-09-13T15:16:30.3201848Z Adding repository directory to the temporary git global config as a safe directory
2026-09-13T15:16:30.3218836Z [command]/usr/bin/git config --global --add safe.directory /home/runner/work/GO/GO
2026-09-13T15:16:30.3276747Z [command]/usr/bin/git config --local --name-only --get-regexp core\.sshCommand
2026-09-13T15:16:30.3345730Z [command]/usr/bin/git submodule foreach --recursive sh -c "git config --local --name-only --get-regexp 'core\.sshCommand' && git config --local --unset-all 'core.sshCommand' || :"
2026-09-13T15:16:30.3742170Z [command]/usr/bin/git config --local --name-only --get-regexp http\.https\:\/\/github\.com\/\.extraheader
2026-09-13T15:16:30.3788603Z [command]/usr/bin/git submodule foreach --recursive sh -c "git config --local --name-only --get-regexp 'http\.https\:\/\/github\.com\/\.extraheader' && git config --local --unset-all 'http.https://github.com/.extraheader' || :"
2026-09-13T15:16:30.4246429Z [command]/usr/bin/git config --local --name-only --get-regexp ^includeIf\.gitdir:
2026-09-13T15:16:30.4325104Z [command]/usr/bin/git submodule foreach --recursive git config --local --show-origin --name-only --get-regexp remote.origin.url
2026-09-13T15:16:30.5230215Z Cleaning up orphan processes
2026-09-13T15:16:30.5498212Z ##[warning]Node.js 20 is deprecated. The following actions target Node.js 20 but are being forced to run on Node.js 24: actions/checkout@v4, actions/setup-node@v4, actions/setup-python@v5, actions/upload-artifact@v4. For more information see: https://github.blog/changelog/2025-09-19-deprecation-of-node-20-on-github-actions-runners/
