2026-09-13T15:10:32.4316234Z Current runner version: '2.337.0'
2026-09-13T15:10:32.4336180Z ##[group]Runner Image Provisioner
2026-09-13T15:10:32.4336728Z Hosted Compute Agent
2026-09-13T15:10:32.4337179Z Version: 20260828.587
2026-09-13T15:10:32.4337578Z Commit: abac92662cab4cc7352de4f9f9d2e2419aad9c29
2026-09-13T15:10:32.4338092Z Build Date: 2026-08-28T16:44:25Z
2026-09-13T15:10:32.4338535Z Worker ID: {3fa3b7af-a363-44d2-8292-f3198e9731f1}
2026-09-13T15:10:32.4338970Z Azure Region: westus3
2026-09-13T15:10:32.4339369Z ##[endgroup]
2026-09-13T15:10:32.4340225Z ##[group]Operating System
2026-09-13T15:10:32.4340692Z Ubuntu
2026-09-13T15:10:32.4341033Z 24.04.5
2026-09-13T15:10:32.4341361Z LTS
2026-09-13T15:10:32.4341721Z ##[endgroup]
2026-09-13T15:10:32.4342061Z ##[group]Runner Image
2026-09-13T15:10:32.4342460Z Image: ubuntu-24.04
2026-09-13T15:10:32.4342863Z Version: 20260907.300.1
2026-09-13T15:10:32.4343954Z Included Software: https://github.com/actions/runner-images/blob/ubuntu24/20260907.300/images/ubuntu/Ubuntu2404-Readme.md
2026-09-13T15:10:32.4344942Z Image Release: https://github.com/actions/runner-images/releases/tag/ubuntu24%2F20260907.300
2026-09-13T15:10:32.4345510Z ##[endgroup]
2026-09-13T15:10:32.4346255Z ##[group]GITHUB_TOKEN Permissions
2026-09-13T15:10:32.4347495Z Contents: read
2026-09-13T15:10:32.4347916Z Metadata: read
2026-09-13T15:10:32.4348300Z ##[endgroup]
2026-09-13T15:10:32.4349796Z Secret source: Actions
2026-09-13T15:10:32.4350350Z Cache mode: write
2026-09-13T15:10:32.4350826Z Prepare workflow directory
2026-09-13T15:10:32.4614869Z Prepare all required actions
2026-09-13T15:10:32.4663581Z Getting action download info
2026-09-13T15:10:32.8294340Z Download action repository 'actions/checkout@v4' (SHA:11d5960a326750d5838078e36cf38b85af677262)
2026-09-13T15:10:33.0269638Z Download action repository 'actions/setup-python@v5' (SHA:a26af69be951a213d495a4c3e4e4022e16d87065)
2026-09-13T15:10:33.1884917Z Download action repository 'actions/upload-artifact@v4' (SHA:ea165f8d65b6e75b540449e92b4886f43607fa02)
2026-09-13T15:10:33.4634663Z Complete job name: scoped-acceptance
2026-09-13T15:10:33.5117387Z Node 20 is being deprecated. This workflow is running with Node 24 by default. If you need to temporarily use Node 20, you can set the ACTIONS_ALLOW_USE_UNSECURE_NODE_VERSION=true environment variable. For more information see: https://github.blog/changelog/2025-09-19-deprecation-of-node-20-on-github-actions-runners/
2026-09-13T15:10:33.5122751Z ##[group]Run actions/checkout@v4
2026-09-13T15:10:33.5123460Z with:
2026-09-13T15:10:33.5123745Z   ref: 9f28f822110e187c22baf82391063c8b05c039c1
2026-09-13T15:10:33.5124103Z   persist-credentials: false
2026-09-13T15:10:33.5124421Z   repository: yuguangzhi3836-glitch/GO
2026-09-13T15:10:33.5126759Z   token: ***
2026-09-13T15:10:33.5127013Z   ssh-strict: true
2026-09-13T15:10:33.5127273Z   ssh-user: git
2026-09-13T15:10:33.5127523Z   clean: true
2026-09-13T15:10:33.5127792Z   sparse-checkout-cone-mode: true
2026-09-13T15:10:33.5128100Z   fetch-depth: 1
2026-09-13T15:10:33.5128358Z   fetch-tags: false
2026-09-13T15:10:33.5128688Z   show-progress: true
2026-09-13T15:10:33.5128969Z   lfs: false
2026-09-13T15:10:33.5129210Z   submodules: false
2026-09-13T15:10:33.5129477Z   set-safe-directory: true
2026-09-13T15:10:33.5129789Z   allow-unsafe-pr-checkout: false
2026-09-13T15:10:33.5130167Z env:
2026-09-13T15:10:33.5130417Z   PYTHONDONTWRITEBYTECODE: 1
2026-09-13T15:10:33.5130713Z ##[endgroup]
2026-09-13T15:10:33.6220061Z Syncing repository: yuguangzhi3836-glitch/GO
2026-09-13T15:10:33.6276439Z ##[group]Getting Git version info
2026-09-13T15:10:33.6278896Z Working directory is '/home/runner/work/GO/GO'
2026-09-13T15:10:33.6281777Z [command]/usr/bin/git version
2026-09-13T15:10:33.6420725Z git version 2.55.0
2026-09-13T15:10:33.6479676Z ##[endgroup]
2026-09-13T15:10:33.6489195Z Temporarily overriding HOME='/home/runner/work/_temp/fa6cac72-43f1-463a-bfff-c2b643a42fe7' before making global git config changes
2026-09-13T15:10:33.6490684Z Adding repository directory to the temporary git global config as a safe directory
2026-09-13T15:10:33.6492154Z [command]/usr/bin/git config --global --add safe.directory /home/runner/work/GO/GO
2026-09-13T15:10:33.6735216Z Deleting the contents of '/home/runner/work/GO/GO'
2026-09-13T15:10:33.6736992Z ##[group]Initializing the repository
2026-09-13T15:10:33.6737829Z [command]/usr/bin/git init /home/runner/work/GO/GO
2026-09-13T15:10:33.7272489Z hint: Using 'master' as the name for the initial branch. This default branch name
2026-09-13T15:10:33.7273713Z hint: will change to "main" in Git 3.0. To configure the initial branch name
2026-09-13T15:10:33.7274671Z hint: to use in all of your new repositories, which will suppress this warning,
2026-09-13T15:10:33.7276478Z hint: call:
2026-09-13T15:10:33.7277858Z hint:
2026-09-13T15:10:33.7278671Z hint: 	git config --global init.defaultBranch <name>
2026-09-13T15:10:33.7279686Z hint:
2026-09-13T15:10:33.7280473Z hint: Names commonly chosen instead of 'master' are 'main', 'trunk' and
2026-09-13T15:10:33.7281818Z hint: 'development'. The just-created branch can be renamed via this command:
2026-09-13T15:10:33.7283863Z hint:
2026-09-13T15:10:33.7284708Z hint: 	git branch -m <name>
2026-09-13T15:10:33.7285351Z hint:
2026-09-13T15:10:33.7286324Z hint: Disable this message with "git config set advice.defaultBranchName false"
2026-09-13T15:10:33.7288695Z Initialized empty Git repository in /home/runner/work/GO/GO/.git/
2026-09-13T15:10:33.7290356Z [command]/usr/bin/git remote add origin https://github.com/yuguangzhi3836-glitch/GO
2026-09-13T15:10:33.7333989Z ##[endgroup]
2026-09-13T15:10:33.7334853Z ##[group]Disabling automatic garbage collection
2026-09-13T15:10:33.7335977Z [command]/usr/bin/git config --local gc.auto 0
2026-09-13T15:10:33.7368531Z ##[endgroup]
2026-09-13T15:10:33.7369236Z ##[group]Setting up auth
2026-09-13T15:10:33.7373349Z [command]/usr/bin/git config --local --name-only --get-regexp core\.sshCommand
2026-09-13T15:10:33.7405872Z [command]/usr/bin/git submodule foreach --recursive sh -c "git config --local --name-only --get-regexp 'core\.sshCommand' && git config --local --unset-all 'core.sshCommand' || :"
2026-09-13T15:10:33.9712708Z [command]/usr/bin/git config --local --name-only --get-regexp http\.https\:\/\/github\.com\/\.extraheader
2026-09-13T15:10:33.9727743Z [command]/usr/bin/git submodule foreach --recursive sh -c "git config --local --name-only --get-regexp 'http\.https\:\/\/github\.com\/\.extraheader' && git config --local --unset-all 'http.https://github.com/.extraheader' || :"
2026-09-13T15:10:33.9921448Z [command]/usr/bin/git config --local --name-only --get-regexp ^includeIf\.gitdir:
2026-09-13T15:10:33.9946173Z [command]/usr/bin/git submodule foreach --recursive git config --local --show-origin --name-only --get-regexp remote.origin.url
2026-09-13T15:10:34.0130751Z [command]/usr/bin/git config --local http.https://github.com/.extraheader AUTHORIZATION: basic ***
2026-09-13T15:10:34.1815700Z ##[endgroup]
2026-09-13T15:10:34.1825030Z ##[group]Fetching the repository
2026-09-13T15:10:34.1838632Z [command]/usr/bin/git -c protocol.version=2 fetch --no-tags --prune --no-recurse-submodules --depth=1 origin 9f28f822110e187c22baf82391063c8b05c039c1
2026-09-13T15:10:52.0985370Z From https://github.com/yuguangzhi3836-glitch/GO
2026-09-13T15:10:52.1012861Z  * branch            9f28f822110e187c22baf82391063c8b05c039c1 -> FETCH_HEAD
2026-09-13T15:10:52.1015132Z ##[endgroup]
2026-09-13T15:10:52.1016264Z ##[group]Determining the checkout info
2026-09-13T15:10:52.1016805Z ##[endgroup]
2026-09-13T15:10:52.1017228Z [command]/usr/bin/git sparse-checkout disable
2026-09-13T15:10:52.1063759Z [command]/usr/bin/git config --local --unset-all extensions.worktreeConfig
2026-09-13T15:10:52.1143958Z ##[group]Checking out the ref
2026-09-13T15:10:52.1195380Z [command]/usr/bin/git checkout --progress --force 9f28f822110e187c22baf82391063c8b05c039c1
2026-09-13T15:10:53.2860625Z Updating files:  33% (1658/4944)
2026-09-13T15:10:53.2876792Z Updating files:  34% (1681/4944)
2026-09-13T15:10:53.2913833Z Updating files:  35% (1731/4944)
2026-09-13T15:10:53.2933416Z Updating files:  36% (1780/4944)
2026-09-13T15:10:53.2993304Z Updating files:  37% (1830/4944)
2026-09-13T15:10:53.3020462Z Updating files:  38% (1879/4944)
2026-09-13T15:10:53.3057088Z Updating files:  39% (1929/4944)
2026-09-13T15:10:53.3086432Z Updating files:  40% (1978/4944)
2026-09-13T15:10:53.3100049Z Updating files:  41% (2028/4944)
2026-09-13T15:10:53.3115974Z Updating files:  42% (2077/4944)
2026-09-13T15:10:53.3132746Z Updating files:  43% (2126/4944)
2026-09-13T15:10:53.3151264Z Updating files:  44% (2176/4944)
2026-09-13T15:10:53.3169801Z Updating files:  45% (2225/4944)
2026-09-13T15:10:53.3193570Z Updating files:  46% (2275/4944)
2026-09-13T15:10:53.3208296Z Updating files:  47% (2324/4944)
2026-09-13T15:10:53.3227586Z Updating files:  48% (2374/4944)
2026-09-13T15:10:53.3253665Z Updating files:  49% (2423/4944)
2026-09-13T15:10:53.3280245Z Updating files:  50% (2472/4944)
2026-09-13T15:10:53.3302846Z Updating files:  51% (2522/4944)
2026-09-13T15:10:53.3327154Z Updating files:  52% (2571/4944)
2026-09-13T15:10:53.3357333Z Updating files:  53% (2621/4944)
2026-09-13T15:10:53.3378965Z Updating files:  54% (2670/4944)
2026-09-13T15:10:53.3401370Z Updating files:  55% (2720/4944)
2026-09-13T15:10:53.3425067Z Updating files:  56% (2769/4944)
2026-09-13T15:10:53.3446329Z Updating files:  57% (2819/4944)
2026-09-13T15:10:53.3483852Z Updating files:  58% (2868/4944)
2026-09-13T15:10:53.3494704Z Updating files:  59% (2917/4944)
2026-09-13T15:10:53.3688497Z Updating files:  60% (2967/4944)
2026-09-13T15:10:53.4192203Z Updating files:  61% (3016/4944)
2026-09-13T15:10:53.4216844Z Updating files:  62% (3066/4944)
2026-09-13T15:10:53.4266005Z Updating files:  63% (3115/4944)
2026-09-13T15:10:53.4464937Z Updating files:  64% (3165/4944)
2026-09-13T15:10:53.4595573Z Updating files:  65% (3214/4944)
2026-09-13T15:10:53.4836221Z Updating files:  66% (3264/4944)
2026-09-13T15:10:53.4990882Z Updating files:  67% (3313/4944)
2026-09-13T15:10:53.5106689Z Updating files:  68% (3362/4944)
2026-09-13T15:10:53.5107389Z Updating files:  69% (3412/4944)
2026-09-13T15:10:53.5110313Z Updating files:  70% (3461/4944)
2026-09-13T15:10:53.5110730Z Updating files:  71% (3511/4944)
2026-09-13T15:10:53.5127024Z Updating files:  72% (3560/4944)
2026-09-13T15:10:53.5144999Z Updating files:  73% (3610/4944)
2026-09-13T15:10:53.5160951Z Updating files:  74% (3659/4944)
2026-09-13T15:10:53.5181594Z Updating files:  75% (3708/4944)
2026-09-13T15:10:53.5209133Z Updating files:  76% (3758/4944)
2026-09-13T15:10:53.5237092Z Updating files:  77% (3807/4944)
2026-09-13T15:10:53.5257854Z Updating files:  78% (3857/4944)
2026-09-13T15:10:53.5286033Z Updating files:  79% (3906/4944)
2026-09-13T15:10:53.5304206Z Updating files:  80% (3956/4944)
2026-09-13T15:10:53.5338488Z Updating files:  81% (4005/4944)
2026-09-13T15:10:53.5904567Z Updating files:  82% (4055/4944)
2026-09-13T15:10:53.6473254Z Updating files:  83% (4104/4944)
2026-09-13T15:10:53.8030147Z Updating files:  84% (4153/4944)
2026-09-13T15:10:53.8578287Z Updating files:  85% (4203/4944)
2026-09-13T15:10:53.8605145Z Updating files:  86% (4252/4944)
2026-09-13T15:10:53.8625851Z Updating files:  87% (4302/4944)
2026-09-13T15:10:53.8641266Z Updating files:  88% (4351/4944)
2026-09-13T15:10:53.8657105Z Updating files:  89% (4401/4944)
2026-09-13T15:10:53.8673926Z Updating files:  90% (4450/4944)
2026-09-13T15:10:53.8719912Z Updating files:  91% (4500/4944)
2026-09-13T15:10:53.8734338Z Updating files:  92% (4549/4944)
2026-09-13T15:10:53.8752786Z Updating files:  93% (4598/4944)
2026-09-13T15:10:53.8770950Z Updating files:  94% (4648/4944)
2026-09-13T15:10:53.8794816Z Updating files:  95% (4697/4944)
2026-09-13T15:10:53.8819954Z Updating files:  96% (4747/4944)
2026-09-13T15:10:53.8838088Z Updating files:  97% (4796/4944)
2026-09-13T15:10:53.8930712Z Updating files:  98% (4846/4944)
2026-09-13T15:10:53.8946954Z Updating files:  99% (4895/4944)
2026-09-13T15:10:53.8947853Z Updating files: 100% (4944/4944)
2026-09-13T15:10:53.8948208Z Updating files: 100% (4944/4944), done.
2026-09-13T15:10:54.1555697Z Note: switching to '9f28f822110e187c22baf82391063c8b05c039c1'.
2026-09-13T15:10:54.1555890Z 
2026-09-13T15:10:54.1556005Z You are in 'detached HEAD' state. You can look around, make experimental
2026-09-13T15:10:54.1556257Z changes and commit them, and you can discard any commits you make in this
2026-09-13T15:10:54.1556510Z state without impacting any branches by switching back to a branch.
2026-09-13T15:10:54.1556700Z 
2026-09-13T15:10:54.1556865Z If you want to create a new branch to retain commits you create, you may
2026-09-13T15:10:54.1557221Z do so (now or later) by using -c with the switch command. Example:
2026-09-13T15:10:54.1557418Z 
2026-09-13T15:10:54.1557610Z   git switch -c <new-branch-name>
2026-09-13T15:10:54.1557750Z 
2026-09-13T15:10:54.1557831Z Or undo this operation with:
2026-09-13T15:10:54.1557963Z 
2026-09-13T15:10:54.1558036Z   git switch -
2026-09-13T15:10:54.1558138Z 
2026-09-13T15:10:54.1558316Z Turn off this advice by setting config variable advice.detachedHead to false
2026-09-13T15:10:54.1558577Z 
2026-09-13T15:10:54.1558784Z HEAD is now at 9f28f82 V7: close six Cell P1 gaps with inherited repairs and scoped evidence
2026-09-13T15:10:54.1655529Z ##[endgroup]
2026-09-13T15:10:54.1707819Z [command]/usr/bin/git log -1 --format=%H
2026-09-13T15:10:54.1737722Z 9f28f822110e187c22baf82391063c8b05c039c1
2026-09-13T15:10:54.1782924Z ##[group]Removing auth
2026-09-13T15:10:54.1785691Z [command]/usr/bin/git config --local --name-only --get-regexp core\.sshCommand
2026-09-13T15:10:54.1790327Z [command]/usr/bin/git submodule foreach --recursive sh -c "git config --local --name-only --get-regexp 'core\.sshCommand' && git config --local --unset-all 'core.sshCommand' || :"
2026-09-13T15:10:54.1988640Z [command]/usr/bin/git config --local --name-only --get-regexp http\.https\:\/\/github\.com\/\.extraheader
2026-09-13T15:10:54.2015035Z http.https://github.com/.extraheader
2026-09-13T15:10:54.2024998Z [command]/usr/bin/git config --local --unset-all http.https://github.com/.extraheader
2026-09-13T15:10:54.2364288Z [command]/usr/bin/git submodule foreach --recursive sh -c "git config --local --name-only --get-regexp 'http\.https\:\/\/github\.com\/\.extraheader' && git config --local --unset-all 'http.https://github.com/.extraheader' || :"
2026-09-13T15:10:54.2584041Z [command]/usr/bin/git config --local --name-only --get-regexp ^includeIf\.gitdir:
2026-09-13T15:10:54.2605472Z [command]/usr/bin/git submodule foreach --recursive git config --local --show-origin --name-only --get-regexp remote.origin.url
2026-09-13T15:10:54.2807888Z ##[endgroup]
2026-09-13T15:10:54.3009189Z Node 20 is being deprecated. This workflow is running with Node 24 by default. If you need to temporarily use Node 20, you can set the ACTIONS_ALLOW_USE_UNSECURE_NODE_VERSION=true environment variable. For more information see: https://github.blog/changelog/2025-09-19-deprecation-of-node-20-on-github-actions-runners/
2026-09-13T15:10:54.3010398Z ##[group]Run actions/setup-python@v5
2026-09-13T15:10:54.3010545Z with:
2026-09-13T15:10:54.3010684Z   python-version: 3.13.5
2026-09-13T15:10:54.3010815Z   check-latest: false
2026-09-13T15:10:54.3012343Z   token: ***
2026-09-13T15:10:54.3012462Z   update-environment: true
2026-09-13T15:10:54.3012607Z   allow-prereleases: false
2026-09-13T15:10:54.3012741Z   freethreaded: false
2026-09-13T15:10:54.3012856Z env:
2026-09-13T15:10:54.3013171Z   PYTHONDONTWRITEBYTECODE: 1
2026-09-13T15:10:54.3013388Z ##[endgroup]
2026-09-13T15:10:54.3911696Z ##[group]Installed versions
2026-09-13T15:10:54.4021281Z Version 3.13.5 was not found in the local cache
2026-09-13T15:10:54.4095431Z (node:2016) [DEP0040] DeprecationWarning: The `punycode` module is deprecated. Please use a userland alternative instead.
2026-09-13T15:10:54.4096470Z (Use `node --trace-deprecation ...` to show where the warning was created)
2026-09-13T15:10:55.6474537Z Version 3.13.5 is available for downloading
2026-09-13T15:10:55.6476258Z Download from "https://github.com/actions/python-versions/releases/download/3.13.5-15601068749/python-3.13.5-linux-24.04-x64.tar.gz"
2026-09-13T15:10:56.4990753Z Extract downloaded archive
2026-09-13T15:10:56.5089222Z [command]/usr/bin/tar xz --warning=no-unknown-keyword --overwrite -C /home/runner/work/_temp/61b0b56d-b306-4a0c-aa5d-1f47c335db1b -f /home/runner/work/_temp/ddcac344-5aa0-4b7f-ad49-90e2d27c3990
2026-09-13T15:10:58.2349462Z Execute installation script
2026-09-13T15:10:58.2435031Z Check if Python hostedtoolcache folder exist...
2026-09-13T15:10:58.2435806Z Create Python 3.13.5 folder
2026-09-13T15:10:58.2446472Z Copy Python binaries to hostedtoolcache folder
2026-09-13T15:11:01.3215489Z Create additional symlinks (Required for the UsePythonVersion Azure Pipelines task and the setup-python GitHub Action)
2026-09-13T15:11:01.3248938Z Upgrading pip...
2026-09-13T15:11:03.6973408Z Looking in links: /tmp/tmpyc1lbk14
2026-09-13T15:11:03.6975554Z Requirement already satisfied: pip in /opt/hostedtoolcache/Python/3.13.5/x64/lib/python3.13/site-packages (25.1.1)
2026-09-13T15:11:05.4744794Z Collecting pip
2026-09-13T15:11:05.5122512Z Downloading pip-26.2.1-py3-none-any.whl.metadata (4.6 kB)
2026-09-13T15:11:05.8515835Z Downloading pip-26.2.1-py3-none-any.whl (1.8 MB)
2026-09-13T15:11:06.5404528Z ━━━━━━━━━━━━━━━━━━━━━━━━━━━━━━━━━━━━━━━━ 1.8/1.8 MB 2.3 MB/s eta 0:00:00
2026-09-13T15:11:06.6855879Z Installing collected packages: pip
2026-09-13T15:11:06.6857912Z Attempting uninstall: pip
2026-09-13T15:11:06.6876031Z Found existing installation: pip 25.1.1
2026-09-13T15:11:06.7074232Z Uninstalling pip-25.1.1:
2026-09-13T15:11:06.7109820Z Successfully uninstalled pip-25.1.1
2026-09-13T15:11:07.4249071Z Successfully installed pip-26.2.1
2026-09-13T15:11:07.4694089Z Create complete file
2026-09-13T15:11:07.4726124Z Successfully set up CPython (3.13.5)
2026-09-13T15:11:07.4727256Z ##[endgroup]
2026-09-13T15:11:07.4890781Z ##[group]Run python ci/retention/verify_source.py "$RUNNER_TEMP/cell-evidence/source"
2026-09-13T15:11:07.4891151Z [36;1mpython ci/retention/verify_source.py "$RUNNER_TEMP/cell-evidence/source"[0m
2026-09-13T15:11:07.4891488Z [36;1mpython ci/retention/verify_alignment.py "$RUNNER_TEMP/cell-evidence/alignment.json"[0m
2026-09-13T15:11:07.4891740Z [36;1mpython - <<'PY'[0m
2026-09-13T15:11:07.4891895Z [36;1mimport json, os, pathlib, subprocess[0m
2026-09-13T15:11:07.4892134Z [36;1mc=json.loads(pathlib.Path('ci/cell-closure/CANDIDATE.json').read_text())[0m
2026-09-13T15:11:07.4892455Z [36;1mactual=subprocess.check_output(['git','rev-parse','HEAD:application'],text=True).strip()[0m
2026-09-13T15:11:07.4892848Z [36;1mr=json.loads((pathlib.Path(os.environ['RUNNER_TEMP'])/'cell-evidence/source/RETENTION_RESULT.json').read_text())[0m
2026-09-13T15:11:07.4893369Z [36;1massert actual==c['application_git_tree'][0m
2026-09-13T15:11:07.4893601Z [36;1massert r['source_tree_sha256']==c['source_tree_sha256'][0m
2026-09-13T15:11:07.4893808Z [36;1massert r['source_files']==c['source_files'][0m
2026-09-13T15:11:07.4894017Z [36;1massert c['production']=='HOLD' and c['full_release']=='HOLD'[0m
2026-09-13T15:11:07.4894207Z [36;1mPY[0m
2026-09-13T15:11:07.4928219Z shell: /usr/bin/bash -e {0}
2026-09-13T15:11:07.4928372Z env:
2026-09-13T15:11:07.4928496Z   PYTHONDONTWRITEBYTECODE: 1
2026-09-13T15:11:07.4928680Z   pythonLocation: /opt/hostedtoolcache/Python/3.13.5/x64
2026-09-13T15:11:07.4928943Z   PKG_CONFIG_PATH: /opt/hostedtoolcache/Python/3.13.5/x64/lib/pkgconfig
2026-09-13T15:11:07.4929175Z   Python_ROOT_DIR: /opt/hostedtoolcache/Python/3.13.5/x64
2026-09-13T15:11:07.4929385Z   Python2_ROOT_DIR: /opt/hostedtoolcache/Python/3.13.5/x64
2026-09-13T15:11:07.4929591Z   Python3_ROOT_DIR: /opt/hostedtoolcache/Python/3.13.5/x64
2026-09-13T15:11:07.4929800Z   LD_LIBRARY_PATH: /opt/hostedtoolcache/Python/3.13.5/x64/lib
2026-09-13T15:11:07.4929991Z ##[endgroup]
2026-09-13T15:11:07.6737192Z {"source_files": 1332, "source_tree_sha256": "20b8b9b547636b47ab627f2adf8adc562deb01e07bce224e4705e838c92e7eb2", "unchanged_parent_files": 1188, "new_files": 61, "repaired_existing_files": 83, "compatibility_files_unchanged": 19, "checkpoint_commit": "9f28f822110e187c22baf82391063c8b05c039c1", "byte_retention": "PASS", "full_feature_retention": "HOLD_APPROVAL_BLOCKED_PROVIDER_GUARD", "deployment": "NOT_RUN", "production": "HOLD"}
2026-09-13T15:11:07.8408232Z {"commit": "9f28f822110e187c22baf82391063c8b05c039c1", "application_tree": "b9aee82e8c3932a540349b1f62b714c5ea52e837", "selected_source_files": 1332, "retained_baseline_files": 1300, "registered_acceptance_repairs": 105, "selection_counts": {"BOTH": 1264, "PR47": 35, "PR48": 1}, "pr47_application_changes": ["application/frontend/shared/app.js"], "archived_tooling_files": 8, "alignment": "PASS", "historical_pass_transferred": false, "full_three_end_ux": "HOLD", "six_vertical_closed_loop": "HOLD", "sealed_node": "HOLD", "final_release": "HOLD"}
2026-09-13T15:11:07.9540429Z ##[group]Run python ci/retention/dependencies.py --repository . --output "$RUNNER_TEMP/frozen"
2026-09-13T15:11:07.9540831Z [36;1mpython ci/retention/dependencies.py --repository . --output "$RUNNER_TEMP/frozen"[0m
2026-09-13T15:11:07.9541227Z [36;1mpython -m pip install --no-index --find-links "$RUNNER_TEMP/frozen/wheelhouse" -r ci/retention/requirements.lock[0m
2026-09-13T15:11:07.9571400Z shell: /usr/bin/bash -e {0}
2026-09-13T15:11:07.9571541Z env:
2026-09-13T15:11:07.9571662Z   PYTHONDONTWRITEBYTECODE: 1
2026-09-13T15:11:07.9571837Z   pythonLocation: /opt/hostedtoolcache/Python/3.13.5/x64
2026-09-13T15:11:07.9572077Z   PKG_CONFIG_PATH: /opt/hostedtoolcache/Python/3.13.5/x64/lib/pkgconfig
2026-09-13T15:11:07.9572307Z   Python_ROOT_DIR: /opt/hostedtoolcache/Python/3.13.5/x64
2026-09-13T15:11:07.9572513Z   Python2_ROOT_DIR: /opt/hostedtoolcache/Python/3.13.5/x64
2026-09-13T15:11:07.9572717Z   Python3_ROOT_DIR: /opt/hostedtoolcache/Python/3.13.5/x64
2026-09-13T15:11:07.9573099Z   LD_LIBRARY_PATH: /opt/hostedtoolcache/Python/3.13.5/x64/lib
2026-09-13T15:11:07.9573304Z ##[endgroup]
2026-09-13T15:11:08.1890168Z {"archive_sha256": "b13a76ab9351f81da70e8e2c8873c20141abe953cd3f96aeb181ef86a34b58dd", "verified_wheels": 37, "source": "pinned GO repository ci/dependency_parts only", "application_source_restored": false}
2026-09-13T15:11:09.2859689Z Looking in links: /home/runner/work/_temp/frozen/wheelhouse
2026-09-13T15:11:09.2921243Z Processing /home/runner/work/_temp/frozen/wheelhouse/alembic-1.16.5-py3-none-any.whl (from -r ci/retention/requirements.lock (line 1))
2026-09-13T15:11:09.2969858Z Processing /home/runner/work/_temp/frozen/wheelhouse/annotated_doc-0.0.4-py3-none-any.whl (from -r ci/retention/requirements.lock (line 2))
2026-09-13T15:11:09.2985536Z Processing /home/runner/work/_temp/frozen/wheelhouse/annotated_types-0.7.0-py3-none-any.whl (from -r ci/retention/requirements.lock (line 3))
2026-09-13T15:11:09.3001924Z Processing /home/runner/work/_temp/frozen/wheelhouse/anyio-4.13.0-py3-none-any.whl (from -r ci/retention/requirements.lock (line 4))
2026-09-13T15:11:09.3022705Z Processing /home/runner/work/_temp/frozen/wheelhouse/certifi-2026.5.20-py3-none-any.whl (from -r ci/retention/requirements.lock (line 5))
2026-09-13T15:11:09.3036632Z Processing /home/runner/work/_temp/frozen/wheelhouse/cffi-2.0.0-cp313-cp313-manylinux_2_17_x86_64.whl (from -r ci/retention/requirements.lock (line 6))
2026-09-13T15:11:09.3051549Z Processing /home/runner/work/_temp/frozen/wheelhouse/click-8.5.0-py3-none-any.whl (from -r ci/retention/requirements.lock (line 7))
2026-09-13T15:11:09.3064620Z Processing /home/runner/work/_temp/frozen/wheelhouse/cryptography-46.0.4-cp311-abi3-manylinux_2_34_x86_64.whl (from -r ci/retention/requirements.lock (line 8))
2026-09-13T15:11:09.3121753Z Processing /home/runner/work/_temp/frozen/wheelhouse/fastapi-0.128.2-py3-none-any.whl (from -r ci/retention/requirements.lock (line 9))
2026-09-13T15:11:09.3156192Z Processing /home/runner/work/_temp/frozen/wheelhouse/greenlet-3.5.1-cp313-cp313-manylinux_2_24_x86_64.whl (from -r ci/retention/requirements.lock (line 10))
2026-09-13T15:11:09.3179316Z Processing /home/runner/work/_temp/frozen/wheelhouse/h11-0.16.0-py3-none-any.whl (from -r ci/retention/requirements.lock (line 11))
2026-09-13T15:11:09.3195799Z Processing /home/runner/work/_temp/frozen/wheelhouse/httpcore-1.0.9-py3-none-any.whl (from -r ci/retention/requirements.lock (line 12))
2026-09-13T15:11:09.3217102Z Processing /home/runner/work/_temp/frozen/wheelhouse/httpx-0.28.1-py3-none-any.whl (from -r ci/retention/requirements.lock (line 13))
2026-09-13T15:11:09.3235563Z Processing /home/runner/work/_temp/frozen/wheelhouse/idna-3.17-py3-none-any.whl (from -r ci/retention/requirements.lock (line 14))
2026-09-13T15:11:09.3251827Z Processing /home/runner/work/_temp/frozen/wheelhouse/iniconfig-2.3.0-py3-none-any.whl (from -r ci/retention/requirements.lock (line 15))
2026-09-13T15:11:09.3265448Z Processing /home/runner/work/_temp/frozen/wheelhouse/mako-1.3.10-py3-none-any.whl (from -r ci/retention/requirements.lock (line 16))
2026-09-13T15:11:09.3280858Z Processing /home/runner/work/_temp/frozen/wheelhouse/markupsafe-3.0.3-cp313-cp313-manylinux2014_x86_64.manylinux_2_17_x86_64.manylinux_2_28_x86_64.whl (from -r ci/retention/requirements.lock (line 17))
2026-09-13T15:11:09.3293709Z Processing /home/runner/work/_temp/frozen/wheelhouse/packaging-25.0-py3-none-any.whl (from -r ci/retention/requirements.lock (line 18))
2026-09-13T15:11:09.3308888Z Processing /home/runner/work/_temp/frozen/wheelhouse/pillow-12.3.0-cp313-cp313-manylinux_2_27_x86_64.whl (from -r ci/retention/requirements.lock (line 19))
2026-09-13T15:11:09.3378759Z Processing /home/runner/work/_temp/frozen/wheelhouse/pluggy-1.6.0-py3-none-any.whl (from -r ci/retention/requirements.lock (line 20))
2026-09-13T15:11:09.3395394Z Processing /home/runner/work/_temp/frozen/wheelhouse/psycopg_binary-3.2.10-cp313-cp313-manylinux2014_x86_64.manylinux_2_17_x86_64.whl (from -r ci/retention/requirements.lock (line 21))
2026-09-13T15:11:09.3440268Z Processing /home/runner/work/_temp/frozen/wheelhouse/psycopg-3.2.10-py3-none-any.whl (from -r ci/retention/requirements.lock (line 22))
2026-09-13T15:11:09.3468784Z Processing /home/runner/work/_temp/frozen/wheelhouse/pycparser-3.0-py3-none-any.whl (from -r ci/retention/requirements.lock (line 23))
2026-09-13T15:11:09.3484110Z Processing /home/runner/work/_temp/frozen/wheelhouse/pydantic_settings-2.14.1-py3-none-any.whl (from -r ci/retention/requirements.lock (line 24))
2026-09-13T15:11:09.3500549Z Processing /home/runner/work/_temp/frozen/wheelhouse/pydantic-2.13.4-py3-none-any.whl (from -r ci/retention/requirements.lock (line 25))
2026-09-13T15:11:09.3546383Z Processing /home/runner/work/_temp/frozen/wheelhouse/pydantic_core-2.46.4-cp313-cp313-manylinux_2_17_x86_64.whl (from -r ci/retention/requirements.lock (line 26))
2026-09-13T15:11:09.3578582Z Processing /home/runner/work/_temp/frozen/wheelhouse/Pygments-2.20.0-py3-none-any.whl (from -r ci/retention/requirements.lock (line 27))
2026-09-13T15:11:09.3636649Z Processing /home/runner/work/_temp/frozen/wheelhouse/PyJWT-2.13.0-py3-none-any.whl (from -r ci/retention/requirements.lock (line 28))
2026-09-13T15:11:09.3651345Z Processing /home/runner/work/_temp/frozen/wheelhouse/pytest_asyncio-1.3.0-py3-none-any.whl (from -r ci/retention/requirements.lock (line 29))
2026-09-13T15:11:09.3667979Z Processing /home/runner/work/_temp/frozen/wheelhouse/pytest-9.0.2-py3-none-any.whl (from -r ci/retention/requirements.lock (line 30))
2026-09-13T15:11:09.3698399Z Processing /home/runner/work/_temp/frozen/wheelhouse/python_dotenv-1.2.2-py3-none-any.whl (from -r ci/retention/requirements.lock (line 31))
2026-09-13T15:11:09.3719122Z Processing /home/runner/work/_temp/frozen/wheelhouse/redis-5.2.1-py3-none-any.whl (from -r ci/retention/requirements.lock (line 32))
2026-09-13T15:11:09.3738447Z Processing /home/runner/work/_temp/frozen/wheelhouse/SQLAlchemy-2.0.50-cp313-cp313-manylinux_2_17_x86_64.whl (from -r ci/retention/requirements.lock (line 33))
2026-09-13T15:11:09.3827617Z Processing /home/runner/work/_temp/frozen/wheelhouse/starlette-0.50.0-py3-none-any.whl (from -r ci/retention/requirements.lock (line 34))
2026-09-13T15:11:09.3847083Z Processing /home/runner/work/_temp/frozen/wheelhouse/typing_inspection-0.4.2-py3-none-any.whl (from -r ci/retention/requirements.lock (line 35))
2026-09-13T15:11:09.3860066Z Processing /home/runner/work/_temp/frozen/wheelhouse/typing_extensions-4.16.0-py3-none-any.whl (from -r ci/retention/requirements.lock (line 36))
2026-09-13T15:11:09.3874105Z Processing /home/runner/work/_temp/frozen/wheelhouse/uvicorn-0.35.0-py3-none-any.whl (from -r ci/retention/requirements.lock (line 37))
2026-09-13T15:11:09.4614132Z Installing collected packages: typing_extensions, redis, python-dotenv, PyJWT, Pygments, pycparser, psycopg-binary, psycopg, pluggy, Pillow, packaging, MarkupSafe, iniconfig, idna, h11, greenlet, click, certifi, annotated-types, annotated-doc, uvicorn, typing-inspection, SQLAlchemy, pytest, pydantic_core, Mako, httpcore, cffi, anyio, starlette, pytest-asyncio, pydantic, httpx, cryptography, alembic, pydantic-settings, fastapi
2026-09-13T15:11:16.0633481Z 
2026-09-13T15:11:16.0660354Z Successfully installed Mako-1.3.10 MarkupSafe-3.0.3 Pillow-12.3.0 PyJWT-2.13.0 Pygments-2.20.0 SQLAlchemy-2.0.50 alembic-1.16.5 annotated-doc-0.0.4 annotated-types-0.7.0 anyio-4.13.0 certifi-2026.5.20 cffi-2.0.0 click-8.5.0 cryptography-46.0.4 fastapi-0.128.2 greenlet-3.5.1 h11-0.16.0 httpcore-1.0.9 httpx-0.28.1 idna-3.17 iniconfig-2.3.0 packaging-25.0 pluggy-1.6.0 psycopg-3.2.10 psycopg-binary-3.2.10 pycparser-3.0 pydantic-2.13.4 pydantic-settings-2.14.1 pydantic_core-2.46.4 pytest-9.0.2 pytest-asyncio-1.3.0 python-dotenv-1.2.2 redis-5.2.1 starlette-0.50.0 typing-inspection-0.4.2 typing_extensions-4.16.0 uvicorn-0.35.0
2026-09-13T15:11:16.1581792Z ##[group]Run set -euo pipefail
2026-09-13T15:11:16.1582127Z [36;1mset -euo pipefail[0m
2026-09-13T15:11:16.1582336Z [36;1mfiles=([0m
2026-09-13T15:11:16.1582560Z [36;1m  tests/autonomy/test_c14_release_evidence_guards.py[0m
2026-09-13T15:11:16.1582787Z [36;1m  tests/test_c01_hosted_fare_value_integrity.py[0m
2026-09-13T15:11:16.1583220Z [36;1m  tests/test_c04_refund_terminal_integrity.py[0m
2026-09-13T15:11:16.1583436Z [36;1m  tests/go_ai/test_c08_synthesis_audit_finalization.py[0m
2026-09-13T15:11:16.1583673Z [36;1m  tests/journey/test_c10_current_status_projection.py[0m
2026-09-13T15:11:16.1583889Z [36;1m  tests/test_c11_idempotency_completion_guard.py[0m
2026-09-13T15:11:16.1584078Z [36;1m  tests/test_depth48_capacity.py[0m
2026-09-13T15:11:16.1584228Z [36;1m)[0m
2026-09-13T15:11:16.1584342Z [36;1mfor file in "${files[@]}"; do[0m
2026-09-13T15:11:16.1584498Z [36;1m  name=$(basename "$file" .py)[0m
2026-09-13T15:11:16.1584908Z [36;1m  (cd application && GO_TEST_DB_PATH="$RUNNER_TEMP/$name.db" python -m pytest -p no:cacheprovider "$file" --junitxml="$RUNNER_TEMP/cell-evidence/$name.xml")[0m
2026-09-13T15:11:16.1585258Z [36;1mdone[0m
2026-09-13T15:11:16.1585621Z [36;1mPYTHONPATH=application/src python -m pytest -p no:cacheprovider ci/admin-pagination/test_pagination.py --junitxml="$RUNNER_TEMP/cell-evidence/admin-pagination.xml"[0m
2026-09-13T15:11:16.1617809Z shell: /usr/bin/bash -e {0}
2026-09-13T15:11:16.1617969Z env:
2026-09-13T15:11:16.1618096Z   PYTHONDONTWRITEBYTECODE: 1
2026-09-13T15:11:16.1618284Z   pythonLocation: /opt/hostedtoolcache/Python/3.13.5/x64
2026-09-13T15:11:16.1618526Z   PKG_CONFIG_PATH: /opt/hostedtoolcache/Python/3.13.5/x64/lib/pkgconfig
2026-09-13T15:11:16.1618766Z   Python_ROOT_DIR: /opt/hostedtoolcache/Python/3.13.5/x64
2026-09-13T15:11:16.1618975Z   Python2_ROOT_DIR: /opt/hostedtoolcache/Python/3.13.5/x64
2026-09-13T15:11:16.1619182Z   Python3_ROOT_DIR: /opt/hostedtoolcache/Python/3.13.5/x64
2026-09-13T15:11:16.1619402Z   LD_LIBRARY_PATH: /opt/hostedtoolcache/Python/3.13.5/x64/lib
2026-09-13T15:11:16.1619585Z ##[endgroup]
2026-09-13T15:11:52.6724300Z ........................................................................ [ 98%]
2026-09-13T15:11:53.8968438Z .                                                                        [100%]
2026-09-13T15:11:53.8969049Z 73 passed in 35.90s
2026-09-13T15:12:29.4706790Z ....                                                                     [100%]
2026-09-13T15:12:29.4707938Z 4 passed in 32.02s
2026-09-13T15:12:51.8286707Z ........                                                                 [100%]
2026-09-13T15:12:51.8287362Z 8 passed in 18.88s
2026-09-13T15:12:57.2667983Z ...                                                                      [100%]
2026-09-13T15:12:57.2668665Z 3 passed in 2.74s
2026-09-13T15:13:01.6576280Z ...............                                                          [100%]
2026-09-13T15:13:01.6576823Z 15 passed in 1.84s
2026-09-13T15:13:06.2809083Z ................                                                         [100%]
2026-09-13T15:13:06.2809625Z 16 passed in 1.89s
2026-09-13T15:13:14.0179456Z ...........                                                              [100%]
2026-09-13T15:13:14.0179975Z 11 passed in 4.09s
2026-09-13T15:13:17.5230945Z ============================= test session starts ==============================
2026-09-13T15:13:17.5231566Z platform linux -- Python 3.13.5, pytest-9.0.2, pluggy-1.6.0
2026-09-13T15:13:17.5232033Z rootdir: /home/runner/work/GO/GO
2026-09-13T15:13:17.5232363Z plugins: asyncio-1.3.0, anyio-4.13.0
2026-09-13T15:13:17.5232936Z asyncio: mode=Mode.STRICT, debug=False, asyncio_default_fixture_loop_scope=None, asyncio_default_test_loop_scope=function
2026-09-13T15:13:17.5233845Z collected 28 items
2026-09-13T15:13:17.5234034Z 
2026-09-13T15:13:28.8852406Z ci/admin-pagination/test_pagination.py ............................      [100%]
2026-09-13T15:13:28.8853479Z 
2026-09-13T15:13:28.8854529Z - generated xml file: /home/runner/work/_temp/cell-evidence/admin-pagination.xml -
2026-09-13T15:13:28.8855148Z ============================= 28 passed in 11.57s ==============================
2026-09-13T15:13:29.9841783Z ##[group]Run python - <<'PY'
2026-09-13T15:13:29.9841987Z [36;1mpython - <<'PY'[0m
2026-09-13T15:13:29.9842146Z [36;1mimport hashlib,json,os,pathlib,subprocess[0m
2026-09-13T15:13:29.9842419Z [36;1mout=pathlib.Path(os.environ['RUNNER_TEMP'])/'cell-evidence';out.mkdir(exist_ok=True)[0m
2026-09-13T15:13:29.9842820Z [36;1mfiles={str(p.relative_to(out)):hashlib.sha256(p.read_bytes()).hexdigest() for p in sorted(out.rglob('*')) if p.is_file()}[0m
2026-09-13T15:13:29.9843964Z [36;1mresult={'commit':subprocess.check_output(['git','rev-parse','HEAD'],text=True).strip(),'application_git_tree':subprocess.check_output(['git','rev-parse','HEAD:application'],text=True).strip(),'files':files,'scope':'isolated scoped tests only','hong_kong':'NOT_ACCESSED','production':'HOLD','full_release':'HOLD'}[0m
2026-09-13T15:13:29.9844630Z [36;1m(out/'EVIDENCE_BINDING.json').write_text(json.dumps(result,indent=2)+'\n')[0m
2026-09-13T15:13:29.9844846Z [36;1mPY[0m
2026-09-13T15:13:29.9876349Z shell: /usr/bin/bash -e {0}
2026-09-13T15:13:29.9876498Z env:
2026-09-13T15:13:29.9876624Z   PYTHONDONTWRITEBYTECODE: 1
2026-09-13T15:13:29.9876799Z   pythonLocation: /opt/hostedtoolcache/Python/3.13.5/x64
2026-09-13T15:13:29.9877036Z   PKG_CONFIG_PATH: /opt/hostedtoolcache/Python/3.13.5/x64/lib/pkgconfig
2026-09-13T15:13:29.9877271Z   Python_ROOT_DIR: /opt/hostedtoolcache/Python/3.13.5/x64
2026-09-13T15:13:29.9877481Z   Python2_ROOT_DIR: /opt/hostedtoolcache/Python/3.13.5/x64
2026-09-13T15:13:29.9877693Z   Python3_ROOT_DIR: /opt/hostedtoolcache/Python/3.13.5/x64
2026-09-13T15:13:29.9877900Z   LD_LIBRARY_PATH: /opt/hostedtoolcache/Python/3.13.5/x64/lib
2026-09-13T15:13:29.9878077Z ##[endgroup]
2026-09-13T15:13:30.1082182Z Node 20 is being deprecated. This workflow is running with Node 24 by default. If you need to temporarily use Node 20, you can set the ACTIONS_ALLOW_USE_UNSECURE_NODE_VERSION=true environment variable. For more information see: https://github.blog/changelog/2025-09-19-deprecation-of-node-20-on-github-actions-runners/
2026-09-13T15:13:30.1082901Z ##[group]Run actions/upload-artifact@v4
2026-09-13T15:13:30.1083346Z with:
2026-09-13T15:13:30.1083514Z   name: v70-cell-closure-9f28f822110e187c22baf82391063c8b05c039c1
2026-09-13T15:13:30.1083739Z   path: /home/runner/work/_temp/cell-evidence
2026-09-13T15:13:30.1084058Z   if-no-files-found: error
2026-09-13T15:13:30.1084189Z   retention-days: 90
2026-09-13T15:13:30.1084310Z   compression-level: 6
2026-09-13T15:13:30.1084434Z   overwrite: false
2026-09-13T15:13:30.1084556Z   include-hidden-files: false
2026-09-13T15:13:30.1084687Z env:
2026-09-13T15:13:30.1084802Z   PYTHONDONTWRITEBYTECODE: 1
2026-09-13T15:13:30.1085010Z   pythonLocation: /opt/hostedtoolcache/Python/3.13.5/x64
2026-09-13T15:13:30.1085252Z   PKG_CONFIG_PATH: /opt/hostedtoolcache/Python/3.13.5/x64/lib/pkgconfig
2026-09-13T15:13:30.1085490Z   Python_ROOT_DIR: /opt/hostedtoolcache/Python/3.13.5/x64
2026-09-13T15:13:30.1085704Z   Python2_ROOT_DIR: /opt/hostedtoolcache/Python/3.13.5/x64
2026-09-13T15:13:30.1085909Z   Python3_ROOT_DIR: /opt/hostedtoolcache/Python/3.13.5/x64
2026-09-13T15:13:30.1086117Z   LD_LIBRARY_PATH: /opt/hostedtoolcache/Python/3.13.5/x64/lib
2026-09-13T15:13:30.1086302Z ##[endgroup]
2026-09-13T15:13:30.2270324Z (node:2261) [DEP0040] DeprecationWarning: The `punycode` module is deprecated. Please use a userland alternative instead.
2026-09-13T15:13:30.2271177Z (Use `node --trace-deprecation ...` to show where the warning was created)
2026-09-13T15:13:30.2413263Z With the provided path, there will be 12 files uploaded
2026-09-13T15:13:30.2418413Z Artifact name is valid!
2026-09-13T15:13:30.2418831Z Root directory input is valid!
2026-09-13T15:13:30.6286239Z Beginning upload of artifact content to blob storage
2026-09-13T15:13:30.6485285Z (node:2261) [DEP0169] DeprecationWarning: `url.parse()` behavior is not standardized and prone to errors that have security implications. Use the WHATWG URL API instead. CVEs are not issued for `url.parse()` vulnerabilities.
2026-09-13T15:13:30.9526998Z Uploaded bytes 71217
2026-09-13T15:13:31.0081771Z Finished uploading artifact content to blob storage!
2026-09-13T15:13:31.0090632Z SHA256 digest of uploaded artifact zip is c1bab1817d52b7c2665cd1eafa00c5f906c7b97c8da2b5c7b0b2f6eb0556b1ac
2026-09-13T15:13:31.0091056Z Finalizing artifact upload
2026-09-13T15:13:31.2494208Z Artifact v70-cell-closure-9f28f822110e187c22baf82391063c8b05c039c1.zip successfully finalized. Artifact ID 10319719925
2026-09-13T15:13:31.2495221Z Artifact v70-cell-closure-9f28f822110e187c22baf82391063c8b05c039c1 has been successfully uploaded! Final size is 71217 bytes. Artifact ID is 10319719925
2026-09-13T15:13:31.2496202Z Artifact download URL: https://github.com/yuguangzhi3836-glitch/GO/actions/runs/34764800518/artifacts/10319719925
2026-09-13T15:13:31.2634181Z Node 20 is being deprecated. This workflow is running with Node 24 by default. If you need to temporarily use Node 20, you can set the ACTIONS_ALLOW_USE_UNSECURE_NODE_VERSION=true environment variable. For more information see: https://github.blog/changelog/2025-09-19-deprecation-of-node-20-on-github-actions-runners/
2026-09-13T15:13:31.2634874Z Post job cleanup.
2026-09-13T15:13:31.3499303Z (node:2274) [DEP0040] DeprecationWarning: The `punycode` module is deprecated. Please use a userland alternative instead.
2026-09-13T15:13:31.3500222Z (Use `node --trace-deprecation ...` to show where the warning was created)
2026-09-13T15:13:31.3672106Z Node 20 is being deprecated. This workflow is running with Node 24 by default. If you need to temporarily use Node 20, you can set the ACTIONS_ALLOW_USE_UNSECURE_NODE_VERSION=true environment variable. For more information see: https://github.blog/changelog/2025-09-19-deprecation-of-node-20-on-github-actions-runners/
2026-09-13T15:13:31.3673378Z Post job cleanup.
2026-09-13T15:13:31.4424249Z [command]/usr/bin/git version
2026-09-13T15:13:31.4486779Z git version 2.55.0
2026-09-13T15:13:31.4551735Z Temporarily overriding HOME='/home/runner/work/_temp/10dab12f-2d05-43a2-8604-24c7b4d1e652' before making global git config changes
2026-09-13T15:13:31.4552505Z Adding repository directory to the temporary git global config as a safe directory
2026-09-13T15:13:31.4553252Z [command]/usr/bin/git config --global --add safe.directory /home/runner/work/GO/GO
2026-09-13T15:13:31.4629171Z [command]/usr/bin/git config --local --name-only --get-regexp core\.sshCommand
2026-09-13T15:13:31.4754445Z [command]/usr/bin/git submodule foreach --recursive sh -c "git config --local --name-only --get-regexp 'core\.sshCommand' && git config --local --unset-all 'core.sshCommand' || :"
2026-09-13T15:13:31.5364100Z [command]/usr/bin/git config --local --name-only --get-regexp http\.https\:\/\/github\.com\/\.extraheader
2026-09-13T15:13:31.5527231Z [command]/usr/bin/git submodule foreach --recursive sh -c "git config --local --name-only --get-regexp 'http\.https\:\/\/github\.com\/\.extraheader' && git config --local --unset-all 'http.https://github.com/.extraheader' || :"
2026-09-13T15:13:31.5903912Z [command]/usr/bin/git config --local --name-only --get-regexp ^includeIf\.gitdir:
2026-09-13T15:13:31.5945179Z [command]/usr/bin/git submodule foreach --recursive git config --local --show-origin --name-only --get-regexp remote.origin.url
2026-09-13T15:13:31.6458521Z Cleaning up orphan processes
2026-09-13T15:13:31.6645182Z ##[warning]Node.js 20 is deprecated. The following actions target Node.js 20 but are being forced to run on Node.js 24: actions/checkout@v4, actions/setup-python@v5, actions/upload-artifact@v4. For more information see: https://github.blog/changelog/2025-09-19-deprecation-of-node-20-on-github-actions-runners/
