2026-09-13T15:10:32.2464610Z Current runner version: '2.337.0'
2026-09-13T15:10:32.2501719Z ##[group]Runner Image Provisioner
2026-09-13T15:10:32.2502734Z Hosted Compute Agent
2026-09-13T15:10:32.2503409Z Version: 20260828.587
2026-09-13T15:10:32.2504084Z Commit: abac92662cab4cc7352de4f9f9d2e2419aad9c29
2026-09-13T15:10:32.2504955Z Build Date: 2026-08-28T16:44:25Z
2026-09-13T15:10:32.2505688Z Worker ID: {ea2fd1c1-d807-4f5f-a922-2318a5700c61}
2026-09-13T15:10:32.2506511Z Azure Region: northcentralus
2026-09-13T15:10:32.2507284Z ##[endgroup]
2026-09-13T15:10:32.2508759Z ##[group]Operating System
2026-09-13T15:10:32.2509524Z Ubuntu
2026-09-13T15:10:32.2510328Z 24.04.5
2026-09-13T15:10:32.2511001Z LTS
2026-09-13T15:10:32.2511620Z ##[endgroup]
2026-09-13T15:10:32.2512211Z ##[group]Runner Image
2026-09-13T15:10:32.2512945Z Image: ubuntu-24.04
2026-09-13T15:10:32.2513560Z Version: 20260907.300.1
2026-09-13T15:10:32.2515056Z Included Software: https://github.com/actions/runner-images/blob/ubuntu24/20260907.300/images/ubuntu/Ubuntu2404-Readme.md
2026-09-13T15:10:32.2516759Z Image Release: https://github.com/actions/runner-images/releases/tag/ubuntu24%2F20260907.300
2026-09-13T15:10:32.2517826Z ##[endgroup]
2026-09-13T15:10:32.2519036Z ##[group]GITHUB_TOKEN Permissions
2026-09-13T15:10:32.2521590Z Contents: read
2026-09-13T15:10:32.2522289Z Metadata: read
2026-09-13T15:10:32.2523026Z ##[endgroup]
2026-09-13T15:10:32.2525337Z Secret source: Actions
2026-09-13T15:10:32.2526310Z Cache mode: write
2026-09-13T15:10:32.2527211Z Prepare workflow directory
2026-09-13T15:10:32.3083066Z Prepare all required actions
2026-09-13T15:10:32.3155341Z Getting action download info
2026-09-13T15:10:32.5696818Z Download action repository 'actions/checkout@v4' (SHA:11d5960a326750d5838078e36cf38b85af677262)
2026-09-13T15:10:32.6846918Z Download action repository 'actions/setup-python@v5' (SHA:a26af69be951a213d495a4c3e4e4022e16d87065)
2026-09-13T15:10:32.7961181Z Download action repository 'actions/setup-node@v4' (SHA:49933ea5288caeca8642d1e84afbd3f7d6820020)
2026-09-13T15:10:32.8961567Z Download action repository 'actions/upload-artifact@v4' (SHA:ea165f8d65b6e75b540449e92b4886f43607fa02)
2026-09-13T15:10:33.1260717Z Complete job name: regression (1)
2026-09-13T15:10:33.2130696Z Node 20 is being deprecated. This workflow is running with Node 24 by default. If you need to temporarily use Node 20, you can set the ACTIONS_ALLOW_USE_UNSECURE_NODE_VERSION=true environment variable. For more information see: https://github.blog/changelog/2025-09-19-deprecation-of-node-20-on-github-actions-runners/
2026-09-13T15:10:33.2144211Z ##[group]Run actions/checkout@v4
2026-09-13T15:10:33.2146153Z with:
2026-09-13T15:10:33.2146886Z   ref: 9f28f822110e187c22baf82391063c8b05c039c1
2026-09-13T15:10:33.2147873Z   persist-credentials: false
2026-09-13T15:10:33.2148768Z   repository: yuguangzhi3836-glitch/GO
2026-09-13T15:10:33.2156262Z   token: ***
2026-09-13T15:10:33.2157007Z   ssh-strict: true
2026-09-13T15:10:33.2157699Z   ssh-user: git
2026-09-13T15:10:33.2158391Z   clean: true
2026-09-13T15:10:33.2159163Z   sparse-checkout-cone-mode: true
2026-09-13T15:10:33.2160038Z   fetch-depth: 1
2026-09-13T15:10:33.2161043Z   fetch-tags: false
2026-09-13T15:10:33.2161850Z   show-progress: true
2026-09-13T15:10:33.2162605Z   lfs: false
2026-09-13T15:10:33.2163293Z   submodules: false
2026-09-13T15:10:33.2164047Z   set-safe-directory: true
2026-09-13T15:10:33.2164889Z   allow-unsafe-pr-checkout: false
2026-09-13T15:10:33.2166108Z env:
2026-09-13T15:10:33.2166823Z   PYTHONDONTWRITEBYTECODE: 1
2026-09-13T15:10:33.2167640Z ##[endgroup]
2026-09-13T15:10:33.4773958Z Syncing repository: yuguangzhi3836-glitch/GO
2026-09-13T15:10:33.4780844Z ##[group]Getting Git version info
2026-09-13T15:10:33.4781994Z Working directory is '/home/runner/work/GO/GO'
2026-09-13T15:10:33.4783566Z [command]/usr/bin/git version
2026-09-13T15:10:33.4784390Z git version 2.55.0
2026-09-13T15:10:33.4787086Z ##[endgroup]
2026-09-13T15:10:33.4794419Z Temporarily overriding HOME='/home/runner/work/_temp/4fa8c050-99a3-4ec3-9026-0d5693eb9271' before making global git config changes
2026-09-13T15:10:33.4797005Z Adding repository directory to the temporary git global config as a safe directory
2026-09-13T15:10:33.4798756Z [command]/usr/bin/git config --global --add safe.directory /home/runner/work/GO/GO
2026-09-13T15:10:33.4805380Z Deleting the contents of '/home/runner/work/GO/GO'
2026-09-13T15:10:33.4806882Z ##[group]Initializing the repository
2026-09-13T15:10:33.4807890Z [command]/usr/bin/git init /home/runner/work/GO/GO
2026-09-13T15:10:33.4809338Z hint: Using 'master' as the name for the initial branch. This default branch name
2026-09-13T15:10:33.4811117Z hint: will change to "main" in Git 3.0. To configure the initial branch name
2026-09-13T15:10:33.4812673Z hint: to use in all of your new repositories, which will suppress this warning,
2026-09-13T15:10:33.4813854Z hint: call:
2026-09-13T15:10:33.4814497Z hint:
2026-09-13T15:10:33.4815292Z hint: 	git config --global init.defaultBranch <name>
2026-09-13T15:10:33.4816255Z hint:
2026-09-13T15:10:33.4817473Z hint: Names commonly chosen instead of 'master' are 'main', 'trunk' and
2026-09-13T15:10:33.4819205Z hint: 'development'. The just-created branch can be renamed via this command:
2026-09-13T15:10:33.4820715Z hint:
2026-09-13T15:10:33.4821372Z hint: 	git branch -m <name>
2026-09-13T15:10:33.4822129Z hint:
2026-09-13T15:10:33.4823315Z hint: Disable this message with "git config set advice.defaultBranchName false"
2026-09-13T15:10:33.4824866Z Initialized empty Git repository in /home/runner/work/GO/GO/.git/
2026-09-13T15:10:33.4827361Z [command]/usr/bin/git remote add origin https://github.com/yuguangzhi3836-glitch/GO
2026-09-13T15:10:33.4829926Z ##[endgroup]
2026-09-13T15:10:33.4831460Z ##[group]Disabling automatic garbage collection
2026-09-13T15:10:33.4832522Z [command]/usr/bin/git config --local gc.auto 0
2026-09-13T15:10:33.4840727Z ##[endgroup]
2026-09-13T15:10:33.4842085Z ##[group]Setting up auth
2026-09-13T15:10:33.4843240Z [command]/usr/bin/git config --local --name-only --get-regexp core\.sshCommand
2026-09-13T15:10:33.4847206Z [command]/usr/bin/git submodule foreach --recursive sh -c "git config --local --name-only --get-regexp 'core\.sshCommand' && git config --local --unset-all 'core.sshCommand' || :"
2026-09-13T15:10:33.5075115Z [command]/usr/bin/git config --local --name-only --get-regexp http\.https\:\/\/github\.com\/\.extraheader
2026-09-13T15:10:33.5132557Z [command]/usr/bin/git submodule foreach --recursive sh -c "git config --local --name-only --get-regexp 'http\.https\:\/\/github\.com\/\.extraheader' && git config --local --unset-all 'http.https://github.com/.extraheader' || :"
2026-09-13T15:10:33.5537659Z [command]/usr/bin/git config --local --name-only --get-regexp ^includeIf\.gitdir:
2026-09-13T15:10:33.5572557Z [command]/usr/bin/git submodule foreach --recursive git config --local --show-origin --name-only --get-regexp remote.origin.url
2026-09-13T15:10:33.6018282Z [command]/usr/bin/git config --local http.https://github.com/.extraheader AUTHORIZATION: basic ***
2026-09-13T15:10:33.6022337Z ##[endgroup]
2026-09-13T15:10:33.6023736Z ##[group]Fetching the repository
2026-09-13T15:10:33.6025867Z [command]/usr/bin/git -c protocol.version=2 fetch --no-tags --prune --no-recurse-submodules --depth=1 origin 9f28f822110e187c22baf82391063c8b05c039c1
2026-09-13T15:10:49.7183193Z From https://github.com/yuguangzhi3836-glitch/GO
2026-09-13T15:10:49.7185272Z  * branch            9f28f822110e187c22baf82391063c8b05c039c1 -> FETCH_HEAD
2026-09-13T15:10:49.7207526Z ##[endgroup]
2026-09-13T15:10:49.7208968Z ##[group]Determining the checkout info
2026-09-13T15:10:49.7210742Z ##[endgroup]
2026-09-13T15:10:49.7211801Z [command]/usr/bin/git sparse-checkout disable
2026-09-13T15:10:49.7439769Z [command]/usr/bin/git config --local --unset-all extensions.worktreeConfig
2026-09-13T15:10:49.7483118Z ##[group]Checking out the ref
2026-09-13T15:10:49.7485462Z [command]/usr/bin/git checkout --progress --force 9f28f822110e187c22baf82391063c8b05c039c1
2026-09-13T15:10:51.5037257Z Updating files:  32% (1631/4944)
2026-09-13T15:10:52.1282431Z Updating files:  33% (1632/4944)
2026-09-13T15:10:52.1307340Z Updating files:  34% (1681/4944)
2026-09-13T15:10:52.1337717Z Updating files:  35% (1731/4944)
2026-09-13T15:10:52.1364559Z Updating files:  36% (1780/4944)
2026-09-13T15:10:52.1482164Z Updating files:  37% (1830/4944)
2026-09-13T15:10:52.1537491Z Updating files:  38% (1879/4944)
2026-09-13T15:10:52.1595177Z Updating files:  39% (1929/4944)
2026-09-13T15:10:52.1641779Z Updating files:  40% (1978/4944)
2026-09-13T15:10:52.1662541Z Updating files:  41% (2028/4944)
2026-09-13T15:10:52.1687419Z Updating files:  42% (2077/4944)
2026-09-13T15:10:52.1718596Z Updating files:  43% (2126/4944)
2026-09-13T15:10:52.1748511Z Updating files:  44% (2176/4944)
2026-09-13T15:10:52.1782269Z Updating files:  45% (2225/4944)
2026-09-13T15:10:52.1831559Z Updating files:  46% (2275/4944)
2026-09-13T15:10:52.1871192Z Updating files:  47% (2324/4944)
2026-09-13T15:10:52.1891096Z Updating files:  48% (2374/4944)
2026-09-13T15:10:52.1961314Z Updating files:  49% (2423/4944)
2026-09-13T15:10:52.2021631Z Updating files:  50% (2472/4944)
2026-09-13T15:10:52.2061723Z Updating files:  51% (2522/4944)
2026-09-13T15:10:52.2123734Z Updating files:  52% (2571/4944)
2026-09-13T15:10:52.2183663Z Updating files:  53% (2621/4944)
2026-09-13T15:10:52.2223058Z Updating files:  54% (2670/4944)
2026-09-13T15:10:52.2266156Z Updating files:  55% (2720/4944)
2026-09-13T15:10:52.2316511Z Updating files:  56% (2769/4944)
2026-09-13T15:10:52.2362777Z Updating files:  57% (2819/4944)
2026-09-13T15:10:52.2423285Z Updating files:  58% (2868/4944)
2026-09-13T15:10:52.2452702Z Updating files:  59% (2917/4944)
2026-09-13T15:10:52.2761483Z Updating files:  60% (2967/4944)
2026-09-13T15:10:52.3462467Z Updating files:  61% (3016/4944)
2026-09-13T15:10:52.3488992Z Updating files:  62% (3066/4944)
2026-09-13T15:10:52.3541330Z Updating files:  63% (3115/4944)
2026-09-13T15:10:52.3787456Z Updating files:  64% (3165/4944)
2026-09-13T15:10:52.3977412Z Updating files:  65% (3214/4944)
2026-09-13T15:10:52.4182387Z Updating files:  66% (3264/4944)
2026-09-13T15:10:52.4311490Z Updating files:  66% (3300/4944)
2026-09-13T15:10:52.4554010Z Updating files:  67% (3313/4944)
2026-09-13T15:10:52.4588339Z Updating files:  68% (3362/4944)
2026-09-13T15:10:52.4614087Z Updating files:  69% (3412/4944)
2026-09-13T15:10:52.4638399Z Updating files:  70% (3461/4944)
2026-09-13T15:10:52.4691634Z Updating files:  71% (3511/4944)
2026-09-13T15:10:52.4747950Z Updating files:  72% (3560/4944)
2026-09-13T15:10:52.4774380Z Updating files:  73% (3610/4944)
2026-09-13T15:10:52.4797511Z Updating files:  74% (3659/4944)
2026-09-13T15:10:52.4829451Z Updating files:  75% (3708/4944)
2026-09-13T15:10:52.4871449Z Updating files:  76% (3758/4944)
2026-09-13T15:10:52.4913019Z Updating files:  77% (3807/4944)
2026-09-13T15:10:52.4955700Z Updating files:  78% (3857/4944)
2026-09-13T15:10:52.5032744Z Updating files:  79% (3906/4944)
2026-09-13T15:10:52.5052187Z Updating files:  80% (3956/4944)
2026-09-13T15:10:52.5121889Z Updating files:  81% (4005/4944)
2026-09-13T15:10:52.5349521Z Updating files:  82% (4055/4944)
2026-09-13T15:10:52.5508618Z Updating files:  83% (4104/4944)
2026-09-13T15:10:52.5911817Z Updating files:  84% (4153/4944)
2026-09-13T15:10:52.6075990Z Updating files:  85% (4203/4944)
2026-09-13T15:10:52.6129543Z Updating files:  86% (4252/4944)
2026-09-13T15:10:52.6201044Z Updating files:  87% (4302/4944)
2026-09-13T15:10:52.6239732Z Updating files:  88% (4351/4944)
2026-09-13T15:10:52.6251929Z Updating files:  89% (4401/4944)
2026-09-13T15:10:52.6271051Z Updating files:  90% (4450/4944)
2026-09-13T15:10:52.6315348Z Updating files:  91% (4500/4944)
2026-09-13T15:10:52.6336423Z Updating files:  92% (4549/4944)
2026-09-13T15:10:52.6359079Z Updating files:  93% (4598/4944)
2026-09-13T15:10:52.6383565Z Updating files:  94% (4648/4944)
2026-09-13T15:10:52.6418689Z Updating files:  95% (4697/4944)
2026-09-13T15:10:52.6456122Z Updating files:  96% (4747/4944)
2026-09-13T15:10:52.6483268Z Updating files:  97% (4796/4944)
2026-09-13T15:10:52.6516928Z Updating files:  98% (4846/4944)
2026-09-13T15:10:52.6541914Z Updating files:  99% (4895/4944)
2026-09-13T15:10:52.6546550Z Updating files: 100% (4944/4944)
2026-09-13T15:10:52.6547327Z Updating files: 100% (4944/4944), done.
2026-09-13T15:10:53.2479283Z Note: switching to '9f28f822110e187c22baf82391063c8b05c039c1'.
2026-09-13T15:10:53.2481864Z 
2026-09-13T15:10:53.2482563Z You are in 'detached HEAD' state. You can look around, make experimental
2026-09-13T15:10:53.2483609Z changes and commit them, and you can discard any commits you make in this
2026-09-13T15:10:53.2484562Z state without impacting any branches by switching back to a branch.
2026-09-13T15:10:53.2485163Z 
2026-09-13T15:10:53.2485627Z If you want to create a new branch to retain commits you create, you may
2026-09-13T15:10:53.2486521Z do so (now or later) by using -c with the switch command. Example:
2026-09-13T15:10:53.2487111Z 
2026-09-13T15:10:53.2487453Z   git switch -c <new-branch-name>
2026-09-13T15:10:53.2487902Z 
2026-09-13T15:10:53.2488244Z Or undo this operation with:
2026-09-13T15:10:53.2488657Z 
2026-09-13T15:10:53.2488817Z   git switch -
2026-09-13T15:10:53.2489017Z 
2026-09-13T15:10:53.2489360Z Turn off this advice by setting config variable advice.detachedHead to false
2026-09-13T15:10:53.2489847Z 
2026-09-13T15:10:53.2490402Z HEAD is now at 9f28f82 V7: close six Cell P1 gaps with inherited repairs and scoped evidence
2026-09-13T15:10:53.2826222Z ##[endgroup]
2026-09-13T15:10:53.8752685Z [command]/usr/bin/git log -1 --format=%H
2026-09-13T15:10:53.8763959Z 9f28f822110e187c22baf82391063c8b05c039c1
2026-09-13T15:10:53.8814803Z ##[group]Removing auth
2026-09-13T15:10:53.8815876Z [command]/usr/bin/git config --local --name-only --get-regexp core\.sshCommand
2026-09-13T15:10:53.8842101Z [command]/usr/bin/git submodule foreach --recursive sh -c "git config --local --name-only --get-regexp 'core\.sshCommand' && git config --local --unset-all 'core.sshCommand' || :"
2026-09-13T15:10:53.9204333Z [command]/usr/bin/git config --local --name-only --get-regexp http\.https\:\/\/github\.com\/\.extraheader
2026-09-13T15:10:53.9207518Z http.https://github.com/.extraheader
2026-09-13T15:10:53.9218275Z [command]/usr/bin/git config --local --unset-all http.https://github.com/.extraheader
2026-09-13T15:10:53.9668281Z [command]/usr/bin/git submodule foreach --recursive sh -c "git config --local --name-only --get-regexp 'http\.https\:\/\/github\.com\/\.extraheader' && git config --local --unset-all 'http.https://github.com/.extraheader' || :"
2026-09-13T15:10:53.9953395Z [command]/usr/bin/git config --local --name-only --get-regexp ^includeIf\.gitdir:
2026-09-13T15:10:53.9996088Z [command]/usr/bin/git submodule foreach --recursive git config --local --show-origin --name-only --get-regexp remote.origin.url
2026-09-13T15:10:54.0277978Z ##[endgroup]
2026-09-13T15:10:54.0565960Z Node 20 is being deprecated. This workflow is running with Node 24 by default. If you need to temporarily use Node 20, you can set the ACTIONS_ALLOW_USE_UNSECURE_NODE_VERSION=true environment variable. For more information see: https://github.blog/changelog/2025-09-19-deprecation-of-node-20-on-github-actions-runners/
2026-09-13T15:10:54.0567654Z ##[group]Run actions/setup-python@v5
2026-09-13T15:10:54.0567945Z with:
2026-09-13T15:10:54.0568198Z   python-version: 3.13.5
2026-09-13T15:10:54.0568457Z   check-latest: false
2026-09-13T15:10:54.0571814Z   token: ***
2026-09-13T15:10:54.0572064Z   update-environment: true
2026-09-13T15:10:54.0572338Z   allow-prereleases: false
2026-09-13T15:10:54.0572592Z   freethreaded: false
2026-09-13T15:10:54.0572830Z env:
2026-09-13T15:10:54.0573053Z   PYTHONDONTWRITEBYTECODE: 1
2026-09-13T15:10:54.0573312Z ##[endgroup]
2026-09-13T15:10:54.2088501Z ##[group]Installed versions
2026-09-13T15:10:54.2835699Z Version 3.13.5 was not found in the local cache
2026-09-13T15:10:54.2854133Z (node:2106) [DEP0040] DeprecationWarning: The `punycode` module is deprecated. Please use a userland alternative instead.
2026-09-13T15:10:54.2863511Z (Use `node --trace-deprecation ...` to show where the warning was created)
2026-09-13T15:10:54.9606751Z Version 3.13.5 is available for downloading
2026-09-13T15:10:54.9608900Z Download from "https://github.com/actions/python-versions/releases/download/3.13.5-15601068749/python-3.13.5-linux-24.04-x64.tar.gz"
2026-09-13T15:10:56.0347382Z Extract downloaded archive
2026-09-13T15:10:56.0506708Z [command]/usr/bin/tar xz --warning=no-unknown-keyword --overwrite -C /home/runner/work/_temp/12c49a27-c6fd-4068-abdc-4ea5f42c9936 -f /home/runner/work/_temp/b47d7084-c4d5-4e0d-aa62-63ef3b09f235
2026-09-13T15:10:58.6428434Z Execute installation script
2026-09-13T15:10:58.6561211Z Check if Python hostedtoolcache folder exist...
2026-09-13T15:10:58.6562223Z Create Python 3.13.5 folder
2026-09-13T15:10:58.6591531Z Copy Python binaries to hostedtoolcache folder
2026-09-13T15:10:59.2172582Z Create additional symlinks (Required for the UsePythonVersion Azure Pipelines task and the setup-python GitHub Action)
2026-09-13T15:10:59.2281137Z Upgrading pip...
2026-09-13T15:11:01.7888838Z Looking in links: /tmp/tmp8s10n68o
2026-09-13T15:11:01.7896125Z Requirement already satisfied: pip in /opt/hostedtoolcache/Python/3.13.5/x64/lib/python3.13/site-packages (25.1.1)
2026-09-13T15:11:03.4039870Z Collecting pip
2026-09-13T15:11:03.5007791Z Downloading pip-26.2.1-py3-none-any.whl.metadata (4.6 kB)
2026-09-13T15:11:03.5108466Z Downloading pip-26.2.1-py3-none-any.whl (1.8 MB)
2026-09-13T15:11:03.5413502Z ━━━━━━━━━━━━━━━━━━━━━━━━━━━━━━━━━━━━━━━━ 1.8/1.8 MB 130.5 MB/s eta 0:00:00
2026-09-13T15:11:03.5431838Z 
2026-09-13T15:11:03.5613793Z Installing collected packages: pip
2026-09-13T15:11:03.5616236Z Attempting uninstall: pip
2026-09-13T15:11:03.5645860Z Found existing installation: pip 25.1.1
2026-09-13T15:11:03.5964983Z Uninstalling pip-25.1.1:
2026-09-13T15:11:03.6021214Z Successfully uninstalled pip-25.1.1
2026-09-13T15:11:04.5541552Z Successfully installed pip-26.2.1
2026-09-13T15:11:04.6255371Z Create complete file
2026-09-13T15:11:04.6296100Z Successfully set up CPython (3.13.5)
2026-09-13T15:11:04.6297909Z ##[endgroup]
2026-09-13T15:11:04.6567758Z Node 20 is being deprecated. This workflow is running with Node 24 by default. If you need to temporarily use Node 20, you can set the ACTIONS_ALLOW_USE_UNSECURE_NODE_VERSION=true environment variable. For more information see: https://github.blog/changelog/2025-09-19-deprecation-of-node-20-on-github-actions-runners/
2026-09-13T15:11:04.6568993Z ##[group]Run actions/setup-node@v4
2026-09-13T15:11:04.6569265Z with:
2026-09-13T15:11:04.6569485Z   node-version: 22.22.0
2026-09-13T15:11:04.6569730Z   always-auth: false
2026-09-13T15:11:04.6569974Z   check-latest: false
2026-09-13T15:11:04.6573209Z   token: ***
2026-09-13T15:11:04.6573425Z env:
2026-09-13T15:11:04.6573652Z   PYTHONDONTWRITEBYTECODE: 1
2026-09-13T15:11:04.6574010Z   pythonLocation: /opt/hostedtoolcache/Python/3.13.5/x64
2026-09-13T15:11:04.6574486Z   PKG_CONFIG_PATH: /opt/hostedtoolcache/Python/3.13.5/x64/lib/pkgconfig
2026-09-13T15:11:04.6574941Z   Python_ROOT_DIR: /opt/hostedtoolcache/Python/3.13.5/x64
2026-09-13T15:11:04.6575386Z   Python2_ROOT_DIR: /opt/hostedtoolcache/Python/3.13.5/x64
2026-09-13T15:11:04.6575775Z   Python3_ROOT_DIR: /opt/hostedtoolcache/Python/3.13.5/x64
2026-09-13T15:11:04.6576155Z   LD_LIBRARY_PATH: /opt/hostedtoolcache/Python/3.13.5/x64/lib
2026-09-13T15:11:04.6576493Z ##[endgroup]
2026-09-13T15:11:04.8119825Z Attempting to download 22.22.0...
2026-09-13T15:11:04.8233720Z (node:2181) [DEP0040] DeprecationWarning: The `punycode` module is deprecated. Please use a userland alternative instead.
2026-09-13T15:11:04.8241506Z (Use `node --trace-deprecation ...` to show where the warning was created)
2026-09-13T15:11:05.4768471Z Acquiring 22.22.0 - x64 from https://github.com/actions/node-versions/releases/download/22.22.0-20981702931/node-22.22.0-linux-x64.tar.gz
2026-09-13T15:11:06.0476092Z Extracting ...
2026-09-13T15:11:06.0732552Z [command]/usr/bin/tar xz --strip 1 --warning=no-unknown-keyword --overwrite -C /home/runner/work/_temp/e6d93bbe-8304-4012-aad3-5b5d1c309ea0 -f /home/runner/work/_temp/6c1bae98-a4d1-4c01-ae80-a861307e421b
2026-09-13T15:11:07.5632005Z Adding to the cache ...
2026-09-13T15:11:09.9328067Z ##[group]Environment details
2026-09-13T15:11:10.2015022Z node: v22.22.0
2026-09-13T15:11:10.2015850Z npm: 10.9.4
2026-09-13T15:11:10.2016472Z yarn: 1.22.22
2026-09-13T15:11:10.2017301Z ##[endgroup]
2026-09-13T15:11:10.2215847Z ##[group]Run python ci/retention/verify_source.py "$RUNNER_TEMP/evidence/source"
2026-09-13T15:11:10.2216499Z [36;1mpython ci/retention/verify_source.py "$RUNNER_TEMP/evidence/source"[0m
2026-09-13T15:11:10.2217137Z [36;1mpython ci/retention/verify_alignment.py "$RUNNER_TEMP/evidence/source/ALIGNMENT_RESULT.json"[0m
2026-09-13T15:11:10.2264990Z shell: /usr/bin/bash --noprofile --norc -e -o pipefail {0}
2026-09-13T15:11:10.2288752Z env:
2026-09-13T15:11:10.2289099Z   PYTHONDONTWRITEBYTECODE: 1
2026-09-13T15:11:10.2289568Z   pythonLocation: /opt/hostedtoolcache/Python/3.13.5/x64
2026-09-13T15:11:10.2290452Z   PKG_CONFIG_PATH: /opt/hostedtoolcache/Python/3.13.5/x64/lib/pkgconfig
2026-09-13T15:11:10.2291121Z   Python_ROOT_DIR: /opt/hostedtoolcache/Python/3.13.5/x64
2026-09-13T15:11:10.2291697Z   Python2_ROOT_DIR: /opt/hostedtoolcache/Python/3.13.5/x64
2026-09-13T15:11:10.2292279Z   Python3_ROOT_DIR: /opt/hostedtoolcache/Python/3.13.5/x64
2026-09-13T15:11:10.2292929Z   LD_LIBRARY_PATH: /opt/hostedtoolcache/Python/3.13.5/x64/lib
2026-09-13T15:11:10.2293467Z ##[endgroup]
2026-09-13T15:11:10.4938864Z {"source_files": 1332, "source_tree_sha256": "20b8b9b547636b47ab627f2adf8adc562deb01e07bce224e4705e838c92e7eb2", "unchanged_parent_files": 1188, "new_files": 61, "repaired_existing_files": 83, "compatibility_files_unchanged": 19, "checkpoint_commit": "9f28f822110e187c22baf82391063c8b05c039c1", "byte_retention": "PASS", "full_feature_retention": "HOLD_APPROVAL_BLOCKED_PROVIDER_GUARD", "deployment": "NOT_RUN", "production": "HOLD"}
2026-09-13T15:11:10.7943464Z {"commit": "9f28f822110e187c22baf82391063c8b05c039c1", "application_tree": "b9aee82e8c3932a540349b1f62b714c5ea52e837", "selected_source_files": 1332, "retained_baseline_files": 1300, "registered_acceptance_repairs": 105, "selection_counts": {"BOTH": 1264, "PR47": 35, "PR48": 1}, "pr47_application_changes": ["application/frontend/shared/app.js"], "archived_tooling_files": 8, "alignment": "PASS", "historical_pass_transferred": false, "full_three_end_ux": "HOLD", "six_vertical_closed_loop": "HOLD", "sealed_node": "HOLD", "final_release": "HOLD"}
2026-09-13T15:11:10.8070366Z ##[group]Run python ci/retention/dependencies.py --repository . --output "$RUNNER_TEMP/frozen"
2026-09-13T15:11:10.8071169Z [36;1mpython ci/retention/dependencies.py --repository . --output "$RUNNER_TEMP/frozen"[0m
2026-09-13T15:11:10.8071916Z [36;1mpython -m pip install --no-index --find-links "$RUNNER_TEMP/frozen/wheelhouse" -r ci/retention/requirements.lock[0m
2026-09-13T15:11:10.8113309Z shell: /usr/bin/bash --noprofile --norc -e -o pipefail {0}
2026-09-13T15:11:10.8113679Z env:
2026-09-13T15:11:10.8113931Z   PYTHONDONTWRITEBYTECODE: 1
2026-09-13T15:11:10.8114264Z   pythonLocation: /opt/hostedtoolcache/Python/3.13.5/x64
2026-09-13T15:11:10.8114704Z   PKG_CONFIG_PATH: /opt/hostedtoolcache/Python/3.13.5/x64/lib/pkgconfig
2026-09-13T15:11:10.8115138Z   Python_ROOT_DIR: /opt/hostedtoolcache/Python/3.13.5/x64
2026-09-13T15:11:10.8115516Z   Python2_ROOT_DIR: /opt/hostedtoolcache/Python/3.13.5/x64
2026-09-13T15:11:10.8115957Z   Python3_ROOT_DIR: /opt/hostedtoolcache/Python/3.13.5/x64
2026-09-13T15:11:10.8116356Z   LD_LIBRARY_PATH: /opt/hostedtoolcache/Python/3.13.5/x64/lib
2026-09-13T15:11:10.8116695Z ##[endgroup]
2026-09-13T15:11:11.1931460Z {"archive_sha256": "b13a76ab9351f81da70e8e2c8873c20141abe953cd3f96aeb181ef86a34b58dd", "verified_wheels": 37, "source": "pinned GO repository ci/dependency_parts only", "application_source_restored": false}
2026-09-13T15:11:12.1042550Z Looking in links: /home/runner/work/_temp/frozen/wheelhouse
2026-09-13T15:11:12.1133809Z Processing /home/runner/work/_temp/frozen/wheelhouse/alembic-1.16.5-py3-none-any.whl (from -r ci/retention/requirements.lock (line 1))
2026-09-13T15:11:12.1209822Z Processing /home/runner/work/_temp/frozen/wheelhouse/annotated_doc-0.0.4-py3-none-any.whl (from -r ci/retention/requirements.lock (line 2))
2026-09-13T15:11:12.1237981Z Processing /home/runner/work/_temp/frozen/wheelhouse/annotated_types-0.7.0-py3-none-any.whl (from -r ci/retention/requirements.lock (line 3))
2026-09-13T15:11:12.1268335Z Processing /home/runner/work/_temp/frozen/wheelhouse/anyio-4.13.0-py3-none-any.whl (from -r ci/retention/requirements.lock (line 4))
2026-09-13T15:11:12.1304112Z Processing /home/runner/work/_temp/frozen/wheelhouse/certifi-2026.5.20-py3-none-any.whl (from -r ci/retention/requirements.lock (line 5))
2026-09-13T15:11:12.1328499Z Processing /home/runner/work/_temp/frozen/wheelhouse/cffi-2.0.0-cp313-cp313-manylinux_2_17_x86_64.whl (from -r ci/retention/requirements.lock (line 6))
2026-09-13T15:11:12.1355606Z Processing /home/runner/work/_temp/frozen/wheelhouse/click-8.5.0-py3-none-any.whl (from -r ci/retention/requirements.lock (line 7))
2026-09-13T15:11:12.1380784Z Processing /home/runner/work/_temp/frozen/wheelhouse/cryptography-46.0.4-cp311-abi3-manylinux_2_34_x86_64.whl (from -r ci/retention/requirements.lock (line 8))
2026-09-13T15:11:12.1473053Z Processing /home/runner/work/_temp/frozen/wheelhouse/fastapi-0.128.2-py3-none-any.whl (from -r ci/retention/requirements.lock (line 9))
2026-09-13T15:11:12.1532457Z Processing /home/runner/work/_temp/frozen/wheelhouse/greenlet-3.5.1-cp313-cp313-manylinux_2_24_x86_64.whl (from -r ci/retention/requirements.lock (line 10))
2026-09-13T15:11:12.1570662Z Processing /home/runner/work/_temp/frozen/wheelhouse/h11-0.16.0-py3-none-any.whl (from -r ci/retention/requirements.lock (line 11))
2026-09-13T15:11:12.1599383Z Processing /home/runner/work/_temp/frozen/wheelhouse/httpcore-1.0.9-py3-none-any.whl (from -r ci/retention/requirements.lock (line 12))
2026-09-13T15:11:12.1637564Z Processing /home/runner/work/_temp/frozen/wheelhouse/httpx-0.28.1-py3-none-any.whl (from -r ci/retention/requirements.lock (line 13))
2026-09-13T15:11:12.1670716Z Processing /home/runner/work/_temp/frozen/wheelhouse/idna-3.17-py3-none-any.whl (from -r ci/retention/requirements.lock (line 14))
2026-09-13T15:11:12.1700068Z Processing /home/runner/work/_temp/frozen/wheelhouse/iniconfig-2.3.0-py3-none-any.whl (from -r ci/retention/requirements.lock (line 15))
2026-09-13T15:11:12.1724512Z Processing /home/runner/work/_temp/frozen/wheelhouse/mako-1.3.10-py3-none-any.whl (from -r ci/retention/requirements.lock (line 16))
2026-09-13T15:11:12.1752204Z Processing /home/runner/work/_temp/frozen/wheelhouse/markupsafe-3.0.3-cp313-cp313-manylinux2014_x86_64.manylinux_2_17_x86_64.manylinux_2_28_x86_64.whl (from -r ci/retention/requirements.lock (line 17))
2026-09-13T15:11:12.1775471Z Processing /home/runner/work/_temp/frozen/wheelhouse/packaging-25.0-py3-none-any.whl (from -r ci/retention/requirements.lock (line 18))
2026-09-13T15:11:12.1803151Z Processing /home/runner/work/_temp/frozen/wheelhouse/pillow-12.3.0-cp313-cp313-manylinux_2_27_x86_64.whl (from -r ci/retention/requirements.lock (line 19))
2026-09-13T15:11:12.1918043Z Processing /home/runner/work/_temp/frozen/wheelhouse/pluggy-1.6.0-py3-none-any.whl (from -r ci/retention/requirements.lock (line 20))
2026-09-13T15:11:12.1959420Z Processing /home/runner/work/_temp/frozen/wheelhouse/psycopg_binary-3.2.10-cp313-cp313-manylinux2014_x86_64.manylinux_2_17_x86_64.whl (from -r ci/retention/requirements.lock (line 21))
2026-09-13T15:11:12.2035837Z Processing /home/runner/work/_temp/frozen/wheelhouse/psycopg-3.2.10-py3-none-any.whl (from -r ci/retention/requirements.lock (line 22))
2026-09-13T15:11:12.2086845Z Processing /home/runner/work/_temp/frozen/wheelhouse/pycparser-3.0-py3-none-any.whl (from -r ci/retention/requirements.lock (line 23))
2026-09-13T15:11:12.2113501Z Processing /home/runner/work/_temp/frozen/wheelhouse/pydantic_settings-2.14.1-py3-none-any.whl (from -r ci/retention/requirements.lock (line 24))
2026-09-13T15:11:12.2147328Z Processing /home/runner/work/_temp/frozen/wheelhouse/pydantic-2.13.4-py3-none-any.whl (from -r ci/retention/requirements.lock (line 25))
2026-09-13T15:11:12.2272424Z Processing /home/runner/work/_temp/frozen/wheelhouse/pydantic_core-2.46.4-cp313-cp313-manylinux_2_17_x86_64.whl (from -r ci/retention/requirements.lock (line 26))
2026-09-13T15:11:12.2324071Z Processing /home/runner/work/_temp/frozen/wheelhouse/Pygments-2.20.0-py3-none-any.whl (from -r ci/retention/requirements.lock (line 27))
2026-09-13T15:11:12.2421882Z Processing /home/runner/work/_temp/frozen/wheelhouse/PyJWT-2.13.0-py3-none-any.whl (from -r ci/retention/requirements.lock (line 28))
2026-09-13T15:11:12.2449346Z Processing /home/runner/work/_temp/frozen/wheelhouse/pytest_asyncio-1.3.0-py3-none-any.whl (from -r ci/retention/requirements.lock (line 29))
2026-09-13T15:11:12.2480309Z Processing /home/runner/work/_temp/frozen/wheelhouse/pytest-9.0.2-py3-none-any.whl (from -r ci/retention/requirements.lock (line 30))
2026-09-13T15:11:12.2534584Z Processing /home/runner/work/_temp/frozen/wheelhouse/python_dotenv-1.2.2-py3-none-any.whl (from -r ci/retention/requirements.lock (line 31))
2026-09-13T15:11:12.2573511Z Processing /home/runner/work/_temp/frozen/wheelhouse/redis-5.2.1-py3-none-any.whl (from -r ci/retention/requirements.lock (line 32))
2026-09-13T15:11:12.2608145Z Processing /home/runner/work/_temp/frozen/wheelhouse/SQLAlchemy-2.0.50-cp313-cp313-manylinux_2_17_x86_64.whl (from -r ci/retention/requirements.lock (line 33))
2026-09-13T15:11:12.2763838Z Processing /home/runner/work/_temp/frozen/wheelhouse/starlette-0.50.0-py3-none-any.whl (from -r ci/retention/requirements.lock (line 34))
2026-09-13T15:11:12.2801993Z Processing /home/runner/work/_temp/frozen/wheelhouse/typing_inspection-0.4.2-py3-none-any.whl (from -r ci/retention/requirements.lock (line 35))
2026-09-13T15:11:12.2826520Z Processing /home/runner/work/_temp/frozen/wheelhouse/typing_extensions-4.16.0-py3-none-any.whl (from -r ci/retention/requirements.lock (line 36))
2026-09-13T15:11:12.2852092Z Processing /home/runner/work/_temp/frozen/wheelhouse/uvicorn-0.35.0-py3-none-any.whl (from -r ci/retention/requirements.lock (line 37))
2026-09-13T15:11:12.4100953Z Installing collected packages: typing_extensions, redis, python-dotenv, PyJWT, Pygments, pycparser, psycopg-binary, psycopg, pluggy, Pillow, packaging, MarkupSafe, iniconfig, idna, h11, greenlet, click, certifi, annotated-types, annotated-doc, uvicorn, typing-inspection, SQLAlchemy, pytest, pydantic_core, Mako, httpcore, cffi, anyio, starlette, pytest-asyncio, pydantic, httpx, cryptography, alembic, pydantic-settings, fastapi
2026-09-13T15:11:17.7070973Z 
2026-09-13T15:11:17.7115786Z Successfully installed Mako-1.3.10 MarkupSafe-3.0.3 Pillow-12.3.0 PyJWT-2.13.0 Pygments-2.20.0 SQLAlchemy-2.0.50 alembic-1.16.5 annotated-doc-0.0.4 annotated-types-0.7.0 anyio-4.13.0 certifi-2026.5.20 cffi-2.0.0 click-8.5.0 cryptography-46.0.4 fastapi-0.128.2 greenlet-3.5.1 h11-0.16.0 httpcore-1.0.9 httpx-0.28.1 idna-3.17 iniconfig-2.3.0 packaging-25.0 pluggy-1.6.0 psycopg-3.2.10 psycopg-binary-3.2.10 pycparser-3.0 pydantic-2.13.4 pydantic-settings-2.14.1 pydantic_core-2.46.4 pytest-9.0.2 pytest-asyncio-1.3.0 python-dotenv-1.2.2 redis-5.2.1 starlette-0.50.0 typing-inspection-0.4.2 typing_extensions-4.16.0 uvicorn-0.35.0
2026-09-13T15:11:17.7927327Z ##[group]Run export GO_NATIVE_NODE="$(command -v node)"
2026-09-13T15:11:17.7927796Z [36;1mexport GO_NATIVE_NODE="$(command -v node)"[0m
2026-09-13T15:11:17.7928302Z [36;1mpython ci/retention/run_suite.py --shard 1 --evidence "$RUNNER_TEMP/evidence/tests"[0m
2026-09-13T15:11:17.7969391Z shell: /usr/bin/bash --noprofile --norc -e -o pipefail {0}
2026-09-13T15:11:17.7969767Z env:
2026-09-13T15:11:17.7970006Z   PYTHONDONTWRITEBYTECODE: 1
2026-09-13T15:11:17.7970681Z   pythonLocation: /opt/hostedtoolcache/Python/3.13.5/x64
2026-09-13T15:11:17.7971142Z   PKG_CONFIG_PATH: /opt/hostedtoolcache/Python/3.13.5/x64/lib/pkgconfig
2026-09-13T15:11:17.7971579Z   Python_ROOT_DIR: /opt/hostedtoolcache/Python/3.13.5/x64
2026-09-13T15:11:17.7972190Z   Python2_ROOT_DIR: /opt/hostedtoolcache/Python/3.13.5/x64
2026-09-13T15:11:17.7972578Z   Python3_ROOT_DIR: /opt/hostedtoolcache/Python/3.13.5/x64
2026-09-13T15:11:17.7972967Z   LD_LIBRARY_PATH: /opt/hostedtoolcache/Python/3.13.5/x64/lib
2026-09-13T15:11:17.7973369Z ##[endgroup]
2026-09-13T15:17:16.2470495Z ........................................................................ [ 13%]
2026-09-13T15:17:16.2471640Z ........................................................................ [ 27%]
2026-09-13T15:17:16.2472613Z ........................................................................ [ 41%]
2026-09-13T15:17:16.2473488Z ........................................................................ [ 55%]
2026-09-13T15:17:16.2474349Z ........................................................................ [ 69%]
2026-09-13T15:17:16.2475206Z ........................................................................ [ 83%]
2026-09-13T15:17:16.2476081Z ........................................................................ [ 97%]
2026-09-13T15:17:16.2476973Z ..............                                                           [100%]
2026-09-13T15:17:16.2477818Z =============================== warnings summary ===============================
2026-09-13T15:17:16.2478665Z tests/test_depth09_hotel_replication.py: 175 warnings
2026-09-13T15:17:16.2479674Z tests/test_v61_media_harvester_rights_gate.py: 5 warnings
2026-09-13T15:17:16.2482034Z   /home/runner/work/GO/GO/application/src/go_hotel/services/media_harvester.py:79: DeprecationWarning: Image.Image.getdata is deprecated and will be removed in Pillow 14 (2027-10-15). Use get_flattened_data instead.
2026-09-13T15:17:16.2483496Z     px=list(g.getdata())
2026-09-13T15:17:16.2483884Z 
2026-09-13T15:17:16.2484324Z tests/test_depth19_api_migration.py: 5 warnings
2026-09-13T15:17:16.2485055Z tests/test_depth23_capacity.py: 5 warnings
2026-09-13T15:17:16.2487176Z   /opt/hostedtoolcache/Python/3.13.5/x64/lib/python3.13/site-packages/alembic/config.py:598: DeprecationWarning: No path_separator found in configuration; falling back to legacy splitting on spaces, commas, and colons for prepend_sys_path.  Consider adding path_separator=os to Alembic config.
2026-09-13T15:17:16.2489066Z     util.warn_deprecated(
2026-09-13T15:17:16.2489458Z 
2026-09-13T15:17:16.2490434Z -- Docs: https://docs.pytest.org/en/stable/how-to/capture-warnings.html
2026-09-13T15:17:16.2491339Z 518 passed, 190 warnings in 352.07s (0:05:52)
2026-09-13T15:17:16.2491785Z 
2026-09-13T15:17:16.2492889Z {"exit_code": 0, "selected_files": 63, "shard": 1, "real_providers": "NOT_RUN", "hong_kong": "NOT_ACCESSED", "tests": 518, "failures": 0, "errors": 0, "skipped": 0, "passed": 518}
2026-09-13T15:17:16.2627379Z Node 20 is being deprecated. This workflow is running with Node 24 by default. If you need to temporarily use Node 20, you can set the ACTIONS_ALLOW_USE_UNSECURE_NODE_VERSION=true environment variable. For more information see: https://github.blog/changelog/2025-09-19-deprecation-of-node-20-on-github-actions-runners/
2026-09-13T15:17:16.2628626Z ##[group]Run actions/upload-artifact@v4
2026-09-13T15:17:16.2628915Z with:
2026-09-13T15:17:16.2629293Z   name: canonical-retention-shard-1-9f28f822110e187c22baf82391063c8b05c039c1
2026-09-13T15:17:16.2629742Z   path: /home/runner/work/_temp/evidence
2026-09-13T15:17:16.2630035Z   if-no-files-found: error
2026-09-13T15:17:16.2630566Z   compression-level: 6
2026-09-13T15:17:16.2630802Z   overwrite: false
2026-09-13T15:17:16.2631038Z   include-hidden-files: false
2026-09-13T15:17:16.2631291Z env:
2026-09-13T15:17:16.2631508Z   PYTHONDONTWRITEBYTECODE: 1
2026-09-13T15:17:16.2631827Z   pythonLocation: /opt/hostedtoolcache/Python/3.13.5/x64
2026-09-13T15:17:16.2632298Z   PKG_CONFIG_PATH: /opt/hostedtoolcache/Python/3.13.5/x64/lib/pkgconfig
2026-09-13T15:17:16.2632725Z   Python_ROOT_DIR: /opt/hostedtoolcache/Python/3.13.5/x64
2026-09-13T15:17:16.2633108Z   Python2_ROOT_DIR: /opt/hostedtoolcache/Python/3.13.5/x64
2026-09-13T15:17:16.2633485Z   Python3_ROOT_DIR: /opt/hostedtoolcache/Python/3.13.5/x64
2026-09-13T15:17:16.2634074Z   LD_LIBRARY_PATH: /opt/hostedtoolcache/Python/3.13.5/x64/lib
2026-09-13T15:17:16.2634408Z ##[endgroup]
2026-09-13T15:17:16.4435097Z (node:3222) [DEP0040] DeprecationWarning: The `punycode` module is deprecated. Please use a userland alternative instead.
2026-09-13T15:17:16.4436728Z (Use `node --trace-deprecation ...` to show where the warning was created)
2026-09-13T15:17:16.4861165Z With the provided path, there will be 7 files uploaded
2026-09-13T15:17:16.4900841Z Artifact name is valid!
2026-09-13T15:17:16.4937391Z Root directory input is valid!
2026-09-13T15:17:16.7121245Z Beginning upload of artifact content to blob storage
2026-09-13T15:17:16.7553949Z (node:3222) [DEP0169] DeprecationWarning: `url.parse()` behavior is not standardized and prone to errors that have security implications. Use the WHATWG URL API instead. CVEs are not issued for `url.parse()` vulnerabilities.
2026-09-13T15:17:16.9064286Z Uploaded bytes 81787
2026-09-13T15:17:16.9437209Z Finished uploading artifact content to blob storage!
2026-09-13T15:17:16.9462091Z SHA256 digest of uploaded artifact zip is 7abd8b5a19eb963ba0b01baaab5dd4d8f19feb28a24e931aff2419963f461bdf
2026-09-13T15:17:16.9471140Z Finalizing artifact upload
2026-09-13T15:17:17.1895091Z Artifact canonical-retention-shard-1-9f28f822110e187c22baf82391063c8b05c039c1.zip successfully finalized. Artifact ID 10320605742
2026-09-13T15:17:17.1897482Z Artifact canonical-retention-shard-1-9f28f822110e187c22baf82391063c8b05c039c1 has been successfully uploaded! Final size is 81787 bytes. Artifact ID is 10320605742
2026-09-13T15:17:17.1899782Z Artifact download URL: https://github.com/yuguangzhi3836-glitch/GO/actions/runs/34764800483/artifacts/10320605742
2026-09-13T15:17:17.2089256Z Node 20 is being deprecated. This workflow is running with Node 24 by default. If you need to temporarily use Node 20, you can set the ACTIONS_ALLOW_USE_UNSECURE_NODE_VERSION=true environment variable. For more information see: https://github.blog/changelog/2025-09-19-deprecation-of-node-20-on-github-actions-runners/
2026-09-13T15:17:17.2090785Z Post job cleanup.
2026-09-13T15:17:17.3413058Z (node:3235) [DEP0040] DeprecationWarning: The `punycode` module is deprecated. Please use a userland alternative instead.
2026-09-13T15:17:17.3414678Z (Use `node --trace-deprecation ...` to show where the warning was created)
2026-09-13T15:17:17.3640585Z Node 20 is being deprecated. This workflow is running with Node 24 by default. If you need to temporarily use Node 20, you can set the ACTIONS_ALLOW_USE_UNSECURE_NODE_VERSION=true environment variable. For more information see: https://github.blog/changelog/2025-09-19-deprecation-of-node-20-on-github-actions-runners/
2026-09-13T15:17:17.3642648Z Post job cleanup.
2026-09-13T15:17:17.5362559Z (node:3243) [DEP0040] DeprecationWarning: The `punycode` module is deprecated. Please use a userland alternative instead.
2026-09-13T15:17:17.5371880Z (Use `node --trace-deprecation ...` to show where the warning was created)
2026-09-13T15:17:17.5682126Z Node 20 is being deprecated. This workflow is running with Node 24 by default. If you need to temporarily use Node 20, you can set the ACTIONS_ALLOW_USE_UNSECURE_NODE_VERSION=true environment variable. For more information see: https://github.blog/changelog/2025-09-19-deprecation-of-node-20-on-github-actions-runners/
2026-09-13T15:17:17.5684052Z Post job cleanup.
2026-09-13T15:17:17.6891611Z [command]/usr/bin/git version
2026-09-13T15:17:17.6968932Z git version 2.55.0
2026-09-13T15:17:17.7072350Z Temporarily overriding HOME='/home/runner/work/_temp/57ae9a83-63ed-456e-9551-e03cd85e618d' before making global git config changes
2026-09-13T15:17:17.7109977Z Adding repository directory to the temporary git global config as a safe directory
2026-09-13T15:17:17.7133267Z [command]/usr/bin/git config --global --add safe.directory /home/runner/work/GO/GO
2026-09-13T15:17:17.7177313Z [command]/usr/bin/git config --local --name-only --get-regexp core\.sshCommand
2026-09-13T15:17:17.7212337Z [command]/usr/bin/git submodule foreach --recursive sh -c "git config --local --name-only --get-regexp 'core\.sshCommand' && git config --local --unset-all 'core.sshCommand' || :"
2026-09-13T15:17:17.7598534Z [command]/usr/bin/git config --local --name-only --get-regexp http\.https\:\/\/github\.com\/\.extraheader
2026-09-13T15:17:17.7665697Z [command]/usr/bin/git submodule foreach --recursive sh -c "git config --local --name-only --get-regexp 'http\.https\:\/\/github\.com\/\.extraheader' && git config --local --unset-all 'http.https://github.com/.extraheader' || :"
2026-09-13T15:17:17.8078250Z [command]/usr/bin/git config --local --name-only --get-regexp ^includeIf\.gitdir:
2026-09-13T15:17:17.8157937Z [command]/usr/bin/git submodule foreach --recursive git config --local --show-origin --name-only --get-regexp remote.origin.url
2026-09-13T15:17:17.8764162Z Cleaning up orphan processes
2026-09-13T15:17:17.9041860Z ##[warning]Node.js 20 is deprecated. The following actions target Node.js 20 but are being forced to run on Node.js 24: actions/checkout@v4, actions/setup-node@v4, actions/setup-python@v5, actions/upload-artifact@v4. For more information see: https://github.blog/changelog/2025-09-19-deprecation-of-node-20-on-github-actions-runners/
