2026-09-13T20:46:59.7663616Z Current runner version: '2.337.0'
2026-09-13T20:46:59.7691483Z ##[group]Runner Image Provisioner
2026-09-13T20:46:59.7692664Z Hosted Compute Agent
2026-09-13T20:46:59.7693398Z Version: 20260828.587
2026-09-13T20:46:59.7694170Z Commit: abac92662cab4cc7352de4f9f9d2e2419aad9c29
2026-09-13T20:46:59.7695141Z Build Date: 2026-08-28T16:44:25Z
2026-09-13T20:46:59.7696138Z Worker ID: {4e837e5b-0e7f-4b62-8e1e-963ea80cedda}
2026-09-13T20:46:59.7697044Z Azure Region: mexicocentral
2026-09-13T20:46:59.7697878Z ##[endgroup]
2026-09-13T20:46:59.7699524Z ##[group]Operating System
2026-09-13T20:46:59.7700339Z Ubuntu
2026-09-13T20:46:59.7701084Z 24.04.5
2026-09-13T20:46:59.7701784Z LTS
2026-09-13T20:46:59.7702548Z ##[endgroup]
2026-09-13T20:46:59.7703250Z ##[group]Runner Image
2026-09-13T20:46:59.7704070Z Image: ubuntu-24.04
2026-09-13T20:46:59.7704772Z Version: 20260907.300.1
2026-09-13T20:46:59.7706711Z Included Software: https://github.com/actions/runner-images/blob/ubuntu24/20260907.300/images/ubuntu/Ubuntu2404-Readme.md
2026-09-13T20:46:59.7708740Z Image Release: https://github.com/actions/runner-images/releases/tag/ubuntu24%2F20260907.300
2026-09-13T20:46:59.7710042Z ##[endgroup]
2026-09-13T20:46:59.7711470Z ##[group]GITHUB_TOKEN Permissions
2026-09-13T20:46:59.7713631Z Contents: read
2026-09-13T20:46:59.7714369Z Metadata: read
2026-09-13T20:46:59.7715045Z ##[endgroup]
2026-09-13T20:46:59.7717671Z Secret source: Actions
2026-09-13T20:46:59.7718859Z Cache mode: write
2026-09-13T20:46:59.7719791Z Prepare workflow directory
2026-09-13T20:46:59.8221276Z Prepare all required actions
2026-09-13T20:46:59.8276383Z Getting action download info
2026-09-13T20:47:00.1638320Z Download action repository 'actions/checkout@v4' (SHA:11d5960a326750d5838078e36cf38b85af677262)
2026-09-13T20:47:00.2933265Z Download action repository 'actions/setup-python@v5' (SHA:a26af69be951a213d495a4c3e4e4022e16d87065)
2026-09-13T20:47:00.4486580Z Download action repository 'actions/setup-node@v4' (SHA:49933ea5288caeca8642d1e84afbd3f7d6820020)
2026-09-13T20:47:00.6607306Z Download action repository 'actions/upload-artifact@v4' (SHA:ea165f8d65b6e75b540449e92b4886f43607fa02)
2026-09-13T20:47:00.9757297Z Complete job name: regression (3)
2026-09-13T20:47:01.0354287Z Node 20 is being deprecated. This workflow is running with Node 24 by default. If you need to temporarily use Node 20, you can set the ACTIONS_ALLOW_USE_UNSECURE_NODE_VERSION=true environment variable. For more information see: https://github.blog/changelog/2025-09-19-deprecation-of-node-20-on-github-actions-runners/
2026-09-13T20:47:01.0361437Z ##[group]Run actions/checkout@v4
2026-09-13T20:47:01.0362043Z with:
2026-09-13T20:47:01.0362419Z   ref: ddd2b9d82d560ba2657a7904f061fb20196d5924
2026-09-13T20:47:01.0362905Z   persist-credentials: false
2026-09-13T20:47:01.0363339Z   repository: yuguangzhi3836-glitch/GO
2026-09-13T20:47:01.0366580Z   token: ***
2026-09-13T20:47:01.0366920Z   ssh-strict: true
2026-09-13T20:47:01.0367283Z   ssh-user: git
2026-09-13T20:47:01.0367624Z   clean: true
2026-09-13T20:47:01.0368009Z   sparse-checkout-cone-mode: true
2026-09-13T20:47:01.0368417Z   fetch-depth: 1
2026-09-13T20:47:01.0368768Z   fetch-tags: false
2026-09-13T20:47:01.0369172Z   show-progress: true
2026-09-13T20:47:01.0369526Z   lfs: false
2026-09-13T20:47:01.0369848Z   submodules: false
2026-09-13T20:47:01.0370202Z   set-safe-directory: true
2026-09-13T20:47:01.0370600Z   allow-unsafe-pr-checkout: false
2026-09-13T20:47:01.0371163Z env:
2026-09-13T20:47:01.0371506Z   PYTHONDONTWRITEBYTECODE: 1
2026-09-13T20:47:01.0371897Z ##[endgroup]
2026-09-13T20:47:01.1362001Z Syncing repository: yuguangzhi3836-glitch/GO
2026-09-13T20:47:01.1366773Z ##[group]Getting Git version info
2026-09-13T20:47:01.1367540Z Working directory is '/home/runner/work/GO/GO'
2026-09-13T20:47:01.1368653Z [command]/usr/bin/git version
2026-09-13T20:47:01.1449160Z git version 2.55.0
2026-09-13T20:47:01.1476945Z ##[endgroup]
2026-09-13T20:47:01.1482468Z Temporarily overriding HOME='/home/runner/work/_temp/a9d3cb83-c9ff-40b0-8d57-f40b95128c3c' before making global git config changes
2026-09-13T20:47:01.1484615Z Adding repository directory to the temporary git global config as a safe directory
2026-09-13T20:47:01.1486290Z [command]/usr/bin/git config --global --add safe.directory /home/runner/work/GO/GO
2026-09-13T20:47:01.1535500Z Deleting the contents of '/home/runner/work/GO/GO'
2026-09-13T20:47:01.1536982Z ##[group]Initializing the repository
2026-09-13T20:47:01.1537837Z [command]/usr/bin/git init /home/runner/work/GO/GO
2026-09-13T20:47:01.1631673Z hint: Using 'master' as the name for the initial branch. This default branch name
2026-09-13T20:47:01.1634445Z hint: will change to "main" in Git 3.0. To configure the initial branch name
2026-09-13T20:47:01.1635987Z hint: to use in all of your new repositories, which will suppress this warning,
2026-09-13T20:47:01.1637132Z hint: call:
2026-09-13T20:47:01.1637764Z hint:
2026-09-13T20:47:01.1638496Z hint: 	git config --global init.defaultBranch <name>
2026-09-13T20:47:01.1639389Z hint:
2026-09-13T20:47:01.1640227Z hint: Names commonly chosen instead of 'master' are 'main', 'trunk' and
2026-09-13T20:47:01.1641740Z hint: 'development'. The just-created branch can be renamed via this command:
2026-09-13T20:47:01.1642768Z hint:
2026-09-13T20:47:01.1643384Z hint: 	git branch -m <name>
2026-09-13T20:47:01.1644019Z hint:
2026-09-13T20:47:01.1644899Z hint: Disable this message with "git config set advice.defaultBranchName false"
2026-09-13T20:47:01.1646496Z Initialized empty Git repository in /home/runner/work/GO/GO/.git/
2026-09-13T20:47:01.1648879Z [command]/usr/bin/git remote add origin https://github.com/yuguangzhi3836-glitch/GO
2026-09-13T20:47:01.1717439Z ##[endgroup]
2026-09-13T20:47:01.1765418Z ##[group]Disabling automatic garbage collection
2026-09-13T20:47:01.1778468Z [command]/usr/bin/git config --local gc.auto 0
2026-09-13T20:47:01.1781236Z ##[endgroup]
2026-09-13T20:47:01.1782120Z ##[group]Setting up auth
2026-09-13T20:47:01.1782983Z [command]/usr/bin/git config --local --name-only --get-regexp core\.sshCommand
2026-09-13T20:47:01.1796544Z [command]/usr/bin/git submodule foreach --recursive sh -c "git config --local --name-only --get-regexp 'core\.sshCommand' && git config --local --unset-all 'core.sshCommand' || :"
2026-09-13T20:47:01.2262334Z [command]/usr/bin/git config --local --name-only --get-regexp http\.https\:\/\/github\.com\/\.extraheader
2026-09-13T20:47:01.2282455Z [command]/usr/bin/git submodule foreach --recursive sh -c "git config --local --name-only --get-regexp 'http\.https\:\/\/github\.com\/\.extraheader' && git config --local --unset-all 'http.https://github.com/.extraheader' || :"
2026-09-13T20:47:01.2468084Z [command]/usr/bin/git config --local --name-only --get-regexp ^includeIf\.gitdir:
2026-09-13T20:47:01.2501371Z [command]/usr/bin/git submodule foreach --recursive git config --local --show-origin --name-only --get-regexp remote.origin.url
2026-09-13T20:47:01.2699704Z [command]/usr/bin/git config --local http.https://github.com/.extraheader AUTHORIZATION: basic ***
2026-09-13T20:47:01.2732977Z ##[endgroup]
2026-09-13T20:47:01.2734235Z ##[group]Fetching the repository
2026-09-13T20:47:01.2740904Z [command]/usr/bin/git -c protocol.version=2 fetch --no-tags --prune --no-recurse-submodules --depth=1 origin ddd2b9d82d560ba2657a7904f061fb20196d5924
2026-09-13T20:47:19.7667411Z From https://github.com/yuguangzhi3836-glitch/GO
2026-09-13T20:47:19.7668618Z  * branch            ddd2b9d82d560ba2657a7904f061fb20196d5924 -> FETCH_HEAD
2026-09-13T20:47:19.7677269Z ##[endgroup]
2026-09-13T20:47:19.7677993Z ##[group]Determining the checkout info
2026-09-13T20:47:19.7678758Z ##[endgroup]
2026-09-13T20:47:19.7679564Z [command]/usr/bin/git sparse-checkout disable
2026-09-13T20:47:19.8816952Z [command]/usr/bin/git config --local --unset-all extensions.worktreeConfig
2026-09-13T20:47:19.9128295Z ##[group]Checking out the ref
2026-09-13T20:47:19.9146095Z [command]/usr/bin/git checkout --progress --force ddd2b9d82d560ba2657a7904f061fb20196d5924
2026-09-13T20:47:21.3177044Z Updating files:  33% (1653/4950)
2026-09-13T20:47:21.3194045Z Updating files:  34% (1683/4950)
2026-09-13T20:47:21.3222128Z Updating files:  35% (1733/4950)
2026-09-13T20:47:21.3237226Z Updating files:  36% (1782/4950)
2026-09-13T20:47:21.3498061Z Updating files:  37% (1832/4950)
2026-09-13T20:47:21.3598286Z Updating files:  38% (1881/4950)
2026-09-13T20:47:21.3639464Z Updating files:  39% (1931/4950)
2026-09-13T20:47:21.3754271Z Updating files:  40% (1980/4950)
2026-09-13T20:47:21.3769734Z Updating files:  41% (2030/4950)
2026-09-13T20:47:21.3788805Z Updating files:  42% (2079/4950)
2026-09-13T20:47:21.3808683Z Updating files:  43% (2129/4950)
2026-09-13T20:47:21.3831084Z Updating files:  44% (2178/4950)
2026-09-13T20:47:21.3852680Z Updating files:  45% (2228/4950)
2026-09-13T20:47:21.3873707Z Updating files:  46% (2277/4950)
2026-09-13T20:47:21.3892067Z Updating files:  47% (2327/4950)
2026-09-13T20:47:21.3914016Z Updating files:  48% (2376/4950)
2026-09-13T20:47:21.3945561Z Updating files:  49% (2426/4950)
2026-09-13T20:47:21.3976850Z Updating files:  50% (2475/4950)
2026-09-13T20:47:21.4001606Z Updating files:  51% (2525/4950)
2026-09-13T20:47:21.4028943Z Updating files:  52% (2574/4950)
2026-09-13T20:47:21.4061799Z Updating files:  53% (2624/4950)
2026-09-13T20:47:21.4085102Z Updating files:  54% (2673/4950)
2026-09-13T20:47:21.4108866Z Updating files:  55% (2723/4950)
2026-09-13T20:47:21.4134355Z Updating files:  56% (2772/4950)
2026-09-13T20:47:21.4157327Z Updating files:  57% (2822/4950)
2026-09-13T20:47:21.4179752Z Updating files:  58% (2871/4950)
2026-09-13T20:47:21.4215936Z Updating files:  59% (2921/4950)
2026-09-13T20:47:21.4777626Z Updating files:  60% (2970/4950)
2026-09-13T20:47:21.5746545Z Updating files:  61% (3020/4950)
2026-09-13T20:47:21.5764181Z Updating files:  62% (3069/4950)
2026-09-13T20:47:21.5816039Z Updating files:  63% (3119/4950)
2026-09-13T20:47:21.6602749Z Updating files:  64% (3168/4950)
2026-09-13T20:47:21.7441982Z Updating files:  65% (3218/4950)
2026-09-13T20:47:21.9779093Z Updating files:  66% (3267/4950)
2026-09-13T20:47:22.0561576Z Updating files:  67% (3317/4950)
2026-09-13T20:47:22.0589053Z Updating files:  68% (3366/4950)
2026-09-13T20:47:22.0607064Z Updating files:  69% (3416/4950)
2026-09-13T20:47:22.0626059Z Updating files:  70% (3465/4950)
2026-09-13T20:47:22.0652003Z Updating files:  71% (3515/4950)
2026-09-13T20:47:22.0702208Z Updating files:  72% (3564/4950)
2026-09-13T20:47:22.0722960Z Updating files:  73% (3614/4950)
2026-09-13T20:47:22.0740899Z Updating files:  74% (3663/4950)
2026-09-13T20:47:22.0763140Z Updating files:  75% (3713/4950)
2026-09-13T20:47:22.0796728Z Updating files:  76% (3762/4950)
2026-09-13T20:47:22.0826905Z Updating files:  77% (3812/4950)
2026-09-13T20:47:22.0850871Z Updating files:  78% (3861/4950)
2026-09-13T20:47:22.0946856Z Updating files:  79% (3911/4950)
2026-09-13T20:47:22.0968647Z Updating files:  80% (3960/4950)
2026-09-13T20:47:22.1006757Z Updating files:  81% (4010/4950)
2026-09-13T20:47:22.1954133Z Updating files:  82% (4059/4950)
2026-09-13T20:47:22.3014605Z Updating files:  83% (4109/4950)
2026-09-13T20:47:22.6399018Z Updating files:  84% (4158/4950)
2026-09-13T20:47:22.6541972Z Updating files:  85% (4208/4950)
2026-09-13T20:47:22.6574464Z Updating files:  86% (4257/4950)
2026-09-13T20:47:22.6697091Z Updating files:  87% (4307/4950)
2026-09-13T20:47:22.6714313Z Updating files:  88% (4356/4950)
2026-09-13T20:47:22.6734443Z Updating files:  89% (4406/4950)
2026-09-13T20:47:22.6776597Z Updating files:  90% (4455/4950)
2026-09-13T20:47:22.6819838Z Updating files:  91% (4505/4950)
2026-09-13T20:47:22.6836457Z Updating files:  92% (4554/4950)
2026-09-13T20:47:22.6853374Z Updating files:  93% (4604/4950)
2026-09-13T20:47:22.6872299Z Updating files:  94% (4653/4950)
2026-09-13T20:47:22.6984626Z Updating files:  95% (4703/4950)
2026-09-13T20:47:22.7013968Z Updating files:  96% (4752/4950)
2026-09-13T20:47:22.7034279Z Updating files:  97% (4802/4950)
2026-09-13T20:47:22.7140443Z Updating files:  98% (4851/4950)
2026-09-13T20:47:22.7158750Z Updating files:  99% (4901/4950)
2026-09-13T20:47:22.7160135Z Updating files: 100% (4950/4950)
2026-09-13T20:47:22.7160737Z Updating files: 100% (4950/4950), done.
2026-09-13T20:47:22.9869324Z Note: switching to 'ddd2b9d82d560ba2657a7904f061fb20196d5924'.
2026-09-13T20:47:22.9872547Z 
2026-09-13T20:47:22.9873161Z You are in 'detached HEAD' state. You can look around, make experimental
2026-09-13T20:47:22.9873944Z changes and commit them, and you can discard any commits you make in this
2026-09-13T20:47:22.9874535Z state without impacting any branches by switching back to a branch.
2026-09-13T20:47:22.9874870Z 
2026-09-13T20:47:22.9875210Z If you want to create a new branch to retain commits you create, you may
2026-09-13T20:47:22.9875917Z do so (now or later) by using -c with the switch command. Example:
2026-09-13T20:47:22.9876228Z 
2026-09-13T20:47:22.9876348Z   git switch -c <new-branch-name>
2026-09-13T20:47:22.9876563Z 
2026-09-13T20:47:22.9876677Z Or undo this operation with:
2026-09-13T20:47:22.9876876Z 
2026-09-13T20:47:22.9876979Z   git switch -
2026-09-13T20:47:22.9877140Z 
2026-09-13T20:47:22.9877382Z Turn off this advice by setting config variable advice.detachedHead to false
2026-09-13T20:47:22.9877723Z 
2026-09-13T20:47:22.9878033Z HEAD is now at ddd2b9d ci: bind authorized Query default repair to exact application fingerprint
2026-09-13T20:47:22.9965185Z ##[endgroup]
2026-09-13T20:47:23.0017530Z [command]/usr/bin/git log -1 --format=%H
2026-09-13T20:47:23.0044434Z ddd2b9d82d560ba2657a7904f061fb20196d5924
2026-09-13T20:47:23.0060041Z ##[group]Removing auth
2026-09-13T20:47:23.0063503Z [command]/usr/bin/git config --local --name-only --get-regexp core\.sshCommand
2026-09-13T20:47:23.0092337Z [command]/usr/bin/git submodule foreach --recursive sh -c "git config --local --name-only --get-regexp 'core\.sshCommand' && git config --local --unset-all 'core.sshCommand' || :"
2026-09-13T20:47:23.0329715Z [command]/usr/bin/git config --local --name-only --get-regexp http\.https\:\/\/github\.com\/\.extraheader
2026-09-13T20:47:23.0354175Z http.https://github.com/.extraheader
2026-09-13T20:47:23.0375040Z [command]/usr/bin/git config --local --unset-all http.https://github.com/.extraheader
2026-09-13T20:47:23.0654760Z [command]/usr/bin/git submodule foreach --recursive sh -c "git config --local --name-only --get-regexp 'http\.https\:\/\/github\.com\/\.extraheader' && git config --local --unset-all 'http.https://github.com/.extraheader' || :"
2026-09-13T20:47:23.0860011Z [command]/usr/bin/git config --local --name-only --get-regexp ^includeIf\.gitdir:
2026-09-13T20:47:23.0890649Z [command]/usr/bin/git submodule foreach --recursive git config --local --show-origin --name-only --get-regexp remote.origin.url
2026-09-13T20:47:23.1090043Z ##[endgroup]
2026-09-13T20:47:23.1301310Z Node 20 is being deprecated. This workflow is running with Node 24 by default. If you need to temporarily use Node 20, you can set the ACTIONS_ALLOW_USE_UNSECURE_NODE_VERSION=true environment variable. For more information see: https://github.blog/changelog/2025-09-19-deprecation-of-node-20-on-github-actions-runners/
2026-09-13T20:47:23.1302514Z ##[group]Run actions/setup-python@v5
2026-09-13T20:47:23.1302725Z with:
2026-09-13T20:47:23.1302887Z   python-version: 3.13.5
2026-09-13T20:47:23.1303072Z   check-latest: false
2026-09-13T20:47:23.1305007Z   token: ***
2026-09-13T20:47:23.1305186Z   update-environment: true
2026-09-13T20:47:23.1305642Z   allow-prereleases: false
2026-09-13T20:47:23.1305825Z   freethreaded: false
2026-09-13T20:47:23.1305996Z env:
2026-09-13T20:47:23.1306167Z   PYTHONDONTWRITEBYTECODE: 1
2026-09-13T20:47:23.1306363Z ##[endgroup]
2026-09-13T20:47:23.2381983Z ##[group]Installed versions
2026-09-13T20:47:23.2396652Z Version 3.13.5 was not found in the local cache
2026-09-13T20:47:23.2500467Z (node:2019) [DEP0040] DeprecationWarning: The `punycode` module is deprecated. Please use a userland alternative instead.
2026-09-13T20:47:23.2501544Z (Use `node --trace-deprecation ...` to show where the warning was created)
2026-09-13T20:47:24.4022023Z Version 3.13.5 is available for downloading
2026-09-13T20:47:24.4023303Z Download from "https://github.com/actions/python-versions/releases/download/3.13.5-15601068749/python-3.13.5-linux-24.04-x64.tar.gz"
2026-09-13T20:47:25.8043558Z Extract downloaded archive
2026-09-13T20:47:25.8148086Z [command]/usr/bin/tar xz --warning=no-unknown-keyword --overwrite -C /home/runner/work/_temp/e368ce82-a42d-457e-87cb-1a467a14229c -f /home/runner/work/_temp/03715de3-6d9d-4ea7-b6d0-836008e48f58
2026-09-13T20:47:27.8216517Z Execute installation script
2026-09-13T20:47:27.8313581Z Check if Python hostedtoolcache folder exist...
2026-09-13T20:47:27.8320828Z Create Python 3.13.5 folder
2026-09-13T20:47:27.8328371Z Copy Python binaries to hostedtoolcache folder
2026-09-13T20:47:31.8248035Z Create additional symlinks (Required for the UsePythonVersion Azure Pipelines task and the setup-python GitHub Action)
2026-09-13T20:47:31.9083395Z Upgrading pip...
2026-09-13T20:47:34.0446125Z Looking in links: /tmp/tmp5l9f3qxu
2026-09-13T20:47:34.0448384Z Requirement already satisfied: pip in /opt/hostedtoolcache/Python/3.13.5/x64/lib/python3.13/site-packages (25.1.1)
2026-09-13T20:47:35.7344219Z Collecting pip
2026-09-13T20:47:35.7598549Z Downloading pip-26.2.1-py3-none-any.whl.metadata (4.6 kB)
2026-09-13T20:47:36.1158568Z Downloading pip-26.2.1-py3-none-any.whl (1.8 MB)
2026-09-13T20:47:36.3276802Z ━━━━━━━━━━━━━━━━━━━━━━━━━━━━━━━━━━━━━━━━ 1.8/1.8 MB 8.0 MB/s eta 0:00:00
2026-09-13T20:47:36.3277155Z 
2026-09-13T20:47:36.3405805Z Installing collected packages: pip
2026-09-13T20:47:36.3407279Z Attempting uninstall: pip
2026-09-13T20:47:36.3428129Z Found existing installation: pip 25.1.1
2026-09-13T20:47:36.3666789Z Uninstalling pip-25.1.1:
2026-09-13T20:47:36.3708961Z Successfully uninstalled pip-25.1.1
2026-09-13T20:47:37.7307687Z Successfully installed pip-26.2.1
2026-09-13T20:47:37.7737608Z Create complete file
2026-09-13T20:47:37.7776861Z Successfully set up CPython (3.13.5)
2026-09-13T20:47:37.7778161Z ##[endgroup]
2026-09-13T20:47:37.7980488Z Node 20 is being deprecated. This workflow is running with Node 24 by default. If you need to temporarily use Node 20, you can set the ACTIONS_ALLOW_USE_UNSECURE_NODE_VERSION=true environment variable. For more information see: https://github.blog/changelog/2025-09-19-deprecation-of-node-20-on-github-actions-runners/
2026-09-13T20:47:37.7981444Z ##[group]Run actions/setup-node@v4
2026-09-13T20:47:37.7981651Z with:
2026-09-13T20:47:37.7981818Z   node-version: 22.22.0
2026-09-13T20:47:37.7982003Z   always-auth: false
2026-09-13T20:47:37.7982182Z   check-latest: false
2026-09-13T20:47:37.7984083Z   token: ***
2026-09-13T20:47:37.7984248Z env:
2026-09-13T20:47:37.7984417Z   PYTHONDONTWRITEBYTECODE: 1
2026-09-13T20:47:37.7984674Z   pythonLocation: /opt/hostedtoolcache/Python/3.13.5/x64
2026-09-13T20:47:37.7985064Z   PKG_CONFIG_PATH: /opt/hostedtoolcache/Python/3.13.5/x64/lib/pkgconfig
2026-09-13T20:47:37.7985528Z   Python_ROOT_DIR: /opt/hostedtoolcache/Python/3.13.5/x64
2026-09-13T20:47:37.7985867Z   Python2_ROOT_DIR: /opt/hostedtoolcache/Python/3.13.5/x64
2026-09-13T20:47:37.7986163Z   Python3_ROOT_DIR: /opt/hostedtoolcache/Python/3.13.5/x64
2026-09-13T20:47:37.7986456Z   LD_LIBRARY_PATH: /opt/hostedtoolcache/Python/3.13.5/x64/lib
2026-09-13T20:47:37.7986709Z ##[endgroup]
2026-09-13T20:47:37.9184904Z Attempting to download 22.22.0...
2026-09-13T20:47:37.9284726Z (node:2095) [DEP0040] DeprecationWarning: The `punycode` module is deprecated. Please use a userland alternative instead.
2026-09-13T20:47:37.9301419Z (Use `node --trace-deprecation ...` to show where the warning was created)
2026-09-13T20:47:38.8479420Z Acquiring 22.22.0 - x64 from https://github.com/actions/node-versions/releases/download/22.22.0-20981702931/node-22.22.0-linux-x64.tar.gz
2026-09-13T20:47:39.4421548Z Extracting ...
2026-09-13T20:47:39.4529426Z [command]/usr/bin/tar xz --strip 1 --warning=no-unknown-keyword --overwrite -C /home/runner/work/_temp/c2aa4113-534a-422e-a0a0-42e796dd4cdc -f /home/runner/work/_temp/ea67b3f5-1887-4e6d-98c8-a8b04a650279
2026-09-13T20:47:40.5808683Z Adding to the cache ...
2026-09-13T20:47:47.4997598Z ##[group]Environment details
2026-09-13T20:47:47.7316687Z node: v22.22.0
2026-09-13T20:47:47.7317011Z npm: 10.9.4
2026-09-13T20:47:47.7317242Z yarn: 1.22.22
2026-09-13T20:47:47.7317796Z ##[endgroup]
2026-09-13T20:47:47.7471306Z ##[group]Run python ci/retention/verify_source.py "$RUNNER_TEMP/evidence/source"
2026-09-13T20:47:47.7471793Z [36;1mpython ci/retention/verify_source.py "$RUNNER_TEMP/evidence/source"[0m
2026-09-13T20:47:47.7472267Z [36;1mpython ci/retention/verify_alignment.py "$RUNNER_TEMP/evidence/source/ALIGNMENT_RESULT.json"[0m
2026-09-13T20:47:47.7530027Z shell: /usr/bin/bash --noprofile --norc -e -o pipefail {0}
2026-09-13T20:47:47.7530394Z env:
2026-09-13T20:47:47.7530636Z   PYTHONDONTWRITEBYTECODE: 1
2026-09-13T20:47:47.7530990Z   pythonLocation: /opt/hostedtoolcache/Python/3.13.5/x64
2026-09-13T20:47:47.7531432Z   PKG_CONFIG_PATH: /opt/hostedtoolcache/Python/3.13.5/x64/lib/pkgconfig
2026-09-13T20:47:47.7531860Z   Python_ROOT_DIR: /opt/hostedtoolcache/Python/3.13.5/x64
2026-09-13T20:47:47.7532271Z   Python2_ROOT_DIR: /opt/hostedtoolcache/Python/3.13.5/x64
2026-09-13T20:47:47.7532690Z   Python3_ROOT_DIR: /opt/hostedtoolcache/Python/3.13.5/x64
2026-09-13T20:47:47.7533212Z   LD_LIBRARY_PATH: /opt/hostedtoolcache/Python/3.13.5/x64/lib
2026-09-13T20:47:47.7533595Z ##[endgroup]
2026-09-13T20:47:47.9442082Z {"source_files": 1332, "source_tree_sha256": "1c4d78c3c1bb5f448d0ebdb99d16a2d76419bbc663cc9ed8fae831e1d18c10c4", "unchanged_parent_files": 1188, "new_files": 61, "repaired_existing_files": 83, "compatibility_files_unchanged": 19, "checkpoint_commit": "ddd2b9d82d560ba2657a7904f061fb20196d5924", "byte_retention": "PASS", "full_feature_retention": "HOLD_APPROVAL_BLOCKED_PROVIDER_GUARD", "deployment": "NOT_RUN", "production": "HOLD"}
2026-09-13T20:47:48.1362085Z {"commit": "ddd2b9d82d560ba2657a7904f061fb20196d5924", "application_tree": "995d0d83faf883bec980c896fe8a17b0f12360fa", "selected_source_files": 1332, "retained_baseline_files": 1300, "registered_acceptance_repairs": 105, "selection_counts": {"BOTH": 1264, "PR47": 35, "PR48": 1}, "pr47_application_changes": ["application/frontend/shared/app.js"], "archived_tooling_files": 8, "alignment": "PASS", "historical_pass_transferred": false, "full_three_end_ux": "HOLD", "six_vertical_closed_loop": "HOLD", "sealed_node": "HOLD", "final_release": "HOLD"}
2026-09-13T20:47:48.1457936Z ##[group]Run python ci/retention/dependencies.py --repository . --output "$RUNNER_TEMP/frozen"
2026-09-13T20:47:48.1458479Z [36;1mpython ci/retention/dependencies.py --repository . --output "$RUNNER_TEMP/frozen"[0m
2026-09-13T20:47:48.1459033Z [36;1mpython -m pip install --no-index --find-links "$RUNNER_TEMP/frozen/wheelhouse" -r ci/retention/requirements.lock[0m
2026-09-13T20:47:48.1493094Z shell: /usr/bin/bash --noprofile --norc -e -o pipefail {0}
2026-09-13T20:47:48.1493365Z env:
2026-09-13T20:47:48.1493547Z   PYTHONDONTWRITEBYTECODE: 1
2026-09-13T20:47:48.1493793Z   pythonLocation: /opt/hostedtoolcache/Python/3.13.5/x64
2026-09-13T20:47:48.1494134Z   PKG_CONFIG_PATH: /opt/hostedtoolcache/Python/3.13.5/x64/lib/pkgconfig
2026-09-13T20:47:48.1494450Z   Python_ROOT_DIR: /opt/hostedtoolcache/Python/3.13.5/x64
2026-09-13T20:47:48.1494735Z   Python2_ROOT_DIR: /opt/hostedtoolcache/Python/3.13.5/x64
2026-09-13T20:47:48.1495063Z   Python3_ROOT_DIR: /opt/hostedtoolcache/Python/3.13.5/x64
2026-09-13T20:47:48.1495566Z   LD_LIBRARY_PATH: /opt/hostedtoolcache/Python/3.13.5/x64/lib
2026-09-13T20:47:48.1495821Z ##[endgroup]
2026-09-13T20:47:48.4317708Z {"archive_sha256": "b13a76ab9351f81da70e8e2c8873c20141abe953cd3f96aeb181ef86a34b58dd", "verified_wheels": 37, "source": "pinned GO repository ci/dependency_parts only", "application_source_restored": false}
2026-09-13T20:47:49.1710190Z Looking in links: /home/runner/work/_temp/frozen/wheelhouse
2026-09-13T20:47:49.1782119Z Processing /home/runner/work/_temp/frozen/wheelhouse/alembic-1.16.5-py3-none-any.whl (from -r ci/retention/requirements.lock (line 1))
2026-09-13T20:47:49.1840431Z Processing /home/runner/work/_temp/frozen/wheelhouse/annotated_doc-0.0.4-py3-none-any.whl (from -r ci/retention/requirements.lock (line 2))
2026-09-13T20:47:49.1860749Z Processing /home/runner/work/_temp/frozen/wheelhouse/annotated_types-0.7.0-py3-none-any.whl (from -r ci/retention/requirements.lock (line 3))
2026-09-13T20:47:49.1883248Z Processing /home/runner/work/_temp/frozen/wheelhouse/anyio-4.13.0-py3-none-any.whl (from -r ci/retention/requirements.lock (line 4))
2026-09-13T20:47:49.1910699Z Processing /home/runner/work/_temp/frozen/wheelhouse/certifi-2026.5.20-py3-none-any.whl (from -r ci/retention/requirements.lock (line 5))
2026-09-13T20:47:49.1929503Z Processing /home/runner/work/_temp/frozen/wheelhouse/cffi-2.0.0-cp313-cp313-manylinux_2_17_x86_64.whl (from -r ci/retention/requirements.lock (line 6))
2026-09-13T20:47:49.1949713Z Processing /home/runner/work/_temp/frozen/wheelhouse/click-8.5.0-py3-none-any.whl (from -r ci/retention/requirements.lock (line 7))
2026-09-13T20:47:49.1969593Z Processing /home/runner/work/_temp/frozen/wheelhouse/cryptography-46.0.4-cp311-abi3-manylinux_2_34_x86_64.whl (from -r ci/retention/requirements.lock (line 8))
2026-09-13T20:47:49.2040834Z Processing /home/runner/work/_temp/frozen/wheelhouse/fastapi-0.128.2-py3-none-any.whl (from -r ci/retention/requirements.lock (line 9))
2026-09-13T20:47:49.2086668Z Processing /home/runner/work/_temp/frozen/wheelhouse/greenlet-3.5.1-cp313-cp313-manylinux_2_24_x86_64.whl (from -r ci/retention/requirements.lock (line 10))
2026-09-13T20:47:49.2116205Z Processing /home/runner/work/_temp/frozen/wheelhouse/h11-0.16.0-py3-none-any.whl (from -r ci/retention/requirements.lock (line 11))
2026-09-13T20:47:49.2138181Z Processing /home/runner/work/_temp/frozen/wheelhouse/httpcore-1.0.9-py3-none-any.whl (from -r ci/retention/requirements.lock (line 12))
2026-09-13T20:47:49.2167456Z Processing /home/runner/work/_temp/frozen/wheelhouse/httpx-0.28.1-py3-none-any.whl (from -r ci/retention/requirements.lock (line 13))
2026-09-13T20:47:49.2192496Z Processing /home/runner/work/_temp/frozen/wheelhouse/idna-3.17-py3-none-any.whl (from -r ci/retention/requirements.lock (line 14))
2026-09-13T20:47:49.2214826Z Processing /home/runner/work/_temp/frozen/wheelhouse/iniconfig-2.3.0-py3-none-any.whl (from -r ci/retention/requirements.lock (line 15))
2026-09-13T20:47:49.2233260Z Processing /home/runner/work/_temp/frozen/wheelhouse/mako-1.3.10-py3-none-any.whl (from -r ci/retention/requirements.lock (line 16))
2026-09-13T20:47:49.2254447Z Processing /home/runner/work/_temp/frozen/wheelhouse/markupsafe-3.0.3-cp313-cp313-manylinux2014_x86_64.manylinux_2_17_x86_64.manylinux_2_28_x86_64.whl (from -r ci/retention/requirements.lock (line 17))
2026-09-13T20:47:49.2272102Z Processing /home/runner/work/_temp/frozen/wheelhouse/packaging-25.0-py3-none-any.whl (from -r ci/retention/requirements.lock (line 18))
2026-09-13T20:47:49.2293500Z Processing /home/runner/work/_temp/frozen/wheelhouse/pillow-12.3.0-cp313-cp313-manylinux_2_27_x86_64.whl (from -r ci/retention/requirements.lock (line 19))
2026-09-13T20:47:49.2378737Z Processing /home/runner/work/_temp/frozen/wheelhouse/pluggy-1.6.0-py3-none-any.whl (from -r ci/retention/requirements.lock (line 20))
2026-09-13T20:47:49.2409105Z Processing /home/runner/work/_temp/frozen/wheelhouse/psycopg_binary-3.2.10-cp313-cp313-manylinux2014_x86_64.manylinux_2_17_x86_64.whl (from -r ci/retention/requirements.lock (line 21))
2026-09-13T20:47:49.2463508Z Processing /home/runner/work/_temp/frozen/wheelhouse/psycopg-3.2.10-py3-none-any.whl (from -r ci/retention/requirements.lock (line 22))
2026-09-13T20:47:49.2501398Z Processing /home/runner/work/_temp/frozen/wheelhouse/pycparser-3.0-py3-none-any.whl (from -r ci/retention/requirements.lock (line 23))
2026-09-13T20:47:49.2521686Z Processing /home/runner/work/_temp/frozen/wheelhouse/pydantic_settings-2.14.1-py3-none-any.whl (from -r ci/retention/requirements.lock (line 24))
2026-09-13T20:47:49.2544494Z Processing /home/runner/work/_temp/frozen/wheelhouse/pydantic-2.13.4-py3-none-any.whl (from -r ci/retention/requirements.lock (line 25))
2026-09-13T20:47:49.2604577Z Processing /home/runner/work/_temp/frozen/wheelhouse/pydantic_core-2.46.4-cp313-cp313-manylinux_2_17_x86_64.whl (from -r ci/retention/requirements.lock (line 26))
2026-09-13T20:47:49.2645035Z Processing /home/runner/work/_temp/frozen/wheelhouse/Pygments-2.20.0-py3-none-any.whl (from -r ci/retention/requirements.lock (line 27))
2026-09-13T20:47:49.2715073Z Processing /home/runner/work/_temp/frozen/wheelhouse/PyJWT-2.13.0-py3-none-any.whl (from -r ci/retention/requirements.lock (line 28))
2026-09-13T20:47:49.2737030Z Processing /home/runner/work/_temp/frozen/wheelhouse/pytest_asyncio-1.3.0-py3-none-any.whl (from -r ci/retention/requirements.lock (line 29))
2026-09-13T20:47:49.2759278Z Processing /home/runner/work/_temp/frozen/wheelhouse/pytest-9.0.2-py3-none-any.whl (from -r ci/retention/requirements.lock (line 30))
2026-09-13T20:47:49.2798924Z Processing /home/runner/work/_temp/frozen/wheelhouse/python_dotenv-1.2.2-py3-none-any.whl (from -r ci/retention/requirements.lock (line 31))
2026-09-13T20:47:49.2827552Z Processing /home/runner/work/_temp/frozen/wheelhouse/redis-5.2.1-py3-none-any.whl (from -r ci/retention/requirements.lock (line 32))
2026-09-13T20:47:49.2853283Z Processing /home/runner/work/_temp/frozen/wheelhouse/SQLAlchemy-2.0.50-cp313-cp313-manylinux_2_17_x86_64.whl (from -r ci/retention/requirements.lock (line 33))
2026-09-13T20:47:49.2967716Z Processing /home/runner/work/_temp/frozen/wheelhouse/starlette-0.50.0-py3-none-any.whl (from -r ci/retention/requirements.lock (line 34))
2026-09-13T20:47:49.2993806Z Processing /home/runner/work/_temp/frozen/wheelhouse/typing_inspection-0.4.2-py3-none-any.whl (from -r ci/retention/requirements.lock (line 35))
2026-09-13T20:47:49.3013170Z Processing /home/runner/work/_temp/frozen/wheelhouse/typing_extensions-4.16.0-py3-none-any.whl (from -r ci/retention/requirements.lock (line 36))
2026-09-13T20:47:49.3032439Z Processing /home/runner/work/_temp/frozen/wheelhouse/uvicorn-0.35.0-py3-none-any.whl (from -r ci/retention/requirements.lock (line 37))
2026-09-13T20:47:49.3972205Z Installing collected packages: typing_extensions, redis, python-dotenv, PyJWT, Pygments, pycparser, psycopg-binary, psycopg, pluggy, Pillow, packaging, MarkupSafe, iniconfig, idna, h11, greenlet, click, certifi, annotated-types, annotated-doc, uvicorn, typing-inspection, SQLAlchemy, pytest, pydantic_core, Mako, httpcore, cffi, anyio, starlette, pytest-asyncio, pydantic, httpx, cryptography, alembic, pydantic-settings, fastapi
2026-09-13T20:47:54.2966614Z 
2026-09-13T20:47:54.2998017Z Successfully installed Mako-1.3.10 MarkupSafe-3.0.3 Pillow-12.3.0 PyJWT-2.13.0 Pygments-2.20.0 SQLAlchemy-2.0.50 alembic-1.16.5 annotated-doc-0.0.4 annotated-types-0.7.0 anyio-4.13.0 certifi-2026.5.20 cffi-2.0.0 click-8.5.0 cryptography-46.0.4 fastapi-0.128.2 greenlet-3.5.1 h11-0.16.0 httpcore-1.0.9 httpx-0.28.1 idna-3.17 iniconfig-2.3.0 packaging-25.0 pluggy-1.6.0 psycopg-3.2.10 psycopg-binary-3.2.10 pycparser-3.0 pydantic-2.13.4 pydantic-settings-2.14.1 pydantic_core-2.46.4 pytest-9.0.2 pytest-asyncio-1.3.0 python-dotenv-1.2.2 redis-5.2.1 starlette-0.50.0 typing-inspection-0.4.2 typing_extensions-4.16.0 uvicorn-0.35.0
2026-09-13T20:47:54.3510799Z ##[group]Run export GO_NATIVE_NODE="$(command -v node)"
2026-09-13T20:47:54.3511138Z [36;1mexport GO_NATIVE_NODE="$(command -v node)"[0m
2026-09-13T20:47:54.3511512Z [36;1mpython ci/retention/run_suite.py --shard 3 --evidence "$RUNNER_TEMP/evidence/tests"[0m
2026-09-13T20:47:54.3544679Z shell: /usr/bin/bash --noprofile --norc -e -o pipefail {0}
2026-09-13T20:47:54.3544953Z env:
2026-09-13T20:47:54.3545134Z   PYTHONDONTWRITEBYTECODE: 1
2026-09-13T20:47:54.3545598Z   pythonLocation: /opt/hostedtoolcache/Python/3.13.5/x64
2026-09-13T20:47:54.3545937Z   PKG_CONFIG_PATH: /opt/hostedtoolcache/Python/3.13.5/x64/lib/pkgconfig
2026-09-13T20:47:54.3546274Z   Python_ROOT_DIR: /opt/hostedtoolcache/Python/3.13.5/x64
2026-09-13T20:47:54.3546572Z   Python2_ROOT_DIR: /opt/hostedtoolcache/Python/3.13.5/x64
2026-09-13T20:47:54.3546855Z   Python3_ROOT_DIR: /opt/hostedtoolcache/Python/3.13.5/x64
2026-09-13T20:47:54.3547313Z   LD_LIBRARY_PATH: /opt/hostedtoolcache/Python/3.13.5/x64/lib
2026-09-13T20:47:54.3547599Z ##[endgroup]
2026-09-13T20:53:54.9933183Z ........................................................................ [ 17%]
2026-09-13T20:53:54.9934086Z ........................................................................ [ 34%]
2026-09-13T20:53:54.9934874Z ........................................................................ [ 51%]
2026-09-13T20:53:54.9935786Z ....................................sssss............................... [ 68%]
2026-09-13T20:53:54.9936504Z ........................................................................ [ 86%]
2026-09-13T20:53:54.9937200Z ..........................................................               [100%]
2026-09-13T20:53:54.9937891Z =============================== warnings summary ===============================
2026-09-13T20:53:54.9938535Z tests/test_depth08_api_and_migration.py: 5 warnings
2026-09-13T20:53:54.9939154Z tests/test_depth21_refund_recovery.py: 5 warnings
2026-09-13T20:53:54.9939746Z tests/test_depth25_migration_history.py: 12 warnings
2026-09-13T20:53:54.9943069Z   /opt/hostedtoolcache/Python/3.13.5/x64/lib/python3.13/site-packages/alembic/config.py:598: DeprecationWarning: No path_separator found in configuration; falling back to legacy splitting on spaces, commas, and colons for prepend_sys_path.  Consider adding path_separator=os to Alembic config.
2026-09-13T20:53:54.9955745Z     util.warn_deprecated(
2026-09-13T20:53:54.9963669Z 
2026-09-13T20:53:54.9964140Z tests/test_depth18_media_durability.py: 33 warnings
2026-09-13T20:53:54.9966031Z   /home/runner/work/GO/GO/application/src/go_hotel/services/media_harvester.py:79: DeprecationWarning: Image.Image.getdata is deprecated and will be removed in Pillow 14 (2027-10-15). Use get_flattened_data instead.
2026-09-13T20:53:54.9967217Z     px=list(g.getdata())
2026-09-13T20:53:54.9967517Z 
2026-09-13T20:53:54.9967993Z -- Docs: https://docs.pytest.org/en/stable/how-to/capture-warnings.html
2026-09-13T20:53:54.9968767Z 413 passed, 5 skipped, 55 warnings in 355.50s (0:05:55)
2026-09-13T20:53:54.9969169Z 
2026-09-13T20:53:54.9970093Z {"exit_code": 0, "selected_files": 63, "shard": 3, "real_providers": "NOT_RUN", "hong_kong": "NOT_ACCESSED", "tests": 418, "failures": 0, "errors": 0, "skipped": 5, "passed": 413}
2026-09-13T20:53:55.0048457Z Node 20 is being deprecated. This workflow is running with Node 24 by default. If you need to temporarily use Node 20, you can set the ACTIONS_ALLOW_USE_UNSECURE_NODE_VERSION=true environment variable. For more information see: https://github.blog/changelog/2025-09-19-deprecation-of-node-20-on-github-actions-runners/
2026-09-13T20:53:55.0049422Z ##[group]Run actions/upload-artifact@v4
2026-09-13T20:53:55.0049640Z with:
2026-09-13T20:53:55.0049910Z   name: canonical-retention-shard-3-ddd2b9d82d560ba2657a7904f061fb20196d5924
2026-09-13T20:53:55.0050253Z   path: /home/runner/work/_temp/evidence
2026-09-13T20:53:55.0050485Z   if-no-files-found: error
2026-09-13T20:53:55.0050674Z   compression-level: 6
2026-09-13T20:53:55.0050848Z   overwrite: false
2026-09-13T20:53:55.0051020Z   include-hidden-files: false
2026-09-13T20:53:55.0051205Z env:
2026-09-13T20:53:55.0051365Z   PYTHONDONTWRITEBYTECODE: 1
2026-09-13T20:53:55.0051608Z   pythonLocation: /opt/hostedtoolcache/Python/3.13.5/x64
2026-09-13T20:53:55.0051961Z   PKG_CONFIG_PATH: /opt/hostedtoolcache/Python/3.13.5/x64/lib/pkgconfig
2026-09-13T20:53:55.0052284Z   Python_ROOT_DIR: /opt/hostedtoolcache/Python/3.13.5/x64
2026-09-13T20:53:55.0052573Z   Python2_ROOT_DIR: /opt/hostedtoolcache/Python/3.13.5/x64
2026-09-13T20:53:55.0052849Z   Python3_ROOT_DIR: /opt/hostedtoolcache/Python/3.13.5/x64
2026-09-13T20:53:55.0053135Z   LD_LIBRARY_PATH: /opt/hostedtoolcache/Python/3.13.5/x64/lib
2026-09-13T20:53:55.0053385Z ##[endgroup]
2026-09-13T20:53:55.1403158Z (node:2820) [DEP0040] DeprecationWarning: The `punycode` module is deprecated. Please use a userland alternative instead.
2026-09-13T20:53:55.1404862Z (Use `node --trace-deprecation ...` to show where the warning was created)
2026-09-13T20:53:55.1676486Z With the provided path, there will be 7 files uploaded
2026-09-13T20:53:55.1725818Z Artifact name is valid!
2026-09-13T20:53:55.1726346Z Root directory input is valid!
2026-09-13T20:53:55.5036749Z Beginning upload of artifact content to blob storage
2026-09-13T20:53:55.5324733Z (node:2820) [DEP0169] DeprecationWarning: `url.parse()` behavior is not standardized and prone to errors that have security implications. Use the WHATWG URL API instead. CVEs are not issued for `url.parse()` vulnerabilities.
2026-09-13T20:53:55.8676440Z Uploaded bytes 80371
2026-09-13T20:53:55.9282954Z Finished uploading artifact content to blob storage!
2026-09-13T20:53:55.9284508Z SHA256 digest of uploaded artifact zip is 00444f488b185169668c70abcc676229d31adbbb1406bedd5c9f9d19efe8de19
2026-09-13T20:53:55.9285991Z Finalizing artifact upload
2026-09-13T20:53:56.1682154Z Artifact canonical-retention-shard-3-ddd2b9d82d560ba2657a7904f061fb20196d5924.zip successfully finalized. Artifact ID 10325219114
2026-09-13T20:53:56.1684416Z Artifact canonical-retention-shard-3-ddd2b9d82d560ba2657a7904f061fb20196d5924 has been successfully uploaded! Final size is 80371 bytes. Artifact ID is 10325219114
2026-09-13T20:53:56.1688503Z Artifact download URL: https://github.com/yuguangzhi3836-glitch/GO/actions/runs/34781824271/artifacts/10325219114
2026-09-13T20:53:56.1848160Z Node 20 is being deprecated. This workflow is running with Node 24 by default. If you need to temporarily use Node 20, you can set the ACTIONS_ALLOW_USE_UNSECURE_NODE_VERSION=true environment variable. For more information see: https://github.blog/changelog/2025-09-19-deprecation-of-node-20-on-github-actions-runners/
2026-09-13T20:53:56.1849086Z Post job cleanup.
2026-09-13T20:53:56.2851442Z (node:2833) [DEP0040] DeprecationWarning: The `punycode` module is deprecated. Please use a userland alternative instead.
2026-09-13T20:53:56.2852659Z (Use `node --trace-deprecation ...` to show where the warning was created)
2026-09-13T20:53:56.3016937Z Node 20 is being deprecated. This workflow is running with Node 24 by default. If you need to temporarily use Node 20, you can set the ACTIONS_ALLOW_USE_UNSECURE_NODE_VERSION=true environment variable. For more information see: https://github.blog/changelog/2025-09-19-deprecation-of-node-20-on-github-actions-runners/
2026-09-13T20:53:56.3018539Z Post job cleanup.
2026-09-13T20:53:56.4181890Z (node:2841) [DEP0040] DeprecationWarning: The `punycode` module is deprecated. Please use a userland alternative instead.
2026-09-13T20:53:56.4196259Z (Use `node --trace-deprecation ...` to show where the warning was created)
2026-09-13T20:53:56.4523807Z Node 20 is being deprecated. This workflow is running with Node 24 by default. If you need to temporarily use Node 20, you can set the ACTIONS_ALLOW_USE_UNSECURE_NODE_VERSION=true environment variable. For more information see: https://github.blog/changelog/2025-09-19-deprecation-of-node-20-on-github-actions-runners/
2026-09-13T20:53:56.4524766Z Post job cleanup.
2026-09-13T20:53:56.5496142Z [command]/usr/bin/git version
2026-09-13T20:53:56.5556026Z git version 2.55.0
2026-09-13T20:53:56.5591981Z Temporarily overriding HOME='/home/runner/work/_temp/4d9b9322-a5c6-4bf7-bb5f-40314b06d408' before making global git config changes
2026-09-13T20:53:56.5593195Z Adding repository directory to the temporary git global config as a safe directory
2026-09-13T20:53:56.5595752Z [command]/usr/bin/git config --global --add safe.directory /home/runner/work/GO/GO
2026-09-13T20:53:56.5669035Z [command]/usr/bin/git config --local --name-only --get-regexp core\.sshCommand
2026-09-13T20:53:56.5719357Z [command]/usr/bin/git submodule foreach --recursive sh -c "git config --local --name-only --get-regexp 'core\.sshCommand' && git config --local --unset-all 'core.sshCommand' || :"
2026-09-13T20:53:56.6033560Z [command]/usr/bin/git config --local --name-only --get-regexp http\.https\:\/\/github\.com\/\.extraheader
2026-09-13T20:53:56.6071893Z [command]/usr/bin/git submodule foreach --recursive sh -c "git config --local --name-only --get-regexp 'http\.https\:\/\/github\.com\/\.extraheader' && git config --local --unset-all 'http.https://github.com/.extraheader' || :"
2026-09-13T20:53:56.6393295Z [command]/usr/bin/git config --local --name-only --get-regexp ^includeIf\.gitdir:
2026-09-13T20:53:56.6453291Z [command]/usr/bin/git submodule foreach --recursive git config --local --show-origin --name-only --get-regexp remote.origin.url
2026-09-13T20:53:56.6858754Z Cleaning up orphan processes
2026-09-13T20:53:56.7070716Z ##[warning]Node.js 20 is deprecated. The following actions target Node.js 20 but are being forced to run on Node.js 24: actions/checkout@v4, actions/setup-node@v4, actions/setup-python@v5, actions/upload-artifact@v4. For more information see: https://github.blog/changelog/2025-09-19-deprecation-of-node-20-on-github-actions-runners/
