2026-09-13T20:46:59.7704122Z Current runner version: '2.337.0'
2026-09-13T20:46:59.7743646Z ##[group]Runner Image Provisioner
2026-09-13T20:46:59.7745223Z Hosted Compute Agent
2026-09-13T20:46:59.7746356Z Version: 20260828.587
2026-09-13T20:46:59.7747810Z Commit: abac92662cab4cc7352de4f9f9d2e2419aad9c29
2026-09-13T20:46:59.7749235Z Build Date: 2026-08-28T16:44:25Z
2026-09-13T20:46:59.7750526Z Worker ID: {5c3bb824-ffbc-4e95-be9e-bb23bf34c558}
2026-09-13T20:46:59.7751975Z Azure Region: eastus
2026-09-13T20:46:59.7753323Z ##[endgroup]
2026-09-13T20:46:59.7756024Z ##[group]Operating System
2026-09-13T20:46:59.7757338Z Ubuntu
2026-09-13T20:46:59.7758291Z 24.04.5
2026-09-13T20:46:59.7759351Z LTS
2026-09-13T20:46:59.7760305Z ##[endgroup]
2026-09-13T20:46:59.7761425Z ##[group]Runner Image
2026-09-13T20:46:59.7762574Z Image: ubuntu-24.04
2026-09-13T20:46:59.7763969Z Version: 20260907.300.1
2026-09-13T20:46:59.7766239Z Included Software: https://github.com/actions/runner-images/blob/ubuntu24/20260907.300/images/ubuntu/Ubuntu2404-Readme.md
2026-09-13T20:46:59.7769123Z Image Release: https://github.com/actions/runner-images/releases/tag/ubuntu24%2F20260907.300
2026-09-13T20:46:59.7770906Z ##[endgroup]
2026-09-13T20:46:59.7773244Z ##[group]GITHUB_TOKEN Permissions
2026-09-13T20:46:59.7776352Z Contents: read
2026-09-13T20:46:59.7777622Z Metadata: read
2026-09-13T20:46:59.7779082Z ##[endgroup]
2026-09-13T20:46:59.7782451Z Secret source: Actions
2026-09-13T20:46:59.7784629Z Cache mode: write
2026-09-13T20:46:59.7786785Z Prepare workflow directory
2026-09-13T20:46:59.8395077Z Prepare all required actions
2026-09-13T20:46:59.8467534Z Getting action download info
2026-09-13T20:47:00.0616449Z Download action repository 'actions/checkout@v4' (SHA:11d5960a326750d5838078e36cf38b85af677262)
2026-09-13T20:47:00.1725601Z Download action repository 'actions/setup-python@v5' (SHA:a26af69be951a213d495a4c3e4e4022e16d87065)
2026-09-13T20:47:00.2826935Z Download action repository 'actions/setup-node@v4' (SHA:49933ea5288caeca8642d1e84afbd3f7d6820020)
2026-09-13T20:47:00.3821179Z Download action repository 'actions/upload-artifact@v4' (SHA:ea165f8d65b6e75b540449e92b4886f43607fa02)
2026-09-13T20:47:00.6238945Z Complete job name: regression (1)
2026-09-13T20:47:00.7043276Z Node 20 is being deprecated. This workflow is running with Node 24 by default. If you need to temporarily use Node 20, you can set the ACTIONS_ALLOW_USE_UNSECURE_NODE_VERSION=true environment variable. For more information see: https://github.blog/changelog/2025-09-19-deprecation-of-node-20-on-github-actions-runners/
2026-09-13T20:47:00.7052449Z ##[group]Run actions/checkout@v4
2026-09-13T20:47:00.7054021Z with:
2026-09-13T20:47:00.7054592Z   ref: ddd2b9d82d560ba2657a7904f061fb20196d5924
2026-09-13T20:47:00.7055254Z   persist-credentials: false
2026-09-13T20:47:00.7055830Z   repository: yuguangzhi3836-glitch/GO
2026-09-13T20:47:00.7059594Z   token: ***
2026-09-13T20:47:00.7060059Z   ssh-strict: true
2026-09-13T20:47:00.7060524Z   ssh-user: git
2026-09-13T20:47:00.7060981Z   clean: true
2026-09-13T20:47:00.7061504Z   sparse-checkout-cone-mode: true
2026-09-13T20:47:00.7062066Z   fetch-depth: 1
2026-09-13T20:47:00.7062528Z   fetch-tags: false
2026-09-13T20:47:00.7063266Z   show-progress: true
2026-09-13T20:47:00.7063767Z   lfs: false
2026-09-13T20:47:00.7064219Z   submodules: false
2026-09-13T20:47:00.7064710Z   set-safe-directory: true
2026-09-13T20:47:00.7065258Z   allow-unsafe-pr-checkout: false
2026-09-13T20:47:00.7066229Z env:
2026-09-13T20:47:00.7066705Z   PYTHONDONTWRITEBYTECODE: 1
2026-09-13T20:47:00.7067239Z ##[endgroup]
2026-09-13T20:47:00.9777778Z Syncing repository: yuguangzhi3836-glitch/GO
2026-09-13T20:47:00.9780794Z ##[group]Getting Git version info
2026-09-13T20:47:00.9781908Z Working directory is '/home/runner/work/GO/GO'
2026-09-13T20:47:00.9786293Z [command]/usr/bin/git version
2026-09-13T20:47:00.9787226Z git version 2.55.0
2026-09-13T20:47:00.9790044Z ##[endgroup]
2026-09-13T20:47:00.9797341Z Temporarily overriding HOME='/home/runner/work/_temp/2b6d1d8f-9b87-4fec-8470-ac81fe56c5e8' before making global git config changes
2026-09-13T20:47:00.9800366Z Adding repository directory to the temporary git global config as a safe directory
2026-09-13T20:47:00.9802317Z [command]/usr/bin/git config --global --add safe.directory /home/runner/work/GO/GO
2026-09-13T20:47:00.9805446Z Deleting the contents of '/home/runner/work/GO/GO'
2026-09-13T20:47:00.9807148Z ##[group]Initializing the repository
2026-09-13T20:47:00.9808297Z [command]/usr/bin/git init /home/runner/work/GO/GO
2026-09-13T20:47:00.9809794Z hint: Using 'master' as the name for the initial branch. This default branch name
2026-09-13T20:47:00.9811513Z hint: will change to "main" in Git 3.0. To configure the initial branch name
2026-09-13T20:47:00.9813528Z hint: to use in all of your new repositories, which will suppress this warning,
2026-09-13T20:47:00.9814959Z hint: call:
2026-09-13T20:47:00.9815704Z hint:
2026-09-13T20:47:00.9816616Z hint: 	git config --global init.defaultBranch <name>
2026-09-13T20:47:00.9817709Z hint:
2026-09-13T20:47:00.9818739Z hint: Names commonly chosen instead of 'master' are 'main', 'trunk' and
2026-09-13T20:47:00.9820418Z hint: 'development'. The just-created branch can be renamed via this command:
2026-09-13T20:47:00.9821744Z hint:
2026-09-13T20:47:00.9822491Z hint: 	git branch -m <name>
2026-09-13T20:47:00.9823640Z hint:
2026-09-13T20:47:00.9824775Z hint: Disable this message with "git config set advice.defaultBranchName false"
2026-09-13T20:47:00.9826362Z Initialized empty Git repository in /home/runner/work/GO/GO/.git/
2026-09-13T20:47:00.9829315Z [command]/usr/bin/git remote add origin https://github.com/yuguangzhi3836-glitch/GO
2026-09-13T20:47:00.9833048Z ##[endgroup]
2026-09-13T20:47:00.9834698Z ##[group]Disabling automatic garbage collection
2026-09-13T20:47:00.9837945Z [command]/usr/bin/git config --local gc.auto 0
2026-09-13T20:47:00.9840923Z ##[endgroup]
2026-09-13T20:47:00.9842117Z ##[group]Setting up auth
2026-09-13T20:47:00.9843548Z [command]/usr/bin/git config --local --name-only --get-regexp core\.sshCommand
2026-09-13T20:47:00.9847533Z [command]/usr/bin/git submodule foreach --recursive sh -c "git config --local --name-only --get-regexp 'core\.sshCommand' && git config --local --unset-all 'core.sshCommand' || :"
2026-09-13T20:47:01.0656886Z [command]/usr/bin/git config --local --name-only --get-regexp http\.https\:\/\/github\.com\/\.extraheader
2026-09-13T20:47:01.0766565Z [command]/usr/bin/git submodule foreach --recursive sh -c "git config --local --name-only --get-regexp 'http\.https\:\/\/github\.com\/\.extraheader' && git config --local --unset-all 'http.https://github.com/.extraheader' || :"
2026-09-13T20:47:01.0771727Z [command]/usr/bin/git config --local --name-only --get-regexp ^includeIf\.gitdir:
2026-09-13T20:47:01.0776105Z [command]/usr/bin/git submodule foreach --recursive git config --local --show-origin --name-only --get-regexp remote.origin.url
2026-09-13T20:47:01.0850043Z [command]/usr/bin/git config --local http.https://github.com/.extraheader AUTHORIZATION: basic ***
2026-09-13T20:47:01.0903177Z ##[endgroup]
2026-09-13T20:47:01.0904441Z ##[group]Fetching the repository
2026-09-13T20:47:01.0907219Z [command]/usr/bin/git -c protocol.version=2 fetch --no-tags --prune --no-recurse-submodules --depth=1 origin ddd2b9d82d560ba2657a7904f061fb20196d5924
2026-09-13T20:47:14.9501358Z From https://github.com/yuguangzhi3836-glitch/GO
2026-09-13T20:47:14.9503378Z  * branch            ddd2b9d82d560ba2657a7904f061fb20196d5924 -> FETCH_HEAD
2026-09-13T20:47:14.9507358Z ##[endgroup]
2026-09-13T20:47:14.9508678Z ##[group]Determining the checkout info
2026-09-13T20:47:14.9510454Z ##[endgroup]
2026-09-13T20:47:14.9518004Z [command]/usr/bin/git sparse-checkout disable
2026-09-13T20:47:14.9578911Z [command]/usr/bin/git config --local --unset-all extensions.worktreeConfig
2026-09-13T20:47:14.9624200Z ##[group]Checking out the ref
2026-09-13T20:47:14.9628089Z [command]/usr/bin/git checkout --progress --force ddd2b9d82d560ba2657a7904f061fb20196d5924
2026-09-13T20:47:16.0653205Z Updating files:  32% (1632/4950)
2026-09-13T20:47:16.5634082Z Updating files:  33% (1634/4950)
2026-09-13T20:47:16.5653846Z Updating files:  34% (1683/4950)
2026-09-13T20:47:16.5677608Z Updating files:  35% (1733/4950)
2026-09-13T20:47:16.5704705Z Updating files:  36% (1782/4950)
2026-09-13T20:47:16.5833586Z Updating files:  37% (1832/4950)
2026-09-13T20:47:16.5894779Z Updating files:  38% (1881/4950)
2026-09-13T20:47:16.5943855Z Updating files:  39% (1931/4950)
2026-09-13T20:47:16.5988734Z Updating files:  40% (1980/4950)
2026-09-13T20:47:16.6010278Z Updating files:  41% (2030/4950)
2026-09-13T20:47:16.6039278Z Updating files:  42% (2079/4950)
2026-09-13T20:47:16.6066094Z Updating files:  43% (2129/4950)
2026-09-13T20:47:16.6100722Z Updating files:  44% (2178/4950)
2026-09-13T20:47:16.6129999Z Updating files:  45% (2228/4950)
2026-09-13T20:47:16.6173575Z Updating files:  46% (2277/4950)
2026-09-13T20:47:16.6211459Z Updating files:  47% (2327/4950)
2026-09-13T20:47:16.6249781Z Updating files:  48% (2376/4950)
2026-09-13T20:47:16.6311304Z Updating files:  49% (2426/4950)
2026-09-13T20:47:16.6373350Z Updating files:  50% (2475/4950)
2026-09-13T20:47:16.6420600Z Updating files:  51% (2525/4950)
2026-09-13T20:47:16.6473780Z Updating files:  52% (2574/4950)
2026-09-13T20:47:16.6538938Z Updating files:  53% (2624/4950)
2026-09-13T20:47:16.6570846Z Updating files:  54% (2673/4950)
2026-09-13T20:47:16.6602398Z Updating files:  55% (2723/4950)
2026-09-13T20:47:16.6636485Z Updating files:  56% (2772/4950)
2026-09-13T20:47:16.6678126Z Updating files:  57% (2822/4950)
2026-09-13T20:47:16.6708110Z Updating files:  58% (2871/4950)
2026-09-13T20:47:16.6739944Z Updating files:  59% (2921/4950)
2026-09-13T20:47:16.7147189Z Updating files:  60% (2970/4950)
2026-09-13T20:47:16.7704134Z Updating files:  61% (3020/4950)
2026-09-13T20:47:16.7753279Z Updating files:  62% (3069/4950)
2026-09-13T20:47:16.7853214Z Updating files:  63% (3119/4950)
2026-09-13T20:47:16.8086637Z Updating files:  64% (3168/4950)
2026-09-13T20:47:16.8264786Z Updating files:  65% (3218/4950)
2026-09-13T20:47:16.8645719Z Updating files:  66% (3267/4950)
2026-09-13T20:47:16.8791505Z Updating files:  67% (3317/4950)
2026-09-13T20:47:16.8827256Z Updating files:  68% (3366/4950)
2026-09-13T20:47:16.8851916Z Updating files:  69% (3416/4950)
2026-09-13T20:47:16.8876804Z Updating files:  70% (3465/4950)
2026-09-13T20:47:16.8907445Z Updating files:  71% (3515/4950)
2026-09-13T20:47:16.8970295Z Updating files:  72% (3564/4950)
2026-09-13T20:47:16.8997980Z Updating files:  73% (3614/4950)
2026-09-13T20:47:16.9022243Z Updating files:  74% (3663/4950)
2026-09-13T20:47:16.9050801Z Updating files:  75% (3713/4950)
2026-09-13T20:47:16.9094121Z Updating files:  76% (3762/4950)
2026-09-13T20:47:16.9133338Z Updating files:  77% (3812/4950)
2026-09-13T20:47:16.9165921Z Updating files:  78% (3861/4950)
2026-09-13T20:47:16.9206099Z Updating files:  79% (3911/4950)
2026-09-13T20:47:16.9234918Z Updating files:  80% (3960/4950)
2026-09-13T20:47:16.9282937Z Updating files:  81% (4010/4950)
2026-09-13T20:47:16.9524363Z Updating files:  82% (4059/4950)
2026-09-13T20:47:16.9734421Z Updating files:  83% (4109/4950)
2026-09-13T20:47:17.0133768Z Updating files:  83% (4113/4950)
2026-09-13T20:47:17.1797679Z Updating files:  84% (4158/4950)
2026-09-13T20:47:17.1863187Z Updating files:  85% (4208/4950)
2026-09-13T20:47:17.1933539Z Updating files:  86% (4257/4950)
2026-09-13T20:47:17.1975415Z Updating files:  87% (4307/4950)
2026-09-13T20:47:17.2005401Z Updating files:  88% (4356/4950)
2026-09-13T20:47:17.2032805Z Updating files:  89% (4406/4950)
2026-09-13T20:47:17.2059533Z Updating files:  90% (4455/4950)
2026-09-13T20:47:17.2134224Z Updating files:  91% (4505/4950)
2026-09-13T20:47:17.2156638Z Updating files:  92% (4554/4950)
2026-09-13T20:47:17.2179111Z Updating files:  93% (4604/4950)
2026-09-13T20:47:17.2205159Z Updating files:  94% (4653/4950)
2026-09-13T20:47:17.2239527Z Updating files:  95% (4703/4950)
2026-09-13T20:47:17.2279452Z Updating files:  96% (4752/4950)
2026-09-13T20:47:17.2307349Z Updating files:  97% (4802/4950)
2026-09-13T20:47:17.2344089Z Updating files:  98% (4851/4950)
2026-09-13T20:47:17.2374362Z Updating files:  99% (4901/4950)
2026-09-13T20:47:17.2378569Z Updating files: 100% (4950/4950)
2026-09-13T20:47:17.2379341Z Updating files: 100% (4950/4950), done.
2026-09-13T20:47:17.8460078Z Note: switching to 'ddd2b9d82d560ba2657a7904f061fb20196d5924'.
2026-09-13T20:47:17.8462052Z 
2026-09-13T20:47:17.8463242Z You are in 'detached HEAD' state. You can look around, make experimental
2026-09-13T20:47:17.8464517Z changes and commit them, and you can discard any commits you make in this
2026-09-13T20:47:17.8467892Z state without impacting any branches by switching back to a branch.
2026-09-13T20:47:17.8468835Z 
2026-09-13T20:47:17.8469199Z If you want to create a new branch to retain commits you create, you may
2026-09-13T20:47:17.8470015Z do so (now or later) by using -c with the switch command. Example:
2026-09-13T20:47:17.8470463Z 
2026-09-13T20:47:17.8470666Z   git switch -c <new-branch-name>
2026-09-13T20:47:17.8479864Z 
2026-09-13T20:47:17.8480062Z Or undo this operation with:
2026-09-13T20:47:17.8480324Z 
2026-09-13T20:47:17.8480470Z   git switch -
2026-09-13T20:47:17.8480667Z 
2026-09-13T20:47:17.8481353Z Turn off this advice by setting config variable advice.detachedHead to false
2026-09-13T20:47:17.8484822Z 
2026-09-13T20:47:17.8485288Z HEAD is now at ddd2b9d ci: bind authorized Query default repair to exact application fingerprint
2026-09-13T20:47:17.8592926Z ##[endgroup]
2026-09-13T20:47:17.8658641Z [command]/usr/bin/git log -1 --format=%H
2026-09-13T20:47:17.8683265Z ddd2b9d82d560ba2657a7904f061fb20196d5924
2026-09-13T20:47:17.8705022Z ##[group]Removing auth
2026-09-13T20:47:17.8706022Z [command]/usr/bin/git config --local --name-only --get-regexp core\.sshCommand
2026-09-13T20:47:17.8745963Z [command]/usr/bin/git submodule foreach --recursive sh -c "git config --local --name-only --get-regexp 'core\.sshCommand' && git config --local --unset-all 'core.sshCommand' || :"
2026-09-13T20:47:17.9102101Z [command]/usr/bin/git config --local --name-only --get-regexp http\.https\:\/\/github\.com\/\.extraheader
2026-09-13T20:47:17.9117905Z http.https://github.com/.extraheader
2026-09-13T20:47:17.9134829Z [command]/usr/bin/git config --local --unset-all http.https://github.com/.extraheader
2026-09-13T20:47:17.9395881Z [command]/usr/bin/git submodule foreach --recursive sh -c "git config --local --name-only --get-regexp 'http\.https\:\/\/github\.com\/\.extraheader' && git config --local --unset-all 'http.https://github.com/.extraheader' || :"
2026-09-13T20:47:17.9656812Z [command]/usr/bin/git config --local --name-only --get-regexp ^includeIf\.gitdir:
2026-09-13T20:47:17.9704040Z [command]/usr/bin/git submodule foreach --recursive git config --local --show-origin --name-only --get-regexp remote.origin.url
2026-09-13T20:47:17.9975658Z ##[endgroup]
2026-09-13T20:47:18.0237707Z Node 20 is being deprecated. This workflow is running with Node 24 by default. If you need to temporarily use Node 20, you can set the ACTIONS_ALLOW_USE_UNSECURE_NODE_VERSION=true environment variable. For more information see: https://github.blog/changelog/2025-09-19-deprecation-of-node-20-on-github-actions-runners/
2026-09-13T20:47:18.0239386Z ##[group]Run actions/setup-python@v5
2026-09-13T20:47:18.0239667Z with:
2026-09-13T20:47:18.0239883Z   python-version: 3.13.5
2026-09-13T20:47:18.0240124Z   check-latest: false
2026-09-13T20:47:18.0242486Z   token: ***
2026-09-13T20:47:18.0242890Z   update-environment: true
2026-09-13T20:47:18.0243147Z   allow-prereleases: false
2026-09-13T20:47:18.0243390Z   freethreaded: false
2026-09-13T20:47:18.0243599Z env:
2026-09-13T20:47:18.0243800Z   PYTHONDONTWRITEBYTECODE: 1
2026-09-13T20:47:18.0244041Z ##[endgroup]
2026-09-13T20:47:18.1831782Z ##[group]Installed versions
2026-09-13T20:47:18.3481422Z Version 3.13.5 was not found in the local cache
2026-09-13T20:47:18.3607477Z (node:2126) [DEP0040] DeprecationWarning: The `punycode` module is deprecated. Please use a userland alternative instead.
2026-09-13T20:47:18.3609003Z (Use `node --trace-deprecation ...` to show where the warning was created)
2026-09-13T20:47:18.9926345Z Version 3.13.5 is available for downloading
2026-09-13T20:47:18.9927884Z Download from "https://github.com/actions/python-versions/releases/download/3.13.5-15601068749/python-3.13.5-linux-24.04-x64.tar.gz"
2026-09-13T20:47:20.2254630Z Extract downloaded archive
2026-09-13T20:47:20.2463807Z [command]/usr/bin/tar xz --warning=no-unknown-keyword --overwrite -C /home/runner/work/_temp/bf8e7864-600f-46a8-a158-0544d41695ae -f /home/runner/work/_temp/12576df2-6301-447c-bf59-276234af94f8
2026-09-13T20:47:22.7164505Z Execute installation script
2026-09-13T20:47:22.7296243Z Check if Python hostedtoolcache folder exist...
2026-09-13T20:47:22.7297197Z Create Python 3.13.5 folder
2026-09-13T20:47:22.7310416Z Copy Python binaries to hostedtoolcache folder
2026-09-13T20:47:23.5592930Z Create additional symlinks (Required for the UsePythonVersion Azure Pipelines task and the setup-python GitHub Action)
2026-09-13T20:47:23.5639684Z Upgrading pip...
2026-09-13T20:47:25.9563224Z Looking in links: /tmp/tmpvdo3qys2
2026-09-13T20:47:25.9584007Z Requirement already satisfied: pip in /opt/hostedtoolcache/Python/3.13.5/x64/lib/python3.13/site-packages (25.1.1)
2026-09-13T20:47:27.4922397Z Collecting pip
2026-09-13T20:47:27.5503838Z Downloading pip-26.2.1-py3-none-any.whl.metadata (4.6 kB)
2026-09-13T20:47:27.5602159Z Downloading pip-26.2.1-py3-none-any.whl (1.8 MB)
2026-09-13T20:47:27.6036217Z ━━━━━━━━━━━━━━━━━━━━━━━━━━━━━━━━━━━━━━━━ 1.8/1.8 MB 66.1 MB/s eta 0:00:00
2026-09-13T20:47:27.6054245Z 
2026-09-13T20:47:27.6228872Z Installing collected packages: pip
2026-09-13T20:47:27.6231723Z Attempting uninstall: pip
2026-09-13T20:47:27.6260937Z Found existing installation: pip 25.1.1
2026-09-13T20:47:27.6605212Z Uninstalling pip-25.1.1:
2026-09-13T20:47:27.6660272Z Successfully uninstalled pip-25.1.1
2026-09-13T20:47:28.6443136Z Successfully installed pip-26.2.1
2026-09-13T20:47:28.7061951Z Create complete file
2026-09-13T20:47:28.7103238Z Successfully set up CPython (3.13.5)
2026-09-13T20:47:28.7104976Z ##[endgroup]
2026-09-13T20:47:28.7389128Z Node 20 is being deprecated. This workflow is running with Node 24 by default. If you need to temporarily use Node 20, you can set the ACTIONS_ALLOW_USE_UNSECURE_NODE_VERSION=true environment variable. For more information see: https://github.blog/changelog/2025-09-19-deprecation-of-node-20-on-github-actions-runners/
2026-09-13T20:47:28.7390464Z ##[group]Run actions/setup-node@v4
2026-09-13T20:47:28.7390732Z with:
2026-09-13T20:47:28.7390940Z   node-version: 22.22.0
2026-09-13T20:47:28.7391175Z   always-auth: false
2026-09-13T20:47:28.7391399Z   check-latest: false
2026-09-13T20:47:28.7394396Z   token: ***
2026-09-13T20:47:28.7394619Z env:
2026-09-13T20:47:28.7394832Z   PYTHONDONTWRITEBYTECODE: 1
2026-09-13T20:47:28.7395165Z   pythonLocation: /opt/hostedtoolcache/Python/3.13.5/x64
2026-09-13T20:47:28.7395629Z   PKG_CONFIG_PATH: /opt/hostedtoolcache/Python/3.13.5/x64/lib/pkgconfig
2026-09-13T20:47:28.7396081Z   Python_ROOT_DIR: /opt/hostedtoolcache/Python/3.13.5/x64
2026-09-13T20:47:28.7396558Z   Python2_ROOT_DIR: /opt/hostedtoolcache/Python/3.13.5/x64
2026-09-13T20:47:28.7396947Z   Python3_ROOT_DIR: /opt/hostedtoolcache/Python/3.13.5/x64
2026-09-13T20:47:28.7397345Z   LD_LIBRARY_PATH: /opt/hostedtoolcache/Python/3.13.5/x64/lib
2026-09-13T20:47:28.7397678Z ##[endgroup]
2026-09-13T20:47:29.2437777Z Attempting to download 22.22.0...
2026-09-13T20:47:29.2579272Z (node:2201) [DEP0040] DeprecationWarning: The `punycode` module is deprecated. Please use a userland alternative instead.
2026-09-13T20:47:29.2580815Z (Use `node --trace-deprecation ...` to show where the warning was created)
2026-09-13T20:47:29.7127991Z Acquiring 22.22.0 - x64 from https://github.com/actions/node-versions/releases/download/22.22.0-20981702931/node-22.22.0-linux-x64.tar.gz
2026-09-13T20:47:30.4419193Z Extracting ...
2026-09-13T20:47:30.4568567Z [command]/usr/bin/tar xz --strip 1 --warning=no-unknown-keyword --overwrite -C /home/runner/work/_temp/f2be6766-fcc0-4f76-8956-d71acf70ce5e -f /home/runner/work/_temp/590e2cb6-0406-4f59-a7cf-bead4e1f1de1
2026-09-13T20:47:31.8420753Z Adding to the cache ...
2026-09-13T20:47:34.6216796Z ##[group]Environment details
2026-09-13T20:47:34.8921666Z node: v22.22.0
2026-09-13T20:47:34.8922441Z npm: 10.9.4
2026-09-13T20:47:34.8923836Z yarn: 1.22.22
2026-09-13T20:47:34.8924657Z ##[endgroup]
2026-09-13T20:47:34.9109352Z ##[group]Run python ci/retention/verify_source.py "$RUNNER_TEMP/evidence/source"
2026-09-13T20:47:34.9110016Z [36;1mpython ci/retention/verify_source.py "$RUNNER_TEMP/evidence/source"[0m
2026-09-13T20:47:34.9110668Z [36;1mpython ci/retention/verify_alignment.py "$RUNNER_TEMP/evidence/source/ALIGNMENT_RESULT.json"[0m
2026-09-13T20:47:34.9154755Z shell: /usr/bin/bash --noprofile --norc -e -o pipefail {0}
2026-09-13T20:47:34.9155122Z env:
2026-09-13T20:47:34.9155338Z   PYTHONDONTWRITEBYTECODE: 1
2026-09-13T20:47:34.9176564Z   pythonLocation: /opt/hostedtoolcache/Python/3.13.5/x64
2026-09-13T20:47:34.9177247Z   PKG_CONFIG_PATH: /opt/hostedtoolcache/Python/3.13.5/x64/lib/pkgconfig
2026-09-13T20:47:34.9177720Z   Python_ROOT_DIR: /opt/hostedtoolcache/Python/3.13.5/x64
2026-09-13T20:47:34.9178142Z   Python2_ROOT_DIR: /opt/hostedtoolcache/Python/3.13.5/x64
2026-09-13T20:47:34.9178535Z   Python3_ROOT_DIR: /opt/hostedtoolcache/Python/3.13.5/x64
2026-09-13T20:47:34.9178964Z   LD_LIBRARY_PATH: /opt/hostedtoolcache/Python/3.13.5/x64/lib
2026-09-13T20:47:34.9179317Z ##[endgroup]
2026-09-13T20:47:35.2199847Z {"source_files": 1332, "source_tree_sha256": "1c4d78c3c1bb5f448d0ebdb99d16a2d76419bbc663cc9ed8fae831e1d18c10c4", "unchanged_parent_files": 1188, "new_files": 61, "repaired_existing_files": 83, "compatibility_files_unchanged": 19, "checkpoint_commit": "ddd2b9d82d560ba2657a7904f061fb20196d5924", "byte_retention": "PASS", "full_feature_retention": "HOLD_APPROVAL_BLOCKED_PROVIDER_GUARD", "deployment": "NOT_RUN", "production": "HOLD"}
2026-09-13T20:47:35.4780974Z {"commit": "ddd2b9d82d560ba2657a7904f061fb20196d5924", "application_tree": "995d0d83faf883bec980c896fe8a17b0f12360fa", "selected_source_files": 1332, "retained_baseline_files": 1300, "registered_acceptance_repairs": 105, "selection_counts": {"BOTH": 1264, "PR47": 35, "PR48": 1}, "pr47_application_changes": ["application/frontend/shared/app.js"], "archived_tooling_files": 8, "alignment": "PASS", "historical_pass_transferred": false, "full_three_end_ux": "HOLD", "six_vertical_closed_loop": "HOLD", "sealed_node": "HOLD", "final_release": "HOLD"}
2026-09-13T20:47:35.4891951Z ##[group]Run python ci/retention/dependencies.py --repository . --output "$RUNNER_TEMP/frozen"
2026-09-13T20:47:35.4893070Z [36;1mpython ci/retention/dependencies.py --repository . --output "$RUNNER_TEMP/frozen"[0m
2026-09-13T20:47:35.4893854Z [36;1mpython -m pip install --no-index --find-links "$RUNNER_TEMP/frozen/wheelhouse" -r ci/retention/requirements.lock[0m
2026-09-13T20:47:35.4932247Z shell: /usr/bin/bash --noprofile --norc -e -o pipefail {0}
2026-09-13T20:47:35.4932857Z env:
2026-09-13T20:47:35.4933143Z   PYTHONDONTWRITEBYTECODE: 1
2026-09-13T20:47:35.4933479Z   pythonLocation: /opt/hostedtoolcache/Python/3.13.5/x64
2026-09-13T20:47:35.4933940Z   PKG_CONFIG_PATH: /opt/hostedtoolcache/Python/3.13.5/x64/lib/pkgconfig
2026-09-13T20:47:35.4934388Z   Python_ROOT_DIR: /opt/hostedtoolcache/Python/3.13.5/x64
2026-09-13T20:47:35.4934779Z   Python2_ROOT_DIR: /opt/hostedtoolcache/Python/3.13.5/x64
2026-09-13T20:47:35.4935199Z   Python3_ROOT_DIR: /opt/hostedtoolcache/Python/3.13.5/x64
2026-09-13T20:47:35.4935586Z   LD_LIBRARY_PATH: /opt/hostedtoolcache/Python/3.13.5/x64/lib
2026-09-13T20:47:35.4935915Z ##[endgroup]
2026-09-13T20:47:35.8287393Z {"archive_sha256": "b13a76ab9351f81da70e8e2c8873c20141abe953cd3f96aeb181ef86a34b58dd", "verified_wheels": 37, "source": "pinned GO repository ci/dependency_parts only", "application_source_restored": false}
2026-09-13T20:47:36.7274162Z Looking in links: /home/runner/work/_temp/frozen/wheelhouse
2026-09-13T20:47:36.7464284Z Processing /home/runner/work/_temp/frozen/wheelhouse/alembic-1.16.5-py3-none-any.whl (from -r ci/retention/requirements.lock (line 1))
2026-09-13T20:47:36.7584469Z Processing /home/runner/work/_temp/frozen/wheelhouse/annotated_doc-0.0.4-py3-none-any.whl (from -r ci/retention/requirements.lock (line 2))
2026-09-13T20:47:36.7634411Z Processing /home/runner/work/_temp/frozen/wheelhouse/annotated_types-0.7.0-py3-none-any.whl (from -r ci/retention/requirements.lock (line 3))
2026-09-13T20:47:36.7674224Z Processing /home/runner/work/_temp/frozen/wheelhouse/anyio-4.13.0-py3-none-any.whl (from -r ci/retention/requirements.lock (line 4))
2026-09-13T20:47:36.7734249Z Processing /home/runner/work/_temp/frozen/wheelhouse/certifi-2026.5.20-py3-none-any.whl (from -r ci/retention/requirements.lock (line 5))
2026-09-13T20:47:36.7774319Z Processing /home/runner/work/_temp/frozen/wheelhouse/cffi-2.0.0-cp313-cp313-manylinux_2_17_x86_64.whl (from -r ci/retention/requirements.lock (line 6))
2026-09-13T20:47:36.7814126Z Processing /home/runner/work/_temp/frozen/wheelhouse/click-8.5.0-py3-none-any.whl (from -r ci/retention/requirements.lock (line 7))
2026-09-13T20:47:36.7854258Z Processing /home/runner/work/_temp/frozen/wheelhouse/cryptography-46.0.4-cp311-abi3-manylinux_2_34_x86_64.whl (from -r ci/retention/requirements.lock (line 8))
2026-09-13T20:47:36.7991647Z Processing /home/runner/work/_temp/frozen/wheelhouse/fastapi-0.128.2-py3-none-any.whl (from -r ci/retention/requirements.lock (line 9))
2026-09-13T20:47:36.8098439Z Processing /home/runner/work/_temp/frozen/wheelhouse/greenlet-3.5.1-cp313-cp313-manylinux_2_24_x86_64.whl (from -r ci/retention/requirements.lock (line 10))
2026-09-13T20:47:36.8164137Z Processing /home/runner/work/_temp/frozen/wheelhouse/h11-0.16.0-py3-none-any.whl (from -r ci/retention/requirements.lock (line 11))
2026-09-13T20:47:36.8214245Z Processing /home/runner/work/_temp/frozen/wheelhouse/httpcore-1.0.9-py3-none-any.whl (from -r ci/retention/requirements.lock (line 12))
2026-09-13T20:47:36.8274189Z Processing /home/runner/work/_temp/frozen/wheelhouse/httpx-0.28.1-py3-none-any.whl (from -r ci/retention/requirements.lock (line 13))
2026-09-13T20:47:36.8344150Z Processing /home/runner/work/_temp/frozen/wheelhouse/idna-3.17-py3-none-any.whl (from -r ci/retention/requirements.lock (line 14))
2026-09-13T20:47:36.8384204Z Processing /home/runner/work/_temp/frozen/wheelhouse/iniconfig-2.3.0-py3-none-any.whl (from -r ci/retention/requirements.lock (line 15))
2026-09-13T20:47:36.8414552Z Processing /home/runner/work/_temp/frozen/wheelhouse/mako-1.3.10-py3-none-any.whl (from -r ci/retention/requirements.lock (line 16))
2026-09-13T20:47:36.8460437Z Processing /home/runner/work/_temp/frozen/wheelhouse/markupsafe-3.0.3-cp313-cp313-manylinux2014_x86_64.manylinux_2_17_x86_64.manylinux_2_28_x86_64.whl (from -r ci/retention/requirements.lock (line 17))
2026-09-13T20:47:36.8496210Z Processing /home/runner/work/_temp/frozen/wheelhouse/packaging-25.0-py3-none-any.whl (from -r ci/retention/requirements.lock (line 18))
2026-09-13T20:47:36.8525676Z Processing /home/runner/work/_temp/frozen/wheelhouse/pillow-12.3.0-cp313-cp313-manylinux_2_27_x86_64.whl (from -r ci/retention/requirements.lock (line 19))
2026-09-13T20:47:36.8640377Z Processing /home/runner/work/_temp/frozen/wheelhouse/pluggy-1.6.0-py3-none-any.whl (from -r ci/retention/requirements.lock (line 20))
2026-09-13T20:47:36.8686030Z Processing /home/runner/work/_temp/frozen/wheelhouse/psycopg_binary-3.2.10-cp313-cp313-manylinux2014_x86_64.manylinux_2_17_x86_64.whl (from -r ci/retention/requirements.lock (line 21))
2026-09-13T20:47:36.8758196Z Processing /home/runner/work/_temp/frozen/wheelhouse/psycopg-3.2.10-py3-none-any.whl (from -r ci/retention/requirements.lock (line 22))
2026-09-13T20:47:36.8817425Z Processing /home/runner/work/_temp/frozen/wheelhouse/pycparser-3.0-py3-none-any.whl (from -r ci/retention/requirements.lock (line 23))
2026-09-13T20:47:36.8846510Z Processing /home/runner/work/_temp/frozen/wheelhouse/pydantic_settings-2.14.1-py3-none-any.whl (from -r ci/retention/requirements.lock (line 24))
2026-09-13T20:47:36.8879259Z Processing /home/runner/work/_temp/frozen/wheelhouse/pydantic-2.13.4-py3-none-any.whl (from -r ci/retention/requirements.lock (line 25))
2026-09-13T20:47:36.8957759Z Processing /home/runner/work/_temp/frozen/wheelhouse/pydantic_core-2.46.4-cp313-cp313-manylinux_2_17_x86_64.whl (from -r ci/retention/requirements.lock (line 26))
2026-09-13T20:47:36.9011012Z Processing /home/runner/work/_temp/frozen/wheelhouse/Pygments-2.20.0-py3-none-any.whl (from -r ci/retention/requirements.lock (line 27))
2026-09-13T20:47:36.9103062Z Processing /home/runner/work/_temp/frozen/wheelhouse/PyJWT-2.13.0-py3-none-any.whl (from -r ci/retention/requirements.lock (line 28))
2026-09-13T20:47:36.9131795Z Processing /home/runner/work/_temp/frozen/wheelhouse/pytest_asyncio-1.3.0-py3-none-any.whl (from -r ci/retention/requirements.lock (line 29))
2026-09-13T20:47:36.9163932Z Processing /home/runner/work/_temp/frozen/wheelhouse/pytest-9.0.2-py3-none-any.whl (from -r ci/retention/requirements.lock (line 30))
2026-09-13T20:47:36.9218210Z Processing /home/runner/work/_temp/frozen/wheelhouse/python_dotenv-1.2.2-py3-none-any.whl (from -r ci/retention/requirements.lock (line 31))
2026-09-13T20:47:36.9257252Z Processing /home/runner/work/_temp/frozen/wheelhouse/redis-5.2.1-py3-none-any.whl (from -r ci/retention/requirements.lock (line 32))
2026-09-13T20:47:36.9293213Z Processing /home/runner/work/_temp/frozen/wheelhouse/SQLAlchemy-2.0.50-cp313-cp313-manylinux_2_17_x86_64.whl (from -r ci/retention/requirements.lock (line 33))
2026-09-13T20:47:36.9447099Z Processing /home/runner/work/_temp/frozen/wheelhouse/starlette-0.50.0-py3-none-any.whl (from -r ci/retention/requirements.lock (line 34))
2026-09-13T20:47:36.9483398Z Processing /home/runner/work/_temp/frozen/wheelhouse/typing_inspection-0.4.2-py3-none-any.whl (from -r ci/retention/requirements.lock (line 35))
2026-09-13T20:47:36.9508710Z Processing /home/runner/work/_temp/frozen/wheelhouse/typing_extensions-4.16.0-py3-none-any.whl (from -r ci/retention/requirements.lock (line 36))
2026-09-13T20:47:36.9535275Z Processing /home/runner/work/_temp/frozen/wheelhouse/uvicorn-0.35.0-py3-none-any.whl (from -r ci/retention/requirements.lock (line 37))
2026-09-13T20:47:37.0831089Z Installing collected packages: typing_extensions, redis, python-dotenv, PyJWT, Pygments, pycparser, psycopg-binary, psycopg, pluggy, Pillow, packaging, MarkupSafe, iniconfig, idna, h11, greenlet, click, certifi, annotated-types, annotated-doc, uvicorn, typing-inspection, SQLAlchemy, pytest, pydantic_core, Mako, httpcore, cffi, anyio, starlette, pytest-asyncio, pydantic, httpx, cryptography, alembic, pydantic-settings, fastapi
2026-09-13T20:47:42.0785098Z 
2026-09-13T20:47:42.0832354Z Successfully installed Mako-1.3.10 MarkupSafe-3.0.3 Pillow-12.3.0 PyJWT-2.13.0 Pygments-2.20.0 SQLAlchemy-2.0.50 alembic-1.16.5 annotated-doc-0.0.4 annotated-types-0.7.0 anyio-4.13.0 certifi-2026.5.20 cffi-2.0.0 click-8.5.0 cryptography-46.0.4 fastapi-0.128.2 greenlet-3.5.1 h11-0.16.0 httpcore-1.0.9 httpx-0.28.1 idna-3.17 iniconfig-2.3.0 packaging-25.0 pluggy-1.6.0 psycopg-3.2.10 psycopg-binary-3.2.10 pycparser-3.0 pydantic-2.13.4 pydantic-settings-2.14.1 pydantic_core-2.46.4 pytest-9.0.2 pytest-asyncio-1.3.0 python-dotenv-1.2.2 redis-5.2.1 starlette-0.50.0 typing-inspection-0.4.2 typing_extensions-4.16.0 uvicorn-0.35.0
2026-09-13T20:47:42.1504601Z ##[group]Run export GO_NATIVE_NODE="$(command -v node)"
2026-09-13T20:47:42.1505142Z [36;1mexport GO_NATIVE_NODE="$(command -v node)"[0m
2026-09-13T20:47:42.1505652Z [36;1mpython ci/retention/run_suite.py --shard 1 --evidence "$RUNNER_TEMP/evidence/tests"[0m
2026-09-13T20:47:42.1543376Z shell: /usr/bin/bash --noprofile --norc -e -o pipefail {0}
2026-09-13T20:47:42.1543742Z env:
2026-09-13T20:47:42.1543963Z   PYTHONDONTWRITEBYTECODE: 1
2026-09-13T20:47:42.1544291Z   pythonLocation: /opt/hostedtoolcache/Python/3.13.5/x64
2026-09-13T20:47:42.1544740Z   PKG_CONFIG_PATH: /opt/hostedtoolcache/Python/3.13.5/x64/lib/pkgconfig
2026-09-13T20:47:42.1545171Z   Python_ROOT_DIR: /opt/hostedtoolcache/Python/3.13.5/x64
2026-09-13T20:47:42.1545725Z   Python2_ROOT_DIR: /opt/hostedtoolcache/Python/3.13.5/x64
2026-09-13T20:47:42.1546119Z   Python3_ROOT_DIR: /opt/hostedtoolcache/Python/3.13.5/x64
2026-09-13T20:47:42.1546524Z   LD_LIBRARY_PATH: /opt/hostedtoolcache/Python/3.13.5/x64/lib
2026-09-13T20:47:42.1546898Z ##[endgroup]
2026-09-13T20:54:00.6676233Z ........................................................................ [ 13%]
2026-09-13T20:54:00.6677323Z ........................................................................ [ 27%]
2026-09-13T20:54:00.6678364Z ........................................................................ [ 41%]
2026-09-13T20:54:00.6679394Z ........................................................................ [ 55%]
2026-09-13T20:54:00.6680427Z ........................................................................ [ 69%]
2026-09-13T20:54:00.6681445Z ........................................................................ [ 83%]
2026-09-13T20:54:00.6682427Z ........................................................................ [ 97%]
2026-09-13T20:54:00.6683695Z ..............                                                           [100%]
2026-09-13T20:54:00.6684626Z =============================== warnings summary ===============================
2026-09-13T20:54:00.6685566Z tests/test_depth09_hotel_replication.py: 175 warnings
2026-09-13T20:54:00.6686745Z tests/test_v61_media_harvester_rights_gate.py: 5 warnings
2026-09-13T20:54:00.6688871Z   /home/runner/work/GO/GO/application/src/go_hotel/services/media_harvester.py:79: DeprecationWarning: Image.Image.getdata is deprecated and will be removed in Pillow 14 (2027-10-15). Use get_flattened_data instead.
2026-09-13T20:54:00.6690681Z     px=list(g.getdata())
2026-09-13T20:54:00.6691154Z 
2026-09-13T20:54:00.6691660Z tests/test_depth19_api_migration.py: 5 warnings
2026-09-13T20:54:00.6692501Z tests/test_depth23_capacity.py: 5 warnings
2026-09-13T20:54:00.6695574Z   /opt/hostedtoolcache/Python/3.13.5/x64/lib/python3.13/site-packages/alembic/config.py:598: DeprecationWarning: No path_separator found in configuration; falling back to legacy splitting on spaces, commas, and colons for prepend_sys_path.  Consider adding path_separator=os to Alembic config.
2026-09-13T20:54:00.6697966Z     util.warn_deprecated(
2026-09-13T20:54:00.6698482Z 
2026-09-13T20:54:00.6699301Z -- Docs: https://docs.pytest.org/en/stable/how-to/capture-warnings.html
2026-09-13T20:54:00.6700521Z 518 passed, 190 warnings in 373.14s (0:06:13)
2026-09-13T20:54:00.6701145Z 
2026-09-13T20:54:00.6703182Z {"exit_code": 0, "selected_files": 63, "shard": 1, "real_providers": "NOT_RUN", "hong_kong": "NOT_ACCESSED", "tests": 518, "failures": 0, "errors": 0, "skipped": 0, "passed": 518}
2026-09-13T20:54:00.6839049Z Node 20 is being deprecated. This workflow is running with Node 24 by default. If you need to temporarily use Node 20, you can set the ACTIONS_ALLOW_USE_UNSECURE_NODE_VERSION=true environment variable. For more information see: https://github.blog/changelog/2025-09-19-deprecation-of-node-20-on-github-actions-runners/
2026-09-13T20:54:00.6840413Z ##[group]Run actions/upload-artifact@v4
2026-09-13T20:54:00.6840755Z with:
2026-09-13T20:54:00.6841158Z   name: canonical-retention-shard-1-ddd2b9d82d560ba2657a7904f061fb20196d5924
2026-09-13T20:54:00.6841652Z   path: /home/runner/work/_temp/evidence
2026-09-13T20:54:00.6842000Z   if-no-files-found: error
2026-09-13T20:54:00.6842310Z   compression-level: 6
2026-09-13T20:54:00.6842814Z   overwrite: false
2026-09-13T20:54:00.6843107Z   include-hidden-files: false
2026-09-13T20:54:00.6843402Z env:
2026-09-13T20:54:00.6843667Z   PYTHONDONTWRITEBYTECODE: 1
2026-09-13T20:54:00.6844033Z   pythonLocation: /opt/hostedtoolcache/Python/3.13.5/x64
2026-09-13T20:54:00.6844535Z   PKG_CONFIG_PATH: /opt/hostedtoolcache/Python/3.13.5/x64/lib/pkgconfig
2026-09-13T20:54:00.6845025Z   Python_ROOT_DIR: /opt/hostedtoolcache/Python/3.13.5/x64
2026-09-13T20:54:00.6845453Z   Python2_ROOT_DIR: /opt/hostedtoolcache/Python/3.13.5/x64
2026-09-13T20:54:00.6845880Z   Python3_ROOT_DIR: /opt/hostedtoolcache/Python/3.13.5/x64
2026-09-13T20:54:00.6846498Z   LD_LIBRARY_PATH: /opt/hostedtoolcache/Python/3.13.5/x64/lib
2026-09-13T20:54:00.6846880Z ##[endgroup]
2026-09-13T20:54:00.8590785Z (node:3232) [DEP0040] DeprecationWarning: The `punycode` module is deprecated. Please use a userland alternative instead.
2026-09-13T20:54:00.8592838Z (Use `node --trace-deprecation ...` to show where the warning was created)
2026-09-13T20:54:00.8751439Z With the provided path, there will be 7 files uploaded
2026-09-13T20:54:00.8773704Z Artifact name is valid!
2026-09-13T20:54:00.8774282Z Root directory input is valid!
2026-09-13T20:54:01.0864703Z Beginning upload of artifact content to blob storage
2026-09-13T20:54:01.1545031Z (node:3232) [DEP0169] DeprecationWarning: `url.parse()` behavior is not standardized and prone to errors that have security implications. Use the WHATWG URL API instead. CVEs are not issued for `url.parse()` vulnerabilities.
2026-09-13T20:54:01.1900120Z Uploaded bytes 81791
2026-09-13T20:54:01.2073570Z Finished uploading artifact content to blob storage!
2026-09-13T20:54:01.2092011Z SHA256 digest of uploaded artifact zip is 4a95180838d88c9e340a090061f338fff3c48c0c1bd2b3e2680143f6b85ff97a
2026-09-13T20:54:01.2094047Z Finalizing artifact upload
2026-09-13T20:54:01.4034263Z Artifact canonical-retention-shard-1-ddd2b9d82d560ba2657a7904f061fb20196d5924.zip successfully finalized. Artifact ID 10325388753
2026-09-13T20:54:01.4040917Z Artifact canonical-retention-shard-1-ddd2b9d82d560ba2657a7904f061fb20196d5924 has been successfully uploaded! Final size is 81791 bytes. Artifact ID is 10325388753
2026-09-13T20:54:01.4064420Z Artifact download URL: https://github.com/yuguangzhi3836-glitch/GO/actions/runs/34781824271/artifacts/10325388753
2026-09-13T20:54:01.4215222Z Node 20 is being deprecated. This workflow is running with Node 24 by default. If you need to temporarily use Node 20, you can set the ACTIONS_ALLOW_USE_UNSECURE_NODE_VERSION=true environment variable. For more information see: https://github.blog/changelog/2025-09-19-deprecation-of-node-20-on-github-actions-runners/
2026-09-13T20:54:01.4216521Z Post job cleanup.
2026-09-13T20:54:01.5505182Z (node:3244) [DEP0040] DeprecationWarning: The `punycode` module is deprecated. Please use a userland alternative instead.
2026-09-13T20:54:01.5506953Z (Use `node --trace-deprecation ...` to show where the warning was created)
2026-09-13T20:54:01.5739079Z Node 20 is being deprecated. This workflow is running with Node 24 by default. If you need to temporarily use Node 20, you can set the ACTIONS_ALLOW_USE_UNSECURE_NODE_VERSION=true environment variable. For more information see: https://github.blog/changelog/2025-09-19-deprecation-of-node-20-on-github-actions-runners/
2026-09-13T20:54:01.5741264Z Post job cleanup.
2026-09-13T20:54:01.7932381Z (node:3252) [DEP0040] DeprecationWarning: The `punycode` module is deprecated. Please use a userland alternative instead.
2026-09-13T20:54:01.7939089Z (Use `node --trace-deprecation ...` to show where the warning was created)
2026-09-13T20:54:01.8343034Z Node 20 is being deprecated. This workflow is running with Node 24 by default. If you need to temporarily use Node 20, you can set the ACTIONS_ALLOW_USE_UNSECURE_NODE_VERSION=true environment variable. For more information see: https://github.blog/changelog/2025-09-19-deprecation-of-node-20-on-github-actions-runners/
2026-09-13T20:54:01.8345318Z Post job cleanup.
2026-09-13T20:54:01.9933667Z [command]/usr/bin/git version
2026-09-13T20:54:02.0020407Z git version 2.55.0
2026-09-13T20:54:02.0100520Z Temporarily overriding HOME='/home/runner/work/_temp/fef11f9f-60ae-44fb-a8a5-770ee24a7e02' before making global git config changes
2026-09-13T20:54:02.0102922Z Adding repository directory to the temporary git global config as a safe directory
2026-09-13T20:54:02.0105193Z [command]/usr/bin/git config --global --add safe.directory /home/runner/work/GO/GO
2026-09-13T20:54:02.0207617Z [command]/usr/bin/git config --local --name-only --get-regexp core\.sshCommand
2026-09-13T20:54:02.0242124Z [command]/usr/bin/git submodule foreach --recursive sh -c "git config --local --name-only --get-regexp 'core\.sshCommand' && git config --local --unset-all 'core.sshCommand' || :"
2026-09-13T20:54:02.0714029Z [command]/usr/bin/git config --local --name-only --get-regexp http\.https\:\/\/github\.com\/\.extraheader
2026-09-13T20:54:02.0798269Z [command]/usr/bin/git submodule foreach --recursive sh -c "git config --local --name-only --get-regexp 'http\.https\:\/\/github\.com\/\.extraheader' && git config --local --unset-all 'http.https://github.com/.extraheader' || :"
2026-09-13T20:54:02.1203905Z [command]/usr/bin/git config --local --name-only --get-regexp ^includeIf\.gitdir:
2026-09-13T20:54:02.1267607Z [command]/usr/bin/git submodule foreach --recursive git config --local --show-origin --name-only --get-regexp remote.origin.url
2026-09-13T20:54:02.1793834Z Cleaning up orphan processes
2026-09-13T20:54:02.2151334Z ##[warning]Node.js 20 is deprecated. The following actions target Node.js 20 but are being forced to run on Node.js 24: actions/checkout@v4, actions/setup-node@v4, actions/setup-python@v5, actions/upload-artifact@v4. For more information see: https://github.blog/changelog/2025-09-19-deprecation-of-node-20-on-github-actions-runners/
