2026-09-13T20:47:00.7275814Z Current runner version: '2.337.0'
2026-09-13T20:47:00.7311644Z ##[group]Runner Image Provisioner
2026-09-13T20:47:00.7312951Z Hosted Compute Agent
2026-09-13T20:47:00.7314433Z Version: 20260828.587
2026-09-13T20:47:00.7315549Z Commit: abac92662cab4cc7352de4f9f9d2e2419aad9c29
2026-09-13T20:47:00.7316772Z Build Date: 2026-08-28T16:44:25Z
2026-09-13T20:47:00.7318067Z Worker ID: {85d75b91-70f3-4efb-b38c-b8b58c41b007}
2026-09-13T20:47:00.7319303Z Azure Region: northcentralus
2026-09-13T20:47:00.7320344Z ##[endgroup]
2026-09-13T20:47:00.7322976Z ##[group]Operating System
2026-09-13T20:47:00.7324388Z Ubuntu
2026-09-13T20:47:00.7325443Z 24.04.5
2026-09-13T20:47:00.7326338Z LTS
2026-09-13T20:47:00.7327233Z ##[endgroup]
2026-09-13T20:47:00.7328380Z ##[group]Runner Image
2026-09-13T20:47:00.7329429Z Image: ubuntu-24.04
2026-09-13T20:47:00.7330558Z Version: 20260907.300.1
2026-09-13T20:47:00.7332700Z Included Software: https://github.com/actions/runner-images/blob/ubuntu24/20260907.300/images/ubuntu/Ubuntu2404-Readme.md
2026-09-13T20:47:00.7335832Z Image Release: https://github.com/actions/runner-images/releases/tag/ubuntu24%2F20260907.300
2026-09-13T20:47:00.7337585Z ##[endgroup]
2026-09-13T20:47:00.7339567Z ##[group]GITHUB_TOKEN Permissions
2026-09-13T20:47:00.7342273Z Contents: read
2026-09-13T20:47:00.7343358Z Metadata: read
2026-09-13T20:47:00.7344666Z ##[endgroup]
2026-09-13T20:47:00.7347789Z Secret source: Actions
2026-09-13T20:47:00.7349485Z Cache mode: write
2026-09-13T20:47:00.7350632Z Prepare workflow directory
2026-09-13T20:47:00.7999593Z Prepare all required actions
2026-09-13T20:47:00.8122422Z Getting action download info
2026-09-13T20:47:01.1337422Z Download action repository 'actions/checkout@v4' (SHA:11d5960a326750d5838078e36cf38b85af677262)
2026-09-13T20:47:01.2657472Z Download action repository 'actions/setup-python@v5' (SHA:a26af69be951a213d495a4c3e4e4022e16d87065)
2026-09-13T20:47:01.3675251Z Download action repository 'actions/setup-node@v4' (SHA:49933ea5288caeca8642d1e84afbd3f7d6820020)
2026-09-13T20:47:01.4642831Z Download action repository 'actions/upload-artifact@v4' (SHA:ea165f8d65b6e75b540449e92b4886f43607fa02)
2026-09-13T20:47:01.7263922Z Complete job name: browser
2026-09-13T20:47:01.8241511Z Node 20 is being deprecated. This workflow is running with Node 24 by default. If you need to temporarily use Node 20, you can set the ACTIONS_ALLOW_USE_UNSECURE_NODE_VERSION=true environment variable. For more information see: https://github.blog/changelog/2025-09-19-deprecation-of-node-20-on-github-actions-runners/
2026-09-13T20:47:01.8257369Z ##[group]Run actions/checkout@v4
2026-09-13T20:47:01.8258955Z with:
2026-09-13T20:47:01.8259842Z   ref: ddd2b9d82d560ba2657a7904f061fb20196d5924
2026-09-13T20:47:01.8261013Z   persist-credentials: false
2026-09-13T20:47:01.8262043Z   repository: yuguangzhi3836-glitch/GO
2026-09-13T20:47:01.8271718Z   token: ***
2026-09-13T20:47:01.8272522Z   ssh-strict: true
2026-09-13T20:47:01.8273331Z   ssh-user: git
2026-09-13T20:47:01.8274257Z   clean: true
2026-09-13T20:47:01.8275116Z   sparse-checkout-cone-mode: true
2026-09-13T20:47:01.8276105Z   fetch-depth: 1
2026-09-13T20:47:01.8276902Z   fetch-tags: false
2026-09-13T20:47:01.8277761Z   show-progress: true
2026-09-13T20:47:01.8278613Z   lfs: false
2026-09-13T20:47:01.8279370Z   submodules: false
2026-09-13T20:47:01.8280201Z   set-safe-directory: true
2026-09-13T20:47:01.8281154Z   allow-unsafe-pr-checkout: false
2026-09-13T20:47:01.8282448Z env:
2026-09-13T20:47:01.8283234Z   PYTHONDONTWRITEBYTECODE: 1
2026-09-13T20:47:01.8284340Z ##[endgroup]
2026-09-13T20:47:01.9519713Z Syncing repository: yuguangzhi3836-glitch/GO
2026-09-13T20:47:01.9526820Z ##[group]Getting Git version info
2026-09-13T20:47:01.9528689Z Working directory is '/home/runner/work/GO/GO'
2026-09-13T20:47:01.9531484Z [command]/usr/bin/git version
2026-09-13T20:47:01.9740525Z git version 2.55.0
2026-09-13T20:47:01.9752326Z ##[endgroup]
2026-09-13T20:47:01.9765960Z Temporarily overriding HOME='/home/runner/work/_temp/31face7c-33a3-416c-af95-fa29283972fa' before making global git config changes
2026-09-13T20:47:01.9770982Z Adding repository directory to the temporary git global config as a safe directory
2026-09-13T20:47:01.9774740Z [command]/usr/bin/git config --global --add safe.directory /home/runner/work/GO/GO
2026-09-13T20:47:01.9875011Z Deleting the contents of '/home/runner/work/GO/GO'
2026-09-13T20:47:01.9895940Z ##[group]Initializing the repository
2026-09-13T20:47:01.9898214Z [command]/usr/bin/git init /home/runner/work/GO/GO
2026-09-13T20:47:01.9995941Z hint: Using 'master' as the name for the initial branch. This default branch name
2026-09-13T20:47:02.0021344Z hint: will change to "main" in Git 3.0. To configure the initial branch name
2026-09-13T20:47:02.0033664Z hint: to use in all of your new repositories, which will suppress this warning,
2026-09-13T20:47:02.0037028Z hint: call:
2026-09-13T20:47:02.0038520Z hint:
2026-09-13T20:47:02.0040767Z hint: 	git config --global init.defaultBranch <name>
2026-09-13T20:47:02.0043315Z hint:
2026-09-13T20:47:02.0046380Z hint: Names commonly chosen instead of 'master' are 'main', 'trunk' and
2026-09-13T20:47:02.0050558Z hint: 'development'. The just-created branch can be renamed via this command:
2026-09-13T20:47:02.0053835Z hint:
2026-09-13T20:47:02.0055738Z hint: 	git branch -m <name>
2026-09-13T20:47:02.0057767Z hint:
2026-09-13T20:47:02.0060452Z hint: Disable this message with "git config set advice.defaultBranchName false"
2026-09-13T20:47:02.0068490Z Initialized empty Git repository in /home/runner/work/GO/GO/.git/
2026-09-13T20:47:02.0075858Z [command]/usr/bin/git remote add origin https://github.com/yuguangzhi3836-glitch/GO
2026-09-13T20:47:02.0117397Z ##[endgroup]
2026-09-13T20:47:02.0120001Z ##[group]Disabling automatic garbage collection
2026-09-13T20:47:02.0128823Z [command]/usr/bin/git config --local gc.auto 0
2026-09-13T20:47:02.0202623Z ##[endgroup]
2026-09-13T20:47:02.0224411Z ##[group]Setting up auth
2026-09-13T20:47:02.0265420Z [command]/usr/bin/git config --local --name-only --get-regexp core\.sshCommand
2026-09-13T20:47:02.0308281Z [command]/usr/bin/git submodule foreach --recursive sh -c "git config --local --name-only --get-regexp 'core\.sshCommand' && git config --local --unset-all 'core.sshCommand' || :"
2026-09-13T20:47:02.0795296Z [command]/usr/bin/git config --local --name-only --get-regexp http\.https\:\/\/github\.com\/\.extraheader
2026-09-13T20:47:02.0852350Z [command]/usr/bin/git submodule foreach --recursive sh -c "git config --local --name-only --get-regexp 'http\.https\:\/\/github\.com\/\.extraheader' && git config --local --unset-all 'http.https://github.com/.extraheader' || :"
2026-09-13T20:47:02.1141134Z [command]/usr/bin/git config --local --name-only --get-regexp ^includeIf\.gitdir:
2026-09-13T20:47:02.1184547Z [command]/usr/bin/git submodule foreach --recursive git config --local --show-origin --name-only --get-regexp remote.origin.url
2026-09-13T20:47:02.1436100Z [command]/usr/bin/git config --local http.https://github.com/.extraheader AUTHORIZATION: basic ***
2026-09-13T20:47:02.1478861Z ##[endgroup]
2026-09-13T20:47:02.1481770Z ##[group]Fetching the repository
2026-09-13T20:47:02.1491006Z [command]/usr/bin/git -c protocol.version=2 fetch --no-tags --prune --no-recurse-submodules --depth=1 origin ddd2b9d82d560ba2657a7904f061fb20196d5924
2026-09-13T20:47:16.8615634Z From https://github.com/yuguangzhi3836-glitch/GO
2026-09-13T20:47:16.8626690Z  * branch            ddd2b9d82d560ba2657a7904f061fb20196d5924 -> FETCH_HEAD
2026-09-13T20:47:16.8650114Z ##[endgroup]
2026-09-13T20:47:16.8651318Z ##[group]Determining the checkout info
2026-09-13T20:47:16.8652532Z ##[endgroup]
2026-09-13T20:47:16.8653413Z [command]/usr/bin/git sparse-checkout disable
2026-09-13T20:47:16.9003868Z [command]/usr/bin/git config --local --unset-all extensions.worktreeConfig
2026-09-13T20:47:16.9090828Z ##[group]Checking out the ref
2026-09-13T20:47:16.9094082Z [command]/usr/bin/git checkout --progress --force ddd2b9d82d560ba2657a7904f061fb20196d5924
2026-09-13T20:47:18.0480556Z Updating files:  32% (1632/4950)
2026-09-13T20:47:18.5884125Z Updating files:  33% (1634/4950)
2026-09-13T20:47:18.5909012Z Updating files:  34% (1683/4950)
2026-09-13T20:47:18.5944198Z Updating files:  35% (1733/4950)
2026-09-13T20:47:18.5970222Z Updating files:  36% (1782/4950)
2026-09-13T20:47:18.6087218Z Updating files:  37% (1832/4950)
2026-09-13T20:47:18.6142462Z Updating files:  38% (1881/4950)
2026-09-13T20:47:18.6194386Z Updating files:  39% (1931/4950)
2026-09-13T20:47:18.6240625Z Updating files:  40% (1980/4950)
2026-09-13T20:47:18.6264928Z Updating files:  41% (2030/4950)
2026-09-13T20:47:18.6291795Z Updating files:  42% (2079/4950)
2026-09-13T20:47:18.6318526Z Updating files:  43% (2129/4950)
2026-09-13T20:47:18.6347610Z Updating files:  44% (2178/4950)
2026-09-13T20:47:18.6390620Z Updating files:  45% (2228/4950)
2026-09-13T20:47:18.6431728Z Updating files:  46% (2277/4950)
2026-09-13T20:47:18.6470425Z Updating files:  47% (2327/4950)
2026-09-13T20:47:18.6534378Z Updating files:  48% (2376/4950)
2026-09-13T20:47:18.6594343Z Updating files:  49% (2426/4950)
2026-09-13T20:47:18.6631689Z Updating files:  50% (2475/4950)
2026-09-13T20:47:18.6686316Z Updating files:  51% (2525/4950)
2026-09-13T20:47:18.6744401Z Updating files:  52% (2574/4950)
2026-09-13T20:47:18.6779198Z Updating files:  53% (2624/4950)
2026-09-13T20:47:18.6809890Z Updating files:  54% (2673/4950)
2026-09-13T20:47:18.6841029Z Updating files:  55% (2723/4950)
2026-09-13T20:47:18.6874398Z Updating files:  56% (2772/4950)
2026-09-13T20:47:18.6904318Z Updating files:  57% (2822/4950)
2026-09-13T20:47:18.6935896Z Updating files:  58% (2871/4950)
2026-09-13T20:47:18.6975754Z Updating files:  59% (2921/4950)
2026-09-13T20:47:18.7389996Z Updating files:  60% (2970/4950)
2026-09-13T20:47:18.7987118Z Updating files:  61% (3020/4950)
2026-09-13T20:47:18.8020391Z Updating files:  62% (3069/4950)
2026-09-13T20:47:18.8098817Z Updating files:  63% (3119/4950)
2026-09-13T20:47:18.8325593Z Updating files:  64% (3168/4950)
2026-09-13T20:47:18.8518676Z Updating files:  65% (3218/4950)
2026-09-13T20:47:18.8927822Z Updating files:  66% (3267/4950)
2026-09-13T20:47:18.9083038Z Updating files:  67% (3317/4950)
2026-09-13T20:47:18.9118474Z Updating files:  68% (3366/4950)
2026-09-13T20:47:18.9142842Z Updating files:  69% (3416/4950)
2026-09-13T20:47:18.9168482Z Updating files:  70% (3465/4950)
2026-09-13T20:47:18.9198774Z Updating files:  71% (3515/4950)
2026-09-13T20:47:18.9261340Z Updating files:  72% (3564/4950)
2026-09-13T20:47:18.9288612Z Updating files:  73% (3614/4950)
2026-09-13T20:47:18.9312527Z Updating files:  74% (3663/4950)
2026-09-13T20:47:18.9341064Z Updating files:  75% (3713/4950)
2026-09-13T20:47:18.9385701Z Updating files:  76% (3762/4950)
2026-09-13T20:47:18.9433811Z Updating files:  77% (3812/4950)
2026-09-13T20:47:18.9469864Z Updating files:  78% (3861/4950)
2026-09-13T20:47:18.9502156Z Updating files:  79% (3911/4950)
2026-09-13T20:47:18.9513289Z Updating files:  79% (3945/4950)
2026-09-13T20:47:18.9563220Z Updating files:  80% (3960/4950)
2026-09-13T20:47:18.9607631Z Updating files:  81% (4010/4950)
2026-09-13T20:47:18.9783774Z Updating files:  82% (4059/4950)
2026-09-13T20:47:18.9937775Z Updating files:  83% (4109/4950)
2026-09-13T20:47:19.0438958Z Updating files:  84% (4158/4950)
2026-09-13T20:47:19.0496409Z Updating files:  85% (4208/4950)
2026-09-13T20:47:19.0540067Z Updating files:  86% (4257/4950)
2026-09-13T20:47:19.0572216Z Updating files:  87% (4307/4950)
2026-09-13T20:47:19.0596275Z Updating files:  88% (4356/4950)
2026-09-13T20:47:19.0620000Z Updating files:  89% (4406/4950)
2026-09-13T20:47:19.0658197Z Updating files:  90% (4455/4950)
2026-09-13T20:47:19.0720864Z Updating files:  91% (4505/4950)
2026-09-13T20:47:19.0743115Z Updating files:  92% (4554/4950)
2026-09-13T20:47:19.0766275Z Updating files:  93% (4604/4950)
2026-09-13T20:47:19.0791756Z Updating files:  94% (4653/4950)
2026-09-13T20:47:19.0826504Z Updating files:  95% (4703/4950)
2026-09-13T20:47:19.0863987Z Updating files:  96% (4752/4950)
2026-09-13T20:47:19.0891505Z Updating files:  97% (4802/4950)
2026-09-13T20:47:19.0926525Z Updating files:  98% (4851/4950)
2026-09-13T20:47:19.0952382Z Updating files:  99% (4901/4950)
2026-09-13T20:47:19.0954493Z Updating files: 100% (4950/4950)
2026-09-13T20:47:19.0955150Z Updating files: 100% (4950/4950), done.
2026-09-13T20:47:19.9739552Z Note: switching to 'ddd2b9d82d560ba2657a7904f061fb20196d5924'.
2026-09-13T20:47:19.9740230Z 
2026-09-13T20:47:19.9740917Z You are in 'detached HEAD' state. You can look around, make experimental
2026-09-13T20:47:19.9741951Z changes and commit them, and you can discard any commits you make in this
2026-09-13T20:47:19.9742906Z state without impacting any branches by switching back to a branch.
2026-09-13T20:47:19.9743917Z 
2026-09-13T20:47:19.9744547Z If you want to create a new branch to retain commits you create, you may
2026-09-13T20:47:19.9745524Z do so (now or later) by using -c with the switch command. Example:
2026-09-13T20:47:19.9746078Z 
2026-09-13T20:47:19.9746442Z   git switch -c <new-branch-name>
2026-09-13T20:47:19.9746778Z 
2026-09-13T20:47:19.9746974Z Or undo this operation with:
2026-09-13T20:47:19.9747217Z 
2026-09-13T20:47:19.9747364Z   git switch -
2026-09-13T20:47:19.9747541Z 
2026-09-13T20:47:19.9747916Z Turn off this advice by setting config variable advice.detachedHead to false
2026-09-13T20:47:19.9748483Z 
2026-09-13T20:47:19.9748999Z HEAD is now at ddd2b9d ci: bind authorized Query default repair to exact application fingerprint
2026-09-13T20:47:20.2486569Z ##[endgroup]
2026-09-13T20:47:20.3051678Z [command]/usr/bin/git log -1 --format=%H
2026-09-13T20:47:20.3067778Z ddd2b9d82d560ba2657a7904f061fb20196d5924
2026-09-13T20:47:20.3100773Z ##[group]Removing auth
2026-09-13T20:47:20.3101689Z [command]/usr/bin/git config --local --name-only --get-regexp core\.sshCommand
2026-09-13T20:47:20.3137918Z [command]/usr/bin/git submodule foreach --recursive sh -c "git config --local --name-only --get-regexp 'core\.sshCommand' && git config --local --unset-all 'core.sshCommand' || :"
2026-09-13T20:47:20.3405836Z [command]/usr/bin/git config --local --name-only --get-regexp http\.https\:\/\/github\.com\/\.extraheader
2026-09-13T20:47:20.3479552Z http.https://github.com/.extraheader
2026-09-13T20:47:20.3501008Z [command]/usr/bin/git config --local --unset-all http.https://github.com/.extraheader
2026-09-13T20:47:20.3986516Z [command]/usr/bin/git submodule foreach --recursive sh -c "git config --local --name-only --get-regexp 'http\.https\:\/\/github\.com\/\.extraheader' && git config --local --unset-all 'http.https://github.com/.extraheader' || :"
2026-09-13T20:47:20.4246487Z [command]/usr/bin/git config --local --name-only --get-regexp ^includeIf\.gitdir:
2026-09-13T20:47:20.4295320Z [command]/usr/bin/git submodule foreach --recursive git config --local --show-origin --name-only --get-regexp remote.origin.url
2026-09-13T20:47:20.4597872Z ##[endgroup]
2026-09-13T20:47:20.4860028Z Node 20 is being deprecated. This workflow is running with Node 24 by default. If you need to temporarily use Node 20, you can set the ACTIONS_ALLOW_USE_UNSECURE_NODE_VERSION=true environment variable. For more information see: https://github.blog/changelog/2025-09-19-deprecation-of-node-20-on-github-actions-runners/
2026-09-13T20:47:20.4862158Z ##[group]Run actions/setup-python@v5
2026-09-13T20:47:20.4862429Z with:
2026-09-13T20:47:20.4862631Z   python-version: 3.13.5
2026-09-13T20:47:20.4862865Z   check-latest: false
2026-09-13T20:47:20.4865649Z   token: ***
2026-09-13T20:47:20.4865875Z   update-environment: true
2026-09-13T20:47:20.4866133Z   allow-prereleases: false
2026-09-13T20:47:20.4866364Z   freethreaded: false
2026-09-13T20:47:20.4866568Z env:
2026-09-13T20:47:20.4866765Z   PYTHONDONTWRITEBYTECODE: 1
2026-09-13T20:47:20.4867002Z ##[endgroup]
2026-09-13T20:47:20.7235758Z ##[group]Installed versions
2026-09-13T20:47:20.8386390Z Version 3.13.5 was not found in the local cache
2026-09-13T20:47:20.8514766Z (node:2114) [DEP0040] DeprecationWarning: The `punycode` module is deprecated. Please use a userland alternative instead.
2026-09-13T20:47:20.8516256Z (Use `node --trace-deprecation ...` to show where the warning was created)
2026-09-13T20:47:21.5256057Z Version 3.13.5 is available for downloading
2026-09-13T20:47:21.5257509Z Download from "https://github.com/actions/python-versions/releases/download/3.13.5-15601068749/python-3.13.5-linux-24.04-x64.tar.gz"
2026-09-13T20:47:22.5407944Z Extract downloaded archive
2026-09-13T20:47:22.5578126Z [command]/usr/bin/tar xz --warning=no-unknown-keyword --overwrite -C /home/runner/work/_temp/aebed27b-b4fd-4810-a338-c8ae49201770 -f /home/runner/work/_temp/cf71b965-e26e-4717-9f20-ba707bce3086
2026-09-13T20:47:25.0249924Z Execute installation script
2026-09-13T20:47:25.0384839Z Check if Python hostedtoolcache folder exist...
2026-09-13T20:47:25.0394805Z Create Python 3.13.5 folder
2026-09-13T20:47:25.0404561Z Copy Python binaries to hostedtoolcache folder
2026-09-13T20:47:25.7358991Z Create additional symlinks (Required for the UsePythonVersion Azure Pipelines task and the setup-python GitHub Action)
2026-09-13T20:47:25.7404541Z Upgrading pip...
2026-09-13T20:47:28.1610918Z Looking in links: /tmp/tmp6bbj8fkd
2026-09-13T20:47:28.1615937Z Requirement already satisfied: pip in /opt/hostedtoolcache/Python/3.13.5/x64/lib/python3.13/site-packages (25.1.1)
2026-09-13T20:47:29.6886685Z Collecting pip
2026-09-13T20:47:29.7268048Z Downloading pip-26.2.1-py3-none-any.whl.metadata (4.6 kB)
2026-09-13T20:47:29.7368096Z Downloading pip-26.2.1-py3-none-any.whl (1.8 MB)
2026-09-13T20:47:29.7814825Z ━━━━━━━━━━━━━━━━━━━━━━━━━━━━━━━━━━━━━━━━ 1.8/1.8 MB 62.0 MB/s eta 0:00:00
2026-09-13T20:47:29.7817364Z 
2026-09-13T20:47:29.8014583Z Installing collected packages: pip
2026-09-13T20:47:29.8020143Z Attempting uninstall: pip
2026-09-13T20:47:29.8050401Z Found existing installation: pip 25.1.1
2026-09-13T20:47:29.8400656Z Uninstalling pip-25.1.1:
2026-09-13T20:47:29.8455876Z Successfully uninstalled pip-25.1.1
2026-09-13T20:47:30.7490567Z Successfully installed pip-26.2.1
2026-09-13T20:47:30.8149161Z Create complete file
2026-09-13T20:47:30.8205695Z Successfully set up CPython (3.13.5)
2026-09-13T20:47:30.8207354Z ##[endgroup]
2026-09-13T20:47:30.8546998Z Node 20 is being deprecated. This workflow is running with Node 24 by default. If you need to temporarily use Node 20, you can set the ACTIONS_ALLOW_USE_UNSECURE_NODE_VERSION=true environment variable. For more information see: https://github.blog/changelog/2025-09-19-deprecation-of-node-20-on-github-actions-runners/
2026-09-13T20:47:30.8548269Z ##[group]Run actions/setup-node@v4
2026-09-13T20:47:30.8548523Z with:
2026-09-13T20:47:30.8548722Z   node-version: 22.22.0
2026-09-13T20:47:30.8548942Z   always-auth: false
2026-09-13T20:47:30.8549161Z   check-latest: false
2026-09-13T20:47:30.8551743Z   token: ***
2026-09-13T20:47:30.8551941Z env:
2026-09-13T20:47:30.8552141Z   PYTHONDONTWRITEBYTECODE: 1
2026-09-13T20:47:30.8552458Z   pythonLocation: /opt/hostedtoolcache/Python/3.13.5/x64
2026-09-13T20:47:30.8552908Z   PKG_CONFIG_PATH: /opt/hostedtoolcache/Python/3.13.5/x64/lib/pkgconfig
2026-09-13T20:47:30.8553343Z   Python_ROOT_DIR: /opt/hostedtoolcache/Python/3.13.5/x64
2026-09-13T20:47:30.8553960Z   Python2_ROOT_DIR: /opt/hostedtoolcache/Python/3.13.5/x64
2026-09-13T20:47:30.8554333Z   Python3_ROOT_DIR: /opt/hostedtoolcache/Python/3.13.5/x64
2026-09-13T20:47:30.8554706Z   LD_LIBRARY_PATH: /opt/hostedtoolcache/Python/3.13.5/x64/lib
2026-09-13T20:47:30.8555022Z ##[endgroup]
2026-09-13T20:47:31.0055272Z Attempting to download 22.22.0...
2026-09-13T20:47:31.0167414Z (node:2189) [DEP0040] DeprecationWarning: The `punycode` module is deprecated. Please use a userland alternative instead.
2026-09-13T20:47:31.0184575Z (Use `node --trace-deprecation ...` to show where the warning was created)
2026-09-13T20:47:31.6656042Z Acquiring 22.22.0 - x64 from https://github.com/actions/node-versions/releases/download/22.22.0-20981702931/node-22.22.0-linux-x64.tar.gz
2026-09-13T20:47:32.2484240Z Extracting ...
2026-09-13T20:47:32.2763308Z [command]/usr/bin/tar xz --strip 1 --warning=no-unknown-keyword --overwrite -C /home/runner/work/_temp/831dc66a-2517-4e43-9d3a-944bbc45dfac -f /home/runner/work/_temp/186e3f81-26b3-4d2c-bf35-8dd8a7df350a
2026-09-13T20:47:33.7265649Z Adding to the cache ...
2026-09-13T20:47:37.5874004Z ##[group]Environment details
2026-09-13T20:47:37.8785139Z node: v22.22.0
2026-09-13T20:47:37.8785560Z npm: 10.9.4
2026-09-13T20:47:37.8785877Z yarn: 1.22.22
2026-09-13T20:47:37.8786555Z ##[endgroup]
2026-09-13T20:47:37.9016880Z ##[group]Run python -B ci/journey-v2/prepare.py
2026-09-13T20:47:37.9017339Z [36;1mpython -B ci/journey-v2/prepare.py[0m
2026-09-13T20:47:37.9058813Z shell: /usr/bin/bash -e {0}
2026-09-13T20:47:37.9059074Z env:
2026-09-13T20:47:37.9059285Z   PYTHONDONTWRITEBYTECODE: 1
2026-09-13T20:47:37.9059605Z   pythonLocation: /opt/hostedtoolcache/Python/3.13.5/x64
2026-09-13T20:47:37.9060037Z   PKG_CONFIG_PATH: /opt/hostedtoolcache/Python/3.13.5/x64/lib/pkgconfig
2026-09-13T20:47:37.9060456Z   Python_ROOT_DIR: /opt/hostedtoolcache/Python/3.13.5/x64
2026-09-13T20:47:37.9060829Z   Python2_ROOT_DIR: /opt/hostedtoolcache/Python/3.13.5/x64
2026-09-13T20:47:37.9061220Z   Python3_ROOT_DIR: /opt/hostedtoolcache/Python/3.13.5/x64
2026-09-13T20:47:37.9061598Z   LD_LIBRARY_PATH: /opt/hostedtoolcache/Python/3.13.5/x64/lib
2026-09-13T20:47:37.9061923Z ##[endgroup]
2026-09-13T20:47:38.3791637Z {"source_files": 1332, "source_tree_sha256": "1c4d78c3c1bb5f448d0ebdb99d16a2d76419bbc663cc9ed8fae831e1d18c10c4", "unchanged_parent_files": 1188, "new_files": 61, "repaired_existing_files": 83, "compatibility_files_unchanged": 19, "checkpoint_commit": "ddd2b9d82d560ba2657a7904f061fb20196d5924", "byte_retention": "PASS", "full_feature_retention": "HOLD_APPROVAL_BLOCKED_PROVIDER_GUARD", "deployment": "NOT_RUN", "production": "HOLD"}
2026-09-13T20:47:38.6229685Z {"commit": "ddd2b9d82d560ba2657a7904f061fb20196d5924", "application_tree": "995d0d83faf883bec980c896fe8a17b0f12360fa", "selected_source_files": 1332, "retained_baseline_files": 1300, "registered_acceptance_repairs": 105, "selection_counts": {"BOTH": 1264, "PR47": 35, "PR48": 1}, "pr47_application_changes": ["application/frontend/shared/app.js"], "archived_tooling_files": 8, "alignment": "PASS", "historical_pass_transferred": false, "full_three_end_ux": "HOLD", "six_vertical_closed_loop": "HOLD", "sealed_node": "HOLD", "final_release": "HOLD"}
2026-09-13T20:47:38.6360430Z {"schema": "go.depth41.current-journey.v2", "candidate_commit": "ddd2b9d82d560ba2657a7904f061fb20196d5924", "application_git_tree": "995d0d83faf883bec980c896fe8a17b0f12360fa", "parent_commit": "2d15536d2b65484e5a1c00067871387cefdfb235", "source_tree_sha256": "1c4d78c3c1bb5f448d0ebdb99d16a2d76419bbc663cc9ed8fae831e1d18c10c4", "source_files": 1332, "test_source": "CURRENT_CHECKOUT_ONLY", "tool_sha256": {"same_order_api.py": "47e3ade1381f090e0a62b7e069e0b5fdbf2ffc07fccfc6cc898beeb2a909459d", "ledger.py": "270f021779f3cab078457154d09793a6c2e4e5f11309b306ed9b4e867d942dc4", "prepare.py": "c7b3a1829f9023c05267f9d19bae9d464396c43c6d3a8aa0e7af941b12375cfb", "run.py": "4cebecf452ee7822198d00b49b73759feb8fd4aa2e4f3f7731639b0451cccc40", "hotel-depth.mjs": "7b8984ba90181e475832811fccf4e853fca282676b7140995763f0d9c2ece9ad", "ACCEPTANCE_PATCH.json": "ea82608d105d107b5f6b6b60fd3d266514fb299e4dc2b08707dfadeb7206716d", "browser.mjs": "45e3184c98af17e16b16087ab41077e46bd243fd101d011e74a13e44e320bef9", "hotel-ledger.py": "28a28b6ea0c81069ceeb97881e7edb5305d93b5241f4b915f118c0244f034c87", "test_ledger_independence.py": "307e12e2308c4797ba30717e02311410d08bedf7f341678b361fb1a687c8c2ac"}, "historical_results_transferred": false, "hong_kong": "NOT_ACCESSED", "production": "HOLD"}
2026-09-13T20:47:38.6478745Z ##[group]Run python ci/retention/dependencies.py --repository . --output "$RUNNER_TEMP/frozen"
2026-09-13T20:47:38.6479459Z [36;1mpython ci/retention/dependencies.py --repository . --output "$RUNNER_TEMP/frozen"[0m
2026-09-13T20:47:38.6480177Z [36;1mpython -m pip install --no-index --find-links "$RUNNER_TEMP/frozen/wheelhouse" -r ci/retention/requirements.lock[0m
2026-09-13T20:47:38.6480811Z [36;1mnpm install --no-save --ignore-scripts playwright@1.55.1[0m
2026-09-13T20:47:38.6481395Z [36;1mnpx playwright install --with-deps chromium[0m
2026-09-13T20:47:38.6518741Z shell: /usr/bin/bash -e {0}
2026-09-13T20:47:38.6518989Z env:
2026-09-13T20:47:38.6519197Z   PYTHONDONTWRITEBYTECODE: 1
2026-09-13T20:47:38.6519515Z   pythonLocation: /opt/hostedtoolcache/Python/3.13.5/x64
2026-09-13T20:47:38.6519944Z   PKG_CONFIG_PATH: /opt/hostedtoolcache/Python/3.13.5/x64/lib/pkgconfig
2026-09-13T20:47:38.6520371Z   Python_ROOT_DIR: /opt/hostedtoolcache/Python/3.13.5/x64
2026-09-13T20:47:38.6520780Z   Python2_ROOT_DIR: /opt/hostedtoolcache/Python/3.13.5/x64
2026-09-13T20:47:38.6521151Z   Python3_ROOT_DIR: /opt/hostedtoolcache/Python/3.13.5/x64
2026-09-13T20:47:38.6521519Z   LD_LIBRARY_PATH: /opt/hostedtoolcache/Python/3.13.5/x64/lib
2026-09-13T20:47:38.6521834Z ##[endgroup]
2026-09-13T20:47:38.9837597Z {"archive_sha256": "b13a76ab9351f81da70e8e2c8873c20141abe953cd3f96aeb181ef86a34b58dd", "verified_wheels": 37, "source": "pinned GO repository ci/dependency_parts only", "application_source_restored": false}
2026-09-13T20:47:39.9045474Z Looking in links: /home/runner/work/_temp/frozen/wheelhouse
2026-09-13T20:47:39.9145892Z Processing /home/runner/work/_temp/frozen/wheelhouse/alembic-1.16.5-py3-none-any.whl (from -r ci/retention/requirements.lock (line 1))
2026-09-13T20:47:39.9225171Z Processing /home/runner/work/_temp/frozen/wheelhouse/annotated_doc-0.0.4-py3-none-any.whl (from -r ci/retention/requirements.lock (line 2))
2026-09-13T20:47:39.9244973Z Processing /home/runner/work/_temp/frozen/wheelhouse/annotated_types-0.7.0-py3-none-any.whl (from -r ci/retention/requirements.lock (line 3))
2026-09-13T20:47:39.9285027Z Processing /home/runner/work/_temp/frozen/wheelhouse/anyio-4.13.0-py3-none-any.whl (from -r ci/retention/requirements.lock (line 4))
2026-09-13T20:47:39.9325069Z Processing /home/runner/work/_temp/frozen/wheelhouse/certifi-2026.5.20-py3-none-any.whl (from -r ci/retention/requirements.lock (line 5))
2026-09-13T20:47:39.9345220Z Processing /home/runner/work/_temp/frozen/wheelhouse/cffi-2.0.0-cp313-cp313-manylinux_2_17_x86_64.whl (from -r ci/retention/requirements.lock (line 6))
2026-09-13T20:47:39.9375309Z Processing /home/runner/work/_temp/frozen/wheelhouse/click-8.5.0-py3-none-any.whl (from -r ci/retention/requirements.lock (line 7))
2026-09-13T20:47:39.9397755Z Processing /home/runner/work/_temp/frozen/wheelhouse/cryptography-46.0.4-cp311-abi3-manylinux_2_34_x86_64.whl (from -r ci/retention/requirements.lock (line 8))
2026-09-13T20:47:39.9493303Z Processing /home/runner/work/_temp/frozen/wheelhouse/fastapi-0.128.2-py3-none-any.whl (from -r ci/retention/requirements.lock (line 9))
2026-09-13T20:47:39.9557968Z Processing /home/runner/work/_temp/frozen/wheelhouse/greenlet-3.5.1-cp313-cp313-manylinux_2_24_x86_64.whl (from -r ci/retention/requirements.lock (line 10))
2026-09-13T20:47:39.9598373Z Processing /home/runner/work/_temp/frozen/wheelhouse/h11-0.16.0-py3-none-any.whl (from -r ci/retention/requirements.lock (line 11))
2026-09-13T20:47:39.9628728Z Processing /home/runner/work/_temp/frozen/wheelhouse/httpcore-1.0.9-py3-none-any.whl (from -r ci/retention/requirements.lock (line 12))
2026-09-13T20:47:39.9668844Z Processing /home/runner/work/_temp/frozen/wheelhouse/httpx-0.28.1-py3-none-any.whl (from -r ci/retention/requirements.lock (line 13))
2026-09-13T20:47:39.9705250Z Processing /home/runner/work/_temp/frozen/wheelhouse/idna-3.17-py3-none-any.whl (from -r ci/retention/requirements.lock (line 14))
2026-09-13T20:47:39.9737475Z Processing /home/runner/work/_temp/frozen/wheelhouse/iniconfig-2.3.0-py3-none-any.whl (from -r ci/retention/requirements.lock (line 15))
2026-09-13T20:47:39.9762865Z Processing /home/runner/work/_temp/frozen/wheelhouse/mako-1.3.10-py3-none-any.whl (from -r ci/retention/requirements.lock (line 16))
2026-09-13T20:47:39.9792458Z Processing /home/runner/work/_temp/frozen/wheelhouse/markupsafe-3.0.3-cp313-cp313-manylinux2014_x86_64.manylinux_2_17_x86_64.manylinux_2_28_x86_64.whl (from -r ci/retention/requirements.lock (line 17))
2026-09-13T20:47:39.9816530Z Processing /home/runner/work/_temp/frozen/wheelhouse/packaging-25.0-py3-none-any.whl (from -r ci/retention/requirements.lock (line 18))
2026-09-13T20:47:39.9843804Z Processing /home/runner/work/_temp/frozen/wheelhouse/pillow-12.3.0-cp313-cp313-manylinux_2_27_x86_64.whl (from -r ci/retention/requirements.lock (line 19))
2026-09-13T20:47:39.9954610Z Processing /home/runner/work/_temp/frozen/wheelhouse/pluggy-1.6.0-py3-none-any.whl (from -r ci/retention/requirements.lock (line 20))
2026-09-13T20:47:39.9983962Z Processing /home/runner/work/_temp/frozen/wheelhouse/psycopg_binary-3.2.10-cp313-cp313-manylinux2014_x86_64.manylinux_2_17_x86_64.whl (from -r ci/retention/requirements.lock (line 21))
2026-09-13T20:47:40.0050961Z Processing /home/runner/work/_temp/frozen/wheelhouse/psycopg-3.2.10-py3-none-any.whl (from -r ci/retention/requirements.lock (line 22))
2026-09-13T20:47:40.0106474Z Processing /home/runner/work/_temp/frozen/wheelhouse/pycparser-3.0-py3-none-any.whl (from -r ci/retention/requirements.lock (line 23))
2026-09-13T20:47:40.0133221Z Processing /home/runner/work/_temp/frozen/wheelhouse/pydantic_settings-2.14.1-py3-none-any.whl (from -r ci/retention/requirements.lock (line 24))
2026-09-13T20:47:40.0164533Z Processing /home/runner/work/_temp/frozen/wheelhouse/pydantic-2.13.4-py3-none-any.whl (from -r ci/retention/requirements.lock (line 25))
2026-09-13T20:47:40.0242125Z Processing /home/runner/work/_temp/frozen/wheelhouse/pydantic_core-2.46.4-cp313-cp313-manylinux_2_17_x86_64.whl (from -r ci/retention/requirements.lock (line 26))
2026-09-13T20:47:40.0293054Z Processing /home/runner/work/_temp/frozen/wheelhouse/Pygments-2.20.0-py3-none-any.whl (from -r ci/retention/requirements.lock (line 27))
2026-09-13T20:47:40.0380138Z Processing /home/runner/work/_temp/frozen/wheelhouse/PyJWT-2.13.0-py3-none-any.whl (from -r ci/retention/requirements.lock (line 28))
2026-09-13T20:47:40.0407035Z Processing /home/runner/work/_temp/frozen/wheelhouse/pytest_asyncio-1.3.0-py3-none-any.whl (from -r ci/retention/requirements.lock (line 29))
2026-09-13T20:47:40.0438108Z Processing /home/runner/work/_temp/frozen/wheelhouse/pytest-9.0.2-py3-none-any.whl (from -r ci/retention/requirements.lock (line 30))
2026-09-13T20:47:40.0490865Z Processing /home/runner/work/_temp/frozen/wheelhouse/python_dotenv-1.2.2-py3-none-any.whl (from -r ci/retention/requirements.lock (line 31))
2026-09-13T20:47:40.0528211Z Processing /home/runner/work/_temp/frozen/wheelhouse/redis-5.2.1-py3-none-any.whl (from -r ci/retention/requirements.lock (line 32))
2026-09-13T20:47:40.0563332Z Processing /home/runner/work/_temp/frozen/wheelhouse/SQLAlchemy-2.0.50-cp313-cp313-manylinux_2_17_x86_64.whl (from -r ci/retention/requirements.lock (line 33))
2026-09-13T20:47:40.0714989Z Processing /home/runner/work/_temp/frozen/wheelhouse/starlette-0.50.0-py3-none-any.whl (from -r ci/retention/requirements.lock (line 34))
2026-09-13T20:47:40.0749406Z Processing /home/runner/work/_temp/frozen/wheelhouse/typing_inspection-0.4.2-py3-none-any.whl (from -r ci/retention/requirements.lock (line 35))
2026-09-13T20:47:40.0773175Z Processing /home/runner/work/_temp/frozen/wheelhouse/typing_extensions-4.16.0-py3-none-any.whl (from -r ci/retention/requirements.lock (line 36))
2026-09-13T20:47:40.0798503Z Processing /home/runner/work/_temp/frozen/wheelhouse/uvicorn-0.35.0-py3-none-any.whl (from -r ci/retention/requirements.lock (line 37))
2026-09-13T20:47:40.2114676Z Installing collected packages: typing_extensions, redis, python-dotenv, PyJWT, Pygments, pycparser, psycopg-binary, psycopg, pluggy, Pillow, packaging, MarkupSafe, iniconfig, idna, h11, greenlet, click, certifi, annotated-types, annotated-doc, uvicorn, typing-inspection, SQLAlchemy, pytest, pydantic_core, Mako, httpcore, cffi, anyio, starlette, pytest-asyncio, pydantic, httpx, cryptography, alembic, pydantic-settings, fastapi
2026-09-13T20:47:45.1047382Z 
2026-09-13T20:47:45.1093985Z Successfully installed Mako-1.3.10 MarkupSafe-3.0.3 Pillow-12.3.0 PyJWT-2.13.0 Pygments-2.20.0 SQLAlchemy-2.0.50 alembic-1.16.5 annotated-doc-0.0.4 annotated-types-0.7.0 anyio-4.13.0 certifi-2026.5.20 cffi-2.0.0 click-8.5.0 cryptography-46.0.4 fastapi-0.128.2 greenlet-3.5.1 h11-0.16.0 httpcore-1.0.9 httpx-0.28.1 idna-3.17 iniconfig-2.3.0 packaging-25.0 pluggy-1.6.0 psycopg-3.2.10 psycopg-binary-3.2.10 pycparser-3.0 pydantic-2.13.4 pydantic-settings-2.14.1 pydantic_core-2.46.4 pytest-9.0.2 pytest-asyncio-1.3.0 python-dotenv-1.2.2 redis-5.2.1 starlette-0.50.0 typing-inspection-0.4.2 typing_extensions-4.16.0 uvicorn-0.35.0
2026-09-13T20:47:47.1195027Z 
2026-09-13T20:47:47.1196036Z added 2 packages in 2s
2026-09-13T20:47:47.9524752Z Installing dependencies...
2026-09-13T20:47:47.9635273Z Switching to root user to install dependencies...
2026-09-13T20:47:48.1227615Z Get:1 file:/etc/apt/apt-mirrors.txt Mirrorlist [144 B]
2026-09-13T20:47:48.2095590Z Hit:2 http://azure.archive.ubuntu.com/ubuntu noble InRelease
2026-09-13T20:47:48.2155342Z Get:6 https://packages.microsoft.com/ubuntu/24.04/prod noble InRelease [3600 B]
2026-09-13T20:47:48.2165853Z Get:3 http://azure.archive.ubuntu.com/ubuntu noble-updates InRelease [126 kB]
2026-09-13T20:47:48.2220335Z Get:4 http://azure.archive.ubuntu.com/ubuntu noble-backports InRelease [126 kB]
2026-09-13T20:47:48.2271887Z Get:5 http://azure.archive.ubuntu.com/ubuntu noble-security InRelease [126 kB]
2026-09-13T20:47:48.2765047Z Get:7 https://dl.google.com/linux/chrome-stable/deb stable InRelease [2548 B]
2026-09-13T20:47:48.3626659Z Get:8 https://packages.microsoft.com/ubuntu/24.04/prod noble/main amd64 Packages [463 kB]
2026-09-13T20:47:48.3835337Z Get:9 https://packages.microsoft.com/ubuntu/24.04/prod noble/main arm64 Packages [414 kB]
2026-09-13T20:47:48.4315364Z Get:10 http://azure.archive.ubuntu.com/ubuntu noble-updates/main amd64 Packages [1263 kB]
2026-09-13T20:47:48.4458264Z Get:11 http://azure.archive.ubuntu.com/ubuntu noble-updates/main Translation-en [292 kB]
2026-09-13T20:47:48.4535321Z Get:12 http://azure.archive.ubuntu.com/ubuntu noble-updates/main amd64 Components [181 kB]
2026-09-13T20:47:48.4615138Z Get:13 http://azure.archive.ubuntu.com/ubuntu noble-updates/universe amd64 Packages [1690 kB]
2026-09-13T20:47:48.4795790Z Get:14 http://azure.archive.ubuntu.com/ubuntu noble-updates/universe amd64 Components [388 kB]
2026-09-13T20:47:48.4885018Z Get:15 http://azure.archive.ubuntu.com/ubuntu noble-updates/restricted amd64 Packages [1544 kB]
2026-09-13T20:47:48.5020916Z Get:16 http://azure.archive.ubuntu.com/ubuntu noble-updates/restricted Translation-en [354 kB]
2026-09-13T20:47:48.5104887Z Get:17 http://azure.archive.ubuntu.com/ubuntu noble-updates/multiverse amd64 Components [940 B]
2026-09-13T20:47:48.5118798Z Get:18 http://azure.archive.ubuntu.com/ubuntu noble-backports/main amd64 Components [5772 B]
2026-09-13T20:47:48.5144716Z Get:19 http://azure.archive.ubuntu.com/ubuntu noble-backports/universe amd64 Components [12.6 kB]
2026-09-13T20:47:48.6165686Z Get:20 http://azure.archive.ubuntu.com/ubuntu noble-security/main amd64 Packages [1006 kB]
2026-09-13T20:47:48.6788703Z Get:21 http://azure.archive.ubuntu.com/ubuntu noble-security/main Translation-en [213 kB]
2026-09-13T20:47:48.6821597Z Get:22 http://azure.archive.ubuntu.com/ubuntu noble-security/main amd64 Components [46.4 kB]
2026-09-13T20:47:48.6840155Z Get:23 http://azure.archive.ubuntu.com/ubuntu noble-security/universe amd64 Packages [1206 kB]
2026-09-13T20:47:48.6932597Z Get:24 http://azure.archive.ubuntu.com/ubuntu noble-security/universe amd64 Components [76.3 kB]
2026-09-13T20:47:48.7193963Z Get:25 http://azure.archive.ubuntu.com/ubuntu noble-security/restricted amd64 Packages [1445 kB]
2026-09-13T20:47:48.7235000Z Get:26 http://azure.archive.ubuntu.com/ubuntu noble-security/restricted Translation-en [336 kB]
2026-09-13T20:47:48.8106475Z Get:27 https://dl.google.com/linux/chrome-stable/deb stable/main amd64 Packages [1413 B]
2026-09-13T20:47:53.0358706Z Fetched 11.3 MB in 2s (7299 kB/s)
2026-09-13T20:47:53.8762648Z Reading package lists...
2026-09-13T20:47:53.9024977Z Reading package lists...
2026-09-13T20:47:54.1029180Z Building dependency tree...
2026-09-13T20:47:54.1038319Z Reading state information...
2026-09-13T20:47:54.2732466Z libasound2t64 is already the newest version (1.2.11-1ubuntu0.3).
2026-09-13T20:47:54.2733787Z libasound2t64 set to manually installed.
2026-09-13T20:47:54.2734995Z libatk-bridge2.0-0t64 is already the newest version (2.52.0-1build1).
2026-09-13T20:47:54.2736324Z libatk-bridge2.0-0t64 set to manually installed.
2026-09-13T20:47:54.2737582Z libatk1.0-0t64 is already the newest version (2.52.0-1build1).
2026-09-13T20:47:54.2738791Z libatk1.0-0t64 set to manually installed.
2026-09-13T20:47:54.2739951Z libatspi2.0-0t64 is already the newest version (2.52.0-1build1).
2026-09-13T20:47:54.2740991Z libatspi2.0-0t64 set to manually installed.
2026-09-13T20:47:54.2741902Z libcairo2 is already the newest version (1.18.0-3build1).
2026-09-13T20:47:54.2742727Z libcairo2 set to manually installed.
2026-09-13T20:47:54.2743800Z libcups2t64 is already the newest version (2.4.7-1.2ubuntu7.14).
2026-09-13T20:47:54.2744481Z libcups2t64 set to manually installed.
2026-09-13T20:47:54.2745074Z libdbus-1-3 is already the newest version (1.14.10-4ubuntu4.1).
2026-09-13T20:47:54.2745622Z libdbus-1-3 set to manually installed.
2026-09-13T20:47:54.2746193Z libdrm2 is already the newest version (2.4.125-1ubuntu0.1~24.04.2).
2026-09-13T20:47:54.2746740Z libdrm2 set to manually installed.
2026-09-13T20:47:54.2747574Z libgbm1 is already the newest version (25.2.8-0ubuntu0.24.04.2).
2026-09-13T20:47:54.2748143Z libgbm1 set to manually installed.
2026-09-13T20:47:54.2748705Z libglib2.0-0t64 is already the newest version (2.80.0-6ubuntu3.8).
2026-09-13T20:47:54.2749272Z libglib2.0-0t64 set to manually installed.
2026-09-13T20:47:54.2749824Z libnspr4 is already the newest version (2:4.35-1.1build1).
2026-09-13T20:47:54.2750549Z libnspr4 set to manually installed.
2026-09-13T20:47:54.2751111Z libnss3 is already the newest version (2:3.98-1ubuntu0.2).
2026-09-13T20:47:54.2751676Z libnss3 set to manually installed.
2026-09-13T20:47:54.2752223Z libpango-1.0-0 is already the newest version (1.52.1+ds-1build1).
2026-09-13T20:47:54.2752779Z libpango-1.0-0 set to manually installed.
2026-09-13T20:47:54.2753737Z libx11-6 is already the newest version (2:1.8.7-1build1).
2026-09-13T20:47:54.2754662Z libx11-6 set to manually installed.
2026-09-13T20:47:54.2755542Z libxcb1 is already the newest version (1.15-1ubuntu2).
2026-09-13T20:47:54.2756385Z libxcb1 set to manually installed.
2026-09-13T20:47:54.2757110Z libxcomposite1 is already the newest version (1:0.4.5-1build3).
2026-09-13T20:47:54.2757691Z libxcomposite1 set to manually installed.
2026-09-13T20:47:54.2758260Z libxdamage1 is already the newest version (1:1.1.6-1build1).
2026-09-13T20:47:54.2758804Z libxdamage1 set to manually installed.
2026-09-13T20:47:54.2759598Z libxext6 is already the newest version (2:1.3.4-1build2).
2026-09-13T20:47:54.2760504Z libxext6 set to manually installed.
2026-09-13T20:47:54.2761421Z libxfixes3 is already the newest version (1:6.0.0-2build1).
2026-09-13T20:47:54.2762275Z libxfixes3 set to manually installed.
2026-09-13T20:47:54.2762969Z libxkbcommon0 is already the newest version (1.6.0-1build1).
2026-09-13T20:47:54.2763971Z libxkbcommon0 set to manually installed.
2026-09-13T20:47:54.2764684Z libxrandr2 is already the newest version (2:1.5.2-2build1).
2026-09-13T20:47:54.2765517Z libxrandr2 set to manually installed.
2026-09-13T20:47:54.2766202Z xvfb is already the newest version (2:21.1.12-1ubuntu1.6).
2026-09-13T20:47:54.2767110Z fonts-noto-color-emoji is already the newest version (2.047-0ubuntu0.24.04.1).
2026-09-13T20:47:54.2768381Z libfontconfig1 is already the newest version (2.15.0-1.1ubuntu2).
2026-09-13T20:47:54.2769014Z libfontconfig1 set to manually installed.
2026-09-13T20:47:54.2769473Z libfreetype6 is already the newest version (2.13.2+dfsg-1ubuntu0.1).
2026-09-13T20:47:54.2769913Z libfreetype6 set to manually installed.
2026-09-13T20:47:54.2770321Z fonts-liberation is already the newest version (1:2.1.5-3).
2026-09-13T20:47:54.2770749Z fonts-liberation set to manually installed.
2026-09-13T20:47:54.2771341Z The following additional packages will be installed:
2026-09-13T20:47:54.2771703Z   xfonts-encodings xfonts-utils
2026-09-13T20:47:54.2771976Z Recommended packages:
2026-09-13T20:47:54.2772250Z   fonts-ipafont-mincho fonts-tlwg-loma
2026-09-13T20:47:54.3106503Z The following NEW packages will be installed:
2026-09-13T20:47:54.3107878Z   fonts-freefont-ttf fonts-ipafont-gothic fonts-tlwg-loma-otf fonts-unifont
2026-09-13T20:47:54.3115501Z   fonts-wqy-zenhei xfonts-cyrillic xfonts-encodings xfonts-scalable
2026-09-13T20:47:54.3116411Z   xfonts-utils
2026-09-13T20:47:54.3312195Z 0 upgraded, 9 newly installed, 0 to remove and 50 not upgraded.
2026-09-13T20:47:54.3314755Z Need to get 21.1 MB of archives.
2026-09-13T20:47:54.3320568Z After this operation, 79.5 MB of additional disk space will be used.
2026-09-13T20:47:54.3324653Z Get:1 file:/etc/apt/apt-mirrors.txt Mirrorlist [144 B]
2026-09-13T20:47:54.3958460Z Get:2 http://azure.archive.ubuntu.com/ubuntu noble/universe amd64 fonts-ipafont-gothic all 00303-21ubuntu1 [3513 kB]
2026-09-13T20:47:54.5860803Z Get:3 http://azure.archive.ubuntu.com/ubuntu noble/main amd64 fonts-freefont-ttf all 20211204+svn4273-2 [5641 kB]
2026-09-13T20:47:54.7349206Z Get:4 http://azure.archive.ubuntu.com/ubuntu noble/universe amd64 fonts-tlwg-loma-otf all 1:0.7.3-1 [107 kB]
2026-09-13T20:47:54.7588469Z Get:5 http://azure.archive.ubuntu.com/ubuntu noble/universe amd64 fonts-unifont all 1:15.1.01-1build1 [2993 kB]
2026-09-13T20:47:54.8391827Z Get:6 http://azure.archive.ubuntu.com/ubuntu noble/universe amd64 fonts-wqy-zenhei all 0.9.45-8 [7472 kB]
2026-09-13T20:47:54.9519451Z Get:7 http://azure.archive.ubuntu.com/ubuntu noble/main amd64 xfonts-encodings all 1:1.0.5-0ubuntu2 [578 kB]
2026-09-13T20:47:54.9878172Z Get:8 http://azure.archive.ubuntu.com/ubuntu noble/main amd64 xfonts-utils amd64 1:7.7+6build3 [94.4 kB]
2026-09-13T20:47:55.0103307Z Get:9 http://azure.archive.ubuntu.com/ubuntu noble/universe amd64 xfonts-cyrillic all 1:1.0.5+nmu1 [384 kB]
2026-09-13T20:47:55.0365809Z Get:10 http://azure.archive.ubuntu.com/ubuntu noble/main amd64 xfonts-scalable all 1:1.0.3-1.3 [304 kB]
2026-09-13T20:47:55.3018245Z Fetched 21.1 MB in 1s (29.3 MB/s)
2026-09-13T20:47:55.3274761Z Selecting previously unselected package fonts-ipafont-gothic.
2026-09-13T20:47:55.3615557Z (Reading database ... 
2026-09-13T20:47:55.3615902Z (Reading database ... 5%
2026-09-13T20:47:55.3616183Z (Reading database ... 10%
2026-09-13T20:47:55.3616457Z (Reading database ... 15%
2026-09-13T20:47:55.3616933Z (Reading database ... 20%
2026-09-13T20:47:55.3617455Z (Reading database ... 25%
2026-09-13T20:47:55.3617963Z (Reading database ... 30%
2026-09-13T20:47:55.3618422Z (Reading database ... 35%
2026-09-13T20:47:55.3618892Z (Reading database ... 40%
2026-09-13T20:47:55.3619334Z (Reading database ... 45%
2026-09-13T20:47:55.3619755Z (Reading database ... 50%
2026-09-13T20:47:55.3660669Z (Reading database ... 55%
2026-09-13T20:47:55.5185642Z (Reading database ... 60%
2026-09-13T20:47:55.6912757Z (Reading database ... 65%
2026-09-13T20:47:55.9114855Z (Reading database ... 70%
2026-09-13T20:47:57.3414837Z (Reading database ... 75%
2026-09-13T20:47:57.5325353Z (Reading database ... 80%
2026-09-13T20:47:57.7406244Z (Reading database ... 85%
2026-09-13T20:47:57.9480984Z (Reading database ... 90%
2026-09-13T20:47:58.1577024Z (Reading database ... 95%
2026-09-13T20:47:58.1577982Z (Reading database ... 100%
2026-09-13T20:47:58.1579407Z (Reading database ... 201818 files and directories currently installed.)
2026-09-13T20:47:58.1624427Z Preparing to unpack .../0-fonts-ipafont-gothic_00303-21ubuntu1_all.deb ...
2026-09-13T20:47:58.1738674Z Unpacking fonts-ipafont-gothic (00303-21ubuntu1) ...
2026-09-13T20:47:58.4164973Z Selecting previously unselected package fonts-freefont-ttf.
2026-09-13T20:47:58.4282644Z Preparing to unpack .../1-fonts-freefont-ttf_20211204+svn4273-2_all.deb ...
2026-09-13T20:47:58.4291240Z Unpacking fonts-freefont-ttf (20211204+svn4273-2) ...
2026-09-13T20:47:58.5216374Z Selecting previously unselected package fonts-tlwg-loma-otf.
2026-09-13T20:47:58.5344967Z Preparing to unpack .../2-fonts-tlwg-loma-otf_1%3a0.7.3-1_all.deb ...
2026-09-13T20:47:58.5354446Z Unpacking fonts-tlwg-loma-otf (1:0.7.3-1) ...
2026-09-13T20:47:58.5585198Z Selecting previously unselected package fonts-unifont.
2026-09-13T20:47:58.5711419Z Preparing to unpack .../3-fonts-unifont_1%3a15.1.01-1build1_all.deb ...
2026-09-13T20:47:58.5727872Z Unpacking fonts-unifont (1:15.1.01-1build1) ...
2026-09-13T20:47:58.6895481Z Selecting previously unselected package fonts-wqy-zenhei.
2026-09-13T20:47:58.7028075Z Preparing to unpack .../4-fonts-wqy-zenhei_0.9.45-8_all.deb ...
2026-09-13T20:47:58.7142177Z Unpacking fonts-wqy-zenhei (0.9.45-8) ...
2026-09-13T20:47:59.1946564Z Selecting previously unselected package xfonts-encodings.
2026-09-13T20:47:59.2076126Z Preparing to unpack .../5-xfonts-encodings_1%3a1.0.5-0ubuntu2_all.deb ...
2026-09-13T20:47:59.2085475Z Unpacking xfonts-encodings (1:1.0.5-0ubuntu2) ...
2026-09-13T20:47:59.2405727Z Selecting previously unselected package xfonts-utils.
2026-09-13T20:47:59.2536126Z Preparing to unpack .../6-xfonts-utils_1%3a7.7+6build3_amd64.deb ...
2026-09-13T20:47:59.2544868Z Unpacking xfonts-utils (1:7.7+6build3) ...
2026-09-13T20:47:59.3044430Z Selecting previously unselected package xfonts-cyrillic.
2026-09-13T20:47:59.3175724Z Preparing to unpack .../7-xfonts-cyrillic_1%3a1.0.5+nmu1_all.deb ...
2026-09-13T20:47:59.3195169Z Unpacking xfonts-cyrillic (1:1.0.5+nmu1) ...
2026-09-13T20:47:59.3570482Z Selecting previously unselected package xfonts-scalable.
2026-09-13T20:47:59.3701792Z Preparing to unpack .../8-xfonts-scalable_1%3a1.0.3-1.3_all.deb ...
2026-09-13T20:47:59.3714371Z Unpacking xfonts-scalable (1:1.0.3-1.3) ...
2026-09-13T20:47:59.4152231Z Setting up fonts-wqy-zenhei (0.9.45-8) ...
2026-09-13T20:47:59.4291372Z Setting up fonts-freefont-ttf (20211204+svn4273-2) ...
2026-09-13T20:47:59.4315141Z Setting up fonts-tlwg-loma-otf (1:0.7.3-1) ...
2026-09-13T20:47:59.4337035Z Setting up xfonts-encodings (1:1.0.5-0ubuntu2) ...
2026-09-13T20:47:59.4358637Z Setting up fonts-ipafont-gothic (00303-21ubuntu1) ...
2026-09-13T20:47:59.4432953Z update-alternatives: using /usr/share/fonts/opentype/ipafont-gothic/ipag.ttf to provide /usr/share/fonts/truetype/fonts-japanese-gothic.ttf (fonts-japanese-gothic.ttf) in auto mode
2026-09-13T20:47:59.4449374Z Setting up fonts-unifont (1:15.1.01-1build1) ...
2026-09-13T20:47:59.4476203Z Setting up xfonts-utils (1:7.7+6build3) ...
2026-09-13T20:47:59.4521709Z Setting up xfonts-cyrillic (1:1.0.5+nmu1) ...
2026-09-13T20:47:59.4926889Z Setting up xfonts-scalable (1:1.0.3-1.3) ...
2026-09-13T20:47:59.5231104Z Processing triggers for man-db (2.12.0-4build2) ...
2026-09-13T20:47:59.5256329Z Not building database; man-db/auto-update is not 'true'.
2026-09-13T20:47:59.5270386Z Processing triggers for fontconfig (2.15.0-1.1ubuntu2) ...
2026-09-13T20:48:00.2796942Z 
2026-09-13T20:48:00.2798057Z Running kernel seems to be up-to-date.
2026-09-13T20:48:00.2798946Z 
2026-09-13T20:48:00.2799578Z No services need to be restarted.
2026-09-13T20:48:00.2800149Z 
2026-09-13T20:48:00.2800596Z No containers need to be restarted.
2026-09-13T20:48:00.2801072Z 
2026-09-13T20:48:00.2801554Z No user sessions are running outdated binaries.
2026-09-13T20:48:00.2802076Z 
2026-09-13T20:48:00.2802728Z No VM guests are running outdated hypervisor (qemu) binaries on this host.
2026-09-13T20:48:01.2605965Z Downloading Chromium 140.0.7339.186 (playwright build v1193) from https://cdn.playwright.dev/dbazure/download/playwright/builds/chromium/1193/chromium-linux.zip
2026-09-13T20:48:01.4045269Z |                                                                                |   0% of 173.8 MiB
2026-09-13T20:48:01.5779599Z |■■■■■■■■                                                                        |  10% of 173.8 MiB
2026-09-13T20:48:01.7025940Z |■■■■■■■■■■■■■■■■                                                                |  20% of 173.8 MiB
2026-09-13T20:48:01.8294765Z |■■■■■■■■■■■■■■■■■■■■■■■■                                                        |  30% of 173.8 MiB
2026-09-13T20:48:01.9271466Z |■■■■■■■■■■■■■■■■■■■■■■■■■■■■■■■■                                                |  40% of 173.8 MiB
2026-09-13T20:48:02.0245794Z |■■■■■■■■■■■■■■■■■■■■■■■■■■■■■■■■■■■■■■■■                                        |  50% of 173.8 MiB
2026-09-13T20:48:02.1159589Z |■■■■■■■■■■■■■■■■■■■■■■■■■■■■■■■■■■■■■■■■■■■■■■■■                                |  60% of 173.8 MiB
2026-09-13T20:48:02.2073823Z |■■■■■■■■■■■■■■■■■■■■■■■■■■■■■■■■■■■■■■■■■■■■■■■■■■■■■■■■                        |  70% of 173.8 MiB
2026-09-13T20:48:02.3014161Z |■■■■■■■■■■■■■■■■■■■■■■■■■■■■■■■■■■■■■■■■■■■■■■■■■■■■■■■■■■■■■■■■                |  80% of 173.8 MiB
2026-09-13T20:48:02.4038958Z |■■■■■■■■■■■■■■■■■■■■■■■■■■■■■■■■■■■■■■■■■■■■■■■■■■■■■■■■■■■■■■■■■■■■■■■■        |  90% of 173.8 MiB
2026-09-13T20:48:02.4908847Z |■■■■■■■■■■■■■■■■■■■■■■■■■■■■■■■■■■■■■■■■■■■■■■■■■■■■■■■■■■■■■■■■■■■■■■■■■■■■■■■■| 100% of 173.8 MiB
2026-09-13T20:48:07.2499296Z Chromium 140.0.7339.186 (playwright build v1193) downloaded to /home/runner/.cache/ms-playwright/chromium-1193
2026-09-13T20:48:07.2515391Z Downloading FFMPEG playwright build v1011 from https://cdn.playwright.dev/dbazure/download/playwright/builds/ffmpeg/1011/ffmpeg-linux.zip
2026-09-13T20:48:07.6221868Z |                                                                                |   0% of 2.3 MiB
2026-09-13T20:48:07.6272557Z |■■■■■■■■                                                                        |  10% of 2.3 MiB
2026-09-13T20:48:07.6300225Z |■■■■■■■■■■■■■■■■                                                                |  20% of 2.3 MiB
2026-09-13T20:48:07.6334634Z |■■■■■■■■■■■■■■■■■■■■■■■■                                                        |  30% of 2.3 MiB
2026-09-13T20:48:07.6355740Z |■■■■■■■■■■■■■■■■■■■■■■■■■■■■■■■■                                                |  40% of 2.3 MiB
2026-09-13T20:48:07.6376429Z |■■■■■■■■■■■■■■■■■■■■■■■■■■■■■■■■■■■■■■■■                                        |  50% of 2.3 MiB
2026-09-13T20:48:07.6397469Z |■■■■■■■■■■■■■■■■■■■■■■■■■■■■■■■■■■■■■■■■■■■■■■■■                                |  60% of 2.3 MiB
2026-09-13T20:48:07.6420841Z |■■■■■■■■■■■■■■■■■■■■■■■■■■■■■■■■■■■■■■■■■■■■■■■■■■■■■■■■                        |  70% of 2.3 MiB
2026-09-13T20:48:07.6440987Z |■■■■■■■■■■■■■■■■■■■■■■■■■■■■■■■■■■■■■■■■■■■■■■■■■■■■■■■■■■■■■■■■                |  80% of 2.3 MiB
2026-09-13T20:48:07.6462942Z |■■■■■■■■■■■■■■■■■■■■■■■■■■■■■■■■■■■■■■■■■■■■■■■■■■■■■■■■■■■■■■■■■■■■■■■■        |  90% of 2.3 MiB
2026-09-13T20:48:07.6482167Z |■■■■■■■■■■■■■■■■■■■■■■■■■■■■■■■■■■■■■■■■■■■■■■■■■■■■■■■■■■■■■■■■■■■■■■■■■■■■■■■■| 100% of 2.3 MiB
2026-09-13T20:48:07.7137539Z FFMPEG playwright build v1011 downloaded to /home/runner/.cache/ms-playwright/ffmpeg-1011
2026-09-13T20:48:07.7140082Z Downloading Chromium Headless Shell 140.0.7339.186 (playwright build v1193) from https://cdn.playwright.dev/dbazure/download/playwright/builds/chromium/1193/chromium-headless-shell-linux.zip
2026-09-13T20:48:07.8474072Z |                                                                                |   0% of 104.3 MiB
2026-09-13T20:48:07.9652237Z |■■■■■■■■                                                                        |  10% of 104.3 MiB
2026-09-13T20:48:08.0556647Z |■■■■■■■■■■■■■■■■                                                                |  20% of 104.3 MiB
2026-09-13T20:48:08.1449747Z |■■■■■■■■■■■■■■■■■■■■■■■■                                                        |  30% of 104.3 MiB
2026-09-13T20:48:08.2169463Z |■■■■■■■■■■■■■■■■■■■■■■■■■■■■■■■■                                                |  40% of 104.3 MiB
2026-09-13T20:48:08.2878613Z |■■■■■■■■■■■■■■■■■■■■■■■■■■■■■■■■■■■■■■■■                                        |  50% of 104.3 MiB
2026-09-13T20:48:08.3479100Z |■■■■■■■■■■■■■■■■■■■■■■■■■■■■■■■■■■■■■■■■■■■■■■■■                                |  60% of 104.3 MiB
2026-09-13T20:48:08.3993405Z |■■■■■■■■■■■■■■■■■■■■■■■■■■■■■■■■■■■■■■■■■■■■■■■■■■■■■■■■                        |  70% of 104.3 MiB
2026-09-13T20:48:08.4501016Z |■■■■■■■■■■■■■■■■■■■■■■■■■■■■■■■■■■■■■■■■■■■■■■■■■■■■■■■■■■■■■■■■                |  80% of 104.3 MiB
2026-09-13T20:48:08.5090295Z |■■■■■■■■■■■■■■■■■■■■■■■■■■■■■■■■■■■■■■■■■■■■■■■■■■■■■■■■■■■■■■■■■■■■■■■■        |  90% of 104.3 MiB
2026-09-13T20:48:08.5613975Z |■■■■■■■■■■■■■■■■■■■■■■■■■■■■■■■■■■■■■■■■■■■■■■■■■■■■■■■■■■■■■■■■■■■■■■■■■■■■■■■■| 100% of 104.3 MiB
2026-09-13T20:48:10.9920311Z Chromium Headless Shell 140.0.7339.186 (playwright build v1193) downloaded to /home/runner/.cache/ms-playwright/chromium_headless_shell-1193
2026-09-13T20:48:11.3632771Z ##[group]Run python -B ci/journey-v2/same_order_api.py journey-evidence/same-order-api journey-evidence/source-binding.json
2026-09-13T20:48:11.3634897Z [36;1mpython -B ci/journey-v2/same_order_api.py journey-evidence/same-order-api journey-evidence/source-binding.json[0m
2026-09-13T20:48:11.3714141Z shell: /usr/bin/bash -e {0}
2026-09-13T20:48:11.3714392Z env:
2026-09-13T20:48:11.3714602Z   PYTHONDONTWRITEBYTECODE: 1
2026-09-13T20:48:11.3714926Z   pythonLocation: /opt/hostedtoolcache/Python/3.13.5/x64
2026-09-13T20:48:11.3715384Z   PKG_CONFIG_PATH: /opt/hostedtoolcache/Python/3.13.5/x64/lib/pkgconfig
2026-09-13T20:48:11.3715807Z   Python_ROOT_DIR: /opt/hostedtoolcache/Python/3.13.5/x64
2026-09-13T20:48:11.3716192Z   Python2_ROOT_DIR: /opt/hostedtoolcache/Python/3.13.5/x64
2026-09-13T20:48:11.3716560Z   Python3_ROOT_DIR: /opt/hostedtoolcache/Python/3.13.5/x64
2026-09-13T20:48:11.3716935Z   LD_LIBRARY_PATH: /opt/hostedtoolcache/Python/3.13.5/x64/lib
2026-09-13T20:48:11.3717299Z ##[endgroup]
2026-09-13T20:48:32.6313361Z {"independent_ledger_audit": "PASS", "orders": 6, "sha256": "2f6a073510aeabc2b7eabdd603f88b11bfea402298eaa93c3269a76a022fe740"}
2026-09-13T20:48:32.6315824Z {"same_order_api": "PASS", "verticals": 6, "actor_details": 18, "refresh_checks": 18, "relogin_checks": 18, "independent_sql": "PASS", "browser": "NOT_EXECUTED", "native_device": "NOT_EXECUTED"}
2026-09-13T20:48:32.6450411Z ##[group]Run python -B ci/journey-v2/run.py
2026-09-13T20:48:32.6451028Z [36;1mpython -B ci/journey-v2/run.py[0m
2026-09-13T20:48:32.6506916Z shell: /usr/bin/bash -e {0}
2026-09-13T20:48:32.6507369Z env:
2026-09-13T20:48:32.6507754Z   PYTHONDONTWRITEBYTECODE: 1
2026-09-13T20:48:32.6508326Z   pythonLocation: /opt/hostedtoolcache/Python/3.13.5/x64
2026-09-13T20:48:32.6509083Z   PKG_CONFIG_PATH: /opt/hostedtoolcache/Python/3.13.5/x64/lib/pkgconfig
2026-09-13T20:48:32.6509997Z   Python_ROOT_DIR: /opt/hostedtoolcache/Python/3.13.5/x64
2026-09-13T20:48:32.6510863Z   Python2_ROOT_DIR: /opt/hostedtoolcache/Python/3.13.5/x64
2026-09-13T20:48:32.6511706Z   Python3_ROOT_DIR: /opt/hostedtoolcache/Python/3.13.5/x64
2026-09-13T20:48:32.6512689Z   LD_LIBRARY_PATH: /opt/hostedtoolcache/Python/3.13.5/x64/lib
2026-09-13T20:48:32.6513446Z ##[endgroup]
2026-09-13T20:48:50.4116228Z {"name":"consumer-login","result":"PASS"}
2026-09-13T20:48:50.9005585Z {"name":"supplier-login","result":"PASS"}
2026-09-13T20:48:51.5705077Z {"name":"admin-login","result":"PASS"}
2026-09-13T20:48:52.4246498Z {"name":"vault-two-confirmed-travelers","result":"PASS"}
2026-09-13T20:48:54.6075747Z {"name":"HOTEL-after-sales-refund","result":"PASS"}
2026-09-13T20:48:54.6742759Z {"name":"HOTEL-search-quote-traveler-payment","result":"PASS"}
2026-09-13T20:48:56.6494559Z {"name":"FLIGHT-after-sales-refund","result":"PASS"}
2026-09-13T20:48:56.7238198Z {"name":"FLIGHT-roundtrip-two-adults-tickets","result":"PASS"}
2026-09-13T20:48:58.3473835Z {"name":"RAIL-after-sales-refund","result":"PASS"}
2026-09-13T20:48:58.3950659Z {"name":"RAIL-two-adults-confirmed","result":"PASS"}
2026-09-13T20:48:59.8500014Z {"name":"RIDE-after-sales-refund","result":"PASS"}
2026-09-13T20:48:59.8999388Z {"name":"RIDE-traveler-confirmed","result":"PASS"}
2026-09-13T20:49:01.3475503Z {"name":"RENTAL-after-sales-refund","result":"PASS"}
2026-09-13T20:49:01.3965561Z {"name":"RENTAL-traveler-confirmed","result":"PASS"}
2026-09-13T20:49:03.0121435Z {"name":"ATTRACTION-after-sales-refund","result":"PASS"}
2026-09-13T20:49:03.0609926Z {"name":"ATTRACTION-two-visitors-slot-confirmed","result":"PASS"}
2026-09-13T20:49:03.7147998Z {"name":"consumer-unified-six-vertical-trip-reentry","result":"PASS"}
2026-09-13T20:49:04.8632150Z {"name":"HOTEL-consumer-refresh-reentry","result":"PASS"}
2026-09-13T20:49:05.9795962Z {"name":"FLIGHT-consumer-refresh-reentry","result":"PASS"}
2026-09-13T20:49:06.9555801Z {"name":"RAIL-consumer-refresh-reentry","result":"PASS"}
2026-09-13T20:49:08.1950894Z {"name":"RIDE-consumer-refresh-reentry","result":"PASS"}
2026-09-13T20:49:09.4272200Z {"name":"RENTAL-consumer-refresh-reentry","result":"PASS"}
2026-09-13T20:49:10.5343262Z {"name":"ATTRACTION-consumer-refresh-reentry","result":"PASS"}
2026-09-13T20:49:10.5939448Z {"name":"consumer-viewport-375","result":"PASS"}
2026-09-13T20:49:10.6950713Z {"name":"supplier-viewport-375","result":"PASS"}
2026-09-13T20:49:10.7732144Z {"name":"admin-viewport-375","result":"PASS"}
2026-09-13T20:49:10.8275532Z {"name":"consumer-viewport-430","result":"PASS"}
2026-09-13T20:49:10.8937511Z {"name":"supplier-viewport-430","result":"PASS"}
2026-09-13T20:49:10.9526667Z {"name":"admin-viewport-430","result":"PASS"}
2026-09-13T20:49:11.0509374Z {"name":"consumer-viewport-1440","result":"PASS"}
2026-09-13T20:49:11.1498885Z {"name":"supplier-viewport-1440","result":"PASS"}
2026-09-13T20:49:11.2602933Z {"name":"admin-viewport-1440","result":"PASS"}
2026-09-13T20:49:12.8638186Z {"name":"HOTEL-supplier-admin-consumer-same-order","result":"PASS"}
2026-09-13T20:49:14.1353950Z {"name":"FLIGHT-supplier-admin-consumer-same-order","result":"PASS"}
2026-09-13T20:49:15.3482183Z {"name":"RAIL-supplier-admin-consumer-same-order","result":"PASS"}
2026-09-13T20:49:16.5511734Z {"name":"RIDE-supplier-admin-consumer-same-order","result":"PASS"}
2026-09-13T20:49:17.8335228Z {"name":"RENTAL-supplier-admin-consumer-same-order","result":"PASS"}
2026-09-13T20:49:19.0984990Z {"name":"ATTRACTION-supplier-admin-consumer-same-order","result":"PASS"}
2026-09-13T20:49:20.3530217Z {"name":"DEPTH45-trip-search-375","result":"PASS"}
2026-09-13T20:49:21.2654010Z {"name":"DEPTH45-trip-search-390","result":"PASS"}
2026-09-13T20:49:22.1322992Z {"name":"DEPTH45-trip-search-430","result":"PASS"}
2026-09-13T20:49:23.0614311Z {"name":"DEPTH45-trip-search-1440","result":"PASS"}
2026-09-13T20:49:25.7461284Z {"name":"DEPTH45-unpaid-order-search-and-resume","result":"PASS"}
2026-09-13T20:49:26.2467752Z {"name":"DEPTH45-hotel-owner-login","result":"PASS"}
2026-09-13T20:49:28.5626797Z {"name":"DEPTH45-same-price-change-is-free","result":"PASS"}
2026-09-13T20:49:29.5218966Z {"name":"DEPTH45-arrival-outside-original-year-rejected","result":"PASS"}
2026-09-13T20:49:32.1931874Z {"name":"DEPTH45-capture-failure-keeps-original-trip","result":"PASS"}
2026-09-13T20:49:34.7075557Z {"name":"DEPTH45-retry-payment-from-same-order","result":"PASS"}
2026-09-13T20:49:37.4409041Z {"name":"DEPTH45-second-higher-change-only-charges-new-difference","result":"PASS"}
2026-09-13T20:49:40.3744828Z {"name":"DEPTH45-lower-price-change-no-charge-no-refund","result":"PASS"}
2026-09-13T20:49:44.1737956Z {"name":"DEPTH45-refund-response-loss-refresh-and-replay","result":"PASS"}
2026-09-13T20:49:44.2565579Z {"name":"DEPTH45-required-journey-completion","result":"PASS"}
2026-09-13T20:49:44.3218298Z {"name":"no-unhandled-browser-errors","result":"PASS"}
2026-09-13T20:49:44.5882433Z {"independent_ledger_audit": "PASS", "orders": 6, "sha256": "d5cb90d1a27f4b111f7fff6f9ea6b745e042a91ab004f41929dc3427e8329e31"}
2026-09-13T20:49:44.7383403Z {"hotel_change_ledger": "PASS", "orders": 1}
2026-09-13T20:49:45.0283242Z ##[group]Run python - <<'PY'
2026-09-13T20:49:45.0283986Z [36;1mpython - <<'PY'[0m
2026-09-13T20:49:45.0284254Z [36;1mimport hashlib,json,pathlib[0m
2026-09-13T20:49:45.0284617Z [36;1mp=pathlib.Path('journey-evidence');p.mkdir(exist_ok=True)[0m
2026-09-13T20:49:45.0285326Z [36;1mfiles={str(x.relative_to(p)):hashlib.sha256(x.read_bytes()).hexdigest() for x in sorted(p.rglob('*')) if x.is_file() and x.name!='SHA256.json'}[0m
2026-09-13T20:49:45.0286008Z [36;1m(p/'SHA256.json').write_text(json.dumps(files,indent=2)+'\n')[0m
2026-09-13T20:49:45.0286378Z [36;1mPY[0m
2026-09-13T20:49:45.0324162Z shell: /usr/bin/bash -e {0}
2026-09-13T20:49:45.0324413Z env:
2026-09-13T20:49:45.0324622Z   PYTHONDONTWRITEBYTECODE: 1
2026-09-13T20:49:45.0324943Z   pythonLocation: /opt/hostedtoolcache/Python/3.13.5/x64
2026-09-13T20:49:45.0325373Z   PKG_CONFIG_PATH: /opt/hostedtoolcache/Python/3.13.5/x64/lib/pkgconfig
2026-09-13T20:49:45.0325831Z   Python_ROOT_DIR: /opt/hostedtoolcache/Python/3.13.5/x64
2026-09-13T20:49:45.0326201Z   Python2_ROOT_DIR: /opt/hostedtoolcache/Python/3.13.5/x64
2026-09-13T20:49:45.0326577Z   Python3_ROOT_DIR: /opt/hostedtoolcache/Python/3.13.5/x64
2026-09-13T20:49:45.0326982Z   LD_LIBRARY_PATH: /opt/hostedtoolcache/Python/3.13.5/x64/lib
2026-09-13T20:49:45.0327299Z ##[endgroup]
2026-09-13T20:49:45.1755072Z Node 20 is being deprecated. This workflow is running with Node 24 by default. If you need to temporarily use Node 20, you can set the ACTIONS_ALLOW_USE_UNSECURE_NODE_VERSION=true environment variable. For more information see: https://github.blog/changelog/2025-09-19-deprecation-of-node-20-on-github-actions-runners/
2026-09-13T20:49:45.1756393Z ##[group]Run actions/upload-artifact@v4
2026-09-13T20:49:45.1756663Z with:
2026-09-13T20:49:45.1756943Z   name: depth47-browser-ddd2b9d82d560ba2657a7904f061fb20196d5924
2026-09-13T20:49:45.1757307Z   path: journey-evidence/
2026-09-13T20:49:45.1757547Z   if-no-files-found: error
2026-09-13T20:49:45.1757772Z   retention-days: 90
2026-09-13T20:49:45.1757982Z   compression-level: 6
2026-09-13T20:49:45.1758202Z   overwrite: false
2026-09-13T20:49:45.1758415Z   include-hidden-files: false
2026-09-13T20:49:45.1758649Z env:
2026-09-13T20:49:45.1758842Z   PYTHONDONTWRITEBYTECODE: 1
2026-09-13T20:49:45.1759168Z   pythonLocation: /opt/hostedtoolcache/Python/3.13.5/x64
2026-09-13T20:49:45.1759593Z   PKG_CONFIG_PATH: /opt/hostedtoolcache/Python/3.13.5/x64/lib/pkgconfig
2026-09-13T20:49:45.1760001Z   Python_ROOT_DIR: /opt/hostedtoolcache/Python/3.13.5/x64
2026-09-13T20:49:45.1760364Z   Python2_ROOT_DIR: /opt/hostedtoolcache/Python/3.13.5/x64
2026-09-13T20:49:45.1760904Z   Python3_ROOT_DIR: /opt/hostedtoolcache/Python/3.13.5/x64
2026-09-13T20:49:45.1761268Z   LD_LIBRARY_PATH: /opt/hostedtoolcache/Python/3.13.5/x64/lib
2026-09-13T20:49:45.1761600Z ##[endgroup]
2026-09-13T20:49:45.5189462Z (node:3269) [DEP0040] DeprecationWarning: The `punycode` module is deprecated. Please use a userland alternative instead.
2026-09-13T20:49:45.5191161Z (Use `node --trace-deprecation ...` to show where the warning was created)
2026-09-13T20:49:45.5651715Z With the provided path, there will be 132 files uploaded
2026-09-13T20:49:45.5653034Z Artifact name is valid!
2026-09-13T20:49:45.5654494Z Root directory input is valid!
2026-09-13T20:49:45.8600626Z Beginning upload of artifact content to blob storage
2026-09-13T20:49:46.2522222Z (node:3269) [DEP0169] DeprecationWarning: `url.parse()` behavior is not standardized and prone to errors that have security implications. Use the WHATWG URL API instead. CVEs are not issued for `url.parse()` vulnerabilities.
2026-09-13T20:49:46.6120483Z Uploaded bytes 8388608
2026-09-13T20:49:46.7772425Z Uploaded bytes 12808500
2026-09-13T20:49:46.8080874Z Finished uploading artifact content to blob storage!
2026-09-13T20:49:46.8082699Z SHA256 digest of uploaded artifact zip is c5cd7f36fd40026150689414e723ca6911ce366468c1a05a7594788dcf1d2ce8
2026-09-13T20:49:46.8084391Z Finalizing artifact upload
2026-09-13T20:49:47.0334448Z Artifact depth47-browser-ddd2b9d82d560ba2657a7904f061fb20196d5924.zip successfully finalized. Artifact ID 10325582604
2026-09-13T20:49:47.0336721Z Artifact depth47-browser-ddd2b9d82d560ba2657a7904f061fb20196d5924 has been successfully uploaded! Final size is 12808500 bytes. Artifact ID is 10325582604
2026-09-13T20:49:47.0339599Z Artifact download URL: https://github.com/yuguangzhi3836-glitch/GO/actions/runs/34781824295/artifacts/10325582604
2026-09-13T20:49:47.0550261Z Node 20 is being deprecated. This workflow is running with Node 24 by default. If you need to temporarily use Node 20, you can set the ACTIONS_ALLOW_USE_UNSECURE_NODE_VERSION=true environment variable. For more information see: https://github.blog/changelog/2025-09-19-deprecation-of-node-20-on-github-actions-runners/
2026-09-13T20:49:47.0551504Z Post job cleanup.
2026-09-13T20:49:47.1928288Z (node:3281) [DEP0040] DeprecationWarning: The `punycode` module is deprecated. Please use a userland alternative instead.
2026-09-13T20:49:47.1930034Z (Use `node --trace-deprecation ...` to show where the warning was created)
2026-09-13T20:49:47.2170879Z Node 20 is being deprecated. This workflow is running with Node 24 by default. If you need to temporarily use Node 20, you can set the ACTIONS_ALLOW_USE_UNSECURE_NODE_VERSION=true environment variable. For more information see: https://github.blog/changelog/2025-09-19-deprecation-of-node-20-on-github-actions-runners/
2026-09-13T20:49:47.2172912Z Post job cleanup.
2026-09-13T20:49:47.3726036Z (node:3289) [DEP0040] DeprecationWarning: The `punycode` module is deprecated. Please use a userland alternative instead.
2026-09-13T20:49:47.3745206Z (Use `node --trace-deprecation ...` to show where the warning was created)
2026-09-13T20:49:47.4140611Z Node 20 is being deprecated. This workflow is running with Node 24 by default. If you need to temporarily use Node 20, you can set the ACTIONS_ALLOW_USE_UNSECURE_NODE_VERSION=true environment variable. For more information see: https://github.blog/changelog/2025-09-19-deprecation-of-node-20-on-github-actions-runners/
2026-09-13T20:49:47.4142679Z Post job cleanup.
2026-09-13T20:49:47.5632848Z [command]/usr/bin/git version
2026-09-13T20:49:47.5694461Z git version 2.55.0
2026-09-13T20:49:47.5794873Z Temporarily overriding HOME='/home/runner/work/_temp/f197a841-3da2-4bd0-a9ec-49ddf190094e' before making global git config changes
2026-09-13T20:49:47.5799135Z Adding repository directory to the temporary git global config as a safe directory
2026-09-13T20:49:47.5810122Z [command]/usr/bin/git config --global --add safe.directory /home/runner/work/GO/GO
2026-09-13T20:49:47.5814055Z [command]/usr/bin/git config --local --name-only --get-regexp core\.sshCommand
2026-09-13T20:49:47.5915747Z [command]/usr/bin/git submodule foreach --recursive sh -c "git config --local --name-only --get-regexp 'core\.sshCommand' && git config --local --unset-all 'core.sshCommand' || :"
2026-09-13T20:49:47.6246540Z [command]/usr/bin/git config --local --name-only --get-regexp http\.https\:\/\/github\.com\/\.extraheader
2026-09-13T20:49:47.6335864Z [command]/usr/bin/git submodule foreach --recursive sh -c "git config --local --name-only --get-regexp 'http\.https\:\/\/github\.com\/\.extraheader' && git config --local --unset-all 'http.https://github.com/.extraheader' || :"
2026-09-13T20:49:47.6684850Z [command]/usr/bin/git config --local --name-only --get-regexp ^includeIf\.gitdir:
2026-09-13T20:49:47.6735736Z [command]/usr/bin/git submodule foreach --recursive git config --local --show-origin --name-only --get-regexp remote.origin.url
2026-09-13T20:49:47.7467451Z Cleaning up orphan processes
2026-09-13T20:49:47.7892601Z ##[warning]Node.js 20 is deprecated. The following actions target Node.js 20 but are being forced to run on Node.js 24: actions/checkout@v4, actions/setup-node@v4, actions/setup-python@v5, actions/upload-artifact@v4. For more information see: https://github.blog/changelog/2025-09-19-deprecation-of-node-20-on-github-actions-runners/
