2026-09-13T20:47:00.5355154Z Current runner version: '2.337.0'
2026-09-13T20:47:00.5394543Z ##[group]Runner Image Provisioner
2026-09-13T20:47:00.5395942Z Hosted Compute Agent
2026-09-13T20:47:00.5397142Z Version: 20260828.587
2026-09-13T20:47:00.5398285Z Commit: abac92662cab4cc7352de4f9f9d2e2419aad9c29
2026-09-13T20:47:00.5399750Z Build Date: 2026-08-28T16:44:25Z
2026-09-13T20:47:00.5401345Z Worker ID: {14cc65fb-7a49-4c2d-b702-3359204d8c25}
2026-09-13T20:47:00.5402714Z Azure Region: westus
2026-09-13T20:47:00.5403890Z ##[endgroup]
2026-09-13T20:47:00.5406342Z ##[group]Operating System
2026-09-13T20:47:00.5407543Z Ubuntu
2026-09-13T20:47:00.5408439Z 24.04.5
2026-09-13T20:47:00.5409290Z LTS
2026-09-13T20:47:00.5410286Z ##[endgroup]
2026-09-13T20:47:00.5411560Z ##[group]Runner Image
2026-09-13T20:47:00.5412697Z Image: ubuntu-24.04
2026-09-13T20:47:00.5413834Z Version: 20260907.300.1
2026-09-13T20:47:00.5416029Z Included Software: https://github.com/actions/runner-images/blob/ubuntu24/20260907.300/images/ubuntu/Ubuntu2404-Readme.md
2026-09-13T20:47:00.5419103Z Image Release: https://github.com/actions/runner-images/releases/tag/ubuntu24%2F20260907.300
2026-09-13T20:47:00.5421304Z ##[endgroup]
2026-09-13T20:47:00.5423492Z ##[group]GITHUB_TOKEN Permissions
2026-09-13T20:47:00.5426393Z Contents: read
2026-09-13T20:47:00.5427596Z Metadata: read
2026-09-13T20:47:00.5428580Z ##[endgroup]
2026-09-13T20:47:00.5432283Z Secret source: Actions
2026-09-13T20:47:00.5433874Z Cache mode: write
2026-09-13T20:47:00.5435199Z Prepare workflow directory
2026-09-13T20:47:00.6219177Z Prepare all required actions
2026-09-13T20:47:00.6297319Z Getting action download info
2026-09-13T20:47:01.0721999Z Download action repository 'actions/checkout@v4' (SHA:11d5960a326750d5838078e36cf38b85af677262)
2026-09-13T20:47:01.1902995Z Download action repository 'actions/setup-python@v5' (SHA:a26af69be951a213d495a4c3e4e4022e16d87065)
2026-09-13T20:47:01.2906424Z Download action repository 'actions/setup-node@v4' (SHA:49933ea5288caeca8642d1e84afbd3f7d6820020)
2026-09-13T20:47:01.3867061Z Download action repository 'actions/upload-artifact@v4' (SHA:ea165f8d65b6e75b540449e92b4886f43607fa02)
2026-09-13T20:47:01.6344743Z Complete job name: regression (2)
2026-09-13T20:47:01.7241898Z Node 20 is being deprecated. This workflow is running with Node 24 by default. If you need to temporarily use Node 20, you can set the ACTIONS_ALLOW_USE_UNSECURE_NODE_VERSION=true environment variable. For more information see: https://github.blog/changelog/2025-09-19-deprecation-of-node-20-on-github-actions-runners/
2026-09-13T20:47:01.7252033Z ##[group]Run actions/checkout@v4
2026-09-13T20:47:01.7252877Z with:
2026-09-13T20:47:01.7253396Z   ref: ddd2b9d82d560ba2657a7904f061fb20196d5924
2026-09-13T20:47:01.7254113Z   persist-credentials: false
2026-09-13T20:47:01.7254703Z   repository: yuguangzhi3836-glitch/GO
2026-09-13T20:47:01.7259725Z   token: ***
2026-09-13T20:47:01.7260191Z   ssh-strict: true
2026-09-13T20:47:01.7260659Z   ssh-user: git
2026-09-13T20:47:01.7261561Z   clean: true
2026-09-13T20:47:01.7262102Z   sparse-checkout-cone-mode: true
2026-09-13T20:47:01.7262705Z   fetch-depth: 1
2026-09-13T20:47:01.7263179Z   fetch-tags: false
2026-09-13T20:47:01.7263704Z   show-progress: true
2026-09-13T20:47:01.7264209Z   lfs: false
2026-09-13T20:47:01.7264643Z   submodules: false
2026-09-13T20:47:01.7265127Z   set-safe-directory: true
2026-09-13T20:47:01.7265692Z   allow-unsafe-pr-checkout: false
2026-09-13T20:47:01.7266621Z env:
2026-09-13T20:47:01.7267091Z   PYTHONDONTWRITEBYTECODE: 1
2026-09-13T20:47:01.7267647Z ##[endgroup]
2026-09-13T20:47:01.8445769Z Syncing repository: yuguangzhi3836-glitch/GO
2026-09-13T20:47:01.8451557Z ##[group]Getting Git version info
2026-09-13T20:47:01.8452795Z Working directory is '/home/runner/work/GO/GO'
2026-09-13T20:47:01.8517748Z [command]/usr/bin/git version
2026-09-13T20:47:01.8652850Z git version 2.55.0
2026-09-13T20:47:01.8688384Z ##[endgroup]
2026-09-13T20:47:01.8725034Z Temporarily overriding HOME='/home/runner/work/_temp/28bb0f81-bed4-4bce-a183-a3e84ca1d1c2' before making global git config changes
2026-09-13T20:47:01.8729136Z Adding repository directory to the temporary git global config as a safe directory
2026-09-13T20:47:01.8732680Z [command]/usr/bin/git config --global --add safe.directory /home/runner/work/GO/GO
2026-09-13T20:47:01.8832969Z Deleting the contents of '/home/runner/work/GO/GO'
2026-09-13T20:47:01.8835650Z ##[group]Initializing the repository
2026-09-13T20:47:01.8837676Z [command]/usr/bin/git init /home/runner/work/GO/GO
2026-09-13T20:47:01.9024980Z hint: Using 'master' as the name for the initial branch. This default branch name
2026-09-13T20:47:01.9029244Z hint: will change to "main" in Git 3.0. To configure the initial branch name
2026-09-13T20:47:01.9035444Z hint: to use in all of your new repositories, which will suppress this warning,
2026-09-13T20:47:01.9054915Z hint: call:
2026-09-13T20:47:01.9057453Z hint:
2026-09-13T20:47:01.9058775Z hint: 	git config --global init.defaultBranch <name>
2026-09-13T20:47:01.9060560Z hint:
2026-09-13T20:47:01.9062422Z hint: Names commonly chosen instead of 'master' are 'main', 'trunk' and
2026-09-13T20:47:01.9065024Z hint: 'development'. The just-created branch can be renamed via this command:
2026-09-13T20:47:01.9069168Z hint:
2026-09-13T20:47:01.9069918Z hint: 	git branch -m <name>
2026-09-13T20:47:01.9070771Z hint:
2026-09-13T20:47:01.9073753Z hint: Disable this message with "git config set advice.defaultBranchName false"
2026-09-13T20:47:01.9075764Z Initialized empty Git repository in /home/runner/work/GO/GO/.git/
2026-09-13T20:47:01.9079041Z [command]/usr/bin/git remote add origin https://github.com/yuguangzhi3836-glitch/GO
2026-09-13T20:47:01.9082566Z ##[endgroup]
2026-09-13T20:47:01.9083960Z ##[group]Disabling automatic garbage collection
2026-09-13T20:47:01.9096452Z [command]/usr/bin/git config --local gc.auto 0
2026-09-13T20:47:01.9219752Z ##[endgroup]
2026-09-13T20:47:01.9221542Z ##[group]Setting up auth
2026-09-13T20:47:01.9223011Z [command]/usr/bin/git config --local --name-only --get-regexp core\.sshCommand
2026-09-13T20:47:01.9228405Z [command]/usr/bin/git submodule foreach --recursive sh -c "git config --local --name-only --get-regexp 'core\.sshCommand' && git config --local --unset-all 'core.sshCommand' || :"
2026-09-13T20:47:01.9803056Z [command]/usr/bin/git config --local --name-only --get-regexp http\.https\:\/\/github\.com\/\.extraheader
2026-09-13T20:47:01.9868858Z [command]/usr/bin/git submodule foreach --recursive sh -c "git config --local --name-only --get-regexp 'http\.https\:\/\/github\.com\/\.extraheader' && git config --local --unset-all 'http.https://github.com/.extraheader' || :"
2026-09-13T20:47:02.0142612Z [command]/usr/bin/git config --local --name-only --get-regexp ^includeIf\.gitdir:
2026-09-13T20:47:02.0184367Z [command]/usr/bin/git submodule foreach --recursive git config --local --show-origin --name-only --get-regexp remote.origin.url
2026-09-13T20:47:02.0440794Z [command]/usr/bin/git config --local http.https://github.com/.extraheader AUTHORIZATION: basic ***
2026-09-13T20:47:02.0486168Z ##[endgroup]
2026-09-13T20:47:02.0488281Z ##[group]Fetching the repository
2026-09-13T20:47:02.0498435Z [command]/usr/bin/git -c protocol.version=2 fetch --no-tags --prune --no-recurse-submodules --depth=1 origin ddd2b9d82d560ba2657a7904f061fb20196d5924
2026-09-13T20:47:17.3951203Z From https://github.com/yuguangzhi3836-glitch/GO
2026-09-13T20:47:17.3984598Z  * branch            ddd2b9d82d560ba2657a7904f061fb20196d5924 -> FETCH_HEAD
2026-09-13T20:47:17.4031395Z ##[endgroup]
2026-09-13T20:47:17.4044622Z ##[group]Determining the checkout info
2026-09-13T20:47:17.4045826Z ##[endgroup]
2026-09-13T20:47:17.4046599Z [command]/usr/bin/git sparse-checkout disable
2026-09-13T20:47:17.4048968Z [command]/usr/bin/git config --local --unset-all extensions.worktreeConfig
2026-09-13T20:47:17.4102405Z ##[group]Checking out the ref
2026-09-13T20:47:17.4117168Z [command]/usr/bin/git checkout --progress --force ddd2b9d82d560ba2657a7904f061fb20196d5924
2026-09-13T20:47:18.5211635Z Updating files:  32% (1632/4950)
2026-09-13T20:47:19.0313679Z Updating files:  33% (1634/4950)
2026-09-13T20:47:19.0346522Z Updating files:  34% (1683/4950)
2026-09-13T20:47:19.0375768Z Updating files:  35% (1733/4950)
2026-09-13T20:47:19.0401824Z Updating files:  36% (1782/4950)
2026-09-13T20:47:19.0508010Z Updating files:  37% (1832/4950)
2026-09-13T20:47:19.0571442Z Updating files:  38% (1881/4950)
2026-09-13T20:47:19.0624821Z Updating files:  39% (1931/4950)
2026-09-13T20:47:19.0702007Z Updating files:  40% (1980/4950)
2026-09-13T20:47:19.0716311Z Updating files:  41% (2030/4950)
2026-09-13T20:47:19.0744593Z Updating files:  42% (2079/4950)
2026-09-13T20:47:19.0772393Z Updating files:  43% (2129/4950)
2026-09-13T20:47:19.0803935Z Updating files:  44% (2178/4950)
2026-09-13T20:47:19.0832990Z Updating files:  45% (2228/4950)
2026-09-13T20:47:19.0874068Z Updating files:  46% (2277/4950)
2026-09-13T20:47:19.0921590Z Updating files:  47% (2327/4950)
2026-09-13T20:47:19.0958622Z Updating files:  48% (2376/4950)
2026-09-13T20:47:19.1021603Z Updating files:  49% (2426/4950)
2026-09-13T20:47:19.1081580Z Updating files:  50% (2475/4950)
2026-09-13T20:47:19.1118261Z Updating files:  51% (2525/4950)
2026-09-13T20:47:19.1168427Z Updating files:  52% (2574/4950)
2026-09-13T20:47:19.1253427Z Updating files:  53% (2624/4950)
2026-09-13T20:47:19.1282184Z Updating files:  54% (2673/4950)
2026-09-13T20:47:19.1332305Z Updating files:  55% (2723/4950)
2026-09-13T20:47:19.1384680Z Updating files:  56% (2772/4950)
2026-09-13T20:47:19.1431510Z Updating files:  57% (2822/4950)
2026-09-13T20:47:19.1464562Z Updating files:  58% (2871/4950)
2026-09-13T20:47:19.1495628Z Updating files:  59% (2921/4950)
2026-09-13T20:47:19.1899223Z Updating files:  60% (2970/4950)
2026-09-13T20:47:19.2404480Z Updating files:  61% (3020/4950)
2026-09-13T20:47:19.2451798Z Updating files:  62% (3069/4950)
2026-09-13T20:47:19.2541557Z Updating files:  63% (3119/4950)
2026-09-13T20:47:19.2789711Z Updating files:  64% (3168/4950)
2026-09-13T20:47:19.2967308Z Updating files:  65% (3218/4950)
2026-09-13T20:47:19.3394965Z Updating files:  66% (3267/4950)
2026-09-13T20:47:19.3540251Z Updating files:  67% (3317/4950)
2026-09-13T20:47:19.3576746Z Updating files:  68% (3366/4950)
2026-09-13T20:47:19.3601488Z Updating files:  69% (3416/4950)
2026-09-13T20:47:19.3626096Z Updating files:  70% (3465/4950)
2026-09-13T20:47:19.3656372Z Updating files:  71% (3515/4950)
2026-09-13T20:47:19.3719711Z Updating files:  72% (3564/4950)
2026-09-13T20:47:19.3747005Z Updating files:  73% (3614/4950)
2026-09-13T20:47:19.3771140Z Updating files:  74% (3663/4950)
2026-09-13T20:47:19.3799519Z Updating files:  75% (3713/4950)
2026-09-13T20:47:19.3846335Z Updating files:  76% (3762/4950)
2026-09-13T20:47:19.3894572Z Updating files:  77% (3812/4950)
2026-09-13T20:47:19.3927271Z Updating files:  78% (3861/4950)
2026-09-13T20:47:19.3969555Z Updating files:  79% (3911/4950)
2026-09-13T20:47:19.3998928Z Updating files:  80% (3960/4950)
2026-09-13T20:47:19.4047361Z Updating files:  81% (4010/4950)
2026-09-13T20:47:19.4221233Z Updating files:  82% (4059/4950)
2026-09-13T20:47:19.4291061Z Updating files:  83% (4109/4950)
2026-09-13T20:47:19.4388078Z Updating files:  83% (4113/4950)
2026-09-13T20:47:19.4869749Z Updating files:  84% (4158/4950)
2026-09-13T20:47:19.4939020Z Updating files:  85% (4208/4950)
2026-09-13T20:47:19.4980769Z Updating files:  86% (4257/4950)
2026-09-13T20:47:19.5011876Z Updating files:  87% (4307/4950)
2026-09-13T20:47:19.5035903Z Updating files:  88% (4356/4950)
2026-09-13T20:47:19.5059377Z Updating files:  89% (4406/4950)
2026-09-13T20:47:19.5086124Z Updating files:  90% (4455/4950)
2026-09-13T20:47:19.5147107Z Updating files:  91% (4505/4950)
2026-09-13T20:47:19.5169718Z Updating files:  92% (4554/4950)
2026-09-13T20:47:19.5192897Z Updating files:  93% (4604/4950)
2026-09-13T20:47:19.5218146Z Updating files:  94% (4653/4950)
2026-09-13T20:47:19.5253304Z Updating files:  95% (4703/4950)
2026-09-13T20:47:19.5291902Z Updating files:  96% (4752/4950)
2026-09-13T20:47:19.5319688Z Updating files:  97% (4802/4950)
2026-09-13T20:47:19.5354188Z Updating files:  98% (4851/4950)
2026-09-13T20:47:19.5379506Z Updating files:  99% (4901/4950)
2026-09-13T20:47:19.5384230Z Updating files: 100% (4950/4950)
2026-09-13T20:47:19.5385049Z Updating files: 100% (4950/4950), done.
2026-09-13T20:47:20.4911664Z Note: switching to 'ddd2b9d82d560ba2657a7904f061fb20196d5924'.
2026-09-13T20:47:20.4912249Z 
2026-09-13T20:47:20.4912985Z You are in 'detached HEAD' state. You can look around, make experimental
2026-09-13T20:47:20.4913959Z changes and commit them, and you can discard any commits you make in this
2026-09-13T20:47:20.4914904Z state without impacting any branches by switching back to a branch.
2026-09-13T20:47:20.4915299Z 
2026-09-13T20:47:20.4915537Z If you want to create a new branch to retain commits you create, you may
2026-09-13T20:47:20.4916100Z do so (now or later) by using -c with the switch command. Example:
2026-09-13T20:47:20.4916415Z 
2026-09-13T20:47:20.4916549Z   git switch -c <new-branch-name>
2026-09-13T20:47:20.4916764Z 
2026-09-13T20:47:20.4916912Z Or undo this operation with:
2026-09-13T20:47:20.4917113Z 
2026-09-13T20:47:20.4917224Z   git switch -
2026-09-13T20:47:20.4917373Z 
2026-09-13T20:47:20.4917644Z Turn off this advice by setting config variable advice.detachedHead to false
2026-09-13T20:47:20.4918032Z 
2026-09-13T20:47:20.4918355Z HEAD is now at ddd2b9d ci: bind authorized Query default repair to exact application fingerprint
2026-09-13T20:47:20.5984218Z ##[endgroup]
2026-09-13T20:47:20.7338067Z [command]/usr/bin/git log -1 --format=%H
2026-09-13T20:47:20.7362009Z ddd2b9d82d560ba2657a7904f061fb20196d5924
2026-09-13T20:47:20.7385512Z ##[group]Removing auth
2026-09-13T20:47:20.7410069Z [command]/usr/bin/git config --local --name-only --get-regexp core\.sshCommand
2026-09-13T20:47:20.7430219Z [command]/usr/bin/git submodule foreach --recursive sh -c "git config --local --name-only --get-regexp 'core\.sshCommand' && git config --local --unset-all 'core.sshCommand' || :"
2026-09-13T20:47:20.7752413Z [command]/usr/bin/git config --local --name-only --get-regexp http\.https\:\/\/github\.com\/\.extraheader
2026-09-13T20:47:20.7911311Z http.https://github.com/.extraheader
2026-09-13T20:47:20.7942575Z [command]/usr/bin/git config --local --unset-all http.https://github.com/.extraheader
2026-09-13T20:47:20.8400828Z [command]/usr/bin/git submodule foreach --recursive sh -c "git config --local --name-only --get-regexp 'http\.https\:\/\/github\.com\/\.extraheader' && git config --local --unset-all 'http.https://github.com/.extraheader' || :"
2026-09-13T20:47:20.8677980Z [command]/usr/bin/git config --local --name-only --get-regexp ^includeIf\.gitdir:
2026-09-13T20:47:20.8742577Z [command]/usr/bin/git submodule foreach --recursive git config --local --show-origin --name-only --get-regexp remote.origin.url
2026-09-13T20:47:20.9033099Z ##[endgroup]
2026-09-13T20:47:20.9299817Z Node 20 is being deprecated. This workflow is running with Node 24 by default. If you need to temporarily use Node 20, you can set the ACTIONS_ALLOW_USE_UNSECURE_NODE_VERSION=true environment variable. For more information see: https://github.blog/changelog/2025-09-19-deprecation-of-node-20-on-github-actions-runners/
2026-09-13T20:47:20.9301871Z ##[group]Run actions/setup-python@v5
2026-09-13T20:47:20.9302152Z with:
2026-09-13T20:47:20.9302365Z   python-version: 3.13.5
2026-09-13T20:47:20.9302602Z   check-latest: false
2026-09-13T20:47:20.9305427Z   token: ***
2026-09-13T20:47:20.9305640Z   update-environment: true
2026-09-13T20:47:20.9305887Z   allow-prereleases: false
2026-09-13T20:47:20.9306119Z   freethreaded: false
2026-09-13T20:47:20.9306322Z env:
2026-09-13T20:47:20.9306514Z   PYTHONDONTWRITEBYTECODE: 1
2026-09-13T20:47:20.9306746Z ##[endgroup]
2026-09-13T20:47:21.0783662Z ##[group]Installed versions
2026-09-13T20:47:21.0804313Z Version 3.13.5 was not found in the local cache
2026-09-13T20:47:21.0922257Z (node:2127) [DEP0040] DeprecationWarning: The `punycode` module is deprecated. Please use a userland alternative instead.
2026-09-13T20:47:21.0923742Z (Use `node --trace-deprecation ...` to show where the warning was created)
2026-09-13T20:47:21.8621243Z Version 3.13.5 is available for downloading
2026-09-13T20:47:21.8623398Z Download from "https://github.com/actions/python-versions/releases/download/3.13.5-15601068749/python-3.13.5-linux-24.04-x64.tar.gz"
2026-09-13T20:47:23.0718203Z Extract downloaded archive
2026-09-13T20:47:23.0865694Z [command]/usr/bin/tar xz --warning=no-unknown-keyword --overwrite -C /home/runner/work/_temp/ae1d9a06-ac97-4a24-bd7f-8bba97fbf0e4 -f /home/runner/work/_temp/ad5d290c-0fcd-4d96-8c94-e9a8813eddda
2026-09-13T20:47:25.5405021Z Execute installation script
2026-09-13T20:47:25.5513276Z Check if Python hostedtoolcache folder exist...
2026-09-13T20:47:25.5514407Z Create Python 3.13.5 folder
2026-09-13T20:47:25.5527151Z Copy Python binaries to hostedtoolcache folder
2026-09-13T20:47:26.2314885Z Create additional symlinks (Required for the UsePythonVersion Azure Pipelines task and the setup-python GitHub Action)
2026-09-13T20:47:26.2365481Z Upgrading pip...
2026-09-13T20:47:29.0324572Z Looking in links: /tmp/tmplbaaodb9
2026-09-13T20:47:29.0329354Z Requirement already satisfied: pip in /opt/hostedtoolcache/Python/3.13.5/x64/lib/python3.13/site-packages (25.1.1)
2026-09-13T20:47:30.6360150Z Collecting pip
2026-09-13T20:47:30.6680386Z Downloading pip-26.2.1-py3-none-any.whl.metadata (4.6 kB)
2026-09-13T20:47:30.6785283Z Downloading pip-26.2.1-py3-none-any.whl (1.8 MB)
2026-09-13T20:47:30.7172297Z ━━━━━━━━━━━━━━━━━━━━━━━━━━━━━━━━━━━━━━━━ 1.8/1.8 MB 73.8 MB/s eta 0:00:00
2026-09-13T20:47:30.7185581Z 
2026-09-13T20:47:30.7384521Z Installing collected packages: pip
2026-09-13T20:47:30.7386497Z Attempting uninstall: pip
2026-09-13T20:47:30.7415720Z Found existing installation: pip 25.1.1
2026-09-13T20:47:30.7779463Z Uninstalling pip-25.1.1:
2026-09-13T20:47:30.7838666Z Successfully uninstalled pip-25.1.1
2026-09-13T20:47:31.7392275Z Successfully installed pip-26.2.1
2026-09-13T20:47:31.8099645Z Create complete file
2026-09-13T20:47:31.8146868Z Successfully set up CPython (3.13.5)
2026-09-13T20:47:31.8148608Z ##[endgroup]
2026-09-13T20:47:31.8354036Z Node 20 is being deprecated. This workflow is running with Node 24 by default. If you need to temporarily use Node 20, you can set the ACTIONS_ALLOW_USE_UNSECURE_NODE_VERSION=true environment variable. For more information see: https://github.blog/changelog/2025-09-19-deprecation-of-node-20-on-github-actions-runners/
2026-09-13T20:47:31.8355337Z ##[group]Run actions/setup-node@v4
2026-09-13T20:47:31.8355592Z with:
2026-09-13T20:47:31.8355792Z   node-version: 22.22.0
2026-09-13T20:47:31.8356018Z   always-auth: false
2026-09-13T20:47:31.8356236Z   check-latest: false
2026-09-13T20:47:31.8359092Z   token: ***
2026-09-13T20:47:31.8359287Z env:
2026-09-13T20:47:31.8359519Z   PYTHONDONTWRITEBYTECODE: 1
2026-09-13T20:47:31.8359841Z   pythonLocation: /opt/hostedtoolcache/Python/3.13.5/x64
2026-09-13T20:47:31.8360290Z   PKG_CONFIG_PATH: /opt/hostedtoolcache/Python/3.13.5/x64/lib/pkgconfig
2026-09-13T20:47:31.8360708Z   Python_ROOT_DIR: /opt/hostedtoolcache/Python/3.13.5/x64
2026-09-13T20:47:31.8361315Z   Python2_ROOT_DIR: /opt/hostedtoolcache/Python/3.13.5/x64
2026-09-13T20:47:31.8361685Z   Python3_ROOT_DIR: /opt/hostedtoolcache/Python/3.13.5/x64
2026-09-13T20:47:31.8362079Z   LD_LIBRARY_PATH: /opt/hostedtoolcache/Python/3.13.5/x64/lib
2026-09-13T20:47:31.8362393Z ##[endgroup]
2026-09-13T20:47:31.9877398Z Attempting to download 22.22.0...
2026-09-13T20:47:31.9999228Z (node:2202) [DEP0040] DeprecationWarning: The `punycode` module is deprecated. Please use a userland alternative instead.
2026-09-13T20:47:32.0001573Z (Use `node --trace-deprecation ...` to show where the warning was created)
2026-09-13T20:47:32.5936038Z Acquiring 22.22.0 - x64 from https://github.com/actions/node-versions/releases/download/22.22.0-20981702931/node-22.22.0-linux-x64.tar.gz
2026-09-13T20:47:33.1773044Z Extracting ...
2026-09-13T20:47:33.1952597Z [command]/usr/bin/tar xz --strip 1 --warning=no-unknown-keyword --overwrite -C /home/runner/work/_temp/1a953cbd-96a3-4e45-88cb-5b29bf14e704 -f /home/runner/work/_temp/a6856563-f8a7-47e4-9cce-e39ea246489a
2026-09-13T20:47:34.6448230Z Adding to the cache ...
2026-09-13T20:47:37.9976326Z ##[group]Environment details
2026-09-13T20:47:38.2987395Z node: v22.22.0
2026-09-13T20:47:38.2988175Z npm: 10.9.4
2026-09-13T20:47:38.2988915Z yarn: 1.22.22
2026-09-13T20:47:38.2989787Z ##[endgroup]
2026-09-13T20:47:38.3195883Z ##[group]Run python ci/retention/verify_source.py "$RUNNER_TEMP/evidence/source"
2026-09-13T20:47:38.3196507Z [36;1mpython ci/retention/verify_source.py "$RUNNER_TEMP/evidence/source"[0m
2026-09-13T20:47:38.3197121Z [36;1mpython ci/retention/verify_alignment.py "$RUNNER_TEMP/evidence/source/ALIGNMENT_RESULT.json"[0m
2026-09-13T20:47:38.3240605Z shell: /usr/bin/bash --noprofile --norc -e -o pipefail {0}
2026-09-13T20:47:38.3241357Z env:
2026-09-13T20:47:38.3241635Z   PYTHONDONTWRITEBYTECODE: 1
2026-09-13T20:47:38.3241959Z   pythonLocation: /opt/hostedtoolcache/Python/3.13.5/x64
2026-09-13T20:47:38.3242381Z   PKG_CONFIG_PATH: /opt/hostedtoolcache/Python/3.13.5/x64/lib/pkgconfig
2026-09-13T20:47:38.3242813Z   Python_ROOT_DIR: /opt/hostedtoolcache/Python/3.13.5/x64
2026-09-13T20:47:38.3243179Z   Python2_ROOT_DIR: /opt/hostedtoolcache/Python/3.13.5/x64
2026-09-13T20:47:38.3265747Z   Python3_ROOT_DIR: /opt/hostedtoolcache/Python/3.13.5/x64
2026-09-13T20:47:38.3266468Z   LD_LIBRARY_PATH: /opt/hostedtoolcache/Python/3.13.5/x64/lib
2026-09-13T20:47:38.3267007Z ##[endgroup]
2026-09-13T20:47:38.5823457Z {"source_files": 1332, "source_tree_sha256": "1c4d78c3c1bb5f448d0ebdb99d16a2d76419bbc663cc9ed8fae831e1d18c10c4", "unchanged_parent_files": 1188, "new_files": 61, "repaired_existing_files": 83, "compatibility_files_unchanged": 19, "checkpoint_commit": "ddd2b9d82d560ba2657a7904f061fb20196d5924", "byte_retention": "PASS", "full_feature_retention": "HOLD_APPROVAL_BLOCKED_PROVIDER_GUARD", "deployment": "NOT_RUN", "production": "HOLD"}
2026-09-13T20:47:38.8571954Z {"commit": "ddd2b9d82d560ba2657a7904f061fb20196d5924", "application_tree": "995d0d83faf883bec980c896fe8a17b0f12360fa", "selected_source_files": 1332, "retained_baseline_files": 1300, "registered_acceptance_repairs": 105, "selection_counts": {"BOTH": 1264, "PR47": 35, "PR48": 1}, "pr47_application_changes": ["application/frontend/shared/app.js"], "archived_tooling_files": 8, "alignment": "PASS", "historical_pass_transferred": false, "full_three_end_ux": "HOLD", "six_vertical_closed_loop": "HOLD", "sealed_node": "HOLD", "final_release": "HOLD"}
2026-09-13T20:47:38.8703173Z ##[group]Run python ci/retention/dependencies.py --repository . --output "$RUNNER_TEMP/frozen"
2026-09-13T20:47:38.8704341Z [36;1mpython ci/retention/dependencies.py --repository . --output "$RUNNER_TEMP/frozen"[0m
2026-09-13T20:47:38.8705566Z [36;1mpython -m pip install --no-index --find-links "$RUNNER_TEMP/frozen/wheelhouse" -r ci/retention/requirements.lock[0m
2026-09-13T20:47:38.8748316Z shell: /usr/bin/bash --noprofile --norc -e -o pipefail {0}
2026-09-13T20:47:38.8748662Z env:
2026-09-13T20:47:38.8748898Z   PYTHONDONTWRITEBYTECODE: 1
2026-09-13T20:47:38.8749214Z   pythonLocation: /opt/hostedtoolcache/Python/3.13.5/x64
2026-09-13T20:47:38.8749637Z   PKG_CONFIG_PATH: /opt/hostedtoolcache/Python/3.13.5/x64/lib/pkgconfig
2026-09-13T20:47:38.8750071Z   Python_ROOT_DIR: /opt/hostedtoolcache/Python/3.13.5/x64
2026-09-13T20:47:38.8750458Z   Python2_ROOT_DIR: /opt/hostedtoolcache/Python/3.13.5/x64
2026-09-13T20:47:38.8751869Z   Python3_ROOT_DIR: /opt/hostedtoolcache/Python/3.13.5/x64
2026-09-13T20:47:38.8752536Z   LD_LIBRARY_PATH: /opt/hostedtoolcache/Python/3.13.5/x64/lib
2026-09-13T20:47:38.8753026Z ##[endgroup]
2026-09-13T20:47:39.2693863Z {"archive_sha256": "b13a76ab9351f81da70e8e2c8873c20141abe953cd3f96aeb181ef86a34b58dd", "verified_wheels": 37, "source": "pinned GO repository ci/dependency_parts only", "application_source_restored": false}
2026-09-13T20:47:40.1872956Z Looking in links: /home/runner/work/_temp/frozen/wheelhouse
2026-09-13T20:47:40.1970719Z Processing /home/runner/work/_temp/frozen/wheelhouse/alembic-1.16.5-py3-none-any.whl (from -r ci/retention/requirements.lock (line 1))
2026-09-13T20:47:40.2052507Z Processing /home/runner/work/_temp/frozen/wheelhouse/annotated_doc-0.0.4-py3-none-any.whl (from -r ci/retention/requirements.lock (line 2))
2026-09-13T20:47:40.2081842Z Processing /home/runner/work/_temp/frozen/wheelhouse/annotated_types-0.7.0-py3-none-any.whl (from -r ci/retention/requirements.lock (line 3))
2026-09-13T20:47:40.2113157Z Processing /home/runner/work/_temp/frozen/wheelhouse/anyio-4.13.0-py3-none-any.whl (from -r ci/retention/requirements.lock (line 4))
2026-09-13T20:47:40.2151649Z Processing /home/runner/work/_temp/frozen/wheelhouse/certifi-2026.5.20-py3-none-any.whl (from -r ci/retention/requirements.lock (line 5))
2026-09-13T20:47:40.2179239Z Processing /home/runner/work/_temp/frozen/wheelhouse/cffi-2.0.0-cp313-cp313-manylinux_2_17_x86_64.whl (from -r ci/retention/requirements.lock (line 6))
2026-09-13T20:47:40.2208874Z Processing /home/runner/work/_temp/frozen/wheelhouse/click-8.5.0-py3-none-any.whl (from -r ci/retention/requirements.lock (line 7))
2026-09-13T20:47:40.2234246Z Processing /home/runner/work/_temp/frozen/wheelhouse/cryptography-46.0.4-cp311-abi3-manylinux_2_34_x86_64.whl (from -r ci/retention/requirements.lock (line 8))
2026-09-13T20:47:40.2338489Z Processing /home/runner/work/_temp/frozen/wheelhouse/fastapi-0.128.2-py3-none-any.whl (from -r ci/retention/requirements.lock (line 9))
2026-09-13T20:47:40.2406689Z Processing /home/runner/work/_temp/frozen/wheelhouse/greenlet-3.5.1-cp313-cp313-manylinux_2_24_x86_64.whl (from -r ci/retention/requirements.lock (line 10))
2026-09-13T20:47:40.2453509Z Processing /home/runner/work/_temp/frozen/wheelhouse/h11-0.16.0-py3-none-any.whl (from -r ci/retention/requirements.lock (line 11))
2026-09-13T20:47:40.2489372Z Processing /home/runner/work/_temp/frozen/wheelhouse/httpcore-1.0.9-py3-none-any.whl (from -r ci/retention/requirements.lock (line 12))
2026-09-13T20:47:40.2530367Z Processing /home/runner/work/_temp/frozen/wheelhouse/httpx-0.28.1-py3-none-any.whl (from -r ci/retention/requirements.lock (line 13))
2026-09-13T20:47:40.2566951Z Processing /home/runner/work/_temp/frozen/wheelhouse/idna-3.17-py3-none-any.whl (from -r ci/retention/requirements.lock (line 14))
2026-09-13T20:47:40.2598073Z Processing /home/runner/work/_temp/frozen/wheelhouse/iniconfig-2.3.0-py3-none-any.whl (from -r ci/retention/requirements.lock (line 15))
2026-09-13T20:47:40.2624216Z Processing /home/runner/work/_temp/frozen/wheelhouse/mako-1.3.10-py3-none-any.whl (from -r ci/retention/requirements.lock (line 16))
2026-09-13T20:47:40.2661179Z Processing /home/runner/work/_temp/frozen/wheelhouse/markupsafe-3.0.3-cp313-cp313-manylinux2014_x86_64.manylinux_2_17_x86_64.manylinux_2_28_x86_64.whl (from -r ci/retention/requirements.lock (line 17))
2026-09-13T20:47:40.2698083Z Processing /home/runner/work/_temp/frozen/wheelhouse/packaging-25.0-py3-none-any.whl (from -r ci/retention/requirements.lock (line 18))
2026-09-13T20:47:40.2752712Z Processing /home/runner/work/_temp/frozen/wheelhouse/pillow-12.3.0-cp313-cp313-manylinux_2_27_x86_64.whl (from -r ci/retention/requirements.lock (line 19))
2026-09-13T20:47:40.2898795Z Processing /home/runner/work/_temp/frozen/wheelhouse/pluggy-1.6.0-py3-none-any.whl (from -r ci/retention/requirements.lock (line 20))
2026-09-13T20:47:40.2949112Z Processing /home/runner/work/_temp/frozen/wheelhouse/psycopg_binary-3.2.10-cp313-cp313-manylinux2014_x86_64.manylinux_2_17_x86_64.whl (from -r ci/retention/requirements.lock (line 21))
2026-09-13T20:47:40.3060392Z Processing /home/runner/work/_temp/frozen/wheelhouse/psycopg-3.2.10-py3-none-any.whl (from -r ci/retention/requirements.lock (line 22))
2026-09-13T20:47:40.3161662Z Processing /home/runner/work/_temp/frozen/wheelhouse/pycparser-3.0-py3-none-any.whl (from -r ci/retention/requirements.lock (line 23))
2026-09-13T20:47:40.3202682Z Processing /home/runner/work/_temp/frozen/wheelhouse/pydantic_settings-2.14.1-py3-none-any.whl (from -r ci/retention/requirements.lock (line 24))
2026-09-13T20:47:40.3241892Z Processing /home/runner/work/_temp/frozen/wheelhouse/pydantic-2.13.4-py3-none-any.whl (from -r ci/retention/requirements.lock (line 25))
2026-09-13T20:47:40.3375645Z Processing /home/runner/work/_temp/frozen/wheelhouse/pydantic_core-2.46.4-cp313-cp313-manylinux_2_17_x86_64.whl (from -r ci/retention/requirements.lock (line 26))
2026-09-13T20:47:40.3459740Z Processing /home/runner/work/_temp/frozen/wheelhouse/Pygments-2.20.0-py3-none-any.whl (from -r ci/retention/requirements.lock (line 27))
2026-09-13T20:47:40.3599906Z Processing /home/runner/work/_temp/frozen/wheelhouse/PyJWT-2.13.0-py3-none-any.whl (from -r ci/retention/requirements.lock (line 28))
2026-09-13T20:47:40.3646819Z Processing /home/runner/work/_temp/frozen/wheelhouse/pytest_asyncio-1.3.0-py3-none-any.whl (from -r ci/retention/requirements.lock (line 29))
2026-09-13T20:47:40.3698599Z Processing /home/runner/work/_temp/frozen/wheelhouse/pytest-9.0.2-py3-none-any.whl (from -r ci/retention/requirements.lock (line 30))
2026-09-13T20:47:40.3757892Z Processing /home/runner/work/_temp/frozen/wheelhouse/python_dotenv-1.2.2-py3-none-any.whl (from -r ci/retention/requirements.lock (line 31))
2026-09-13T20:47:40.3799022Z Processing /home/runner/work/_temp/frozen/wheelhouse/redis-5.2.1-py3-none-any.whl (from -r ci/retention/requirements.lock (line 32))
2026-09-13T20:47:40.3837075Z Processing /home/runner/work/_temp/frozen/wheelhouse/SQLAlchemy-2.0.50-cp313-cp313-manylinux_2_17_x86_64.whl (from -r ci/retention/requirements.lock (line 33))
2026-09-13T20:47:40.3995864Z Processing /home/runner/work/_temp/frozen/wheelhouse/starlette-0.50.0-py3-none-any.whl (from -r ci/retention/requirements.lock (line 34))
2026-09-13T20:47:40.4035044Z Processing /home/runner/work/_temp/frozen/wheelhouse/typing_inspection-0.4.2-py3-none-any.whl (from -r ci/retention/requirements.lock (line 35))
2026-09-13T20:47:40.4061360Z Processing /home/runner/work/_temp/frozen/wheelhouse/typing_extensions-4.16.0-py3-none-any.whl (from -r ci/retention/requirements.lock (line 36))
2026-09-13T20:47:40.4088555Z Processing /home/runner/work/_temp/frozen/wheelhouse/uvicorn-0.35.0-py3-none-any.whl (from -r ci/retention/requirements.lock (line 37))
2026-09-13T20:47:40.5415191Z Installing collected packages: typing_extensions, redis, python-dotenv, PyJWT, Pygments, pycparser, psycopg-binary, psycopg, pluggy, Pillow, packaging, MarkupSafe, iniconfig, idna, h11, greenlet, click, certifi, annotated-types, annotated-doc, uvicorn, typing-inspection, SQLAlchemy, pytest, pydantic_core, Mako, httpcore, cffi, anyio, starlette, pytest-asyncio, pydantic, httpx, cryptography, alembic, pydantic-settings, fastapi
2026-09-13T20:47:45.6887500Z 
2026-09-13T20:47:45.6935384Z Successfully installed Mako-1.3.10 MarkupSafe-3.0.3 Pillow-12.3.0 PyJWT-2.13.0 Pygments-2.20.0 SQLAlchemy-2.0.50 alembic-1.16.5 annotated-doc-0.0.4 annotated-types-0.7.0 anyio-4.13.0 certifi-2026.5.20 cffi-2.0.0 click-8.5.0 cryptography-46.0.4 fastapi-0.128.2 greenlet-3.5.1 h11-0.16.0 httpcore-1.0.9 httpx-0.28.1 idna-3.17 iniconfig-2.3.0 packaging-25.0 pluggy-1.6.0 psycopg-3.2.10 psycopg-binary-3.2.10 pycparser-3.0 pydantic-2.13.4 pydantic-settings-2.14.1 pydantic_core-2.46.4 pytest-9.0.2 pytest-asyncio-1.3.0 python-dotenv-1.2.2 redis-5.2.1 starlette-0.50.0 typing-inspection-0.4.2 typing_extensions-4.16.0 uvicorn-0.35.0
2026-09-13T20:47:45.7670512Z ##[group]Run export GO_NATIVE_NODE="$(command -v node)"
2026-09-13T20:47:45.7671315Z [36;1mexport GO_NATIVE_NODE="$(command -v node)"[0m
2026-09-13T20:47:45.7671819Z [36;1mpython ci/retention/run_suite.py --shard 2 --evidence "$RUNNER_TEMP/evidence/tests"[0m
2026-09-13T20:47:45.7709649Z shell: /usr/bin/bash --noprofile --norc -e -o pipefail {0}
2026-09-13T20:47:45.7709998Z env:
2026-09-13T20:47:45.7710208Z   PYTHONDONTWRITEBYTECODE: 1
2026-09-13T20:47:45.7710523Z   pythonLocation: /opt/hostedtoolcache/Python/3.13.5/x64
2026-09-13T20:47:45.7711322Z   PKG_CONFIG_PATH: /opt/hostedtoolcache/Python/3.13.5/x64/lib/pkgconfig
2026-09-13T20:47:45.7711771Z   Python_ROOT_DIR: /opt/hostedtoolcache/Python/3.13.5/x64
2026-09-13T20:47:45.7712359Z   Python2_ROOT_DIR: /opt/hostedtoolcache/Python/3.13.5/x64
2026-09-13T20:47:45.7712760Z   Python3_ROOT_DIR: /opt/hostedtoolcache/Python/3.13.5/x64
2026-09-13T20:47:45.7713141Z   LD_LIBRARY_PATH: /opt/hostedtoolcache/Python/3.13.5/x64/lib
2026-09-13T20:47:45.7713514Z ##[endgroup]
2026-09-13T20:54:00.3782723Z ........................................................................ [ 13%]
2026-09-13T20:54:00.3784022Z ........................................................................ [ 27%]
2026-09-13T20:54:00.3785077Z ........................................................................ [ 41%]
2026-09-13T20:54:00.3786156Z ........................................................................ [ 55%]
2026-09-13T20:54:00.3787313Z ........................................................................ [ 69%]
2026-09-13T20:54:00.3788283Z ........................................................................ [ 83%]
2026-09-13T20:54:00.3789203Z ........................................................................ [ 97%]
2026-09-13T20:54:00.3790177Z ...............                                                          [100%]
2026-09-13T20:54:00.3791389Z =============================== warnings summary ===============================
2026-09-13T20:54:00.3792969Z tests/test_commercial_constitution_admin_os.py::test_admin_cannot_create_recommendation_without_independent_judgment
2026-09-13T20:54:00.3795146Z   /home/runner/work/GO/GO/application/src/go_hotel/services/commercial_constitution.py:29: SAWarning: fully NULL primary key identity cannot load any object.  This condition may raise an error in a future release.
2026-09-13T20:54:00.3796897Z     rec=s.get(RecommendationDecisionRow,judgment_decision_id)
2026-09-13T20:54:00.3797483Z 
2026-09-13T20:54:00.3798138Z tests/test_depth24_expiry.py::test_migration_preserves_all_deadline_history
2026-09-13T20:54:00.3799277Z tests/test_depth24_expiry.py::test_migration_preserves_all_deadline_history
2026-09-13T20:54:00.3800410Z tests/test_depth24_expiry.py::test_migration_preserves_all_deadline_history
2026-09-13T20:54:00.3801808Z tests/test_depth24_expiry.py::test_migration_preserves_all_deadline_history
2026-09-13T20:54:00.3802970Z tests/test_depth24_expiry.py::test_migration_preserves_all_deadline_history
2026-09-13T20:54:00.3805410Z   /opt/hostedtoolcache/Python/3.13.5/x64/lib/python3.13/site-packages/alembic/config.py:598: DeprecationWarning: No path_separator found in configuration; falling back to legacy splitting on spaces, commas, and colons for prepend_sys_path.  Consider adding path_separator=os to Alembic config.
2026-09-13T20:54:00.3807465Z     util.warn_deprecated(
2026-09-13T20:54:00.3807885Z 
2026-09-13T20:54:00.3810615Z -- Docs: https://docs.pytest.org/en/stable/how-to/capture-warnings.html
2026-09-13T20:54:00.3821712Z 519 passed, 6 warnings in 368.74s (0:06:08)
2026-09-13T20:54:00.3831415Z 
2026-09-13T20:54:00.3836633Z {"exit_code": 0, "selected_files": 63, "shard": 2, "real_providers": "NOT_RUN", "hong_kong": "NOT_ACCESSED", "tests": 519, "failures": 0, "errors": 0, "skipped": 0, "passed": 519}
2026-09-13T20:54:00.3918897Z Node 20 is being deprecated. This workflow is running with Node 24 by default. If you need to temporarily use Node 20, you can set the ACTIONS_ALLOW_USE_UNSECURE_NODE_VERSION=true environment variable. For more information see: https://github.blog/changelog/2025-09-19-deprecation-of-node-20-on-github-actions-runners/
2026-09-13T20:54:00.3920190Z ##[group]Run actions/upload-artifact@v4
2026-09-13T20:54:00.3920459Z with:
2026-09-13T20:54:00.3920804Z   name: canonical-retention-shard-2-ddd2b9d82d560ba2657a7904f061fb20196d5924
2026-09-13T20:54:00.3921585Z   path: /home/runner/work/_temp/evidence
2026-09-13T20:54:00.3921869Z   if-no-files-found: error
2026-09-13T20:54:00.3922102Z   compression-level: 6
2026-09-13T20:54:00.3922314Z   overwrite: false
2026-09-13T20:54:00.3922529Z   include-hidden-files: false
2026-09-13T20:54:00.3922758Z env:
2026-09-13T20:54:00.3922951Z   PYTHONDONTWRITEBYTECODE: 1
2026-09-13T20:54:00.3923476Z   pythonLocation: /opt/hostedtoolcache/Python/3.13.5/x64
2026-09-13T20:54:00.3923922Z   PKG_CONFIG_PATH: /opt/hostedtoolcache/Python/3.13.5/x64/lib/pkgconfig
2026-09-13T20:54:00.3924328Z   Python_ROOT_DIR: /opt/hostedtoolcache/Python/3.13.5/x64
2026-09-13T20:54:00.3924690Z   Python2_ROOT_DIR: /opt/hostedtoolcache/Python/3.13.5/x64
2026-09-13T20:54:00.3925052Z   Python3_ROOT_DIR: /opt/hostedtoolcache/Python/3.13.5/x64
2026-09-13T20:54:00.3925413Z   LD_LIBRARY_PATH: /opt/hostedtoolcache/Python/3.13.5/x64/lib
2026-09-13T20:54:00.3925721Z ##[endgroup]
2026-09-13T20:54:00.5771503Z (node:2938) [DEP0040] DeprecationWarning: The `punycode` module is deprecated. Please use a userland alternative instead.
2026-09-13T20:54:00.5773401Z (Use `node --trace-deprecation ...` to show where the warning was created)
2026-09-13T20:54:00.6002214Z With the provided path, there will be 7 files uploaded
2026-09-13T20:54:00.6021793Z Artifact name is valid!
2026-09-13T20:54:00.6028652Z Root directory input is valid!
2026-09-13T20:54:01.0974630Z (node:2938) [DEP0169] DeprecationWarning: `url.parse()` behavior is not standardized and prone to errors that have security implications. Use the WHATWG URL API instead. CVEs are not issued for `url.parse()` vulnerabilities.
2026-09-13T20:54:01.1568285Z Beginning upload of artifact content to blob storage
2026-09-13T20:54:01.5154424Z Uploaded bytes 82052
2026-09-13T20:54:01.5967816Z Finished uploading artifact content to blob storage!
2026-09-13T20:54:01.5969531Z SHA256 digest of uploaded artifact zip is 293c61a0d58838df78ec4176e8a364d30ef7f950afa8f117c336c94353088c4c
2026-09-13T20:54:01.5970705Z Finalizing artifact upload
2026-09-13T20:54:01.8732618Z Artifact canonical-retention-shard-2-ddd2b9d82d560ba2657a7904f061fb20196d5924.zip successfully finalized. Artifact ID 10324778066
2026-09-13T20:54:01.8734967Z Artifact canonical-retention-shard-2-ddd2b9d82d560ba2657a7904f061fb20196d5924 has been successfully uploaded! Final size is 82052 bytes. Artifact ID is 10324778066
2026-09-13T20:54:01.8737026Z Artifact download URL: https://github.com/yuguangzhi3836-glitch/GO/actions/runs/34781824271/artifacts/10324778066
2026-09-13T20:54:01.8913293Z Node 20 is being deprecated. This workflow is running with Node 24 by default. If you need to temporarily use Node 20, you can set the ACTIONS_ALLOW_USE_UNSECURE_NODE_VERSION=true environment variable. For more information see: https://github.blog/changelog/2025-09-19-deprecation-of-node-20-on-github-actions-runners/
2026-09-13T20:54:01.8914555Z Post job cleanup.
2026-09-13T20:54:02.0294371Z (node:2950) [DEP0040] DeprecationWarning: The `punycode` module is deprecated. Please use a userland alternative instead.
2026-09-13T20:54:02.0295791Z (Use `node --trace-deprecation ...` to show where the warning was created)
2026-09-13T20:54:02.0567607Z Node 20 is being deprecated. This workflow is running with Node 24 by default. If you need to temporarily use Node 20, you can set the ACTIONS_ALLOW_USE_UNSECURE_NODE_VERSION=true environment variable. For more information see: https://github.blog/changelog/2025-09-19-deprecation-of-node-20-on-github-actions-runners/
2026-09-13T20:54:02.0569704Z Post job cleanup.
2026-09-13T20:54:02.2520625Z (node:2958) [DEP0040] DeprecationWarning: The `punycode` module is deprecated. Please use a userland alternative instead.
2026-09-13T20:54:02.2542323Z (Use `node --trace-deprecation ...` to show where the warning was created)
2026-09-13T20:54:02.2934270Z Node 20 is being deprecated. This workflow is running with Node 24 by default. If you need to temporarily use Node 20, you can set the ACTIONS_ALLOW_USE_UNSECURE_NODE_VERSION=true environment variable. For more information see: https://github.blog/changelog/2025-09-19-deprecation-of-node-20-on-github-actions-runners/
2026-09-13T20:54:02.2936418Z Post job cleanup.
2026-09-13T20:54:02.4091724Z [command]/usr/bin/git version
2026-09-13T20:54:02.4167987Z git version 2.55.0
2026-09-13T20:54:02.4248254Z Temporarily overriding HOME='/home/runner/work/_temp/4bc98033-f01e-45fc-a0db-943929b8355e' before making global git config changes
2026-09-13T20:54:02.4250138Z Adding repository directory to the temporary git global config as a safe directory
2026-09-13T20:54:02.4251829Z [command]/usr/bin/git config --global --add safe.directory /home/runner/work/GO/GO
2026-09-13T20:54:02.4328474Z [command]/usr/bin/git config --local --name-only --get-regexp core\.sshCommand
2026-09-13T20:54:02.4431492Z [command]/usr/bin/git submodule foreach --recursive sh -c "git config --local --name-only --get-regexp 'core\.sshCommand' && git config --local --unset-all 'core.sshCommand' || :"
2026-09-13T20:54:02.4842580Z [command]/usr/bin/git config --local --name-only --get-regexp http\.https\:\/\/github\.com\/\.extraheader
2026-09-13T20:54:02.4943219Z [command]/usr/bin/git submodule foreach --recursive sh -c "git config --local --name-only --get-regexp 'http\.https\:\/\/github\.com\/\.extraheader' && git config --local --unset-all 'http.https://github.com/.extraheader' || :"
2026-09-13T20:54:02.5322068Z [command]/usr/bin/git config --local --name-only --get-regexp ^includeIf\.gitdir:
2026-09-13T20:54:02.5362689Z [command]/usr/bin/git submodule foreach --recursive git config --local --show-origin --name-only --get-regexp remote.origin.url
2026-09-13T20:54:02.5895470Z Cleaning up orphan processes
2026-09-13T20:54:02.6178714Z ##[warning]Node.js 20 is deprecated. The following actions target Node.js 20 but are being forced to run on Node.js 24: actions/checkout@v4, actions/setup-node@v4, actions/setup-python@v5, actions/upload-artifact@v4. For more information see: https://github.blog/changelog/2025-09-19-deprecation-of-node-20-on-github-actions-runners/
