2026-09-18T03:07:05.2732366Z Current runner version: '2.337.0'
2026-09-18T03:07:05.2752534Z ##[group]Runner Image Provisioner
2026-09-18T03:07:05.2753283Z Hosted Compute Agent
2026-09-18T03:07:05.2753896Z Version: 20260828.587
2026-09-18T03:07:05.2754451Z Commit: abac92662cab4cc7352de4f9f9d2e2419aad9c29
2026-09-18T03:07:05.2755128Z Build Date: 2026-08-28T16:44:25Z
2026-09-18T03:07:05.2755706Z Worker ID: {f2729a3e-21f2-4a74-9f7b-b76a9ab92713}
2026-09-18T03:07:05.2756310Z Azure Region: centralus
2026-09-18T03:07:05.2756829Z ##[endgroup]
2026-09-18T03:07:05.2757882Z ##[group]Operating System
2026-09-18T03:07:05.2758434Z Ubuntu
2026-09-18T03:07:05.2758892Z 24.04.5
2026-09-18T03:07:05.2759338Z LTS
2026-09-18T03:07:05.2759794Z ##[endgroup]
2026-09-18T03:07:05.2760293Z ##[group]Runner Image
2026-09-18T03:07:05.2760850Z Image: ubuntu-24.04
2026-09-18T03:07:05.2761522Z Version: 20260907.300.1
2026-09-18T03:07:05.2762619Z Included Software: https://github.com/actions/runner-images/blob/ubuntu24/20260907.300/images/ubuntu/Ubuntu2404-Readme.md
2026-09-18T03:07:05.2763921Z Image Release: https://github.com/actions/runner-images/releases/tag/ubuntu24%2F20260907.300
2026-09-18T03:07:05.2764747Z ##[endgroup]
2026-09-18T03:07:05.2766072Z ##[group]GITHUB_TOKEN Permissions
2026-09-18T03:07:05.2767961Z Contents: read
2026-09-18T03:07:05.2768461Z Metadata: read
2026-09-18T03:07:05.2768963Z ##[endgroup]
2026-09-18T03:07:05.2770666Z Secret source: Actions
2026-09-18T03:07:05.2771644Z Cache mode: write
2026-09-18T03:07:05.2772288Z Prepare workflow directory
2026-09-18T03:07:05.3138445Z Prepare all required actions
2026-09-18T03:07:05.3178520Z Getting action download info
2026-09-18T03:07:05.5633019Z Download action repository 'actions/checkout@v4' (SHA:11d5960a326750d5838078e36cf38b85af677262)
2026-09-18T03:07:05.6758922Z Download action repository 'actions/setup-python@v5' (SHA:a26af69be951a213d495a4c3e4e4022e16d87065)
2026-09-18T03:07:05.8665412Z Download action repository 'actions/setup-node@v4' (SHA:49933ea5288caeca8642d1e84afbd3f7d6820020)
2026-09-18T03:07:06.0660236Z Download action repository 'actions/upload-artifact@v4' (SHA:ea165f8d65b6e75b540449e92b4886f43607fa02)
2026-09-18T03:07:06.3909753Z Complete job name: regression (2)
2026-09-18T03:07:06.4513655Z Node 20 is being deprecated. This workflow is running with Node 24 by default. If you need to temporarily use Node 20, you can set the ACTIONS_ALLOW_USE_UNSECURE_NODE_VERSION=true environment variable. For more information see: https://github.blog/changelog/2025-09-19-deprecation-of-node-20-on-github-actions-runners/
2026-09-18T03:07:06.4521376Z ##[group]Run actions/checkout@v4
2026-09-18T03:07:06.4522167Z with:
2026-09-18T03:07:06.4522732Z   ref: f827a3aefd95fd95dedb2bd2ecc93ae01111ea90
2026-09-18T03:07:06.4523362Z   persist-credentials: false
2026-09-18T03:07:06.4523983Z   repository: yuguangzhi3836-glitch/GO
2026-09-18T03:07:06.4527552Z   token: ***
2026-09-18T03:07:06.4528069Z   ssh-strict: true
2026-09-18T03:07:06.4528586Z   ssh-user: git
2026-09-18T03:07:06.4529050Z   clean: true
2026-09-18T03:07:06.4529636Z   sparse-checkout-cone-mode: true
2026-09-18T03:07:06.4530196Z   fetch-depth: 1
2026-09-18T03:07:06.4530678Z   fetch-tags: false
2026-09-18T03:07:06.4531420Z   show-progress: true
2026-09-18T03:07:06.4531924Z   lfs: false
2026-09-18T03:07:06.4532406Z   submodules: false
2026-09-18T03:07:06.4532903Z   set-safe-directory: true
2026-09-18T03:07:06.4533510Z   allow-unsafe-pr-checkout: false
2026-09-18T03:07:06.4534228Z env:
2026-09-18T03:07:06.4534702Z   PYTHONDONTWRITEBYTECODE: 1
2026-09-18T03:07:06.4535241Z ##[endgroup]
2026-09-18T03:07:06.5485386Z Syncing repository: yuguangzhi3836-glitch/GO
2026-09-18T03:07:06.5489039Z ##[group]Getting Git version info
2026-09-18T03:07:06.5490618Z Working directory is '/home/runner/work/GO/GO'
2026-09-18T03:07:06.5548207Z [command]/usr/bin/git version
2026-09-18T03:07:06.5684753Z git version 2.55.0
2026-09-18T03:07:06.5688723Z ##[endgroup]
2026-09-18T03:07:06.5724175Z Temporarily overriding HOME='/home/runner/work/_temp/8296c66e-c407-4c38-94e6-11ad6a6fe262' before making global git config changes
2026-09-18T03:07:06.5726765Z Adding repository directory to the temporary git global config as a safe directory
2026-09-18T03:07:06.5728795Z [command]/usr/bin/git config --global --add safe.directory /home/runner/work/GO/GO
2026-09-18T03:07:06.5882254Z Deleting the contents of '/home/runner/work/GO/GO'
2026-09-18T03:07:06.5922631Z ##[group]Initializing the repository
2026-09-18T03:07:06.5924382Z [command]/usr/bin/git init /home/runner/work/GO/GO
2026-09-18T03:07:06.5943030Z hint: Using 'master' as the name for the initial branch. This default branch name
2026-09-18T03:07:06.5944907Z hint: will change to "main" in Git 3.0. To configure the initial branch name
2026-09-18T03:07:06.5946795Z hint: to use in all of your new repositories, which will suppress this warning,
2026-09-18T03:07:06.5949170Z hint: call:
2026-09-18T03:07:06.5949894Z hint:
2026-09-18T03:07:06.5950640Z hint: 	git config --global init.defaultBranch <name>
2026-09-18T03:07:06.5951777Z hint:
2026-09-18T03:07:06.5952657Z hint: Names commonly chosen instead of 'master' are 'main', 'trunk' and
2026-09-18T03:07:06.5956524Z hint: 'development'. The just-created branch can be renamed via this command:
2026-09-18T03:07:06.5957753Z hint:
2026-09-18T03:07:06.5958436Z hint: 	git branch -m <name>
2026-09-18T03:07:06.5959182Z hint:
2026-09-18T03:07:06.5960122Z hint: Disable this message with "git config set advice.defaultBranchName false"
2026-09-18T03:07:06.5961664Z Initialized empty Git repository in /home/runner/work/GO/GO/.git/
2026-09-18T03:07:06.5964001Z [command]/usr/bin/git remote add origin https://github.com/yuguangzhi3836-glitch/GO
2026-09-18T03:07:06.5966352Z ##[endgroup]
2026-09-18T03:07:06.5967590Z ##[group]Disabling automatic garbage collection
2026-09-18T03:07:06.5968504Z [command]/usr/bin/git config --local gc.auto 0
2026-09-18T03:07:06.5983324Z ##[endgroup]
2026-09-18T03:07:06.5985732Z ##[group]Setting up auth
2026-09-18T03:07:06.6009645Z [command]/usr/bin/git config --local --name-only --get-regexp core\.sshCommand
2026-09-18T03:07:06.6100178Z [command]/usr/bin/git submodule foreach --recursive sh -c "git config --local --name-only --get-regexp 'core\.sshCommand' && git config --local --unset-all 'core.sshCommand' || :"
2026-09-18T03:07:06.6497445Z [command]/usr/bin/git config --local --name-only --get-regexp http\.https\:\/\/github\.com\/\.extraheader
2026-09-18T03:07:06.6502393Z [command]/usr/bin/git submodule foreach --recursive sh -c "git config --local --name-only --get-regexp 'http\.https\:\/\/github\.com\/\.extraheader' && git config --local --unset-all 'http.https://github.com/.extraheader' || :"
2026-09-18T03:07:06.6699240Z [command]/usr/bin/git config --local --name-only --get-regexp ^includeIf\.gitdir:
2026-09-18T03:07:06.6726097Z [command]/usr/bin/git submodule foreach --recursive git config --local --show-origin --name-only --get-regexp remote.origin.url
2026-09-18T03:07:06.6883456Z [command]/usr/bin/git config --local http.https://github.com/.extraheader AUTHORIZATION: basic ***
2026-09-18T03:07:06.6909429Z ##[endgroup]
2026-09-18T03:07:06.6911903Z ##[group]Fetching the repository
2026-09-18T03:07:06.6918287Z [command]/usr/bin/git -c protocol.version=2 fetch --no-tags --prune --no-recurse-submodules --depth=1 origin f827a3aefd95fd95dedb2bd2ecc93ae01111ea90
2026-09-18T03:07:16.9030302Z From https://github.com/yuguangzhi3836-glitch/GO
2026-09-18T03:07:16.9043473Z  * branch            f827a3aefd95fd95dedb2bd2ecc93ae01111ea90 -> FETCH_HEAD
2026-09-18T03:07:16.9062715Z ##[endgroup]
2026-09-18T03:07:16.9063910Z ##[group]Determining the checkout info
2026-09-18T03:07:16.9067812Z ##[endgroup]
2026-09-18T03:07:16.9068716Z [command]/usr/bin/git sparse-checkout disable
2026-09-18T03:07:16.9777883Z [command]/usr/bin/git config --local --unset-all extensions.worktreeConfig
2026-09-18T03:07:16.9853746Z ##[group]Checking out the ref
2026-09-18T03:07:16.9857047Z [command]/usr/bin/git checkout --progress --force f827a3aefd95fd95dedb2bd2ecc93ae01111ea90
2026-09-18T03:07:18.1559482Z Updating files:  29% (1758/5882)
2026-09-18T03:07:19.0258565Z Updating files:  30% (1765/5882)
2026-09-18T03:07:20.0258447Z Updating files:  30% (1784/5882)
2026-09-18T03:07:20.2804568Z Updating files:  30% (1789/5882)
2026-09-18T03:07:20.2818780Z Updating files:  31% (1824/5882)
2026-09-18T03:07:20.2862077Z Updating files:  32% (1883/5882)
2026-09-18T03:07:20.3835445Z Updating files:  33% (1942/5882)
2026-09-18T03:07:20.3982602Z Updating files:  34% (2000/5882)
2026-09-18T03:07:20.4344968Z Updating files:  35% (2059/5882)
2026-09-18T03:07:20.4360283Z Updating files:  36% (2118/5882)
2026-09-18T03:07:20.4375668Z Updating files:  37% (2177/5882)
2026-09-18T03:07:20.4392123Z Updating files:  38% (2236/5882)
2026-09-18T03:07:20.4481634Z Updating files:  39% (2294/5882)
2026-09-18T03:07:20.4501898Z Updating files:  40% (2353/5882)
2026-09-18T03:07:20.4587646Z Updating files:  41% (2412/5882)
2026-09-18T03:07:20.4603237Z Updating files:  42% (2471/5882)
2026-09-18T03:07:20.4714223Z Updating files:  43% (2530/5882)
2026-09-18T03:07:20.4846945Z Updating files:  44% (2589/5882)
2026-09-18T03:07:20.4871577Z Updating files:  45% (2647/5882)
2026-09-18T03:07:20.4985687Z Updating files:  46% (2706/5882)
2026-09-18T03:07:20.5110439Z Updating files:  47% (2765/5882)
2026-09-18T03:07:20.5129172Z Updating files:  48% (2824/5882)
2026-09-18T03:07:20.5236834Z Updating files:  49% (2883/5882)
2026-09-18T03:07:20.5258622Z Updating files:  50% (2941/5882)
2026-09-18T03:07:20.5279667Z Updating files:  51% (3000/5882)
2026-09-18T03:07:20.5386541Z Updating files:  52% (3059/5882)
2026-09-18T03:07:20.9892469Z Updating files:  53% (3118/5882)
2026-09-18T03:07:21.0013832Z Updating files:  54% (3177/5882)
2026-09-18T03:07:21.0032261Z Updating files:  54% (3232/5882)
2026-09-18T03:07:21.0293449Z Updating files:  55% (3236/5882)
2026-09-18T03:07:21.2352203Z Updating files:  56% (3294/5882)
2026-09-18T03:07:21.5778748Z Updating files:  57% (3353/5882)
2026-09-18T03:07:22.0345166Z Updating files:  58% (3412/5882)
2026-09-18T03:07:22.0364453Z Updating files:  58% (3453/5882)
2026-09-18T03:07:22.0491877Z Updating files:  59% (3471/5882)
2026-09-18T03:07:22.0626340Z Updating files:  60% (3530/5882)
2026-09-18T03:07:22.0644006Z Updating files:  61% (3589/5882)
2026-09-18T03:07:22.0740466Z Updating files:  62% (3647/5882)
2026-09-18T03:07:22.0865588Z Updating files:  63% (3706/5882)
2026-09-18T03:07:22.0880580Z Updating files:  64% (3765/5882)
2026-09-18T03:07:22.0897910Z Updating files:  65% (3824/5882)
2026-09-18T03:07:22.1065851Z Updating files:  66% (3883/5882)
2026-09-18T03:07:22.1093481Z Updating files:  67% (3941/5882)
2026-09-18T03:07:22.1188896Z Updating files:  68% (4000/5882)
2026-09-18T03:07:22.1211173Z Updating files:  69% (4059/5882)
2026-09-18T03:07:22.1298554Z Updating files:  70% (4118/5882)
2026-09-18T03:07:22.1518822Z Updating files:  71% (4177/5882)
2026-09-18T03:07:22.3121582Z Updating files:  72% (4236/5882)
2026-09-18T03:07:22.6207885Z Updating files:  73% (4294/5882)
2026-09-18T03:07:23.0199051Z Updating files:  74% (4353/5882)
2026-09-18T03:07:23.0302132Z Updating files:  74% (4393/5882)
2026-09-18T03:07:23.0520427Z Updating files:  75% (4412/5882)
2026-09-18T03:07:23.0861816Z Updating files:  76% (4471/5882)
2026-09-18T03:07:23.0975819Z Updating files:  77% (4530/5882)
2026-09-18T03:07:23.1070472Z Updating files:  78% (4588/5882)
2026-09-18T03:07:23.1081669Z Updating files:  79% (4647/5882)
2026-09-18T03:07:23.1090773Z Updating files:  80% (4706/5882)
2026-09-18T03:07:23.1099213Z Updating files:  81% (4765/5882)
2026-09-18T03:07:23.1128593Z Updating files:  82% (4824/5882)
2026-09-18T03:07:23.1301788Z Updating files:  83% (4883/5882)
2026-09-18T03:07:23.1302582Z Updating files:  84% (4941/5882)
2026-09-18T03:07:23.1401747Z Updating files:  85% (5000/5882)
2026-09-18T03:07:23.1521912Z Updating files:  86% (5059/5882)
2026-09-18T03:07:23.1539285Z Updating files:  87% (5118/5882)
2026-09-18T03:07:23.1623842Z Updating files:  88% (5177/5882)
2026-09-18T03:07:23.1759719Z Updating files:  89% (5235/5882)
2026-09-18T03:07:23.1871564Z Updating files:  90% (5294/5882)
2026-09-18T03:07:23.1872377Z Updating files:  91% (5353/5882)
2026-09-18T03:07:23.2017458Z Updating files:  92% (5412/5882)
2026-09-18T03:07:23.2106734Z Updating files:  93% (5471/5882)
2026-09-18T03:07:23.2119690Z Updating files:  94% (5530/5882)
2026-09-18T03:07:23.2214949Z Updating files:  95% (5588/5882)
2026-09-18T03:07:23.2344107Z Updating files:  96% (5647/5882)
2026-09-18T03:07:23.2366127Z Updating files:  97% (5706/5882)
2026-09-18T03:07:23.2469745Z Updating files:  98% (5765/5882)
2026-09-18T03:07:23.2489257Z Updating files:  99% (5824/5882)
2026-09-18T03:07:23.2490651Z Updating files: 100% (5882/5882)
2026-09-18T03:07:23.2491705Z Updating files: 100% (5882/5882), done.
2026-09-18T03:07:23.5138641Z Note: switching to 'f827a3aefd95fd95dedb2bd2ecc93ae01111ea90'.
2026-09-18T03:07:23.5139415Z 
2026-09-18T03:07:23.5139828Z You are in 'detached HEAD' state. You can look around, make experimental
2026-09-18T03:07:23.5140573Z changes and commit them, and you can discard any commits you make in this
2026-09-18T03:07:23.5143770Z state without impacting any branches by switching back to a branch.
2026-09-18T03:07:23.5144183Z 
2026-09-18T03:07:23.5144497Z If you want to create a new branch to retain commits you create, you may
2026-09-18T03:07:23.5145215Z do so (now or later) by using -c with the switch command. Example:
2026-09-18T03:07:23.5145708Z 
2026-09-18T03:07:23.5145872Z   git switch -c <new-branch-name>
2026-09-18T03:07:23.5146162Z 
2026-09-18T03:07:23.5146368Z Or undo this operation with:
2026-09-18T03:07:23.5146582Z 
2026-09-18T03:07:23.5146739Z   git switch -
2026-09-18T03:07:23.5146875Z 
2026-09-18T03:07:23.5147105Z Turn off this advice by setting config variable advice.detachedHead to false
2026-09-18T03:07:23.5147356Z 
2026-09-18T03:07:23.5147620Z HEAD is now at f827a3a fix(catalog): bind gallery harvest to measured HK CDN bytes
2026-09-18T03:07:23.5218425Z ##[endgroup]
2026-09-18T03:07:23.5282098Z [command]/usr/bin/git log -1 --format=%H
2026-09-18T03:07:23.5288239Z f827a3aefd95fd95dedb2bd2ecc93ae01111ea90
2026-09-18T03:07:23.5310411Z ##[group]Removing auth
2026-09-18T03:07:23.5311331Z [command]/usr/bin/git config --local --name-only --get-regexp core\.sshCommand
2026-09-18T03:07:23.5353861Z [command]/usr/bin/git submodule foreach --recursive sh -c "git config --local --name-only --get-regexp 'core\.sshCommand' && git config --local --unset-all 'core.sshCommand' || :"
2026-09-18T03:07:23.5515829Z [command]/usr/bin/git config --local --name-only --get-regexp http\.https\:\/\/github\.com\/\.extraheader
2026-09-18T03:07:23.5752486Z http.https://github.com/.extraheader
2026-09-18T03:07:23.5767352Z [command]/usr/bin/git config --local --unset-all http.https://github.com/.extraheader
2026-09-18T03:07:23.8312366Z [command]/usr/bin/git submodule foreach --recursive sh -c "git config --local --name-only --get-regexp 'http\.https\:\/\/github\.com\/\.extraheader' && git config --local --unset-all 'http.https://github.com/.extraheader' || :"
2026-09-18T03:07:23.8481957Z [command]/usr/bin/git config --local --name-only --get-regexp ^includeIf\.gitdir:
2026-09-18T03:07:23.8508067Z [command]/usr/bin/git submodule foreach --recursive git config --local --show-origin --name-only --get-regexp remote.origin.url
2026-09-18T03:07:23.8696640Z ##[endgroup]
2026-09-18T03:07:23.8913878Z Node 20 is being deprecated. This workflow is running with Node 24 by default. If you need to temporarily use Node 20, you can set the ACTIONS_ALLOW_USE_UNSECURE_NODE_VERSION=true environment variable. For more information see: https://github.blog/changelog/2025-09-19-deprecation-of-node-20-on-github-actions-runners/
2026-09-18T03:07:23.8915419Z ##[group]Run actions/setup-python@v5
2026-09-18T03:07:23.8915801Z with:
2026-09-18T03:07:23.8916064Z   python-version: 3.13.5
2026-09-18T03:07:23.8916336Z   check-latest: false
2026-09-18T03:07:23.8918528Z   token: ***
2026-09-18T03:07:23.8918791Z   update-environment: true
2026-09-18T03:07:23.8919107Z   allow-prereleases: false
2026-09-18T03:07:23.8919428Z   freethreaded: false
2026-09-18T03:07:23.8919675Z env:
2026-09-18T03:07:23.8920065Z   PYTHONDONTWRITEBYTECODE: 1
2026-09-18T03:07:23.8920374Z ##[endgroup]
2026-09-18T03:07:24.0082411Z ##[group]Installed versions
2026-09-18T03:07:24.0814558Z Version 3.13.5 was not found in the local cache
2026-09-18T03:07:24.0911607Z (node:2008) [DEP0040] DeprecationWarning: The `punycode` module is deprecated. Please use a userland alternative instead.
2026-09-18T03:07:24.0912757Z (Use `node --trace-deprecation ...` to show where the warning was created)
2026-09-18T03:07:24.9464860Z Version 3.13.5 is available for downloading
2026-09-18T03:07:24.9466252Z Download from "https://github.com/actions/python-versions/releases/download/3.13.5-15601068749/python-3.13.5-linux-24.04-x64.tar.gz"
2026-09-18T03:07:25.9859007Z Extract downloaded archive
2026-09-18T03:07:25.9964173Z [command]/usr/bin/tar xz --warning=no-unknown-keyword --overwrite -C /home/runner/work/_temp/e4840ab4-3950-40eb-aff0-3cd42994a87a -f /home/runner/work/_temp/ffc31b2f-fb64-4c9f-8ec0-b3082c096599
2026-09-18T03:07:28.3309484Z Execute installation script
2026-09-18T03:07:28.3433085Z Check if Python hostedtoolcache folder exist...
2026-09-18T03:07:28.3453210Z Create Python 3.13.5 folder
2026-09-18T03:07:28.3472218Z Copy Python binaries to hostedtoolcache folder
2026-09-18T03:07:31.4329514Z Create additional symlinks (Required for the UsePythonVersion Azure Pipelines task and the setup-python GitHub Action)
2026-09-18T03:07:31.4368805Z Upgrading pip...
2026-09-18T03:07:33.6812771Z Looking in links: /tmp/tmp2c3tbuuf
2026-09-18T03:07:33.6831288Z Requirement already satisfied: pip in /opt/hostedtoolcache/Python/3.13.5/x64/lib/python3.13/site-packages (25.1.1)
2026-09-18T03:07:35.4279661Z Collecting pip
2026-09-18T03:07:35.4891379Z Downloading pip-26.2.1-py3-none-any.whl.metadata (4.6 kB)
2026-09-18T03:07:35.5193729Z Downloading pip-26.2.1-py3-none-any.whl (1.8 MB)
2026-09-18T03:07:35.6479461Z ━━━━━━━━━━━━━━━━━━━━━━━━━━━━━━━━━━━━━━━━ 1.8/1.8 MB 17.1 MB/s eta 0:00:00
2026-09-18T03:07:35.6480395Z 
2026-09-18T03:07:35.6620682Z Installing collected packages: pip
2026-09-18T03:07:35.6641853Z Attempting uninstall: pip
2026-09-18T03:07:35.6643171Z Found existing installation: pip 25.1.1
2026-09-18T03:07:35.6852462Z Uninstalling pip-25.1.1:
2026-09-18T03:07:35.6891764Z Successfully uninstalled pip-25.1.1
2026-09-18T03:07:36.3866820Z Successfully installed pip-26.2.1
2026-09-18T03:07:36.4420528Z Create complete file
2026-09-18T03:07:36.4471847Z Successfully set up CPython (3.13.5)
2026-09-18T03:07:36.4473081Z ##[endgroup]
2026-09-18T03:07:36.4623928Z Node 20 is being deprecated. This workflow is running with Node 24 by default. If you need to temporarily use Node 20, you can set the ACTIONS_ALLOW_USE_UNSECURE_NODE_VERSION=true environment variable. For more information see: https://github.blog/changelog/2025-09-19-deprecation-of-node-20-on-github-actions-runners/
2026-09-18T03:07:36.4624942Z ##[group]Run actions/setup-node@v4
2026-09-18T03:07:36.4625224Z with:
2026-09-18T03:07:36.4625484Z   node-version: 22.22.0
2026-09-18T03:07:36.4625739Z   always-auth: false
2026-09-18T03:07:36.4626018Z   check-latest: false
2026-09-18T03:07:36.4628541Z   token: ***
2026-09-18T03:07:36.4628784Z env:
2026-09-18T03:07:36.4629042Z   PYTHONDONTWRITEBYTECODE: 1
2026-09-18T03:07:36.4629371Z   pythonLocation: /opt/hostedtoolcache/Python/3.13.5/x64
2026-09-18T03:07:36.4629811Z   PKG_CONFIG_PATH: /opt/hostedtoolcache/Python/3.13.5/x64/lib/pkgconfig
2026-09-18T03:07:36.4630243Z   Python_ROOT_DIR: /opt/hostedtoolcache/Python/3.13.5/x64
2026-09-18T03:07:36.4630680Z   Python2_ROOT_DIR: /opt/hostedtoolcache/Python/3.13.5/x64
2026-09-18T03:07:36.4631207Z   Python3_ROOT_DIR: /opt/hostedtoolcache/Python/3.13.5/x64
2026-09-18T03:07:36.4631616Z   LD_LIBRARY_PATH: /opt/hostedtoolcache/Python/3.13.5/x64/lib
2026-09-18T03:07:36.4631957Z ##[endgroup]
2026-09-18T03:07:36.5892165Z Attempting to download 22.22.0...
2026-09-18T03:07:36.5972552Z (node:2083) [DEP0040] DeprecationWarning: The `punycode` module is deprecated. Please use a userland alternative instead.
2026-09-18T03:07:36.5974289Z (Use `node --trace-deprecation ...` to show where the warning was created)
2026-09-18T03:07:37.3435677Z Acquiring 22.22.0 - x64 from https://github.com/actions/node-versions/releases/download/22.22.0-20981702931/node-22.22.0-linux-x64.tar.gz
2026-09-18T03:07:37.9123696Z Extracting ...
2026-09-18T03:07:37.9215662Z [command]/usr/bin/tar xz --strip 1 --warning=no-unknown-keyword --overwrite -C /home/runner/work/_temp/dded8603-007d-48a7-92f0-e6402efa412c -f /home/runner/work/_temp/5c3d37fd-58df-483e-af01-8ef69a13a53e
2026-09-18T03:07:39.1211996Z Adding to the cache ...
2026-09-18T03:07:46.2253226Z ##[group]Environment details
2026-09-18T03:07:46.4542718Z node: v22.22.0
2026-09-18T03:07:46.4551702Z npm: 10.9.4
2026-09-18T03:07:46.4561867Z yarn: 1.22.22
2026-09-18T03:07:46.4572296Z ##[endgroup]
2026-09-18T03:07:46.4695103Z ##[group]Run python ci/retention/verify_source.py "$RUNNER_TEMP/evidence/source"
2026-09-18T03:07:46.4695721Z [36;1mpython ci/retention/verify_source.py "$RUNNER_TEMP/evidence/source"[0m
2026-09-18T03:07:46.4696346Z [36;1mpython ci/retention/verify_alignment.py "$RUNNER_TEMP/evidence/source/ALIGNMENT_RESULT.json"[0m
2026-09-18T03:07:46.4723211Z shell: /usr/bin/bash --noprofile --norc -e -o pipefail {0}
2026-09-18T03:07:46.4723615Z env:
2026-09-18T03:07:46.4723913Z   PYTHONDONTWRITEBYTECODE: 1
2026-09-18T03:07:46.4724329Z   pythonLocation: /opt/hostedtoolcache/Python/3.13.5/x64
2026-09-18T03:07:46.4724756Z   PKG_CONFIG_PATH: /opt/hostedtoolcache/Python/3.13.5/x64/lib/pkgconfig
2026-09-18T03:07:46.4725182Z   Python_ROOT_DIR: /opt/hostedtoolcache/Python/3.13.5/x64
2026-09-18T03:07:46.4725588Z   Python2_ROOT_DIR: /opt/hostedtoolcache/Python/3.13.5/x64
2026-09-18T03:07:46.4725975Z   Python3_ROOT_DIR: /opt/hostedtoolcache/Python/3.13.5/x64
2026-09-18T03:07:46.4726495Z   LD_LIBRARY_PATH: /opt/hostedtoolcache/Python/3.13.5/x64/lib
2026-09-18T03:07:46.4726844Z ##[endgroup]
2026-09-18T03:07:46.6098367Z Traceback (most recent call last):
2026-09-18T03:07:46.6210032Z   File "/home/runner/work/GO/GO/ci/retention/verify_source.py", line 67, in <module>
2026-09-18T03:07:46.6211342Z     main()
2026-09-18T03:07:46.6212047Z     ~~~~^^
2026-09-18T03:07:46.6212810Z   File "/home/runner/work/GO/GO/ci/retention/verify_source.py", line 28, in main
2026-09-18T03:07:46.6213940Z     assert actual == expected, {'missing': sorted(expected-actual), 'unexpected': sorted(actual-expected)}
2026-09-18T03:07:46.6214805Z            ^^^^^^^^^^^^^^^^^^
2026-09-18T03:07:46.6219348Z AssertionError: {'missing': [], 'unexpected': ['scripts/test_catalog_graph_visibility.py', 'scripts/test_catalog_scope.py', 'scripts/test_catalog_scope_postgres.py', 'scripts/test_hotel_search_event_loop.py', 'src/go_hotel/connectors/supplier_runtime_controls.py', 'src/go_hotel/services/catalog_scope.py', 'tests/test_supplier_preflight_runtime.py', 'tests/test_supplier_runtime_controls.py', 'tests_frontend/fixtures/aoluguya_hyatt_gallery_harvest_plan.json', 'tests_frontend/fixtures/aoluguya_hyatt_gallery_harvest_plan_legacy_jpeg.json', 'tests_frontend/fixtures/aoluguya_normalized_ingest_plan.json', 'tests_frontend/hotel_catalog_contacts.test.mjs', 'tests_frontend/hotel_catalog_hyatt_gallery.test.mjs', 'tests_frontend/hotel_catalog_reviewed_import.test.mjs']}
2026-09-18T03:07:46.6286533Z ##[error]Process completed with exit code 1.
2026-09-18T03:07:46.6360492Z ##[group]Run export GO_NATIVE_NODE="$(command -v node)"
2026-09-18T03:07:46.6361248Z [36;1mexport GO_NATIVE_NODE="$(command -v node)"[0m
2026-09-18T03:07:46.6361711Z [36;1mpython ci/retention/run_suite.py --shard 2 --evidence "$RUNNER_TEMP/evidence/tests"[0m
2026-09-18T03:07:46.6383662Z shell: /usr/bin/bash --noprofile --norc -e -o pipefail {0}
2026-09-18T03:07:46.6383993Z env:
2026-09-18T03:07:46.6384332Z   PYTHONDONTWRITEBYTECODE: 1
2026-09-18T03:07:46.6384680Z   pythonLocation: /opt/hostedtoolcache/Python/3.13.5/x64
2026-09-18T03:07:46.6385132Z   PKG_CONFIG_PATH: /opt/hostedtoolcache/Python/3.13.5/x64/lib/pkgconfig
2026-09-18T03:07:46.6385536Z   Python_ROOT_DIR: /opt/hostedtoolcache/Python/3.13.5/x64
2026-09-18T03:07:46.6386000Z   Python2_ROOT_DIR: /opt/hostedtoolcache/Python/3.13.5/x64
2026-09-18T03:07:46.6386409Z   Python3_ROOT_DIR: /opt/hostedtoolcache/Python/3.13.5/x64
2026-09-18T03:07:46.6386782Z   LD_LIBRARY_PATH: /opt/hostedtoolcache/Python/3.13.5/x64/lib
2026-09-18T03:07:46.6387206Z ##[endgroup]
2026-09-18T03:07:46.9203089Z /opt/hostedtoolcache/Python/3.13.5/x64/bin/python: No module named pytest
2026-09-18T03:07:46.9221467Z 
2026-09-18T03:07:46.9231051Z {"exit_code": 1, "selected_files": 72, "shard": 2, "real_providers": "NOT_RUN", "hong_kong": "NOT_ACCESSED"}
2026-09-18T03:07:46.9303097Z ##[error]Process completed with exit code 1.
2026-09-18T03:07:46.9357786Z Node 20 is being deprecated. This workflow is running with Node 24 by default. If you need to temporarily use Node 20, you can set the ACTIONS_ALLOW_USE_UNSECURE_NODE_VERSION=true environment variable. For more information see: https://github.blog/changelog/2025-09-19-deprecation-of-node-20-on-github-actions-runners/
2026-09-18T03:07:46.9359069Z ##[group]Run actions/upload-artifact@v4
2026-09-18T03:07:46.9359418Z with:
2026-09-18T03:07:46.9359903Z   name: canonical-retention-shard-2-f827a3aefd95fd95dedb2bd2ecc93ae01111ea90
2026-09-18T03:07:46.9360466Z   path: /home/runner/work/_temp/evidence
2026-09-18T03:07:46.9360841Z   if-no-files-found: error
2026-09-18T03:07:46.9361443Z   compression-level: 6
2026-09-18T03:07:46.9361753Z   overwrite: false
2026-09-18T03:07:46.9362118Z   include-hidden-files: false
2026-09-18T03:07:46.9362445Z env:
2026-09-18T03:07:46.9362746Z   PYTHONDONTWRITEBYTECODE: 1
2026-09-18T03:07:46.9363160Z   pythonLocation: /opt/hostedtoolcache/Python/3.13.5/x64
2026-09-18T03:07:46.9363768Z   PKG_CONFIG_PATH: /opt/hostedtoolcache/Python/3.13.5/x64/lib/pkgconfig
2026-09-18T03:07:46.9364285Z   Python_ROOT_DIR: /opt/hostedtoolcache/Python/3.13.5/x64
2026-09-18T03:07:46.9364741Z   Python2_ROOT_DIR: /opt/hostedtoolcache/Python/3.13.5/x64
2026-09-18T03:07:46.9365212Z   Python3_ROOT_DIR: /opt/hostedtoolcache/Python/3.13.5/x64
2026-09-18T03:07:46.9365708Z   LD_LIBRARY_PATH: /opt/hostedtoolcache/Python/3.13.5/x64/lib
2026-09-18T03:07:46.9366118Z ##[endgroup]
2026-09-18T03:07:47.0800615Z (node:2124) [DEP0040] DeprecationWarning: The `punycode` module is deprecated. Please use a userland alternative instead.
2026-09-18T03:07:47.0802221Z (Use `node --trace-deprecation ...` to show where the warning was created)
2026-09-18T03:07:47.0972236Z With the provided path, there will be 3 files uploaded
2026-09-18T03:07:47.0991681Z Artifact name is valid!
2026-09-18T03:07:47.1011871Z Root directory input is valid!
2026-09-18T03:07:47.3491387Z Beginning upload of artifact content to blob storage
2026-09-18T03:07:47.3684159Z (node:2124) [DEP0169] DeprecationWarning: `url.parse()` behavior is not standardized and prone to errors that have security implications. Use the WHATWG URL API instead. CVEs are not issued for `url.parse()` vulnerabilities.
2026-09-18T03:07:47.5159984Z Uploaded bytes 4020
2026-09-18T03:07:47.5602524Z Finished uploading artifact content to blob storage!
2026-09-18T03:07:47.5619217Z SHA256 digest of uploaded artifact zip is 3e332cbd084447d89ffe0d3e5769b18012c181c25227dfc12c591386bbfd6286
2026-09-18T03:07:47.5620427Z Finalizing artifact upload
2026-09-18T03:07:47.7739888Z Artifact canonical-retention-shard-2-f827a3aefd95fd95dedb2bd2ecc93ae01111ea90.zip successfully finalized. Artifact ID 10530202948
2026-09-18T03:07:47.7741746Z Artifact canonical-retention-shard-2-f827a3aefd95fd95dedb2bd2ecc93ae01111ea90 has been successfully uploaded! Final size is 4020 bytes. Artifact ID is 10530202948
2026-09-18T03:07:47.7747932Z Artifact download URL: https://github.com/yuguangzhi3836-glitch/GO/actions/runs/35301976107/artifacts/10530202948
2026-09-18T03:07:47.7870152Z Node 20 is being deprecated. This workflow is running with Node 24 by default. If you need to temporarily use Node 20, you can set the ACTIONS_ALLOW_USE_UNSECURE_NODE_VERSION=true environment variable. For more information see: https://github.blog/changelog/2025-09-19-deprecation-of-node-20-on-github-actions-runners/
2026-09-18T03:07:47.7871394Z Post job cleanup.
2026-09-18T03:07:47.8622176Z [command]/usr/bin/git version
2026-09-18T03:07:47.8667284Z git version 2.55.0
2026-09-18T03:07:47.8749425Z Temporarily overriding HOME='/home/runner/work/_temp/7eaa402a-4ffe-4c4c-b736-1c0b6aade0b7' before making global git config changes
2026-09-18T03:07:47.8750750Z Adding repository directory to the temporary git global config as a safe directory
2026-09-18T03:07:47.8752243Z [command]/usr/bin/git config --global --add safe.directory /home/runner/work/GO/GO
2026-09-18T03:07:47.8755806Z [command]/usr/bin/git config --local --name-only --get-regexp core\.sshCommand
2026-09-18T03:07:47.8815548Z [command]/usr/bin/git submodule foreach --recursive sh -c "git config --local --name-only --get-regexp 'core\.sshCommand' && git config --local --unset-all 'core.sshCommand' || :"
2026-09-18T03:07:47.9142324Z [command]/usr/bin/git config --local --name-only --get-regexp http\.https\:\/\/github\.com\/\.extraheader
2026-09-18T03:07:47.9153920Z [command]/usr/bin/git submodule foreach --recursive sh -c "git config --local --name-only --get-regexp 'http\.https\:\/\/github\.com\/\.extraheader' && git config --local --unset-all 'http.https://github.com/.extraheader' || :"
2026-09-18T03:07:47.9462143Z [command]/usr/bin/git config --local --name-only --get-regexp ^includeIf\.gitdir:
2026-09-18T03:07:47.9483845Z [command]/usr/bin/git submodule foreach --recursive git config --local --show-origin --name-only --get-regexp remote.origin.url
2026-09-18T03:07:47.9906842Z Cleaning up orphan processes
2026-09-18T03:07:48.0096887Z ##[warning]Node.js 20 is deprecated. The following actions target Node.js 20 but are being forced to run on Node.js 24: actions/checkout@v4, actions/setup-node@v4, actions/setup-python@v5, actions/upload-artifact@v4. For more information see: https://github.blog/changelog/2025-09-19-deprecation-of-node-20-on-github-actions-runners/

