2026-09-18T03:07:05.3492294Z Current runner version: '2.337.0'
2026-09-18T03:07:05.3568082Z ##[group]Runner Image Provisioner
2026-09-18T03:07:05.3569577Z Hosted Compute Agent
2026-09-18T03:07:05.3570738Z Version: 20260828.587
2026-09-18T03:07:05.3571919Z Commit: abac92662cab4cc7352de4f9f9d2e2419aad9c29
2026-09-18T03:07:05.3573709Z Build Date: 2026-08-28T16:44:25Z
2026-09-18T03:07:05.3574992Z Worker ID: {001c65f9-8a81-4f5f-ab6f-9e12e6b64b67}
2026-09-18T03:07:05.3576441Z Azure Region: westcentralus
2026-09-18T03:07:05.3577555Z ##[endgroup]
2026-09-18T03:07:05.3579888Z ##[group]Operating System
2026-09-18T03:07:05.3581277Z Ubuntu
2026-09-18T03:07:05.3582203Z 24.04.5
2026-09-18T03:07:05.3583200Z LTS
2026-09-18T03:07:05.3604586Z ##[endgroup]
2026-09-18T03:07:05.3605575Z ##[group]Runner Image
2026-09-18T03:07:05.3606854Z Image: ubuntu-24.04
2026-09-18T03:07:05.3607950Z Version: 20260907.300.1
2026-09-18T03:07:05.3610282Z Included Software: https://github.com/actions/runner-images/blob/ubuntu24/20260907.300/images/ubuntu/Ubuntu2404-Readme.md
2026-09-18T03:07:05.3613141Z Image Release: https://github.com/actions/runner-images/releases/tag/ubuntu24%2F20260907.300
2026-09-18T03:07:05.3615403Z ##[endgroup]
2026-09-18T03:07:05.3617572Z ##[group]GITHUB_TOKEN Permissions
2026-09-18T03:07:05.3620375Z Contents: read
2026-09-18T03:07:05.3621370Z Metadata: read
2026-09-18T03:07:05.3622424Z ##[endgroup]
2026-09-18T03:07:05.3630758Z Secret source: Actions
2026-09-18T03:07:05.3632246Z Cache mode: write
2026-09-18T03:07:05.3633881Z Prepare workflow directory
2026-09-18T03:07:05.4469656Z Prepare all required actions
2026-09-18T03:07:05.4624862Z Getting action download info
2026-09-18T03:07:05.8927662Z Download action repository 'actions/checkout@v4' (SHA:11d5960a326750d5838078e36cf38b85af677262)
2026-09-18T03:07:06.5942829Z Download action repository 'actions/setup-python@v5' (SHA:a26af69be951a213d495a4c3e4e4022e16d87065)
2026-09-18T03:07:06.7424095Z Download action repository 'actions/setup-node@v4' (SHA:49933ea5288caeca8642d1e84afbd3f7d6820020)
2026-09-18T03:07:07.1038265Z Download action repository 'actions/upload-artifact@v4' (SHA:ea165f8d65b6e75b540449e92b4886f43607fa02)
2026-09-18T03:07:07.5015445Z Complete job name: regression (3)
2026-09-18T03:07:07.5739540Z Node 20 is being deprecated. This workflow is running with Node 24 by default. If you need to temporarily use Node 20, you can set the ACTIONS_ALLOW_USE_UNSECURE_NODE_VERSION=true environment variable. For more information see: https://github.blog/changelog/2025-09-19-deprecation-of-node-20-on-github-actions-runners/
2026-09-18T03:07:07.5747806Z ##[group]Run actions/checkout@v4
2026-09-18T03:07:07.5748345Z with:
2026-09-18T03:07:07.5748647Z   ref: f827a3aefd95fd95dedb2bd2ecc93ae01111ea90
2026-09-18T03:07:07.5749023Z   persist-credentials: false
2026-09-18T03:07:07.5749344Z   repository: yuguangzhi3836-glitch/GO
2026-09-18T03:07:07.5752197Z   token: ***
2026-09-18T03:07:07.5752452Z   ssh-strict: true
2026-09-18T03:07:07.5752704Z   ssh-user: git
2026-09-18T03:07:07.5752953Z   clean: true
2026-09-18T03:07:07.5753232Z   sparse-checkout-cone-mode: true
2026-09-18T03:07:07.5754036Z   fetch-depth: 1
2026-09-18T03:07:07.5754296Z   fetch-tags: false
2026-09-18T03:07:07.5754601Z   show-progress: true
2026-09-18T03:07:07.5754859Z   lfs: false
2026-09-18T03:07:07.5755090Z   submodules: false
2026-09-18T03:07:07.5755350Z   set-safe-directory: true
2026-09-18T03:07:07.5755647Z   allow-unsafe-pr-checkout: false
2026-09-18T03:07:07.5756274Z env:
2026-09-18T03:07:07.5756542Z   PYTHONDONTWRITEBYTECODE: 1
2026-09-18T03:07:07.5756843Z ##[endgroup]
2026-09-18T03:07:07.6954931Z Syncing repository: yuguangzhi3836-glitch/GO
2026-09-18T03:07:07.6956853Z ##[group]Getting Git version info
2026-09-18T03:07:07.6957505Z Working directory is '/home/runner/work/GO/GO'
2026-09-18T03:07:07.6961278Z [command]/usr/bin/git version
2026-09-18T03:07:08.0771075Z git version 2.55.0
2026-09-18T03:07:08.0803664Z ##[endgroup]
2026-09-18T03:07:08.0808889Z Temporarily overriding HOME='/home/runner/work/_temp/128722cc-0a7d-4fd2-be01-e875a950e0da' before making global git config changes
2026-09-18T03:07:08.0810433Z Adding repository directory to the temporary git global config as a safe directory
2026-09-18T03:07:08.0811532Z [command]/usr/bin/git config --global --add safe.directory /home/runner/work/GO/GO
2026-09-18T03:07:08.1122392Z Deleting the contents of '/home/runner/work/GO/GO'
2026-09-18T03:07:08.1126621Z ##[group]Initializing the repository
2026-09-18T03:07:08.1131858Z [command]/usr/bin/git init /home/runner/work/GO/GO
2026-09-18T03:07:08.2047392Z hint: Using 'master' as the name for the initial branch. This default branch name
2026-09-18T03:07:08.2049335Z hint: will change to "main" in Git 3.0. To configure the initial branch name
2026-09-18T03:07:08.2051386Z hint: to use in all of your new repositories, which will suppress this warning,
2026-09-18T03:07:08.2052906Z hint: call:
2026-09-18T03:07:08.2056149Z hint:
2026-09-18T03:07:08.2057298Z hint: 	git config --global init.defaultBranch <name>
2026-09-18T03:07:08.2058662Z hint:
2026-09-18T03:07:08.2059688Z hint: Names commonly chosen instead of 'master' are 'main', 'trunk' and
2026-09-18T03:07:08.2061618Z hint: 'development'. The just-created branch can be renamed via this command:
2026-09-18T03:07:08.2062958Z hint:
2026-09-18T03:07:08.2064519Z hint: 	git branch -m <name>
2026-09-18T03:07:08.2065513Z hint:
2026-09-18T03:07:08.2066890Z hint: Disable this message with "git config set advice.defaultBranchName false"
2026-09-18T03:07:08.2068386Z Initialized empty Git repository in /home/runner/work/GO/GO/.git/
2026-09-18T03:07:08.2071671Z [command]/usr/bin/git remote add origin https://github.com/yuguangzhi3836-glitch/GO
2026-09-18T03:07:08.2373678Z ##[endgroup]
2026-09-18T03:07:08.2374929Z ##[group]Disabling automatic garbage collection
2026-09-18T03:07:08.2378341Z [command]/usr/bin/git config --local gc.auto 0
2026-09-18T03:07:08.2419544Z ##[endgroup]
2026-09-18T03:07:08.2420632Z ##[group]Setting up auth
2026-09-18T03:07:08.2427643Z [command]/usr/bin/git config --local --name-only --get-regexp core\.sshCommand
2026-09-18T03:07:08.2468418Z [command]/usr/bin/git submodule foreach --recursive sh -c "git config --local --name-only --get-regexp 'core\.sshCommand' && git config --local --unset-all 'core.sshCommand' || :"
2026-09-18T03:07:08.5776142Z [command]/usr/bin/git config --local --name-only --get-regexp http\.https\:\/\/github\.com\/\.extraheader
2026-09-18T03:07:08.5818312Z [command]/usr/bin/git submodule foreach --recursive sh -c "git config --local --name-only --get-regexp 'http\.https\:\/\/github\.com\/\.extraheader' && git config --local --unset-all 'http.https://github.com/.extraheader' || :"
2026-09-18T03:07:08.6091568Z [command]/usr/bin/git config --local --name-only --get-regexp ^includeIf\.gitdir:
2026-09-18T03:07:08.6113777Z [command]/usr/bin/git submodule foreach --recursive git config --local --show-origin --name-only --get-regexp remote.origin.url
2026-09-18T03:07:08.6350827Z [command]/usr/bin/git config --local http.https://github.com/.extraheader AUTHORIZATION: basic ***
2026-09-18T03:07:08.6394033Z ##[endgroup]
2026-09-18T03:07:08.6395554Z ##[group]Fetching the repository
2026-09-18T03:07:08.6409792Z [command]/usr/bin/git -c protocol.version=2 fetch --no-tags --prune --no-recurse-submodules --depth=1 origin f827a3aefd95fd95dedb2bd2ecc93ae01111ea90
2026-09-18T03:07:20.7515469Z From https://github.com/yuguangzhi3836-glitch/GO
2026-09-18T03:07:20.7516498Z  * branch            f827a3aefd95fd95dedb2bd2ecc93ae01111ea90 -> FETCH_HEAD
2026-09-18T03:07:20.7518305Z ##[endgroup]
2026-09-18T03:07:20.7518987Z ##[group]Determining the checkout info
2026-09-18T03:07:20.7519708Z ##[endgroup]
2026-09-18T03:07:20.7522061Z [command]/usr/bin/git sparse-checkout disable
2026-09-18T03:07:20.8041172Z [command]/usr/bin/git config --local --unset-all extensions.worktreeConfig
2026-09-18T03:07:20.8102757Z ##[group]Checking out the ref
2026-09-18T03:07:20.8124607Z [command]/usr/bin/git checkout --progress --force f827a3aefd95fd95dedb2bd2ecc93ae01111ea90
2026-09-18T03:07:21.9608161Z Updating files:  29% (1758/5882)
2026-09-18T03:07:22.4196006Z Updating files:  30% (1765/5882)
2026-09-18T03:07:22.4226226Z Updating files:  31% (1824/5882)
2026-09-18T03:07:22.4256256Z Updating files:  32% (1883/5882)
2026-09-18T03:07:22.4361227Z Updating files:  33% (1942/5882)
2026-09-18T03:07:22.4415471Z Updating files:  34% (2000/5882)
2026-09-18T03:07:22.4504452Z Updating files:  35% (2059/5882)
2026-09-18T03:07:22.4533951Z Updating files:  36% (2118/5882)
2026-09-18T03:07:22.4563096Z Updating files:  37% (2177/5882)
2026-09-18T03:07:22.4592056Z Updating files:  38% (2236/5882)
2026-09-18T03:07:22.4627223Z Updating files:  39% (2294/5882)
2026-09-18T03:07:22.4662895Z Updating files:  40% (2353/5882)
2026-09-18T03:07:22.4694474Z Updating files:  41% (2412/5882)
2026-09-18T03:07:22.4724080Z Updating files:  42% (2471/5882)
2026-09-18T03:07:22.4780700Z Updating files:  43% (2530/5882)
2026-09-18T03:07:22.4864053Z Updating files:  44% (2589/5882)
2026-09-18T03:07:22.4910853Z Updating files:  45% (2647/5882)
2026-09-18T03:07:22.4954819Z Updating files:  46% (2706/5882)
2026-09-18T03:07:22.5001613Z Updating files:  47% (2765/5882)
2026-09-18T03:07:22.5036271Z Updating files:  48% (2824/5882)
2026-09-18T03:07:22.5094156Z Updating files:  49% (2883/5882)
2026-09-18T03:07:22.5151301Z Updating files:  50% (2941/5882)
2026-09-18T03:07:22.5225907Z Updating files:  51% (3000/5882)
2026-09-18T03:07:22.5264160Z Updating files:  52% (3059/5882)
2026-09-18T03:07:22.6205620Z Updating files:  53% (3118/5882)
2026-09-18T03:07:22.6250512Z Updating files:  54% (3177/5882)
2026-09-18T03:07:22.6328690Z Updating files:  55% (3236/5882)
2026-09-18T03:07:22.6577178Z Updating files:  56% (3294/5882)
2026-09-18T03:07:22.6879931Z Updating files:  57% (3353/5882)
2026-09-18T03:07:22.7264851Z Updating files:  58% (3412/5882)
2026-09-18T03:07:22.7306069Z Updating files:  59% (3471/5882)
2026-09-18T03:07:22.7337406Z Updating files:  60% (3530/5882)
2026-09-18T03:07:22.7365845Z Updating files:  61% (3589/5882)
2026-09-18T03:07:22.7405539Z Updating files:  62% (3647/5882)
2026-09-18T03:07:22.7469604Z Updating files:  63% (3706/5882)
2026-09-18T03:07:22.7497975Z Updating files:  64% (3765/5882)
2026-09-18T03:07:22.7530148Z Updating files:  65% (3824/5882)
2026-09-18T03:07:22.7571274Z Updating files:  66% (3883/5882)
2026-09-18T03:07:22.7614142Z Updating files:  67% (3941/5882)
2026-09-18T03:07:22.7652802Z Updating files:  68% (4000/5882)
2026-09-18T03:07:22.7690169Z Updating files:  69% (4059/5882)
2026-09-18T03:07:22.7724655Z Updating files:  70% (4118/5882)
2026-09-18T03:07:22.7795080Z Updating files:  71% (4177/5882)
2026-09-18T03:07:22.7975477Z Updating files:  72% (4236/5882)
2026-09-18T03:07:22.8265333Z Updating files:  73% (4294/5882)
2026-09-18T03:07:22.8267835Z Updating files:  73% (4350/5882)
2026-09-18T03:07:22.8631576Z Updating files:  74% (4353/5882)
2026-09-18T03:07:22.8695835Z Updating files:  75% (4412/5882)
2026-09-18T03:07:22.8764631Z Updating files:  76% (4471/5882)
2026-09-18T03:07:22.8823135Z Updating files:  77% (4530/5882)
2026-09-18T03:07:22.8850241Z Updating files:  78% (4588/5882)
2026-09-18T03:07:22.8874957Z Updating files:  79% (4647/5882)
2026-09-18T03:07:22.8896824Z Updating files:  80% (4706/5882)
2026-09-18T03:07:22.8917453Z Updating files:  81% (4765/5882)
2026-09-18T03:07:22.8942672Z Updating files:  82% (4824/5882)
2026-09-18T03:07:22.8983646Z Updating files:  83% (4883/5882)
2026-09-18T03:07:22.9004656Z Updating files:  84% (4941/5882)
2026-09-18T03:07:22.9047254Z Updating files:  85% (5000/5882)
2026-09-18T03:07:22.9077070Z Updating files:  86% (5059/5882)
2026-09-18T03:07:22.9102662Z Updating files:  87% (5118/5882)
2026-09-18T03:07:22.9138783Z Updating files:  88% (5177/5882)
2026-09-18T03:07:22.9175006Z Updating files:  89% (5235/5882)
2026-09-18T03:07:22.9203181Z Updating files:  90% (5294/5882)
2026-09-18T03:07:22.9229852Z Updating files:  91% (5353/5882)
2026-09-18T03:07:22.9296300Z Updating files:  92% (5412/5882)
2026-09-18T03:07:22.9323433Z Updating files:  93% (5471/5882)
2026-09-18T03:07:22.9350520Z Updating files:  94% (5530/5882)
2026-09-18T03:07:22.9382958Z Updating files:  95% (5588/5882)
2026-09-18T03:07:22.9427735Z Updating files:  96% (5647/5882)
2026-09-18T03:07:22.9463607Z Updating files:  97% (5706/5882)
2026-09-18T03:07:22.9500974Z Updating files:  98% (5765/5882)
2026-09-18T03:07:22.9534517Z Updating files:  99% (5824/5882)
2026-09-18T03:07:22.9535926Z Updating files: 100% (5882/5882)
2026-09-18T03:07:22.9536568Z Updating files: 100% (5882/5882), done.
2026-09-18T03:07:23.2264533Z Note: switching to 'f827a3aefd95fd95dedb2bd2ecc93ae01111ea90'.
2026-09-18T03:07:23.2265403Z 
2026-09-18T03:07:23.2266161Z You are in 'detached HEAD' state. You can look around, make experimental
2026-09-18T03:07:23.2267012Z changes and commit them, and you can discard any commits you make in this
2026-09-18T03:07:23.2267838Z state without impacting any branches by switching back to a branch.
2026-09-18T03:07:23.2268327Z 
2026-09-18T03:07:23.2268850Z If you want to create a new branch to retain commits you create, you may
2026-09-18T03:07:23.2269622Z do so (now or later) by using -c with the switch command. Example:
2026-09-18T03:07:23.2269993Z 
2026-09-18T03:07:23.2270109Z   git switch -c <new-branch-name>
2026-09-18T03:07:23.2270285Z 
2026-09-18T03:07:23.2270401Z Or undo this operation with:
2026-09-18T03:07:23.2270560Z 
2026-09-18T03:07:23.2270647Z   git switch -
2026-09-18T03:07:23.2270765Z 
2026-09-18T03:07:23.2270984Z Turn off this advice by setting config variable advice.detachedHead to false
2026-09-18T03:07:23.2271302Z 
2026-09-18T03:07:23.2271518Z HEAD is now at f827a3a fix(catalog): bind gallery harvest to measured HK CDN bytes
2026-09-18T03:07:23.5337877Z ##[endgroup]
2026-09-18T03:07:23.6664179Z [command]/usr/bin/git log -1 --format=%H
2026-09-18T03:07:23.6693115Z f827a3aefd95fd95dedb2bd2ecc93ae01111ea90
2026-09-18T03:07:23.6725183Z ##[group]Removing auth
2026-09-18T03:07:23.6726450Z [command]/usr/bin/git config --local --name-only --get-regexp core\.sshCommand
2026-09-18T03:07:23.6772209Z [command]/usr/bin/git submodule foreach --recursive sh -c "git config --local --name-only --get-regexp 'core\.sshCommand' && git config --local --unset-all 'core.sshCommand' || :"
2026-09-18T03:07:23.7032090Z [command]/usr/bin/git config --local --name-only --get-regexp http\.https\:\/\/github\.com\/\.extraheader
2026-09-18T03:07:23.7746947Z http.https://github.com/.extraheader
2026-09-18T03:07:23.7765418Z [command]/usr/bin/git config --local --unset-all http.https://github.com/.extraheader
2026-09-18T03:07:24.0448947Z [command]/usr/bin/git submodule foreach --recursive sh -c "git config --local --name-only --get-regexp 'http\.https\:\/\/github\.com\/\.extraheader' && git config --local --unset-all 'http.https://github.com/.extraheader' || :"
2026-09-18T03:07:24.0713883Z [command]/usr/bin/git config --local --name-only --get-regexp ^includeIf\.gitdir:
2026-09-18T03:07:24.0765252Z [command]/usr/bin/git submodule foreach --recursive git config --local --show-origin --name-only --get-regexp remote.origin.url
2026-09-18T03:07:24.1085719Z ##[endgroup]
2026-09-18T03:07:24.1347665Z Node 20 is being deprecated. This workflow is running with Node 24 by default. If you need to temporarily use Node 20, you can set the ACTIONS_ALLOW_USE_UNSECURE_NODE_VERSION=true environment variable. For more information see: https://github.blog/changelog/2025-09-19-deprecation-of-node-20-on-github-actions-runners/
2026-09-18T03:07:24.1349322Z ##[group]Run actions/setup-python@v5
2026-09-18T03:07:24.1349595Z with:
2026-09-18T03:07:24.1349789Z   python-version: 3.13.5
2026-09-18T03:07:24.1350022Z   check-latest: false
2026-09-18T03:07:24.1352669Z   token: ***
2026-09-18T03:07:24.1352881Z   update-environment: true
2026-09-18T03:07:24.1353123Z   allow-prereleases: false
2026-09-18T03:07:24.1353782Z   freethreaded: false
2026-09-18T03:07:24.1354007Z env:
2026-09-18T03:07:24.1354203Z   PYTHONDONTWRITEBYTECODE: 1
2026-09-18T03:07:24.1354438Z ##[endgroup]
2026-09-18T03:07:24.2944948Z ##[group]Installed versions
2026-09-18T03:07:24.3864047Z Version 3.13.5 was not found in the local cache
2026-09-18T03:07:24.4012228Z (node:2177) [DEP0040] DeprecationWarning: The `punycode` module is deprecated. Please use a userland alternative instead.
2026-09-18T03:07:24.4036199Z (Use `node --trace-deprecation ...` to show where the warning was created)
2026-09-18T03:07:25.5226518Z Version 3.13.5 is available for downloading
2026-09-18T03:07:25.5228567Z Download from "https://github.com/actions/python-versions/releases/download/3.13.5-15601068749/python-3.13.5-linux-24.04-x64.tar.gz"
2026-09-18T03:07:27.4090474Z Extract downloaded archive
2026-09-18T03:07:27.4247505Z [command]/usr/bin/tar xz --warning=no-unknown-keyword --overwrite -C /home/runner/work/_temp/f033a62f-6a26-485f-974e-b85acc3d38e5 -f /home/runner/work/_temp/e67830c0-f5f0-44b1-84e0-357089e3b35d
2026-09-18T03:07:29.8820586Z Execute installation script
2026-09-18T03:07:29.8934344Z Check if Python hostedtoolcache folder exist...
2026-09-18T03:07:29.8934944Z Create Python 3.13.5 folder
2026-09-18T03:07:29.8954264Z Copy Python binaries to hostedtoolcache folder
2026-09-18T03:07:30.7805196Z Create additional symlinks (Required for the UsePythonVersion Azure Pipelines task and the setup-python GitHub Action)
2026-09-18T03:07:30.7850631Z Upgrading pip...
2026-09-18T03:07:33.5423662Z Looking in links: /tmp/tmp7wu5ftna
2026-09-18T03:07:33.5429227Z Requirement already satisfied: pip in /opt/hostedtoolcache/Python/3.13.5/x64/lib/python3.13/site-packages (25.1.1)
2026-09-18T03:07:35.5483109Z Collecting pip
2026-09-18T03:07:35.6283629Z Downloading pip-26.2.1-py3-none-any.whl.metadata (4.6 kB)
2026-09-18T03:07:35.6549679Z Downloading pip-26.2.1-py3-none-any.whl (1.8 MB)
2026-09-18T03:07:35.7866562Z ━━━━━━━━━━━━━━━━━━━━━━━━━━━━━━━━━━━━━━━━ 1.8/1.8 MB 20.7 MB/s eta 0:00:00
2026-09-18T03:07:35.7867242Z 
2026-09-18T03:07:35.8405156Z Installing collected packages: pip
2026-09-18T03:07:35.8424082Z Attempting uninstall: pip
2026-09-18T03:07:35.8435565Z Found existing installation: pip 25.1.1
2026-09-18T03:07:35.8954140Z Uninstalling pip-25.1.1:
2026-09-18T03:07:35.9009062Z Successfully uninstalled pip-25.1.1
2026-09-18T03:07:36.9476087Z Successfully installed pip-26.2.1
2026-09-18T03:07:37.0082010Z Create complete file
2026-09-18T03:07:37.0128752Z Successfully set up CPython (3.13.5)
2026-09-18T03:07:37.0129940Z ##[endgroup]
2026-09-18T03:07:37.0421861Z Node 20 is being deprecated. This workflow is running with Node 24 by default. If you need to temporarily use Node 20, you can set the ACTIONS_ALLOW_USE_UNSECURE_NODE_VERSION=true environment variable. For more information see: https://github.blog/changelog/2025-09-19-deprecation-of-node-20-on-github-actions-runners/
2026-09-18T03:07:37.0423208Z ##[group]Run actions/setup-node@v4
2026-09-18T03:07:37.0423998Z with:
2026-09-18T03:07:37.0424216Z   node-version: 22.22.0
2026-09-18T03:07:37.0424449Z   always-auth: false
2026-09-18T03:07:37.0424669Z   check-latest: false
2026-09-18T03:07:37.0427370Z   token: ***
2026-09-18T03:07:37.0427574Z env:
2026-09-18T03:07:37.0427776Z   PYTHONDONTWRITEBYTECODE: 1
2026-09-18T03:07:37.0428095Z   pythonLocation: /opt/hostedtoolcache/Python/3.13.5/x64
2026-09-18T03:07:37.0428576Z   PKG_CONFIG_PATH: /opt/hostedtoolcache/Python/3.13.5/x64/lib/pkgconfig
2026-09-18T03:07:37.0429000Z   Python_ROOT_DIR: /opt/hostedtoolcache/Python/3.13.5/x64
2026-09-18T03:07:37.0429411Z   Python2_ROOT_DIR: /opt/hostedtoolcache/Python/3.13.5/x64
2026-09-18T03:07:37.0429787Z   Python3_ROOT_DIR: /opt/hostedtoolcache/Python/3.13.5/x64
2026-09-18T03:07:37.0430163Z   LD_LIBRARY_PATH: /opt/hostedtoolcache/Python/3.13.5/x64/lib
2026-09-18T03:07:37.0430480Z ##[endgroup]
2026-09-18T03:07:37.5718730Z Attempting to download 22.22.0...
2026-09-18T03:07:37.5835978Z (node:2248) [DEP0040] DeprecationWarning: The `punycode` module is deprecated. Please use a userland alternative instead.
2026-09-18T03:07:37.5853027Z (Use `node --trace-deprecation ...` to show where the warning was created)
2026-09-18T03:07:38.5238880Z Acquiring 22.22.0 - x64 from https://github.com/actions/node-versions/releases/download/22.22.0-20981702931/node-22.22.0-linux-x64.tar.gz
2026-09-18T03:07:39.4397494Z Extracting ...
2026-09-18T03:07:39.4550714Z [command]/usr/bin/tar xz --strip 1 --warning=no-unknown-keyword --overwrite -C /home/runner/work/_temp/35ee1f59-c061-46f6-9dfd-243a7148f59b -f /home/runner/work/_temp/1ee673e0-d5b2-4b00-a0a6-0b8c38d373bf
2026-09-18T03:07:40.8315039Z Adding to the cache ...
2026-09-18T03:07:43.5735110Z ##[group]Environment details
2026-09-18T03:07:43.9693215Z node: v22.22.0
2026-09-18T03:07:43.9694247Z npm: 10.9.4
2026-09-18T03:07:43.9694721Z yarn: 1.22.22
2026-09-18T03:07:43.9695560Z ##[endgroup]
2026-09-18T03:07:43.9899116Z ##[group]Run python ci/retention/verify_source.py "$RUNNER_TEMP/evidence/source"
2026-09-18T03:07:43.9900226Z [36;1mpython ci/retention/verify_source.py "$RUNNER_TEMP/evidence/source"[0m
2026-09-18T03:07:43.9901404Z [36;1mpython ci/retention/verify_alignment.py "$RUNNER_TEMP/evidence/source/ALIGNMENT_RESULT.json"[0m
2026-09-18T03:07:43.9944236Z shell: /usr/bin/bash --noprofile --norc -e -o pipefail {0}
2026-09-18T03:07:43.9944586Z env:
2026-09-18T03:07:43.9944801Z   PYTHONDONTWRITEBYTECODE: 1
2026-09-18T03:07:43.9945123Z   pythonLocation: /opt/hostedtoolcache/Python/3.13.5/x64
2026-09-18T03:07:43.9945552Z   PKG_CONFIG_PATH: /opt/hostedtoolcache/Python/3.13.5/x64/lib/pkgconfig
2026-09-18T03:07:43.9945973Z   Python_ROOT_DIR: /opt/hostedtoolcache/Python/3.13.5/x64
2026-09-18T03:07:43.9946349Z   Python2_ROOT_DIR: /opt/hostedtoolcache/Python/3.13.5/x64
2026-09-18T03:07:43.9946727Z   Python3_ROOT_DIR: /opt/hostedtoolcache/Python/3.13.5/x64
2026-09-18T03:07:43.9947146Z   LD_LIBRARY_PATH: /opt/hostedtoolcache/Python/3.13.5/x64/lib
2026-09-18T03:07:43.9947476Z ##[endgroup]
2026-09-18T03:07:44.1726291Z Traceback (most recent call last):
2026-09-18T03:07:44.1869385Z   File "/home/runner/work/GO/GO/ci/retention/verify_source.py", line 67, in <module>
2026-09-18T03:07:44.1870365Z     main()
2026-09-18T03:07:44.1871023Z     ~~~~^^
2026-09-18T03:07:44.1871959Z   File "/home/runner/work/GO/GO/ci/retention/verify_source.py", line 28, in main
2026-09-18T03:07:44.1873583Z     assert actual == expected, {'missing': sorted(expected-actual), 'unexpected': sorted(actual-expected)}
2026-09-18T03:07:44.1874602Z            ^^^^^^^^^^^^^^^^^^
2026-09-18T03:07:44.1880994Z AssertionError: {'missing': [], 'unexpected': ['scripts/test_catalog_graph_visibility.py', 'scripts/test_catalog_scope.py', 'scripts/test_catalog_scope_postgres.py', 'scripts/test_hotel_search_event_loop.py', 'src/go_hotel/connectors/supplier_runtime_controls.py', 'src/go_hotel/services/catalog_scope.py', 'tests/test_supplier_preflight_runtime.py', 'tests/test_supplier_runtime_controls.py', 'tests_frontend/fixtures/aoluguya_hyatt_gallery_harvest_plan.json', 'tests_frontend/fixtures/aoluguya_hyatt_gallery_harvest_plan_legacy_jpeg.json', 'tests_frontend/fixtures/aoluguya_normalized_ingest_plan.json', 'tests_frontend/hotel_catalog_contacts.test.mjs', 'tests_frontend/hotel_catalog_hyatt_gallery.test.mjs', 'tests_frontend/hotel_catalog_reviewed_import.test.mjs']}
2026-09-18T03:07:44.1964073Z ##[error]Process completed with exit code 1.
2026-09-18T03:07:44.2051203Z ##[group]Run export GO_NATIVE_NODE="$(command -v node)"
2026-09-18T03:07:44.2051625Z [36;1mexport GO_NATIVE_NODE="$(command -v node)"[0m
2026-09-18T03:07:44.2052100Z [36;1mpython ci/retention/run_suite.py --shard 3 --evidence "$RUNNER_TEMP/evidence/tests"[0m
2026-09-18T03:07:44.2094999Z shell: /usr/bin/bash --noprofile --norc -e -o pipefail {0}
2026-09-18T03:07:44.2095534Z env:
2026-09-18T03:07:44.2095880Z   PYTHONDONTWRITEBYTECODE: 1
2026-09-18T03:07:44.2096415Z   pythonLocation: /opt/hostedtoolcache/Python/3.13.5/x64
2026-09-18T03:07:44.2097148Z   PKG_CONFIG_PATH: /opt/hostedtoolcache/Python/3.13.5/x64/lib/pkgconfig
2026-09-18T03:07:44.2097882Z   Python_ROOT_DIR: /opt/hostedtoolcache/Python/3.13.5/x64
2026-09-18T03:07:44.2098532Z   Python2_ROOT_DIR: /opt/hostedtoolcache/Python/3.13.5/x64
2026-09-18T03:07:44.2099184Z   Python3_ROOT_DIR: /opt/hostedtoolcache/Python/3.13.5/x64
2026-09-18T03:07:44.2099847Z   LD_LIBRARY_PATH: /opt/hostedtoolcache/Python/3.13.5/x64/lib
2026-09-18T03:07:44.2100705Z ##[endgroup]
2026-09-18T03:07:44.5955188Z /opt/hostedtoolcache/Python/3.13.5/x64/bin/python: No module named pytest
2026-09-18T03:07:44.5956218Z 
2026-09-18T03:07:44.5976437Z {"exit_code": 1, "selected_files": 72, "shard": 3, "real_providers": "NOT_RUN", "hong_kong": "NOT_ACCESSED"}
2026-09-18T03:07:44.6063187Z ##[error]Process completed with exit code 1.
2026-09-18T03:07:44.6127178Z Node 20 is being deprecated. This workflow is running with Node 24 by default. If you need to temporarily use Node 20, you can set the ACTIONS_ALLOW_USE_UNSECURE_NODE_VERSION=true environment variable. For more information see: https://github.blog/changelog/2025-09-19-deprecation-of-node-20-on-github-actions-runners/
2026-09-18T03:07:44.6128492Z ##[group]Run actions/upload-artifact@v4
2026-09-18T03:07:44.6128760Z with:
2026-09-18T03:07:44.6129127Z   name: canonical-retention-shard-3-f827a3aefd95fd95dedb2bd2ecc93ae01111ea90
2026-09-18T03:07:44.6129574Z   path: /home/runner/work/_temp/evidence
2026-09-18T03:07:44.6129872Z   if-no-files-found: error
2026-09-18T03:07:44.6130108Z   compression-level: 6
2026-09-18T03:07:44.6130327Z   overwrite: false
2026-09-18T03:07:44.6130542Z   include-hidden-files: false
2026-09-18T03:07:44.6130774Z env:
2026-09-18T03:07:44.6130971Z   PYTHONDONTWRITEBYTECODE: 1
2026-09-18T03:07:44.6131282Z   pythonLocation: /opt/hostedtoolcache/Python/3.13.5/x64
2026-09-18T03:07:44.6131737Z   PKG_CONFIG_PATH: /opt/hostedtoolcache/Python/3.13.5/x64/lib/pkgconfig
2026-09-18T03:07:44.6132161Z   Python_ROOT_DIR: /opt/hostedtoolcache/Python/3.13.5/x64
2026-09-18T03:07:44.6132541Z   Python2_ROOT_DIR: /opt/hostedtoolcache/Python/3.13.5/x64
2026-09-18T03:07:44.6132922Z   Python3_ROOT_DIR: /opt/hostedtoolcache/Python/3.13.5/x64
2026-09-18T03:07:44.6133617Z   LD_LIBRARY_PATH: /opt/hostedtoolcache/Python/3.13.5/x64/lib
2026-09-18T03:07:44.6134072Z ##[endgroup]
2026-09-18T03:07:44.7869323Z (node:2289) [DEP0040] DeprecationWarning: The `punycode` module is deprecated. Please use a userland alternative instead.
2026-09-18T03:07:44.7871222Z (Use `node --trace-deprecation ...` to show where the warning was created)
2026-09-18T03:07:44.8034450Z With the provided path, there will be 3 files uploaded
2026-09-18T03:07:44.8070842Z Artifact name is valid!
2026-09-18T03:07:44.8071545Z Root directory input is valid!
2026-09-18T03:07:45.1669657Z Beginning upload of artifact content to blob storage
2026-09-18T03:07:45.1925700Z (node:2289) [DEP0169] DeprecationWarning: `url.parse()` behavior is not standardized and prone to errors that have security implications. Use the WHATWG URL API instead. CVEs are not issued for `url.parse()` vulnerabilities.
2026-09-18T03:07:45.3969973Z Uploaded bytes 4022
2026-09-18T03:07:45.4571978Z Finished uploading artifact content to blob storage!
2026-09-18T03:07:45.4574427Z SHA256 digest of uploaded artifact zip is 296ee0486b9a45e9088af37bdf9ee3c92a313c5542abfa292342b61dd7ff65f8
2026-09-18T03:07:45.4575987Z Finalizing artifact upload
2026-09-18T03:07:45.7082967Z Artifact canonical-retention-shard-3-f827a3aefd95fd95dedb2bd2ecc93ae01111ea90.zip successfully finalized. Artifact ID 10530327541
2026-09-18T03:07:45.7086629Z Artifact canonical-retention-shard-3-f827a3aefd95fd95dedb2bd2ecc93ae01111ea90 has been successfully uploaded! Final size is 4022 bytes. Artifact ID is 10530327541
2026-09-18T03:07:45.7091107Z Artifact download URL: https://github.com/yuguangzhi3836-glitch/GO/actions/runs/35301976107/artifacts/10530327541
2026-09-18T03:07:45.7279152Z Node 20 is being deprecated. This workflow is running with Node 24 by default. If you need to temporarily use Node 20, you can set the ACTIONS_ALLOW_USE_UNSECURE_NODE_VERSION=true environment variable. For more information see: https://github.blog/changelog/2025-09-19-deprecation-of-node-20-on-github-actions-runners/
2026-09-18T03:07:45.7280432Z Post job cleanup.
2026-09-18T03:07:45.8247354Z [command]/usr/bin/git version
2026-09-18T03:07:45.8322664Z git version 2.55.0
2026-09-18T03:07:45.8374962Z Temporarily overriding HOME='/home/runner/work/_temp/4d2d9edd-4af6-489e-b9f8-292f3b5296da' before making global git config changes
2026-09-18T03:07:45.8390989Z Adding repository directory to the temporary git global config as a safe directory
2026-09-18T03:07:45.8392489Z [command]/usr/bin/git config --global --add safe.directory /home/runner/work/GO/GO
2026-09-18T03:07:45.8445120Z [command]/usr/bin/git config --local --name-only --get-regexp core\.sshCommand
2026-09-18T03:07:45.8525172Z [command]/usr/bin/git submodule foreach --recursive sh -c "git config --local --name-only --get-regexp 'core\.sshCommand' && git config --local --unset-all 'core.sshCommand' || :"
2026-09-18T03:07:45.9144953Z [command]/usr/bin/git config --local --name-only --get-regexp http\.https\:\/\/github\.com\/\.extraheader
2026-09-18T03:07:45.9226334Z [command]/usr/bin/git submodule foreach --recursive sh -c "git config --local --name-only --get-regexp 'http\.https\:\/\/github\.com\/\.extraheader' && git config --local --unset-all 'http.https://github.com/.extraheader' || :"
2026-09-18T03:07:45.9874714Z [command]/usr/bin/git config --local --name-only --get-regexp ^includeIf\.gitdir:
2026-09-18T03:07:46.0004899Z [command]/usr/bin/git submodule foreach --recursive git config --local --show-origin --name-only --get-regexp remote.origin.url
2026-09-18T03:07:46.0678858Z Cleaning up orphan processes
2026-09-18T03:07:46.0957647Z ##[warning]Node.js 20 is deprecated. The following actions target Node.js 20 but are being forced to run on Node.js 24: actions/checkout@v4, actions/setup-node@v4, actions/setup-python@v5, actions/upload-artifact@v4. For more information see: https://github.blog/changelog/2025-09-19-deprecation-of-node-20-on-github-actions-runners/

