2026-09-18T03:07:04.8562047Z Current runner version: '2.337.0'
2026-09-18T03:07:04.8598165Z ##[group]Runner Image Provisioner
2026-09-18T03:07:04.8599591Z Hosted Compute Agent
2026-09-18T03:07:04.8600616Z Version: 20260828.587
2026-09-18T03:07:04.8602036Z Commit: abac92662cab4cc7352de4f9f9d2e2419aad9c29
2026-09-18T03:07:04.8603439Z Build Date: 2026-08-28T16:44:25Z
2026-09-18T03:07:04.8604613Z Worker ID: {fd1940dd-81ff-4a24-970e-1987feb84af1}
2026-09-18T03:07:04.8606028Z Azure Region: eastus
2026-09-18T03:07:04.8606991Z ##[endgroup]
2026-09-18T03:07:04.8609413Z ##[group]Operating System
2026-09-18T03:07:04.8610575Z Ubuntu
2026-09-18T03:07:04.8611445Z 24.04.5
2026-09-18T03:07:04.8612865Z LTS
2026-09-18T03:07:04.8613811Z ##[endgroup]
2026-09-18T03:07:04.8614761Z ##[group]Runner Image
2026-09-18T03:07:04.8616120Z Image: ubuntu-24.04
2026-09-18T03:07:04.8617099Z Version: 20260907.300.1
2026-09-18T03:07:04.8619202Z Included Software: https://github.com/actions/runner-images/blob/ubuntu24/20260907.300/images/ubuntu/Ubuntu2404-Readme.md
2026-09-18T03:07:04.8622509Z Image Release: https://github.com/actions/runner-images/releases/tag/ubuntu24%2F20260907.300
2026-09-18T03:07:04.8624315Z ##[endgroup]
2026-09-18T03:07:04.8626557Z ##[group]GITHUB_TOKEN Permissions
2026-09-18T03:07:04.8629311Z Contents: read
2026-09-18T03:07:04.8630291Z Metadata: read
2026-09-18T03:07:04.8631354Z ##[endgroup]
2026-09-18T03:07:04.8634769Z Secret source: Actions
2026-09-18T03:07:04.8636721Z Cache mode: write
2026-09-18T03:07:04.8637888Z Prepare workflow directory
2026-09-18T03:07:04.9237713Z Prepare all required actions
2026-09-18T03:07:04.9309057Z Getting action download info
2026-09-18T03:07:05.1461451Z Download action repository 'actions/checkout@v4' (SHA:11d5960a326750d5838078e36cf38b85af677262)
2026-09-18T03:07:05.2647916Z Download action repository 'actions/setup-python@v5' (SHA:a26af69be951a213d495a4c3e4e4022e16d87065)
2026-09-18T03:07:05.6309455Z Download action repository 'actions/setup-node@v4' (SHA:49933ea5288caeca8642d1e84afbd3f7d6820020)
2026-09-18T03:07:06.0357404Z Download action repository 'actions/upload-artifact@v4' (SHA:ea165f8d65b6e75b540449e92b4886f43607fa02)
2026-09-18T03:07:07.3233662Z Complete job name: regression (1)
2026-09-18T03:07:07.4121206Z Node 20 is being deprecated. This workflow is running with Node 24 by default. If you need to temporarily use Node 20, you can set the ACTIONS_ALLOW_USE_UNSECURE_NODE_VERSION=true environment variable. For more information see: https://github.blog/changelog/2025-09-19-deprecation-of-node-20-on-github-actions-runners/
2026-09-18T03:07:07.4132773Z ##[group]Run actions/checkout@v4
2026-09-18T03:07:07.4133780Z with:
2026-09-18T03:07:07.4134464Z   ref: f827a3aefd95fd95dedb2bd2ecc93ae01111ea90
2026-09-18T03:07:07.4135437Z   persist-credentials: false
2026-09-18T03:07:07.4136239Z   repository: yuguangzhi3836-glitch/GO
2026-09-18T03:07:07.4145984Z   token: ***
2026-09-18T03:07:07.4146579Z   ssh-strict: true
2026-09-18T03:07:07.4147188Z   ssh-user: git
2026-09-18T03:07:07.4147758Z   clean: true
2026-09-18T03:07:07.4148406Z   sparse-checkout-cone-mode: true
2026-09-18T03:07:07.4149202Z   fetch-depth: 1
2026-09-18T03:07:07.4150178Z   fetch-tags: false
2026-09-18T03:07:07.4151204Z   show-progress: true
2026-09-18T03:07:07.4152394Z   lfs: false
2026-09-18T03:07:07.4153284Z   submodules: false
2026-09-18T03:07:07.4154320Z   set-safe-directory: true
2026-09-18T03:07:07.4155573Z   allow-unsafe-pr-checkout: false
2026-09-18T03:07:07.4157236Z env:
2026-09-18T03:07:07.4158231Z   PYTHONDONTWRITEBYTECODE: 1
2026-09-18T03:07:07.4159424Z ##[endgroup]
2026-09-18T03:07:07.5387793Z Syncing repository: yuguangzhi3836-glitch/GO
2026-09-18T03:07:07.5396127Z ##[group]Getting Git version info
2026-09-18T03:07:07.5398894Z Working directory is '/home/runner/work/GO/GO'
2026-09-18T03:07:07.5403009Z [command]/usr/bin/git version
2026-09-18T03:07:07.5616457Z git version 2.55.0
2026-09-18T03:07:07.5639567Z ##[endgroup]
2026-09-18T03:07:07.5670846Z Temporarily overriding HOME='/home/runner/work/_temp/f34bf141-cd80-4eda-bdf0-d674fb33ed6b' before making global git config changes
2026-09-18T03:07:07.5677270Z Adding repository directory to the temporary git global config as a safe directory
2026-09-18T03:07:07.5695349Z [command]/usr/bin/git config --global --add safe.directory /home/runner/work/GO/GO
2026-09-18T03:07:07.5701048Z Deleting the contents of '/home/runner/work/GO/GO'
2026-09-18T03:07:07.5705359Z ##[group]Initializing the repository
2026-09-18T03:07:07.5709578Z [command]/usr/bin/git init /home/runner/work/GO/GO
2026-09-18T03:07:07.5836247Z hint: Using 'master' as the name for the initial branch. This default branch name
2026-09-18T03:07:07.5839729Z hint: will change to "main" in Git 3.0. To configure the initial branch name
2026-09-18T03:07:07.5846472Z hint: to use in all of your new repositories, which will suppress this warning,
2026-09-18T03:07:07.5849278Z hint: call:
2026-09-18T03:07:07.5850793Z hint:
2026-09-18T03:07:07.5852846Z hint: 	git config --global init.defaultBranch <name>
2026-09-18T03:07:07.5855211Z hint:
2026-09-18T03:07:07.5857080Z hint: Names commonly chosen instead of 'master' are 'main', 'trunk' and
2026-09-18T03:07:07.5860566Z hint: 'development'. The just-created branch can be renamed via this command:
2026-09-18T03:07:07.5863658Z hint:
2026-09-18T03:07:07.5865509Z hint: 	git branch -m <name>
2026-09-18T03:07:07.5867276Z hint:
2026-09-18T03:07:07.5869824Z hint: Disable this message with "git config set advice.defaultBranchName false"
2026-09-18T03:07:07.5873577Z Initialized empty Git repository in /home/runner/work/GO/GO/.git/
2026-09-18T03:07:07.5880090Z [command]/usr/bin/git remote add origin https://github.com/yuguangzhi3836-glitch/GO
2026-09-18T03:07:07.5915225Z ##[endgroup]
2026-09-18T03:07:07.5917580Z ##[group]Disabling automatic garbage collection
2026-09-18T03:07:07.5920201Z [command]/usr/bin/git config --local gc.auto 0
2026-09-18T03:07:07.6045462Z ##[endgroup]
2026-09-18T03:07:07.6059003Z ##[group]Setting up auth
2026-09-18T03:07:07.6081487Z [command]/usr/bin/git config --local --name-only --get-regexp core\.sshCommand
2026-09-18T03:07:07.6092116Z [command]/usr/bin/git submodule foreach --recursive sh -c "git config --local --name-only --get-regexp 'core\.sshCommand' && git config --local --unset-all 'core.sshCommand' || :"
2026-09-18T03:07:07.6555266Z [command]/usr/bin/git config --local --name-only --get-regexp http\.https\:\/\/github\.com\/\.extraheader
2026-09-18T03:07:07.6625299Z [command]/usr/bin/git submodule foreach --recursive sh -c "git config --local --name-only --get-regexp 'http\.https\:\/\/github\.com\/\.extraheader' && git config --local --unset-all 'http.https://github.com/.extraheader' || :"
2026-09-18T03:07:07.6928980Z [command]/usr/bin/git config --local --name-only --get-regexp ^includeIf\.gitdir:
2026-09-18T03:07:07.6970990Z [command]/usr/bin/git submodule foreach --recursive git config --local --show-origin --name-only --get-regexp remote.origin.url
2026-09-18T03:07:07.7261522Z [command]/usr/bin/git config --local http.https://github.com/.extraheader AUTHORIZATION: basic ***
2026-09-18T03:07:07.7296456Z ##[endgroup]
2026-09-18T03:07:07.7298034Z ##[group]Fetching the repository
2026-09-18T03:07:07.7315739Z [command]/usr/bin/git -c protocol.version=2 fetch --no-tags --prune --no-recurse-submodules --depth=1 origin f827a3aefd95fd95dedb2bd2ecc93ae01111ea90
2026-09-18T03:07:17.6743109Z From https://github.com/yuguangzhi3836-glitch/GO
2026-09-18T03:07:17.6746571Z  * branch            f827a3aefd95fd95dedb2bd2ecc93ae01111ea90 -> FETCH_HEAD
2026-09-18T03:07:17.6771130Z ##[endgroup]
2026-09-18T03:07:17.6772483Z ##[group]Determining the checkout info
2026-09-18T03:07:17.6773535Z ##[endgroup]
2026-09-18T03:07:17.6774465Z [command]/usr/bin/git sparse-checkout disable
2026-09-18T03:07:17.6872793Z [command]/usr/bin/git config --local --unset-all extensions.worktreeConfig
2026-09-18T03:07:17.7112883Z ##[group]Checking out the ref
2026-09-18T03:07:17.7152943Z [command]/usr/bin/git checkout --progress --force f827a3aefd95fd95dedb2bd2ecc93ae01111ea90
2026-09-18T03:07:18.9051117Z Updating files:  29% (1758/5882)
2026-09-18T03:07:19.3429055Z Updating files:  30% (1765/5882)
2026-09-18T03:07:19.3456774Z Updating files:  31% (1824/5882)
2026-09-18T03:07:19.3484803Z Updating files:  32% (1883/5882)
2026-09-18T03:07:19.3587719Z Updating files:  33% (1942/5882)
2026-09-18T03:07:19.3640467Z Updating files:  34% (2000/5882)
2026-09-18T03:07:19.3713203Z Updating files:  35% (2059/5882)
2026-09-18T03:07:19.3742454Z Updating files:  36% (2118/5882)
2026-09-18T03:07:19.3770606Z Updating files:  37% (2177/5882)
2026-09-18T03:07:19.3798943Z Updating files:  38% (2236/5882)
2026-09-18T03:07:19.3831518Z Updating files:  39% (2294/5882)
2026-09-18T03:07:19.3866371Z Updating files:  40% (2353/5882)
2026-09-18T03:07:19.3896814Z Updating files:  41% (2412/5882)
2026-09-18T03:07:19.3925162Z Updating files:  42% (2471/5882)
2026-09-18T03:07:19.3969811Z Updating files:  43% (2530/5882)
2026-09-18T03:07:19.4014259Z Updating files:  44% (2589/5882)
2026-09-18T03:07:19.4054274Z Updating files:  45% (2647/5882)
2026-09-18T03:07:19.4096813Z Updating files:  46% (2706/5882)
2026-09-18T03:07:19.4142335Z Updating files:  47% (2765/5882)
2026-09-18T03:07:19.4175722Z Updating files:  48% (2824/5882)
2026-09-18T03:07:19.4213479Z Updating files:  49% (2883/5882)
2026-09-18T03:07:19.4248572Z Updating files:  50% (2941/5882)
2026-09-18T03:07:19.4284112Z Updating files:  51% (3000/5882)
2026-09-18T03:07:19.4317708Z Updating files:  52% (3059/5882)
2026-09-18T03:07:19.5188343Z Updating files:  53% (3118/5882)
2026-09-18T03:07:19.5220245Z Updating files:  54% (3177/5882)
2026-09-18T03:07:19.5296268Z Updating files:  55% (3236/5882)
2026-09-18T03:07:19.5576241Z Updating files:  56% (3294/5882)
2026-09-18T03:07:19.5982278Z Updating files:  57% (3353/5882)
2026-09-18T03:07:19.6375579Z Updating files:  58% (3412/5882)
2026-09-18T03:07:19.6415660Z Updating files:  59% (3471/5882)
2026-09-18T03:07:19.6446555Z Updating files:  60% (3530/5882)
2026-09-18T03:07:19.6474651Z Updating files:  61% (3589/5882)
2026-09-18T03:07:19.6513334Z Updating files:  62% (3647/5882)
2026-09-18T03:07:19.6575754Z Updating files:  63% (3706/5882)
2026-09-18T03:07:19.6603177Z Updating files:  64% (3765/5882)
2026-09-18T03:07:19.6634037Z Updating files:  65% (3824/5882)
2026-09-18T03:07:19.6674696Z Updating files:  66% (3883/5882)
2026-09-18T03:07:19.6719125Z Updating files:  67% (3941/5882)
2026-09-18T03:07:19.6758698Z Updating files:  68% (4000/5882)
2026-09-18T03:07:19.6796281Z Updating files:  69% (4059/5882)
2026-09-18T03:07:19.6830226Z Updating files:  70% (4118/5882)
2026-09-18T03:07:19.6899800Z Updating files:  71% (4177/5882)
2026-09-18T03:07:19.7076782Z Updating files:  72% (4236/5882)
2026-09-18T03:07:19.7772934Z Updating files:  73% (4294/5882)
2026-09-18T03:07:19.7775627Z Updating files:  73% (4350/5882)
2026-09-18T03:07:19.9102483Z Updating files:  74% (4353/5882)
2026-09-18T03:07:19.9173284Z Updating files:  75% (4412/5882)
2026-09-18T03:07:19.9296520Z Updating files:  76% (4471/5882)
2026-09-18T03:07:19.9353753Z Updating files:  77% (4530/5882)
2026-09-18T03:07:19.9379934Z Updating files:  78% (4588/5882)
2026-09-18T03:07:19.9404083Z Updating files:  79% (4647/5882)
2026-09-18T03:07:19.9425875Z Updating files:  80% (4706/5882)
2026-09-18T03:07:19.9446008Z Updating files:  81% (4765/5882)
2026-09-18T03:07:19.9470866Z Updating files:  82% (4824/5882)
2026-09-18T03:07:19.9511498Z Updating files:  83% (4883/5882)
2026-09-18T03:07:19.9536201Z Updating files:  84% (4941/5882)
2026-09-18T03:07:19.9606562Z Updating files:  85% (5000/5882)
2026-09-18T03:07:19.9676905Z Updating files:  86% (5059/5882)
2026-09-18T03:07:19.9677835Z Updating files:  87% (5118/5882)
2026-09-18T03:07:19.9752398Z Updating files:  88% (5177/5882)
2026-09-18T03:07:19.9782431Z Updating files:  89% (5235/5882)
2026-09-18T03:07:19.9832570Z Updating files:  90% (5294/5882)
2026-09-18T03:07:19.9850016Z Updating files:  91% (5353/5882)
2026-09-18T03:07:19.9932453Z Updating files:  92% (5412/5882)
2026-09-18T03:07:19.9952315Z Updating files:  93% (5471/5882)
2026-09-18T03:07:19.9972591Z Updating files:  94% (5530/5882)
2026-09-18T03:07:20.0005509Z Updating files:  95% (5588/5882)
2026-09-18T03:07:20.0050477Z Updating files:  96% (5647/5882)
2026-09-18T03:07:20.0085557Z Updating files:  97% (5706/5882)
2026-09-18T03:07:20.0122470Z Updating files:  98% (5765/5882)
2026-09-18T03:07:20.0153505Z Updating files:  99% (5824/5882)
2026-09-18T03:07:20.0154925Z Updating files: 100% (5882/5882)
2026-09-18T03:07:20.0155721Z Updating files: 100% (5882/5882), done.
2026-09-18T03:07:21.3474178Z Note: switching to 'f827a3aefd95fd95dedb2bd2ecc93ae01111ea90'.
2026-09-18T03:07:21.3474878Z 
2026-09-18T03:07:21.3475231Z You are in 'detached HEAD' state. You can look around, make experimental
2026-09-18T03:07:21.3476080Z changes and commit them, and you can discard any commits you make in this
2026-09-18T03:07:21.3476902Z state without impacting any branches by switching back to a branch.
2026-09-18T03:07:21.3477385Z 
2026-09-18T03:07:21.3477764Z If you want to create a new branch to retain commits you create, you may
2026-09-18T03:07:21.3478474Z do so (now or later) by using -c with the switch command. Example:
2026-09-18T03:07:21.3478774Z 
2026-09-18T03:07:21.3478887Z   git switch -c <new-branch-name>
2026-09-18T03:07:21.3479068Z 
2026-09-18T03:07:21.3479192Z Or undo this operation with:
2026-09-18T03:07:21.3479357Z 
2026-09-18T03:07:21.3479445Z   git switch -
2026-09-18T03:07:21.3479575Z 
2026-09-18T03:07:21.3479794Z Turn off this advice by setting config variable advice.detachedHead to false
2026-09-18T03:07:21.3480103Z 
2026-09-18T03:07:21.3480335Z HEAD is now at f827a3a fix(catalog): bind gallery harvest to measured HK CDN bytes
2026-09-18T03:07:21.5593290Z ##[endgroup]
2026-09-18T03:07:21.5993137Z [command]/usr/bin/git log -1 --format=%H
2026-09-18T03:07:21.6033623Z f827a3aefd95fd95dedb2bd2ecc93ae01111ea90
2026-09-18T03:07:21.6037315Z ##[group]Removing auth
2026-09-18T03:07:21.6052005Z [command]/usr/bin/git config --local --name-only --get-regexp core\.sshCommand
2026-09-18T03:07:21.6080081Z [command]/usr/bin/git submodule foreach --recursive sh -c "git config --local --name-only --get-regexp 'core\.sshCommand' && git config --local --unset-all 'core.sshCommand' || :"
2026-09-18T03:07:21.6334800Z [command]/usr/bin/git config --local --name-only --get-regexp http\.https\:\/\/github\.com\/\.extraheader
2026-09-18T03:07:21.6594134Z http.https://github.com/.extraheader
2026-09-18T03:07:21.6615360Z [command]/usr/bin/git config --local --unset-all http.https://github.com/.extraheader
2026-09-18T03:07:21.6653982Z [command]/usr/bin/git submodule foreach --recursive sh -c "git config --local --name-only --get-regexp 'http\.https\:\/\/github\.com\/\.extraheader' && git config --local --unset-all 'http.https://github.com/.extraheader' || :"
2026-09-18T03:07:21.6911321Z [command]/usr/bin/git config --local --name-only --get-regexp ^includeIf\.gitdir:
2026-09-18T03:07:21.6973025Z [command]/usr/bin/git submodule foreach --recursive git config --local --show-origin --name-only --get-regexp remote.origin.url
2026-09-18T03:07:21.7232759Z ##[endgroup]
2026-09-18T03:07:21.7489836Z Node 20 is being deprecated. This workflow is running with Node 24 by default. If you need to temporarily use Node 20, you can set the ACTIONS_ALLOW_USE_UNSECURE_NODE_VERSION=true environment variable. For more information see: https://github.blog/changelog/2025-09-19-deprecation-of-node-20-on-github-actions-runners/
2026-09-18T03:07:21.7491461Z ##[group]Run actions/setup-python@v5
2026-09-18T03:07:21.7491943Z with:
2026-09-18T03:07:21.7492162Z   python-version: 3.13.5
2026-09-18T03:07:21.7492409Z   check-latest: false
2026-09-18T03:07:21.7495090Z   token: ***
2026-09-18T03:07:21.7495316Z   update-environment: true
2026-09-18T03:07:21.7495581Z   allow-prereleases: false
2026-09-18T03:07:21.7495826Z   freethreaded: false
2026-09-18T03:07:21.7496040Z env:
2026-09-18T03:07:21.7496250Z   PYTHONDONTWRITEBYTECODE: 1
2026-09-18T03:07:21.7496496Z ##[endgroup]
2026-09-18T03:07:21.8927923Z ##[group]Installed versions
2026-09-18T03:07:21.8954969Z Version 3.13.5 was not found in the local cache
2026-09-18T03:07:21.9064954Z (node:2106) [DEP0040] DeprecationWarning: The `punycode` module is deprecated. Please use a userland alternative instead.
2026-09-18T03:07:21.9066760Z (Use `node --trace-deprecation ...` to show where the warning was created)
2026-09-18T03:07:22.4224318Z Version 3.13.5 is available for downloading
2026-09-18T03:07:22.4225004Z Download from "https://github.com/actions/python-versions/releases/download/3.13.5-15601068749/python-3.13.5-linux-24.04-x64.tar.gz"
2026-09-18T03:07:23.6673428Z Extract downloaded archive
2026-09-18T03:07:23.6842301Z [command]/usr/bin/tar xz --warning=no-unknown-keyword --overwrite -C /home/runner/work/_temp/1ed4364a-c7a8-41f1-bfa3-dc101d38228a -f /home/runner/work/_temp/2d5ee557-cd51-41e0-bee0-7fdac7f94311
2026-09-18T03:07:26.1543495Z Execute installation script
2026-09-18T03:07:26.1703348Z Check if Python hostedtoolcache folder exist...
2026-09-18T03:07:26.1704325Z Create Python 3.13.5 folder
2026-09-18T03:07:26.1718461Z Copy Python binaries to hostedtoolcache folder
2026-09-18T03:07:26.6788629Z Create additional symlinks (Required for the UsePythonVersion Azure Pipelines task and the setup-python GitHub Action)
2026-09-18T03:07:26.6834174Z Upgrading pip...
2026-09-18T03:07:29.0252399Z Looking in links: /tmp/tmprueh0rjk
2026-09-18T03:07:29.0257881Z Requirement already satisfied: pip in /opt/hostedtoolcache/Python/3.13.5/x64/lib/python3.13/site-packages (25.1.1)
2026-09-18T03:07:30.4918844Z Collecting pip
2026-09-18T03:07:30.5251218Z Downloading pip-26.2.1-py3-none-any.whl.metadata (4.6 kB)
2026-09-18T03:07:30.5341947Z Downloading pip-26.2.1-py3-none-any.whl (1.8 MB)
2026-09-18T03:07:30.5605629Z ━━━━━━━━━━━━━━━━━━━━━━━━━━━━━━━━━━━━━━━━ 1.8/1.8 MB 128.3 MB/s eta 0:00:00
2026-09-18T03:07:30.5608128Z 
2026-09-18T03:07:30.5798962Z Installing collected packages: pip
2026-09-18T03:07:30.5813528Z Attempting uninstall: pip
2026-09-18T03:07:30.5832783Z Found existing installation: pip 25.1.1
2026-09-18T03:07:30.6180614Z Uninstalling pip-25.1.1:
2026-09-18T03:07:30.6236713Z Successfully uninstalled pip-25.1.1
2026-09-18T03:07:31.4969298Z Successfully installed pip-26.2.1
2026-09-18T03:07:31.5461497Z Create complete file
2026-09-18T03:07:31.5505933Z Successfully set up CPython (3.13.5)
2026-09-18T03:07:31.5507645Z ##[endgroup]
2026-09-18T03:07:31.5763350Z Node 20 is being deprecated. This workflow is running with Node 24 by default. If you need to temporarily use Node 20, you can set the ACTIONS_ALLOW_USE_UNSECURE_NODE_VERSION=true environment variable. For more information see: https://github.blog/changelog/2025-09-19-deprecation-of-node-20-on-github-actions-runners/
2026-09-18T03:07:31.5764626Z ##[group]Run actions/setup-node@v4
2026-09-18T03:07:31.5764890Z with:
2026-09-18T03:07:31.5765104Z   node-version: 22.22.0
2026-09-18T03:07:31.5765347Z   always-auth: false
2026-09-18T03:07:31.5765572Z   check-latest: false
2026-09-18T03:07:31.5768251Z   token: ***
2026-09-18T03:07:31.5768477Z env:
2026-09-18T03:07:31.5768689Z   PYTHONDONTWRITEBYTECODE: 1
2026-09-18T03:07:31.5769017Z   pythonLocation: /opt/hostedtoolcache/Python/3.13.5/x64
2026-09-18T03:07:31.5769503Z   PKG_CONFIG_PATH: /opt/hostedtoolcache/Python/3.13.5/x64/lib/pkgconfig
2026-09-18T03:07:31.5769938Z   Python_ROOT_DIR: /opt/hostedtoolcache/Python/3.13.5/x64
2026-09-18T03:07:31.5770340Z   Python2_ROOT_DIR: /opt/hostedtoolcache/Python/3.13.5/x64
2026-09-18T03:07:31.5770726Z   Python3_ROOT_DIR: /opt/hostedtoolcache/Python/3.13.5/x64
2026-09-18T03:07:31.5771105Z   LD_LIBRARY_PATH: /opt/hostedtoolcache/Python/3.13.5/x64/lib
2026-09-18T03:07:31.5771430Z ##[endgroup]
2026-09-18T03:07:31.7207495Z Attempting to download 22.22.0...
2026-09-18T03:07:31.7317870Z (node:2180) [DEP0040] DeprecationWarning: The `punycode` module is deprecated. Please use a userland alternative instead.
2026-09-18T03:07:31.7319579Z (Use `node --trace-deprecation ...` to show where the warning was created)
2026-09-18T03:07:32.1772648Z Acquiring 22.22.0 - x64 from https://github.com/actions/node-versions/releases/download/22.22.0-20981702931/node-22.22.0-linux-x64.tar.gz
2026-09-18T03:07:32.7713966Z Extracting ...
2026-09-18T03:07:32.7865961Z [command]/usr/bin/tar xz --strip 1 --warning=no-unknown-keyword --overwrite -C /home/runner/work/_temp/dc9a7ff3-d426-45a1-ad9e-7667c8dd9102 -f /home/runner/work/_temp/d782930c-4ce3-40f5-8f51-ce04bc5cbfa5
2026-09-18T03:07:34.2427661Z Adding to the cache ...
2026-09-18T03:07:37.4687988Z ##[group]Environment details
2026-09-18T03:07:37.7583109Z node: v22.22.0
2026-09-18T03:07:37.7583851Z npm: 10.9.4
2026-09-18T03:07:37.7584416Z yarn: 1.22.22
2026-09-18T03:07:37.7585301Z ##[endgroup]
2026-09-18T03:07:37.7805175Z ##[group]Run python ci/retention/verify_source.py "$RUNNER_TEMP/evidence/source"
2026-09-18T03:07:37.7805832Z [36;1mpython ci/retention/verify_source.py "$RUNNER_TEMP/evidence/source"[0m
2026-09-18T03:07:37.7806453Z [36;1mpython ci/retention/verify_alignment.py "$RUNNER_TEMP/evidence/source/ALIGNMENT_RESULT.json"[0m
2026-09-18T03:07:37.7848043Z shell: /usr/bin/bash --noprofile --norc -e -o pipefail {0}
2026-09-18T03:07:37.7848406Z env:
2026-09-18T03:07:37.7848642Z   PYTHONDONTWRITEBYTECODE: 1
2026-09-18T03:07:37.7848970Z   pythonLocation: /opt/hostedtoolcache/Python/3.13.5/x64
2026-09-18T03:07:37.7849403Z   PKG_CONFIG_PATH: /opt/hostedtoolcache/Python/3.13.5/x64/lib/pkgconfig
2026-09-18T03:07:37.7849839Z   Python_ROOT_DIR: /opt/hostedtoolcache/Python/3.13.5/x64
2026-09-18T03:07:37.7850232Z   Python2_ROOT_DIR: /opt/hostedtoolcache/Python/3.13.5/x64
2026-09-18T03:07:37.7850645Z   Python3_ROOT_DIR: /opt/hostedtoolcache/Python/3.13.5/x64
2026-09-18T03:07:37.7851074Z   LD_LIBRARY_PATH: /opt/hostedtoolcache/Python/3.13.5/x64/lib
2026-09-18T03:07:37.7851409Z ##[endgroup]
2026-09-18T03:07:37.9643824Z Traceback (most recent call last):
2026-09-18T03:07:37.9793087Z   File "/home/runner/work/GO/GO/ci/retention/verify_source.py", line 67, in <module>
2026-09-18T03:07:37.9796109Z     main()
2026-09-18T03:07:37.9796717Z     ~~~~^^
2026-09-18T03:07:37.9797694Z   File "/home/runner/work/GO/GO/ci/retention/verify_source.py", line 28, in main
2026-09-18T03:07:37.9799189Z     assert actual == expected, {'missing': sorted(expected-actual), 'unexpected': sorted(actual-expected)}
2026-09-18T03:07:37.9800255Z            ^^^^^^^^^^^^^^^^^^
2026-09-18T03:07:37.9806601Z AssertionError: {'missing': [], 'unexpected': ['scripts/test_catalog_graph_visibility.py', 'scripts/test_catalog_scope.py', 'scripts/test_catalog_scope_postgres.py', 'scripts/test_hotel_search_event_loop.py', 'src/go_hotel/connectors/supplier_runtime_controls.py', 'src/go_hotel/services/catalog_scope.py', 'tests/test_supplier_preflight_runtime.py', 'tests/test_supplier_runtime_controls.py', 'tests_frontend/fixtures/aoluguya_hyatt_gallery_harvest_plan.json', 'tests_frontend/fixtures/aoluguya_hyatt_gallery_harvest_plan_legacy_jpeg.json', 'tests_frontend/fixtures/aoluguya_normalized_ingest_plan.json', 'tests_frontend/hotel_catalog_contacts.test.mjs', 'tests_frontend/hotel_catalog_hyatt_gallery.test.mjs', 'tests_frontend/hotel_catalog_reviewed_import.test.mjs']}
2026-09-18T03:07:37.9879630Z ##[error]Process completed with exit code 1.
2026-09-18T03:07:37.9970120Z ##[group]Run export GO_NATIVE_NODE="$(command -v node)"
2026-09-18T03:07:37.9970572Z [36;1mexport GO_NATIVE_NODE="$(command -v node)"[0m
2026-09-18T03:07:37.9971053Z [36;1mpython ci/retention/run_suite.py --shard 1 --evidence "$RUNNER_TEMP/evidence/tests"[0m
2026-09-18T03:07:38.0008755Z shell: /usr/bin/bash --noprofile --norc -e -o pipefail {0}
2026-09-18T03:07:38.0009106Z env:
2026-09-18T03:07:38.0009320Z   PYTHONDONTWRITEBYTECODE: 1
2026-09-18T03:07:38.0009639Z   pythonLocation: /opt/hostedtoolcache/Python/3.13.5/x64
2026-09-18T03:07:38.0010078Z   PKG_CONFIG_PATH: /opt/hostedtoolcache/Python/3.13.5/x64/lib/pkgconfig
2026-09-18T03:07:38.0010509Z   Python_ROOT_DIR: /opt/hostedtoolcache/Python/3.13.5/x64
2026-09-18T03:07:38.0010888Z   Python2_ROOT_DIR: /opt/hostedtoolcache/Python/3.13.5/x64
2026-09-18T03:07:38.0011268Z   Python3_ROOT_DIR: /opt/hostedtoolcache/Python/3.13.5/x64
2026-09-18T03:07:38.0011653Z   LD_LIBRARY_PATH: /opt/hostedtoolcache/Python/3.13.5/x64/lib
2026-09-18T03:07:38.0012471Z ##[endgroup]
2026-09-18T03:07:38.3416986Z /opt/hostedtoolcache/Python/3.13.5/x64/bin/python: No module named pytest
2026-09-18T03:07:38.3417798Z 
2026-09-18T03:07:38.3418681Z {"exit_code": 1, "selected_files": 72, "shard": 1, "real_providers": "NOT_RUN", "hong_kong": "NOT_ACCESSED"}
2026-09-18T03:07:38.3499575Z ##[error]Process completed with exit code 1.
2026-09-18T03:07:38.3550400Z Node 20 is being deprecated. This workflow is running with Node 24 by default. If you need to temporarily use Node 20, you can set the ACTIONS_ALLOW_USE_UNSECURE_NODE_VERSION=true environment variable. For more information see: https://github.blog/changelog/2025-09-19-deprecation-of-node-20-on-github-actions-runners/
2026-09-18T03:07:38.3551986Z ##[group]Run actions/upload-artifact@v4
2026-09-18T03:07:38.3552302Z with:
2026-09-18T03:07:38.3552660Z   name: canonical-retention-shard-1-f827a3aefd95fd95dedb2bd2ecc93ae01111ea90
2026-09-18T03:07:38.3553116Z   path: /home/runner/work/_temp/evidence
2026-09-18T03:07:38.3553420Z   if-no-files-found: error
2026-09-18T03:07:38.3553665Z   compression-level: 6
2026-09-18T03:07:38.3553899Z   overwrite: false
2026-09-18T03:07:38.3554130Z   include-hidden-files: false
2026-09-18T03:07:38.3554371Z env:
2026-09-18T03:07:38.3554575Z   PYTHONDONTWRITEBYTECODE: 1
2026-09-18T03:07:38.3554885Z   pythonLocation: /opt/hostedtoolcache/Python/3.13.5/x64
2026-09-18T03:07:38.3555340Z   PKG_CONFIG_PATH: /opt/hostedtoolcache/Python/3.13.5/x64/lib/pkgconfig
2026-09-18T03:07:38.3555767Z   Python_ROOT_DIR: /opt/hostedtoolcache/Python/3.13.5/x64
2026-09-18T03:07:38.3556149Z   Python2_ROOT_DIR: /opt/hostedtoolcache/Python/3.13.5/x64
2026-09-18T03:07:38.3556526Z   Python3_ROOT_DIR: /opt/hostedtoolcache/Python/3.13.5/x64
2026-09-18T03:07:38.3556905Z   LD_LIBRARY_PATH: /opt/hostedtoolcache/Python/3.13.5/x64/lib
2026-09-18T03:07:38.3557228Z ##[endgroup]
2026-09-18T03:07:38.5602120Z (node:2222) [DEP0040] DeprecationWarning: The `punycode` module is deprecated. Please use a userland alternative instead.
2026-09-18T03:07:38.5605342Z (Use `node --trace-deprecation ...` to show where the warning was created)
2026-09-18T03:07:38.5900309Z With the provided path, there will be 3 files uploaded
2026-09-18T03:07:38.5982557Z Artifact name is valid!
2026-09-18T03:07:38.5983467Z Root directory input is valid!
2026-09-18T03:07:38.7927958Z Beginning upload of artifact content to blob storage
2026-09-18T03:07:38.8193891Z (node:2222) [DEP0169] DeprecationWarning: `url.parse()` behavior is not standardized and prone to errors that have security implications. Use the WHATWG URL API instead. CVEs are not issued for `url.parse()` vulnerabilities.
2026-09-18T03:07:38.8510166Z Uploaded bytes 4016
2026-09-18T03:07:38.8679743Z Finished uploading artifact content to blob storage!
2026-09-18T03:07:38.8681455Z SHA256 digest of uploaded artifact zip is f0c9edddd3e2967c91d992bead13979c8777f0f3d4ee75365d64d56fdca279ec
2026-09-18T03:07:38.8683271Z Finalizing artifact upload
2026-09-18T03:07:39.0833586Z Artifact canonical-retention-shard-1-f827a3aefd95fd95dedb2bd2ecc93ae01111ea90.zip successfully finalized. Artifact ID 10529389040
2026-09-18T03:07:39.0854377Z Artifact canonical-retention-shard-1-f827a3aefd95fd95dedb2bd2ecc93ae01111ea90 has been successfully uploaded! Final size is 4016 bytes. Artifact ID is 10529389040
2026-09-18T03:07:39.0868718Z Artifact download URL: https://github.com/yuguangzhi3836-glitch/GO/actions/runs/35301976107/artifacts/10529389040
2026-09-18T03:07:39.1083377Z Node 20 is being deprecated. This workflow is running with Node 24 by default. If you need to temporarily use Node 20, you can set the ACTIONS_ALLOW_USE_UNSECURE_NODE_VERSION=true environment variable. For more information see: https://github.blog/changelog/2025-09-19-deprecation-of-node-20-on-github-actions-runners/
2026-09-18T03:07:39.1084650Z Post job cleanup.
2026-09-18T03:07:39.2484671Z [command]/usr/bin/git version
2026-09-18T03:07:39.2567928Z git version 2.55.0
2026-09-18T03:07:39.2627362Z Temporarily overriding HOME='/home/runner/work/_temp/cbd20a85-ab74-4e93-afa4-1ec33e10522b' before making global git config changes
2026-09-18T03:07:39.2658190Z Adding repository directory to the temporary git global config as a safe directory
2026-09-18T03:07:39.2673023Z [command]/usr/bin/git config --global --add safe.directory /home/runner/work/GO/GO
2026-09-18T03:07:39.2729096Z [command]/usr/bin/git config --local --name-only --get-regexp core\.sshCommand
2026-09-18T03:07:39.2793702Z [command]/usr/bin/git submodule foreach --recursive sh -c "git config --local --name-only --get-regexp 'core\.sshCommand' && git config --local --unset-all 'core.sshCommand' || :"
2026-09-18T03:07:39.3253224Z [command]/usr/bin/git config --local --name-only --get-regexp http\.https\:\/\/github\.com\/\.extraheader
2026-09-18T03:07:39.3344116Z [command]/usr/bin/git submodule foreach --recursive sh -c "git config --local --name-only --get-regexp 'http\.https\:\/\/github\.com\/\.extraheader' && git config --local --unset-all 'http.https://github.com/.extraheader' || :"
2026-09-18T03:07:39.3824587Z [command]/usr/bin/git config --local --name-only --get-regexp ^includeIf\.gitdir:
2026-09-18T03:07:39.3890253Z [command]/usr/bin/git submodule foreach --recursive git config --local --show-origin --name-only --get-regexp remote.origin.url
2026-09-18T03:07:39.4829777Z Cleaning up orphan processes
2026-09-18T03:07:39.5103230Z ##[warning]Node.js 20 is deprecated. The following actions target Node.js 20 but are being forced to run on Node.js 24: actions/checkout@v4, actions/setup-node@v4, actions/setup-python@v5, actions/upload-artifact@v4. For more information see: https://github.blog/changelog/2025-09-19-deprecation-of-node-20-on-github-actions-runners/

