2026-09-18T03:07:05.8933732Z Current runner version: '2.337.0'
2026-09-18T03:07:05.8973284Z ##[group]Runner Image Provisioner
2026-09-18T03:07:05.8974876Z Hosted Compute Agent
2026-09-18T03:07:05.8976009Z Version: 20260828.587
2026-09-18T03:07:05.8977395Z Commit: abac92662cab4cc7352de4f9f9d2e2419aad9c29
2026-09-18T03:07:05.8978770Z Build Date: 2026-08-28T16:44:25Z
2026-09-18T03:07:05.8980098Z Worker ID: {ca2ab769-b605-42ff-8089-52d8a72c76cf}
2026-09-18T03:07:05.8981666Z Azure Region: canadaeast
2026-09-18T03:07:05.8983146Z ##[endgroup]
2026-09-18T03:07:05.8985684Z ##[group]Operating System
2026-09-18T03:07:05.8986878Z Ubuntu
2026-09-18T03:07:05.8987845Z 24.04.5
2026-09-18T03:07:05.8988914Z LTS
2026-09-18T03:07:05.8989827Z ##[endgroup]
2026-09-18T03:07:05.8991058Z ##[group]Runner Image
2026-09-18T03:07:05.8992574Z Image: ubuntu-24.04
2026-09-18T03:07:05.8993702Z Version: 20260907.300.1
2026-09-18T03:07:05.8996121Z Included Software: https://github.com/actions/runner-images/blob/ubuntu24/20260907.300/images/ubuntu/Ubuntu2404-Readme.md
2026-09-18T03:07:05.8998259Z Image Release: https://github.com/actions/runner-images/releases/tag/ubuntu24%2F20260907.300
2026-09-18T03:07:05.8999336Z ##[endgroup]
2026-09-18T03:07:05.9000559Z ##[group]GITHUB_TOKEN Permissions
2026-09-18T03:07:05.9003113Z Contents: read
2026-09-18T03:07:05.9003806Z Metadata: read
2026-09-18T03:07:05.9004518Z ##[endgroup]
2026-09-18T03:07:05.9006636Z Secret source: Actions
2026-09-18T03:07:05.9007707Z Cache mode: write
2026-09-18T03:07:05.9008673Z Prepare workflow directory
2026-09-18T03:07:05.9540312Z Prepare all required actions
2026-09-18T03:07:05.9611158Z Getting action download info
2026-09-18T03:07:06.2424771Z Download action repository 'actions/checkout@v4' (SHA:11d5960a326750d5838078e36cf38b85af677262)
2026-09-18T03:07:06.6869072Z Download action repository 'actions/setup-python@v5' (SHA:a26af69be951a213d495a4c3e4e4022e16d87065)
2026-09-18T03:07:06.8133105Z Download action repository 'actions/setup-node@v4' (SHA:49933ea5288caeca8642d1e84afbd3f7d6820020)
2026-09-18T03:07:06.9508603Z Download action repository 'actions/upload-artifact@v4' (SHA:ea165f8d65b6e75b540449e92b4886f43607fa02)
2026-09-18T03:07:07.2339657Z Complete job name: regression (0)
2026-09-18T03:07:07.3250753Z Node 20 is being deprecated. This workflow is running with Node 24 by default. If you need to temporarily use Node 20, you can set the ACTIONS_ALLOW_USE_UNSECURE_NODE_VERSION=true environment variable. For more information see: https://github.blog/changelog/2025-09-19-deprecation-of-node-20-on-github-actions-runners/
2026-09-18T03:07:07.3260105Z ##[group]Run actions/checkout@v4
2026-09-18T03:07:07.3260895Z with:
2026-09-18T03:07:07.3261429Z   ref: f827a3aefd95fd95dedb2bd2ecc93ae01111ea90
2026-09-18T03:07:07.3262451Z   persist-credentials: false
2026-09-18T03:07:07.3263163Z   repository: yuguangzhi3836-glitch/GO
2026-09-18T03:07:07.3267173Z   token: ***
2026-09-18T03:07:07.3267648Z   ssh-strict: true
2026-09-18T03:07:07.3268131Z   ssh-user: git
2026-09-18T03:07:07.3268591Z   clean: true
2026-09-18T03:07:07.3269121Z   sparse-checkout-cone-mode: true
2026-09-18T03:07:07.3269683Z   fetch-depth: 1
2026-09-18T03:07:07.3270151Z   fetch-tags: false
2026-09-18T03:07:07.3270699Z   show-progress: true
2026-09-18T03:07:07.3271192Z   lfs: false
2026-09-18T03:07:07.3271644Z   submodules: false
2026-09-18T03:07:07.3272297Z   set-safe-directory: true
2026-09-18T03:07:07.3272853Z   allow-unsafe-pr-checkout: false
2026-09-18T03:07:07.3273732Z env:
2026-09-18T03:07:07.3274226Z   PYTHONDONTWRITEBYTECODE: 1
2026-09-18T03:07:07.3274773Z ##[endgroup]
2026-09-18T03:07:07.4663640Z Syncing repository: yuguangzhi3836-glitch/GO
2026-09-18T03:07:07.4728205Z ##[group]Getting Git version info
2026-09-18T03:07:07.4730038Z Working directory is '/home/runner/work/GO/GO'
2026-09-18T03:07:07.4733593Z [command]/usr/bin/git version
2026-09-18T03:07:07.5905798Z git version 2.55.0
2026-09-18T03:07:07.5915235Z ##[endgroup]
2026-09-18T03:07:07.5921884Z Temporarily overriding HOME='/home/runner/work/_temp/bdcb876e-31f3-4093-b1ae-fd7c53224edc' before making global git config changes
2026-09-18T03:07:07.5925051Z Adding repository directory to the temporary git global config as a safe directory
2026-09-18T03:07:07.5926741Z [command]/usr/bin/git config --global --add safe.directory /home/runner/work/GO/GO
2026-09-18T03:07:07.6134292Z Deleting the contents of '/home/runner/work/GO/GO'
2026-09-18T03:07:07.6139029Z ##[group]Initializing the repository
2026-09-18T03:07:07.6144293Z [command]/usr/bin/git init /home/runner/work/GO/GO
2026-09-18T03:07:07.6758576Z hint: Using 'master' as the name for the initial branch. This default branch name
2026-09-18T03:07:07.6760792Z hint: will change to "main" in Git 3.0. To configure the initial branch name
2026-09-18T03:07:07.6765364Z hint: to use in all of your new repositories, which will suppress this warning,
2026-09-18T03:07:07.6766752Z hint: call:
2026-09-18T03:07:07.6768845Z hint:
2026-09-18T03:07:07.6771567Z hint: 	git config --global init.defaultBranch <name>
2026-09-18T03:07:07.6773354Z hint:
2026-09-18T03:07:07.6774822Z hint: Names commonly chosen instead of 'master' are 'main', 'trunk' and
2026-09-18T03:07:07.6776730Z hint: 'development'. The just-created branch can be renamed via this command:
2026-09-18T03:07:07.6778470Z hint:
2026-09-18T03:07:07.6779649Z hint: 	git branch -m <name>
2026-09-18T03:07:07.6780832Z hint:
2026-09-18T03:07:07.6782764Z hint: Disable this message with "git config set advice.defaultBranchName false"
2026-09-18T03:07:07.6785021Z Initialized empty Git repository in /home/runner/work/GO/GO/.git/
2026-09-18T03:07:07.6788362Z [command]/usr/bin/git remote add origin https://github.com/yuguangzhi3836-glitch/GO
2026-09-18T03:07:07.7017007Z ##[endgroup]
2026-09-18T03:07:07.7018654Z ##[group]Disabling automatic garbage collection
2026-09-18T03:07:07.7021999Z [command]/usr/bin/git config --local gc.auto 0
2026-09-18T03:07:07.7162468Z ##[endgroup]
2026-09-18T03:07:07.7166280Z ##[group]Setting up auth
2026-09-18T03:07:07.7168004Z [command]/usr/bin/git config --local --name-only --get-regexp core\.sshCommand
2026-09-18T03:07:07.7180258Z [command]/usr/bin/git submodule foreach --recursive sh -c "git config --local --name-only --get-regexp 'core\.sshCommand' && git config --local --unset-all 'core.sshCommand' || :"
2026-09-18T03:07:07.8950087Z [command]/usr/bin/git config --local --name-only --get-regexp http\.https\:\/\/github\.com\/\.extraheader
2026-09-18T03:07:07.8989028Z [command]/usr/bin/git submodule foreach --recursive sh -c "git config --local --name-only --get-regexp 'http\.https\:\/\/github\.com\/\.extraheader' && git config --local --unset-all 'http.https://github.com/.extraheader' || :"
2026-09-18T03:07:08.0017718Z [command]/usr/bin/git config --local --name-only --get-regexp ^includeIf\.gitdir:
2026-09-18T03:07:08.0020778Z [command]/usr/bin/git submodule foreach --recursive git config --local --show-origin --name-only --get-regexp remote.origin.url
2026-09-18T03:07:08.0024215Z [command]/usr/bin/git config --local http.https://github.com/.extraheader AUTHORIZATION: basic ***
2026-09-18T03:07:08.0027168Z ##[endgroup]
2026-09-18T03:07:08.0028344Z ##[group]Fetching the repository
2026-09-18T03:07:08.0029866Z [command]/usr/bin/git -c protocol.version=2 fetch --no-tags --prune --no-recurse-submodules --depth=1 origin f827a3aefd95fd95dedb2bd2ecc93ae01111ea90
2026-09-18T03:07:18.9064473Z From https://github.com/yuguangzhi3836-glitch/GO
2026-09-18T03:07:18.9065529Z  * branch            f827a3aefd95fd95dedb2bd2ecc93ae01111ea90 -> FETCH_HEAD
2026-09-18T03:07:18.9067692Z ##[endgroup]
2026-09-18T03:07:18.9068515Z ##[group]Determining the checkout info
2026-09-18T03:07:18.9069342Z ##[endgroup]
2026-09-18T03:07:18.9071600Z [command]/usr/bin/git sparse-checkout disable
2026-09-18T03:07:18.9340899Z [command]/usr/bin/git config --local --unset-all extensions.worktreeConfig
2026-09-18T03:07:18.9379036Z ##[group]Checking out the ref
2026-09-18T03:07:18.9383558Z [command]/usr/bin/git checkout --progress --force f827a3aefd95fd95dedb2bd2ecc93ae01111ea90
2026-09-18T03:07:20.0856846Z Updating files:  29% (1758/5882)
2026-09-18T03:07:20.5368918Z Updating files:  30% (1765/5882)
2026-09-18T03:07:20.5398044Z Updating files:  31% (1824/5882)
2026-09-18T03:07:20.5430584Z Updating files:  32% (1883/5882)
2026-09-18T03:07:20.5535836Z Updating files:  33% (1942/5882)
2026-09-18T03:07:20.5599038Z Updating files:  34% (2000/5882)
2026-09-18T03:07:20.5686428Z Updating files:  35% (2059/5882)
2026-09-18T03:07:20.5715939Z Updating files:  36% (2118/5882)
2026-09-18T03:07:20.5745767Z Updating files:  37% (2177/5882)
2026-09-18T03:07:20.5774283Z Updating files:  38% (2236/5882)
2026-09-18T03:07:20.5807021Z Updating files:  39% (2294/5882)
2026-09-18T03:07:20.5842731Z Updating files:  40% (2353/5882)
2026-09-18T03:07:20.5873157Z Updating files:  41% (2412/5882)
2026-09-18T03:07:20.5901768Z Updating files:  42% (2471/5882)
2026-09-18T03:07:20.5982827Z Updating files:  43% (2530/5882)
2026-09-18T03:07:20.6052744Z Updating files:  44% (2589/5882)
2026-09-18T03:07:20.6102843Z Updating files:  45% (2647/5882)
2026-09-18T03:07:20.6148416Z Updating files:  46% (2706/5882)
2026-09-18T03:07:20.6196943Z Updating files:  47% (2765/5882)
2026-09-18T03:07:20.6235407Z Updating files:  48% (2824/5882)
2026-09-18T03:07:20.6293139Z Updating files:  49% (2883/5882)
2026-09-18T03:07:20.6394804Z Updating files:  50% (2941/5882)
2026-09-18T03:07:20.6413827Z Updating files:  51% (3000/5882)
2026-09-18T03:07:20.6448902Z Updating files:  52% (3059/5882)
2026-09-18T03:07:20.7366902Z Updating files:  53% (3118/5882)
2026-09-18T03:07:20.7409938Z Updating files:  54% (3177/5882)
2026-09-18T03:07:20.7485656Z Updating files:  55% (3236/5882)
2026-09-18T03:07:20.7729294Z Updating files:  56% (3294/5882)
2026-09-18T03:07:20.8085438Z Updating files:  57% (3353/5882)
2026-09-18T03:07:20.8464795Z Updating files:  58% (3412/5882)
2026-09-18T03:07:20.8503545Z Updating files:  59% (3471/5882)
2026-09-18T03:07:20.8533989Z Updating files:  60% (3530/5882)
2026-09-18T03:07:20.8561057Z Updating files:  61% (3589/5882)
2026-09-18T03:07:20.8600509Z Updating files:  62% (3647/5882)
2026-09-18T03:07:20.8661882Z Updating files:  63% (3706/5882)
2026-09-18T03:07:20.8688672Z Updating files:  64% (3765/5882)
2026-09-18T03:07:20.8719236Z Updating files:  65% (3824/5882)
2026-09-18T03:07:20.8759133Z Updating files:  66% (3883/5882)
2026-09-18T03:07:20.8800350Z Updating files:  67% (3941/5882)
2026-09-18T03:07:20.8837675Z Updating files:  68% (4000/5882)
2026-09-18T03:07:20.8875759Z Updating files:  69% (4059/5882)
2026-09-18T03:07:20.8908854Z Updating files:  70% (4118/5882)
2026-09-18T03:07:20.8978306Z Updating files:  71% (4177/5882)
2026-09-18T03:07:20.9155247Z Updating files:  72% (4236/5882)
2026-09-18T03:07:20.9419250Z Updating files:  73% (4294/5882)
2026-09-18T03:07:20.9478679Z Updating files:  74% (4353/5882)
2026-09-18T03:07:20.9779708Z Updating files:  74% (4370/5882)
2026-09-18T03:07:20.9851422Z Updating files:  75% (4412/5882)
2026-09-18T03:07:20.9919299Z Updating files:  76% (4471/5882)
2026-09-18T03:07:20.9979390Z Updating files:  77% (4530/5882)
2026-09-18T03:07:21.0004789Z Updating files:  78% (4588/5882)
2026-09-18T03:07:21.0031776Z Updating files:  79% (4647/5882)
2026-09-18T03:07:21.0053070Z Updating files:  80% (4706/5882)
2026-09-18T03:07:21.0079637Z Updating files:  81% (4765/5882)
2026-09-18T03:07:21.0104730Z Updating files:  82% (4824/5882)
2026-09-18T03:07:21.0145478Z Updating files:  83% (4883/5882)
2026-09-18T03:07:21.0164892Z Updating files:  84% (4941/5882)
2026-09-18T03:07:21.0207119Z Updating files:  85% (5000/5882)
2026-09-18T03:07:21.0236207Z Updating files:  86% (5059/5882)
2026-09-18T03:07:21.0260630Z Updating files:  87% (5118/5882)
2026-09-18T03:07:21.0295643Z Updating files:  88% (5177/5882)
2026-09-18T03:07:21.0333692Z Updating files:  89% (5235/5882)
2026-09-18T03:07:21.0361334Z Updating files:  90% (5294/5882)
2026-09-18T03:07:21.0387411Z Updating files:  91% (5353/5882)
2026-09-18T03:07:21.0453100Z Updating files:  92% (5412/5882)
2026-09-18T03:07:21.0479741Z Updating files:  93% (5471/5882)
2026-09-18T03:07:21.0505770Z Updating files:  94% (5530/5882)
2026-09-18T03:07:21.0537778Z Updating files:  95% (5588/5882)
2026-09-18T03:07:21.0583936Z Updating files:  96% (5647/5882)
2026-09-18T03:07:21.0619786Z Updating files:  97% (5706/5882)
2026-09-18T03:07:21.0657516Z Updating files:  98% (5765/5882)
2026-09-18T03:07:21.0688907Z Updating files:  99% (5824/5882)
2026-09-18T03:07:21.0690350Z Updating files: 100% (5882/5882)
2026-09-18T03:07:21.0691000Z Updating files: 100% (5882/5882), done.
2026-09-18T03:07:21.2805620Z Note: switching to 'f827a3aefd95fd95dedb2bd2ecc93ae01111ea90'.
2026-09-18T03:07:21.2808857Z 
2026-09-18T03:07:21.2809736Z You are in 'detached HEAD' state. You can look around, make experimental
2026-09-18T03:07:21.2810819Z changes and commit them, and you can discard any commits you make in this
2026-09-18T03:07:21.2811821Z state without impacting any branches by switching back to a branch.
2026-09-18T03:07:21.2812711Z 
2026-09-18T03:07:21.2813213Z If you want to create a new branch to retain commits you create, you may
2026-09-18T03:07:21.2814165Z do so (now or later) by using -c with the switch command. Example:
2026-09-18T03:07:21.2819864Z 
2026-09-18T03:07:21.2820101Z   git switch -c <new-branch-name>
2026-09-18T03:07:21.2820442Z 
2026-09-18T03:07:21.2820662Z Or undo this operation with:
2026-09-18T03:07:21.2820973Z 
2026-09-18T03:07:21.2821146Z   git switch -
2026-09-18T03:07:21.2821371Z 
2026-09-18T03:07:21.2821769Z Turn off this advice by setting config variable advice.detachedHead to false
2026-09-18T03:07:21.2822711Z 
2026-09-18T03:07:21.2823119Z HEAD is now at f827a3a fix(catalog): bind gallery harvest to measured HK CDN bytes
2026-09-18T03:07:21.4348644Z ##[endgroup]
2026-09-18T03:07:21.4743076Z [command]/usr/bin/git log -1 --format=%H
2026-09-18T03:07:21.4770334Z f827a3aefd95fd95dedb2bd2ecc93ae01111ea90
2026-09-18T03:07:21.4791425Z ##[group]Removing auth
2026-09-18T03:07:21.4819273Z [command]/usr/bin/git config --local --name-only --get-regexp core\.sshCommand
2026-09-18T03:07:21.4839449Z [command]/usr/bin/git submodule foreach --recursive sh -c "git config --local --name-only --get-regexp 'core\.sshCommand' && git config --local --unset-all 'core.sshCommand' || :"
2026-09-18T03:07:21.5105419Z [command]/usr/bin/git config --local --name-only --get-regexp http\.https\:\/\/github\.com\/\.extraheader
2026-09-18T03:07:21.6294591Z http.https://github.com/.extraheader
2026-09-18T03:07:21.6332045Z [command]/usr/bin/git config --local --unset-all http.https://github.com/.extraheader
2026-09-18T03:07:21.8392584Z [command]/usr/bin/git submodule foreach --recursive sh -c "git config --local --name-only --get-regexp 'http\.https\:\/\/github\.com\/\.extraheader' && git config --local --unset-all 'http.https://github.com/.extraheader' || :"
2026-09-18T03:07:21.8643809Z [command]/usr/bin/git config --local --name-only --get-regexp ^includeIf\.gitdir:
2026-09-18T03:07:21.8683267Z [command]/usr/bin/git submodule foreach --recursive git config --local --show-origin --name-only --get-regexp remote.origin.url
2026-09-18T03:07:21.9001402Z ##[endgroup]
2026-09-18T03:07:21.9270210Z Node 20 is being deprecated. This workflow is running with Node 24 by default. If you need to temporarily use Node 20, you can set the ACTIONS_ALLOW_USE_UNSECURE_NODE_VERSION=true environment variable. For more information see: https://github.blog/changelog/2025-09-19-deprecation-of-node-20-on-github-actions-runners/
2026-09-18T03:07:21.9271849Z ##[group]Run actions/setup-python@v5
2026-09-18T03:07:21.9272322Z with:
2026-09-18T03:07:21.9272545Z   python-version: 3.13.5
2026-09-18T03:07:21.9272785Z   check-latest: false
2026-09-18T03:07:21.9275343Z   token: ***
2026-09-18T03:07:21.9275572Z   update-environment: true
2026-09-18T03:07:21.9275824Z   allow-prereleases: false
2026-09-18T03:07:21.9276067Z   freethreaded: false
2026-09-18T03:07:21.9276278Z env:
2026-09-18T03:07:21.9276482Z   PYTHONDONTWRITEBYTECODE: 1
2026-09-18T03:07:21.9276724Z ##[endgroup]
2026-09-18T03:07:22.0764497Z ##[group]Installed versions
2026-09-18T03:07:22.4869253Z Version 3.13.5 was not found in the local cache
2026-09-18T03:07:22.5063219Z (node:2113) [DEP0040] DeprecationWarning: The `punycode` module is deprecated. Please use a userland alternative instead.
2026-09-18T03:07:22.5064739Z (Use `node --trace-deprecation ...` to show where the warning was created)
2026-09-18T03:07:23.3797459Z Version 3.13.5 is available for downloading
2026-09-18T03:07:23.3799481Z Download from "https://github.com/actions/python-versions/releases/download/3.13.5-15601068749/python-3.13.5-linux-24.04-x64.tar.gz"
2026-09-18T03:07:24.5177979Z Extract downloaded archive
2026-09-18T03:07:24.5333407Z [command]/usr/bin/tar xz --warning=no-unknown-keyword --overwrite -C /home/runner/work/_temp/f988d698-8df0-499b-b084-8b7d3188bc93 -f /home/runner/work/_temp/c23fda04-3154-4c10-ac3f-abcb7670e4bb
2026-09-18T03:07:26.9971637Z Execute installation script
2026-09-18T03:07:27.0087746Z Check if Python hostedtoolcache folder exist...
2026-09-18T03:07:27.0095272Z Create Python 3.13.5 folder
2026-09-18T03:07:27.0103670Z Copy Python binaries to hostedtoolcache folder
2026-09-18T03:07:27.7911708Z Create additional symlinks (Required for the UsePythonVersion Azure Pipelines task and the setup-python GitHub Action)
2026-09-18T03:07:27.7958312Z Upgrading pip...
2026-09-18T03:07:30.4933942Z Looking in links: /tmp/tmphruf7erx
2026-09-18T03:07:30.4938351Z Requirement already satisfied: pip in /opt/hostedtoolcache/Python/3.13.5/x64/lib/python3.13/site-packages (25.1.1)
2026-09-18T03:07:32.7220892Z Collecting pip
2026-09-18T03:07:32.9586081Z Downloading pip-26.2.1-py3-none-any.whl.metadata (4.6 kB)
2026-09-18T03:07:33.0360920Z Downloading pip-26.2.1-py3-none-any.whl (1.8 MB)
2026-09-18T03:07:33.5974912Z ━━━━━━━━━━━━━━━━━━━━━━━━━━━━━━━━━━━━━━━━ 1.8/1.8 MB 4.5 MB/s eta 0:00:00
2026-09-18T03:07:33.6003070Z 
2026-09-18T03:07:33.7463924Z Installing collected packages: pip
2026-09-18T03:07:33.7482810Z Attempting uninstall: pip
2026-09-18T03:07:33.7502868Z Found existing installation: pip 25.1.1
2026-09-18T03:07:33.7932980Z Uninstalling pip-25.1.1:
2026-09-18T03:07:33.7973416Z Successfully uninstalled pip-25.1.1
2026-09-18T03:07:34.8543522Z Successfully installed pip-26.2.1
2026-09-18T03:07:34.9117632Z Create complete file
2026-09-18T03:07:34.9172910Z Successfully set up CPython (3.13.5)
2026-09-18T03:07:34.9174644Z ##[endgroup]
2026-09-18T03:07:34.9412015Z Node 20 is being deprecated. This workflow is running with Node 24 by default. If you need to temporarily use Node 20, you can set the ACTIONS_ALLOW_USE_UNSECURE_NODE_VERSION=true environment variable. For more information see: https://github.blog/changelog/2025-09-19-deprecation-of-node-20-on-github-actions-runners/
2026-09-18T03:07:34.9413638Z ##[group]Run actions/setup-node@v4
2026-09-18T03:07:34.9413902Z with:
2026-09-18T03:07:34.9414101Z   node-version: 22.22.0
2026-09-18T03:07:34.9414335Z   always-auth: false
2026-09-18T03:07:34.9414561Z   check-latest: false
2026-09-18T03:07:34.9417081Z   token: ***
2026-09-18T03:07:34.9417281Z env:
2026-09-18T03:07:34.9417491Z   PYTHONDONTWRITEBYTECODE: 1
2026-09-18T03:07:34.9417819Z   pythonLocation: /opt/hostedtoolcache/Python/3.13.5/x64
2026-09-18T03:07:34.9418304Z   PKG_CONFIG_PATH: /opt/hostedtoolcache/Python/3.13.5/x64/lib/pkgconfig
2026-09-18T03:07:34.9418737Z   Python_ROOT_DIR: /opt/hostedtoolcache/Python/3.13.5/x64
2026-09-18T03:07:34.9419196Z   Python2_ROOT_DIR: /opt/hostedtoolcache/Python/3.13.5/x64
2026-09-18T03:07:34.9419571Z   Python3_ROOT_DIR: /opt/hostedtoolcache/Python/3.13.5/x64
2026-09-18T03:07:34.9419953Z   LD_LIBRARY_PATH: /opt/hostedtoolcache/Python/3.13.5/x64/lib
2026-09-18T03:07:34.9420275Z ##[endgroup]
2026-09-18T03:07:35.1864832Z Attempting to download 22.22.0...
2026-09-18T03:07:35.1977586Z (node:2190) [DEP0040] DeprecationWarning: The `punycode` module is deprecated. Please use a userland alternative instead.
2026-09-18T03:07:35.1979168Z (Use `node --trace-deprecation ...` to show where the warning was created)
2026-09-18T03:07:35.8635877Z Acquiring 22.22.0 - x64 from https://github.com/actions/node-versions/releases/download/22.22.0-20981702931/node-22.22.0-linux-x64.tar.gz
2026-09-18T03:07:36.4864467Z Extracting ...
2026-09-18T03:07:36.5015429Z [command]/usr/bin/tar xz --strip 1 --warning=no-unknown-keyword --overwrite -C /home/runner/work/_temp/90c43242-656b-4d98-a278-4ff84b55a162 -f /home/runner/work/_temp/19310665-bae5-430f-95b6-2727d86a64bb
2026-09-18T03:07:37.8751000Z Adding to the cache ...
2026-09-18T03:07:40.6133256Z ##[group]Environment details
2026-09-18T03:07:40.9983205Z node: v22.22.0
2026-09-18T03:07:40.9993683Z npm: 10.9.4
2026-09-18T03:07:40.9994288Z yarn: 1.22.22
2026-09-18T03:07:40.9995203Z ##[endgroup]
2026-09-18T03:07:41.0201229Z ##[group]Run python ci/retention/verify_source.py "$RUNNER_TEMP/evidence/source"
2026-09-18T03:07:41.0201892Z [36;1mpython ci/retention/verify_source.py "$RUNNER_TEMP/evidence/source"[0m
2026-09-18T03:07:41.0202958Z [36;1mpython ci/retention/verify_alignment.py "$RUNNER_TEMP/evidence/source/ALIGNMENT_RESULT.json"[0m
2026-09-18T03:07:41.0245617Z shell: /usr/bin/bash --noprofile --norc -e -o pipefail {0}
2026-09-18T03:07:41.0245970Z env:
2026-09-18T03:07:41.0246198Z   PYTHONDONTWRITEBYTECODE: 1
2026-09-18T03:07:41.0246526Z   pythonLocation: /opt/hostedtoolcache/Python/3.13.5/x64
2026-09-18T03:07:41.0246976Z   PKG_CONFIG_PATH: /opt/hostedtoolcache/Python/3.13.5/x64/lib/pkgconfig
2026-09-18T03:07:41.0247420Z   Python_ROOT_DIR: /opt/hostedtoolcache/Python/3.13.5/x64
2026-09-18T03:07:41.0247807Z   Python2_ROOT_DIR: /opt/hostedtoolcache/Python/3.13.5/x64
2026-09-18T03:07:41.0248187Z   Python3_ROOT_DIR: /opt/hostedtoolcache/Python/3.13.5/x64
2026-09-18T03:07:41.0248607Z   LD_LIBRARY_PATH: /opt/hostedtoolcache/Python/3.13.5/x64/lib
2026-09-18T03:07:41.0248932Z ##[endgroup]
2026-09-18T03:07:41.2071996Z Traceback (most recent call last):
2026-09-18T03:07:41.2220622Z   File "/home/runner/work/GO/GO/ci/retention/verify_source.py", line 67, in <module>
2026-09-18T03:07:41.2221520Z     main()
2026-09-18T03:07:41.2222057Z     ~~~~^^
2026-09-18T03:07:41.2223231Z   File "/home/runner/work/GO/GO/ci/retention/verify_source.py", line 28, in main
2026-09-18T03:07:41.2224601Z     assert actual == expected, {'missing': sorted(expected-actual), 'unexpected': sorted(actual-expected)}
2026-09-18T03:07:41.2225605Z            ^^^^^^^^^^^^^^^^^^
2026-09-18T03:07:41.2231803Z AssertionError: {'missing': [], 'unexpected': ['scripts/test_catalog_graph_visibility.py', 'scripts/test_catalog_scope.py', 'scripts/test_catalog_scope_postgres.py', 'scripts/test_hotel_search_event_loop.py', 'src/go_hotel/connectors/supplier_runtime_controls.py', 'src/go_hotel/services/catalog_scope.py', 'tests/test_supplier_preflight_runtime.py', 'tests/test_supplier_runtime_controls.py', 'tests_frontend/fixtures/aoluguya_hyatt_gallery_harvest_plan.json', 'tests_frontend/fixtures/aoluguya_hyatt_gallery_harvest_plan_legacy_jpeg.json', 'tests_frontend/fixtures/aoluguya_normalized_ingest_plan.json', 'tests_frontend/hotel_catalog_contacts.test.mjs', 'tests_frontend/hotel_catalog_hyatt_gallery.test.mjs', 'tests_frontend/hotel_catalog_reviewed_import.test.mjs']}
2026-09-18T03:07:41.2317050Z ##[error]Process completed with exit code 1.
2026-09-18T03:07:41.2403309Z ##[group]Run export GO_NATIVE_NODE="$(command -v node)"
2026-09-18T03:07:41.2403750Z [36;1mexport GO_NATIVE_NODE="$(command -v node)"[0m
2026-09-18T03:07:41.2404241Z [36;1mpython ci/retention/run_suite.py --shard 0 --evidence "$RUNNER_TEMP/evidence/tests"[0m
2026-09-18T03:07:41.2442979Z shell: /usr/bin/bash --noprofile --norc -e -o pipefail {0}
2026-09-18T03:07:41.2443341Z env:
2026-09-18T03:07:41.2443560Z   PYTHONDONTWRITEBYTECODE: 1
2026-09-18T03:07:41.2443900Z   pythonLocation: /opt/hostedtoolcache/Python/3.13.5/x64
2026-09-18T03:07:41.2444351Z   PKG_CONFIG_PATH: /opt/hostedtoolcache/Python/3.13.5/x64/lib/pkgconfig
2026-09-18T03:07:41.2444798Z   Python_ROOT_DIR: /opt/hostedtoolcache/Python/3.13.5/x64
2026-09-18T03:07:41.2445216Z   Python2_ROOT_DIR: /opt/hostedtoolcache/Python/3.13.5/x64
2026-09-18T03:07:41.2445602Z   Python3_ROOT_DIR: /opt/hostedtoolcache/Python/3.13.5/x64
2026-09-18T03:07:41.2445988Z   LD_LIBRARY_PATH: /opt/hostedtoolcache/Python/3.13.5/x64/lib
2026-09-18T03:07:41.2446516Z ##[endgroup]
2026-09-18T03:07:41.6364173Z /opt/hostedtoolcache/Python/3.13.5/x64/bin/python: No module named pytest
2026-09-18T03:07:41.6382672Z 
2026-09-18T03:07:41.6403371Z {"exit_code": 1, "selected_files": 73, "shard": 0, "real_providers": "NOT_RUN", "hong_kong": "NOT_ACCESSED"}
2026-09-18T03:07:41.6464388Z ##[error]Process completed with exit code 1.
2026-09-18T03:07:41.6515077Z Node 20 is being deprecated. This workflow is running with Node 24 by default. If you need to temporarily use Node 20, you can set the ACTIONS_ALLOW_USE_UNSECURE_NODE_VERSION=true environment variable. For more information see: https://github.blog/changelog/2025-09-19-deprecation-of-node-20-on-github-actions-runners/
2026-09-18T03:07:41.6516386Z ##[group]Run actions/upload-artifact@v4
2026-09-18T03:07:41.6516663Z with:
2026-09-18T03:07:41.6517026Z   name: canonical-retention-shard-0-f827a3aefd95fd95dedb2bd2ecc93ae01111ea90
2026-09-18T03:07:41.6517474Z   path: /home/runner/work/_temp/evidence
2026-09-18T03:07:41.6517781Z   if-no-files-found: error
2026-09-18T03:07:41.6518023Z   compression-level: 6
2026-09-18T03:07:41.6518246Z   overwrite: false
2026-09-18T03:07:41.6518469Z   include-hidden-files: false
2026-09-18T03:07:41.6518707Z env:
2026-09-18T03:07:41.6518905Z   PYTHONDONTWRITEBYTECODE: 1
2026-09-18T03:07:41.6519220Z   pythonLocation: /opt/hostedtoolcache/Python/3.13.5/x64
2026-09-18T03:07:41.6519686Z   PKG_CONFIG_PATH: /opt/hostedtoolcache/Python/3.13.5/x64/lib/pkgconfig
2026-09-18T03:07:41.6520105Z   Python_ROOT_DIR: /opt/hostedtoolcache/Python/3.13.5/x64
2026-09-18T03:07:41.6520487Z   Python2_ROOT_DIR: /opt/hostedtoolcache/Python/3.13.5/x64
2026-09-18T03:07:41.6520865Z   Python3_ROOT_DIR: /opt/hostedtoolcache/Python/3.13.5/x64
2026-09-18T03:07:41.6521245Z   LD_LIBRARY_PATH: /opt/hostedtoolcache/Python/3.13.5/x64/lib
2026-09-18T03:07:41.6521569Z ##[endgroup]
2026-09-18T03:07:41.8291470Z (node:2231) [DEP0040] DeprecationWarning: The `punycode` module is deprecated. Please use a userland alternative instead.
2026-09-18T03:07:41.8293531Z (Use `node --trace-deprecation ...` to show where the warning was created)
2026-09-18T03:07:41.8473368Z With the provided path, there will be 3 files uploaded
2026-09-18T03:07:41.8508372Z Artifact name is valid!
2026-09-18T03:07:41.8524606Z Root directory input is valid!
2026-09-18T03:07:42.1133041Z Beginning upload of artifact content to blob storage
2026-09-18T03:07:42.1389038Z (node:2231) [DEP0169] DeprecationWarning: `url.parse()` behavior is not standardized and prone to errors that have security implications. Use the WHATWG URL API instead. CVEs are not issued for `url.parse()` vulnerabilities.
2026-09-18T03:07:42.2572722Z Uploaded bytes 4022
2026-09-18T03:07:42.2963680Z Finished uploading artifact content to blob storage!
2026-09-18T03:07:42.2965601Z SHA256 digest of uploaded artifact zip is 9461362e792f976be4b5f80ccde052bdc9af3d300101d2908f6fbc1938ddc5ce
2026-09-18T03:07:42.2966994Z Finalizing artifact upload
2026-09-18T03:07:42.5374072Z Artifact canonical-retention-shard-0-f827a3aefd95fd95dedb2bd2ecc93ae01111ea90.zip successfully finalized. Artifact ID 10529433983
2026-09-18T03:07:42.5385020Z Artifact canonical-retention-shard-0-f827a3aefd95fd95dedb2bd2ecc93ae01111ea90 has been successfully uploaded! Final size is 4022 bytes. Artifact ID is 10529433983
2026-09-18T03:07:42.5395151Z Artifact download URL: https://github.com/yuguangzhi3836-glitch/GO/actions/runs/35301976107/artifacts/10529433983
2026-09-18T03:07:42.5606888Z Node 20 is being deprecated. This workflow is running with Node 24 by default. If you need to temporarily use Node 20, you can set the ACTIONS_ALLOW_USE_UNSECURE_NODE_VERSION=true environment variable. For more information see: https://github.blog/changelog/2025-09-19-deprecation-of-node-20-on-github-actions-runners/
2026-09-18T03:07:42.5608160Z Post job cleanup.
2026-09-18T03:07:42.6598966Z [command]/usr/bin/git version
2026-09-18T03:07:42.6670823Z git version 2.55.0
2026-09-18T03:07:42.6755062Z Temporarily overriding HOME='/home/runner/work/_temp/cff6f563-ab3c-4eda-8daf-fb71d1e8cb07' before making global git config changes
2026-09-18T03:07:42.6768496Z Adding repository directory to the temporary git global config as a safe directory
2026-09-18T03:07:42.6772949Z [command]/usr/bin/git config --global --add safe.directory /home/runner/work/GO/GO
2026-09-18T03:07:42.6880430Z [command]/usr/bin/git config --local --name-only --get-regexp core\.sshCommand
2026-09-18T03:07:42.6934480Z [command]/usr/bin/git submodule foreach --recursive sh -c "git config --local --name-only --get-regexp 'core\.sshCommand' && git config --local --unset-all 'core.sshCommand' || :"
2026-09-18T03:07:42.7263665Z [command]/usr/bin/git config --local --name-only --get-regexp http\.https\:\/\/github\.com\/\.extraheader
2026-09-18T03:07:42.7343996Z [command]/usr/bin/git submodule foreach --recursive sh -c "git config --local --name-only --get-regexp 'http\.https\:\/\/github\.com\/\.extraheader' && git config --local --unset-all 'http.https://github.com/.extraheader' || :"
2026-09-18T03:07:42.7793548Z [command]/usr/bin/git config --local --name-only --get-regexp ^includeIf\.gitdir:
2026-09-18T03:07:42.7873703Z [command]/usr/bin/git submodule foreach --recursive git config --local --show-origin --name-only --get-regexp remote.origin.url
2026-09-18T03:07:42.8490706Z Cleaning up orphan processes
2026-09-18T03:07:42.8798439Z ##[warning]Node.js 20 is deprecated. The following actions target Node.js 20 but are being forced to run on Node.js 24: actions/checkout@v4, actions/setup-node@v4, actions/setup-python@v5, actions/upload-artifact@v4. For more information see: https://github.blog/changelog/2025-09-19-deprecation-of-node-20-on-github-actions-runners/

