2026-09-18T03:07:05.3113769Z Current runner version: '2.337.0'
2026-09-18T03:07:05.3133950Z ##[group]Runner Image Provisioner
2026-09-18T03:07:05.3134782Z Hosted Compute Agent
2026-09-18T03:07:05.3135374Z Version: 20260828.587
2026-09-18T03:07:05.3135961Z Commit: abac92662cab4cc7352de4f9f9d2e2419aad9c29
2026-09-18T03:07:05.3136591Z Build Date: 2026-08-28T16:44:25Z
2026-09-18T03:07:05.3137224Z Worker ID: {68736012-73e0-4f3e-b208-7c3de7e23a0a}
2026-09-18T03:07:05.3137852Z Azure Region: centralus
2026-09-18T03:07:05.3138358Z ##[endgroup]
2026-09-18T03:07:05.3139476Z ##[group]Operating System
2026-09-18T03:07:05.3140041Z Ubuntu
2026-09-18T03:07:05.3140559Z 24.04.5
2026-09-18T03:07:05.3141010Z LTS
2026-09-18T03:07:05.3141478Z ##[endgroup]
2026-09-18T03:07:05.3141994Z ##[group]Runner Image
2026-09-18T03:07:05.3142540Z Image: ubuntu-24.04
2026-09-18T03:07:05.3143056Z Version: 20260907.300.1
2026-09-18T03:07:05.3144301Z Included Software: https://github.com/actions/runner-images/blob/ubuntu24/20260907.300/images/ubuntu/Ubuntu2404-Readme.md
2026-09-18T03:07:05.3145657Z Image Release: https://github.com/actions/runner-images/releases/tag/ubuntu24%2F20260907.300
2026-09-18T03:07:05.3146485Z ##[endgroup]
2026-09-18T03:07:05.3147464Z ##[group]GITHUB_TOKEN Permissions
2026-09-18T03:07:05.3149206Z Contents: read
2026-09-18T03:07:05.3149737Z Metadata: read
2026-09-18T03:07:05.3150251Z ##[endgroup]
2026-09-18T03:07:05.3151913Z Secret source: Actions
2026-09-18T03:07:05.3152779Z Cache mode: write
2026-09-18T03:07:05.3153374Z Prepare workflow directory
2026-09-18T03:07:05.3717063Z Prepare all required actions
2026-09-18T03:07:05.3777651Z Getting action download info
2026-09-18T03:07:05.6359756Z Download action repository 'actions/checkout@v4' (SHA:11d5960a326750d5838078e36cf38b85af677262)
2026-09-18T03:07:05.8072742Z Download action repository 'actions/setup-python@v5' (SHA:a26af69be951a213d495a4c3e4e4022e16d87065)
2026-09-18T03:07:05.9846114Z Download action repository 'actions/upload-artifact@v4' (SHA:ea165f8d65b6e75b540449e92b4886f43607fa02)
2026-09-18T03:07:06.3405064Z Complete job name: postgres (C11, go_c11_isolated, ci/next_depth/c11_postgres.py)
2026-09-18T03:07:06.3769513Z ##[group]Checking docker version
2026-09-18T03:07:06.3781222Z ##[command]/usr/bin/docker version --format '{{.Server.APIVersion}}'
2026-09-18T03:07:06.4491907Z '1.48'
2026-09-18T03:07:06.4522598Z Docker daemon API version: '1.48'
2026-09-18T03:07:06.4523830Z ##[command]/usr/bin/docker version --format '{{.Client.APIVersion}}'
2026-09-18T03:07:06.4676834Z '1.48'
2026-09-18T03:07:06.4693043Z Docker client API version: '1.48'
2026-09-18T03:07:06.4697270Z ##[endgroup]
2026-09-18T03:07:06.4699767Z ##[group]Clean up resources from previous jobs
2026-09-18T03:07:06.4704206Z ##[command]/usr/bin/docker ps --all --quiet --no-trunc --filter "label=3583a5"
2026-09-18T03:07:06.4831654Z ##[command]/usr/bin/docker network prune --force --filter "label=3583a5"
2026-09-18T03:07:06.4948117Z ##[endgroup]
2026-09-18T03:07:06.4948727Z ##[group]Create local container network
2026-09-18T03:07:06.4957932Z ##[command]/usr/bin/docker network create --label 3583a5 github_network_db0a81338f74497a97f2f8ce52494bbe
2026-09-18T03:07:06.5605291Z 577f939dc39783f0fb8e91428dc3bc52070c0a2d0af1e3317926c715e1af976e
2026-09-18T03:07:06.5615955Z ##[endgroup]
2026-09-18T03:07:06.5639240Z ##[group]Starting postgres service container
2026-09-18T03:07:06.5658162Z ##[command]/usr/bin/docker pull postgres:18.4
2026-09-18T03:07:07.1544610Z 18.4: Pulling from library/postgres
2026-09-18T03:07:07.3218265Z 26c307b5e35a: Pulling fs layer
2026-09-18T03:07:07.3219367Z 5db2b7edf527: Pulling fs layer
2026-09-18T03:07:07.3221045Z 130549402290: Pulling fs layer
2026-09-18T03:07:07.3221949Z 8241f4a14319: Pulling fs layer
2026-09-18T03:07:07.3223170Z a4dcdc0137d7: Pulling fs layer
2026-09-18T03:07:07.3224756Z d1052e262c2e: Pulling fs layer
2026-09-18T03:07:07.3226509Z 39762d0b4bb2: Pulling fs layer
2026-09-18T03:07:07.3232388Z 38639b9be6a6: Pulling fs layer
2026-09-18T03:07:07.3233984Z 4e6c52c74256: Pulling fs layer
2026-09-18T03:07:07.3234915Z f51baa0c6c0d: Pulling fs layer
2026-09-18T03:07:07.3236486Z 88bb22edda9b: Pulling fs layer
2026-09-18T03:07:07.3237891Z f7d54729e84b: Pulling fs layer
2026-09-18T03:07:07.3239051Z f90dd111f2e5: Pulling fs layer
2026-09-18T03:07:07.3240270Z 8241f4a14319: Waiting
2026-09-18T03:07:07.3241530Z a4dcdc0137d7: Waiting
2026-09-18T03:07:07.3242653Z d1052e262c2e: Waiting
2026-09-18T03:07:07.3244094Z 39762d0b4bb2: Waiting
2026-09-18T03:07:07.3245191Z 38639b9be6a6: Waiting
2026-09-18T03:07:07.3246431Z 4e6c52c74256: Waiting
2026-09-18T03:07:07.3247928Z f51baa0c6c0d: Waiting
2026-09-18T03:07:07.3249745Z 88bb22edda9b: Waiting
2026-09-18T03:07:07.3251041Z f7d54729e84b: Waiting
2026-09-18T03:07:07.3252525Z f90dd111f2e5: Waiting
2026-09-18T03:07:07.5135178Z 5db2b7edf527: Verifying Checksum
2026-09-18T03:07:07.5137363Z 5db2b7edf527: Download complete
2026-09-18T03:07:07.6430899Z 130549402290: Verifying Checksum
2026-09-18T03:07:07.6432391Z 130549402290: Download complete
2026-09-18T03:07:07.7162833Z 26c307b5e35a: Verifying Checksum
2026-09-18T03:07:07.7165192Z 26c307b5e35a: Download complete
2026-09-18T03:07:07.7580165Z 8241f4a14319: Verifying Checksum
2026-09-18T03:07:07.7583993Z 8241f4a14319: Download complete
2026-09-18T03:07:07.9160584Z 39762d0b4bb2: Verifying Checksum
2026-09-18T03:07:07.9163209Z 39762d0b4bb2: Download complete
2026-09-18T03:07:07.9424930Z a4dcdc0137d7: Verifying Checksum
2026-09-18T03:07:07.9428626Z a4dcdc0137d7: Download complete
2026-09-18T03:07:07.9962924Z d1052e262c2e: Download complete
2026-09-18T03:07:08.0771775Z 38639b9be6a6: Verifying Checksum
2026-09-18T03:07:08.0774125Z 38639b9be6a6: Download complete
2026-09-18T03:07:08.1299618Z f51baa0c6c0d: Verifying Checksum
2026-09-18T03:07:08.1301870Z f51baa0c6c0d: Download complete
2026-09-18T03:07:08.2142377Z 88bb22edda9b: Verifying Checksum
2026-09-18T03:07:08.2146233Z 88bb22edda9b: Download complete
2026-09-18T03:07:08.2668265Z f7d54729e84b: Verifying Checksum
2026-09-18T03:07:08.2674667Z f7d54729e84b: Download complete
2026-09-18T03:07:08.3510754Z f90dd111f2e5: Verifying Checksum
2026-09-18T03:07:08.3526497Z f90dd111f2e5: Download complete
2026-09-18T03:07:08.7565742Z 26c307b5e35a: Pull complete
2026-09-18T03:07:08.8235855Z 4e6c52c74256: Verifying Checksum
2026-09-18T03:07:08.8237054Z 4e6c52c74256: Download complete
2026-09-18T03:07:11.2868802Z 5db2b7edf527: Pull complete
2026-09-18T03:07:11.6534813Z 130549402290: Pull complete
2026-09-18T03:07:11.7516827Z 8241f4a14319: Pull complete
2026-09-18T03:07:12.2993414Z a4dcdc0137d7: Pull complete
2026-09-18T03:07:12.4483962Z d1052e262c2e: Pull complete
2026-09-18T03:07:12.4711568Z 39762d0b4bb2: Pull complete
2026-09-18T03:07:12.4878534Z 38639b9be6a6: Pull complete
2026-09-18T03:07:17.9589912Z 4e6c52c74256: Pull complete
2026-09-18T03:07:17.9890981Z f51baa0c6c0d: Pull complete
2026-09-18T03:07:18.0027614Z 88bb22edda9b: Pull complete
2026-09-18T03:07:18.0417143Z f7d54729e84b: Pull complete
2026-09-18T03:07:18.0532798Z f90dd111f2e5: Pull complete
2026-09-18T03:07:18.0599998Z Digest: sha256:a02db8cac496f15b094798a38254f14d6e00741f709360e5e00bb6668ea31636
2026-09-18T03:07:18.0613309Z Status: Downloaded newer image for postgres:18.4
2026-09-18T03:07:18.0627846Z docker.io/library/postgres:18.4
2026-09-18T03:07:18.0697545Z ##[command]/usr/bin/docker create --name 572c073f243f4106971bad75de0a9719_postgres184_e469b4 --label 3583a5 --network github_network_db0a81338f74497a97f2f8ce52494bbe --network-alias postgres -p 5432:5432 --health-cmd "pg_isready -U go_ci -d go_c11_isolated" --health-interval 5s --health-timeout 5s --health-retries 20 -e "POSTGRES_DB=go_c11_isolated" -e "POSTGRES_USER=go_ci" -e "POSTGRES_PASSWORD=isolated_ci_only" -e GITHUB_ACTIONS=true -e CI=true postgres:18.4
2026-09-18T03:07:18.1011486Z d8b5ec1fabda5d0d77ffbbb6fafdcb7d33b49463f55eac195ea94d986939c7c9
2026-09-18T03:07:18.1026966Z ##[command]/usr/bin/docker start d8b5ec1fabda5d0d77ffbbb6fafdcb7d33b49463f55eac195ea94d986939c7c9
2026-09-18T03:07:18.3056078Z d8b5ec1fabda5d0d77ffbbb6fafdcb7d33b49463f55eac195ea94d986939c7c9
2026-09-18T03:07:18.3090628Z ##[command]/usr/bin/docker ps --all --filter id=d8b5ec1fabda5d0d77ffbbb6fafdcb7d33b49463f55eac195ea94d986939c7c9 --filter status=running --no-trunc --format "{{.ID}} {{.Status}}"
2026-09-18T03:07:18.3242301Z d8b5ec1fabda5d0d77ffbbb6fafdcb7d33b49463f55eac195ea94d986939c7c9 Up Less than a second (health: starting)
2026-09-18T03:07:18.3259893Z ##[command]/usr/bin/docker port d8b5ec1fabda5d0d77ffbbb6fafdcb7d33b49463f55eac195ea94d986939c7c9
2026-09-18T03:07:18.3420301Z 5432/tcp -> 0.0.0.0:5432
2026-09-18T03:07:18.3428176Z 5432/tcp -> [::]:5432
2026-09-18T03:07:18.3474410Z ##[endgroup]
2026-09-18T03:07:18.3485167Z ##[group]Waiting for all services to be ready
2026-09-18T03:07:18.3502113Z ##[command]/usr/bin/docker inspect --format="{{if .Config.Healthcheck}}{{print .State.Health.Status}}{{end}}" d8b5ec1fabda5d0d77ffbbb6fafdcb7d33b49463f55eac195ea94d986939c7c9
2026-09-18T03:07:18.3671428Z starting
2026-09-18T03:07:18.3691955Z postgres service is starting, waiting 2 seconds before checking again.
2026-09-18T03:07:20.3679304Z ##[command]/usr/bin/docker inspect --format="{{if .Config.Healthcheck}}{{print .State.Health.Status}}{{end}}" d8b5ec1fabda5d0d77ffbbb6fafdcb7d33b49463f55eac195ea94d986939c7c9
2026-09-18T03:07:20.3810264Z starting
2026-09-18T03:07:20.3821810Z postgres service is starting, waiting 4 seconds before checking again.
2026-09-18T03:07:24.6769079Z ##[command]/usr/bin/docker inspect --format="{{if .Config.Healthcheck}}{{print .State.Health.Status}}{{end}}" d8b5ec1fabda5d0d77ffbbb6fafdcb7d33b49463f55eac195ea94d986939c7c9
2026-09-18T03:07:24.6906491Z healthy
2026-09-18T03:07:24.6918888Z postgres service is healthy.
2026-09-18T03:07:24.6919809Z ##[endgroup]
2026-09-18T03:07:24.7151611Z Node 20 is being deprecated. This workflow is running with Node 24 by default. If you need to temporarily use Node 20, you can set the ACTIONS_ALLOW_USE_UNSECURE_NODE_VERSION=true environment variable. For more information see: https://github.blog/changelog/2025-09-19-deprecation-of-node-20-on-github-actions-runners/
2026-09-18T03:07:24.7158275Z ##[group]Run actions/checkout@v4
2026-09-18T03:07:24.7158685Z with:
2026-09-18T03:07:24.7158987Z   ref: f827a3aefd95fd95dedb2bd2ecc93ae01111ea90
2026-09-18T03:07:24.7159353Z   persist-credentials: false
2026-09-18T03:07:24.7159695Z   repository: yuguangzhi3836-glitch/GO
2026-09-18T03:07:24.7161831Z   token: ***
2026-09-18T03:07:24.7162098Z   ssh-strict: true
2026-09-18T03:07:24.7162357Z   ssh-user: git
2026-09-18T03:07:24.7162630Z   clean: true
2026-09-18T03:07:24.7162913Z   sparse-checkout-cone-mode: true
2026-09-18T03:07:24.7163199Z   fetch-depth: 1
2026-09-18T03:07:24.7163638Z   fetch-tags: false
2026-09-18T03:07:24.7163969Z   show-progress: true
2026-09-18T03:07:24.7164286Z   lfs: false
2026-09-18T03:07:24.7164561Z   submodules: false
2026-09-18T03:07:24.7164838Z   set-safe-directory: true
2026-09-18T03:07:24.7165123Z   allow-unsafe-pr-checkout: false
2026-09-18T03:07:24.7165499Z env:
2026-09-18T03:07:24.7166032Z   PYTHONDONTWRITEBYTECODE: 1
2026-09-18T03:07:24.7166677Z   GO_C07_RUNTIME_DATABASE_URL: ***127.0.0.1:5432/go_c11_isolated
2026-09-18T03:07:24.7167300Z   GO_C09_RUNTIME_DATABASE_URL: ***127.0.0.1:5432/go_c11_isolated
2026-09-18T03:07:24.7167868Z   GO_C11_RUNTIME_DATABASE_URL: ***127.0.0.1:5432/go_c11_isolated
2026-09-18T03:07:24.7168477Z   GO_C10_RUNTIME_DATABASE_URL: ***127.0.0.1:5432/go_c11_isolated
2026-09-18T03:07:24.7168866Z   GO_C07_SOURCE_COMMIT: f827a3aefd95fd95dedb2bd2ecc93ae01111ea90
2026-09-18T03:07:24.7169269Z   GO_C09_SOURCE_COMMIT: f827a3aefd95fd95dedb2bd2ecc93ae01111ea90
2026-09-18T03:07:24.7169696Z   GO_C11_SOURCE_COMMIT: f827a3aefd95fd95dedb2bd2ecc93ae01111ea90
2026-09-18T03:07:24.7170071Z   GO_C10_SOURCE_COMMIT: f827a3aefd95fd95dedb2bd2ecc93ae01111ea90
2026-09-18T03:07:24.7170454Z ##[endgroup]
2026-09-18T03:07:24.8213001Z Syncing repository: yuguangzhi3836-glitch/GO
2026-09-18T03:07:24.8215149Z ##[group]Getting Git version info
2026-09-18T03:07:24.8215695Z Working directory is '/home/runner/work/GO/GO'
2026-09-18T03:07:24.8216505Z [command]/usr/bin/git version
2026-09-18T03:07:24.8299171Z git version 2.55.0
2026-09-18T03:07:24.8336881Z ##[endgroup]
2026-09-18T03:07:24.8355494Z Temporarily overriding HOME='/home/runner/work/_temp/795a10e6-c59b-4c86-882d-2ce07b73e545' before making global git config changes
2026-09-18T03:07:24.8365723Z Adding repository directory to the temporary git global config as a safe directory
2026-09-18T03:07:24.8373667Z [command]/usr/bin/git config --global --add safe.directory /home/runner/work/GO/GO
2026-09-18T03:07:24.8443038Z Deleting the contents of '/home/runner/work/GO/GO'
2026-09-18T03:07:24.8444603Z ##[group]Initializing the repository
2026-09-18T03:07:24.8445440Z [command]/usr/bin/git init /home/runner/work/GO/GO
2026-09-18T03:07:24.8588302Z hint: Using 'master' as the name for the initial branch. This default branch name
2026-09-18T03:07:24.8593157Z hint: will change to "main" in Git 3.0. To configure the initial branch name
2026-09-18T03:07:24.8615321Z hint: to use in all of your new repositories, which will suppress this warning,
2026-09-18T03:07:24.8616191Z hint: call:
2026-09-18T03:07:24.8616787Z hint:
2026-09-18T03:07:24.8617426Z hint: 	git config --global init.defaultBranch <name>
2026-09-18T03:07:24.8618086Z hint:
2026-09-18T03:07:24.8618730Z hint: Names commonly chosen instead of 'master' are 'main', 'trunk' and
2026-09-18T03:07:24.8619617Z hint: 'development'. The just-created branch can be renamed via this command:
2026-09-18T03:07:24.8620322Z hint:
2026-09-18T03:07:24.8620787Z hint: 	git branch -m <name>
2026-09-18T03:07:24.8621321Z hint:
2026-09-18T03:07:24.8621995Z hint: Disable this message with "git config set advice.defaultBranchName false"
2026-09-18T03:07:24.8623185Z Initialized empty Git repository in /home/runner/work/GO/GO/.git/
2026-09-18T03:07:24.8625206Z [command]/usr/bin/git remote add origin https://github.com/yuguangzhi3836-glitch/GO
2026-09-18T03:07:24.8704548Z ##[endgroup]
2026-09-18T03:07:24.8724715Z ##[group]Disabling automatic garbage collection
2026-09-18T03:07:24.8744210Z [command]/usr/bin/git config --local gc.auto 0
2026-09-18T03:07:24.8770324Z ##[endgroup]
2026-09-18T03:07:24.8771334Z ##[group]Setting up auth
2026-09-18T03:07:24.8772113Z [command]/usr/bin/git config --local --name-only --get-regexp core\.sshCommand
2026-09-18T03:07:24.8775147Z [command]/usr/bin/git submodule foreach --recursive sh -c "git config --local --name-only --get-regexp 'core\.sshCommand' && git config --local --unset-all 'core.sshCommand' || :"
2026-09-18T03:07:24.9216142Z [command]/usr/bin/git config --local --name-only --get-regexp http\.https\:\/\/github\.com\/\.extraheader
2026-09-18T03:07:24.9242980Z [command]/usr/bin/git submodule foreach --recursive sh -c "git config --local --name-only --get-regexp 'http\.https\:\/\/github\.com\/\.extraheader' && git config --local --unset-all 'http.https://github.com/.extraheader' || :"
2026-09-18T03:07:24.9412750Z [command]/usr/bin/git config --local --name-only --get-regexp ^includeIf\.gitdir:
2026-09-18T03:07:24.9439946Z [command]/usr/bin/git submodule foreach --recursive git config --local --show-origin --name-only --get-regexp remote.origin.url
2026-09-18T03:07:24.9604098Z [command]/usr/bin/git config --local http.https://github.com/.extraheader AUTHORIZATION: basic ***
2026-09-18T03:07:24.9631940Z ##[endgroup]
2026-09-18T03:07:24.9632983Z ##[group]Fetching the repository
2026-09-18T03:07:24.9640629Z [command]/usr/bin/git -c protocol.version=2 fetch --no-tags --prune --no-recurse-submodules --depth=1 origin f827a3aefd95fd95dedb2bd2ecc93ae01111ea90
2026-09-18T03:07:37.7585944Z From https://github.com/yuguangzhi3836-glitch/GO
2026-09-18T03:07:37.7587115Z  * branch            f827a3aefd95fd95dedb2bd2ecc93ae01111ea90 -> FETCH_HEAD
2026-09-18T03:07:37.7589630Z ##[endgroup]
2026-09-18T03:07:37.7590440Z ##[group]Determining the checkout info
2026-09-18T03:07:37.7591130Z ##[endgroup]
2026-09-18T03:07:37.7591669Z [command]/usr/bin/git sparse-checkout disable
2026-09-18T03:07:37.7639960Z [command]/usr/bin/git config --local --unset-all extensions.worktreeConfig
2026-09-18T03:07:37.7666116Z ##[group]Checking out the ref
2026-09-18T03:07:37.7669874Z [command]/usr/bin/git checkout --progress --force f827a3aefd95fd95dedb2bd2ecc93ae01111ea90
2026-09-18T03:07:38.9757219Z Updating files:  29% (1757/5882)
2026-09-18T03:07:39.4351913Z Updating files:  30% (1765/5882)
2026-09-18T03:07:39.4367702Z Updating files:  31% (1824/5882)
2026-09-18T03:07:39.4382081Z Updating files:  32% (1883/5882)
2026-09-18T03:07:39.4466077Z Updating files:  33% (1942/5882)
2026-09-18T03:07:39.4511372Z Updating files:  34% (2000/5882)
2026-09-18T03:07:39.4569580Z Updating files:  35% (2059/5882)
2026-09-18T03:07:39.4586546Z Updating files:  36% (2118/5882)
2026-09-18T03:07:39.4602014Z Updating files:  37% (2177/5882)
2026-09-18T03:07:39.4618481Z Updating files:  38% (2236/5882)
2026-09-18T03:07:39.4638463Z Updating files:  39% (2294/5882)
2026-09-18T03:07:39.4659280Z Updating files:  40% (2353/5882)
2026-09-18T03:07:39.4677357Z Updating files:  41% (2412/5882)
2026-09-18T03:07:39.4694132Z Updating files:  42% (2471/5882)
2026-09-18T03:07:39.4723870Z Updating files:  43% (2530/5882)
2026-09-18T03:07:39.4758634Z Updating files:  44% (2589/5882)
2026-09-18T03:07:39.4783570Z Updating files:  45% (2647/5882)
2026-09-18T03:07:39.4814932Z Updating files:  46% (2706/5882)
2026-09-18T03:07:39.4847685Z Updating files:  47% (2765/5882)
2026-09-18T03:07:39.4867785Z Updating files:  48% (2824/5882)
2026-09-18T03:07:39.4893938Z Updating files:  49% (2883/5882)
2026-09-18T03:07:39.4916720Z Updating files:  50% (2941/5882)
2026-09-18T03:07:39.4942671Z Updating files:  51% (3000/5882)
2026-09-18T03:07:39.4963622Z Updating files:  52% (3059/5882)
2026-09-18T03:07:39.5976616Z Updating files:  53% (3118/5882)
2026-09-18T03:07:39.6008280Z Updating files:  54% (3177/5882)
2026-09-18T03:07:39.6066260Z Updating files:  55% (3236/5882)
2026-09-18T03:07:39.6295103Z Updating files:  56% (3294/5882)
2026-09-18T03:07:39.6567747Z Updating files:  57% (3353/5882)
2026-09-18T03:07:39.6918636Z Updating files:  58% (3412/5882)
2026-09-18T03:07:39.6945458Z Updating files:  59% (3471/5882)
2026-09-18T03:07:39.6963355Z Updating files:  60% (3530/5882)
2026-09-18T03:07:39.6978827Z Updating files:  61% (3589/5882)
2026-09-18T03:07:39.7006557Z Updating files:  62% (3647/5882)
2026-09-18T03:07:39.7059947Z Updating files:  63% (3706/5882)
2026-09-18T03:07:39.7074802Z Updating files:  64% (3765/5882)
2026-09-18T03:07:39.7092440Z Updating files:  65% (3824/5882)
2026-09-18T03:07:39.7118432Z Updating files:  66% (3883/5882)
2026-09-18T03:07:39.7147443Z Updating files:  67% (3941/5882)
2026-09-18T03:07:39.7172357Z Updating files:  68% (4000/5882)
2026-09-18T03:07:39.7195558Z Updating files:  69% (4059/5882)
2026-09-18T03:07:39.7215288Z Updating files:  70% (4118/5882)
2026-09-18T03:07:39.7272853Z Updating files:  71% (4177/5882)
2026-09-18T03:07:39.7827237Z Updating files:  72% (4236/5882)
2026-09-18T03:07:39.7844055Z Updating files:  72% (4270/5882)
2026-09-18T03:07:39.8988811Z Updating files:  73% (4294/5882)
2026-09-18T03:07:40.0441947Z Updating files:  74% (4353/5882)
2026-09-18T03:07:40.0567973Z Updating files:  75% (4412/5882)
2026-09-18T03:07:40.0626254Z Updating files:  76% (4471/5882)
2026-09-18T03:07:40.0734556Z Updating files:  77% (4530/5882)
2026-09-18T03:07:40.0748327Z Updating files:  78% (4588/5882)
2026-09-18T03:07:40.0759952Z Updating files:  79% (4647/5882)
2026-09-18T03:07:40.0769465Z Updating files:  80% (4706/5882)
2026-09-18T03:07:40.0778141Z Updating files:  81% (4765/5882)
2026-09-18T03:07:40.0792200Z Updating files:  82% (4824/5882)
2026-09-18T03:07:40.0824424Z Updating files:  83% (4883/5882)
2026-09-18T03:07:40.0832837Z Updating files:  84% (4941/5882)
2026-09-18T03:07:40.0864046Z Updating files:  85% (5000/5882)
2026-09-18T03:07:40.0885596Z Updating files:  86% (5059/5882)
2026-09-18T03:07:40.0899339Z Updating files:  87% (5118/5882)
2026-09-18T03:07:40.0989429Z Updating files:  88% (5177/5882)
2026-09-18T03:07:40.1008923Z Updating files:  89% (5235/5882)
2026-09-18T03:07:40.1024853Z Updating files:  90% (5294/5882)
2026-09-18T03:07:40.1038692Z Updating files:  91% (5353/5882)
2026-09-18T03:07:40.1100043Z Updating files:  92% (5412/5882)
2026-09-18T03:07:40.1114041Z Updating files:  93% (5471/5882)
2026-09-18T03:07:40.1127941Z Updating files:  94% (5530/5882)
2026-09-18T03:07:40.1146182Z Updating files:  95% (5588/5882)
2026-09-18T03:07:40.1180006Z Updating files:  96% (5647/5882)
2026-09-18T03:07:40.1197674Z Updating files:  97% (5706/5882)
2026-09-18T03:07:40.1223309Z Updating files:  98% (5765/5882)
2026-09-18T03:07:40.1245651Z Updating files:  99% (5824/5882)
2026-09-18T03:07:40.1249025Z Updating files: 100% (5882/5882)
2026-09-18T03:07:40.1252739Z Updating files: 100% (5882/5882), done.
2026-09-18T03:07:40.2498093Z Note: switching to 'f827a3aefd95fd95dedb2bd2ecc93ae01111ea90'.
2026-09-18T03:07:40.2523970Z 
2026-09-18T03:07:40.2524691Z You are in 'detached HEAD' state. You can look around, make experimental
2026-09-18T03:07:40.2544194Z changes and commit them, and you can discard any commits you make in this
2026-09-18T03:07:40.2564236Z state without impacting any branches by switching back to a branch.
2026-09-18T03:07:40.2583680Z 
2026-09-18T03:07:40.2584338Z If you want to create a new branch to retain commits you create, you may
2026-09-18T03:07:40.2585150Z do so (now or later) by using -c with the switch command. Example:
2026-09-18T03:07:40.2585649Z 
2026-09-18T03:07:40.2586069Z   git switch -c <new-branch-name>
2026-09-18T03:07:40.2586425Z 
2026-09-18T03:07:40.2586717Z Or undo this operation with:
2026-09-18T03:07:40.2587043Z 
2026-09-18T03:07:40.2587289Z   git switch -
2026-09-18T03:07:40.2587700Z 
2026-09-18T03:07:40.2588050Z Turn off this advice by setting config variable advice.detachedHead to false
2026-09-18T03:07:40.2588719Z 
2026-09-18T03:07:40.2589130Z HEAD is now at f827a3a fix(catalog): bind gallery harvest to measured HK CDN bytes
2026-09-18T03:07:40.2591058Z ##[endgroup]
2026-09-18T03:07:40.2694602Z [command]/usr/bin/git log -1 --format=%H
2026-09-18T03:07:40.2697194Z f827a3aefd95fd95dedb2bd2ecc93ae01111ea90
2026-09-18T03:07:40.2705298Z ##[group]Removing auth
2026-09-18T03:07:40.2706073Z [command]/usr/bin/git config --local --name-only --get-regexp core\.sshCommand
2026-09-18T03:07:40.2735112Z [command]/usr/bin/git submodule foreach --recursive sh -c "git config --local --name-only --get-regexp 'core\.sshCommand' && git config --local --unset-all 'core.sshCommand' || :"
2026-09-18T03:07:40.2908920Z [command]/usr/bin/git config --local --name-only --get-regexp http\.https\:\/\/github\.com\/\.extraheader
2026-09-18T03:07:40.2932171Z http.https://github.com/.extraheader
2026-09-18T03:07:40.2933766Z [command]/usr/bin/git config --local --unset-all http.https://github.com/.extraheader
2026-09-18T03:07:40.3040554Z [command]/usr/bin/git submodule foreach --recursive sh -c "git config --local --name-only --get-regexp 'http\.https\:\/\/github\.com\/\.extraheader' && git config --local --unset-all 'http.https://github.com/.extraheader' || :"
2026-09-18T03:07:40.3207536Z [command]/usr/bin/git config --local --name-only --get-regexp ^includeIf\.gitdir:
2026-09-18T03:07:40.3232604Z [command]/usr/bin/git submodule foreach --recursive git config --local --show-origin --name-only --get-regexp remote.origin.url
2026-09-18T03:07:40.3417584Z ##[endgroup]
2026-09-18T03:07:40.3606725Z Node 20 is being deprecated. This workflow is running with Node 24 by default. If you need to temporarily use Node 20, you can set the ACTIONS_ALLOW_USE_UNSECURE_NODE_VERSION=true environment variable. For more information see: https://github.blog/changelog/2025-09-19-deprecation-of-node-20-on-github-actions-runners/
2026-09-18T03:07:40.3608023Z ##[group]Run actions/setup-python@v5
2026-09-18T03:07:40.3608356Z with:
2026-09-18T03:07:40.3608668Z   python-version: 3.13.5
2026-09-18T03:07:40.3608958Z   check-latest: false
2026-09-18T03:07:40.3610987Z   token: ***
2026-09-18T03:07:40.3611277Z   update-environment: true
2026-09-18T03:07:40.3611593Z   allow-prereleases: false
2026-09-18T03:07:40.3611937Z   freethreaded: false
2026-09-18T03:07:40.3612195Z env:
2026-09-18T03:07:40.3612441Z   PYTHONDONTWRITEBYTECODE: 1
2026-09-18T03:07:40.3613210Z   GO_C07_RUNTIME_DATABASE_URL: ***127.0.0.1:5432/go_c11_isolated
2026-09-18T03:07:40.3614022Z   GO_C09_RUNTIME_DATABASE_URL: ***127.0.0.1:5432/go_c11_isolated
2026-09-18T03:07:40.3614607Z   GO_C11_RUNTIME_DATABASE_URL: ***127.0.0.1:5432/go_c11_isolated
2026-09-18T03:07:40.3615211Z   GO_C10_RUNTIME_DATABASE_URL: ***127.0.0.1:5432/go_c11_isolated
2026-09-18T03:07:40.3615611Z   GO_C07_SOURCE_COMMIT: f827a3aefd95fd95dedb2bd2ecc93ae01111ea90
2026-09-18T03:07:40.3616007Z   GO_C09_SOURCE_COMMIT: f827a3aefd95fd95dedb2bd2ecc93ae01111ea90
2026-09-18T03:07:40.3616432Z   GO_C11_SOURCE_COMMIT: f827a3aefd95fd95dedb2bd2ecc93ae01111ea90
2026-09-18T03:07:40.3616830Z   GO_C10_SOURCE_COMMIT: f827a3aefd95fd95dedb2bd2ecc93ae01111ea90
2026-09-18T03:07:40.3617174Z ##[endgroup]
2026-09-18T03:07:40.4789231Z ##[group]Installed versions
2026-09-18T03:07:40.4805175Z Version 3.13.5 was not found in the local cache
2026-09-18T03:07:40.4906530Z (node:2468) [DEP0040] DeprecationWarning: The `punycode` module is deprecated. Please use a userland alternative instead.
2026-09-18T03:07:40.4908147Z (Use `node --trace-deprecation ...` to show where the warning was created)
2026-09-18T03:07:41.3262171Z Version 3.13.5 is available for downloading
2026-09-18T03:07:41.3263302Z Download from "https://github.com/actions/python-versions/releases/download/3.13.5-15601068749/python-3.13.5-linux-24.04-x64.tar.gz"
2026-09-18T03:07:42.6734386Z Extract downloaded archive
2026-09-18T03:07:42.6850701Z [command]/usr/bin/tar xz --warning=no-unknown-keyword --overwrite -C /home/runner/work/_temp/dd4591a2-8dcc-49c5-92ea-b6b154d2c761 -f /home/runner/work/_temp/ca47cad6-c53c-4bee-9efe-e4d9cd4fbb60
2026-09-18T03:07:44.9274975Z Execute installation script
2026-09-18T03:07:44.9360696Z Check if Python hostedtoolcache folder exist...
2026-09-18T03:07:44.9361654Z Create Python 3.13.5 folder
2026-09-18T03:07:44.9376816Z Copy Python binaries to hostedtoolcache folder
2026-09-18T03:07:47.8682599Z Create additional symlinks (Required for the UsePythonVersion Azure Pipelines task and the setup-python GitHub Action)
2026-09-18T03:07:47.8716613Z Upgrading pip...
2026-09-18T03:07:50.0482426Z Looking in links: /tmp/tmp9cw1ojg8
2026-09-18T03:07:50.0485648Z Requirement already satisfied: pip in /opt/hostedtoolcache/Python/3.13.5/x64/lib/python3.13/site-packages (25.1.1)
2026-09-18T03:07:51.8805720Z Collecting pip
2026-09-18T03:07:51.9521686Z Downloading pip-26.2.1-py3-none-any.whl.metadata (4.6 kB)
2026-09-18T03:07:52.6181228Z Downloading pip-26.2.1-py3-none-any.whl (1.8 MB)
2026-09-18T03:07:52.8328378Z ━━━━━━━━━━━━━━━━━━━━━━━━━━━━━━━━━━━━━━━━ 1.8/1.8 MB 8.9 MB/s eta 0:00:00
2026-09-18T03:07:52.8328807Z 
2026-09-18T03:07:52.8478877Z Installing collected packages: pip
2026-09-18T03:07:52.8484283Z Attempting uninstall: pip
2026-09-18T03:07:52.8504092Z Found existing installation: pip 25.1.1
2026-09-18T03:07:52.8694463Z Uninstalling pip-25.1.1:
2026-09-18T03:07:52.8730667Z Successfully uninstalled pip-25.1.1
2026-09-18T03:07:53.7198654Z Successfully installed pip-26.2.1
2026-09-18T03:07:53.7782488Z Create complete file
2026-09-18T03:07:53.7813428Z Successfully set up CPython (3.13.5)
2026-09-18T03:07:53.7815109Z ##[endgroup]
2026-09-18T03:07:53.7938820Z ##[group]Run set -euo pipefail
2026-09-18T03:07:53.7939232Z [36;1mset -euo pipefail[0m
2026-09-18T03:07:53.7939795Z [36;1mpython ci/retention/verify_source.py "$RUNNER_TEMP/next-depth-pg/source"[0m
2026-09-18T03:07:53.7940360Z [36;1mpython ci/retention/verify_alignment.py "$RUNNER_TEMP/next-depth-pg/alignment.json"[0m
2026-09-18T03:07:53.7940814Z [36;1mpython - <<'PY'[0m
2026-09-18T03:07:53.7941137Z [36;1mimport json, pathlib, subprocess[0m
2026-09-18T03:07:53.7941573Z [36;1mcandidate=json.loads(pathlib.Path('ci/next-depth/CANDIDATE.json').read_text())[0m
2026-09-18T03:07:53.7942172Z [36;1mactual=subprocess.check_output(['git','rev-parse','HEAD:application'],text=True).strip()[0m
2026-09-18T03:07:53.7942694Z [36;1massert actual==candidate['application_git_tree'][0m
2026-09-18T03:07:53.7943169Z [36;1massert candidate['source_anchor']=='fef9c748adb77d37ba5d4dc4fa4662eb668303a1'[0m
2026-09-18T03:07:53.7944294Z [36;1massert candidate['parent_candidate_commit']=='a274f77e4c1479fb143cdc7ef45d63b9c4f8cc1b'[0m
2026-09-18T03:07:53.7944772Z [36;1mPY[0m
2026-09-18T03:07:53.7973414Z shell: /usr/bin/bash --noprofile --norc -e -o pipefail {0}
2026-09-18T03:07:53.7974067Z env:
2026-09-18T03:07:53.7974351Z   PYTHONDONTWRITEBYTECODE: 1
2026-09-18T03:07:53.7975081Z   GO_C07_RUNTIME_DATABASE_URL: ***127.0.0.1:5432/go_c11_isolated
2026-09-18T03:07:53.7975672Z   GO_C09_RUNTIME_DATABASE_URL: ***127.0.0.1:5432/go_c11_isolated
2026-09-18T03:07:53.7976265Z   GO_C11_RUNTIME_DATABASE_URL: ***127.0.0.1:5432/go_c11_isolated
2026-09-18T03:07:53.7976833Z   GO_C10_RUNTIME_DATABASE_URL: ***127.0.0.1:5432/go_c11_isolated
2026-09-18T03:07:53.7977316Z   GO_C07_SOURCE_COMMIT: f827a3aefd95fd95dedb2bd2ecc93ae01111ea90
2026-09-18T03:07:53.7977727Z   GO_C09_SOURCE_COMMIT: f827a3aefd95fd95dedb2bd2ecc93ae01111ea90
2026-09-18T03:07:53.7978116Z   GO_C11_SOURCE_COMMIT: f827a3aefd95fd95dedb2bd2ecc93ae01111ea90
2026-09-18T03:07:53.7978560Z   GO_C10_SOURCE_COMMIT: f827a3aefd95fd95dedb2bd2ecc93ae01111ea90
2026-09-18T03:07:53.7979001Z   pythonLocation: /opt/hostedtoolcache/Python/3.13.5/x64
2026-09-18T03:07:53.7979430Z   PKG_CONFIG_PATH: /opt/hostedtoolcache/Python/3.13.5/x64/lib/pkgconfig
2026-09-18T03:07:53.7979859Z   Python_ROOT_DIR: /opt/hostedtoolcache/Python/3.13.5/x64
2026-09-18T03:07:53.7980275Z   Python2_ROOT_DIR: /opt/hostedtoolcache/Python/3.13.5/x64
2026-09-18T03:07:53.7980690Z   Python3_ROOT_DIR: /opt/hostedtoolcache/Python/3.13.5/x64
2026-09-18T03:07:53.7981116Z   LD_LIBRARY_PATH: /opt/hostedtoolcache/Python/3.13.5/x64/lib
2026-09-18T03:07:53.7981465Z ##[endgroup]
2026-09-18T03:07:53.9891867Z Traceback (most recent call last):
2026-09-18T03:07:54.0019574Z   File "/home/runner/work/GO/GO/ci/retention/verify_source.py", line 67, in <module>
2026-09-18T03:07:54.0020766Z     main()
2026-09-18T03:07:54.0021420Z     ~~~~^^
2026-09-18T03:07:54.0022234Z   File "/home/runner/work/GO/GO/ci/retention/verify_source.py", line 28, in main
2026-09-18T03:07:54.0023250Z     assert actual == expected, {'missing': sorted(expected-actual), 'unexpected': sorted(actual-expected)}
2026-09-18T03:07:54.0024338Z            ^^^^^^^^^^^^^^^^^^
2026-09-18T03:07:54.0028416Z AssertionError: {'missing': [], 'unexpected': ['scripts/test_catalog_graph_visibility.py', 'scripts/test_catalog_scope.py', 'scripts/test_catalog_scope_postgres.py', 'scripts/test_hotel_search_event_loop.py', 'src/go_hotel/connectors/supplier_runtime_controls.py', 'src/go_hotel/services/catalog_scope.py', 'tests/test_supplier_preflight_runtime.py', 'tests/test_supplier_runtime_controls.py', 'tests_frontend/fixtures/aoluguya_hyatt_gallery_harvest_plan.json', 'tests_frontend/fixtures/aoluguya_hyatt_gallery_harvest_plan_legacy_jpeg.json', 'tests_frontend/fixtures/aoluguya_normalized_ingest_plan.json', 'tests_frontend/hotel_catalog_contacts.test.mjs', 'tests_frontend/hotel_catalog_hyatt_gallery.test.mjs', 'tests_frontend/hotel_catalog_reviewed_import.test.mjs']}
2026-09-18T03:07:54.0096453Z ##[error]Process completed with exit code 1.
2026-09-18T03:07:54.0152903Z ##[group]Run python - <<'PY'
2026-09-18T03:07:54.0153315Z [36;1mpython - <<'PY'[0m
2026-09-18T03:07:54.0153933Z [36;1mimport hashlib,json,os,pathlib,subprocess[0m
2026-09-18T03:07:54.0154478Z [36;1mout=pathlib.Path(os.environ['RUNNER_TEMP'])/'next-depth-pg';out.mkdir(exist_ok=True)[0m
2026-09-18T03:07:54.0155128Z [36;1mfiles={str(p.relative_to(out)):hashlib.sha256(p.read_bytes()).hexdigest() for p in sorted(out.rglob('*')) if p.is_file()}[0m
2026-09-18T03:07:54.0156592Z [36;1mreport={'source_commit':subprocess.check_output(['git','rev-parse','HEAD'],text=True).strip(),'application_git_tree':subprocess.check_output(['git','rev-parse','HEAD:application'],text=True).strip(),'files':files,'environment':'disposable GitHub Actions PostgreSQL 18.4 service','scope':'C11 scoped concurrency and recovery; gates depend on original process observations','hong_kong':'NOT_ACCESSED','production':'HOLD','full_release':'HOLD'}[0m
2026-09-18T03:07:54.0158180Z [36;1m(out/'EVIDENCE_BINDING.json').write_text(json.dumps(report,indent=2)+'\n')[0m
2026-09-18T03:07:54.0158569Z [36;1mPY[0m
2026-09-18T03:07:54.0181614Z shell: /usr/bin/bash --noprofile --norc -e -o pipefail {0}
2026-09-18T03:07:54.0182034Z env:
2026-09-18T03:07:54.0182285Z   PYTHONDONTWRITEBYTECODE: 1
2026-09-18T03:07:54.0182948Z   GO_C07_RUNTIME_DATABASE_URL: ***127.0.0.1:5432/go_c11_isolated
2026-09-18T03:07:54.0183759Z   GO_C09_RUNTIME_DATABASE_URL: ***127.0.0.1:5432/go_c11_isolated
2026-09-18T03:07:54.0184342Z   GO_C11_RUNTIME_DATABASE_URL: ***127.0.0.1:5432/go_c11_isolated
2026-09-18T03:07:54.0184873Z   GO_C10_RUNTIME_DATABASE_URL: ***127.0.0.1:5432/go_c11_isolated
2026-09-18T03:07:54.0185270Z   GO_C07_SOURCE_COMMIT: f827a3aefd95fd95dedb2bd2ecc93ae01111ea90
2026-09-18T03:07:54.0185703Z   GO_C09_SOURCE_COMMIT: f827a3aefd95fd95dedb2bd2ecc93ae01111ea90
2026-09-18T03:07:54.0186097Z   GO_C11_SOURCE_COMMIT: f827a3aefd95fd95dedb2bd2ecc93ae01111ea90
2026-09-18T03:07:54.0186517Z   GO_C10_SOURCE_COMMIT: f827a3aefd95fd95dedb2bd2ecc93ae01111ea90
2026-09-18T03:07:54.0186933Z   pythonLocation: /opt/hostedtoolcache/Python/3.13.5/x64
2026-09-18T03:07:54.0187358Z   PKG_CONFIG_PATH: /opt/hostedtoolcache/Python/3.13.5/x64/lib/pkgconfig
2026-09-18T03:07:54.0187798Z   Python_ROOT_DIR: /opt/hostedtoolcache/Python/3.13.5/x64
2026-09-18T03:07:54.0188171Z   Python2_ROOT_DIR: /opt/hostedtoolcache/Python/3.13.5/x64
2026-09-18T03:07:54.0188561Z   Python3_ROOT_DIR: /opt/hostedtoolcache/Python/3.13.5/x64
2026-09-18T03:07:54.0188946Z   LD_LIBRARY_PATH: /opt/hostedtoolcache/Python/3.13.5/x64/lib
2026-09-18T03:07:54.0189266Z ##[endgroup]
2026-09-18T03:07:54.1936029Z ##[group]Run python - <<'PY'
2026-09-18T03:07:54.1936484Z [36;1mpython - <<'PY'[0m
2026-09-18T03:07:54.1936939Z [36;1mimport json,os,pathlib[0m
2026-09-18T03:07:54.1937534Z [36;1mout=pathlib.Path(os.environ['RUNNER_TEMP'])/'next-depth-pg'[0m
2026-09-18T03:07:54.1938143Z [36;1mfor p in sorted(out.rglob('*')):[0m
2026-09-18T03:07:54.1938779Z [36;1m    if p.is_file() and p.suffix in ('.json','.xml','.log') and p.stat().st_size <= 100000:[0m
2026-09-18T03:07:54.1939719Z [36;1m        print('EVIDENCE_FILE '+json.dumps({'path':str(p.relative_to(out)),'content':p.read_text(errors='strict')},ensure_ascii=False))[0m
2026-09-18T03:07:54.1940554Z [36;1mPY[0m
2026-09-18T03:07:54.1972696Z shell: /usr/bin/bash --noprofile --norc -e -o pipefail {0}
2026-09-18T03:07:54.1973258Z env:
2026-09-18T03:07:54.1973903Z   PYTHONDONTWRITEBYTECODE: 1
2026-09-18T03:07:54.1974867Z   GO_C07_RUNTIME_DATABASE_URL: ***127.0.0.1:5432/go_c11_isolated
2026-09-18T03:07:54.1975967Z   GO_C09_RUNTIME_DATABASE_URL: ***127.0.0.1:5432/go_c11_isolated
2026-09-18T03:07:54.1976828Z   GO_C11_RUNTIME_DATABASE_URL: ***127.0.0.1:5432/go_c11_isolated
2026-09-18T03:07:54.1977778Z   GO_C10_RUNTIME_DATABASE_URL: ***127.0.0.1:5432/go_c11_isolated
2026-09-18T03:07:54.1978395Z   GO_C07_SOURCE_COMMIT: f827a3aefd95fd95dedb2bd2ecc93ae01111ea90
2026-09-18T03:07:54.1979053Z   GO_C09_SOURCE_COMMIT: f827a3aefd95fd95dedb2bd2ecc93ae01111ea90
2026-09-18T03:07:54.1979656Z   GO_C11_SOURCE_COMMIT: f827a3aefd95fd95dedb2bd2ecc93ae01111ea90
2026-09-18T03:07:54.1980250Z   GO_C10_SOURCE_COMMIT: f827a3aefd95fd95dedb2bd2ecc93ae01111ea90
2026-09-18T03:07:54.1980880Z   pythonLocation: /opt/hostedtoolcache/Python/3.13.5/x64
2026-09-18T03:07:54.1981544Z   PKG_CONFIG_PATH: /opt/hostedtoolcache/Python/3.13.5/x64/lib/pkgconfig
2026-09-18T03:07:54.1982236Z   Python_ROOT_DIR: /opt/hostedtoolcache/Python/3.13.5/x64
2026-09-18T03:07:54.1982828Z   Python2_ROOT_DIR: /opt/hostedtoolcache/Python/3.13.5/x64
2026-09-18T03:07:54.1983427Z   Python3_ROOT_DIR: /opt/hostedtoolcache/Python/3.13.5/x64
2026-09-18T03:07:54.1984312Z   LD_LIBRARY_PATH: /opt/hostedtoolcache/Python/3.13.5/x64/lib
2026-09-18T03:07:54.1984836Z ##[endgroup]
2026-09-18T03:07:54.2982042Z EVIDENCE_FILE {"path": "EVIDENCE_BINDING.json", "content": "{\n  \"source_commit\": \"f827a3aefd95fd95dedb2bd2ecc93ae01111ea90\",\n  \"application_git_tree\": \"eef8adc0d99f679220e51efc9d6c5ca28ba6ab0c\",\n  \"files\": {},\n  \"environment\": \"disposable GitHub Actions PostgreSQL 18.4 service\",\n  \"scope\": \"C11 scoped concurrency and recovery; gates depend on original process observations\",\n  \"hong_kong\": \"NOT_ACCESSED\",\n  \"production\": \"HOLD\",\n  \"full_release\": \"HOLD\"\n}\n"}
2026-09-18T03:07:54.3068752Z Node 20 is being deprecated. This workflow is running with Node 24 by default. If you need to temporarily use Node 20, you can set the ACTIONS_ALLOW_USE_UNSECURE_NODE_VERSION=true environment variable. For more information see: https://github.blog/changelog/2025-09-19-deprecation-of-node-20-on-github-actions-runners/
2026-09-18T03:07:54.3069960Z ##[group]Run actions/upload-artifact@v4
2026-09-18T03:07:54.3070293Z with:
2026-09-18T03:07:54.3070672Z   name: v70-next-depth-pg-C11-f827a3aefd95fd95dedb2bd2ecc93ae01111ea90
2026-09-18T03:07:54.3071094Z   path: /home/runner/work/_temp/next-depth-pg
2026-09-18T03:07:54.3071470Z   if-no-files-found: error
2026-09-18T03:07:54.3071770Z   retention-days: 90
2026-09-18T03:07:54.3072043Z   compression-level: 6
2026-09-18T03:07:54.3072336Z   overwrite: false
2026-09-18T03:07:54.3072609Z   include-hidden-files: false
2026-09-18T03:07:54.3072898Z env:
2026-09-18T03:07:54.3073213Z   PYTHONDONTWRITEBYTECODE: 1
2026-09-18T03:07:54.3074177Z   GO_C07_RUNTIME_DATABASE_URL: ***127.0.0.1:5432/go_c11_isolated
2026-09-18T03:07:54.3074772Z   GO_C09_RUNTIME_DATABASE_URL: ***127.0.0.1:5432/go_c11_isolated
2026-09-18T03:07:54.3075370Z   GO_C11_RUNTIME_DATABASE_URL: ***127.0.0.1:5432/go_c11_isolated
2026-09-18T03:07:54.3075964Z   GO_C10_RUNTIME_DATABASE_URL: ***127.0.0.1:5432/go_c11_isolated
2026-09-18T03:07:54.3076407Z   GO_C07_SOURCE_COMMIT: f827a3aefd95fd95dedb2bd2ecc93ae01111ea90
2026-09-18T03:07:54.3076820Z   GO_C09_SOURCE_COMMIT: f827a3aefd95fd95dedb2bd2ecc93ae01111ea90
2026-09-18T03:07:54.3077244Z   GO_C11_SOURCE_COMMIT: f827a3aefd95fd95dedb2bd2ecc93ae01111ea90
2026-09-18T03:07:54.3077664Z   GO_C10_SOURCE_COMMIT: f827a3aefd95fd95dedb2bd2ecc93ae01111ea90
2026-09-18T03:07:54.3078063Z   pythonLocation: /opt/hostedtoolcache/Python/3.13.5/x64
2026-09-18T03:07:54.3078477Z   PKG_CONFIG_PATH: /opt/hostedtoolcache/Python/3.13.5/x64/lib/pkgconfig
2026-09-18T03:07:54.3078922Z   Python_ROOT_DIR: /opt/hostedtoolcache/Python/3.13.5/x64
2026-09-18T03:07:54.3079363Z   Python2_ROOT_DIR: /opt/hostedtoolcache/Python/3.13.5/x64
2026-09-18T03:07:54.3079761Z   Python3_ROOT_DIR: /opt/hostedtoolcache/Python/3.13.5/x64
2026-09-18T03:07:54.3080150Z   LD_LIBRARY_PATH: /opt/hostedtoolcache/Python/3.13.5/x64/lib
2026-09-18T03:07:54.3080479Z ##[endgroup]
2026-09-18T03:07:54.4590146Z (node:2613) [DEP0040] DeprecationWarning: The `punycode` module is deprecated. Please use a userland alternative instead.
2026-09-18T03:07:54.4591364Z (Use `node --trace-deprecation ...` to show where the warning was created)
2026-09-18T03:07:54.4694022Z With the provided path, there will be 1 file uploaded
2026-09-18T03:07:54.4695620Z Artifact name is valid!
2026-09-18T03:07:54.4696266Z Root directory input is valid!
2026-09-18T03:07:54.7693290Z Beginning upload of artifact content to blob storage
2026-09-18T03:07:54.7845076Z (node:2613) [DEP0169] DeprecationWarning: `url.parse()` behavior is not standardized and prone to errors that have security implications. Use the WHATWG URL API instead. CVEs are not issued for `url.parse()` vulnerabilities.
2026-09-18T03:07:54.9634497Z Uploaded bytes 436
2026-09-18T03:07:55.0138199Z Finished uploading artifact content to blob storage!
2026-09-18T03:07:55.0139294Z SHA256 digest of uploaded artifact zip is 33add3322250bb0c1c6fdf1d037ea5a436a6bf540993768ecfef247cc987d0ac
2026-09-18T03:07:55.0145257Z Finalizing artifact upload
2026-09-18T03:07:55.2355933Z Artifact v70-next-depth-pg-C11-f827a3aefd95fd95dedb2bd2ecc93ae01111ea90.zip successfully finalized. Artifact ID 10529888594
2026-09-18T03:07:55.2357876Z Artifact v70-next-depth-pg-C11-f827a3aefd95fd95dedb2bd2ecc93ae01111ea90 has been successfully uploaded! Final size is 436 bytes. Artifact ID is 10529888594
2026-09-18T03:07:55.2361438Z Artifact download URL: https://github.com/yuguangzhi3836-glitch/GO/actions/runs/35301976162/artifacts/10529888594
2026-09-18T03:07:55.2494164Z Node 20 is being deprecated. This workflow is running with Node 24 by default. If you need to temporarily use Node 20, you can set the ACTIONS_ALLOW_USE_UNSECURE_NODE_VERSION=true environment variable. For more information see: https://github.blog/changelog/2025-09-19-deprecation-of-node-20-on-github-actions-runners/
2026-09-18T03:07:55.2495217Z Post job cleanup.
2026-09-18T03:07:55.3294454Z [command]/usr/bin/git version
2026-09-18T03:07:55.3333792Z git version 2.55.0
2026-09-18T03:07:55.3398894Z Temporarily overriding HOME='/home/runner/work/_temp/56853cae-c56c-4822-862a-a960ed85fb88' before making global git config changes
2026-09-18T03:07:55.3408123Z Adding repository directory to the temporary git global config as a safe directory
2026-09-18T03:07:55.3409242Z [command]/usr/bin/git config --global --add safe.directory /home/runner/work/GO/GO
2026-09-18T03:07:55.3465645Z [command]/usr/bin/git config --local --name-only --get-regexp core\.sshCommand
2026-09-18T03:07:55.3525169Z [command]/usr/bin/git submodule foreach --recursive sh -c "git config --local --name-only --get-regexp 'core\.sshCommand' && git config --local --unset-all 'core.sshCommand' || :"
2026-09-18T03:07:55.3838302Z [command]/usr/bin/git config --local --name-only --get-regexp http\.https\:\/\/github\.com\/\.extraheader
2026-09-18T03:07:55.3856778Z [command]/usr/bin/git submodule foreach --recursive sh -c "git config --local --name-only --get-regexp 'http\.https\:\/\/github\.com\/\.extraheader' && git config --local --unset-all 'http.https://github.com/.extraheader' || :"
2026-09-18T03:07:55.4139540Z [command]/usr/bin/git config --local --name-only --get-regexp ^includeIf\.gitdir:
2026-09-18T03:07:55.4197873Z [command]/usr/bin/git submodule foreach --recursive git config --local --show-origin --name-only --get-regexp remote.origin.url
2026-09-18T03:07:55.4614219Z Print service container logs: 572c073f243f4106971bad75de0a9719_postgres184_e469b4
2026-09-18T03:07:55.4618040Z ##[command]/usr/bin/docker logs --details d8b5ec1fabda5d0d77ffbbb6fafdcb7d33b49463f55eac195ea94d986939c7c9
2026-09-18T03:07:55.4737974Z  initdb: warning: enabling "trust" authentication for local connections
2026-09-18T03:07:55.4744709Z  initdb: hint: You can change this by editing pg_hba.conf or using the option -A, or --auth-local and --auth-host, the next time you run initdb.
2026-09-18T03:07:55.4745497Z  The files belonging to this database system will be owned by user "postgres".
2026-09-18T03:07:55.4746651Z  This user must also own the server process.
2026-09-18T03:07:55.4748041Z  2026-09-18 03:07:20.057 UTC [1] LOG:  starting PostgreSQL 18.4 (Debian 18.4-1.pgdg13+1) on x86_64-pc-linux-gnu, compiled by gcc (Debian 14.2.0-19) 14.2.0, 64-bit
2026-09-18T03:07:55.4748878Z  
2026-09-18T03:07:55.4749670Z  2026-09-18 03:07:20.057 UTC [1] LOG:  listening on IPv4 address "0.0.0.0", port 5432
2026-09-18T03:07:55.4750427Z  2026-09-18 03:07:20.057 UTC [1] LOG:  listening on IPv6 address "::", port 5432
2026-09-18T03:07:55.4751174Z  2026-09-18 03:07:20.060 UTC [1] LOG:  listening on Unix socket "/var/run/postgresql/.s.PGSQL.5432"
2026-09-18T03:07:55.4751970Z  2026-09-18 03:07:20.067 UTC [74] LOG:  database system was shut down at 2026-09-18 03:07:19 UTC
2026-09-18T03:07:55.4752778Z  2026-09-18 03:07:20.071 UTC [1] LOG:  database system is ready to accept connections
2026-09-18T03:07:55.4753573Z  The database cluster will be initialized with locale "en_US.utf8".
2026-09-18T03:07:55.4754273Z  The default database encoding has accordingly been set to "UTF8".
2026-09-18T03:07:55.4754894Z  The default text search configuration will be set to "english".
2026-09-18T03:07:55.4755399Z  
2026-09-18T03:07:55.4755730Z  Data page checksums are enabled.
2026-09-18T03:07:55.4756020Z  
2026-09-18T03:07:55.4756373Z  fixing permissions on existing directory /var/lib/postgresql/18/docker ... ok
2026-09-18T03:07:55.4756999Z  creating subdirectories ... ok
2026-09-18T03:07:55.4757349Z  selecting dynamic shared memory implementation ... posix
2026-09-18T03:07:55.4757725Z  selecting default "max_connections" ... 100
2026-09-18T03:07:55.4758079Z  selecting default "shared_buffers" ... 128MB
2026-09-18T03:07:55.4758451Z  selecting default time zone ... Etc/UTC
2026-09-18T03:07:55.4758783Z  creating configuration files ... ok
2026-09-18T03:07:55.4759090Z  running bootstrap script ... ok
2026-09-18T03:07:55.4759442Z  performing post-bootstrap initialization ... ok
2026-09-18T03:07:55.4759755Z  syncing data to disk ... ok
2026-09-18T03:07:55.4760045Z  
2026-09-18T03:07:55.4760322Z  
2026-09-18T03:07:55.4760608Z  Success. You can now start the database server using:
2026-09-18T03:07:55.4760928Z  
2026-09-18T03:07:55.4761248Z      pg_ctl -D /var/lib/postgresql/18/docker -l logfile start
2026-09-18T03:07:55.4761593Z  
2026-09-18T03:07:55.4762187Z  waiting for server to start....2026-09-18 03:07:19.533 UTC [52] LOG:  starting PostgreSQL 18.4 (Debian 18.4-1.pgdg13+1) on x86_64-pc-linux-gnu, compiled by gcc (Debian 14.2.0-19) 14.2.0, 64-bit
2026-09-18T03:07:55.4762985Z  2026-09-18 03:07:19.534 UTC [52] LOG:  listening on Unix socket "/var/run/postgresql/.s.PGSQL.5432"
2026-09-18T03:07:55.4763711Z  2026-09-18 03:07:19.537 UTC [58] LOG:  database system was shut down at 2026-09-18 03:07:18 UTC
2026-09-18T03:07:55.4764241Z  2026-09-18 03:07:19.540 UTC [52] LOG:  database system is ready to accept connections
2026-09-18T03:07:55.4764650Z   done
2026-09-18T03:07:55.4764884Z  server started
2026-09-18T03:07:55.4765182Z  CREATE DATABASE
2026-09-18T03:07:55.4765447Z  
2026-09-18T03:07:55.4765682Z  
2026-09-18T03:07:55.4766015Z  /usr/local/bin/docker-entrypoint.sh: ignoring /docker-entrypoint-initdb.d/*
2026-09-18T03:07:55.4766408Z  
2026-09-18T03:07:55.4766741Z  2026-09-18 03:07:19.736 UTC [52] LOG:  received fast shutdown request
2026-09-18T03:07:55.4767361Z  waiting for server to shut down....2026-09-18 03:07:19.737 UTC [52] LOG:  aborting any active transactions
2026-09-18T03:07:55.4767998Z  2026-09-18 03:07:19.738 UTC [52] LOG:  background worker "logical replication launcher" (PID 61) exited with exit code 1
2026-09-18T03:07:55.4768561Z  2026-09-18 03:07:19.739 UTC [56] LOG:  shutting down
2026-09-18T03:07:55.4768950Z  2026-09-18 03:07:19.740 UTC [56] LOG:  checkpoint starting: shutdown immediate
2026-09-18T03:07:55.4769959Z  2026-09-18 03:07:19.944 UTC [56] LOG:  checkpoint complete: wrote 943 buffers (5.8%), wrote 3 SLRU buffers; 0 WAL file(s) added, 0 removed, 0 recycled; write=0.144 s, sync=0.060 s, total=0.205 s; sync files=303, longest=0.037 s, average=0.001 s; distance=4352 kB, estimate=4352 kB; lsn=0/1B9FBA8, redo lsn=0/1B9FBA8
2026-09-18T03:07:55.4770872Z  2026-09-18 03:07:19.953 UTC [52] LOG:  database system is shut down
2026-09-18T03:07:55.4771260Z   done
2026-09-18T03:07:55.4771523Z  server stopped
2026-09-18T03:07:55.4772105Z  
2026-09-18T03:07:55.4772414Z  PostgreSQL init process complete; ready for start up.
2026-09-18T03:07:55.4772749Z  
2026-09-18T03:07:55.4777620Z Stop and remove container: 572c073f243f4106971bad75de0a9719_postgres184_e469b4
2026-09-18T03:07:55.4781341Z ##[command]/usr/bin/docker rm --force d8b5ec1fabda5d0d77ffbbb6fafdcb7d33b49463f55eac195ea94d986939c7c9
2026-09-18T03:08:01.4661235Z d8b5ec1fabda5d0d77ffbbb6fafdcb7d33b49463f55eac195ea94d986939c7c9
2026-09-18T03:08:01.4683394Z Remove container network: github_network_db0a81338f74497a97f2f8ce52494bbe
2026-09-18T03:08:01.4687513Z ##[command]/usr/bin/docker network rm github_network_db0a81338f74497a97f2f8ce52494bbe
2026-09-18T03:08:01.5328160Z github_network_db0a81338f74497a97f2f8ce52494bbe
2026-09-18T03:08:01.5393870Z Cleaning up orphan processes
2026-09-18T03:08:01.5591184Z ##[warning]Node.js 20 is deprecated. The following actions target Node.js 20 but are being forced to run on Node.js 24: actions/checkout@v4, actions/setup-python@v5, actions/upload-artifact@v4. For more information see: https://github.blog/changelog/2025-09-19-deprecation-of-node-20-on-github-actions-runners/

