2026-09-18T03:07:05.1483463Z Current runner version: '2.337.0'
2026-09-18T03:07:05.1516671Z ##[group]Runner Image Provisioner
2026-09-18T03:07:05.1518338Z Hosted Compute Agent
2026-09-18T03:07:05.1519411Z Version: 20260828.587
2026-09-18T03:07:05.1520707Z Commit: abac92662cab4cc7352de4f9f9d2e2419aad9c29
2026-09-18T03:07:05.1522086Z Build Date: 2026-08-28T16:44:25Z
2026-09-18T03:07:05.1523286Z Worker ID: {6962e7b6-195b-4eb6-bac5-52f142dcab3b}
2026-09-18T03:07:05.1524767Z Azure Region: centralus
2026-09-18T03:07:05.1525838Z ##[endgroup]
2026-09-18T03:07:05.1528748Z ##[group]Operating System
2026-09-18T03:07:05.1529960Z Ubuntu
2026-09-18T03:07:05.1530965Z 24.04.5
2026-09-18T03:07:05.1531884Z LTS
2026-09-18T03:07:05.1532794Z ##[endgroup]
2026-09-18T03:07:05.1534017Z ##[group]Runner Image
2026-09-18T03:07:05.1535191Z Image: ubuntu-24.04
2026-09-18T03:07:05.1536205Z Version: 20260907.300.1
2026-09-18T03:07:05.1538831Z Included Software: https://github.com/actions/runner-images/blob/ubuntu24/20260907.300/images/ubuntu/Ubuntu2404-Readme.md
2026-09-18T03:07:05.1541720Z Image Release: https://github.com/actions/runner-images/releases/tag/ubuntu24%2F20260907.300
2026-09-18T03:07:05.1543603Z ##[endgroup]
2026-09-18T03:07:05.1545715Z ##[group]GITHUB_TOKEN Permissions
2026-09-18T03:07:05.1549058Z Contents: read
2026-09-18T03:07:05.1550250Z Metadata: read
2026-09-18T03:07:05.1551282Z ##[endgroup]
2026-09-18T03:07:05.1575346Z Secret source: Actions
2026-09-18T03:07:05.1577377Z Cache mode: write
2026-09-18T03:07:05.1578962Z Prepare workflow directory
2026-09-18T03:07:05.3234571Z Prepare all required actions
2026-09-18T03:07:05.3359855Z Getting action download info
2026-09-18T03:07:05.6536216Z Download action repository 'actions/checkout@v4' (SHA:11d5960a326750d5838078e36cf38b85af677262)
2026-09-18T03:07:05.7884191Z Download action repository 'actions/setup-python@v5' (SHA:a26af69be951a213d495a4c3e4e4022e16d87065)
2026-09-18T03:07:05.8819522Z Download action repository 'actions/upload-artifact@v4' (SHA:ea165f8d65b6e75b540449e92b4886f43607fa02)
2026-09-18T03:07:06.0998710Z Complete job name: postgres (C07, go_c07_isolated, ci/next_depth/c07_postgres.py)
2026-09-18T03:07:06.1446570Z ##[group]Checking docker version
2026-09-18T03:07:06.1460130Z ##[command]/usr/bin/docker version --format '{{.Server.APIVersion}}'
2026-09-18T03:07:06.2461586Z '1.48'
2026-09-18T03:07:06.2478468Z Docker daemon API version: '1.48'
2026-09-18T03:07:06.2479758Z ##[command]/usr/bin/docker version --format '{{.Client.APIVersion}}'
2026-09-18T03:07:06.2699759Z '1.48'
2026-09-18T03:07:06.2709145Z Docker client API version: '1.48'
2026-09-18T03:07:06.2715448Z ##[endgroup]
2026-09-18T03:07:06.2720868Z ##[group]Clean up resources from previous jobs
2026-09-18T03:07:06.2729842Z ##[command]/usr/bin/docker ps --all --quiet --no-trunc --filter "label=0a7e73"
2026-09-18T03:07:06.2893107Z ##[command]/usr/bin/docker network prune --force --filter "label=0a7e73"
2026-09-18T03:07:06.3033411Z ##[endgroup]
2026-09-18T03:07:06.3033933Z ##[group]Create local container network
2026-09-18T03:07:06.3044073Z ##[command]/usr/bin/docker network create --label 0a7e73 github_network_24c05fd73177461d96a38ca5c1a0656a
2026-09-18T03:07:06.3715661Z a6107bae1647604ba07bacd11566ad8ae363b59d3b5d5336b9e4efe997ed38ac
2026-09-18T03:07:06.3728092Z ##[endgroup]
2026-09-18T03:07:06.3752393Z ##[group]Starting postgres service container
2026-09-18T03:07:06.3774225Z ##[command]/usr/bin/docker pull postgres:18.4
2026-09-18T03:07:06.9731463Z 18.4: Pulling from library/postgres
2026-09-18T03:07:07.1206980Z 26c307b5e35a: Pulling fs layer
2026-09-18T03:07:07.1211066Z 5db2b7edf527: Pulling fs layer
2026-09-18T03:07:07.1212590Z 130549402290: Pulling fs layer
2026-09-18T03:07:07.1214043Z 8241f4a14319: Pulling fs layer
2026-09-18T03:07:07.1215677Z a4dcdc0137d7: Pulling fs layer
2026-09-18T03:07:07.1217467Z d1052e262c2e: Pulling fs layer
2026-09-18T03:07:07.1219157Z 39762d0b4bb2: Pulling fs layer
2026-09-18T03:07:07.1220771Z 38639b9be6a6: Pulling fs layer
2026-09-18T03:07:07.1222406Z 4e6c52c74256: Pulling fs layer
2026-09-18T03:07:07.1224055Z f51baa0c6c0d: Pulling fs layer
2026-09-18T03:07:07.1225476Z 88bb22edda9b: Pulling fs layer
2026-09-18T03:07:07.1226523Z f7d54729e84b: Pulling fs layer
2026-09-18T03:07:07.1227957Z f90dd111f2e5: Pulling fs layer
2026-09-18T03:07:07.1228941Z a4dcdc0137d7: Waiting
2026-09-18T03:07:07.1229787Z d1052e262c2e: Waiting
2026-09-18T03:07:07.1230705Z 39762d0b4bb2: Waiting
2026-09-18T03:07:07.1231633Z 38639b9be6a6: Waiting
2026-09-18T03:07:07.1232533Z 4e6c52c74256: Waiting
2026-09-18T03:07:07.1233350Z f51baa0c6c0d: Waiting
2026-09-18T03:07:07.1234305Z 88bb22edda9b: Waiting
2026-09-18T03:07:07.1235852Z f7d54729e84b: Waiting
2026-09-18T03:07:07.1237224Z f90dd111f2e5: Waiting
2026-09-18T03:07:07.1238302Z 8241f4a14319: Waiting
2026-09-18T03:07:07.3236882Z 5db2b7edf527: Download complete
2026-09-18T03:07:07.4478566Z 130549402290: Verifying Checksum
2026-09-18T03:07:07.4480711Z 130549402290: Download complete
2026-09-18T03:07:07.5407782Z 26c307b5e35a: Verifying Checksum
2026-09-18T03:07:07.5410009Z 26c307b5e35a: Download complete
2026-09-18T03:07:07.5757717Z 8241f4a14319: Verifying Checksum
2026-09-18T03:07:07.5760671Z 8241f4a14319: Download complete
2026-09-18T03:07:07.7206977Z 39762d0b4bb2: Verifying Checksum
2026-09-18T03:07:07.7212360Z 39762d0b4bb2: Download complete
2026-09-18T03:07:07.7566233Z a4dcdc0137d7: Verifying Checksum
2026-09-18T03:07:07.7571364Z a4dcdc0137d7: Download complete
2026-09-18T03:07:07.7789311Z d1052e262c2e: Verifying Checksum
2026-09-18T03:07:07.7790608Z d1052e262c2e: Download complete
2026-09-18T03:07:07.8896198Z 38639b9be6a6: Verifying Checksum
2026-09-18T03:07:07.8898177Z 38639b9be6a6: Download complete
2026-09-18T03:07:07.9588950Z f51baa0c6c0d: Verifying Checksum
2026-09-18T03:07:07.9590523Z f51baa0c6c0d: Download complete
2026-09-18T03:07:08.0539947Z 88bb22edda9b: Verifying Checksum
2026-09-18T03:07:08.0554622Z 88bb22edda9b: Download complete
2026-09-18T03:07:08.1211316Z f7d54729e84b: Verifying Checksum
2026-09-18T03:07:08.1220588Z f7d54729e84b: Download complete
2026-09-18T03:07:08.1794464Z f90dd111f2e5: Download complete
2026-09-18T03:07:08.6242881Z 4e6c52c74256: Verifying Checksum
2026-09-18T03:07:08.6243762Z 4e6c52c74256: Download complete
2026-09-18T03:07:09.1426641Z 26c307b5e35a: Pull complete
2026-09-18T03:07:12.3225999Z 5db2b7edf527: Pull complete
2026-09-18T03:07:12.5440011Z 130549402290: Pull complete
2026-09-18T03:07:12.5959030Z 8241f4a14319: Pull complete
2026-09-18T03:07:12.9591815Z a4dcdc0137d7: Pull complete
2026-09-18T03:07:13.0483719Z d1052e262c2e: Pull complete
2026-09-18T03:07:13.0592938Z 39762d0b4bb2: Pull complete
2026-09-18T03:07:13.0768207Z 38639b9be6a6: Pull complete
2026-09-18T03:07:17.4669336Z 4e6c52c74256: Pull complete
2026-09-18T03:07:17.4882076Z f51baa0c6c0d: Pull complete
2026-09-18T03:07:17.5211957Z 88bb22edda9b: Pull complete
2026-09-18T03:07:17.5374049Z f7d54729e84b: Pull complete
2026-09-18T03:07:17.5474328Z f90dd111f2e5: Pull complete
2026-09-18T03:07:17.5519669Z Digest: sha256:a02db8cac496f15b094798a38254f14d6e00741f709360e5e00bb6668ea31636
2026-09-18T03:07:17.5535042Z Status: Downloaded newer image for postgres:18.4
2026-09-18T03:07:17.5544864Z docker.io/library/postgres:18.4
2026-09-18T03:07:17.5618034Z ##[command]/usr/bin/docker create --name 8d0c0634036b458eb552de95a179c806_postgres184_9a41bb --label 0a7e73 --network github_network_24c05fd73177461d96a38ca5c1a0656a --network-alias postgres -p 5432:5432 --health-cmd "pg_isready -U go_ci -d go_c07_isolated" --health-interval 5s --health-timeout 5s --health-retries 20 -e "POSTGRES_DB=go_c07_isolated" -e "POSTGRES_USER=go_ci" -e "POSTGRES_PASSWORD=isolated_ci_only" -e GITHUB_ACTIONS=true -e CI=true postgres:18.4
2026-09-18T03:07:17.5899021Z 99eddcf8582a2e0f1da74d1ec0028497d4c0d3566452de51a0de784d96dcd30a
2026-09-18T03:07:17.5921085Z ##[command]/usr/bin/docker start 99eddcf8582a2e0f1da74d1ec0028497d4c0d3566452de51a0de784d96dcd30a
2026-09-18T03:07:17.8497664Z 99eddcf8582a2e0f1da74d1ec0028497d4c0d3566452de51a0de784d96dcd30a
2026-09-18T03:07:17.8562834Z ##[command]/usr/bin/docker ps --all --filter id=99eddcf8582a2e0f1da74d1ec0028497d4c0d3566452de51a0de784d96dcd30a --filter status=running --no-trunc --format "{{.ID}} {{.Status}}"
2026-09-18T03:07:17.8760807Z 99eddcf8582a2e0f1da74d1ec0028497d4c0d3566452de51a0de784d96dcd30a Up Less than a second (health: starting)
2026-09-18T03:07:17.8799822Z ##[command]/usr/bin/docker port 99eddcf8582a2e0f1da74d1ec0028497d4c0d3566452de51a0de784d96dcd30a
2026-09-18T03:07:17.8997743Z 5432/tcp -> 0.0.0.0:5432
2026-09-18T03:07:17.9008953Z 5432/tcp -> [::]:5432
2026-09-18T03:07:17.9055362Z ##[endgroup]
2026-09-18T03:07:17.9067739Z ##[group]Waiting for all services to be ready
2026-09-18T03:07:17.9086247Z ##[command]/usr/bin/docker inspect --format="{{if .Config.Healthcheck}}{{print .State.Health.Status}}{{end}}" 99eddcf8582a2e0f1da74d1ec0028497d4c0d3566452de51a0de784d96dcd30a
2026-09-18T03:07:17.9329327Z starting
2026-09-18T03:07:17.9356363Z postgres service is starting, waiting 2 seconds before checking again.
2026-09-18T03:07:19.9369678Z ##[command]/usr/bin/docker inspect --format="{{if .Config.Healthcheck}}{{print .State.Health.Status}}{{end}}" 99eddcf8582a2e0f1da74d1ec0028497d4c0d3566452de51a0de784d96dcd30a
2026-09-18T03:07:19.9567733Z starting
2026-09-18T03:07:19.9590568Z postgres service is starting, waiting 4 seconds before checking again.
2026-09-18T03:07:24.3439141Z ##[command]/usr/bin/docker inspect --format="{{if .Config.Healthcheck}}{{print .State.Health.Status}}{{end}}" 99eddcf8582a2e0f1da74d1ec0028497d4c0d3566452de51a0de784d96dcd30a
2026-09-18T03:07:24.3647841Z healthy
2026-09-18T03:07:24.3663156Z postgres service is healthy.
2026-09-18T03:07:24.3663547Z ##[endgroup]
2026-09-18T03:07:24.3938629Z Node 20 is being deprecated. This workflow is running with Node 24 by default. If you need to temporarily use Node 20, you can set the ACTIONS_ALLOW_USE_UNSECURE_NODE_VERSION=true environment variable. For more information see: https://github.blog/changelog/2025-09-19-deprecation-of-node-20-on-github-actions-runners/
2026-09-18T03:07:24.3948733Z ##[group]Run actions/checkout@v4
2026-09-18T03:07:24.3949369Z with:
2026-09-18T03:07:24.3949627Z   ref: f827a3aefd95fd95dedb2bd2ecc93ae01111ea90
2026-09-18T03:07:24.3950159Z   persist-credentials: false
2026-09-18T03:07:24.3950466Z   repository: yuguangzhi3836-glitch/GO
2026-09-18T03:07:24.3953234Z   token: ***
2026-09-18T03:07:24.3953452Z   ssh-strict: true
2026-09-18T03:07:24.3953832Z   ssh-user: git
2026-09-18T03:07:24.3954039Z   clean: true
2026-09-18T03:07:24.3954254Z   sparse-checkout-cone-mode: true
2026-09-18T03:07:24.3954511Z   fetch-depth: 1
2026-09-18T03:07:24.3954718Z   fetch-tags: false
2026-09-18T03:07:24.3955129Z   show-progress: true
2026-09-18T03:07:24.3955347Z   lfs: false
2026-09-18T03:07:24.3955537Z   submodules: false
2026-09-18T03:07:24.3955768Z   set-safe-directory: true
2026-09-18T03:07:24.3956123Z   allow-unsafe-pr-checkout: false
2026-09-18T03:07:24.3956749Z env:
2026-09-18T03:07:24.3956965Z   PYTHONDONTWRITEBYTECODE: 1
2026-09-18T03:07:24.3957983Z   GO_C07_RUNTIME_DATABASE_URL: ***127.0.0.1:5432/go_c07_isolated
2026-09-18T03:07:24.3958792Z   GO_C09_RUNTIME_DATABASE_URL: ***127.0.0.1:5432/go_c07_isolated
2026-09-18T03:07:24.3959424Z   GO_C11_RUNTIME_DATABASE_URL: ***127.0.0.1:5432/go_c07_isolated
2026-09-18T03:07:24.3960202Z   GO_C10_RUNTIME_DATABASE_URL: ***127.0.0.1:5432/go_c07_isolated
2026-09-18T03:07:24.3960601Z   GO_C07_SOURCE_COMMIT: f827a3aefd95fd95dedb2bd2ecc93ae01111ea90
2026-09-18T03:07:24.3961127Z   GO_C09_SOURCE_COMMIT: f827a3aefd95fd95dedb2bd2ecc93ae01111ea90
2026-09-18T03:07:24.3961575Z   GO_C11_SOURCE_COMMIT: f827a3aefd95fd95dedb2bd2ecc93ae01111ea90
2026-09-18T03:07:24.3961976Z   GO_C10_SOURCE_COMMIT: f827a3aefd95fd95dedb2bd2ecc93ae01111ea90
2026-09-18T03:07:24.3962461Z ##[endgroup]
2026-09-18T03:07:24.5115468Z Syncing repository: yuguangzhi3836-glitch/GO
2026-09-18T03:07:24.5138531Z ##[group]Getting Git version info
2026-09-18T03:07:24.5139163Z Working directory is '/home/runner/work/GO/GO'
2026-09-18T03:07:24.5140036Z [command]/usr/bin/git version
2026-09-18T03:07:24.5268009Z git version 2.55.0
2026-09-18T03:07:24.5331530Z ##[endgroup]
2026-09-18T03:07:24.5338567Z Temporarily overriding HOME='/home/runner/work/_temp/6e6a6f75-4857-4f31-9fa9-7f4e6c010d12' before making global git config changes
2026-09-18T03:07:24.5340057Z Adding repository directory to the temporary git global config as a safe directory
2026-09-18T03:07:24.5341204Z [command]/usr/bin/git config --global --add safe.directory /home/runner/work/GO/GO
2026-09-18T03:07:24.5411216Z Deleting the contents of '/home/runner/work/GO/GO'
2026-09-18T03:07:24.5412412Z ##[group]Initializing the repository
2026-09-18T03:07:24.5413132Z [command]/usr/bin/git init /home/runner/work/GO/GO
2026-09-18T03:07:24.5552449Z hint: Using 'master' as the name for the initial branch. This default branch name
2026-09-18T03:07:24.5559565Z hint: will change to "main" in Git 3.0. To configure the initial branch name
2026-09-18T03:07:24.5573011Z hint: to use in all of your new repositories, which will suppress this warning,
2026-09-18T03:07:24.5588272Z hint: call:
2026-09-18T03:07:24.5591894Z hint:
2026-09-18T03:07:24.5592712Z hint: 	git config --global init.defaultBranch <name>
2026-09-18T03:07:24.5593523Z hint:
2026-09-18T03:07:24.5594274Z hint: Names commonly chosen instead of 'master' are 'main', 'trunk' and
2026-09-18T03:07:24.5595457Z hint: 'development'. The just-created branch can be renamed via this command:
2026-09-18T03:07:24.5596416Z hint:
2026-09-18T03:07:24.5597005Z hint: 	git branch -m <name>
2026-09-18T03:07:24.5597889Z hint:
2026-09-18T03:07:24.5598697Z hint: Disable this message with "git config set advice.defaultBranchName false"
2026-09-18T03:07:24.5600048Z Initialized empty Git repository in /home/runner/work/GO/GO/.git/
2026-09-18T03:07:24.5602118Z [command]/usr/bin/git remote add origin https://github.com/yuguangzhi3836-glitch/GO
2026-09-18T03:07:24.5692711Z ##[endgroup]
2026-09-18T03:07:24.5693585Z ##[group]Disabling automatic garbage collection
2026-09-18T03:07:24.5694361Z [command]/usr/bin/git config --local gc.auto 0
2026-09-18T03:07:24.5736781Z ##[endgroup]
2026-09-18T03:07:24.5738162Z ##[group]Setting up auth
2026-09-18T03:07:24.5742642Z [command]/usr/bin/git config --local --name-only --get-regexp core\.sshCommand
2026-09-18T03:07:24.5800755Z [command]/usr/bin/git submodule foreach --recursive sh -c "git config --local --name-only --get-regexp 'core\.sshCommand' && git config --local --unset-all 'core.sshCommand' || :"
2026-09-18T03:07:24.6368463Z [command]/usr/bin/git config --local --name-only --get-regexp http\.https\:\/\/github\.com\/\.extraheader
2026-09-18T03:07:24.6459441Z [command]/usr/bin/git submodule foreach --recursive sh -c "git config --local --name-only --get-regexp 'http\.https\:\/\/github\.com\/\.extraheader' && git config --local --unset-all 'http.https://github.com/.extraheader' || :"
2026-09-18T03:07:24.6689017Z [command]/usr/bin/git config --local --name-only --get-regexp ^includeIf\.gitdir:
2026-09-18T03:07:24.6726034Z [command]/usr/bin/git submodule foreach --recursive git config --local --show-origin --name-only --get-regexp remote.origin.url
2026-09-18T03:07:24.6968535Z [command]/usr/bin/git config --local http.https://github.com/.extraheader AUTHORIZATION: basic ***
2026-09-18T03:07:24.7010633Z ##[endgroup]
2026-09-18T03:07:24.7011649Z ##[group]Fetching the repository
2026-09-18T03:07:24.7022749Z [command]/usr/bin/git -c protocol.version=2 fetch --no-tags --prune --no-recurse-submodules --depth=1 origin f827a3aefd95fd95dedb2bd2ecc93ae01111ea90
2026-09-18T03:07:35.8159682Z From https://github.com/yuguangzhi3836-glitch/GO
2026-09-18T03:07:35.8162326Z  * branch            f827a3aefd95fd95dedb2bd2ecc93ae01111ea90 -> FETCH_HEAD
2026-09-18T03:07:35.8168108Z ##[endgroup]
2026-09-18T03:07:35.8169109Z ##[group]Determining the checkout info
2026-09-18T03:07:35.8172562Z ##[endgroup]
2026-09-18T03:07:35.8180972Z [command]/usr/bin/git sparse-checkout disable
2026-09-18T03:07:35.8253836Z [command]/usr/bin/git config --local --unset-all extensions.worktreeConfig
2026-09-18T03:07:35.8292532Z ##[group]Checking out the ref
2026-09-18T03:07:35.8297498Z [command]/usr/bin/git checkout --progress --force f827a3aefd95fd95dedb2bd2ecc93ae01111ea90
2026-09-18T03:07:36.9665698Z Updating files:  29% (1759/5882)
2026-09-18T03:07:37.4119360Z Updating files:  30% (1765/5882)
2026-09-18T03:07:37.4137905Z Updating files:  31% (1824/5882)
2026-09-18T03:07:37.4166185Z Updating files:  32% (1883/5882)
2026-09-18T03:07:37.4270530Z Updating files:  33% (1942/5882)
2026-09-18T03:07:37.4324696Z Updating files:  34% (2000/5882)
2026-09-18T03:07:37.4396229Z Updating files:  35% (2059/5882)
2026-09-18T03:07:37.4425562Z Updating files:  36% (2118/5882)
2026-09-18T03:07:37.4454167Z Updating files:  37% (2177/5882)
2026-09-18T03:07:37.4484345Z Updating files:  38% (2236/5882)
2026-09-18T03:07:37.4517247Z Updating files:  39% (2294/5882)
2026-09-18T03:07:37.4552123Z Updating files:  40% (2353/5882)
2026-09-18T03:07:37.4582992Z Updating files:  41% (2412/5882)
2026-09-18T03:07:37.4611904Z Updating files:  42% (2471/5882)
2026-09-18T03:07:37.4656810Z Updating files:  43% (2530/5882)
2026-09-18T03:07:37.4704571Z Updating files:  44% (2589/5882)
2026-09-18T03:07:37.4744729Z Updating files:  45% (2647/5882)
2026-09-18T03:07:37.4787998Z Updating files:  46% (2706/5882)
2026-09-18T03:07:37.4834402Z Updating files:  47% (2765/5882)
2026-09-18T03:07:37.4867977Z Updating files:  48% (2824/5882)
2026-09-18T03:07:37.4905721Z Updating files:  49% (2883/5882)
2026-09-18T03:07:37.4941477Z Updating files:  50% (2941/5882)
2026-09-18T03:07:37.4976509Z Updating files:  51% (3000/5882)
2026-09-18T03:07:37.5010767Z Updating files:  52% (3059/5882)
2026-09-18T03:07:37.5882865Z Updating files:  53% (3118/5882)
2026-09-18T03:07:37.5925853Z Updating files:  54% (3177/5882)
2026-09-18T03:07:37.6002419Z Updating files:  55% (3236/5882)
2026-09-18T03:07:37.6246807Z Updating files:  56% (3294/5882)
2026-09-18T03:07:37.6551527Z Updating files:  57% (3353/5882)
2026-09-18T03:07:37.6926705Z Updating files:  58% (3412/5882)
2026-09-18T03:07:37.6968020Z Updating files:  59% (3471/5882)
2026-09-18T03:07:37.6999411Z Updating files:  60% (3530/5882)
2026-09-18T03:07:37.7027673Z Updating files:  61% (3589/5882)
2026-09-18T03:07:37.7067015Z Updating files:  62% (3647/5882)
2026-09-18T03:07:37.7131597Z Updating files:  63% (3706/5882)
2026-09-18T03:07:37.7159962Z Updating files:  64% (3765/5882)
2026-09-18T03:07:37.7191026Z Updating files:  65% (3824/5882)
2026-09-18T03:07:37.7231445Z Updating files:  66% (3883/5882)
2026-09-18T03:07:37.7274059Z Updating files:  67% (3941/5882)
2026-09-18T03:07:37.7313395Z Updating files:  68% (4000/5882)
2026-09-18T03:07:37.7350222Z Updating files:  69% (4059/5882)
2026-09-18T03:07:37.7384166Z Updating files:  70% (4118/5882)
2026-09-18T03:07:37.7454547Z Updating files:  71% (4177/5882)
2026-09-18T03:07:37.7636320Z Updating files:  72% (4236/5882)
2026-09-18T03:07:37.7901274Z Updating files:  73% (4294/5882)
2026-09-18T03:07:37.8306737Z Updating files:  74% (4353/5882)
2026-09-18T03:07:37.8368039Z Updating files:  75% (4412/5882)
2026-09-18T03:07:37.8395706Z Updating files:  76% (4471/5882)
2026-09-18T03:07:37.8438660Z Updating files:  76% (4500/5882)
2026-09-18T03:07:37.8495812Z Updating files:  77% (4530/5882)
2026-09-18T03:07:37.8522475Z Updating files:  78% (4588/5882)
2026-09-18T03:07:37.8546658Z Updating files:  79% (4647/5882)
2026-09-18T03:07:37.8569255Z Updating files:  80% (4706/5882)
2026-09-18T03:07:37.8589528Z Updating files:  81% (4765/5882)
2026-09-18T03:07:37.8614927Z Updating files:  82% (4824/5882)
2026-09-18T03:07:37.8659959Z Updating files:  83% (4883/5882)
2026-09-18T03:07:37.8686487Z Updating files:  84% (4941/5882)
2026-09-18T03:07:37.8729014Z Updating files:  85% (5000/5882)
2026-09-18T03:07:37.8758762Z Updating files:  86% (5059/5882)
2026-09-18T03:07:37.8783906Z Updating files:  87% (5118/5882)
2026-09-18T03:07:37.8847701Z Updating files:  88% (5177/5882)
2026-09-18T03:07:37.8887773Z Updating files:  89% (5235/5882)
2026-09-18T03:07:37.8916406Z Updating files:  90% (5294/5882)
2026-09-18T03:07:37.8942796Z Updating files:  91% (5353/5882)
2026-09-18T03:07:37.9009368Z Updating files:  92% (5412/5882)
2026-09-18T03:07:37.9036881Z Updating files:  93% (5471/5882)
2026-09-18T03:07:37.9063787Z Updating files:  94% (5530/5882)
2026-09-18T03:07:37.9096152Z Updating files:  95% (5588/5882)
2026-09-18T03:07:37.9142006Z Updating files:  96% (5647/5882)
2026-09-18T03:07:37.9177080Z Updating files:  97% (5706/5882)
2026-09-18T03:07:37.9214710Z Updating files:  98% (5765/5882)
2026-09-18T03:07:37.9245900Z Updating files:  99% (5824/5882)
2026-09-18T03:07:37.9247500Z Updating files: 100% (5882/5882)
2026-09-18T03:07:37.9248167Z Updating files: 100% (5882/5882), done.
2026-09-18T03:07:38.2145479Z Note: switching to 'f827a3aefd95fd95dedb2bd2ecc93ae01111ea90'.
2026-09-18T03:07:38.2146230Z 
2026-09-18T03:07:38.2146688Z You are in 'detached HEAD' state. You can look around, make experimental
2026-09-18T03:07:38.2147900Z changes and commit them, and you can discard any commits you make in this
2026-09-18T03:07:38.2148863Z state without impacting any branches by switching back to a branch.
2026-09-18T03:07:38.2149379Z 
2026-09-18T03:07:38.2149713Z If you want to create a new branch to retain commits you create, you may
2026-09-18T03:07:38.2150259Z do so (now or later) by using -c with the switch command. Example:
2026-09-18T03:07:38.2150539Z 
2026-09-18T03:07:38.2150655Z   git switch -c <new-branch-name>
2026-09-18T03:07:38.2150839Z 
2026-09-18T03:07:38.2150938Z Or undo this operation with:
2026-09-18T03:07:38.2151100Z 
2026-09-18T03:07:38.2151184Z   git switch -
2026-09-18T03:07:38.2151307Z 
2026-09-18T03:07:38.2151519Z Turn off this advice by setting config variable advice.detachedHead to false
2026-09-18T03:07:38.2152049Z 
2026-09-18T03:07:38.2152281Z HEAD is now at f827a3a fix(catalog): bind gallery harvest to measured HK CDN bytes
2026-09-18T03:07:38.3802769Z ##[endgroup]
2026-09-18T03:07:38.4646760Z [command]/usr/bin/git log -1 --format=%H
2026-09-18T03:07:38.4681063Z f827a3aefd95fd95dedb2bd2ecc93ae01111ea90
2026-09-18T03:07:38.4708013Z ##[group]Removing auth
2026-09-18T03:07:38.4728612Z [command]/usr/bin/git config --local --name-only --get-regexp core\.sshCommand
2026-09-18T03:07:38.4759373Z [command]/usr/bin/git submodule foreach --recursive sh -c "git config --local --name-only --get-regexp 'core\.sshCommand' && git config --local --unset-all 'core.sshCommand' || :"
2026-09-18T03:07:38.5000932Z [command]/usr/bin/git config --local --name-only --get-regexp http\.https\:\/\/github\.com\/\.extraheader
2026-09-18T03:07:38.6201710Z http.https://github.com/.extraheader
2026-09-18T03:07:38.6219145Z [command]/usr/bin/git config --local --unset-all http.https://github.com/.extraheader
2026-09-18T03:07:38.9605798Z [command]/usr/bin/git submodule foreach --recursive sh -c "git config --local --name-only --get-regexp 'http\.https\:\/\/github\.com\/\.extraheader' && git config --local --unset-all 'http.https://github.com/.extraheader' || :"
2026-09-18T03:07:38.9855297Z [command]/usr/bin/git config --local --name-only --get-regexp ^includeIf\.gitdir:
2026-09-18T03:07:38.9918240Z [command]/usr/bin/git submodule foreach --recursive git config --local --show-origin --name-only --get-regexp remote.origin.url
2026-09-18T03:07:39.0209677Z ##[endgroup]
2026-09-18T03:07:39.0459537Z Node 20 is being deprecated. This workflow is running with Node 24 by default. If you need to temporarily use Node 20, you can set the ACTIONS_ALLOW_USE_UNSECURE_NODE_VERSION=true environment variable. For more information see: https://github.blog/changelog/2025-09-19-deprecation-of-node-20-on-github-actions-runners/
2026-09-18T03:07:39.0461170Z ##[group]Run actions/setup-python@v5
2026-09-18T03:07:39.0461437Z with:
2026-09-18T03:07:39.0461643Z   python-version: 3.13.5
2026-09-18T03:07:39.0461877Z   check-latest: false
2026-09-18T03:07:39.0464182Z   token: ***
2026-09-18T03:07:39.0464394Z   update-environment: true
2026-09-18T03:07:39.0464642Z   allow-prereleases: false
2026-09-18T03:07:39.0464876Z   freethreaded: false
2026-09-18T03:07:39.0465083Z env:
2026-09-18T03:07:39.0465294Z   PYTHONDONTWRITEBYTECODE: 1
2026-09-18T03:07:39.0465885Z   GO_C07_RUNTIME_DATABASE_URL: ***127.0.0.1:5432/go_c07_isolated
2026-09-18T03:07:39.0466746Z   GO_C09_RUNTIME_DATABASE_URL: ***127.0.0.1:5432/go_c07_isolated
2026-09-18T03:07:39.0467816Z   GO_C11_RUNTIME_DATABASE_URL: ***127.0.0.1:5432/go_c07_isolated
2026-09-18T03:07:39.0468430Z   GO_C10_RUNTIME_DATABASE_URL: ***127.0.0.1:5432/go_c07_isolated
2026-09-18T03:07:39.0468835Z   GO_C07_SOURCE_COMMIT: f827a3aefd95fd95dedb2bd2ecc93ae01111ea90
2026-09-18T03:07:39.0469239Z   GO_C09_SOURCE_COMMIT: f827a3aefd95fd95dedb2bd2ecc93ae01111ea90
2026-09-18T03:07:39.0469635Z   GO_C11_SOURCE_COMMIT: f827a3aefd95fd95dedb2bd2ecc93ae01111ea90
2026-09-18T03:07:39.0470033Z   GO_C10_SOURCE_COMMIT: f827a3aefd95fd95dedb2bd2ecc93ae01111ea90
2026-09-18T03:07:39.0470358Z ##[endgroup]
2026-09-18T03:07:39.1889389Z ##[group]Installed versions
2026-09-18T03:07:39.4081186Z Version 3.13.5 was not found in the local cache
2026-09-18T03:07:39.4237327Z (node:2794) [DEP0040] DeprecationWarning: The `punycode` module is deprecated. Please use a userland alternative instead.
2026-09-18T03:07:39.4238870Z (Use `node --trace-deprecation ...` to show where the warning was created)
2026-09-18T03:07:40.2264610Z Version 3.13.5 is available for downloading
2026-09-18T03:07:40.2265979Z Download from "https://github.com/actions/python-versions/releases/download/3.13.5-15601068749/python-3.13.5-linux-24.04-x64.tar.gz"
2026-09-18T03:07:41.2608603Z Extract downloaded archive
2026-09-18T03:07:41.2763878Z [command]/usr/bin/tar xz --warning=no-unknown-keyword --overwrite -C /home/runner/work/_temp/58d1d6a0-b56b-4d2a-ac37-6b06f55e6908 -f /home/runner/work/_temp/bd024a04-80b5-44d7-b938-0c0841b51a1e
2026-09-18T03:07:43.7868496Z Execute installation script
2026-09-18T03:07:43.7988560Z Check if Python hostedtoolcache folder exist...
2026-09-18T03:07:43.7990245Z Create Python 3.13.5 folder
2026-09-18T03:07:43.7991035Z Copy Python binaries to hostedtoolcache folder
2026-09-18T03:07:44.4207536Z Create additional symlinks (Required for the UsePythonVersion Azure Pipelines task and the setup-python GitHub Action)
2026-09-18T03:07:44.4255333Z Upgrading pip...
2026-09-18T03:07:46.6840306Z Looking in links: /tmp/tmp9n55nmkf
2026-09-18T03:07:46.6849644Z Requirement already satisfied: pip in /opt/hostedtoolcache/Python/3.13.5/x64/lib/python3.13/site-packages (25.1.1)
2026-09-18T03:07:48.1826741Z Collecting pip
2026-09-18T03:07:48.2494995Z Downloading pip-26.2.1-py3-none-any.whl.metadata (4.6 kB)
2026-09-18T03:07:48.2704421Z Downloading pip-26.2.1-py3-none-any.whl (1.8 MB)
2026-09-18T03:07:48.3941375Z ━━━━━━━━━━━━━━━━━━━━━━━━━━━━━━━━━━━━━━━━ 1.8/1.8 MB 19.9 MB/s eta 0:00:00
2026-09-18T03:07:48.4268009Z Installing collected packages: pip
2026-09-18T03:07:48.4277933Z Attempting uninstall: pip
2026-09-18T03:07:48.4322894Z Found existing installation: pip 25.1.1
2026-09-18T03:07:48.4920997Z Uninstalling pip-25.1.1:
2026-09-18T03:07:48.5040585Z Successfully uninstalled pip-25.1.1
2026-09-18T03:07:50.0250979Z Successfully installed pip-26.2.1
2026-09-18T03:07:50.0692697Z Create complete file
2026-09-18T03:07:50.0759296Z Successfully set up CPython (3.13.5)
2026-09-18T03:07:50.0761088Z ##[endgroup]
2026-09-18T03:07:50.0981602Z ##[group]Run set -euo pipefail
2026-09-18T03:07:50.0981977Z [36;1mset -euo pipefail[0m
2026-09-18T03:07:50.0982401Z [36;1mpython ci/retention/verify_source.py "$RUNNER_TEMP/next-depth-pg/source"[0m
2026-09-18T03:07:50.0983038Z [36;1mpython ci/retention/verify_alignment.py "$RUNNER_TEMP/next-depth-pg/alignment.json"[0m
2026-09-18T03:07:50.0983513Z [36;1mpython - <<'PY'[0m
2026-09-18T03:07:50.0983787Z [36;1mimport json, pathlib, subprocess[0m
2026-09-18T03:07:50.0984254Z [36;1mcandidate=json.loads(pathlib.Path('ci/next-depth/CANDIDATE.json').read_text())[0m
2026-09-18T03:07:50.0984887Z [36;1mactual=subprocess.check_output(['git','rev-parse','HEAD:application'],text=True).strip()[0m
2026-09-18T03:07:50.0985411Z [36;1massert actual==candidate['application_git_tree'][0m
2026-09-18T03:07:50.0985889Z [36;1massert candidate['source_anchor']=='fef9c748adb77d37ba5d4dc4fa4662eb668303a1'[0m
2026-09-18T03:07:50.0986751Z [36;1massert candidate['parent_candidate_commit']=='a274f77e4c1479fb143cdc7ef45d63b9c4f8cc1b'[0m
2026-09-18T03:07:50.0987537Z [36;1mPY[0m
2026-09-18T03:07:50.1031481Z shell: /usr/bin/bash --noprofile --norc -e -o pipefail {0}
2026-09-18T03:07:50.1031860Z env:
2026-09-18T03:07:50.1032076Z   PYTHONDONTWRITEBYTECODE: 1
2026-09-18T03:07:50.1032734Z   GO_C07_RUNTIME_DATABASE_URL: ***127.0.0.1:5432/go_c07_isolated
2026-09-18T03:07:50.1033347Z   GO_C09_RUNTIME_DATABASE_URL: ***127.0.0.1:5432/go_c07_isolated
2026-09-18T03:07:50.1033954Z   GO_C11_RUNTIME_DATABASE_URL: ***127.0.0.1:5432/go_c07_isolated
2026-09-18T03:07:50.1034547Z   GO_C10_RUNTIME_DATABASE_URL: ***127.0.0.1:5432/go_c07_isolated
2026-09-18T03:07:50.1034978Z   GO_C07_SOURCE_COMMIT: f827a3aefd95fd95dedb2bd2ecc93ae01111ea90
2026-09-18T03:07:50.1035389Z   GO_C09_SOURCE_COMMIT: f827a3aefd95fd95dedb2bd2ecc93ae01111ea90
2026-09-18T03:07:50.1035793Z   GO_C11_SOURCE_COMMIT: f827a3aefd95fd95dedb2bd2ecc93ae01111ea90
2026-09-18T03:07:50.1036184Z   GO_C10_SOURCE_COMMIT: f827a3aefd95fd95dedb2bd2ecc93ae01111ea90
2026-09-18T03:07:50.1036588Z   pythonLocation: /opt/hostedtoolcache/Python/3.13.5/x64
2026-09-18T03:07:50.1037307Z   PKG_CONFIG_PATH: /opt/hostedtoolcache/Python/3.13.5/x64/lib/pkgconfig
2026-09-18T03:07:50.1037789Z   Python_ROOT_DIR: /opt/hostedtoolcache/Python/3.13.5/x64
2026-09-18T03:07:50.1038186Z   Python2_ROOT_DIR: /opt/hostedtoolcache/Python/3.13.5/x64
2026-09-18T03:07:50.1038588Z   Python3_ROOT_DIR: /opt/hostedtoolcache/Python/3.13.5/x64
2026-09-18T03:07:50.1038976Z   LD_LIBRARY_PATH: /opt/hostedtoolcache/Python/3.13.5/x64/lib
2026-09-18T03:07:50.1039313Z ##[endgroup]
2026-09-18T03:07:50.3094674Z Traceback (most recent call last):
2026-09-18T03:07:50.3270797Z   File "/home/runner/work/GO/GO/ci/retention/verify_source.py", line 67, in <module>
2026-09-18T03:07:50.3287654Z     main()
2026-09-18T03:07:50.3307802Z     ~~~~^^
2026-09-18T03:07:50.3327991Z   File "/home/runner/work/GO/GO/ci/retention/verify_source.py", line 28, in main
2026-09-18T03:07:50.3329101Z     assert actual == expected, {'missing': sorted(expected-actual), 'unexpected': sorted(actual-expected)}
2026-09-18T03:07:50.3329966Z            ^^^^^^^^^^^^^^^^^^
2026-09-18T03:07:50.3334872Z AssertionError: {'missing': [], 'unexpected': ['scripts/test_catalog_graph_visibility.py', 'scripts/test_catalog_scope.py', 'scripts/test_catalog_scope_postgres.py', 'scripts/test_hotel_search_event_loop.py', 'src/go_hotel/connectors/supplier_runtime_controls.py', 'src/go_hotel/services/catalog_scope.py', 'tests/test_supplier_preflight_runtime.py', 'tests/test_supplier_runtime_controls.py', 'tests_frontend/fixtures/aoluguya_hyatt_gallery_harvest_plan.json', 'tests_frontend/fixtures/aoluguya_hyatt_gallery_harvest_plan_legacy_jpeg.json', 'tests_frontend/fixtures/aoluguya_normalized_ingest_plan.json', 'tests_frontend/hotel_catalog_contacts.test.mjs', 'tests_frontend/hotel_catalog_hyatt_gallery.test.mjs', 'tests_frontend/hotel_catalog_reviewed_import.test.mjs']}
2026-09-18T03:07:50.3373166Z ##[error]Process completed with exit code 1.
2026-09-18T03:07:50.3433513Z ##[group]Run python - <<'PY'
2026-09-18T03:07:50.3433838Z [36;1mpython - <<'PY'[0m
2026-09-18T03:07:50.3434131Z [36;1mimport hashlib,json,os,pathlib,subprocess[0m
2026-09-18T03:07:50.3434627Z [36;1mout=pathlib.Path(os.environ['RUNNER_TEMP'])/'next-depth-pg';out.mkdir(exist_ok=True)[0m
2026-09-18T03:07:50.3435369Z [36;1mfiles={str(p.relative_to(out)):hashlib.sha256(p.read_bytes()).hexdigest() for p in sorted(out.rglob('*')) if p.is_file()}[0m
2026-09-18T03:07:50.3437586Z [36;1mreport={'source_commit':subprocess.check_output(['git','rev-parse','HEAD'],text=True).strip(),'application_git_tree':subprocess.check_output(['git','rev-parse','HEAD:application'],text=True).strip(),'files':files,'environment':'disposable GitHub Actions PostgreSQL 18.4 service','scope':'C07 scoped concurrency and recovery; gates depend on original process observations','hong_kong':'NOT_ACCESSED','production':'HOLD','full_release':'HOLD'}[0m
2026-09-18T03:07:50.3439596Z [36;1m(out/'EVIDENCE_BINDING.json').write_text(json.dumps(report,indent=2)+'\n')[0m
2026-09-18T03:07:50.3440013Z [36;1mPY[0m
2026-09-18T03:07:50.3478287Z shell: /usr/bin/bash --noprofile --norc -e -o pipefail {0}
2026-09-18T03:07:50.3478623Z env:
2026-09-18T03:07:50.3478829Z   PYTHONDONTWRITEBYTECODE: 1
2026-09-18T03:07:50.3479467Z   GO_C07_RUNTIME_DATABASE_URL: ***127.0.0.1:5432/go_c07_isolated
2026-09-18T03:07:50.3480095Z   GO_C09_RUNTIME_DATABASE_URL: ***127.0.0.1:5432/go_c07_isolated
2026-09-18T03:07:50.3480691Z   GO_C11_RUNTIME_DATABASE_URL: ***127.0.0.1:5432/go_c07_isolated
2026-09-18T03:07:50.3481276Z   GO_C10_RUNTIME_DATABASE_URL: ***127.0.0.1:5432/go_c07_isolated
2026-09-18T03:07:50.3481671Z   GO_C07_SOURCE_COMMIT: f827a3aefd95fd95dedb2bd2ecc93ae01111ea90
2026-09-18T03:07:50.3482068Z   GO_C09_SOURCE_COMMIT: f827a3aefd95fd95dedb2bd2ecc93ae01111ea90
2026-09-18T03:07:50.3482458Z   GO_C11_SOURCE_COMMIT: f827a3aefd95fd95dedb2bd2ecc93ae01111ea90
2026-09-18T03:07:50.3482864Z   GO_C10_SOURCE_COMMIT: f827a3aefd95fd95dedb2bd2ecc93ae01111ea90
2026-09-18T03:07:50.3483263Z   pythonLocation: /opt/hostedtoolcache/Python/3.13.5/x64
2026-09-18T03:07:50.3483690Z   PKG_CONFIG_PATH: /opt/hostedtoolcache/Python/3.13.5/x64/lib/pkgconfig
2026-09-18T03:07:50.3484139Z   Python_ROOT_DIR: /opt/hostedtoolcache/Python/3.13.5/x64
2026-09-18T03:07:50.3484521Z   Python2_ROOT_DIR: /opt/hostedtoolcache/Python/3.13.5/x64
2026-09-18T03:07:50.3484896Z   Python3_ROOT_DIR: /opt/hostedtoolcache/Python/3.13.5/x64
2026-09-18T03:07:50.3485276Z   LD_LIBRARY_PATH: /opt/hostedtoolcache/Python/3.13.5/x64/lib
2026-09-18T03:07:50.3485597Z ##[endgroup]
2026-09-18T03:07:50.5439563Z ##[group]Run python - <<'PY'
2026-09-18T03:07:50.5439877Z [36;1mpython - <<'PY'[0m
2026-09-18T03:07:50.5440125Z [36;1mimport json,os,pathlib[0m
2026-09-18T03:07:50.5440479Z [36;1mout=pathlib.Path(os.environ['RUNNER_TEMP'])/'next-depth-pg'[0m
2026-09-18T03:07:50.5440874Z [36;1mfor p in sorted(out.rglob('*')):[0m
2026-09-18T03:07:50.5441342Z [36;1m    if p.is_file() and p.suffix in ('.json','.xml','.log') and p.stat().st_size <= 100000:[0m
2026-09-18T03:07:50.5442109Z [36;1m        print('EVIDENCE_FILE '+json.dumps({'path':str(p.relative_to(out)),'content':p.read_text(errors='strict')},ensure_ascii=False))[0m
2026-09-18T03:07:50.5442691Z [36;1mPY[0m
2026-09-18T03:07:50.5479813Z shell: /usr/bin/bash --noprofile --norc -e -o pipefail {0}
2026-09-18T03:07:50.5480166Z env:
2026-09-18T03:07:50.5480375Z   PYTHONDONTWRITEBYTECODE: 1
2026-09-18T03:07:50.5481026Z   GO_C07_RUNTIME_DATABASE_URL: ***127.0.0.1:5432/go_c07_isolated
2026-09-18T03:07:50.5481728Z   GO_C09_RUNTIME_DATABASE_URL: ***127.0.0.1:5432/go_c07_isolated
2026-09-18T03:07:50.5482342Z   GO_C11_RUNTIME_DATABASE_URL: ***127.0.0.1:5432/go_c07_isolated
2026-09-18T03:07:50.5482937Z   GO_C10_RUNTIME_DATABASE_URL: ***127.0.0.1:5432/go_c07_isolated
2026-09-18T03:07:50.5483345Z   GO_C07_SOURCE_COMMIT: f827a3aefd95fd95dedb2bd2ecc93ae01111ea90
2026-09-18T03:07:50.5483751Z   GO_C09_SOURCE_COMMIT: f827a3aefd95fd95dedb2bd2ecc93ae01111ea90
2026-09-18T03:07:50.5484158Z   GO_C11_SOURCE_COMMIT: f827a3aefd95fd95dedb2bd2ecc93ae01111ea90
2026-09-18T03:07:50.5484549Z   GO_C10_SOURCE_COMMIT: f827a3aefd95fd95dedb2bd2ecc93ae01111ea90
2026-09-18T03:07:50.5484940Z   pythonLocation: /opt/hostedtoolcache/Python/3.13.5/x64
2026-09-18T03:07:50.5485371Z   PKG_CONFIG_PATH: /opt/hostedtoolcache/Python/3.13.5/x64/lib/pkgconfig
2026-09-18T03:07:50.5485792Z   Python_ROOT_DIR: /opt/hostedtoolcache/Python/3.13.5/x64
2026-09-18T03:07:50.5486168Z   Python2_ROOT_DIR: /opt/hostedtoolcache/Python/3.13.5/x64
2026-09-18T03:07:50.5486542Z   Python3_ROOT_DIR: /opt/hostedtoolcache/Python/3.13.5/x64
2026-09-18T03:07:50.5486918Z   LD_LIBRARY_PATH: /opt/hostedtoolcache/Python/3.13.5/x64/lib
2026-09-18T03:07:50.5487602Z ##[endgroup]
2026-09-18T03:07:50.6746415Z EVIDENCE_FILE {"path": "EVIDENCE_BINDING.json", "content": "{\n  \"source_commit\": \"f827a3aefd95fd95dedb2bd2ecc93ae01111ea90\",\n  \"application_git_tree\": \"eef8adc0d99f679220e51efc9d6c5ca28ba6ab0c\",\n  \"files\": {},\n  \"environment\": \"disposable GitHub Actions PostgreSQL 18.4 service\",\n  \"scope\": \"C07 scoped concurrency and recovery; gates depend on original process observations\",\n  \"hong_kong\": \"NOT_ACCESSED\",\n  \"production\": \"HOLD\",\n  \"full_release\": \"HOLD\"\n}\n"}
2026-09-18T03:07:50.6837771Z Node 20 is being deprecated. This workflow is running with Node 24 by default. If you need to temporarily use Node 20, you can set the ACTIONS_ALLOW_USE_UNSECURE_NODE_VERSION=true environment variable. For more information see: https://github.blog/changelog/2025-09-19-deprecation-of-node-20-on-github-actions-runners/
2026-09-18T03:07:50.6839116Z ##[group]Run actions/upload-artifact@v4
2026-09-18T03:07:50.6839401Z with:
2026-09-18T03:07:50.6839715Z   name: v70-next-depth-pg-C07-f827a3aefd95fd95dedb2bd2ecc93ae01111ea90
2026-09-18T03:07:50.6840162Z   path: /home/runner/work/_temp/next-depth-pg
2026-09-18T03:07:50.6840472Z   if-no-files-found: error
2026-09-18T03:07:50.6840704Z   retention-days: 90
2026-09-18T03:07:50.6840935Z   compression-level: 6
2026-09-18T03:07:50.6841149Z   overwrite: false
2026-09-18T03:07:50.6841368Z   include-hidden-files: false
2026-09-18T03:07:50.6841596Z env:
2026-09-18T03:07:50.6841792Z   PYTHONDONTWRITEBYTECODE: 1
2026-09-18T03:07:50.6842428Z   GO_C07_RUNTIME_DATABASE_URL: ***127.0.0.1:5432/go_c07_isolated
2026-09-18T03:07:50.6843035Z   GO_C09_RUNTIME_DATABASE_URL: ***127.0.0.1:5432/go_c07_isolated
2026-09-18T03:07:50.6843637Z   GO_C11_RUNTIME_DATABASE_URL: ***127.0.0.1:5432/go_c07_isolated
2026-09-18T03:07:50.6844248Z   GO_C10_RUNTIME_DATABASE_URL: ***127.0.0.1:5432/go_c07_isolated
2026-09-18T03:07:50.6844663Z   GO_C07_SOURCE_COMMIT: f827a3aefd95fd95dedb2bd2ecc93ae01111ea90
2026-09-18T03:07:50.6845071Z   GO_C09_SOURCE_COMMIT: f827a3aefd95fd95dedb2bd2ecc93ae01111ea90
2026-09-18T03:07:50.6845466Z   GO_C11_SOURCE_COMMIT: f827a3aefd95fd95dedb2bd2ecc93ae01111ea90
2026-09-18T03:07:50.6845858Z   GO_C10_SOURCE_COMMIT: f827a3aefd95fd95dedb2bd2ecc93ae01111ea90
2026-09-18T03:07:50.6846264Z   pythonLocation: /opt/hostedtoolcache/Python/3.13.5/x64
2026-09-18T03:07:50.6846685Z   PKG_CONFIG_PATH: /opt/hostedtoolcache/Python/3.13.5/x64/lib/pkgconfig
2026-09-18T03:07:50.6847395Z   Python_ROOT_DIR: /opt/hostedtoolcache/Python/3.13.5/x64
2026-09-18T03:07:50.6847807Z   Python2_ROOT_DIR: /opt/hostedtoolcache/Python/3.13.5/x64
2026-09-18T03:07:50.6848191Z   Python3_ROOT_DIR: /opt/hostedtoolcache/Python/3.13.5/x64
2026-09-18T03:07:50.6848566Z   LD_LIBRARY_PATH: /opt/hostedtoolcache/Python/3.13.5/x64/lib
2026-09-18T03:07:50.6848884Z ##[endgroup]
2026-09-18T03:07:50.9119906Z (node:2923) [DEP0040] DeprecationWarning: The `punycode` module is deprecated. Please use a userland alternative instead.
2026-09-18T03:07:50.9167952Z (Use `node --trace-deprecation ...` to show where the warning was created)
2026-09-18T03:07:50.9357807Z With the provided path, there will be 1 file uploaded
2026-09-18T03:07:50.9427354Z Artifact name is valid!
2026-09-18T03:07:50.9457687Z Root directory input is valid!
2026-09-18T03:07:51.2347985Z Beginning upload of artifact content to blob storage
2026-09-18T03:07:51.2651721Z (node:2923) [DEP0169] DeprecationWarning: `url.parse()` behavior is not standardized and prone to errors that have security implications. Use the WHATWG URL API instead. CVEs are not issued for `url.parse()` vulnerabilities.
2026-09-18T03:07:51.4163830Z Uploaded bytes 436
2026-09-18T03:07:51.4647494Z Finished uploading artifact content to blob storage!
2026-09-18T03:07:51.4649126Z SHA256 digest of uploaded artifact zip is ed256db2c1467129ff63b129e4b35df8420042422562ce215ba8648efc761c38
2026-09-18T03:07:51.4650656Z Finalizing artifact upload
2026-09-18T03:07:51.7138313Z Artifact v70-next-depth-pg-C07-f827a3aefd95fd95dedb2bd2ecc93ae01111ea90.zip successfully finalized. Artifact ID 10529548776
2026-09-18T03:07:51.7140796Z Artifact v70-next-depth-pg-C07-f827a3aefd95fd95dedb2bd2ecc93ae01111ea90 has been successfully uploaded! Final size is 436 bytes. Artifact ID is 10529548776
2026-09-18T03:07:51.7144767Z Artifact download URL: https://github.com/yuguangzhi3836-glitch/GO/actions/runs/35301976162/artifacts/10529548776
2026-09-18T03:07:51.7346582Z Node 20 is being deprecated. This workflow is running with Node 24 by default. If you need to temporarily use Node 20, you can set the ACTIONS_ALLOW_USE_UNSECURE_NODE_VERSION=true environment variable. For more information see: https://github.blog/changelog/2025-09-19-deprecation-of-node-20-on-github-actions-runners/
2026-09-18T03:07:51.7348165Z Post job cleanup.
2026-09-18T03:07:51.8640913Z [command]/usr/bin/git version
2026-09-18T03:07:51.8689684Z git version 2.55.0
2026-09-18T03:07:51.8918626Z Temporarily overriding HOME='/home/runner/work/_temp/df0db863-b7fb-40ac-9dae-7df4c567a6ef' before making global git config changes
2026-09-18T03:07:51.8950188Z Adding repository directory to the temporary git global config as a safe directory
2026-09-18T03:07:51.8998071Z [command]/usr/bin/git config --global --add safe.directory /home/runner/work/GO/GO
2026-09-18T03:07:51.9038505Z [command]/usr/bin/git config --local --name-only --get-regexp core\.sshCommand
2026-09-18T03:07:51.9118649Z [command]/usr/bin/git submodule foreach --recursive sh -c "git config --local --name-only --get-regexp 'core\.sshCommand' && git config --local --unset-all 'core.sshCommand' || :"
2026-09-18T03:07:51.9612793Z [command]/usr/bin/git config --local --name-only --get-regexp http\.https\:\/\/github\.com\/\.extraheader
2026-09-18T03:07:51.9698156Z [command]/usr/bin/git submodule foreach --recursive sh -c "git config --local --name-only --get-regexp 'http\.https\:\/\/github\.com\/\.extraheader' && git config --local --unset-all 'http.https://github.com/.extraheader' || :"
2026-09-18T03:07:52.0445965Z [command]/usr/bin/git config --local --name-only --get-regexp ^includeIf\.gitdir:
2026-09-18T03:07:52.0499630Z [command]/usr/bin/git submodule foreach --recursive git config --local --show-origin --name-only --get-regexp remote.origin.url
2026-09-18T03:07:52.1386874Z Print service container logs: 8d0c0634036b458eb552de95a179c806_postgres184_9a41bb
2026-09-18T03:07:52.1395276Z ##[command]/usr/bin/docker logs --details 99eddcf8582a2e0f1da74d1ec0028497d4c0d3566452de51a0de784d96dcd30a
2026-09-18T03:07:52.1590236Z  initdb: warning: enabling "trust" authentication for local connections
2026-09-18T03:07:52.1595614Z  The files belonging to this database system will be owned by user "postgres".
2026-09-18T03:07:52.1606891Z  initdb: hint: You can change this by editing pg_hba.conf or using the option -A, or --auth-local and --auth-host, the next time you run initdb.
2026-09-18T03:07:52.1608494Z  This user must also own the server process.
2026-09-18T03:07:52.1608989Z  
2026-09-18T03:07:52.1609472Z  The database cluster will be initialized with locale "en_US.utf8".
2026-09-18T03:07:52.1610252Z  The default database encoding has accordingly been set to "UTF8".
2026-09-18T03:07:52.1611010Z  The default text search configuration will be set to "english".
2026-09-18T03:07:52.1611643Z  
2026-09-18T03:07:52.1611978Z  Data page checksums are enabled.
2026-09-18T03:07:52.1612420Z  
2026-09-18T03:07:52.1612955Z  fixing permissions on existing directory /var/lib/postgresql/18/docker ... ok
2026-09-18T03:07:52.1613687Z  creating subdirectories ... ok
2026-09-18T03:07:52.1614154Z  selecting dynamic shared memory implementation ... posix
2026-09-18T03:07:52.1614538Z  selecting default "max_connections" ... 100
2026-09-18T03:07:52.1614868Z  selecting default "shared_buffers" ... 128MB
2026-09-18T03:07:52.1615174Z  selecting default time zone ... Etc/UTC
2026-09-18T03:07:52.1615465Z  creating configuration files ... ok
2026-09-18T03:07:52.1615755Z  running bootstrap script ... ok
2026-09-18T03:07:52.1616056Z  performing post-bootstrap initialization ... ok
2026-09-18T03:07:52.1616370Z  syncing data to disk ... ok
2026-09-18T03:07:52.1616732Z  
2026-09-18T03:07:52.1616969Z  
2026-09-18T03:07:52.1617368Z  Success. You can now start the database server using:
2026-09-18T03:07:52.1617696Z  
2026-09-18T03:07:52.1618194Z      pg_ctl -D /var/lib/postgresql/18/docker -l logfile start
2026-09-18T03:07:52.1619012Z  
2026-09-18T03:07:52.1620161Z  waiting for server to start....2026-09-18 03:07:18.610 UTC [53] LOG:  starting PostgreSQL 18.4 (Debian 18.4-1.pgdg13+1) on x86_64-pc-linux-gnu, compiled by gcc (Debian 14.2.0-19) 14.2.0, 64-bit
2026-09-18T03:07:52.1621708Z  2026-09-18 03:07:18.611 UTC [53] LOG:  listening on Unix socket "/var/run/postgresql/.s.PGSQL.5432"
2026-09-18T03:07:52.1622714Z  2026-09-18 03:07:18.615 UTC [59] LOG:  database system was shut down at 2026-09-18 03:07:18 UTC
2026-09-18T03:07:52.1623622Z  2026-09-18 03:07:18.617 UTC [53] LOG:  database system is ready to accept connections
2026-09-18T03:07:52.1624270Z   done
2026-09-18T03:07:52.1624477Z  server started
2026-09-18T03:07:52.1624680Z  CREATE DATABASE
2026-09-18T03:07:52.1624877Z  
2026-09-18T03:07:52.1625052Z  
2026-09-18T03:07:52.1625394Z  /usr/local/bin/docker-entrypoint.sh: ignoring /docker-entrypoint-initdb.d/*
2026-09-18T03:07:52.1625979Z  
2026-09-18T03:07:52.1626353Z  waiting for server to shut down...2026-09-18 03:07:18.816 UTC [53] LOG:  received fast shutdown request
2026-09-18T03:07:52.1627670Z  .2026-09-18 03:07:18.817 UTC [53] LOG:  aborting any active transactions
2026-09-18T03:07:52.1629030Z  2026-09-18 03:07:18.819 UTC [53] LOG:  background worker "logical replication launcher" (PID 62) exited with exit code 1
2026-09-18T03:07:52.1629994Z  2026-09-18 03:07:18.821 UTC [57] LOG:  shutting down
2026-09-18T03:07:52.1630679Z  2026-09-18 03:07:18.821 UTC [57] LOG:  checkpoint starting: shutdown immediate
2026-09-18T03:07:52.1632597Z  2026-09-18 03:07:18.838 UTC [57] LOG:  checkpoint complete: wrote 943 buffers (5.8%), wrote 3 SLRU buffers; 0 WAL file(s) added, 0 removed, 0 recycled; write=0.014 s, sync=0.002 s, total=0.017 s; sync files=303, longest=0.001 s, average=0.001 s; distance=4352 kB, estimate=4352 kB; lsn=0/1B9FBA8, redo lsn=0/1B9FBA8
2026-09-18T03:07:52.1634062Z  2026-09-18 03:07:18.850 UTC [53] LOG:  database system is shut down
2026-09-18T03:07:52.1634434Z   done
2026-09-18T03:07:52.1634639Z  server stopped
2026-09-18T03:07:52.1634841Z  
2026-09-18T03:07:52.1635093Z  PostgreSQL init process complete; ready for start up.
2026-09-18T03:07:52.1635402Z  
2026-09-18T03:07:52.1635968Z  2026-09-18 03:07:18.943 UTC [1] LOG:  starting PostgreSQL 18.4 (Debian 18.4-1.pgdg13+1) on x86_64-pc-linux-gnu, compiled by gcc (Debian 14.2.0-19) 14.2.0, 64-bit
2026-09-18T03:07:52.1636711Z  2026-09-18 03:07:18.943 UTC [1] LOG:  listening on IPv4 address "0.0.0.0", port 5432
2026-09-18T03:07:52.1637826Z  2026-09-18 03:07:18.943 UTC [1] LOG:  listening on IPv6 address "::", port 5432
2026-09-18T03:07:52.1638374Z  2026-09-18 03:07:18.945 UTC [1] LOG:  listening on Unix socket "/var/run/postgresql/.s.PGSQL.5432"
2026-09-18T03:07:52.1638957Z  2026-09-18 03:07:18.952 UTC [75] LOG:  database system was shut down at 2026-09-18 03:07:18 UTC
2026-09-18T03:07:52.1639487Z  2026-09-18 03:07:18.956 UTC [1] LOG:  database system is ready to accept connections
2026-09-18T03:07:52.1644666Z Stop and remove container: 8d0c0634036b458eb552de95a179c806_postgres184_9a41bb
2026-09-18T03:07:52.1650013Z ##[command]/usr/bin/docker rm --force 99eddcf8582a2e0f1da74d1ec0028497d4c0d3566452de51a0de784d96dcd30a
2026-09-18T03:07:52.3701970Z 99eddcf8582a2e0f1da74d1ec0028497d4c0d3566452de51a0de784d96dcd30a
2026-09-18T03:07:52.3728973Z Remove container network: github_network_24c05fd73177461d96a38ca5c1a0656a
2026-09-18T03:07:52.3733263Z ##[command]/usr/bin/docker network rm github_network_24c05fd73177461d96a38ca5c1a0656a
2026-09-18T03:07:52.4510735Z github_network_24c05fd73177461d96a38ca5c1a0656a
2026-09-18T03:07:52.4581517Z Cleaning up orphan processes
2026-09-18T03:07:52.6631656Z ##[warning]Node.js 20 is deprecated. The following actions target Node.js 20 but are being forced to run on Node.js 24: actions/checkout@v4, actions/setup-python@v5, actions/upload-artifact@v4. For more information see: https://github.blog/changelog/2025-09-19-deprecation-of-node-20-on-github-actions-runners/

