2026-09-18T03:07:04.8507787Z Current runner version: '2.337.0'
2026-09-18T03:07:04.8523233Z ##[group]Runner Image Provisioner
2026-09-18T03:07:04.8523796Z Hosted Compute Agent
2026-09-18T03:07:04.8524221Z Version: 20260828.587
2026-09-18T03:07:04.8524599Z Commit: abac92662cab4cc7352de4f9f9d2e2419aad9c29
2026-09-18T03:07:04.8525047Z Build Date: 2026-08-28T16:44:25Z
2026-09-18T03:07:04.8525454Z Worker ID: {d9e71345-ab65-40b0-869a-053613ba3731}
2026-09-18T03:07:04.8525894Z Azure Region: centralus
2026-09-18T03:07:04.8526263Z ##[endgroup]
2026-09-18T03:07:04.8527093Z ##[group]Operating System
2026-09-18T03:07:04.8527501Z Ubuntu
2026-09-18T03:07:04.8527816Z 24.04.5
2026-09-18T03:07:04.8528144Z LTS
2026-09-18T03:07:04.8528476Z ##[endgroup]
2026-09-18T03:07:04.8528796Z ##[group]Runner Image
2026-09-18T03:07:04.8529139Z Image: ubuntu-24.04
2026-09-18T03:07:04.8529514Z Version: 20260907.300.1
2026-09-18T03:07:04.8530249Z Included Software: https://github.com/actions/runner-images/blob/ubuntu24/20260907.300/images/ubuntu/Ubuntu2404-Readme.md
2026-09-18T03:07:04.8531151Z Image Release: https://github.com/actions/runner-images/releases/tag/ubuntu24%2F20260907.300
2026-09-18T03:07:04.8531695Z ##[endgroup]
2026-09-18T03:07:04.8532402Z ##[group]GITHUB_TOKEN Permissions
2026-09-18T03:07:04.8533484Z Contents: read
2026-09-18T03:07:04.8533872Z Metadata: read
2026-09-18T03:07:04.8534200Z ##[endgroup]
2026-09-18T03:07:04.8535376Z Secret source: Actions
2026-09-18T03:07:04.8535957Z Cache mode: write
2026-09-18T03:07:04.8536375Z Prepare workflow directory
2026-09-18T03:07:04.9082704Z Prepare all required actions
2026-09-18T03:07:04.9114937Z Getting action download info
2026-09-18T03:07:05.1322933Z Download action repository 'actions/checkout@v4' (SHA:11d5960a326750d5838078e36cf38b85af677262)
2026-09-18T03:07:05.5927828Z Download action repository 'actions/setup-python@v5' (SHA:a26af69be951a213d495a4c3e4e4022e16d87065)
2026-09-18T03:07:05.7795263Z Download action repository 'actions/setup-node@v4' (SHA:49933ea5288caeca8642d1e84afbd3f7d6820020)
2026-09-18T03:07:05.9478100Z Download action repository 'actions/upload-artifact@v4' (SHA:ea165f8d65b6e75b540449e92b4886f43607fa02)
2026-09-18T03:07:06.2803736Z Complete job name: browser
2026-09-18T03:07:06.3283392Z Node 20 is being deprecated. This workflow is running with Node 24 by default. If you need to temporarily use Node 20, you can set the ACTIONS_ALLOW_USE_UNSECURE_NODE_VERSION=true environment variable. For more information see: https://github.blog/changelog/2025-09-19-deprecation-of-node-20-on-github-actions-runners/
2026-09-18T03:07:06.3288833Z ##[group]Run actions/checkout@v4
2026-09-18T03:07:06.3289367Z with:
2026-09-18T03:07:06.3289805Z   ref: f827a3aefd95fd95dedb2bd2ecc93ae01111ea90
2026-09-18T03:07:06.3290325Z   persist-credentials: false
2026-09-18T03:07:06.3290796Z   repository: yuguangzhi3836-glitch/GO
2026-09-18T03:07:06.3293134Z   token: ***
2026-09-18T03:07:06.3293539Z   ssh-strict: true
2026-09-18T03:07:06.3293947Z   ssh-user: git
2026-09-18T03:07:06.3294344Z   clean: true
2026-09-18T03:07:06.3294766Z   sparse-checkout-cone-mode: true
2026-09-18T03:07:06.3295248Z   fetch-depth: 1
2026-09-18T03:07:06.3295650Z   fetch-tags: false
2026-09-18T03:07:06.3296095Z   show-progress: true
2026-09-18T03:07:06.3296665Z   lfs: false
2026-09-18T03:07:06.3297081Z   submodules: false
2026-09-18T03:07:06.3297495Z   set-safe-directory: true
2026-09-18T03:07:06.3297949Z   allow-unsafe-pr-checkout: false
2026-09-18T03:07:06.3298497Z env:
2026-09-18T03:07:06.3298895Z   PYTHONDONTWRITEBYTECODE: 1
2026-09-18T03:07:06.3299335Z ##[endgroup]
2026-09-18T03:07:06.4002976Z Syncing repository: yuguangzhi3836-glitch/GO
2026-09-18T03:07:06.4005479Z ##[group]Getting Git version info
2026-09-18T03:07:06.4007078Z Working directory is '/home/runner/work/GO/GO'
2026-09-18T03:07:06.4009307Z [command]/usr/bin/git version
2026-09-18T03:07:06.4219192Z git version 2.55.0
2026-09-18T03:07:06.4224029Z ##[endgroup]
2026-09-18T03:07:06.4232976Z Temporarily overriding HOME='/home/runner/work/_temp/92bb88fd-5943-4146-a933-523753bcc9b5' before making global git config changes
2026-09-18T03:07:06.4235097Z Adding repository directory to the temporary git global config as a safe directory
2026-09-18T03:07:06.4237064Z [command]/usr/bin/git config --global --add safe.directory /home/runner/work/GO/GO
2026-09-18T03:07:06.4294223Z Deleting the contents of '/home/runner/work/GO/GO'
2026-09-18T03:07:06.4295832Z ##[group]Initializing the repository
2026-09-18T03:07:06.4337645Z [command]/usr/bin/git init /home/runner/work/GO/GO
2026-09-18T03:07:06.4427519Z hint: Using 'master' as the name for the initial branch. This default branch name
2026-09-18T03:07:06.4428261Z hint: will change to "main" in Git 3.0. To configure the initial branch name
2026-09-18T03:07:06.4428953Z hint: to use in all of your new repositories, which will suppress this warning,
2026-09-18T03:07:06.4429527Z hint: call:
2026-09-18T03:07:06.4429902Z hint:
2026-09-18T03:07:06.4430383Z hint: 	git config --global init.defaultBranch <name>
2026-09-18T03:07:06.4430880Z hint:
2026-09-18T03:07:06.4431358Z hint: Names commonly chosen instead of 'master' are 'main', 'trunk' and
2026-09-18T03:07:06.4432103Z hint: 'development'. The just-created branch can be renamed via this command:
2026-09-18T03:07:06.4432657Z hint:
2026-09-18T03:07:06.4433043Z hint: 	git branch -m <name>
2026-09-18T03:07:06.4433456Z hint:
2026-09-18T03:07:06.4433959Z hint: Disable this message with "git config set advice.defaultBranchName false"
2026-09-18T03:07:06.4457248Z Initialized empty Git repository in /home/runner/work/GO/GO/.git/
2026-09-18T03:07:06.4460399Z [command]/usr/bin/git remote add origin https://github.com/yuguangzhi3836-glitch/GO
2026-09-18T03:07:06.4527782Z ##[endgroup]
2026-09-18T03:07:06.4530740Z ##[group]Disabling automatic garbage collection
2026-09-18T03:07:06.4533600Z [command]/usr/bin/git config --local gc.auto 0
2026-09-18T03:07:06.4660569Z ##[endgroup]
2026-09-18T03:07:06.4662199Z ##[group]Setting up auth
2026-09-18T03:07:06.4663349Z [command]/usr/bin/git config --local --name-only --get-regexp core\.sshCommand
2026-09-18T03:07:06.4670728Z [command]/usr/bin/git submodule foreach --recursive sh -c "git config --local --name-only --get-regexp 'core\.sshCommand' && git config --local --unset-all 'core.sshCommand' || :"
2026-09-18T03:07:06.4901882Z [command]/usr/bin/git config --local --name-only --get-regexp http\.https\:\/\/github\.com\/\.extraheader
2026-09-18T03:07:06.4930879Z [command]/usr/bin/git submodule foreach --recursive sh -c "git config --local --name-only --get-regexp 'http\.https\:\/\/github\.com\/\.extraheader' && git config --local --unset-all 'http.https://github.com/.extraheader' || :"
2026-09-18T03:07:06.5128793Z [command]/usr/bin/git config --local --name-only --get-regexp ^includeIf\.gitdir:
2026-09-18T03:07:06.5157313Z [command]/usr/bin/git submodule foreach --recursive git config --local --show-origin --name-only --get-regexp remote.origin.url
2026-09-18T03:07:06.5338052Z [command]/usr/bin/git config --local http.https://github.com/.extraheader AUTHORIZATION: basic ***
2026-09-18T03:07:06.5361699Z ##[endgroup]
2026-09-18T03:07:06.5363425Z ##[group]Fetching the repository
2026-09-18T03:07:06.5368398Z [command]/usr/bin/git -c protocol.version=2 fetch --no-tags --prune --no-recurse-submodules --depth=1 origin f827a3aefd95fd95dedb2bd2ecc93ae01111ea90
2026-09-18T03:07:16.3075000Z From https://github.com/yuguangzhi3836-glitch/GO
2026-09-18T03:07:16.3076716Z  * branch            f827a3aefd95fd95dedb2bd2ecc93ae01111ea90 -> FETCH_HEAD
2026-09-18T03:07:16.3078285Z ##[endgroup]
2026-09-18T03:07:16.3078835Z ##[group]Determining the checkout info
2026-09-18T03:07:16.3079307Z ##[endgroup]
2026-09-18T03:07:16.3079640Z [command]/usr/bin/git sparse-checkout disable
2026-09-18T03:07:16.3538630Z [command]/usr/bin/git config --local --unset-all extensions.worktreeConfig
2026-09-18T03:07:16.3622432Z ##[group]Checking out the ref
2026-09-18T03:07:16.3623508Z [command]/usr/bin/git checkout --progress --force f827a3aefd95fd95dedb2bd2ecc93ae01111ea90
2026-09-18T03:07:18.5542110Z Updating files:  30% (1777/5882)
2026-09-18T03:07:19.4887684Z Updating files:  30% (1785/5882)
2026-09-18T03:07:20.5031666Z Updating files:  30% (1788/5882)
2026-09-18T03:07:20.5045244Z Updating files:  30% (1790/5882)
2026-09-18T03:07:20.5090636Z Updating files:  31% (1824/5882)
2026-09-18T03:07:20.5265060Z Updating files:  32% (1883/5882)
2026-09-18T03:07:20.6701637Z Updating files:  33% (1942/5882)
2026-09-18T03:07:20.6948316Z Updating files:  34% (2000/5882)
2026-09-18T03:07:20.7361208Z Updating files:  35% (2059/5882)
2026-09-18T03:07:20.7382066Z Updating files:  36% (2118/5882)
2026-09-18T03:07:20.7402164Z Updating files:  37% (2177/5882)
2026-09-18T03:07:20.7564772Z Updating files:  38% (2236/5882)
2026-09-18T03:07:20.7590396Z Updating files:  39% (2294/5882)
2026-09-18T03:07:20.7748023Z Updating files:  40% (2353/5882)
2026-09-18T03:07:20.7787173Z Updating files:  41% (2412/5882)
2026-09-18T03:07:20.7801680Z Updating files:  42% (2471/5882)
2026-09-18T03:07:20.7958360Z Updating files:  43% (2530/5882)
2026-09-18T03:07:20.8161146Z Updating files:  44% (2589/5882)
2026-09-18T03:07:20.8207880Z Updating files:  45% (2647/5882)
2026-09-18T03:07:20.8372732Z Updating files:  46% (2706/5882)
2026-09-18T03:07:20.8567162Z Updating files:  47% (2765/5882)
2026-09-18T03:07:20.8627046Z Updating files:  48% (2824/5882)
2026-09-18T03:07:20.8765113Z Updating files:  49% (2883/5882)
2026-09-18T03:07:20.8791052Z Updating files:  50% (2941/5882)
2026-09-18T03:07:20.8955518Z Updating files:  51% (3000/5882)
2026-09-18T03:07:20.8980928Z Updating files:  52% (3059/5882)
2026-09-18T03:07:21.2454756Z Updating files:  53% (3118/5882)
2026-09-18T03:07:21.2639620Z Updating files:  54% (3177/5882)
2026-09-18T03:07:21.3047447Z Updating files:  55% (3236/5882)
2026-09-18T03:07:21.3749038Z Updating files:  56% (3294/5882)
2026-09-18T03:07:21.3779018Z Updating files:  56% (3330/5882)
2026-09-18T03:07:21.6272279Z Updating files:  57% (3353/5882)
2026-09-18T03:07:22.1379806Z Updating files:  58% (3412/5882)
2026-09-18T03:07:22.1530265Z Updating files:  59% (3471/5882)
2026-09-18T03:07:22.1552175Z Updating files:  60% (3530/5882)
2026-09-18T03:07:22.1572068Z Updating files:  61% (3589/5882)
2026-09-18T03:07:22.1692638Z Updating files:  62% (3647/5882)
2026-09-18T03:07:22.1843564Z Updating files:  63% (3706/5882)
2026-09-18T03:07:22.1989157Z Updating files:  64% (3765/5882)
2026-09-18T03:07:22.2012146Z Updating files:  65% (3824/5882)
2026-09-18T03:07:22.2157392Z Updating files:  66% (3883/5882)
2026-09-18T03:07:22.2309262Z Updating files:  67% (3941/5882)
2026-09-18T03:07:22.2338152Z Updating files:  68% (4000/5882)
2026-09-18T03:07:22.2367367Z Updating files:  69% (4059/5882)
2026-09-18T03:07:22.2392208Z Updating files:  70% (4118/5882)
2026-09-18T03:07:22.2548421Z Updating files:  71% (4177/5882)
2026-09-18T03:07:22.3108003Z Updating files:  72% (4236/5882)
2026-09-18T03:07:22.3749480Z Updating files:  73% (4294/5882)
2026-09-18T03:07:22.6700688Z Updating files:  73% (4302/5882)
2026-09-18T03:07:23.0094081Z Updating files:  74% (4353/5882)
2026-09-18T03:07:23.0484493Z Updating files:  75% (4412/5882)
2026-09-18T03:07:23.0658488Z Updating files:  76% (4471/5882)
2026-09-18T03:07:23.0701626Z Updating files:  77% (4530/5882)
2026-09-18T03:07:23.0719848Z Updating files:  78% (4588/5882)
2026-09-18T03:07:23.0857068Z Updating files:  79% (4647/5882)
2026-09-18T03:07:23.0888028Z Updating files:  80% (4706/5882)
2026-09-18T03:07:23.0897180Z Updating files:  81% (4765/5882)
2026-09-18T03:07:23.0903391Z Updating files:  82% (4824/5882)
2026-09-18T03:07:23.1008905Z Updating files:  83% (4883/5882)
2026-09-18T03:07:23.1145680Z Updating files:  84% (4941/5882)
2026-09-18T03:07:23.1302999Z Updating files:  85% (5000/5882)
2026-09-18T03:07:23.1470640Z Updating files:  86% (5059/5882)
2026-09-18T03:07:23.1488001Z Updating files:  87% (5118/5882)
2026-09-18T03:07:23.1626837Z Updating files:  88% (5177/5882)
2026-09-18T03:07:23.1807001Z Updating files:  89% (5235/5882)
2026-09-18T03:07:23.1827010Z Updating files:  90% (5294/5882)
2026-09-18T03:07:23.1840720Z Updating files:  91% (5353/5882)
2026-09-18T03:07:23.1889017Z Updating files:  92% (5412/5882)
2026-09-18T03:07:23.1908239Z Updating files:  93% (5471/5882)
2026-09-18T03:07:23.1928344Z Updating files:  94% (5530/5882)
2026-09-18T03:07:23.1951307Z Updating files:  95% (5588/5882)
2026-09-18T03:07:23.1984005Z Updating files:  96% (5647/5882)
2026-09-18T03:07:23.2133521Z Updating files:  97% (5706/5882)
2026-09-18T03:07:23.2265793Z Updating files:  98% (5765/5882)
2026-09-18T03:07:23.2287619Z Updating files:  99% (5824/5882)
2026-09-18T03:07:23.2288548Z Updating files: 100% (5882/5882)
2026-09-18T03:07:23.2289041Z Updating files: 100% (5882/5882), done.
2026-09-18T03:07:23.4387218Z Note: switching to 'f827a3aefd95fd95dedb2bd2ecc93ae01111ea90'.
2026-09-18T03:07:23.4387646Z 
2026-09-18T03:07:23.4387997Z You are in 'detached HEAD' state. You can look around, make experimental
2026-09-18T03:07:23.4388450Z changes and commit them, and you can discard any commits you make in this
2026-09-18T03:07:23.4388911Z state without impacting any branches by switching back to a branch.
2026-09-18T03:07:23.4389201Z 
2026-09-18T03:07:23.4389471Z If you want to create a new branch to retain commits you create, you may
2026-09-18T03:07:23.4389883Z do so (now or later) by using -c with the switch command. Example:
2026-09-18T03:07:23.4390112Z 
2026-09-18T03:07:23.4390257Z   git switch -c <new-branch-name>
2026-09-18T03:07:23.4390410Z 
2026-09-18T03:07:23.4390501Z Or undo this operation with:
2026-09-18T03:07:23.4390642Z 
2026-09-18T03:07:23.4390728Z   git switch -
2026-09-18T03:07:23.4390837Z 
2026-09-18T03:07:23.4391023Z Turn off this advice by setting config variable advice.detachedHead to false
2026-09-18T03:07:23.4391281Z 
2026-09-18T03:07:23.4391473Z HEAD is now at f827a3a fix(catalog): bind gallery harvest to measured HK CDN bytes
2026-09-18T03:07:23.4527266Z ##[endgroup]
2026-09-18T03:07:23.4565556Z [command]/usr/bin/git log -1 --format=%H
2026-09-18T03:07:23.4592240Z f827a3aefd95fd95dedb2bd2ecc93ae01111ea90
2026-09-18T03:07:23.4611840Z ##[group]Removing auth
2026-09-18T03:07:23.4623897Z [command]/usr/bin/git config --local --name-only --get-regexp core\.sshCommand
2026-09-18T03:07:23.4648060Z [command]/usr/bin/git submodule foreach --recursive sh -c "git config --local --name-only --get-regexp 'core\.sshCommand' && git config --local --unset-all 'core.sshCommand' || :"
2026-09-18T03:07:23.4842986Z [command]/usr/bin/git config --local --name-only --get-regexp http\.https\:\/\/github\.com\/\.extraheader
2026-09-18T03:07:23.4872380Z http.https://github.com/.extraheader
2026-09-18T03:07:23.4881997Z [command]/usr/bin/git config --local --unset-all http.https://github.com/.extraheader
2026-09-18T03:07:23.7487964Z [command]/usr/bin/git submodule foreach --recursive sh -c "git config --local --name-only --get-regexp 'http\.https\:\/\/github\.com\/\.extraheader' && git config --local --unset-all 'http.https://github.com/.extraheader' || :"
2026-09-18T03:07:23.7687314Z [command]/usr/bin/git config --local --name-only --get-regexp ^includeIf\.gitdir:
2026-09-18T03:07:23.7715150Z [command]/usr/bin/git submodule foreach --recursive git config --local --show-origin --name-only --get-regexp remote.origin.url
2026-09-18T03:07:23.7913803Z ##[endgroup]
2026-09-18T03:07:23.8097735Z Node 20 is being deprecated. This workflow is running with Node 24 by default. If you need to temporarily use Node 20, you can set the ACTIONS_ALLOW_USE_UNSECURE_NODE_VERSION=true environment variable. For more information see: https://github.blog/changelog/2025-09-19-deprecation-of-node-20-on-github-actions-runners/
2026-09-18T03:07:23.8098642Z ##[group]Run actions/setup-python@v5
2026-09-18T03:07:23.8098808Z with:
2026-09-18T03:07:23.8098942Z   python-version: 3.13.5
2026-09-18T03:07:23.8099092Z   check-latest: false
2026-09-18T03:07:23.8100654Z   token: ***
2026-09-18T03:07:23.8100791Z   update-environment: true
2026-09-18T03:07:23.8100951Z   allow-prereleases: false
2026-09-18T03:07:23.8101096Z   freethreaded: false
2026-09-18T03:07:23.8101230Z env:
2026-09-18T03:07:23.8101359Z   PYTHONDONTWRITEBYTECODE: 1
2026-09-18T03:07:23.8101649Z ##[endgroup]
2026-09-18T03:07:23.9011857Z ##[group]Installed versions
2026-09-18T03:07:23.9127062Z Version 3.13.5 was not found in the local cache
2026-09-18T03:07:23.9221107Z (node:2012) [DEP0040] DeprecationWarning: The `punycode` module is deprecated. Please use a userland alternative instead.
2026-09-18T03:07:23.9222064Z (Use `node --trace-deprecation ...` to show where the warning was created)
2026-09-18T03:07:24.6590301Z Version 3.13.5 is available for downloading
2026-09-18T03:07:24.6591591Z Download from "https://github.com/actions/python-versions/releases/download/3.13.5-15601068749/python-3.13.5-linux-24.04-x64.tar.gz"
2026-09-18T03:07:25.5257050Z Extract downloaded archive
2026-09-18T03:07:25.5341732Z [command]/usr/bin/tar xz --warning=no-unknown-keyword --overwrite -C /home/runner/work/_temp/0a20594e-8004-4ac6-9c5a-4e1317d156c9 -f /home/runner/work/_temp/4c763e20-8828-40a2-a067-885b677257cf
2026-09-18T03:07:27.7034130Z Execute installation script
2026-09-18T03:07:27.7108337Z Check if Python hostedtoolcache folder exist...
2026-09-18T03:07:27.7113622Z Create Python 3.13.5 folder
2026-09-18T03:07:27.7124348Z Copy Python binaries to hostedtoolcache folder
2026-09-18T03:07:30.7043502Z Create additional symlinks (Required for the UsePythonVersion Azure Pipelines task and the setup-python GitHub Action)
2026-09-18T03:07:30.7068641Z Upgrading pip...
2026-09-18T03:07:32.8767624Z Looking in links: /tmp/tmp549o3aiv
2026-09-18T03:07:32.8768217Z Requirement already satisfied: pip in /opt/hostedtoolcache/Python/3.13.5/x64/lib/python3.13/site-packages (25.1.1)
2026-09-18T03:07:34.5005044Z Collecting pip
2026-09-18T03:07:34.5761966Z Downloading pip-26.2.1-py3-none-any.whl.metadata (4.6 kB)
2026-09-18T03:07:34.9696115Z Downloading pip-26.2.1-py3-none-any.whl (1.8 MB)
2026-09-18T03:07:35.1407425Z ━━━━━━━━━━━━━━━━━━━━━━━━━━━━━━━━━━━━━━━━ 1.8/1.8 MB 12.3 MB/s eta 0:00:00
2026-09-18T03:07:35.1416912Z 
2026-09-18T03:07:35.1877061Z Installing collected packages: pip
2026-09-18T03:07:35.1907071Z Attempting uninstall: pip
2026-09-18T03:07:35.1917013Z Found existing installation: pip 25.1.1
2026-09-18T03:07:35.2099854Z Uninstalling pip-25.1.1:
2026-09-18T03:07:35.2134692Z Successfully uninstalled pip-25.1.1
2026-09-18T03:07:35.9453706Z Successfully installed pip-26.2.1
2026-09-18T03:07:35.9838685Z Create complete file
2026-09-18T03:07:35.9874441Z Successfully set up CPython (3.13.5)
2026-09-18T03:07:35.9875526Z ##[endgroup]
2026-09-18T03:07:36.0036741Z Node 20 is being deprecated. This workflow is running with Node 24 by default. If you need to temporarily use Node 20, you can set the ACTIONS_ALLOW_USE_UNSECURE_NODE_VERSION=true environment variable. For more information see: https://github.blog/changelog/2025-09-19-deprecation-of-node-20-on-github-actions-runners/
2026-09-18T03:07:36.0037438Z ##[group]Run actions/setup-node@v4
2026-09-18T03:07:36.0037594Z with:
2026-09-18T03:07:36.0037720Z   node-version: 22.22.0
2026-09-18T03:07:36.0037853Z   always-auth: false
2026-09-18T03:07:36.0037983Z   check-latest: false
2026-09-18T03:07:36.0039457Z   token: ***
2026-09-18T03:07:36.0039574Z env:
2026-09-18T03:07:36.0039700Z   PYTHONDONTWRITEBYTECODE: 1
2026-09-18T03:07:36.0039887Z   pythonLocation: /opt/hostedtoolcache/Python/3.13.5/x64
2026-09-18T03:07:36.0040143Z   PKG_CONFIG_PATH: /opt/hostedtoolcache/Python/3.13.5/x64/lib/pkgconfig
2026-09-18T03:07:36.0040388Z   Python_ROOT_DIR: /opt/hostedtoolcache/Python/3.13.5/x64
2026-09-18T03:07:36.0040628Z   Python2_ROOT_DIR: /opt/hostedtoolcache/Python/3.13.5/x64
2026-09-18T03:07:36.0040844Z   Python3_ROOT_DIR: /opt/hostedtoolcache/Python/3.13.5/x64
2026-09-18T03:07:36.0041062Z   LD_LIBRARY_PATH: /opt/hostedtoolcache/Python/3.13.5/x64/lib
2026-09-18T03:07:36.0041252Z ##[endgroup]
2026-09-18T03:07:36.0958579Z Attempting to download 22.22.0...
2026-09-18T03:07:36.1025536Z (node:2102) [DEP0040] DeprecationWarning: The `punycode` module is deprecated. Please use a userland alternative instead.
2026-09-18T03:07:36.1026432Z (Use `node --trace-deprecation ...` to show where the warning was created)
2026-09-18T03:07:36.8509934Z Acquiring 22.22.0 - x64 from https://github.com/actions/node-versions/releases/download/22.22.0-20981702931/node-22.22.0-linux-x64.tar.gz
2026-09-18T03:07:37.5296439Z Extracting ...
2026-09-18T03:07:37.5402990Z [command]/usr/bin/tar xz --strip 1 --warning=no-unknown-keyword --overwrite -C /home/runner/work/_temp/0089152a-127f-4a16-8bc6-7c123b8ac6f7 -f /home/runner/work/_temp/3fc1728f-d8f4-4bdb-a447-6783e93ddbd2
2026-09-18T03:07:38.5363876Z Adding to the cache ...
2026-09-18T03:07:45.9234602Z ##[group]Environment details
2026-09-18T03:07:46.0858630Z node: v22.22.0
2026-09-18T03:07:46.0859105Z npm: 10.9.4
2026-09-18T03:07:46.0859348Z yarn: 1.22.22
2026-09-18T03:07:46.0859903Z ##[endgroup]
2026-09-18T03:07:46.1027839Z ##[group]Run python -B ci/journey-v2/prepare.py
2026-09-18T03:07:46.1028103Z [36;1mpython -B ci/journey-v2/prepare.py[0m
2026-09-18T03:07:46.1060680Z shell: /usr/bin/bash -e {0}
2026-09-18T03:07:46.1060833Z env:
2026-09-18T03:07:46.1060960Z   PYTHONDONTWRITEBYTECODE: 1
2026-09-18T03:07:46.1061156Z   pythonLocation: /opt/hostedtoolcache/Python/3.13.5/x64
2026-09-18T03:07:46.1061401Z   PKG_CONFIG_PATH: /opt/hostedtoolcache/Python/3.13.5/x64/lib/pkgconfig
2026-09-18T03:07:46.1061635Z   Python_ROOT_DIR: /opt/hostedtoolcache/Python/3.13.5/x64
2026-09-18T03:07:46.1061848Z   Python2_ROOT_DIR: /opt/hostedtoolcache/Python/3.13.5/x64
2026-09-18T03:07:46.1062063Z   Python3_ROOT_DIR: /opt/hostedtoolcache/Python/3.13.5/x64
2026-09-18T03:07:46.1062278Z   LD_LIBRARY_PATH: /opt/hostedtoolcache/Python/3.13.5/x64/lib
2026-09-18T03:07:46.1062464Z ##[endgroup]
2026-09-18T03:07:46.3456840Z Traceback (most recent call last):
2026-09-18T03:07:46.3457431Z   File "/home/runner/work/GO/GO/ci/retention/verify_source.py", line 67, in <module>
2026-09-18T03:07:46.3457836Z     main()
2026-09-18T03:07:46.3458010Z     ~~~~^^
2026-09-18T03:07:46.3458366Z   File "/home/runner/work/GO/GO/ci/retention/verify_source.py", line 28, in main
2026-09-18T03:07:46.3458982Z     assert actual == expected, {'missing': sorted(expected-actual), 'unexpected': sorted(actual-expected)}
2026-09-18T03:07:46.3459453Z            ^^^^^^^^^^^^^^^^^^
2026-09-18T03:07:46.3462628Z AssertionError: {'missing': [], 'unexpected': ['scripts/test_catalog_graph_visibility.py', 'scripts/test_catalog_scope.py', 'scripts/test_catalog_scope_postgres.py', 'scripts/test_hotel_search_event_loop.py', 'src/go_hotel/connectors/supplier_runtime_controls.py', 'src/go_hotel/services/catalog_scope.py', 'tests/test_supplier_preflight_runtime.py', 'tests/test_supplier_runtime_controls.py', 'tests_frontend/fixtures/aoluguya_hyatt_gallery_harvest_plan.json', 'tests_frontend/fixtures/aoluguya_hyatt_gallery_harvest_plan_legacy_jpeg.json', 'tests_frontend/fixtures/aoluguya_normalized_ingest_plan.json', 'tests_frontend/hotel_catalog_contacts.test.mjs', 'tests_frontend/hotel_catalog_hyatt_gallery.test.mjs', 'tests_frontend/hotel_catalog_reviewed_import.test.mjs']}
2026-09-18T03:07:46.3628832Z Traceback (most recent call last):
2026-09-18T03:07:46.3718481Z   File "/home/runner/work/GO/GO/ci/journey-v2/prepare.py", line 7, in <module>
2026-09-18T03:07:46.3719363Z     subprocess.run([sys.executable,str(root/'ci/retention/verify_source.py'),str(out/'source')],check=True,cwd=root)
2026-09-18T03:07:46.3720316Z     ~~~~~~~~~~~~~~^^^^^^^^^^^^^^^^^^^^^^^^^^^^^^^^^^^^^^^^^^^^^^^^^^^^^^^^^^^^^^^^^^^^^^^^^^^^^^^^^^^^^^^^^^^^^^^^^^
2026-09-18T03:07:46.3721078Z   File "/opt/hostedtoolcache/Python/3.13.5/x64/lib/python3.13/subprocess.py", line 577, in run
2026-09-18T03:07:46.3721922Z     raise CalledProcessError(retcode, process.args,
2026-09-18T03:07:46.3722451Z                              output=stdout, stderr=stderr)
2026-09-18T03:07:46.3723894Z subprocess.CalledProcessError: Command '['/opt/hostedtoolcache/Python/3.13.5/x64/bin/python', '/home/runner/work/GO/GO/ci/retention/verify_source.py', '/home/runner/work/GO/GO/journey-evidence/source']' returned non-zero exit status 1.
2026-09-18T03:07:46.3785425Z ##[error]Process completed with exit code 1.
2026-09-18T03:07:46.3823055Z ##[group]Run python - <<'PY'
2026-09-18T03:07:46.3823394Z [36;1mpython - <<'PY'[0m
2026-09-18T03:07:46.3823544Z [36;1mimport hashlib,json,pathlib[0m
2026-09-18T03:07:46.3823759Z [36;1mp=pathlib.Path('journey-evidence');p.mkdir(exist_ok=True)[0m
2026-09-18T03:07:46.3824150Z [36;1mfiles={str(x.relative_to(p)):hashlib.sha256(x.read_bytes()).hexdigest() for x in sorted(p.rglob('*')) if x.is_file() and x.name!='SHA256.json'}[0m
2026-09-18T03:07:46.3824534Z [36;1m(p/'SHA256.json').write_text(json.dumps(files,indent=2)+'\n')[0m
2026-09-18T03:07:46.3824752Z [36;1mPY[0m
2026-09-18T03:07:46.3854725Z shell: /usr/bin/bash -e {0}
2026-09-18T03:07:46.3854866Z env:
2026-09-18T03:07:46.3854991Z   PYTHONDONTWRITEBYTECODE: 1
2026-09-18T03:07:46.3855171Z   pythonLocation: /opt/hostedtoolcache/Python/3.13.5/x64
2026-09-18T03:07:46.3855413Z   PKG_CONFIG_PATH: /opt/hostedtoolcache/Python/3.13.5/x64/lib/pkgconfig
2026-09-18T03:07:46.3855672Z   Python_ROOT_DIR: /opt/hostedtoolcache/Python/3.13.5/x64
2026-09-18T03:07:46.3855889Z   Python2_ROOT_DIR: /opt/hostedtoolcache/Python/3.13.5/x64
2026-09-18T03:07:46.3856099Z   Python3_ROOT_DIR: /opt/hostedtoolcache/Python/3.13.5/x64
2026-09-18T03:07:46.3856310Z   LD_LIBRARY_PATH: /opt/hostedtoolcache/Python/3.13.5/x64/lib
2026-09-18T03:07:46.3856668Z ##[endgroup]
2026-09-18T03:07:46.4642461Z Node 20 is being deprecated. This workflow is running with Node 24 by default. If you need to temporarily use Node 20, you can set the ACTIONS_ALLOW_USE_UNSECURE_NODE_VERSION=true environment variable. For more information see: https://github.blog/changelog/2025-09-19-deprecation-of-node-20-on-github-actions-runners/
2026-09-18T03:07:46.4643148Z ##[group]Run actions/upload-artifact@v4
2026-09-18T03:07:46.4643305Z with:
2026-09-18T03:07:46.4643477Z   name: depth47-browser-f827a3aefd95fd95dedb2bd2ecc93ae01111ea90
2026-09-18T03:07:46.4643692Z   path: journey-evidence/
2026-09-18T03:07:46.4643835Z   if-no-files-found: error
2026-09-18T03:07:46.4643970Z   retention-days: 90
2026-09-18T03:07:46.4644100Z   compression-level: 6
2026-09-18T03:07:46.4644235Z   overwrite: false
2026-09-18T03:07:46.4644363Z   include-hidden-files: false
2026-09-18T03:07:46.4644504Z env:
2026-09-18T03:07:46.4644626Z   PYTHONDONTWRITEBYTECODE: 1
2026-09-18T03:07:46.4644817Z   pythonLocation: /opt/hostedtoolcache/Python/3.13.5/x64
2026-09-18T03:07:46.4645057Z   PKG_CONFIG_PATH: /opt/hostedtoolcache/Python/3.13.5/x64/lib/pkgconfig
2026-09-18T03:07:46.4645293Z   Python_ROOT_DIR: /opt/hostedtoolcache/Python/3.13.5/x64
2026-09-18T03:07:46.4645507Z   Python2_ROOT_DIR: /opt/hostedtoolcache/Python/3.13.5/x64
2026-09-18T03:07:46.4645720Z   Python3_ROOT_DIR: /opt/hostedtoolcache/Python/3.13.5/x64
2026-09-18T03:07:46.4645933Z   LD_LIBRARY_PATH: /opt/hostedtoolcache/Python/3.13.5/x64/lib
2026-09-18T03:07:46.4646119Z ##[endgroup]
2026-09-18T03:07:46.5717066Z (node:2142) [DEP0040] DeprecationWarning: The `punycode` module is deprecated. Please use a userland alternative instead.
2026-09-18T03:07:46.5718092Z (Use `node --trace-deprecation ...` to show where the warning was created)
2026-09-18T03:07:46.5822893Z With the provided path, there will be 1 file uploaded
2026-09-18T03:07:46.5827951Z Artifact name is valid!
2026-09-18T03:07:46.5896682Z Root directory input is valid!
2026-09-18T03:07:46.8815862Z Beginning upload of artifact content to blob storage
2026-09-18T03:07:46.8857202Z (node:2142) [DEP0169] DeprecationWarning: `url.parse()` behavior is not standardized and prone to errors that have security implications. Use the WHATWG URL API instead. CVEs are not issued for `url.parse()` vulnerabilities.
2026-09-18T03:07:47.0516476Z Uploaded bytes 141
2026-09-18T03:07:47.0870616Z Finished uploading artifact content to blob storage!
2026-09-18T03:07:47.0871514Z SHA256 digest of uploaded artifact zip is 4ecebafeafba47822f1968f35fcdc57751587ad4106f0a994ba148eeebb11c30
2026-09-18T03:07:47.0871972Z Finalizing artifact upload
2026-09-18T03:07:47.3171033Z Artifact depth47-browser-f827a3aefd95fd95dedb2bd2ecc93ae01111ea90.zip successfully finalized. Artifact ID 10529768872
2026-09-18T03:07:47.3172370Z Artifact depth47-browser-f827a3aefd95fd95dedb2bd2ecc93ae01111ea90 has been successfully uploaded! Final size is 141 bytes. Artifact ID is 10529768872
2026-09-18T03:07:47.3173408Z Artifact download URL: https://github.com/yuguangzhi3836-glitch/GO/actions/runs/35301975981/artifacts/10529768872
2026-09-18T03:07:47.3284826Z Node 20 is being deprecated. This workflow is running with Node 24 by default. If you need to temporarily use Node 20, you can set the ACTIONS_ALLOW_USE_UNSECURE_NODE_VERSION=true environment variable. For more information see: https://github.blog/changelog/2025-09-19-deprecation-of-node-20-on-github-actions-runners/
2026-09-18T03:07:47.3285471Z Post job cleanup.
2026-09-18T03:07:47.3884177Z [command]/usr/bin/git version
2026-09-18T03:07:47.3923103Z git version 2.55.0
2026-09-18T03:07:47.3926430Z Temporarily overriding HOME='/home/runner/work/_temp/42adbaef-ff30-4d27-8418-093d303ec170' before making global git config changes
2026-09-18T03:07:47.3927896Z Adding repository directory to the temporary git global config as a safe directory
2026-09-18T03:07:47.3929974Z [command]/usr/bin/git config --global --add safe.directory /home/runner/work/GO/GO
2026-09-18T03:07:47.3978682Z [command]/usr/bin/git config --local --name-only --get-regexp core\.sshCommand
2026-09-18T03:07:47.4008294Z [command]/usr/bin/git submodule foreach --recursive sh -c "git config --local --name-only --get-regexp 'core\.sshCommand' && git config --local --unset-all 'core.sshCommand' || :"
2026-09-18T03:07:47.4302782Z [command]/usr/bin/git config --local --name-only --get-regexp http\.https\:\/\/github\.com\/\.extraheader
2026-09-18T03:07:47.4438056Z [command]/usr/bin/git submodule foreach --recursive sh -c "git config --local --name-only --get-regexp 'http\.https\:\/\/github\.com\/\.extraheader' && git config --local --unset-all 'http.https://github.com/.extraheader' || :"
2026-09-18T03:07:47.4666778Z [command]/usr/bin/git config --local --name-only --get-regexp ^includeIf\.gitdir:
2026-09-18T03:07:47.4688260Z [command]/usr/bin/git submodule foreach --recursive git config --local --show-origin --name-only --get-regexp remote.origin.url
2026-09-18T03:07:47.4990373Z Cleaning up orphan processes
2026-09-18T03:07:47.5196000Z ##[warning]Node.js 20 is deprecated. The following actions target Node.js 20 but are being forced to run on Node.js 24: actions/checkout@v4, actions/setup-node@v4, actions/setup-python@v5, actions/upload-artifact@v4. For more information see: https://github.blog/changelog/2025-09-19-deprecation-of-node-20-on-github-actions-runners/

