2026-09-18T03:07:04.8579977Z Current runner version: '2.337.0'
2026-09-18T03:07:04.8619633Z ##[group]Runner Image Provisioner
2026-09-18T03:07:04.8620985Z Hosted Compute Agent
2026-09-18T03:07:04.8621942Z Version: 20260828.587
2026-09-18T03:07:04.8623230Z Commit: abac92662cab4cc7352de4f9f9d2e2419aad9c29
2026-09-18T03:07:04.8624486Z Build Date: 2026-08-28T16:44:25Z
2026-09-18T03:07:04.8625727Z Worker ID: {50416b16-6f60-4716-8abc-cf5bd5a5d6ae}
2026-09-18T03:07:04.8627011Z Azure Region: eastus
2026-09-18T03:07:04.8627927Z ##[endgroup]
2026-09-18T03:07:04.8630908Z ##[group]Operating System
2026-09-18T03:07:04.8632047Z Ubuntu
2026-09-18T03:07:04.8633077Z 24.04.5
2026-09-18T03:07:04.8633987Z LTS
2026-09-18T03:07:04.8634854Z ##[endgroup]
2026-09-18T03:07:04.8635903Z ##[group]Runner Image
2026-09-18T03:07:04.8637009Z Image: ubuntu-24.04
2026-09-18T03:07:04.8638101Z Version: 20260907.300.1
2026-09-18T03:07:04.8640595Z Included Software: https://github.com/actions/runner-images/blob/ubuntu24/20260907.300/images/ubuntu/Ubuntu2404-Readme.md
2026-09-18T03:07:04.8643513Z Image Release: https://github.com/actions/runner-images/releases/tag/ubuntu24%2F20260907.300
2026-09-18T03:07:04.8645289Z ##[endgroup]
2026-09-18T03:07:04.8647273Z ##[group]GITHUB_TOKEN Permissions
2026-09-18T03:07:04.8650585Z Contents: read
2026-09-18T03:07:04.8651697Z Metadata: read
2026-09-18T03:07:04.8652589Z ##[endgroup]
2026-09-18T03:07:04.8655923Z Secret source: Actions
2026-09-18T03:07:04.8657487Z Cache mode: write
2026-09-18T03:07:04.8659062Z Prepare workflow directory
2026-09-18T03:07:04.9290777Z Prepare all required actions
2026-09-18T03:07:04.9364850Z Getting action download info
2026-09-18T03:07:05.1414996Z Download action repository 'actions/checkout@v4' (SHA:11d5960a326750d5838078e36cf38b85af677262)
2026-09-18T03:07:05.2515765Z Download action repository 'actions/setup-node@v4' (SHA:49933ea5288caeca8642d1e84afbd3f7d6820020)
2026-09-18T03:07:05.3745961Z Download action repository 'actions/upload-artifact@v4' (SHA:ea165f8d65b6e75b540449e92b4886f43607fa02)
2026-09-18T03:07:05.5933631Z Complete job name: mobile-source-and-native-linking
2026-09-18T03:07:05.6769033Z Node 20 is being deprecated. This workflow is running with Node 24 by default. If you need to temporarily use Node 20, you can set the ACTIONS_ALLOW_USE_UNSECURE_NODE_VERSION=true environment variable. For more information see: https://github.blog/changelog/2025-09-19-deprecation-of-node-20-on-github-actions-runners/
2026-09-18T03:07:05.6777995Z ##[group]Run actions/checkout@v4
2026-09-18T03:07:05.6779072Z with:
2026-09-18T03:07:05.6779619Z   ref: f827a3aefd95fd95dedb2bd2ecc93ae01111ea90
2026-09-18T03:07:05.6780267Z   persist-credentials: false
2026-09-18T03:07:05.6780841Z   repository: yuguangzhi3836-glitch/GO
2026-09-18T03:07:05.6784711Z   token: ***
2026-09-18T03:07:05.6785175Z   ssh-strict: true
2026-09-18T03:07:05.6785636Z   ssh-user: git
2026-09-18T03:07:05.6786091Z   clean: true
2026-09-18T03:07:05.6786561Z   sparse-checkout-cone-mode: true
2026-09-18T03:07:05.6787117Z   fetch-depth: 1
2026-09-18T03:07:05.6787610Z   fetch-tags: false
2026-09-18T03:07:05.6788122Z   show-progress: true
2026-09-18T03:07:05.6789030Z   lfs: false
2026-09-18T03:07:05.6789527Z   submodules: false
2026-09-18T03:07:05.6790006Z   set-safe-directory: true
2026-09-18T03:07:05.6790549Z   allow-unsafe-pr-checkout: false
2026-09-18T03:07:05.6791583Z env:
2026-09-18T03:07:05.6792012Z   CI: 1
2026-09-18T03:07:05.6792446Z   EXPO_NO_TELEMETRY: 1
2026-09-18T03:07:05.6792923Z   EXPO_DEBUG: 1
2026-09-18T03:07:05.6793389Z   PYTHONDONTWRITEBYTECODE: 1
2026-09-18T03:07:05.6793912Z ##[endgroup]
2026-09-18T03:07:05.8115895Z Syncing repository: yuguangzhi3836-glitch/GO
2026-09-18T03:07:05.9419882Z ##[group]Getting Git version info
2026-09-18T03:07:05.9426169Z Working directory is '/home/runner/work/GO/GO'
2026-09-18T03:07:05.9430213Z [command]/usr/bin/git version
2026-09-18T03:07:05.9431712Z git version 2.55.0
2026-09-18T03:07:05.9437785Z ##[endgroup]
2026-09-18T03:07:05.9450830Z Temporarily overriding HOME='/home/runner/work/_temp/e7deb7e7-3c94-4a40-9883-8ea66854a862' before making global git config changes
2026-09-18T03:07:05.9454531Z Adding repository directory to the temporary git global config as a safe directory
2026-09-18T03:07:05.9457313Z [command]/usr/bin/git config --global --add safe.directory /home/runner/work/GO/GO
2026-09-18T03:07:05.9462283Z Deleting the contents of '/home/runner/work/GO/GO'
2026-09-18T03:07:05.9464910Z ##[group]Initializing the repository
2026-09-18T03:07:05.9468835Z [command]/usr/bin/git init /home/runner/work/GO/GO
2026-09-18T03:07:05.9470326Z hint: Using 'master' as the name for the initial branch. This default branch name
2026-09-18T03:07:05.9472037Z hint: will change to "main" in Git 3.0. To configure the initial branch name
2026-09-18T03:07:05.9473674Z hint: to use in all of your new repositories, which will suppress this warning,
2026-09-18T03:07:05.9475025Z hint: call:
2026-09-18T03:07:05.9475774Z hint:
2026-09-18T03:07:05.9476851Z hint: 	git config --global init.defaultBranch <name>
2026-09-18T03:07:05.9478082Z hint:
2026-09-18T03:07:05.9479572Z hint: Names commonly chosen instead of 'master' are 'main', 'trunk' and
2026-09-18T03:07:05.9481131Z hint: 'development'. The just-created branch can be renamed via this command:
2026-09-18T03:07:05.9482476Z hint:
2026-09-18T03:07:05.9487359Z hint: 	git branch -m <name>
2026-09-18T03:07:05.9488242Z hint:
2026-09-18T03:07:05.9489721Z hint: Disable this message with "git config set advice.defaultBranchName false"
2026-09-18T03:07:05.9491405Z Initialized empty Git repository in /home/runner/work/GO/GO/.git/
2026-09-18T03:07:05.9494461Z [command]/usr/bin/git remote add origin https://github.com/yuguangzhi3836-glitch/GO
2026-09-18T03:07:05.9497428Z ##[endgroup]
2026-09-18T03:07:05.9499191Z ##[group]Disabling automatic garbage collection
2026-09-18T03:07:05.9500347Z [command]/usr/bin/git config --local gc.auto 0
2026-09-18T03:07:05.9504720Z ##[endgroup]
2026-09-18T03:07:05.9506042Z ##[group]Setting up auth
2026-09-18T03:07:05.9507228Z [command]/usr/bin/git config --local --name-only --get-regexp core\.sshCommand
2026-09-18T03:07:05.9511407Z [command]/usr/bin/git submodule foreach --recursive sh -c "git config --local --name-only --get-regexp 'core\.sshCommand' && git config --local --unset-all 'core.sshCommand' || :"
2026-09-18T03:07:05.9924471Z [command]/usr/bin/git config --local --name-only --get-regexp http\.https\:\/\/github\.com\/\.extraheader
2026-09-18T03:07:05.9931720Z [command]/usr/bin/git submodule foreach --recursive sh -c "git config --local --name-only --get-regexp 'http\.https\:\/\/github\.com\/\.extraheader' && git config --local --unset-all 'http.https://github.com/.extraheader' || :"
2026-09-18T03:07:06.0296948Z [command]/usr/bin/git config --local --name-only --get-regexp ^includeIf\.gitdir:
2026-09-18T03:07:06.0303194Z [command]/usr/bin/git submodule foreach --recursive git config --local --show-origin --name-only --get-regexp remote.origin.url
2026-09-18T03:07:06.0671563Z [command]/usr/bin/git config --local http.https://github.com/.extraheader AUTHORIZATION: basic ***
2026-09-18T03:07:06.0677562Z ##[endgroup]
2026-09-18T03:07:06.0679828Z ##[group]Fetching the repository
2026-09-18T03:07:06.0682863Z [command]/usr/bin/git -c protocol.version=2 fetch --no-tags --prune --no-recurse-submodules --depth=1 origin f827a3aefd95fd95dedb2bd2ecc93ae01111ea90
2026-09-18T03:07:17.8070856Z From https://github.com/yuguangzhi3836-glitch/GO
2026-09-18T03:07:17.8077527Z  * branch            f827a3aefd95fd95dedb2bd2ecc93ae01111ea90 -> FETCH_HEAD
2026-09-18T03:07:17.8110097Z ##[endgroup]
2026-09-18T03:07:17.8111286Z ##[group]Determining the checkout info
2026-09-18T03:07:17.8112499Z ##[endgroup]
2026-09-18T03:07:17.8113128Z [command]/usr/bin/git sparse-checkout disable
2026-09-18T03:07:17.8144555Z [command]/usr/bin/git config --local --unset-all extensions.worktreeConfig
2026-09-18T03:07:17.8193842Z ##[group]Checking out the ref
2026-09-18T03:07:17.8198263Z [command]/usr/bin/git checkout --progress --force f827a3aefd95fd95dedb2bd2ecc93ae01111ea90
2026-09-18T03:07:18.9785424Z Updating files:  29% (1758/5882)
2026-09-18T03:07:19.4322195Z Updating files:  30% (1765/5882)
2026-09-18T03:07:19.4359538Z Updating files:  31% (1824/5882)
2026-09-18T03:07:19.4393793Z Updating files:  32% (1883/5882)
2026-09-18T03:07:19.4531577Z Updating files:  33% (1942/5882)
2026-09-18T03:07:19.4580373Z Updating files:  34% (2000/5882)
2026-09-18T03:07:19.4673470Z Updating files:  35% (2059/5882)
2026-09-18T03:07:19.4703517Z Updating files:  36% (2118/5882)
2026-09-18T03:07:19.4829660Z Updating files:  37% (2177/5882)
2026-09-18T03:07:19.4830811Z Updating files:  38% (2236/5882)
2026-09-18T03:07:19.4836727Z Updating files:  39% (2294/5882)
2026-09-18T03:07:19.4864350Z Updating files:  40% (2353/5882)
2026-09-18T03:07:19.4895583Z Updating files:  41% (2412/5882)
2026-09-18T03:07:19.4925033Z Updating files:  42% (2471/5882)
2026-09-18T03:07:19.4972321Z Updating files:  43% (2530/5882)
2026-09-18T03:07:19.5017105Z Updating files:  44% (2589/5882)
2026-09-18T03:07:19.5057515Z Updating files:  45% (2647/5882)
2026-09-18T03:07:19.5102348Z Updating files:  46% (2706/5882)
2026-09-18T03:07:19.5150444Z Updating files:  47% (2765/5882)
2026-09-18T03:07:19.5188026Z Updating files:  48% (2824/5882)
2026-09-18T03:07:19.5227323Z Updating files:  49% (2883/5882)
2026-09-18T03:07:19.5264203Z Updating files:  50% (2941/5882)
2026-09-18T03:07:19.5300541Z Updating files:  51% (3000/5882)
2026-09-18T03:07:19.5334987Z Updating files:  52% (3059/5882)
2026-09-18T03:07:19.6214509Z Updating files:  53% (3118/5882)
2026-09-18T03:07:19.6246939Z Updating files:  54% (3177/5882)
2026-09-18T03:07:19.6323914Z Updating files:  55% (3236/5882)
2026-09-18T03:07:19.6572902Z Updating files:  56% (3294/5882)
2026-09-18T03:07:19.6909912Z Updating files:  57% (3353/5882)
2026-09-18T03:07:19.7439841Z Updating files:  58% (3412/5882)
2026-09-18T03:07:19.7488422Z Updating files:  59% (3471/5882)
2026-09-18T03:07:19.7538182Z Updating files:  60% (3530/5882)
2026-09-18T03:07:19.7580564Z Updating files:  61% (3589/5882)
2026-09-18T03:07:19.7633512Z Updating files:  62% (3647/5882)
2026-09-18T03:07:19.7737200Z Updating files:  63% (3706/5882)
2026-09-18T03:07:19.7790110Z Updating files:  64% (3765/5882)
2026-09-18T03:07:19.7849358Z Updating files:  65% (3824/5882)
2026-09-18T03:07:19.7881012Z Updating files:  66% (3883/5882)
2026-09-18T03:07:19.7924210Z Updating files:  67% (3941/5882)
2026-09-18T03:07:19.7963086Z Updating files:  68% (4000/5882)
2026-09-18T03:07:19.8000109Z Updating files:  69% (4059/5882)
2026-09-18T03:07:19.8049140Z Updating files:  70% (4118/5882)
2026-09-18T03:07:19.8105257Z Updating files:  71% (4177/5882)
2026-09-18T03:07:19.8288340Z Updating files:  72% (4236/5882)
2026-09-18T03:07:19.8350925Z Updating files:  73% (4294/5882)
2026-09-18T03:07:19.8564530Z Updating files:  73% (4302/5882)
2026-09-18T03:07:19.8934278Z Updating files:  74% (4353/5882)
2026-09-18T03:07:19.8995704Z Updating files:  75% (4412/5882)
2026-09-18T03:07:19.9065033Z Updating files:  76% (4471/5882)
2026-09-18T03:07:19.9123510Z Updating files:  77% (4530/5882)
2026-09-18T03:07:19.9149972Z Updating files:  78% (4588/5882)
2026-09-18T03:07:19.9174278Z Updating files:  79% (4647/5882)
2026-09-18T03:07:19.9196603Z Updating files:  80% (4706/5882)
2026-09-18T03:07:19.9217358Z Updating files:  81% (4765/5882)
2026-09-18T03:07:19.9243418Z Updating files:  82% (4824/5882)
2026-09-18T03:07:19.9285185Z Updating files:  83% (4883/5882)
2026-09-18T03:07:19.9306285Z Updating files:  84% (4941/5882)
2026-09-18T03:07:19.9351069Z Updating files:  85% (5000/5882)
2026-09-18T03:07:19.9409434Z Updating files:  86% (5059/5882)
2026-09-18T03:07:19.9429208Z Updating files:  87% (5118/5882)
2026-09-18T03:07:19.9489265Z Updating files:  88% (5177/5882)
2026-09-18T03:07:19.9549257Z Updating files:  89% (5235/5882)
2026-09-18T03:07:19.9589113Z Updating files:  90% (5294/5882)
2026-09-18T03:07:19.9629140Z Updating files:  91% (5353/5882)
2026-09-18T03:07:19.9729356Z Updating files:  92% (5412/5882)
2026-09-18T03:07:19.9769207Z Updating files:  93% (5471/5882)
2026-09-18T03:07:19.9809183Z Updating files:  94% (5530/5882)
2026-09-18T03:07:19.9880199Z Updating files:  95% (5588/5882)
2026-09-18T03:07:19.9913917Z Updating files:  96% (5647/5882)
2026-09-18T03:07:19.9949400Z Updating files:  97% (5706/5882)
2026-09-18T03:07:19.9988152Z Updating files:  98% (5765/5882)
2026-09-18T03:07:20.0019565Z Updating files:  99% (5824/5882)
2026-09-18T03:07:20.0021135Z Updating files: 100% (5882/5882)
2026-09-18T03:07:20.0021916Z Updating files: 100% (5882/5882), done.
2026-09-18T03:07:21.0132827Z Note: switching to 'f827a3aefd95fd95dedb2bd2ecc93ae01111ea90'.
2026-09-18T03:07:21.0133680Z 
2026-09-18T03:07:21.0134046Z You are in 'detached HEAD' state. You can look around, make experimental
2026-09-18T03:07:21.0134887Z changes and commit them, and you can discard any commits you make in this
2026-09-18T03:07:21.0135715Z state without impacting any branches by switching back to a branch.
2026-09-18T03:07:21.0136223Z 
2026-09-18T03:07:21.0136457Z If you want to create a new branch to retain commits you create, you may
2026-09-18T03:07:21.0137149Z do so (now or later) by using -c with the switch command. Example:
2026-09-18T03:07:21.0137481Z 
2026-09-18T03:07:21.0137590Z   git switch -c <new-branch-name>
2026-09-18T03:07:21.0137775Z 
2026-09-18T03:07:21.0137886Z Or undo this operation with:
2026-09-18T03:07:21.0138055Z 
2026-09-18T03:07:21.0138150Z   git switch -
2026-09-18T03:07:21.0138271Z 
2026-09-18T03:07:21.0138778Z Turn off this advice by setting config variable advice.detachedHead to false
2026-09-18T03:07:21.0139188Z 
2026-09-18T03:07:21.0139424Z HEAD is now at f827a3a fix(catalog): bind gallery harvest to measured HK CDN bytes
2026-09-18T03:07:21.1197202Z ##[endgroup]
2026-09-18T03:07:21.1710928Z [command]/usr/bin/git log -1 --format=%H
2026-09-18T03:07:21.1748725Z f827a3aefd95fd95dedb2bd2ecc93ae01111ea90
2026-09-18T03:07:21.1772771Z ##[group]Removing auth
2026-09-18T03:07:21.1795292Z [command]/usr/bin/git config --local --name-only --get-regexp core\.sshCommand
2026-09-18T03:07:21.1850844Z [command]/usr/bin/git submodule foreach --recursive sh -c "git config --local --name-only --get-regexp 'core\.sshCommand' && git config --local --unset-all 'core.sshCommand' || :"
2026-09-18T03:07:21.2120067Z [command]/usr/bin/git config --local --name-only --get-regexp http\.https\:\/\/github\.com\/\.extraheader
2026-09-18T03:07:21.2157836Z http.https://github.com/.extraheader
2026-09-18T03:07:21.2192454Z [command]/usr/bin/git config --local --unset-all http.https://github.com/.extraheader
2026-09-18T03:07:21.2670172Z [command]/usr/bin/git submodule foreach --recursive sh -c "git config --local --name-only --get-regexp 'http\.https\:\/\/github\.com\/\.extraheader' && git config --local --unset-all 'http.https://github.com/.extraheader' || :"
2026-09-18T03:07:21.2952472Z [command]/usr/bin/git config --local --name-only --get-regexp ^includeIf\.gitdir:
2026-09-18T03:07:21.2998231Z [command]/usr/bin/git submodule foreach --recursive git config --local --show-origin --name-only --get-regexp remote.origin.url
2026-09-18T03:07:21.3294403Z ##[endgroup]
2026-09-18T03:07:21.3558670Z Node 20 is being deprecated. This workflow is running with Node 24 by default. If you need to temporarily use Node 20, you can set the ACTIONS_ALLOW_USE_UNSECURE_NODE_VERSION=true environment variable. For more information see: https://github.blog/changelog/2025-09-19-deprecation-of-node-20-on-github-actions-runners/
2026-09-18T03:07:21.3560631Z ##[group]Run actions/setup-node@v4
2026-09-18T03:07:21.3560909Z with:
2026-09-18T03:07:21.3561126Z   node-version: 22.22.0
2026-09-18T03:07:21.3561362Z   always-auth: false
2026-09-18T03:07:21.3561584Z   check-latest: false
2026-09-18T03:07:21.3564058Z   token: ***
2026-09-18T03:07:21.3564274Z env:
2026-09-18T03:07:21.3564460Z   CI: 1
2026-09-18T03:07:21.3564655Z   EXPO_NO_TELEMETRY: 1
2026-09-18T03:07:21.3564882Z   EXPO_DEBUG: 1
2026-09-18T03:07:21.3565108Z   PYTHONDONTWRITEBYTECODE: 1
2026-09-18T03:07:21.3565355Z ##[endgroup]
2026-09-18T03:07:22.3762931Z Attempting to download 22.22.0...
2026-09-18T03:07:22.3902073Z (node:2122) [DEP0040] DeprecationWarning: The `punycode` module is deprecated. Please use a userland alternative instead.
2026-09-18T03:07:22.3908151Z (Use `node --trace-deprecation ...` to show where the warning was created)
2026-09-18T03:07:22.8415279Z Acquiring 22.22.0 - x64 from https://github.com/actions/node-versions/releases/download/22.22.0-20981702931/node-22.22.0-linux-x64.tar.gz
2026-09-18T03:07:23.4420697Z Extracting ...
2026-09-18T03:07:23.4615002Z [command]/usr/bin/tar xz --strip 1 --warning=no-unknown-keyword --overwrite -C /home/runner/work/_temp/bb6b8aa8-1733-465b-96f9-924aecde6b97 -f /home/runner/work/_temp/f7e4a2bd-5801-4e49-b7c9-9422828ca871
2026-09-18T03:07:24.8364572Z Adding to the cache ...
2026-09-18T03:07:29.2740822Z ##[group]Environment details
2026-09-18T03:07:29.5489709Z node: v22.22.0
2026-09-18T03:07:29.5499392Z npm: 10.9.4
2026-09-18T03:07:29.5500126Z yarn: 1.22.22
2026-09-18T03:07:29.5501139Z ##[endgroup]
2026-09-18T03:07:29.5678205Z ##[group]Run python ci/retention/verify_source.py "$RUNNER_TEMP/evidence/source"
2026-09-18T03:07:29.5679249Z [36;1mpython ci/retention/verify_source.py "$RUNNER_TEMP/evidence/source"[0m
2026-09-18T03:07:29.5679765Z [36;1mcp -a application/mobile/go-app "$RUNNER_TEMP/mobile"[0m
2026-09-18T03:07:29.5725267Z shell: /usr/bin/bash --noprofile --norc -e -o pipefail {0}
2026-09-18T03:07:29.5725644Z env:
2026-09-18T03:07:29.5725834Z   CI: 1
2026-09-18T03:07:29.5726030Z   EXPO_NO_TELEMETRY: 1
2026-09-18T03:07:29.5726265Z   EXPO_DEBUG: 1
2026-09-18T03:07:29.5726491Z   PYTHONDONTWRITEBYTECODE: 1
2026-09-18T03:07:29.5726756Z ##[endgroup]
2026-09-18T03:07:29.6887656Z Traceback (most recent call last):
2026-09-18T03:07:29.6889266Z   File "/home/runner/work/GO/GO/ci/retention/verify_source.py", line 67, in <module>
2026-09-18T03:07:29.6890380Z     main()
2026-09-18T03:07:29.6891284Z   File "/home/runner/work/GO/GO/ci/retention/verify_source.py", line 28, in main
2026-09-18T03:07:29.6892647Z     assert actual == expected, {'missing': sorted(expected-actual), 'unexpected': sorted(actual-expected)}
2026-09-18T03:07:29.6893670Z            ^^^^^^^^^^^^^^^^^^
2026-09-18T03:07:29.6899548Z AssertionError: {'missing': [], 'unexpected': ['scripts/test_catalog_graph_visibility.py', 'scripts/test_catalog_scope.py', 'scripts/test_catalog_scope_postgres.py', 'scripts/test_hotel_search_event_loop.py', 'src/go_hotel/connectors/supplier_runtime_controls.py', 'src/go_hotel/services/catalog_scope.py', 'tests/test_supplier_preflight_runtime.py', 'tests/test_supplier_runtime_controls.py', 'tests_frontend/fixtures/aoluguya_hyatt_gallery_harvest_plan.json', 'tests_frontend/fixtures/aoluguya_hyatt_gallery_harvest_plan_legacy_jpeg.json', 'tests_frontend/fixtures/aoluguya_normalized_ingest_plan.json', 'tests_frontend/hotel_catalog_contacts.test.mjs', 'tests_frontend/hotel_catalog_hyatt_gallery.test.mjs', 'tests_frontend/hotel_catalog_reviewed_import.test.mjs']}
2026-09-18T03:07:29.7065887Z ##[error]Process completed with exit code 1.
2026-09-18T03:07:29.7192777Z Node 20 is being deprecated. This workflow is running with Node 24 by default. If you need to temporarily use Node 20, you can set the ACTIONS_ALLOW_USE_UNSECURE_NODE_VERSION=true environment variable. For more information see: https://github.blog/changelog/2025-09-19-deprecation-of-node-20-on-github-actions-runners/
2026-09-18T03:07:29.7194144Z ##[group]Run actions/upload-artifact@v4
2026-09-18T03:07:29.7194424Z with:
2026-09-18T03:07:29.7194772Z   name: canonical-mobile-linking-f827a3aefd95fd95dedb2bd2ecc93ae01111ea90
2026-09-18T03:07:29.7195223Z   path: /home/runner/work/_temp/evidence
2026-09-18T03:07:29.7195512Z   if-no-files-found: error
2026-09-18T03:07:29.7195754Z   compression-level: 6
2026-09-18T03:07:29.7195975Z   overwrite: false
2026-09-18T03:07:29.7196199Z   include-hidden-files: false
2026-09-18T03:07:29.7196438Z env:
2026-09-18T03:07:29.7196626Z   CI: 1
2026-09-18T03:07:29.7196815Z   EXPO_NO_TELEMETRY: 1
2026-09-18T03:07:29.7197028Z   EXPO_DEBUG: 1
2026-09-18T03:07:29.7197280Z   PYTHONDONTWRITEBYTECODE: 1
2026-09-18T03:07:29.7197523Z ##[endgroup]
2026-09-18T03:07:29.9008823Z (node:2159) [DEP0040] DeprecationWarning: The `punycode` module is deprecated. Please use a userland alternative instead.
2026-09-18T03:07:29.9010738Z (Use `node --trace-deprecation ...` to show where the warning was created)
2026-09-18T03:07:29.9067542Z ##[error]No files were found with the provided path: /home/runner/work/_temp/evidence. No artifacts will be uploaded.
2026-09-18T03:07:29.9489755Z Node 20 is being deprecated. This workflow is running with Node 24 by default. If you need to temporarily use Node 20, you can set the ACTIONS_ALLOW_USE_UNSECURE_NODE_VERSION=true environment variable. For more information see: https://github.blog/changelog/2025-09-19-deprecation-of-node-20-on-github-actions-runners/
2026-09-18T03:07:29.9493675Z Post job cleanup.
2026-09-18T03:07:30.0598892Z [command]/usr/bin/git version
2026-09-18T03:07:30.0683735Z git version 2.55.0
2026-09-18T03:07:30.0777763Z Temporarily overriding HOME='/home/runner/work/_temp/2b343f89-ef06-4e59-85c3-75aae50f919c' before making global git config changes
2026-09-18T03:07:30.0779860Z Adding repository directory to the temporary git global config as a safe directory
2026-09-18T03:07:30.0781219Z [command]/usr/bin/git config --global --add safe.directory /home/runner/work/GO/GO
2026-09-18T03:07:30.0869632Z [command]/usr/bin/git config --local --name-only --get-regexp core\.sshCommand
2026-09-18T03:07:30.0950807Z [command]/usr/bin/git submodule foreach --recursive sh -c "git config --local --name-only --get-regexp 'core\.sshCommand' && git config --local --unset-all 'core.sshCommand' || :"
2026-09-18T03:07:30.1270701Z [command]/usr/bin/git config --local --name-only --get-regexp http\.https\:\/\/github\.com\/\.extraheader
2026-09-18T03:07:30.1326725Z [command]/usr/bin/git submodule foreach --recursive sh -c "git config --local --name-only --get-regexp 'http\.https\:\/\/github\.com\/\.extraheader' && git config --local --unset-all 'http.https://github.com/.extraheader' || :"
2026-09-18T03:07:30.1847455Z [command]/usr/bin/git config --local --name-only --get-regexp ^includeIf\.gitdir:
2026-09-18T03:07:30.1950442Z [command]/usr/bin/git submodule foreach --recursive git config --local --show-origin --name-only --get-regexp remote.origin.url
2026-09-18T03:07:30.2783931Z Cleaning up orphan processes
2026-09-18T03:07:30.3064752Z ##[warning]Node.js 20 is deprecated. The following actions target Node.js 20 but are being forced to run on Node.js 24: actions/checkout@v4, actions/setup-node@v4, actions/upload-artifact@v4. For more information see: https://github.blog/changelog/2025-09-19-deprecation-of-node-20-on-github-actions-runners/

