2026-09-18T03:07:05.8923192Z Current runner version: '2.337.0'
2026-09-18T03:07:05.8948723Z ##[group]Runner Image Provisioner
2026-09-18T03:07:05.8949691Z Hosted Compute Agent
2026-09-18T03:07:05.8950346Z Version: 20260828.587
2026-09-18T03:07:05.8951006Z Commit: abac92662cab4cc7352de4f9f9d2e2419aad9c29
2026-09-18T03:07:05.8951838Z Build Date: 2026-08-28T16:44:25Z
2026-09-18T03:07:05.8952803Z Worker ID: {433a50f0-4982-4ae6-81ac-1184d9a66256}
2026-09-18T03:07:05.8953652Z Azure Region: westus2
2026-09-18T03:07:05.8954256Z ##[endgroup]
2026-09-18T03:07:05.8955728Z ##[group]Operating System
2026-09-18T03:07:05.8956488Z Ubuntu
2026-09-18T03:07:05.8957031Z 24.04.5
2026-09-18T03:07:05.8957609Z LTS
2026-09-18T03:07:05.8958196Z ##[endgroup]
2026-09-18T03:07:05.8958766Z ##[group]Runner Image
2026-09-18T03:07:05.8959472Z Image: ubuntu-24.04
2026-09-18T03:07:05.8960096Z Version: 20260907.300.1
2026-09-18T03:07:05.8961421Z Included Software: https://github.com/actions/runner-images/blob/ubuntu24/20260907.300/images/ubuntu/Ubuntu2404-Readme.md
2026-09-18T03:07:05.8963294Z Image Release: https://github.com/actions/runner-images/releases/tag/ubuntu24%2F20260907.300
2026-09-18T03:07:05.8964421Z ##[endgroup]
2026-09-18T03:07:05.8965557Z ##[group]GITHUB_TOKEN Permissions
2026-09-18T03:07:05.8967615Z Contents: read
2026-09-18T03:07:05.8968233Z Metadata: read
2026-09-18T03:07:05.8968875Z ##[endgroup]
2026-09-18T03:07:05.8970964Z Secret source: Actions
2026-09-18T03:07:05.8972055Z Cache mode: write
2026-09-18T03:07:05.8973046Z Prepare workflow directory
2026-09-18T03:07:05.9631366Z Prepare all required actions
2026-09-18T03:07:05.9679988Z Getting action download info
2026-09-18T03:07:06.3316872Z Download action repository 'actions/checkout@v4' (SHA:11d5960a326750d5838078e36cf38b85af677262)
2026-09-18T03:07:06.4523405Z Download action repository 'actions/setup-python@v5' (SHA:a26af69be951a213d495a4c3e4e4022e16d87065)
2026-09-18T03:07:06.5510163Z Download action repository 'actions/upload-artifact@v4' (SHA:ea165f8d65b6e75b540449e92b4886f43607fa02)
2026-09-18T03:07:06.7686595Z Complete job name: postgres (C10, go_c10_isolated, ../ci/c10-pg/plan.py)
2026-09-18T03:07:06.8144880Z ##[group]Checking docker version
2026-09-18T03:07:06.8158279Z ##[command]/usr/bin/docker version --format '{{.Server.APIVersion}}'
2026-09-18T03:07:06.9351302Z '1.48'
2026-09-18T03:07:06.9369974Z Docker daemon API version: '1.48'
2026-09-18T03:07:06.9371347Z ##[command]/usr/bin/docker version --format '{{.Client.APIVersion}}'
2026-09-18T03:07:06.9594533Z '1.48'
2026-09-18T03:07:06.9607862Z Docker client API version: '1.48'
2026-09-18T03:07:06.9614196Z ##[endgroup]
2026-09-18T03:07:06.9617776Z ##[group]Clean up resources from previous jobs
2026-09-18T03:07:06.9624140Z ##[command]/usr/bin/docker ps --all --quiet --no-trunc --filter "label=dae57c"
2026-09-18T03:07:06.9785828Z ##[command]/usr/bin/docker network prune --force --filter "label=dae57c"
2026-09-18T03:07:06.9928177Z ##[endgroup]
2026-09-18T03:07:06.9929519Z ##[group]Create local container network
2026-09-18T03:07:06.9941255Z ##[command]/usr/bin/docker network create --label dae57c github_network_9cd0385b84f5434aa0ca9d4bde65dc87
2026-09-18T03:07:07.0596412Z 754cd4ba7d57edcb5e8b1a24a430ae64c1e2e62ca27c2ab07da94d2625e81b22
2026-09-18T03:07:07.0613801Z ##[endgroup]
2026-09-18T03:07:07.0652020Z ##[group]Starting postgres service container
2026-09-18T03:07:07.0683130Z ##[command]/usr/bin/docker pull postgres:18.4
2026-09-18T03:07:07.9481137Z 18.4: Pulling from library/postgres
2026-09-18T03:07:08.2175306Z 26c307b5e35a: Pulling fs layer
2026-09-18T03:07:08.2176979Z 5db2b7edf527: Pulling fs layer
2026-09-18T03:07:08.2178006Z 130549402290: Pulling fs layer
2026-09-18T03:07:08.2178823Z 8241f4a14319: Pulling fs layer
2026-09-18T03:07:08.2179673Z a4dcdc0137d7: Pulling fs layer
2026-09-18T03:07:08.2180468Z d1052e262c2e: Pulling fs layer
2026-09-18T03:07:08.2181275Z 39762d0b4bb2: Pulling fs layer
2026-09-18T03:07:08.2182107Z 38639b9be6a6: Pulling fs layer
2026-09-18T03:07:08.2183566Z 4e6c52c74256: Pulling fs layer
2026-09-18T03:07:08.2185073Z f51baa0c6c0d: Pulling fs layer
2026-09-18T03:07:08.2187171Z 88bb22edda9b: Pulling fs layer
2026-09-18T03:07:08.2188713Z f7d54729e84b: Pulling fs layer
2026-09-18T03:07:08.2189992Z f90dd111f2e5: Pulling fs layer
2026-09-18T03:07:08.2191366Z 8241f4a14319: Waiting
2026-09-18T03:07:08.2192993Z a4dcdc0137d7: Waiting
2026-09-18T03:07:08.2194151Z d1052e262c2e: Waiting
2026-09-18T03:07:08.2195179Z 39762d0b4bb2: Waiting
2026-09-18T03:07:08.2196166Z 38639b9be6a6: Waiting
2026-09-18T03:07:08.2197155Z 4e6c52c74256: Waiting
2026-09-18T03:07:08.2198168Z f51baa0c6c0d: Waiting
2026-09-18T03:07:08.2199506Z 88bb22edda9b: Waiting
2026-09-18T03:07:08.2200785Z f7d54729e84b: Waiting
2026-09-18T03:07:08.2201981Z f90dd111f2e5: Waiting
2026-09-18T03:07:08.4954862Z 5db2b7edf527: Verifying Checksum
2026-09-18T03:07:08.4963421Z 5db2b7edf527: Download complete
2026-09-18T03:07:08.5688963Z 130549402290: Verifying Checksum
2026-09-18T03:07:08.5691965Z 130549402290: Download complete
2026-09-18T03:07:08.6877411Z 26c307b5e35a: Verifying Checksum
2026-09-18T03:07:08.6883250Z 26c307b5e35a: Download complete
2026-09-18T03:07:08.8103655Z 8241f4a14319: Verifying Checksum
2026-09-18T03:07:08.8106107Z 8241f4a14319: Download complete
2026-09-18T03:07:08.9452321Z a4dcdc0137d7: Verifying Checksum
2026-09-18T03:07:08.9453214Z a4dcdc0137d7: Download complete
2026-09-18T03:07:08.9948654Z d1052e262c2e: Verifying Checksum
2026-09-18T03:07:08.9954250Z d1052e262c2e: Download complete
2026-09-18T03:07:09.0412762Z 39762d0b4bb2: Verifying Checksum
2026-09-18T03:07:09.0415775Z 39762d0b4bb2: Download complete
2026-09-18T03:07:09.1770654Z 38639b9be6a6: Verifying Checksum
2026-09-18T03:07:09.1772853Z 38639b9be6a6: Download complete
2026-09-18T03:07:09.2920092Z f51baa0c6c0d: Verifying Checksum
2026-09-18T03:07:09.2921237Z f51baa0c6c0d: Download complete
2026-09-18T03:07:09.4341664Z 88bb22edda9b: Verifying Checksum
2026-09-18T03:07:09.4345029Z 88bb22edda9b: Download complete
2026-09-18T03:07:09.5979257Z f7d54729e84b: Verifying Checksum
2026-09-18T03:07:09.5981044Z f7d54729e84b: Download complete
2026-09-18T03:07:09.7442960Z f90dd111f2e5: Verifying Checksum
2026-09-18T03:07:09.7448838Z f90dd111f2e5: Download complete
2026-09-18T03:07:09.8045807Z 4e6c52c74256: Verifying Checksum
2026-09-18T03:07:09.8046516Z 4e6c52c74256: Download complete
2026-09-18T03:07:10.0837231Z 26c307b5e35a: Pull complete
2026-09-18T03:07:13.2826819Z 5db2b7edf527: Pull complete
2026-09-18T03:07:13.5008174Z 130549402290: Pull complete
2026-09-18T03:07:13.5621136Z 8241f4a14319: Pull complete
2026-09-18T03:07:13.9187196Z a4dcdc0137d7: Pull complete
2026-09-18T03:07:14.0099960Z d1052e262c2e: Pull complete
2026-09-18T03:07:14.0191787Z 39762d0b4bb2: Pull complete
2026-09-18T03:07:14.0309131Z 38639b9be6a6: Pull complete
2026-09-18T03:07:18.4247251Z 4e6c52c74256: Pull complete
2026-09-18T03:07:18.4427872Z f51baa0c6c0d: Pull complete
2026-09-18T03:07:18.4615123Z 88bb22edda9b: Pull complete
2026-09-18T03:07:18.4862946Z f7d54729e84b: Pull complete
2026-09-18T03:07:18.4974340Z f90dd111f2e5: Pull complete
2026-09-18T03:07:18.5016120Z Digest: sha256:a02db8cac496f15b094798a38254f14d6e00741f709360e5e00bb6668ea31636
2026-09-18T03:07:18.5030932Z Status: Downloaded newer image for postgres:18.4
2026-09-18T03:07:18.5038116Z docker.io/library/postgres:18.4
2026-09-18T03:07:18.5101832Z ##[command]/usr/bin/docker create --name d8f1a1650d6d47669a9e3485bfb0d9cb_postgres184_81f04b --label dae57c --network github_network_9cd0385b84f5434aa0ca9d4bde65dc87 --network-alias postgres -p 5432:5432 --health-cmd "pg_isready -U go_ci -d go_c10_isolated" --health-interval 5s --health-timeout 5s --health-retries 20 -e "POSTGRES_DB=go_c10_isolated" -e "POSTGRES_USER=go_ci" -e "POSTGRES_PASSWORD=isolated_ci_only" -e GITHUB_ACTIONS=true -e CI=true postgres:18.4
2026-09-18T03:07:18.5398907Z ab6d680868bc262ad31611ca51c868b661bab3c825aea4c9d51bd7e9701c1f80
2026-09-18T03:07:18.5421810Z ##[command]/usr/bin/docker start ab6d680868bc262ad31611ca51c868b661bab3c825aea4c9d51bd7e9701c1f80
2026-09-18T03:07:18.8118365Z ab6d680868bc262ad31611ca51c868b661bab3c825aea4c9d51bd7e9701c1f80
2026-09-18T03:07:18.8140709Z ##[command]/usr/bin/docker ps --all --filter id=ab6d680868bc262ad31611ca51c868b661bab3c825aea4c9d51bd7e9701c1f80 --filter status=running --no-trunc --format "{{.ID}} {{.Status}}"
2026-09-18T03:07:18.8348630Z ab6d680868bc262ad31611ca51c868b661bab3c825aea4c9d51bd7e9701c1f80 Up Less than a second (health: starting)
2026-09-18T03:07:18.8386242Z ##[command]/usr/bin/docker port ab6d680868bc262ad31611ca51c868b661bab3c825aea4c9d51bd7e9701c1f80
2026-09-18T03:07:18.8598074Z 5432/tcp -> 0.0.0.0:5432
2026-09-18T03:07:18.8600020Z 5432/tcp -> [::]:5432
2026-09-18T03:07:18.8685931Z ##[endgroup]
2026-09-18T03:07:18.8697924Z ##[group]Waiting for all services to be ready
2026-09-18T03:07:18.8716896Z ##[command]/usr/bin/docker inspect --format="{{if .Config.Healthcheck}}{{print .State.Health.Status}}{{end}}" ab6d680868bc262ad31611ca51c868b661bab3c825aea4c9d51bd7e9701c1f80
2026-09-18T03:07:18.8923668Z starting
2026-09-18T03:07:18.8960520Z postgres service is starting, waiting 2 seconds before checking again.
2026-09-18T03:07:20.8956997Z ##[command]/usr/bin/docker inspect --format="{{if .Config.Healthcheck}}{{print .State.Health.Status}}{{end}}" ab6d680868bc262ad31611ca51c868b661bab3c825aea4c9d51bd7e9701c1f80
2026-09-18T03:07:20.9114539Z starting
2026-09-18T03:07:20.9129550Z postgres service is starting, waiting 4 seconds before checking again.
2026-09-18T03:07:25.1434511Z ##[command]/usr/bin/docker inspect --format="{{if .Config.Healthcheck}}{{print .State.Health.Status}}{{end}}" ab6d680868bc262ad31611ca51c868b661bab3c825aea4c9d51bd7e9701c1f80
2026-09-18T03:07:25.1571777Z healthy
2026-09-18T03:07:25.1590991Z postgres service is healthy.
2026-09-18T03:07:25.1592269Z ##[endgroup]
2026-09-18T03:07:25.1863289Z Node 20 is being deprecated. This workflow is running with Node 24 by default. If you need to temporarily use Node 20, you can set the ACTIONS_ALLOW_USE_UNSECURE_NODE_VERSION=true environment variable. For more information see: https://github.blog/changelog/2025-09-19-deprecation-of-node-20-on-github-actions-runners/
2026-09-18T03:07:25.1871081Z ##[group]Run actions/checkout@v4
2026-09-18T03:07:25.1872022Z with:
2026-09-18T03:07:25.1872281Z   ref: f827a3aefd95fd95dedb2bd2ecc93ae01111ea90
2026-09-18T03:07:25.1872815Z   persist-credentials: false
2026-09-18T03:07:25.1873095Z   repository: yuguangzhi3836-glitch/GO
2026-09-18T03:07:25.1875697Z   token: ***
2026-09-18T03:07:25.1875910Z   ssh-strict: true
2026-09-18T03:07:25.1876119Z   ssh-user: git
2026-09-18T03:07:25.1876313Z   clean: true
2026-09-18T03:07:25.1876529Z   sparse-checkout-cone-mode: true
2026-09-18T03:07:25.1876789Z   fetch-depth: 1
2026-09-18T03:07:25.1876992Z   fetch-tags: false
2026-09-18T03:07:25.1877260Z   show-progress: true
2026-09-18T03:07:25.1877479Z   lfs: false
2026-09-18T03:07:25.1877674Z   submodules: false
2026-09-18T03:07:25.1877886Z   set-safe-directory: true
2026-09-18T03:07:25.1878137Z   allow-unsafe-pr-checkout: false
2026-09-18T03:07:25.1878635Z env:
2026-09-18T03:07:25.1878855Z   PYTHONDONTWRITEBYTECODE: 1
2026-09-18T03:07:25.1879508Z   GO_C07_RUNTIME_DATABASE_URL: ***127.0.0.1:5432/go_c10_isolated
2026-09-18T03:07:25.1880146Z   GO_C09_RUNTIME_DATABASE_URL: ***127.0.0.1:5432/go_c10_isolated
2026-09-18T03:07:25.1880771Z   GO_C11_RUNTIME_DATABASE_URL: ***127.0.0.1:5432/go_c10_isolated
2026-09-18T03:07:25.1881381Z   GO_C10_RUNTIME_DATABASE_URL: ***127.0.0.1:5432/go_c10_isolated
2026-09-18T03:07:25.1881787Z   GO_C07_SOURCE_COMMIT: f827a3aefd95fd95dedb2bd2ecc93ae01111ea90
2026-09-18T03:07:25.1882185Z   GO_C09_SOURCE_COMMIT: f827a3aefd95fd95dedb2bd2ecc93ae01111ea90
2026-09-18T03:07:25.1882985Z   GO_C11_SOURCE_COMMIT: f827a3aefd95fd95dedb2bd2ecc93ae01111ea90
2026-09-18T03:07:25.1883428Z   GO_C10_SOURCE_COMMIT: f827a3aefd95fd95dedb2bd2ecc93ae01111ea90
2026-09-18T03:07:25.1883769Z ##[endgroup]
2026-09-18T03:07:25.3031562Z Syncing repository: yuguangzhi3836-glitch/GO
2026-09-18T03:07:25.3033655Z ##[group]Getting Git version info
2026-09-18T03:07:25.3034231Z Working directory is '/home/runner/work/GO/GO'
2026-09-18T03:07:25.3047190Z [command]/usr/bin/git version
2026-09-18T03:07:25.3214520Z git version 2.55.0
2026-09-18T03:07:25.3258144Z ##[endgroup]
2026-09-18T03:07:25.3286589Z Temporarily overriding HOME='/home/runner/work/_temp/d9fe9e98-725b-498a-a631-efc38881f0c5' before making global git config changes
2026-09-18T03:07:25.3300062Z Adding repository directory to the temporary git global config as a safe directory
2026-09-18T03:07:25.3301367Z [command]/usr/bin/git config --global --add safe.directory /home/runner/work/GO/GO
2026-09-18T03:07:25.3376414Z Deleting the contents of '/home/runner/work/GO/GO'
2026-09-18T03:07:25.3377763Z ##[group]Initializing the repository
2026-09-18T03:07:25.3403300Z [command]/usr/bin/git init /home/runner/work/GO/GO
2026-09-18T03:07:25.3533468Z hint: Using 'master' as the name for the initial branch. This default branch name
2026-09-18T03:07:25.3555016Z hint: will change to "main" in Git 3.0. To configure the initial branch name
2026-09-18T03:07:25.3566093Z hint: to use in all of your new repositories, which will suppress this warning,
2026-09-18T03:07:25.3567135Z hint: call:
2026-09-18T03:07:25.3567599Z hint:
2026-09-18T03:07:25.3568229Z hint: 	git config --global init.defaultBranch <name>
2026-09-18T03:07:25.3568960Z hint:
2026-09-18T03:07:25.3569638Z hint: Names commonly chosen instead of 'master' are 'main', 'trunk' and
2026-09-18T03:07:25.3570675Z hint: 'development'. The just-created branch can be renamed via this command:
2026-09-18T03:07:25.3571541Z hint:
2026-09-18T03:07:25.3572098Z hint: 	git branch -m <name>
2026-09-18T03:07:25.3573074Z hint:
2026-09-18T03:07:25.3573849Z hint: Disable this message with "git config set advice.defaultBranchName false"
2026-09-18T03:07:25.3575190Z Initialized empty Git repository in /home/runner/work/GO/GO/.git/
2026-09-18T03:07:25.3577326Z [command]/usr/bin/git remote add origin https://github.com/yuguangzhi3836-glitch/GO
2026-09-18T03:07:25.3696885Z ##[endgroup]
2026-09-18T03:07:25.3703603Z ##[group]Disabling automatic garbage collection
2026-09-18T03:07:25.3704423Z [command]/usr/bin/git config --local gc.auto 0
2026-09-18T03:07:25.3793561Z ##[endgroup]
2026-09-18T03:07:25.3816254Z ##[group]Setting up auth
2026-09-18T03:07:25.3822073Z [command]/usr/bin/git config --local --name-only --get-regexp core\.sshCommand
2026-09-18T03:07:25.3855829Z [command]/usr/bin/git submodule foreach --recursive sh -c "git config --local --name-only --get-regexp 'core\.sshCommand' && git config --local --unset-all 'core.sshCommand' || :"
2026-09-18T03:07:25.4357116Z [command]/usr/bin/git config --local --name-only --get-regexp http\.https\:\/\/github\.com\/\.extraheader
2026-09-18T03:07:25.4404419Z [command]/usr/bin/git submodule foreach --recursive sh -c "git config --local --name-only --get-regexp 'http\.https\:\/\/github\.com\/\.extraheader' && git config --local --unset-all 'http.https://github.com/.extraheader' || :"
2026-09-18T03:07:25.4651665Z [command]/usr/bin/git config --local --name-only --get-regexp ^includeIf\.gitdir:
2026-09-18T03:07:25.4692239Z [command]/usr/bin/git submodule foreach --recursive git config --local --show-origin --name-only --get-regexp remote.origin.url
2026-09-18T03:07:25.4932343Z [command]/usr/bin/git config --local http.https://github.com/.extraheader AUTHORIZATION: basic ***
2026-09-18T03:07:25.4974224Z ##[endgroup]
2026-09-18T03:07:25.4975328Z ##[group]Fetching the repository
2026-09-18T03:07:25.4985305Z [command]/usr/bin/git -c protocol.version=2 fetch --no-tags --prune --no-recurse-submodules --depth=1 origin f827a3aefd95fd95dedb2bd2ecc93ae01111ea90
2026-09-18T03:07:40.2708204Z From https://github.com/yuguangzhi3836-glitch/GO
2026-09-18T03:07:40.2713764Z  * branch            f827a3aefd95fd95dedb2bd2ecc93ae01111ea90 -> FETCH_HEAD
2026-09-18T03:07:40.2716361Z ##[endgroup]
2026-09-18T03:07:40.2717347Z ##[group]Determining the checkout info
2026-09-18T03:07:40.2718432Z ##[endgroup]
2026-09-18T03:07:40.2724547Z [command]/usr/bin/git sparse-checkout disable
2026-09-18T03:07:40.2784587Z [command]/usr/bin/git config --local --unset-all extensions.worktreeConfig
2026-09-18T03:07:40.2819813Z ##[group]Checking out the ref
2026-09-18T03:07:40.2824630Z [command]/usr/bin/git checkout --progress --force f827a3aefd95fd95dedb2bd2ecc93ae01111ea90
2026-09-18T03:07:41.4164667Z Updating files:  29% (1759/5882)
2026-09-18T03:07:41.8915518Z Updating files:  30% (1765/5882)
2026-09-18T03:07:41.8939104Z Updating files:  31% (1824/5882)
2026-09-18T03:07:41.8967154Z Updating files:  32% (1883/5882)
2026-09-18T03:07:41.9070175Z Updating files:  33% (1942/5882)
2026-09-18T03:07:41.9123833Z Updating files:  34% (2000/5882)
2026-09-18T03:07:41.9195983Z Updating files:  35% (2059/5882)
2026-09-18T03:07:41.9243123Z Updating files:  36% (2118/5882)
2026-09-18T03:07:41.9263208Z Updating files:  37% (2177/5882)
2026-09-18T03:07:41.9281974Z Updating files:  38% (2236/5882)
2026-09-18T03:07:41.9314312Z Updating files:  39% (2294/5882)
2026-09-18T03:07:41.9348757Z Updating files:  40% (2353/5882)
2026-09-18T03:07:41.9379063Z Updating files:  41% (2412/5882)
2026-09-18T03:07:41.9407509Z Updating files:  42% (2471/5882)
2026-09-18T03:07:41.9452054Z Updating files:  43% (2530/5882)
2026-09-18T03:07:41.9499841Z Updating files:  44% (2589/5882)
2026-09-18T03:07:41.9539360Z Updating files:  45% (2647/5882)
2026-09-18T03:07:41.9582145Z Updating files:  46% (2706/5882)
2026-09-18T03:07:41.9628003Z Updating files:  47% (2765/5882)
2026-09-18T03:07:41.9664255Z Updating files:  48% (2824/5882)
2026-09-18T03:07:41.9701669Z Updating files:  49% (2883/5882)
2026-09-18T03:07:41.9737107Z Updating files:  50% (2941/5882)
2026-09-18T03:07:41.9772462Z Updating files:  51% (3000/5882)
2026-09-18T03:07:41.9806428Z Updating files:  52% (3059/5882)
2026-09-18T03:07:42.0679997Z Updating files:  53% (3118/5882)
2026-09-18T03:07:42.0716321Z Updating files:  54% (3177/5882)
2026-09-18T03:07:42.0791789Z Updating files:  55% (3236/5882)
2026-09-18T03:07:42.1037394Z Updating files:  56% (3294/5882)
2026-09-18T03:07:42.1356788Z Updating files:  57% (3353/5882)
2026-09-18T03:07:42.1733290Z Updating files:  58% (3412/5882)
2026-09-18T03:07:42.1773772Z Updating files:  59% (3471/5882)
2026-09-18T03:07:42.1805172Z Updating files:  60% (3530/5882)
2026-09-18T03:07:42.1834427Z Updating files:  61% (3589/5882)
2026-09-18T03:07:42.1873801Z Updating files:  62% (3647/5882)
2026-09-18T03:07:42.1936750Z Updating files:  63% (3706/5882)
2026-09-18T03:07:42.1964799Z Updating files:  64% (3765/5882)
2026-09-18T03:07:42.1995171Z Updating files:  65% (3824/5882)
2026-09-18T03:07:42.2035187Z Updating files:  66% (3883/5882)
2026-09-18T03:07:42.2078340Z Updating files:  67% (3941/5882)
2026-09-18T03:07:42.2118036Z Updating files:  68% (4000/5882)
2026-09-18T03:07:42.2155011Z Updating files:  69% (4059/5882)
2026-09-18T03:07:42.2188638Z Updating files:  70% (4118/5882)
2026-09-18T03:07:42.2258797Z Updating files:  71% (4177/5882)
2026-09-18T03:07:42.2435754Z Updating files:  72% (4236/5882)
2026-09-18T03:07:42.2709214Z Updating files:  73% (4294/5882)
2026-09-18T03:07:42.2957069Z Updating files:  74% (4353/5882)
2026-09-18T03:07:42.3074452Z Updating files:  74% (4383/5882)
2026-09-18T03:07:42.3134687Z Updating files:  75% (4412/5882)
2026-09-18T03:07:42.3203403Z Updating files:  76% (4471/5882)
2026-09-18T03:07:42.3260891Z Updating files:  77% (4530/5882)
2026-09-18T03:07:42.3287231Z Updating files:  78% (4588/5882)
2026-09-18T03:07:42.3311542Z Updating files:  79% (4647/5882)
2026-09-18T03:07:42.3333025Z Updating files:  80% (4706/5882)
2026-09-18T03:07:42.3353289Z Updating files:  81% (4765/5882)
2026-09-18T03:07:42.3379330Z Updating files:  82% (4824/5882)
2026-09-18T03:07:42.3425573Z Updating files:  83% (4883/5882)
2026-09-18T03:07:42.3445891Z Updating files:  84% (4941/5882)
2026-09-18T03:07:42.3487959Z Updating files:  85% (5000/5882)
2026-09-18T03:07:42.3517553Z Updating files:  86% (5059/5882)
2026-09-18T03:07:42.3542599Z Updating files:  87% (5118/5882)
2026-09-18T03:07:42.3578449Z Updating files:  88% (5177/5882)
2026-09-18T03:07:42.3613352Z Updating files:  89% (5235/5882)
2026-09-18T03:07:42.3646062Z Updating files:  90% (5294/5882)
2026-09-18T03:07:42.3672259Z Updating files:  91% (5353/5882)
2026-09-18T03:07:42.3738111Z Updating files:  92% (5412/5882)
2026-09-18T03:07:42.3766183Z Updating files:  93% (5471/5882)
2026-09-18T03:07:42.3804307Z Updating files:  94% (5530/5882)
2026-09-18T03:07:42.3858424Z Updating files:  95% (5588/5882)
2026-09-18T03:07:42.3920974Z Updating files:  96% (5647/5882)
2026-09-18T03:07:42.3974497Z Updating files:  97% (5706/5882)
2026-09-18T03:07:42.4043099Z Updating files:  98% (5765/5882)
2026-09-18T03:07:42.4083189Z Updating files:  99% (5824/5882)
2026-09-18T03:07:42.4083723Z Updating files: 100% (5882/5882)
2026-09-18T03:07:42.4123115Z Updating files: 100% (5882/5882), done.
2026-09-18T03:07:43.3190331Z Note: switching to 'f827a3aefd95fd95dedb2bd2ecc93ae01111ea90'.
2026-09-18T03:07:43.3191137Z 
2026-09-18T03:07:43.3202410Z You are in 'detached HEAD' state. You can look around, make experimental
2026-09-18T03:07:43.3204054Z changes and commit them, and you can discard any commits you make in this
2026-09-18T03:07:43.3207991Z state without impacting any branches by switching back to a branch.
2026-09-18T03:07:43.3208911Z 
2026-09-18T03:07:43.3209379Z If you want to create a new branch to retain commits you create, you may
2026-09-18T03:07:43.3210521Z do so (now or later) by using -c with the switch command. Example:
2026-09-18T03:07:43.3211351Z 
2026-09-18T03:07:43.3211674Z   git switch -c <new-branch-name>
2026-09-18T03:07:43.3212305Z 
2026-09-18T03:07:43.3212653Z Or undo this operation with:
2026-09-18T03:07:43.3213081Z 
2026-09-18T03:07:43.3213921Z   git switch -
2026-09-18T03:07:43.3214282Z 
2026-09-18T03:07:43.3214921Z Turn off this advice by setting config variable advice.detachedHead to false
2026-09-18T03:07:43.3215988Z 
2026-09-18T03:07:43.3216529Z HEAD is now at f827a3a fix(catalog): bind gallery harvest to measured HK CDN bytes
2026-09-18T03:07:43.3314367Z ##[endgroup]
2026-09-18T03:07:43.3664306Z [command]/usr/bin/git log -1 --format=%H
2026-09-18T03:07:43.3714629Z f827a3aefd95fd95dedb2bd2ecc93ae01111ea90
2026-09-18T03:07:43.3782340Z ##[group]Removing auth
2026-09-18T03:07:43.3799400Z [command]/usr/bin/git config --local --name-only --get-regexp core\.sshCommand
2026-09-18T03:07:43.3873831Z [command]/usr/bin/git submodule foreach --recursive sh -c "git config --local --name-only --get-regexp 'core\.sshCommand' && git config --local --unset-all 'core.sshCommand' || :"
2026-09-18T03:07:43.4214406Z [command]/usr/bin/git config --local --name-only --get-regexp http\.https\:\/\/github\.com\/\.extraheader
2026-09-18T03:07:43.4243730Z http.https://github.com/.extraheader
2026-09-18T03:07:43.4254542Z [command]/usr/bin/git config --local --unset-all http.https://github.com/.extraheader
2026-09-18T03:07:43.4583023Z [command]/usr/bin/git submodule foreach --recursive sh -c "git config --local --name-only --get-regexp 'http\.https\:\/\/github\.com\/\.extraheader' && git config --local --unset-all 'http.https://github.com/.extraheader' || :"
2026-09-18T03:07:43.4839664Z [command]/usr/bin/git config --local --name-only --get-regexp ^includeIf\.gitdir:
2026-09-18T03:07:43.4883154Z [command]/usr/bin/git submodule foreach --recursive git config --local --show-origin --name-only --get-regexp remote.origin.url
2026-09-18T03:07:43.5157086Z ##[endgroup]
2026-09-18T03:07:43.5397241Z Node 20 is being deprecated. This workflow is running with Node 24 by default. If you need to temporarily use Node 20, you can set the ACTIONS_ALLOW_USE_UNSECURE_NODE_VERSION=true environment variable. For more information see: https://github.blog/changelog/2025-09-19-deprecation-of-node-20-on-github-actions-runners/
2026-09-18T03:07:43.5398792Z ##[group]Run actions/setup-python@v5
2026-09-18T03:07:43.5399060Z with:
2026-09-18T03:07:43.5399268Z   python-version: 3.13.5
2026-09-18T03:07:43.5399503Z   check-latest: false
2026-09-18T03:07:43.5401985Z   token: ***
2026-09-18T03:07:43.5402201Z   update-environment: true
2026-09-18T03:07:43.5402651Z   allow-prereleases: false
2026-09-18T03:07:43.5402888Z   freethreaded: false
2026-09-18T03:07:43.5403099Z env:
2026-09-18T03:07:43.5403488Z   PYTHONDONTWRITEBYTECODE: 1
2026-09-18T03:07:43.5404102Z   GO_C07_RUNTIME_DATABASE_URL: ***127.0.0.1:5432/go_c10_isolated
2026-09-18T03:07:43.5404740Z   GO_C09_RUNTIME_DATABASE_URL: ***127.0.0.1:5432/go_c10_isolated
2026-09-18T03:07:43.5405334Z   GO_C11_RUNTIME_DATABASE_URL: ***127.0.0.1:5432/go_c10_isolated
2026-09-18T03:07:43.5405925Z   GO_C10_RUNTIME_DATABASE_URL: ***127.0.0.1:5432/go_c10_isolated
2026-09-18T03:07:43.5406336Z   GO_C07_SOURCE_COMMIT: f827a3aefd95fd95dedb2bd2ecc93ae01111ea90
2026-09-18T03:07:43.5406740Z   GO_C09_SOURCE_COMMIT: f827a3aefd95fd95dedb2bd2ecc93ae01111ea90
2026-09-18T03:07:43.5407131Z   GO_C11_SOURCE_COMMIT: f827a3aefd95fd95dedb2bd2ecc93ae01111ea90
2026-09-18T03:07:43.5407522Z   GO_C10_SOURCE_COMMIT: f827a3aefd95fd95dedb2bd2ecc93ae01111ea90
2026-09-18T03:07:43.5407847Z ##[endgroup]
2026-09-18T03:07:43.6827473Z ##[group]Installed versions
2026-09-18T03:07:43.7775556Z Version 3.13.5 was not found in the local cache
2026-09-18T03:07:43.7939230Z (node:2788) [DEP0040] DeprecationWarning: The `punycode` module is deprecated. Please use a userland alternative instead.
2026-09-18T03:07:43.7940703Z (Use `node --trace-deprecation ...` to show where the warning was created)
2026-09-18T03:07:44.6619549Z Version 3.13.5 is available for downloading
2026-09-18T03:07:44.6620902Z Download from "https://github.com/actions/python-versions/releases/download/3.13.5-15601068749/python-3.13.5-linux-24.04-x64.tar.gz"
2026-09-18T03:07:45.6653826Z Extract downloaded archive
2026-09-18T03:07:45.6837930Z [command]/usr/bin/tar xz --warning=no-unknown-keyword --overwrite -C /home/runner/work/_temp/c8d98103-7f74-4032-8ecd-216b9b50d8b2 -f /home/runner/work/_temp/745f719d-4825-4c19-9281-e587c19a4567
2026-09-18T03:07:48.1255951Z Execute installation script
2026-09-18T03:07:48.1390017Z Check if Python hostedtoolcache folder exist...
2026-09-18T03:07:48.1392173Z Create Python 3.13.5 folder
2026-09-18T03:07:48.1405749Z Copy Python binaries to hostedtoolcache folder
2026-09-18T03:07:48.7086316Z Create additional symlinks (Required for the UsePythonVersion Azure Pipelines task and the setup-python GitHub Action)
2026-09-18T03:07:48.7128229Z Upgrading pip...
2026-09-18T03:07:51.6493698Z Looking in links: /tmp/tmp3f4ifwvw
2026-09-18T03:07:51.6504149Z Requirement already satisfied: pip in /opt/hostedtoolcache/Python/3.13.5/x64/lib/python3.13/site-packages (25.1.1)
2026-09-18T03:07:53.1361902Z Collecting pip
2026-09-18T03:07:53.1918862Z Downloading pip-26.2.1-py3-none-any.whl.metadata (4.6 kB)
2026-09-18T03:07:53.2063294Z Downloading pip-26.2.1-py3-none-any.whl (1.8 MB)
2026-09-18T03:07:53.2929972Z ━━━━━━━━━━━━━━━━━━━━━━━━━━━━━━━━━━━━━━━━ 1.8/1.8 MB 24.8 MB/s eta 0:00:00
2026-09-18T03:07:53.2935032Z 
2026-09-18T03:07:53.3117573Z Installing collected packages: pip
2026-09-18T03:07:53.3119549Z Attempting uninstall: pip
2026-09-18T03:07:53.3148172Z Found existing installation: pip 25.1.1
2026-09-18T03:07:53.3485447Z Uninstalling pip-25.1.1:
2026-09-18T03:07:53.3539331Z Successfully uninstalled pip-25.1.1
2026-09-18T03:07:54.2764858Z Successfully installed pip-26.2.1
2026-09-18T03:07:54.3425130Z Create complete file
2026-09-18T03:07:54.3514489Z Successfully set up CPython (3.13.5)
2026-09-18T03:07:54.3515988Z ##[endgroup]
2026-09-18T03:07:54.3852030Z ##[group]Run set -euo pipefail
2026-09-18T03:07:54.3852962Z [36;1mset -euo pipefail[0m
2026-09-18T03:07:54.3853759Z [36;1mpython ci/retention/verify_source.py "$RUNNER_TEMP/next-depth-pg/source"[0m
2026-09-18T03:07:54.3854897Z [36;1mpython ci/retention/verify_alignment.py "$RUNNER_TEMP/next-depth-pg/alignment.json"[0m
2026-09-18T03:07:54.3855728Z [36;1mpython - <<'PY'[0m
2026-09-18T03:07:54.3856187Z [36;1mimport json, pathlib, subprocess[0m
2026-09-18T03:07:54.3856972Z [36;1mcandidate=json.loads(pathlib.Path('ci/next-depth/CANDIDATE.json').read_text())[0m
2026-09-18T03:07:54.3858130Z [36;1mactual=subprocess.check_output(['git','rev-parse','HEAD:application'],text=True).strip()[0m
2026-09-18T03:07:54.3859078Z [36;1massert actual==candidate['application_git_tree'][0m
2026-09-18T03:07:54.3860193Z [36;1massert candidate['source_anchor']=='fef9c748adb77d37ba5d4dc4fa4662eb668303a1'[0m
2026-09-18T03:07:54.3861321Z [36;1massert candidate['parent_candidate_commit']=='a274f77e4c1479fb143cdc7ef45d63b9c4f8cc1b'[0m
2026-09-18T03:07:54.3862130Z [36;1mPY[0m
2026-09-18T03:07:54.3929133Z shell: /usr/bin/bash --noprofile --norc -e -o pipefail {0}
2026-09-18T03:07:54.3929766Z env:
2026-09-18T03:07:54.3930141Z   PYTHONDONTWRITEBYTECODE: 1
2026-09-18T03:07:54.3931242Z   GO_C07_RUNTIME_DATABASE_URL: ***127.0.0.1:5432/go_c10_isolated
2026-09-18T03:07:54.3932695Z   GO_C09_RUNTIME_DATABASE_URL: ***127.0.0.1:5432/go_c10_isolated
2026-09-18T03:07:54.3933924Z   GO_C11_RUNTIME_DATABASE_URL: ***127.0.0.1:5432/go_c10_isolated
2026-09-18T03:07:54.3935048Z   GO_C10_RUNTIME_DATABASE_URL: ***127.0.0.1:5432/go_c10_isolated
2026-09-18T03:07:54.3935795Z   GO_C07_SOURCE_COMMIT: f827a3aefd95fd95dedb2bd2ecc93ae01111ea90
2026-09-18T03:07:54.3936571Z   GO_C09_SOURCE_COMMIT: f827a3aefd95fd95dedb2bd2ecc93ae01111ea90
2026-09-18T03:07:54.3937377Z   GO_C11_SOURCE_COMMIT: f827a3aefd95fd95dedb2bd2ecc93ae01111ea90
2026-09-18T03:07:54.3938167Z   GO_C10_SOURCE_COMMIT: f827a3aefd95fd95dedb2bd2ecc93ae01111ea90
2026-09-18T03:07:54.3938917Z   pythonLocation: /opt/hostedtoolcache/Python/3.13.5/x64
2026-09-18T03:07:54.3939722Z   PKG_CONFIG_PATH: /opt/hostedtoolcache/Python/3.13.5/x64/lib/pkgconfig
2026-09-18T03:07:54.3940504Z   Python_ROOT_DIR: /opt/hostedtoolcache/Python/3.13.5/x64
2026-09-18T03:07:54.3941220Z   Python2_ROOT_DIR: /opt/hostedtoolcache/Python/3.13.5/x64
2026-09-18T03:07:54.3941904Z   Python3_ROOT_DIR: /opt/hostedtoolcache/Python/3.13.5/x64
2026-09-18T03:07:54.3942952Z   LD_LIBRARY_PATH: /opt/hostedtoolcache/Python/3.13.5/x64/lib
2026-09-18T03:07:54.3943540Z ##[endgroup]
2026-09-18T03:07:54.5913529Z Traceback (most recent call last):
2026-09-18T03:07:54.6179338Z   File "/home/runner/work/GO/GO/ci/retention/verify_source.py", line 67, in <module>
2026-09-18T03:07:54.6183540Z     main()
2026-09-18T03:07:54.6184254Z     ~~~~^^
2026-09-18T03:07:54.6185172Z   File "/home/runner/work/GO/GO/ci/retention/verify_source.py", line 28, in main
2026-09-18T03:07:54.6186485Z     assert actual == expected, {'missing': sorted(expected-actual), 'unexpected': sorted(actual-expected)}
2026-09-18T03:07:54.6187534Z            ^^^^^^^^^^^^^^^^^^
2026-09-18T03:07:54.6192191Z AssertionError: {'missing': [], 'unexpected': ['scripts/test_catalog_graph_visibility.py', 'scripts/test_catalog_scope.py', 'scripts/test_catalog_scope_postgres.py', 'scripts/test_hotel_search_event_loop.py', 'src/go_hotel/connectors/supplier_runtime_controls.py', 'src/go_hotel/services/catalog_scope.py', 'tests/test_supplier_preflight_runtime.py', 'tests/test_supplier_runtime_controls.py', 'tests_frontend/fixtures/aoluguya_hyatt_gallery_harvest_plan.json', 'tests_frontend/fixtures/aoluguya_hyatt_gallery_harvest_plan_legacy_jpeg.json', 'tests_frontend/fixtures/aoluguya_normalized_ingest_plan.json', 'tests_frontend/hotel_catalog_contacts.test.mjs', 'tests_frontend/hotel_catalog_hyatt_gallery.test.mjs', 'tests_frontend/hotel_catalog_reviewed_import.test.mjs']}
2026-09-18T03:07:54.6268230Z ##[error]Process completed with exit code 1.
2026-09-18T03:07:54.6326956Z ##[group]Run python - <<'PY'
2026-09-18T03:07:54.6327287Z [36;1mpython - <<'PY'[0m
2026-09-18T03:07:54.6327582Z [36;1mimport hashlib,json,os,pathlib,subprocess[0m
2026-09-18T03:07:54.6328087Z [36;1mout=pathlib.Path(os.environ['RUNNER_TEMP'])/'next-depth-pg';out.mkdir(exist_ok=True)[0m
2026-09-18T03:07:54.6328841Z [36;1mfiles={str(p.relative_to(out)):hashlib.sha256(p.read_bytes()).hexdigest() for p in sorted(out.rglob('*')) if p.is_file()}[0m
2026-09-18T03:07:54.6330734Z [36;1mreport={'source_commit':subprocess.check_output(['git','rev-parse','HEAD'],text=True).strip(),'application_git_tree':subprocess.check_output(['git','rev-parse','HEAD:application'],text=True).strip(),'files':files,'environment':'disposable GitHub Actions PostgreSQL 18.4 service','scope':'C10 scoped concurrency and recovery; gates depend on original process observations','hong_kong':'NOT_ACCESSED','production':'HOLD','full_release':'HOLD'}[0m
2026-09-18T03:07:54.6332983Z [36;1m(out/'EVIDENCE_BINDING.json').write_text(json.dumps(report,indent=2)+'\n')[0m
2026-09-18T03:07:54.6333416Z [36;1mPY[0m
2026-09-18T03:07:54.6370941Z shell: /usr/bin/bash --noprofile --norc -e -o pipefail {0}
2026-09-18T03:07:54.6371296Z env:
2026-09-18T03:07:54.6371511Z   PYTHONDONTWRITEBYTECODE: 1
2026-09-18T03:07:54.6372140Z   GO_C07_RUNTIME_DATABASE_URL: ***127.0.0.1:5432/go_c10_isolated
2026-09-18T03:07:54.6373114Z   GO_C09_RUNTIME_DATABASE_URL: ***127.0.0.1:5432/go_c10_isolated
2026-09-18T03:07:54.6373745Z   GO_C11_RUNTIME_DATABASE_URL: ***127.0.0.1:5432/go_c10_isolated
2026-09-18T03:07:54.6374337Z   GO_C10_RUNTIME_DATABASE_URL: ***127.0.0.1:5432/go_c10_isolated
2026-09-18T03:07:54.6374742Z   GO_C07_SOURCE_COMMIT: f827a3aefd95fd95dedb2bd2ecc93ae01111ea90
2026-09-18T03:07:54.6375145Z   GO_C09_SOURCE_COMMIT: f827a3aefd95fd95dedb2bd2ecc93ae01111ea90
2026-09-18T03:07:54.6375555Z   GO_C11_SOURCE_COMMIT: f827a3aefd95fd95dedb2bd2ecc93ae01111ea90
2026-09-18T03:07:54.6375961Z   GO_C10_SOURCE_COMMIT: f827a3aefd95fd95dedb2bd2ecc93ae01111ea90
2026-09-18T03:07:54.6376355Z   pythonLocation: /opt/hostedtoolcache/Python/3.13.5/x64
2026-09-18T03:07:54.6376776Z   PKG_CONFIG_PATH: /opt/hostedtoolcache/Python/3.13.5/x64/lib/pkgconfig
2026-09-18T03:07:54.6377195Z   Python_ROOT_DIR: /opt/hostedtoolcache/Python/3.13.5/x64
2026-09-18T03:07:54.6377571Z   Python2_ROOT_DIR: /opt/hostedtoolcache/Python/3.13.5/x64
2026-09-18T03:07:54.6377958Z   Python3_ROOT_DIR: /opt/hostedtoolcache/Python/3.13.5/x64
2026-09-18T03:07:54.6378348Z   LD_LIBRARY_PATH: /opt/hostedtoolcache/Python/3.13.5/x64/lib
2026-09-18T03:07:54.6378675Z ##[endgroup]
2026-09-18T03:07:54.7985212Z ##[group]Run python - <<'PY'
2026-09-18T03:07:54.7985541Z [36;1mpython - <<'PY'[0m
2026-09-18T03:07:54.7985801Z [36;1mimport json,os,pathlib[0m
2026-09-18T03:07:54.7986163Z [36;1mout=pathlib.Path(os.environ['RUNNER_TEMP'])/'next-depth-pg'[0m
2026-09-18T03:07:54.7986591Z [36;1mfor p in sorted(out.rglob('*')):[0m
2026-09-18T03:07:54.7987029Z [36;1m    if p.is_file() and p.suffix in ('.json','.xml','.log') and p.stat().st_size <= 100000:[0m
2026-09-18T03:07:54.7987765Z [36;1m        print('EVIDENCE_FILE '+json.dumps({'path':str(p.relative_to(out)),'content':p.read_text(errors='strict')},ensure_ascii=False))[0m
2026-09-18T03:07:54.7988335Z [36;1mPY[0m
2026-09-18T03:07:54.8026559Z shell: /usr/bin/bash --noprofile --norc -e -o pipefail {0}
2026-09-18T03:07:54.8026902Z env:
2026-09-18T03:07:54.8027116Z   PYTHONDONTWRITEBYTECODE: 1
2026-09-18T03:07:54.8027736Z   GO_C07_RUNTIME_DATABASE_URL: ***127.0.0.1:5432/go_c10_isolated
2026-09-18T03:07:54.8028411Z   GO_C09_RUNTIME_DATABASE_URL: ***127.0.0.1:5432/go_c10_isolated
2026-09-18T03:07:54.8029026Z   GO_C11_RUNTIME_DATABASE_URL: ***127.0.0.1:5432/go_c10_isolated
2026-09-18T03:07:54.8029608Z   GO_C10_RUNTIME_DATABASE_URL: ***127.0.0.1:5432/go_c10_isolated
2026-09-18T03:07:54.8030028Z   GO_C07_SOURCE_COMMIT: f827a3aefd95fd95dedb2bd2ecc93ae01111ea90
2026-09-18T03:07:54.8030432Z   GO_C09_SOURCE_COMMIT: f827a3aefd95fd95dedb2bd2ecc93ae01111ea90
2026-09-18T03:07:54.8030829Z   GO_C11_SOURCE_COMMIT: f827a3aefd95fd95dedb2bd2ecc93ae01111ea90
2026-09-18T03:07:54.8031236Z   GO_C10_SOURCE_COMMIT: f827a3aefd95fd95dedb2bd2ecc93ae01111ea90
2026-09-18T03:07:54.8031640Z   pythonLocation: /opt/hostedtoolcache/Python/3.13.5/x64
2026-09-18T03:07:54.8032075Z   PKG_CONFIG_PATH: /opt/hostedtoolcache/Python/3.13.5/x64/lib/pkgconfig
2026-09-18T03:07:54.8032733Z   Python_ROOT_DIR: /opt/hostedtoolcache/Python/3.13.5/x64
2026-09-18T03:07:54.8033150Z   Python2_ROOT_DIR: /opt/hostedtoolcache/Python/3.13.5/x64
2026-09-18T03:07:54.8033540Z   Python3_ROOT_DIR: /opt/hostedtoolcache/Python/3.13.5/x64
2026-09-18T03:07:54.8033932Z   LD_LIBRARY_PATH: /opt/hostedtoolcache/Python/3.13.5/x64/lib
2026-09-18T03:07:54.8034261Z ##[endgroup]
2026-09-18T03:07:54.9137585Z EVIDENCE_FILE {"path": "EVIDENCE_BINDING.json", "content": "{\n  \"source_commit\": \"f827a3aefd95fd95dedb2bd2ecc93ae01111ea90\",\n  \"application_git_tree\": \"eef8adc0d99f679220e51efc9d6c5ca28ba6ab0c\",\n  \"files\": {},\n  \"environment\": \"disposable GitHub Actions PostgreSQL 18.4 service\",\n  \"scope\": \"C10 scoped concurrency and recovery; gates depend on original process observations\",\n  \"hong_kong\": \"NOT_ACCESSED\",\n  \"production\": \"HOLD\",\n  \"full_release\": \"HOLD\"\n}\n"}
2026-09-18T03:07:54.9252972Z Node 20 is being deprecated. This workflow is running with Node 24 by default. If you need to temporarily use Node 20, you can set the ACTIONS_ALLOW_USE_UNSECURE_NODE_VERSION=true environment variable. For more information see: https://github.blog/changelog/2025-09-19-deprecation-of-node-20-on-github-actions-runners/
2026-09-18T03:07:54.9254288Z ##[group]Run actions/upload-artifact@v4
2026-09-18T03:07:54.9254566Z with:
2026-09-18T03:07:54.9254882Z   name: v70-next-depth-pg-C10-f827a3aefd95fd95dedb2bd2ecc93ae01111ea90
2026-09-18T03:07:54.9255314Z   path: /home/runner/work/_temp/next-depth-pg
2026-09-18T03:07:54.9255631Z   if-no-files-found: error
2026-09-18T03:07:54.9255869Z   retention-days: 90
2026-09-18T03:07:54.9256093Z   compression-level: 6
2026-09-18T03:07:54.9256314Z   overwrite: false
2026-09-18T03:07:54.9256536Z   include-hidden-files: false
2026-09-18T03:07:54.9256780Z env:
2026-09-18T03:07:54.9256981Z   PYTHONDONTWRITEBYTECODE: 1
2026-09-18T03:07:54.9257631Z   GO_C07_RUNTIME_DATABASE_URL: ***127.0.0.1:5432/go_c10_isolated
2026-09-18T03:07:54.9258240Z   GO_C09_RUNTIME_DATABASE_URL: ***127.0.0.1:5432/go_c10_isolated
2026-09-18T03:07:54.9258826Z   GO_C11_RUNTIME_DATABASE_URL: ***127.0.0.1:5432/go_c10_isolated
2026-09-18T03:07:54.9259419Z   GO_C10_RUNTIME_DATABASE_URL: ***127.0.0.1:5432/go_c10_isolated
2026-09-18T03:07:54.9259843Z   GO_C07_SOURCE_COMMIT: f827a3aefd95fd95dedb2bd2ecc93ae01111ea90
2026-09-18T03:07:54.9260249Z   GO_C09_SOURCE_COMMIT: f827a3aefd95fd95dedb2bd2ecc93ae01111ea90
2026-09-18T03:07:54.9260645Z   GO_C11_SOURCE_COMMIT: f827a3aefd95fd95dedb2bd2ecc93ae01111ea90
2026-09-18T03:07:54.9261046Z   GO_C10_SOURCE_COMMIT: f827a3aefd95fd95dedb2bd2ecc93ae01111ea90
2026-09-18T03:07:54.9261455Z   pythonLocation: /opt/hostedtoolcache/Python/3.13.5/x64
2026-09-18T03:07:54.9261884Z   PKG_CONFIG_PATH: /opt/hostedtoolcache/Python/3.13.5/x64/lib/pkgconfig
2026-09-18T03:07:54.9262311Z   Python_ROOT_DIR: /opt/hostedtoolcache/Python/3.13.5/x64
2026-09-18T03:07:54.9262871Z   Python2_ROOT_DIR: /opt/hostedtoolcache/Python/3.13.5/x64
2026-09-18T03:07:54.9263250Z   Python3_ROOT_DIR: /opt/hostedtoolcache/Python/3.13.5/x64
2026-09-18T03:07:54.9263628Z   LD_LIBRARY_PATH: /opt/hostedtoolcache/Python/3.13.5/x64/lib
2026-09-18T03:07:54.9263951Z ##[endgroup]
2026-09-18T03:07:55.1207578Z (node:2933) [DEP0040] DeprecationWarning: The `punycode` module is deprecated. Please use a userland alternative instead.
2026-09-18T03:07:55.1209109Z (Use `node --trace-deprecation ...` to show where the warning was created)
2026-09-18T03:07:55.1304915Z With the provided path, there will be 1 file uploaded
2026-09-18T03:07:55.1315001Z Artifact name is valid!
2026-09-18T03:07:55.1339458Z Root directory input is valid!
2026-09-18T03:07:55.5480608Z Beginning upload of artifact content to blob storage
2026-09-18T03:07:55.5683029Z (node:2933) [DEP0169] DeprecationWarning: `url.parse()` behavior is not standardized and prone to errors that have security implications. Use the WHATWG URL API instead. CVEs are not issued for `url.parse()` vulnerabilities.
2026-09-18T03:07:55.8613798Z Uploaded bytes 436
2026-09-18T03:07:55.9393463Z Finished uploading artifact content to blob storage!
2026-09-18T03:07:55.9395692Z SHA256 digest of uploaded artifact zip is 02d590479dc15467185e732122a1bf6bca869299ac187590b84fddde0d912c8f
2026-09-18T03:07:55.9398051Z Finalizing artifact upload
2026-09-18T03:07:56.2060420Z Artifact v70-next-depth-pg-C10-f827a3aefd95fd95dedb2bd2ecc93ae01111ea90.zip successfully finalized. Artifact ID 10530177959
2026-09-18T03:07:56.2063136Z Artifact v70-next-depth-pg-C10-f827a3aefd95fd95dedb2bd2ecc93ae01111ea90 has been successfully uploaded! Final size is 436 bytes. Artifact ID is 10530177959
2026-09-18T03:07:56.2067522Z Artifact download URL: https://github.com/yuguangzhi3836-glitch/GO/actions/runs/35301976162/artifacts/10530177959
2026-09-18T03:07:56.2274437Z Node 20 is being deprecated. This workflow is running with Node 24 by default. If you need to temporarily use Node 20, you can set the ACTIONS_ALLOW_USE_UNSECURE_NODE_VERSION=true environment variable. For more information see: https://github.blog/changelog/2025-09-19-deprecation-of-node-20-on-github-actions-runners/
2026-09-18T03:07:56.2275703Z Post job cleanup.
2026-09-18T03:07:56.3250359Z [command]/usr/bin/git version
2026-09-18T03:07:56.3319951Z git version 2.55.0
2026-09-18T03:07:56.3377778Z Temporarily overriding HOME='/home/runner/work/_temp/d399b615-c233-4148-afe4-a65f406a1e2f' before making global git config changes
2026-09-18T03:07:56.3381050Z Adding repository directory to the temporary git global config as a safe directory
2026-09-18T03:07:56.3384895Z [command]/usr/bin/git config --global --add safe.directory /home/runner/work/GO/GO
2026-09-18T03:07:56.3464657Z [command]/usr/bin/git config --local --name-only --get-regexp core\.sshCommand
2026-09-18T03:07:56.3535458Z [command]/usr/bin/git submodule foreach --recursive sh -c "git config --local --name-only --get-regexp 'core\.sshCommand' && git config --local --unset-all 'core.sshCommand' || :"
2026-09-18T03:07:56.3882130Z [command]/usr/bin/git config --local --name-only --get-regexp http\.https\:\/\/github\.com\/\.extraheader
2026-09-18T03:07:56.3929257Z [command]/usr/bin/git submodule foreach --recursive sh -c "git config --local --name-only --get-regexp 'http\.https\:\/\/github\.com\/\.extraheader' && git config --local --unset-all 'http.https://github.com/.extraheader' || :"
2026-09-18T03:07:56.4778899Z [command]/usr/bin/git config --local --name-only --get-regexp ^includeIf\.gitdir:
2026-09-18T03:07:56.4859971Z [command]/usr/bin/git submodule foreach --recursive git config --local --show-origin --name-only --get-regexp remote.origin.url
2026-09-18T03:07:56.5537779Z Print service container logs: d8f1a1650d6d47669a9e3485bfb0d9cb_postgres184_81f04b
2026-09-18T03:07:56.5543154Z ##[command]/usr/bin/docker logs --details ab6d680868bc262ad31611ca51c868b661bab3c825aea4c9d51bd7e9701c1f80
2026-09-18T03:07:56.5680966Z  The files belonging to this database system will be owned by user "postgres".
2026-09-18T03:07:56.5683249Z  This user must also own the server process.
2026-09-18T03:07:56.5686052Z  initdb: warning: enabling "trust" authentication for local connections
2026-09-18T03:07:56.5688361Z  initdb: hint: You can change this by editing pg_hba.conf or using the option -A, or --auth-local and --auth-host, the next time you run initdb.
2026-09-18T03:07:56.5689602Z  
2026-09-18T03:07:56.5695215Z  2026-09-18 03:07:19.968 UTC [1] LOG:  starting PostgreSQL 18.4 (Debian 18.4-1.pgdg13+1) on x86_64-pc-linux-gnu, compiled by gcc (Debian 14.2.0-19) 14.2.0, 64-bit
2026-09-18T03:07:56.5696541Z  The database cluster will be initialized with locale "en_US.utf8".
2026-09-18T03:07:56.5697700Z  2026-09-18 03:07:19.969 UTC [1] LOG:  listening on IPv4 address "0.0.0.0", port 5432
2026-09-18T03:07:56.5698734Z  The default database encoding has accordingly been set to "UTF8".
2026-09-18T03:07:56.5699725Z  2026-09-18 03:07:19.969 UTC [1] LOG:  listening on IPv6 address "::", port 5432
2026-09-18T03:07:56.5700725Z  The default text search configuration will be set to "english".
2026-09-18T03:07:56.5701846Z  2026-09-18 03:07:19.972 UTC [1] LOG:  listening on Unix socket "/var/run/postgresql/.s.PGSQL.5432"
2026-09-18T03:07:56.5703251Z  
2026-09-18T03:07:56.5704066Z  2026-09-18 03:07:19.981 UTC [73] LOG:  database system was shut down at 2026-09-18 03:07:19 UTC
2026-09-18T03:07:56.5705000Z  2026-09-18 03:07:19.989 UTC [1] LOG:  database system is ready to accept connections
2026-09-18T03:07:56.5705733Z  Data page checksums are enabled.
2026-09-18T03:07:56.5706207Z  
2026-09-18T03:07:56.5706765Z  fixing permissions on existing directory /var/lib/postgresql/18/docker ... ok
2026-09-18T03:07:56.5707814Z  creating subdirectories ... ok
2026-09-18T03:07:56.5708377Z  selecting dynamic shared memory implementation ... posix
2026-09-18T03:07:56.5709002Z  selecting default "max_connections" ... 100
2026-09-18T03:07:56.5709553Z  selecting default "shared_buffers" ... 128MB
2026-09-18T03:07:56.5710078Z  selecting default time zone ... Etc/UTC
2026-09-18T03:07:56.5710574Z  creating configuration files ... ok
2026-09-18T03:07:56.5711054Z  running bootstrap script ... ok
2026-09-18T03:07:56.5711579Z  performing post-bootstrap initialization ... ok
2026-09-18T03:07:56.5712121Z  syncing data to disk ... ok
2026-09-18T03:07:56.5712759Z  
2026-09-18T03:07:56.5713083Z  
2026-09-18T03:07:56.5713497Z  Success. You can now start the database server using:
2026-09-18T03:07:56.5714037Z  
2026-09-18T03:07:56.5714474Z      pg_ctl -D /var/lib/postgresql/18/docker -l logfile start
2026-09-18T03:07:56.5715041Z  
2026-09-18T03:07:56.5715834Z  waiting for server to start....2026-09-18 03:07:19.565 UTC [51] LOG:  starting PostgreSQL 18.4 (Debian 18.4-1.pgdg13+1) on x86_64-pc-linux-gnu, compiled by gcc (Debian 14.2.0-19) 14.2.0, 64-bit
2026-09-18T03:07:56.5716794Z  2026-09-18 03:07:19.565 UTC [51] LOG:  listening on Unix socket "/var/run/postgresql/.s.PGSQL.5432"
2026-09-18T03:07:56.5717404Z  2026-09-18 03:07:19.569 UTC [57] LOG:  database system was shut down at 2026-09-18 03:07:19 UTC
2026-09-18T03:07:56.5717942Z  2026-09-18 03:07:19.572 UTC [51] LOG:  database system is ready to accept connections
2026-09-18T03:07:56.5718337Z   done
2026-09-18T03:07:56.5718534Z  server started
2026-09-18T03:07:56.5718742Z  CREATE DATABASE
2026-09-18T03:07:56.5718942Z  
2026-09-18T03:07:56.5719125Z  
2026-09-18T03:07:56.5719459Z  /usr/local/bin/docker-entrypoint.sh: ignoring /docker-entrypoint-initdb.d/*
2026-09-18T03:07:56.5719868Z  
2026-09-18T03:07:56.5720243Z  waiting for server to shut down....2026-09-18 03:07:19.785 UTC [51] LOG:  received fast shutdown request
2026-09-18T03:07:56.5721009Z  2026-09-18 03:07:19.791 UTC [51] LOG:  aborting any active transactions
2026-09-18T03:07:56.5721616Z  2026-09-18 03:07:19.795 UTC [51] LOG:  background worker "logical replication launcher" (PID 60) exited with exit code 1
2026-09-18T03:07:56.5722172Z  2026-09-18 03:07:19.795 UTC [55] LOG:  shutting down
2026-09-18T03:07:56.5723274Z  2026-09-18 03:07:19.796 UTC [55] LOG:  checkpoint starting: shutdown immediate
2026-09-18T03:07:56.5724591Z  2026-09-18 03:07:19.815 UTC [55] LOG:  checkpoint complete: wrote 943 buffers (5.8%), wrote 3 SLRU buffers; 0 WAL file(s) added, 0 removed, 0 recycled; write=0.017 s, sync=0.002 s, total=0.021 s; sync files=303, longest=0.001 s, average=0.001 s; distance=4352 kB, estimate=4352 kB; lsn=0/1B9FBA8, redo lsn=0/1B9FBA8
2026-09-18T03:07:56.5725751Z  2026-09-18 03:07:19.832 UTC [51] LOG:  database system is shut down
2026-09-18T03:07:56.5726089Z   done
2026-09-18T03:07:56.5726281Z  server stopped
2026-09-18T03:07:56.5726485Z  
2026-09-18T03:07:56.5726741Z  PostgreSQL init process complete; ready for start up.
2026-09-18T03:07:56.5727060Z  
2026-09-18T03:07:56.5733382Z Stop and remove container: d8f1a1650d6d47669a9e3485bfb0d9cb_postgres184_81f04b
2026-09-18T03:07:56.5738036Z ##[command]/usr/bin/docker rm --force ab6d680868bc262ad31611ca51c868b661bab3c825aea4c9d51bd7e9701c1f80
2026-09-18T03:07:57.6270547Z ab6d680868bc262ad31611ca51c868b661bab3c825aea4c9d51bd7e9701c1f80
2026-09-18T03:07:57.6298661Z Remove container network: github_network_9cd0385b84f5434aa0ca9d4bde65dc87
2026-09-18T03:07:57.6303345Z ##[command]/usr/bin/docker network rm github_network_9cd0385b84f5434aa0ca9d4bde65dc87
2026-09-18T03:07:57.7020125Z github_network_9cd0385b84f5434aa0ca9d4bde65dc87
2026-09-18T03:07:57.7093767Z Cleaning up orphan processes
2026-09-18T03:07:57.9095201Z ##[warning]Node.js 20 is deprecated. The following actions target Node.js 20 but are being forced to run on Node.js 24: actions/checkout@v4, actions/setup-python@v5, actions/upload-artifact@v4. For more information see: https://github.blog/changelog/2025-09-19-deprecation-of-node-20-on-github-actions-runners/

