FFFFF                                                                    [100%]
=================================== FAILURES ===================================
_ SchedulerContractTests.test_receipt_assigned_without_ack_cannot_be_admitted_as_running _

self = <test_validate_ledger.SchedulerContractTests testMethod=test_receipt_assigned_without_ack_cannot_be_admitted_as_running>

    def test_receipt_assigned_without_ack_cannot_be_admitted_as_running(self):
        receipt = self.receipt()
        receipt.update(status="ASSIGNED", acknowledged_at=None, started_at=None)
>       result = self.receipt_check(receipt)
                 ^^^^^^^^^^^^^^^^^^^^^^^^^^^

ci/round2/test_validate_ledger.py:220: 
_ _ _ _ _ _ _ _ _ _ _ _ _ _ _ _ _ _ _ _ _ _ _ _ _ _ _ _ _ _ _ _ _ _ _ _ _ _ _ _ 
ci/round2/test_validate_ledger.py:215: in receipt_check
    return self.receipt_verifier().verify(receipt, self.root, expected_cell="C12", expected_task="V70-R2-C12-02", expected_agent="/root/c12_scheduler")
           ^^^^^^^^^^^^^^^^^^^^^^^
ci/round2/test_validate_ledger.py:198: in receipt_verifier
    receipt_spec.loader.exec_module(module)
<frozen importlib._bootstrap_external>:995: in exec_module
    ???
<frozen importlib._bootstrap_external>:1132: in get_code
    ???
_ _ _ _ _ _ _ _ _ _ _ _ _ _ _ _ _ _ _ _ _ _ _ _ _ _ _ _ _ _ _ _ _ _ _ _ _ _ _ _ 

self = <_frozen_importlib_external.SourceFileLoader object at 0x7f989edd0830>
path = '/workspace/scratch/948b51def3a9/GO/ci/round2/verify_execution_receipt.py'

>   ???
E   FileNotFoundError: [Errno 2] No such file or directory: '/workspace/scratch/948b51def3a9/GO/ci/round2/verify_execution_receipt.py'

<frozen importlib._bootstrap_external>:1190: FileNotFoundError
_ SchedulerContractTests.test_receipt_missing_tampered_or_escaping_execution_log_is_hold _

self = <test_validate_ledger.SchedulerContractTests testMethod=test_receipt_missing_tampered_or_escaping_execution_log_is_hold>

    def test_receipt_missing_tampered_or_escaping_execution_log_is_hold(self):
        for replacement in ("missing.log", "/etc/passwd", "../outside.log"):
            receipt = self.receipt()
            receipt["execution_evidence"][0]["path"] = replacement
>           self.assertEqual(self.receipt_check(receipt)["gate"], "HOLD")
                             ^^^^^^^^^^^^^^^^^^^^^^^^^^^

ci/round2/test_validate_ledger.py:243: 
_ _ _ _ _ _ _ _ _ _ _ _ _ _ _ _ _ _ _ _ _ _ _ _ _ _ _ _ _ _ _ _ _ _ _ _ _ _ _ _ 
ci/round2/test_validate_ledger.py:215: in receipt_check
    return self.receipt_verifier().verify(receipt, self.root, expected_cell="C12", expected_task="V70-R2-C12-02", expected_agent="/root/c12_scheduler")
           ^^^^^^^^^^^^^^^^^^^^^^^
ci/round2/test_validate_ledger.py:198: in receipt_verifier
    receipt_spec.loader.exec_module(module)
<frozen importlib._bootstrap_external>:995: in exec_module
    ???
<frozen importlib._bootstrap_external>:1132: in get_code
    ???
_ _ _ _ _ _ _ _ _ _ _ _ _ _ _ _ _ _ _ _ _ _ _ _ _ _ _ _ _ _ _ _ _ _ _ _ _ _ _ _ 

self = <_frozen_importlib_external.SourceFileLoader object at 0x7f989edd3080>
path = '/workspace/scratch/948b51def3a9/GO/ci/round2/verify_execution_receipt.py'

>   ???
E   FileNotFoundError: [Errno 2] No such file or directory: '/workspace/scratch/948b51def3a9/GO/ci/round2/verify_execution_receipt.py'

<frozen importlib._bootstrap_external>:1190: FileNotFoundError
_ SchedulerContractTests.test_receipt_real_ack_and_bound_output_support_only_record_admission _

self = <test_validate_ledger.SchedulerContractTests testMethod=test_receipt_real_ack_and_bound_output_support_only_record_admission>

    def test_receipt_real_ack_and_bound_output_support_only_record_admission(self):
>       result = self.receipt_check(self.receipt())
                 ^^^^^^^^^^^^^^^^^^^^^^^^^^^^^^^^^^

ci/round2/test_validate_ledger.py:226: 
_ _ _ _ _ _ _ _ _ _ _ _ _ _ _ _ _ _ _ _ _ _ _ _ _ _ _ _ _ _ _ _ _ _ _ _ _ _ _ _ 
ci/round2/test_validate_ledger.py:215: in receipt_check
    return self.receipt_verifier().verify(receipt, self.root, expected_cell="C12", expected_task="V70-R2-C12-02", expected_agent="/root/c12_scheduler")
           ^^^^^^^^^^^^^^^^^^^^^^^
ci/round2/test_validate_ledger.py:198: in receipt_verifier
    receipt_spec.loader.exec_module(module)
<frozen importlib._bootstrap_external>:995: in exec_module
    ???
<frozen importlib._bootstrap_external>:1132: in get_code
    ???
_ _ _ _ _ _ _ _ _ _ _ _ _ _ _ _ _ _ _ _ _ _ _ _ _ _ _ _ _ _ _ _ _ _ _ _ _ _ _ _ 

self = <_frozen_importlib_external.SourceFileLoader object at 0x7f989edd3950>
path = '/workspace/scratch/948b51def3a9/GO/ci/round2/verify_execution_receipt.py'

>   ???
E   FileNotFoundError: [Errno 2] No such file or directory: '/workspace/scratch/948b51def3a9/GO/ci/round2/verify_execution_receipt.py'

<frozen importlib._bootstrap_external>:1190: FileNotFoundError
_ SchedulerContractTests.test_receipt_rejects_ack_after_start_and_empty_execution_evidence _

self = <test_validate_ledger.SchedulerContractTests testMethod=test_receipt_rejects_ack_after_start_and_empty_execution_evidence>

    def test_receipt_rejects_ack_after_start_and_empty_execution_evidence(self):
        receipt = self.receipt()
        receipt["acknowledged_at"] = "2026-09-14T00:01:00Z"
>       self.assertEqual(self.receipt_check(receipt)["gate"], "HOLD")
                         ^^^^^^^^^^^^^^^^^^^^^^^^^^^

ci/round2/test_validate_ledger.py:251: 
_ _ _ _ _ _ _ _ _ _ _ _ _ _ _ _ _ _ _ _ _ _ _ _ _ _ _ _ _ _ _ _ _ _ _ _ _ _ _ _ 
ci/round2/test_validate_ledger.py:215: in receipt_check
    return self.receipt_verifier().verify(receipt, self.root, expected_cell="C12", expected_task="V70-R2-C12-02", expected_agent="/root/c12_scheduler")
           ^^^^^^^^^^^^^^^^^^^^^^^
ci/round2/test_validate_ledger.py:198: in receipt_verifier
    receipt_spec.loader.exec_module(module)
<frozen importlib._bootstrap_external>:995: in exec_module
    ???
<frozen importlib._bootstrap_external>:1132: in get_code
    ???
_ _ _ _ _ _ _ _ _ _ _ _ _ _ _ _ _ _ _ _ _ _ _ _ _ _ _ _ _ _ _ _ _ _ _ _ _ _ _ _ 

self = <_frozen_importlib_external.SourceFileLoader object at 0x7f989edd3530>
path = '/workspace/scratch/948b51def3a9/GO/ci/round2/verify_execution_receipt.py'

>   ???
E   FileNotFoundError: [Errno 2] No such file or directory: '/workspace/scratch/948b51def3a9/GO/ci/round2/verify_execution_receipt.py'

<frozen importlib._bootstrap_external>:1190: FileNotFoundError
_ SchedulerContractTests.test_receipt_rejects_wrong_task_agent_parent_and_source _

self = <test_validate_ledger.SchedulerContractTests testMethod=test_receipt_rejects_wrong_task_agent_parent_and_source>

    def test_receipt_rejects_wrong_task_agent_parent_and_source(self):
        for field in ("task_id", "agent", "parent_candidate_commit", "source_anchor"):
            receipt = self.receipt()
            receipt[field] = "WRONG_IDENTITY"
>           result = self.receipt_check(receipt)
                     ^^^^^^^^^^^^^^^^^^^^^^^^^^^

ci/round2/test_validate_ledger.py:235: 
_ _ _ _ _ _ _ _ _ _ _ _ _ _ _ _ _ _ _ _ _ _ _ _ _ _ _ _ _ _ _ _ _ _ _ _ _ _ _ _ 
ci/round2/test_validate_ledger.py:215: in receipt_check
    return self.receipt_verifier().verify(receipt, self.root, expected_cell="C12", expected_task="V70-R2-C12-02", expected_agent="/root/c12_scheduler")
           ^^^^^^^^^^^^^^^^^^^^^^^
ci/round2/test_validate_ledger.py:198: in receipt_verifier
    receipt_spec.loader.exec_module(module)
<frozen importlib._bootstrap_external>:995: in exec_module
    ???
<frozen importlib._bootstrap_external>:1132: in get_code
    ???
_ _ _ _ _ _ _ _ _ _ _ _ _ _ _ _ _ _ _ _ _ _ _ _ _ _ _ _ _ _ _ _ _ _ _ _ _ _ _ _ 

self = <_frozen_importlib_external.SourceFileLoader object at 0x7f989ede91c0>
path = '/workspace/scratch/948b51def3a9/GO/ci/round2/verify_execution_receipt.py'

>   ???
E   FileNotFoundError: [Errno 2] No such file or directory: '/workspace/scratch/948b51def3a9/GO/ci/round2/verify_execution_receipt.py'

<frozen importlib._bootstrap_external>:1190: FileNotFoundError
=========================== short test summary info ============================
FAILED ci/round2/test_validate_ledger.py::SchedulerContractTests::test_receipt_assigned_without_ack_cannot_be_admitted_as_running
FAILED ci/round2/test_validate_ledger.py::SchedulerContractTests::test_receipt_missing_tampered_or_escaping_execution_log_is_hold
FAILED ci/round2/test_validate_ledger.py::SchedulerContractTests::test_receipt_real_ack_and_bound_output_support_only_record_admission
FAILED ci/round2/test_validate_ledger.py::SchedulerContractTests::test_receipt_rejects_ack_after_start_and_empty_execution_evidence
FAILED ci/round2/test_validate_ledger.py::SchedulerContractTests::test_receipt_rejects_wrong_task_agent_parent_and_source
5 failed, 16 deselected in 0.07s
