✔ approve fresh-reads and submits exact displayed manifest hash then reads back (2.406234ms)
✔ changed hash or state blocks mutation and requires fresh confirmation (1.03518ms)
✔ duplicate confirmation while pending never sends a second action (0.777912ms)
✔ older hotel inspection cannot replace newer hotel response (0.666193ms)
✔ leaving view during confirmation read prevents action (0.691081ms)
✔ post failure cannot report success or retain a ready confirmation (0.784792ms)
✔ state capability is required and publish never calls the legacy request endpoint (0.832443ms)
✔ supplier strings are escaped and internal conflict codes are not shown as primary error (1.13547ms)
✔ image preview is lazy and contains no remote supplier URL in markup (1.394991ms)
✔ authenticated blob retains actor and cookie headers without parsing successful image JSON (1.300138ms)
✔ blob rejects active SVG or unexpected content type (1.205065ms)
✔ blob auth context change triggers existing session callback (0.815338ms)
✔ review list omits empty state/property filters accepted by backend (9.566699ms)
✔ session change before list reply clears previous hotel details and ignores response (1.202031ms)
✔ unexpected review identity cannot arm a mutation (0.653244ms)
✔ changed hotel or room facts with same manifest hash require a new confirmation (0.675177ms)
✔ missing trusted facts snapshot cannot arm approval (1.02939ms)
✔ failed legacy factory overview leaves review entry available and functional (2.081505ms)
✔ opening review during legacy overview prevents stale factory redraw and further legacy requests (0.830251ms)
✔ preview is local and explicitly unsaved; only chosen fields are submitted without OTA images (5.057087ms)
✔ empty selection and stale preview never write hotel data (0.92944ms)
✔ failed import retains text and choices and suppresses internal error codes (1.230282ms)
✔ unexpected import response cannot report success (1.009381ms)
✔ direct image upload sends bytes and rights and reports verified dimensions as unpublished draft (1.737186ms)
✔ image rejection keeps file and rights available for retry with Chinese quality feedback (1.093797ms)
✔ missing rights or oversized file never sends an upload (0.780095ms)
✔ invalid JSON never enables confirmation (0.878733ms)
✔ source room selection requires mapping confirmation without blocking hotel fields (1.162621ms)
✔ malformed room collection cannot enable import (2.352984ms)
✔ preview escapes supplied hotel markup (0.827917ms)
✔ upload response must confirm nonpublished draft and valid dimensions (1.42083ms)
✔ double submission during pending import sends a single request (0.93598ms)
✔ explicit source room mapping sends confirmed target outside hotel package (0.890571ms)
✔ new physical room is explicit and changing target clears confirmation (1.823216ms)
✔ mapping refuses foreign target and duplicated target (0.709749ms)
✔ hotel selection scopes writes and preserves per-hotel import draft (1.145836ms)
✔ switch refused during in-flight mutation; completion cannot write to another hotel (0.751632ms)
✔ binding uses current asset revision and selected property room (0.913956ms)
✔ publication requires selection and confirmation, submission does not claim published (0.793205ms)
✔ foreign asset cannot be submitted and failed binding remains actionable (0.658041ms)
✔ trusted manifest is previewed without writing and requires explicit confirmation (1.423514ms)
✔ foreign property, foreign image and duplicate room targets cannot be submitted (1.969536ms)
✔ manifest preview escapes text and explicitly treats rights as declarations (0.765493ms)
✔ file read completing after hotel switch cannot update preview or post (0.774106ms)
✔ new file invalidates confirmation and older asynchronous read cannot replace it (0.981619ms)
✔ approved review is not announced publicly available without successful server read (0.826756ms)
✔ trusted submit failure preserves file and confirmation but never leaks internal error (0.923691ms)
✔ supplier review history paginates beyond first 25 and stale detail cannot overwrite new list (1.15513ms)
✔ trusted manifest submit rejects concurrent duplicate click and hotel switch (0.758462ms)
✔ session cookie change during manifest read cannot render prior session or submit (0.75678ms)
✔ session cookie change invalidates already previewed manifest and pending review detail (1.091644ms)
ℹ tests 51
ℹ suites 0
ℹ pass 51
ℹ fail 0
ℹ cancelled 0
ℹ skipped 0
ℹ todo 0
ℹ duration_ms 131.437348
