{"ts":"2026-09-19T05:31:06.985302+00:00","level":"INFO","logger":"go.runtime","message":"http_request","request_id":"req_7d51ded5641a4d899b194974efb935fb","trace_id":"tr_7acd85ab82bf42d1a4ce9111b303b925","path":"/health","method":"GET","status_code":200,"duration_ms":1.31}
{"ts":"2026-09-19T05:31:06.986034+00:00","level":"INFO","logger":"httpx","message":"HTTP Request: GET https://testserver/health \"HTTP/1.1 200 OK\""}
{"ts":"2026-09-19T05:31:07.073005+00:00","level":"INFO","logger":"go.runtime","message":"http_request","request_id":"req_6d92a74a4ef944cb9c5fdfe4e1eae60f","trace_id":"tr_f68f064392a149bdab241330c81ae111","path":"/bff/auth/login","method":"POST","status_code":200,"duration_ms":49.53}
{"ts":"2026-09-19T05:31:07.073849+00:00","level":"INFO","logger":"httpx","message":"HTTP Request: POST https://testserver/bff/auth/login \"HTTP/1.1 200 OK\""}
{"ts":"2026-09-19T05:31:07.077839+00:00","level":"INFO","logger":"go.runtime","message":"http_request","request_id":"req_a906c0be997c4f3289c4344b7763823b","trace_id":"tr_bf379596dbfe4ed699ee060a3196c2c4","path":"/bff/auth/me","method":"GET","status_code":200,"duration_ms":3.12}
{"ts":"2026-09-19T05:31:07.078192+00:00","level":"INFO","logger":"httpx","message":"HTTP Request: GET https://testserver/bff/auth/me \"HTTP/1.1 200 OK\""}
{"ts":"2026-09-19T05:31:07.814719+00:00","level":"INFO","logger":"go.runtime","message":"http_request","request_id":"req_a76ddf0218bd44e8b8de0dd4d726037c","trace_id":"tr_e9f221d9ff204f3287c1c0321ba5a74f","path":"/v1/supplier/properties/prop_fc797fde500d4f75a172833e9330446a/direct-submission-reviews","method":"POST","status_code":201,"duration_ms":735.7}
{"ts":"2026-09-19T05:31:07.815540+00:00","level":"INFO","logger":"httpx","message":"HTTP Request: POST https://testserver/v1/supplier/properties/prop_fc797fde500d4f75a172833e9330446a/direct-submission-reviews \"HTTP/1.1 201 Created\""}
{"ts":"2026-09-19T05:31:07.822563+00:00","level":"INFO","logger":"go.runtime","message":"http_request","request_id":"req_a432d9eb355b469b8ff3779e12dfe3e4","trace_id":"tr_156ade14defd449985b2792653f5041f","path":"/internal/v1/hotel-autopage/direct-submission-reviews/hdsr_e72d5afa629e4b69822efe8ddf797877","method":"GET","status_code":403,"duration_ms":4.54}
{"ts":"2026-09-19T05:31:07.822940+00:00","level":"INFO","logger":"httpx","message":"HTTP Request: GET https://testserver/internal/v1/hotel-autopage/direct-submission-reviews/hdsr_e72d5afa629e4b69822efe8ddf797877 \"HTTP/1.1 403 Forbidden\""}
{"ts":"2026-09-19T05:31:07.899169+00:00","level":"INFO","logger":"go.runtime","message":"http_request","request_id":"req_399375c838d34634816bf9abb85c6856","trace_id":"tr_40269aad92dc4e5db89c633d387d9bc9","path":"/bff/auth/login","method":"POST","status_code":401,"duration_ms":37.69}
{"ts":"2026-09-19T05:31:07.899706+00:00","level":"INFO","logger":"httpx","message":"HTTP Request: POST https://testserver/bff/auth/login \"HTTP/1.1 401 Unauthorized\""}
{"ts":"2026-09-19T05:31:07.946405+00:00","level":"INFO","logger":"go.runtime","message":"http_request","request_id":"req_f8edd7d917104bdab8183cad819d16dc","trace_id":"tr_3cb4fc9b64d94f368a9c43909a11d803","path":"/bff/auth/mfa/enroll/start","method":"POST","status_code":200,"duration_ms":45.79}
{"ts":"2026-09-19T05:31:07.947399+00:00","level":"INFO","logger":"httpx","message":"HTTP Request: POST https://testserver/bff/auth/mfa/enroll/start \"HTTP/1.1 200 OK\""}
{"ts":"2026-09-19T05:31:07.954540+00:00","level":"INFO","logger":"go.runtime","message":"http_request","request_id":"req_16d8f6f7b89f4eb1956bd813351bd987","trace_id":"tr_2f540460a2524e46847162054b486a35","path":"/bff/auth/mfa/enroll/confirm","method":"POST","status_code":200,"duration_ms":6.05}
{"ts":"2026-09-19T05:31:07.955181+00:00","level":"INFO","logger":"httpx","message":"HTTP Request: POST https://testserver/bff/auth/mfa/enroll/confirm \"HTTP/1.1 200 OK\""}
{"ts":"2026-09-19T05:31:07.983094+00:00","level":"INFO","logger":"go.runtime","message":"http_request","request_id":"req_829f007f1c6a40849af9986c95d58327","trace_id":"tr_30012492606d4d0c8849bb956cf484e7","path":"/internal/v1/hotel-autopage/direct-submission-reviews/hdsr_e72d5afa629e4b69822efe8ddf797877/inspection","method":"GET","status_code":200,"duration_ms":27.19}
{"ts":"2026-09-19T05:31:07.983622+00:00","level":"INFO","logger":"httpx","message":"HTTP Request: GET https://testserver/internal/v1/hotel-autopage/direct-submission-reviews/hdsr_e72d5afa629e4b69822efe8ddf797877/inspection \"HTTP/1.1 200 OK\""}
{"ts":"2026-09-19T05:31:07.985989+00:00","level":"INFO","logger":"go.runtime","message":"http_request","request_id":"req_9051f6a6579c47299ad803e7c70e66e7","trace_id":"tr_1e753dc8aace49ec90caefa1e3774eb0","path":"/internal/v1/hotel-autopage/direct-submission-reviews/hdsr_e72d5afa629e4b69822efe8ddf797877/approve","method":"POST","status_code":403,"duration_ms":0.78}
{"ts":"2026-09-19T05:31:07.986261+00:00","level":"INFO","logger":"httpx","message":"HTTP Request: POST https://testserver/internal/v1/hotel-autopage/direct-submission-reviews/hdsr_e72d5afa629e4b69822efe8ddf797877/approve \"HTTP/1.1 403 Forbidden\""}
{"ts":"2026-09-19T05:31:07.988070+00:00","level":"INFO","logger":"go.runtime","message":"http_request","request_id":"req_3a5fbe9d6b7840ae813aabb90fb04b9d","trace_id":"tr_f79503279ad84e568f23e334a0ac7ab1","path":"/internal/v1/hotel-autopage/direct-submission-reviews/hdsr_e72d5afa629e4b69822efe8ddf797877/approve","method":"POST","status_code":403,"duration_ms":0.59}
{"ts":"2026-09-19T05:31:07.988326+00:00","level":"INFO","logger":"httpx","message":"HTTP Request: POST https://testserver/internal/v1/hotel-autopage/direct-submission-reviews/hdsr_e72d5afa629e4b69822efe8ddf797877/approve \"HTTP/1.1 403 Forbidden\""}
{"ts":"2026-09-19T05:31:08.008660+00:00","level":"INFO","logger":"go.runtime","message":"http_request","request_id":"req_42549592e34e45748809520e746a55d7","trace_id":"tr_202b4369afd047aeb120bc47311b1df2","path":"/internal/v1/hotel-autopage/direct-submission-reviews/hdsr_e72d5afa629e4b69822efe8ddf797877/approve","method":"POST","status_code":200,"duration_ms":19.71}
{"ts":"2026-09-19T05:31:08.009105+00:00","level":"INFO","logger":"httpx","message":"HTTP Request: POST https://testserver/internal/v1/hotel-autopage/direct-submission-reviews/hdsr_e72d5afa629e4b69822efe8ddf797877/approve \"HTTP/1.1 200 OK\""}
{"ts":"2026-09-19T05:31:08.115128+00:00","level":"INFO","logger":"go.runtime","message":"http_request","request_id":"req_af8f285a524f45ac879e93aea2734cfa","trace_id":"tr_3f950c03b59c4333a68e5b8e6ef12843","path":"/internal/v1/hotel-autopage/direct-submission-reviews/hdsr_e72d5afa629e4b69822efe8ddf797877/publish","method":"POST","status_code":200,"duration_ms":105.25}
{"ts":"2026-09-19T05:31:08.115655+00:00","level":"INFO","logger":"httpx","message":"HTTP Request: POST https://testserver/internal/v1/hotel-autopage/direct-submission-reviews/hdsr_e72d5afa629e4b69822efe8ddf797877/publish \"HTTP/1.1 200 OK\""}
{"ts":"2026-09-19T05:31:08.150683+00:00","level":"INFO","logger":"go.runtime","message":"http_request","request_id":"req_639e1ce3d9734ce7891cbb17a8568784","trace_id":"tr_aa38f80e183d436589b92a648f4f3d3d","path":"/v1/hotel-pages/direct-submissions/hdsr_e72d5afa629e4b69822efe8ddf797877/media/media_eb7675676171b537aae69eb2054c8618c266182014930b66","method":"GET","status_code":200,"duration_ms":34.23}
{"ts":"2026-09-19T05:31:08.151114+00:00","level":"INFO","logger":"httpx","message":"HTTP Request: GET https://testserver/v1/hotel-pages/direct-submissions/hdsr_e72d5afa629e4b69822efe8ddf797877/media/media_eb7675676171b537aae69eb2054c8618c266182014930b66 \"HTTP/1.1 200 OK\""}
{"ts":"2026-09-19T05:31:08.233988+00:00","level":"INFO","logger":"go.runtime","message":"http_request","request_id":"req_c7c4c674a29e4878baea9f1dd6574e14","trace_id":"tr_5fd2261b79d74080ac3dbe6b8c4456bd","path":"/internal/v1/hotel-autopage/direct-submission-reviews/hdsr_e72d5afa629e4b69822efe8ddf797877/publish","method":"POST","status_code":200,"duration_ms":82.16}
{"ts":"2026-09-19T05:31:08.234486+00:00","level":"INFO","logger":"httpx","message":"HTTP Request: POST https://testserver/internal/v1/hotel-autopage/direct-submission-reviews/hdsr_e72d5afa629e4b69822efe8ddf797877/publish \"HTTP/1.1 200 OK\""}
{"ts":"2026-09-19T05:31:08.247076+00:00","level":"INFO","logger":"go.runtime","message":"http_request","request_id":"req_f3326eb952eb4e21be3c0f2c2d6947e8","trace_id":"tr_ba8a0601d9d94d2284a0bce362cc24cc","path":"/internal/v1/hotel-autopage/direct-submission-reviews/hdsr_e72d5afa629e4b69822efe8ddf797877/revoke","method":"POST","status_code":200,"duration_ms":11.66}
{"ts":"2026-09-19T05:31:08.247490+00:00","level":"INFO","logger":"httpx","message":"HTTP Request: POST https://testserver/internal/v1/hotel-autopage/direct-submission-reviews/hdsr_e72d5afa629e4b69822efe8ddf797877/revoke \"HTTP/1.1 200 OK\""}
{"ts":"2026-09-19T05:31:08.253775+00:00","level":"INFO","logger":"go.runtime","message":"http_request","request_id":"req_765d154a63ff4ee7816f55c92a5980e4","trace_id":"tr_aab777b5a2bd41a88a1a490a43b06c22","path":"/v1/hotel-pages/direct-submissions/hdsr_e72d5afa629e4b69822efe8ddf797877/media/media_eb7675676171b537aae69eb2054c8618c266182014930b66","method":"GET","status_code":404,"duration_ms":5.67}
{"ts":"2026-09-19T05:31:08.254078+00:00","level":"INFO","logger":"httpx","message":"HTTP Request: GET https://testserver/v1/hotel-pages/direct-submissions/hdsr_e72d5afa629e4b69822efe8ddf797877/media/media_eb7675676171b537aae69eb2054c8618c266182014930b66 \"HTTP/1.1 404 Not Found\""}
{"ts":"2026-09-19T05:31:08.262860+00:00","level":"INFO","logger":"go.runtime","message":"http_request","request_id":"req_ee0e3f960c1a4b61805b152c37b50c85","trace_id":"tr_6afd2935697541e2adda816f8d37d47e","path":"/bff/auth/logout","method":"POST","status_code":200,"duration_ms":8.16}
{"ts":"2026-09-19T05:31:08.263318+00:00","level":"INFO","logger":"httpx","message":"HTTP Request: POST https://testserver/bff/auth/logout \"HTTP/1.1 200 OK\""}
{"ts":"2026-09-19T05:31:08.267285+00:00","level":"INFO","logger":"go.runtime","message":"http_request","request_id":"req_03433446ee3b4c3a941053866fc06d9f","trace_id":"tr_1a07628f107848d0a6d81b6dce3786b7","path":"/internal/v1/hotel-autopage/direct-submission-reviews/hdsr_e72d5afa629e4b69822efe8ddf797877","method":"GET","status_code":401,"duration_ms":2.68}
{"ts":"2026-09-19T05:31:08.267569+00:00","level":"INFO","logger":"httpx","message":"HTTP Request: GET https://testserver/internal/v1/hotel-autopage/direct-submission-reviews/hdsr_e72d5afa629e4b69822efe8ddf797877 \"HTTP/1.1 401 Unauthorized\""}
.{"ts":"2026-09-19T05:31:09.353549+00:00","level":"INFO","logger":"go.runtime","message":"http_request","request_id":"req_78b11151c0b94f89ba44c784327f1b6a","trace_id":"tr_c6a509b7797443429088a329ce6a0eef","path":"/bff/auth/login","method":"POST","status_code":200,"duration_ms":40.32}
{"ts":"2026-09-19T05:31:09.354077+00:00","level":"INFO","logger":"httpx","message":"HTTP Request: POST https://testserver/bff/auth/login \"HTTP/1.1 200 OK\""}
{"ts":"2026-09-19T05:31:09.357164+00:00","level":"INFO","logger":"go.runtime","message":"http_request","request_id":"req_5a7352d08ab549a4aedf95457afd04a5","trace_id":"tr_b9b9f2ce8fd845368c8538ff602303e3","path":"/bff/auth/me","method":"GET","status_code":200,"duration_ms":2.41}
{"ts":"2026-09-19T05:31:09.357489+00:00","level":"INFO","logger":"httpx","message":"HTTP Request: GET https://testserver/bff/auth/me \"HTTP/1.1 200 OK\""}
{"ts":"2026-09-19T05:31:09.366609+00:00","level":"INFO","logger":"go.runtime","message":"http_request","request_id":"req_a99440d1f5cc49ec80783e7db6fbd8f8","trace_id":"tr_919a3d02ffa34a8ab637172b6ea673e8","path":"/v1/supplier/properties/prop_2628f5fbcc2043a48d1aab35a82a5594/product-graph","method":"GET","status_code":200,"duration_ms":8.58}
{"ts":"2026-09-19T05:31:09.366936+00:00","level":"INFO","logger":"httpx","message":"HTTP Request: GET https://testserver/v1/supplier/properties/prop_2628f5fbcc2043a48d1aab35a82a5594/product-graph \"HTTP/1.1 200 OK\""}
{"ts":"2026-09-19T05:31:09.371095+00:00","level":"INFO","logger":"go.runtime","message":"http_request","request_id":"req_1a3c7787fa454bc98e0f63ee08d3c193","trace_id":"tr_bc9db0529e4f4b62be8e3d150c67f913","path":"/v1/supplier/properties/prop_71cc6b5e08ce4bb7b10712c976b5dd8a/product-graph","method":"GET","status_code":200,"duration_ms":3.57}
{"ts":"2026-09-19T05:31:09.371530+00:00","level":"INFO","logger":"httpx","message":"HTTP Request: GET https://testserver/v1/supplier/properties/prop_71cc6b5e08ce4bb7b10712c976b5dd8a/product-graph \"HTTP/1.1 200 OK\""}
{"ts":"2026-09-19T05:31:09.375528+00:00","level":"INFO","logger":"go.runtime","message":"http_request","request_id":"req_9e06f46b70644488915661f825e70ca5","trace_id":"tr_ae799bf0a4f24231885186bb6f75ba5d","path":"/v1/supplier/properties/prop_2628f5fbcc2043a48d1aab35a82a5594/product-graph","method":"GET","status_code":200,"duration_ms":3.33}
{"ts":"2026-09-19T05:31:09.375817+00:00","level":"INFO","logger":"httpx","message":"HTTP Request: GET https://testserver/v1/supplier/properties/prop_2628f5fbcc2043a48d1aab35a82a5594/product-graph \"HTTP/1.1 200 OK\""}
{"ts":"2026-09-19T05:31:09.378818+00:00","level":"INFO","logger":"go.runtime","message":"http_request","request_id":"req_f71401ba91604195aeb4bdf36adb50d9","trace_id":"tr_7f6d1a13048447bd92ee32bfb982df9f","path":"/v1/supplier/properties/prop_870f769885b6481cb5e0ef846ead006b/product-graph","method":"GET","status_code":404,"duration_ms":2.42}
{"ts":"2026-09-19T05:31:09.379107+00:00","level":"INFO","logger":"httpx","message":"HTTP Request: GET https://testserver/v1/supplier/properties/prop_870f769885b6481cb5e0ef846ead006b/product-graph \"HTTP/1.1 404 Not Found\""}
{"ts":"2026-09-19T05:31:09.444689+00:00","level":"INFO","logger":"go.runtime","message":"http_request","request_id":"req_54da69ee5390468a9dcd53d6bc2e8282","trace_id":"tr_d64af886bf554f89ae08e91b721b0ad1","path":"/go-admin/","method":"GET","status_code":200,"duration_ms":65.03}
{"ts":"2026-09-19T05:31:09.445499+00:00","level":"INFO","logger":"httpx","message":"HTTP Request: GET https://testserver/go-admin/ \"HTTP/1.1 200 OK\""}
{"ts":"2026-09-19T05:31:09.450033+00:00","level":"INFO","logger":"go.runtime","message":"http_request","request_id":"req_63958f2e9d2145c3b026a6b6c173e061","trace_id":"tr_19dc020b71444dd2a1b9d02dae2a3204","path":"/console-assets/styles.css","method":"GET","status_code":200,"duration_ms":3.61}
{"ts":"2026-09-19T05:31:09.450611+00:00","level":"INFO","logger":"httpx","message":"HTTP Request: GET https://testserver/console-assets/styles.css?v=20260909-depth28 \"HTTP/1.1 200 OK\""}
{"ts":"2026-09-19T05:31:09.453060+00:00","level":"INFO","logger":"go.runtime","message":"http_request","request_id":"req_738edc24db4b439cb5cfc65086e10c0c","trace_id":"tr_898830911f8c427ebfd6b82aec89457e","path":"/go-admin/config.js","method":"GET","status_code":200,"duration_ms":1.93}
{"ts":"2026-09-19T05:31:09.453605+00:00","level":"INFO","logger":"httpx","message":"HTTP Request: GET https://testserver/go-admin/config.js?v=20260825-rc20.3 \"HTTP/1.1 200 OK\""}
{"ts":"2026-09-19T05:31:09.455965+00:00","level":"INFO","logger":"go.runtime","message":"http_request","request_id":"req_de882ffac0064beda856d6b55ae054ce","trace_id":"tr_0efb360e6915494f878e5360890f9da6","path":"/go-admin/personal-travel-vault.js","method":"GET","status_code":200,"duration_ms":1.88}
{"ts":"2026-09-19T05:31:09.456618+00:00","level":"INFO","logger":"httpx","message":"HTTP Request: GET https://testserver/go-admin/personal-travel-vault.js?v=20260825-rc20.3 \"HTTP/1.1 200 OK\""}
{"ts":"2026-09-19T05:31:09.459126+00:00","level":"INFO","logger":"go.runtime","message":"http_request","request_id":"req_7b62f84695034723954edb68df6d74d6","trace_id":"tr_57d323edc2674b0490449dc7f5fa91b7","path":"/go-admin/consumer-growth-direct-value.js","method":"GET","status_code":200,"duration_ms":2.04}
{"ts":"2026-09-19T05:31:09.459652+00:00","level":"INFO","logger":"httpx","message":"HTTP Request: GET https://testserver/go-admin/consumer-growth-direct-value.js?v=20260825-rc20.3 \"HTTP/1.1 200 OK\""}
{"ts":"2026-09-19T05:31:09.462116+00:00","level":"INFO","logger":"go.runtime","message":"http_request","request_id":"req_521978a55f5a4346a35da1e4f8ab0fc0","trace_id":"tr_a0d81ea52f524a7b9462086c9a0ed522","path":"/go-admin/commercial-os.js","method":"GET","status_code":200,"duration_ms":1.84}
{"ts":"2026-09-19T05:31:09.462659+00:00","level":"INFO","logger":"httpx","message":"HTTP Request: GET https://testserver/go-admin/commercial-os.js?v=20260825-rc20.3 \"HTTP/1.1 200 OK\""}
{"ts":"2026-09-19T05:31:09.465253+00:00","level":"INFO","logger":"go.runtime","message":"http_request","request_id":"req_147b8dcbec1a4d2fb3bfb59758d91c87","trace_id":"tr_d38d49ebe8994eebb3aba9cc4d4312b6","path":"/go-admin/good-hotel-standard.js","method":"GET","status_code":200,"duration_ms":2.1}
{"ts":"2026-09-19T05:31:09.465814+00:00","level":"INFO","logger":"httpx","message":"HTTP Request: GET https://testserver/go-admin/good-hotel-standard.js?v=20260825-rc20.3 \"HTTP/1.1 200 OK\""}
{"ts":"2026-09-19T05:31:09.468363+00:00","level":"INFO","logger":"go.runtime","message":"http_request","request_id":"req_52157411693947ceb55cedeeae570b86","trace_id":"tr_911b3a3e0bbe48e1b50d5baa88b78503","path":"/go-admin/production-connectors.js","method":"GET","status_code":200,"duration_ms":2.06}
{"ts":"2026-09-19T05:31:09.468920+00:00","level":"INFO","logger":"httpx","message":"HTTP Request: GET https://testserver/go-admin/production-connectors.js?v=20260825-rc20.3 \"HTTP/1.1 200 OK\""}
{"ts":"2026-09-19T05:31:09.471560+00:00","level":"INFO","logger":"go.runtime","message":"http_request","request_id":"req_de8c0bfab8c74b928700e6c726bac5a3","trace_id":"tr_f5ca0b4d80fe4e75a2293de59f2c930a","path":"/go-admin/production-connector-runtime.js","method":"GET","status_code":200,"duration_ms":1.93}
{"ts":"2026-09-19T05:31:09.472134+00:00","level":"INFO","logger":"httpx","message":"HTTP Request: GET https://testserver/go-admin/production-connector-runtime.js?v=20260825-rc20.3 \"HTTP/1.1 200 OK\""}
{"ts":"2026-09-19T05:31:09.474484+00:00","level":"INFO","logger":"go.runtime","message":"http_request","request_id":"req_b8183bdd3d1c4da2987499d09dd4a8f9","trace_id":"tr_f1e135f67f3a42ffa579e5340cf12a86","path":"/go-admin/connector-activation-readiness.js","method":"GET","status_code":200,"duration_ms":1.82}
{"ts":"2026-09-19T05:31:09.474987+00:00","level":"INFO","logger":"httpx","message":"HTTP Request: GET https://testserver/go-admin/connector-activation-readiness.js?v=20260825-rc20.3 \"HTTP/1.1 200 OK\""}
{"ts":"2026-09-19T05:31:09.477330+00:00","level":"INFO","logger":"go.runtime","message":"http_request","request_id":"req_c73588f1d52148e79b67efc7d0539c49","trace_id":"tr_3c532c0627614e69afd4d1752bf0ca33","path":"/go-admin/paired-connector-pilot.js","method":"GET","status_code":200,"duration_ms":1.84}
{"ts":"2026-09-19T05:31:09.477829+00:00","level":"INFO","logger":"httpx","message":"HTTP Request: GET https://testserver/go-admin/paired-connector-pilot.js?v=20260825-rc20.3 \"HTTP/1.1 200 OK\""}
{"ts":"2026-09-19T05:31:09.480136+00:00","level":"INFO","logger":"go.runtime","message":"http_request","request_id":"req_9e934011dd8d493c9fc6d27ded8ac2ae","trace_id":"tr_d4669d6e0ba34631a4f3bd888e7ec4a7","path":"/go-admin/external-sandbox-certification.js","method":"GET","status_code":200,"duration_ms":1.83}
{"ts":"2026-09-19T05:31:09.480659+00:00","level":"INFO","logger":"httpx","message":"HTTP Request: GET https://testserver/go-admin/external-sandbox-certification.js?v=20260825-rc20.3 \"HTTP/1.1 200 OK\""}
{"ts":"2026-09-19T05:31:09.483326+00:00","level":"INFO","logger":"go.runtime","message":"http_request","request_id":"req_36e5335fcaa1443395eff3bf4fb43bfa","trace_id":"tr_4b4b37c3d8b543a4852f7a1fbf14ba27","path":"/go-admin/named-supplier-execution.js","method":"GET","status_code":200,"duration_ms":2.2}
{"ts":"2026-09-19T05:31:09.483843+00:00","level":"INFO","logger":"httpx","message":"HTTP Request: GET https://testserver/go-admin/named-supplier-execution.js?v=20260825-rc20.3 \"HTTP/1.1 200 OK\""}
{"ts":"2026-09-19T05:31:09.486162+00:00","level":"INFO","logger":"go.runtime","message":"http_request","request_id":"req_75f298a0103b4ad9a78bf40235306eab","trace_id":"tr_082f654bf5024ab7b9e2bf711b680a99","path":"/go-admin/hosted-direct-booking.js","method":"GET","status_code":200,"duration_ms":1.78}
{"ts":"2026-09-19T05:31:09.486696+00:00","level":"INFO","logger":"httpx","message":"HTTP Request: GET https://testserver/go-admin/hosted-direct-booking.js?v=20260825-rc20.3 \"HTTP/1.1 200 OK\""}
{"ts":"2026-09-19T05:31:09.489015+00:00","level":"INFO","logger":"go.runtime","message":"http_request","request_id":"req_3b2b59e67f514d86840262d4636e4f01","trace_id":"tr_87ca34c0bb604c05abf3145cfc1623c6","path":"/go-admin/hosted-content-acceptance.js","method":"GET","status_code":200,"duration_ms":1.83}
{"ts":"2026-09-19T05:31:09.489542+00:00","level":"INFO","logger":"httpx","message":"HTTP Request: GET https://testserver/go-admin/hosted-content-acceptance.js?v=20260825-rc20.3 \"HTTP/1.1 200 OK\""}
{"ts":"2026-09-19T05:31:09.491831+00:00","level":"INFO","logger":"go.runtime","message":"http_request","request_id":"req_20ca5f68090c4f1fb2e81a143ddbd0e3","trace_id":"tr_265e0a7f92ca4141ba4fd3aa6ed79a7d","path":"/go-admin/hosted-reservation-operations.js","method":"GET","status_code":200,"duration_ms":1.83}
{"ts":"2026-09-19T05:31:09.492393+00:00","level":"INFO","logger":"httpx","message":"HTTP Request: GET https://testserver/go-admin/hosted-reservation-operations.js?v=20260825-rc20.3 \"HTTP/1.1 200 OK\""}
{"ts":"2026-09-19T05:31:09.494645+00:00","level":"INFO","logger":"go.runtime","message":"http_request","request_id":"req_55eda03b8506402a853de7ba060e4f3b","trace_id":"tr_368d1e0f31274d30bc8bcdd3fcabfa63","path":"/go-admin/hosted-frontdesk-command-center.js","method":"GET","status_code":200,"duration_ms":1.78}
{"ts":"2026-09-19T05:31:09.495464+00:00","level":"INFO","logger":"httpx","message":"HTTP Request: GET https://testserver/go-admin/hosted-frontdesk-command-center.js?v=20260825-rc20.3 \"HTTP/1.1 200 OK\""}
{"ts":"2026-09-19T05:31:09.497918+00:00","level":"INFO","logger":"go.runtime","message":"http_request","request_id":"req_010b9214342d4812bbbf5ce0f430972b","trace_id":"tr_173f783c40e1453c99c90ce222d62ddb","path":"/go-admin/alipay-safeguarded-settlement.js","method":"GET","status_code":200,"duration_ms":1.96}
{"ts":"2026-09-19T05:31:09.498478+00:00","level":"INFO","logger":"httpx","message":"HTTP Request: GET https://testserver/go-admin/alipay-safeguarded-settlement.js?v=20260825-rc20.3 \"HTTP/1.1 200 OK\""}
{"ts":"2026-09-19T05:31:09.501041+00:00","level":"INFO","logger":"go.runtime","message":"http_request","request_id":"req_25c7905b29484c96a12cac8ba2f6270e","trace_id":"tr_e189f08f99944d5392d58be2eb057752","path":"/go-admin/stay-operations-command-center.js","method":"GET","status_code":200,"duration_ms":2.03}
{"ts":"2026-09-19T05:31:09.501808+00:00","level":"INFO","logger":"httpx","message":"HTTP Request: GET https://testserver/go-admin/stay-operations-command-center.js?v=20260825-rc20.3 \"HTTP/1.1 200 OK\""}
{"ts":"2026-09-19T05:31:09.504415+00:00","level":"INFO","logger":"go.runtime","message":"http_request","request_id":"req_93bd9a8cf4544193b219e72485b951b6","trace_id":"tr_6732d04608ca419996cfdf0f95f70806","path":"/go-admin/dispute-reconciliation-command-center.js","method":"GET","status_code":200,"duration_ms":2.02}
{"ts":"2026-09-19T05:31:09.504938+00:00","level":"INFO","logger":"httpx","message":"HTTP Request: GET https://testserver/go-admin/dispute-reconciliation-command-center.js?v=20260825-rc20.3 \"HTTP/1.1 200 OK\""}
{"ts":"2026-09-19T05:31:09.507291+00:00","level":"INFO","logger":"go.runtime","message":"http_request","request_id":"req_280e199d5e2541f99812e3296a3470d0","trace_id":"tr_270d88a0433446e5974124d1b2fc85ee","path":"/go-admin/admin-ux.js","method":"GET","status_code":200,"duration_ms":1.78}
{"ts":"2026-09-19T05:31:09.507801+00:00","level":"INFO","logger":"httpx","message":"HTTP Request: GET https://testserver/go-admin/admin-ux.js?v=20260825-rc20.3 \"HTTP/1.1 200 OK\""}
{"ts":"2026-09-19T05:31:09.510102+00:00","level":"INFO","logger":"go.runtime","message":"http_request","request_id":"req_00bbb5d39bfd499b8bf514019283662d","trace_id":"tr_b55a8fafe21747dabaa703ed7376c159","path":"/go-admin/hotel-direct-review.js","method":"GET","status_code":200,"duration_ms":1.79}
{"ts":"2026-09-19T05:31:09.510630+00:00","level":"INFO","logger":"httpx","message":"HTTP Request: GET https://testserver/go-admin/hotel-direct-review.js?v=20260919-review \"HTTP/1.1 200 OK\""}
{"ts":"2026-09-19T05:31:09.512910+00:00","level":"INFO","logger":"go.runtime","message":"http_request","request_id":"req_111f8456b8d6493bbfcbc5175169ec27","trace_id":"tr_d453d5bfa1804bdf82066ee18c42f7c1","path":"/go-admin/hotel-page-factory.js","method":"GET","status_code":200,"duration_ms":1.8}
{"ts":"2026-09-19T05:31:09.513584+00:00","level":"INFO","logger":"httpx","message":"HTTP Request: GET https://testserver/go-admin/hotel-page-factory.js?v=20260919-review \"HTTP/1.1 200 OK\""}
{"ts":"2026-09-19T05:31:09.516064+00:00","level":"INFO","logger":"go.runtime","message":"http_request","request_id":"req_168ebd319e5c4a57b7fa404431f595a4","trace_id":"tr_e790eddc8fe14a0f968214fe5fc39a3d","path":"/go-admin/hosted-fault-finance.js","method":"GET","status_code":200,"duration_ms":2.02}
{"ts":"2026-09-19T05:31:09.516626+00:00","level":"INFO","logger":"httpx","message":"HTTP Request: GET https://testserver/go-admin/hosted-fault-finance.js?v=20260907-depth11 \"HTTP/1.1 200 OK\""}
{"ts":"2026-09-19T05:31:09.519207+00:00","level":"INFO","logger":"go.runtime","message":"http_request","request_id":"req_6c0f89f3f57747c3b66d0ec9e62f5250","trace_id":"tr_a35ba12b32e64a01ae55ecf898375c76","path":"/go-admin/hosted-disruption.js","method":"GET","status_code":200,"duration_ms":2.1}
{"ts":"2026-09-19T05:31:09.519762+00:00","level":"INFO","logger":"httpx","message":"HTTP Request: GET https://testserver/go-admin/hosted-disruption.js?v=20260907-depth10 \"HTTP/1.1 200 OK\""}
{"ts":"2026-09-19T05:31:09.522142+00:00","level":"INFO","logger":"go.runtime","message":"http_request","request_id":"req_669af77cfc7d4bf4a5703df1462a26f7","trace_id":"tr_af851e8529a04e1fb66c60bff066096b","path":"/console-assets/catalog-remedy.js","method":"GET","status_code":200,"duration_ms":1.86}
{"ts":"2026-09-19T05:31:09.522688+00:00","level":"INFO","logger":"httpx","message":"HTTP Request: GET https://testserver/console-assets/catalog-remedy.js?v=20260907-depth11 \"HTTP/1.1 200 OK\""}
{"ts":"2026-09-19T05:31:09.525074+00:00","level":"INFO","logger":"go.runtime","message":"http_request","request_id":"req_6a8a56ffc9174b65b8285635f596703b","trace_id":"tr_8e34e609df6442f7991da28cb176c4b0","path":"/console-assets/app.js","method":"GET","status_code":200,"duration_ms":1.88}
{"ts":"2026-09-19T05:31:09.526312+00:00","level":"INFO","logger":"httpx","message":"HTTP Request: GET https://testserver/console-assets/app.js?v=20260919-review \"HTTP/1.1 200 OK\""}
{"ts":"2026-09-19T05:31:09.529055+00:00","level":"INFO","logger":"go.runtime","message":"http_request","request_id":"req_dcefab77f560447080839baf5d7862b9","trace_id":"tr_aec4e281deb64fe0b6726891f8426cfc","path":"/supplier-console/","method":"GET","status_code":200,"duration_ms":2.28}
{"ts":"2026-09-19T05:31:09.529600+00:00","level":"INFO","logger":"httpx","message":"HTTP Request: GET https://testserver/supplier-console/ \"HTTP/1.1 200 OK\""}
{"ts":"2026-09-19T05:31:09.532080+00:00","level":"INFO","logger":"go.runtime","message":"http_request","request_id":"req_f022a62863f742858953f2b6469ff646","trace_id":"tr_b36c93352cc742aba577c38cbace62a8","path":"/console-assets/styles.css","method":"GET","status_code":200,"duration_ms":1.95}
{"ts":"2026-09-19T05:31:09.532651+00:00","level":"INFO","logger":"httpx","message":"HTTP Request: GET https://testserver/console-assets/styles.css?v=20260909-depth28 \"HTTP/1.1 200 OK\""}
{"ts":"2026-09-19T05:31:09.534975+00:00","level":"INFO","logger":"go.runtime","message":"http_request","request_id":"req_5f457260429847a1bfb293e8569d9c2f","trace_id":"tr_60f849261cd643618de815d96a0b0445","path":"/supplier-console/config.js","method":"GET","status_code":200,"duration_ms":1.84}
{"ts":"2026-09-19T05:31:09.535517+00:00","level":"INFO","logger":"httpx","message":"HTTP Request: GET https://testserver/supplier-console/config.js?v=20260825-rc20.3 \"HTTP/1.1 200 OK\""}
{"ts":"2026-09-19T05:31:09.537835+00:00","level":"INFO","logger":"go.runtime","message":"http_request","request_id":"req_d3a91f6896584bfe8b88e9fc89e125dc","trace_id":"tr_a034d048e26945cfbee668cfd0f8a6b4","path":"/supplier-console/direct-value-economics.js","method":"GET","status_code":200,"duration_ms":1.8}
{"ts":"2026-09-19T05:31:09.538360+00:00","level":"INFO","logger":"httpx","message":"HTTP Request: GET https://testserver/supplier-console/direct-value-economics.js?v=20260825-rc20.3 \"HTTP/1.1 200 OK\""}
{"ts":"2026-09-19T05:31:09.540905+00:00","level":"INFO","logger":"go.runtime","message":"http_request","request_id":"req_a9c8b4b9bf0a42308ed7ca0a8aec79aa","trace_id":"tr_83ddc78f20664a2e936bf9b452c4f538","path":"/console-assets/catalog-remedy.js","method":"GET","status_code":200,"duration_ms":2.07}
{"ts":"2026-09-19T05:31:09.541555+00:00","level":"INFO","logger":"httpx","message":"HTTP Request: GET https://testserver/console-assets/catalog-remedy.js?v=20260907-depth11 \"HTTP/1.1 200 OK\""}
{"ts":"2026-09-19T05:31:09.545856+00:00","level":"INFO","logger":"go.runtime","message":"http_request","request_id":"req_4bced96c47294b1fa05940984a2a47af","trace_id":"tr_f4e026c4ddac48fcb8460748c2537e3d","path":"/supplier-console/catalog-fare.js","method":"GET","status_code":200,"duration_ms":3.8}
{"ts":"2026-09-19T05:31:09.546574+00:00","level":"INFO","logger":"httpx","message":"HTTP Request: GET https://testserver/supplier-console/catalog-fare.js?v=20260907-depth13 \"HTTP/1.1 200 OK\""}
{"ts":"2026-09-19T05:31:09.549278+00:00","level":"INFO","logger":"go.runtime","message":"http_request","request_id":"req_e48123a67813484f8e25245217cf1091","trace_id":"tr_57d0162bc4064326be91344db1e78246","path":"/console-assets/app.js","method":"GET","status_code":200,"duration_ms":2.13}
{"ts":"2026-09-19T05:31:09.550277+00:00","level":"INFO","logger":"httpx","message":"HTTP Request: GET https://testserver/console-assets/app.js?v=20260919-review \"HTTP/1.1 200 OK\""}
{"ts":"2026-09-19T05:31:09.552899+00:00","level":"INFO","logger":"go.runtime","message":"http_request","request_id":"req_73363e4e20d1413c8e9e4bbac52399d4","trace_id":"tr_af1e0aec88ff4e4e85a8380390d0f390","path":"/go-app/","method":"GET","status_code":200,"duration_ms":2.11}
{"ts":"2026-09-19T05:31:09.554124+00:00","level":"INFO","logger":"httpx","message":"HTTP Request: GET https://testserver/go-app/ \"HTTP/1.1 200 OK\""}
{"ts":"2026-09-19T05:31:09.556689+00:00","level":"INFO","logger":"go.runtime","message":"http_request","request_id":"req_f0e04d90131f4683a5c625c196a24d61","trace_id":"tr_cf5a4b4e1ed24ab8bbc48a3da95e8ef2","path":"/go-app/styles.css","method":"GET","status_code":200,"duration_ms":1.93}
{"ts":"2026-09-19T05:31:09.557274+00:00","level":"INFO","logger":"httpx","message":"HTTP Request: GET https://testserver/go-app/styles.css?v=20260918-consumer4 \"HTTP/1.1 200 OK\""}
{"ts":"2026-09-19T05:31:09.559958+00:00","level":"INFO","logger":"go.runtime","message":"http_request","request_id":"req_3133441458cf485489dfddc43be48e51","trace_id":"tr_abccf92094944ea3bd5c424680ccb674","path":"/go-app/vi-reference-10.css","method":"GET","status_code":200,"duration_ms":2.09}
{"ts":"2026-09-19T05:31:09.560581+00:00","level":"INFO","logger":"httpx","message":"HTTP Request: GET https://testserver/go-app/vi-reference-10.css?v=20260918-consumer4 \"HTTP/1.1 200 OK\""}
{"ts":"2026-09-19T05:31:09.563008+00:00","level":"INFO","logger":"go.runtime","message":"http_request","request_id":"req_81a5a5cb8bbb4c5488d8757bb88f41a7","trace_id":"tr_602299ae2af14c4d9287efc67c5cf577","path":"/go-app/flight-journeys.css","method":"GET","status_code":200,"duration_ms":1.93}
{"ts":"2026-09-19T05:31:09.563573+00:00","level":"INFO","logger":"httpx","message":"HTTP Request: GET https://testserver/go-app/flight-journeys.css?v=20260906-depth1 \"HTTP/1.1 200 OK\""}
{"ts":"2026-09-19T05:31:09.566150+00:00","level":"INFO","logger":"go.runtime","message":"http_request","request_id":"req_c6c388a450f84e20bc89018aa245f5f5","trace_id":"tr_215b6f14ec35406f9d899066000a6dd9","path":"/go-app/booking-travelers.css","method":"GET","status_code":200,"duration_ms":2.03}
{"ts":"2026-09-19T05:31:09.566721+00:00","level":"INFO","logger":"httpx","message":"HTTP Request: GET https://testserver/go-app/booking-travelers.css?v=20260907-master03 \"HTTP/1.1 200 OK\""}
{"ts":"2026-09-19T05:31:09.569555+00:00","level":"INFO","logger":"go.runtime","message":"http_request","request_id":"req_230fbc09ea3d496d9d83d9846affe7b8","trace_id":"tr_42e9bfd91d004e568744e83bf4276053","path":"/go-app/vault-manager.css","method":"GET","status_code":200,"duration_ms":2.31}
{"ts":"2026-09-19T05:31:09.570104+00:00","level":"INFO","logger":"httpx","message":"HTTP Request: GET https://testserver/go-app/vault-manager.css?v=20260907-depth04 \"HTTP/1.1 200 OK\""}
{"ts":"2026-09-19T05:31:09.572557+00:00","level":"INFO","logger":"go.runtime","message":"http_request","request_id":"req_506872d6429d4e93b605e6ac6118c4ef","trace_id":"tr_d871b4c1028340ee93c37b19e859e7ae","path":"/go-app/travel-status.css","method":"GET","status_code":200,"duration_ms":1.92}
{"ts":"2026-09-19T05:31:09.573099+00:00","level":"INFO","logger":"httpx","message":"HTTP Request: GET https://testserver/go-app/travel-status.css?v=20260908-depth19 \"HTTP/1.1 200 OK\""}
{"ts":"2026-09-19T05:31:09.575557+00:00","level":"INFO","logger":"go.runtime","message":"http_request","request_id":"req_f838524fbc324977ad86b5a08c4e890e","trace_id":"tr_fd0f048220aa4bf7b9e7511c00a6beb2","path":"/go-app/direct-after-sales.js","method":"GET","status_code":200,"duration_ms":1.93}
{"ts":"2026-09-19T05:31:09.576116+00:00","level":"INFO","logger":"httpx","message":"HTTP Request: GET https://testserver/go-app/direct-after-sales.js?v=20260907-depth12 \"HTTP/1.1 200 OK\""}
{"ts":"2026-09-19T05:31:09.578678+00:00","level":"INFO","logger":"go.runtime","message":"http_request","request_id":"req_96f83340533e47528c8023d6cf5e0f2a","trace_id":"tr_06b56bd2417d49ab83a80197cbef8c15","path":"/go-app/trip-navigation.js","method":"GET","status_code":200,"duration_ms":1.99}
{"ts":"2026-09-19T05:31:09.579314+00:00","level":"INFO","logger":"httpx","message":"HTTP Request: GET https://testserver/go-app/trip-navigation.js?v=20260909-depth29 \"HTTP/1.1 200 OK\""}
{"ts":"2026-09-19T05:31:09.581837+00:00","level":"INFO","logger":"go.runtime","message":"http_request","request_id":"req_522465c0abd74ab59d941aa0e1f792e3","trace_id":"tr_bc0a30a3c29642e88c549ba42b253bab","path":"/go-app/date-range.js","method":"GET","status_code":200,"duration_ms":2.02}
{"ts":"2026-09-19T05:31:09.582388+00:00","level":"INFO","logger":"httpx","message":"HTTP Request: GET https://testserver/go-app/date-range.js?v=20260918-range1 \"HTTP/1.1 200 OK\""}
{"ts":"2026-09-19T05:31:09.584944+00:00","level":"INFO","logger":"go.runtime","message":"http_request","request_id":"req_292a1407cff94840813656c5882540c2","trace_id":"tr_f416622205964608be1120a759deee15","path":"/go-app/app.js","method":"GET","status_code":200,"duration_ms":2.03}
{"ts":"2026-09-19T05:31:09.585667+00:00","level":"INFO","logger":"httpx","message":"HTTP Request: GET https://testserver/go-app/app.js?v=20260918-consumer4 \"HTTP/1.1 200 OK\""}
{"ts":"2026-09-19T05:31:09.588134+00:00","level":"INFO","logger":"go.runtime","message":"http_request","request_id":"req_3450ef3ada12459c8c43a77417247be0","trace_id":"tr_7f67e7c329f645f8a0c7e4b45d88014c","path":"/go-app/flight-changes.js","method":"GET","status_code":200,"duration_ms":1.98}
{"ts":"2026-09-19T05:31:09.588689+00:00","level":"INFO","logger":"httpx","message":"HTTP Request: GET https://testserver/go-app/flight-changes.js?v=depth48 \"HTTP/1.1 200 OK\""}
{"ts":"2026-09-19T05:31:09.590961+00:00","level":"INFO","logger":"go.runtime","message":"http_request","request_id":"req_5c0da71049d745e484b3ef6d44917971","trace_id":"tr_45f3bb5e0e674a6884e2ff8773b01e84","path":"/go-app/flight-journeys.js","method":"GET","status_code":200,"duration_ms":1.78}
{"ts":"2026-09-19T05:31:09.591491+00:00","level":"INFO","logger":"httpx","message":"HTTP Request: GET https://testserver/go-app/flight-journeys.js?v=20260918-consumer3 \"HTTP/1.1 200 OK\""}
{"ts":"2026-09-19T05:31:09.593793+00:00","level":"INFO","logger":"go.runtime","message":"http_request","request_id":"req_504724f187c046cdae74a89975f040ee","trace_id":"tr_db24f983295d41f88353055024492e4c","path":"/go-app/catalog-fare.js","method":"GET","status_code":200,"duration_ms":1.82}
{"ts":"2026-09-19T05:31:09.594320+00:00","level":"INFO","logger":"httpx","message":"HTTP Request: GET https://testserver/go-app/catalog-fare.js?v=20260907-depth13 \"HTTP/1.1 200 OK\""}
{"ts":"2026-09-19T05:31:09.597192+00:00","level":"INFO","logger":"go.runtime","message":"http_request","request_id":"req_4add6bb1f1b14714858dd0a7c138ea34","trace_id":"tr_9b73de3a998946038c40fff900562079","path":"/go-app/catalog-cash-fare.js","method":"GET","status_code":200,"duration_ms":2.39}
{"ts":"2026-09-19T05:31:09.597864+00:00","level":"INFO","logger":"httpx","message":"HTTP Request: GET https://testserver/go-app/catalog-cash-fare.js?v=20260907-depth14 \"HTTP/1.1 200 OK\""}
{"ts":"2026-09-19T05:31:09.600258+00:00","level":"INFO","logger":"go.runtime","message":"http_request","request_id":"req_da99eb678aa34cf195174d29ce8671cc","trace_id":"tr_006155737bbf4f8f973dd852f666b611","path":"/go-app/booking-travelers.js","method":"GET","status_code":200,"duration_ms":1.85}
{"ts":"2026-09-19T05:31:09.600891+00:00","level":"INFO","logger":"httpx","message":"HTTP Request: GET https://testserver/go-app/booking-travelers.js?v=20260908-depth20 \"HTTP/1.1 200 OK\""}
{"ts":"2026-09-19T05:31:09.603273+00:00","level":"INFO","logger":"go.runtime","message":"http_request","request_id":"req_2b0aa2a7e80f4d5d96b8870ddc8f1037","trace_id":"tr_c1568e9063aa40e69acf4c6721bb2766","path":"/go-app/catalog-credit.js","method":"GET","status_code":200,"duration_ms":1.85}
{"ts":"2026-09-19T05:31:09.603816+00:00","level":"INFO","logger":"httpx","message":"HTTP Request: GET https://testserver/go-app/catalog-credit.js?v=20260907-depth12 \"HTTP/1.1 200 OK\""}
{"ts":"2026-09-19T05:31:09.606374+00:00","level":"INFO","logger":"go.runtime","message":"http_request","request_id":"req_2d0a824df7284421b70b94032b7089a0","trace_id":"tr_b457542084a14ed59be09c3232a38ebd","path":"/go-app/rental-after-sales.js","method":"GET","status_code":200,"duration_ms":1.83}
{"ts":"2026-09-19T05:31:09.606880+00:00","level":"INFO","logger":"httpx","message":"HTTP Request: GET https://testserver/go-app/rental-after-sales.js?v=20260907-depth06 \"HTTP/1.1 200 OK\""}
{"ts":"2026-09-19T05:31:09.609818+00:00","level":"INFO","logger":"go.runtime","message":"http_request","request_id":"req_7bcab9be6ed644b3b2ec95429f34df14","trace_id":"tr_4ad2f475b2834b58878d98187cddb151","path":"/go-app/vault-manager.js","method":"GET","status_code":200,"duration_ms":2.43}
{"ts":"2026-09-19T05:31:09.610374+00:00","level":"INFO","logger":"httpx","message":"HTTP Request: GET https://testserver/go-app/vault-manager.js?v=20260907-depth04 \"HTTP/1.1 200 OK\""}
{"ts":"2026-09-19T05:31:09.612968+00:00","level":"INFO","logger":"go.runtime","message":"http_request","request_id":"req_accaf6a5fb55495f980915b2b0e9ebb5","trace_id":"tr_a80ad4a691254360976a9957af4a0289","path":"/go-app/travel-status.js","method":"GET","status_code":200,"duration_ms":2.11}
{"ts":"2026-09-19T05:31:09.613554+00:00","level":"INFO","logger":"httpx","message":"HTTP Request: GET https://testserver/go-app/travel-status.js?v=20260908-depth19 \"HTTP/1.1 200 OK\""}
{"ts":"2026-09-19T05:31:09.616137+00:00","level":"INFO","logger":"go.runtime","message":"http_request","request_id":"req_c7721bfaa28442b0a3803e963a29a194","trace_id":"tr_bf1f5e057b5d469ea815164506dca612","path":"/go-app/rail-attraction-booking.js","method":"GET","status_code":200,"duration_ms":2.09}
{"ts":"2026-09-19T05:31:09.616713+00:00","level":"INFO","logger":"httpx","message":"HTTP Request: GET https://testserver/go-app/rail-attraction-booking.js?v=20260908-depth20 \"HTTP/1.1 200 OK\""}
FULL_APP_STATIC_ASSETS_OK=49
.
=============================== warnings summary ===============================
../../go-depth-venv/lib/python3.12/site-packages/fastapi/testclient.py:1
  /workspace/scratch/7375eae00ed5/go-depth-venv/lib/python3.12/site-packages/fastapi/testclient.py:1: StarletteDeprecationWarning: Using `httpx` with `starlette.testclient` is deprecated; install `httpx2` instead.
    from starlette.testclient import TestClient as TestClient  # noqa

../../go-depth-venv/lib/python3.12/site-packages/starlette/testclient.py:53
  /workspace/scratch/7375eae00ed5/go-depth-venv/lib/python3.12/site-packages/starlette/testclient.py:53: DeprecationWarning: The anyio.abc.BlockingPortal alias is deprecated, use anyio.from_thread.BlockingPortal instead.
    _PortalFactoryType = Callable[[], AbstractContextManager[anyio.abc.BlockingPortal]]

-- Docs: https://docs.pytest.org/en/stable/how-to/capture-warnings.html
