(node:14) [UNDICI-EHPA] Warning: EnvHttpProxyAgent is experimental, expect them to change at any time.
(Use `node --trace-warnings ...` to show where the warning was created)
✔ HTTP helper retains CSRF together with idempotency header (2.94211ms)
✔ Escape cancels traveler selection without authorizing or creating an order (6.356491ms)
✔ rental consent is bound to the selected traveler, field and purpose (2.653797ms)
✔ payment is cancelled without any checkout mutation (1.508447ms)
✔ a failed confirmed payment stays visible and can be retried (1.618242ms)
✔ cancelling a party selection creates no order or grant (1.73057ms)
✔ a party must contain the exact number of different travelers (1.990801ms)
✔ party confirmation returns only the explicitly selected traveler references (1.487695ms)
✔ party selection cannot submit without confirming adult travelers and purpose (3.04765ms)
(node:15) [UNDICI-EHPA] Warning: EnvHttpProxyAgent is experimental, expect them to change at any time.
(Use `node --trace-warnings ...` to show where the warning was created)
✔ consumer uses locked V14 main and compact artwork with responsive selection (1.906424ms)
✔ supplier and admin share the locked reverse V14 compact lockup (1.412872ms)
✔ all three entry documents advance cache tokens together (0.274913ms)
✔ GO subbrands use V14 geometry with a deliberately recessive GO tier (0.34661ms)
✔ legacy runtime asset names also resolve to locked V14 geometry (0.38641ms)
(node:16) [UNDICI-EHPA] Warning: EnvHttpProxyAgent is experimental, expect them to change at any time.
(Use `node --trace-warnings ...` to show where the warning was created)
✔ cancel review shows every cash component and exact fee basis before submission (21.324792ms)
✔ closing cancel review never sends cancellation or reloads as completed (0.919071ms)
✔ unchecked money confirmation cannot submit a cash action (1.314585ms)
✔ change confirmation keeps paid room value, incremental difference and fee separate (1.292522ms)
✔ cancelled date selection does not request new inventory or a payment (0.802586ms)
✔ displayed quote hash stays bound across asynchronous source mutation (0.972832ms)
✔ unknown supplier progress offers query only and binds the saved operation (1.118751ms)
✔ cancel confirmed and refund pending remain distinct in the customer progress card (0.75188ms)
(node:17) [UNDICI-EHPA] Warning: EnvHttpProxyAgent is experimental, expect them to change at any time.
(Use `node --trace-warnings ...` to show where the warning was created)
✔ credit conversion waits for explicit quoted consent and does not claim an unknown cancellation succeeded (4.35916ms)
✔ canceling traveler selection sends no redemption or automatic identity (1.028866ms)
✔ redemption network retry binds the same quote and explicitly selected traveler (2.392575ms)
✔ unknown booking and pending refund remain distinct from completed credit restoration (0.873703ms)
✔ canceling a supplementary payment dialog re-enables the action (17.081296ms)
✔ conversion separates prior cash refunds and forfeiture from retained credit (1.328015ms)
✔ forfeiture conversion confirmation stays bound to the displayed quote after source object changes (1.146713ms)
✔ credit detail keeps original excluded value visible after redemption changes (1.378331ms)
✔ historical credit without a forfeiture breakdown never renders invalid amounts (1.063258ms)
(node:23) [UNDICI-EHPA] Warning: EnvHttpProxyAgent is experimental, expect them to change at any time.
(Use `node --trace-warnings ...` to show where the warning was created)
✔ fare confirmation separates fee tiers, cooling, change and property credit terms (1.707446ms)
✔ cancelling fare confirmation has no accepted contract (0.696016ms)
✔ accepted hash remains bound to the rules displayed before asynchronous state changes (0.60522ms)
✔ declining hotel rules never selects or authorizes a traveler or creates an order (1.296739ms)
✔ accepted hotel contract is included with selected traveler and stable booking request identity (0.837028ms)
✔ supplier money and percentage inputs use exact minor units (1.097249ms)
(node:34) [UNDICI-EHPA] Warning: EnvHttpProxyAgent is experimental, expect them to change at any time.
(Use `node --trace-warnings ...` to show where the warning was created)
✔ supplier lost-response retry keeps request identity and sends only the claimed cause (3.312698ms)
✔ supplier duplicate clicks while a request is pending cannot create another request (1.100734ms)
✔ unknown supplier cancellation shows approved refund waiting for confirmation, without a resend button (17.043199ms)
(node:35) [UNDICI-EHPA] Warning: EnvHttpProxyAgent is experimental, expect them to change at any time.
(Use `node --trace-warnings ...` to show where the warning was created)
✔ hotel funds distinguish frozen, charged, released and refunded cent amounts (17.633375ms)
✔ only approved pending refunds expose retry and all server labels are escaped (0.613151ms)
✔ unknown funding shows reconciliation instead of a false payment claim (0.649045ms)
✔ trip links only open the exact canonical owned direct-reservation path (0.344598ms)
✔ closing a stay complaint form makes no request (1.306263ms)
✔ complaint retries reuse the same request identity and have no refund approval fields (1.792213ms)
✔ blank complaints and duplicate submission clicks cannot send extra requests (1.354185ms)
(node:63) [UNDICI-EHPA] Warning: EnvHttpProxyAgent is experimental, expect them to change at any time.
(Use `node --trace-warnings ...` to show where the warning was created)
✔ closing hotel authorization leaves funds untouched (1.589719ms)
✔ hotel checkout requires confirmation and binds the complete stay amount (1.109528ms)
✔ a second click cannot create another hotel authorization while the first is pending (0.663267ms)
✔ a failed hotel authorization remains visible and can be retried (0.618209ms)
(node:70) [UNDICI-EHPA] Warning: EnvHttpProxyAgent is experimental, expect them to change at any time.
(Use `node --trace-warnings ...` to show where the warning was created)
✔ conversion clearly shows capture and value and closing does not convert (23.716166ms)
✔ conversion retry keeps original quote, amount and original expiry (2.037342ms)
✔ redemption uses server quote policy and displays forfeiture before consent (1.670019ms)
✔ redemption confirms a fresh traveler and only releases hotel fields (1.834156ms)
✔ double click and Escape cannot duplicate or dismiss pending redemption (5.888869ms)
✔ credit list filters property and disables frozen, expired or reconciliation credits (1.538381ms)
(node:76) [UNDICI-EHPA] Warning: EnvHttpProxyAgent is experimental, expect them to change at any time.
(Use `node --trace-warnings ...` to show where the warning was created)
✔ a cancellation quote never cancels a booking and closing preserves it (22.571445ms)
✔ fee consent binds the server quote and keeps frozen release separate from cash refund (2.067267ms)
✔ interrupted cancellation retry uses exactly the same quote and fee (1.503639ms)
✔ double clicks cannot settle twice while a cancellation is pending (1.2974ms)
✔ unavailable fare actions have no executable buttons and rule text is escaped (1.254495ms)
✔ date changes quote first and require fresh consent after editing dates (2.344333ms)
✔ extension keeps check-in fixed and explains replacement authorization (1.462878ms)
(node:78) [UNDICI-EHPA] Warning: EnvHttpProxyAgent is experimental, expect them to change at any time.
(Use `node --trace-warnings ...` to show where the warning was created)
✔ independent review requires an explicit checked attestation and chosen proof (1.188356ms)
✔ review submits the exact evidence snapshot and no caller-selected money (0.849076ms)
✔ customer sees completed original refund separately from pending extra payment (15.568092ms)
✔ unapproved guest liability is a review hold without a refund promise or pay button (0.357097ms)
✔ zero captured payment explains authorization release and completed case has no retry (0.425169ms)
✔ finance entry converts decimal currency without fractional cents or silent rounding (0.517077ms)
(node:84) [UNDICI-EHPA] Warning: EnvHttpProxyAgent is experimental, expect them to change at any time.
(Use `node --trace-warnings ...` to show where the warning was created)
(node:84) [MODULE_TYPELESS_PACKAGE_JSON] Warning: Module type of file:///workspace/scratch/af00ce8c656d/go-depth29/mobile/go-app/src/domain/tripFacts.ts is not specified and it doesn't parse as CommonJS.
Reparsing as ES module because module syntax was detected. This incurs a performance overhead.
To eliminate this warning, add "type": "module" to /workspace/scratch/af00ce8c656d/go-depth29/mobile/go-app/package.json.
✔ native navigation binds all six verticals to an owned canonical identity (1.815427ms)
✔ native check-in renders each passenger and leg independently (0.5788ms)
✔ missing, stale, duplicate, future or wrong-order check-in evidence is unverified (1.280384ms)
✔ only safe HTTPS links are offered by native travel facts (0.226471ms)
✔ native rental details never request ride tracking (0.336225ms)
✔ ride tracking failure cannot hide the existing ride order (0.260001ms)
✔ tracking and order identity mismatches cannot render another order (0.598209ms)
(node:95) [UNDICI-EHPA] Warning: EnvHttpProxyAgent is experimental, expect them to change at any time.
(Use `node --trace-warnings ...` to show where the warning was created)
✔ rail order preserves party, immutable prebook and original total through payment cancellation (2.299966ms)
✔ attraction order uses the quoted slot, quantity and prebook and shows eligibility (0.435294ms)
✔ cancelling confirmation step 1 never creates an order or payment (0.164728ms)
✔ cancelling confirmation step 2 never creates an order or payment (0.222604ms)
✔ cancelled party selection cannot reach order creation (0.255785ms)
✔ quote that expires during traveler selection cannot create or pay an order (0.598149ms)
✔ missing final consent never creates an order (0.262895ms)
✔ different people are required for every quoted place (0.345188ms)
✔ an uncertain payment still opens the existing order for recovery (0.548224ms)
✔ repeated clicks cannot start a second booking while confirmation is open (0.422205ms)
✔ mismatched total, journey or slot is refused before any traveler consent (0.282124ms)
(node:96) [UNDICI-EHPA] Warning: EnvHttpProxyAgent is experimental, expect them to change at any time.
(Use `node --trace-warnings ...` to show where the warning was created)
✔ cancelling date selection never requests a quote or payment (1.722398ms)
✔ ride changes continue to use their separate workflow (0.562375ms)
✔ viewing a rental quote does not execute the change (0.650487ms)
✔ confirmed refund difference retains its sign and server quote identity (1.177369ms)
✔ unchecked amount consent blocks executing a displayed quote (0.935476ms)
✔ the shared amount formatter preserves cents on confirmation screens (17.265363ms)
(node:110) [UNDICI-EHPA] Warning: EnvHttpProxyAgent is experimental, expect them to change at any time.
(Use `node --trace-warnings ...` to show where the warning was created)
✔ consumer: concurrent expired reads refresh once and preserve namespace (5.482879ms)
✔ consumer: a mutation without idempotency is never replayed after renewal (1.328867ms)
✔ consumer: an idempotent retry retains the original key and body (0.842636ms)
✔ consumer: failed refresh stops without retrying the operation (0.704298ms)
✔ console: concurrent expired reads refresh once and preserve namespace (3.085646ms)
✔ console: a mutation without idempotency is never replayed after renewal (1.66369ms)
✔ console: an idempotent retry retains the original key and body (1.7837ms)
✔ console: failed refresh stops without retrying the operation (0.85833ms)
✔ consumer logout failure preserves account and current page; success clears all private state (1.487906ms)
✔ console logout failure is surfaced instead of silently reporting success (1.415046ms)
✔ console requests work when randomUUID is unavailable in an HTTP preview (1.359213ms)
✔ console login binds the requested account type before establishing a session (1.05807ms)
✔ a changed console actor clears the stale UI and never refreshes or retries (2.224743ms)
✔ consumer: expired access can renew once to revoke its own session (1.521977ms)
✔ console: expired access can renew once to revoke its own session (0.79849ms)
(node:119) [UNDICI-EHPA] Warning: EnvHttpProxyAgent is experimental, expect them to change at any time.
(Use `node --trace-warnings ...` to show where the warning was created)
✔ unverified check-in never exposes links or boarding passes (1.760355ms)
✔ per-traveler boarding pass appears only for the verified pass state (0.75208ms)
✔ invalid URL schemes and credentials do not become customer links (0.950248ms)
✔ unknown fleet outcome clearly separates confirmed and proposed times (0.899652ms)
✔ cancelled tracking confirmation sends no binding mutation (0.693512ms)
✔ checked consent sends exact displayed revision and server authority, never wait overrides (0.71188ms)
✔ missing consent prevents any tracking write (1.000944ms)
✔ no authorized source does not open an unusable confirmation dialog (0.627192ms)
✔ waiting protection is conditional and shows the actual event allowance (1.041225ms)
✔ late check-in response cannot populate a detached screen (7.928112ms)
(node:120) [UNDICI-EHPA] Warning: EnvHttpProxyAgent is experimental, expect them to change at any time.
(Use `node --trace-warnings ...` to show where the warning was created)
✔ HOTEL_CATALOG: reopen the existing order without a new order or payment (2.440717ms)
✔ HOTEL_DIRECT: reopen the existing order without a new order or payment (1.405412ms)
✔ FLIGHT: reopen the existing order without a new order or payment (0.766762ms)
✔ RAIL: reopen the existing order without a new order or payment (0.795736ms)
✔ RIDE: reopen the existing order without a new order or payment (0.709767ms)
✔ RENTAL: reopen the existing order without a new order or payment (0.631369ms)
✔ ATTRACTION: reopen the existing order without a new order or payment (0.756707ms)
✔ untrusted evidence URLs and unsupported identities never select an endpoint (1.03832ms)
✔ card output escapes content and uses current canonical status (1.287254ms)
✔ an order response cannot populate a different order or vertical (1.546023ms)
✔ late order response cannot overwrite a new screen (0.868595ms)
✔ continuing payment re-reads amount and uses the original order only (1.101676ms)
✔ already paid or expired orders cannot invoke payment from a stale card (1.902619ms)
✔ payment timeout reads the same order and never silently resends (0.935605ms)
✔ leaving before the fresh order read prevents a payment dialog (0.788455ms)
✔ real app dispatch uses every existing enriched order renderer (3.786059ms)
(node:121) [UNDICI-EHPA] Warning: EnvHttpProxyAgent is experimental, expect them to change at any time.
(Use `node --trace-warnings ...` to show where the warning was created)
✔ closing permission confirmation sends no permission mutation (2.719006ms)
✔ source disconnect remains explicit and retains server-directed semantics (1.753445ms)
✔ person edit binds the displayed revision and leaves a blank birth date untouched (0.906132ms)
✔ sensitive import inspection happens only after explicit confirmation, with no implicit acceptance (3.965108ms)
✔ untrusted imported content is escaped before display (1.682809ms)
✔ duplicate submits during a pending mutation call the server once (1.193924ms)
✔ import reassignment binds traveler and item revision and does not accept content (1.181095ms)
(node:132) [UNDICI-EHPA] Warning: EnvHttpProxyAgent is experimental, expect them to change at any time.
(Use `node --trace-warnings ...` to show where the warning was created)
✔ RAIL cancellation requires explicit confirmation (1.829288ms)
✔ RAIL response loss still reloads persisted order (0.87881ms)
✔ RAIL paid or uncertain orders cannot open unpaid cancellation (1.782328ms)
✔ ATTRACTION cancellation requires explicit confirmation (0.618139ms)
✔ ATTRACTION response loss still reloads persisted order (0.574263ms)
✔ ATTRACTION paid or uncertain orders cannot open unpaid cancellation (1.671572ms)
(node:143) [UNDICI-EHPA] Warning: EnvHttpProxyAgent is experimental, expect them to change at any time.
(Use `node --trace-warnings ...` to show where the warning was created)
✔ new unpaid reservation displays its frozen UTC deadline (1.412503ms)
✔ legacy orders never receive a fabricated deadline (0.294432ms)
✔ expiry display relies on persisted server state instead of browser clock (0.987253ms)
✔ started and uncertain payment keeps its reservation message (0.231198ms)
(node:154) [UNDICI-EHPA] Warning: EnvHttpProxyAgent is experimental, expect them to change at any time.
(Use `node --trace-warnings ...` to show where the warning was created)
✔ RAIL: opening recovery does not send a refund until confirmed (2.866727ms)
✔ RAIL: failed response still reloads persisted order state (0.903026ms)
✔ ATTRACTION: opening recovery does not send a refund until confirmed (0.887453ms)
✔ ATTRACTION: failed response still reloads persisted order state (0.763998ms)
✔ busy recovery gives a customer message and refreshes the existing order (0.750698ms)
✔ rail interrupted change confirms the original quote instead of creating another (0.985531ms)
ℹ tests 158
ℹ suites 0
ℹ pass 158
ℹ fail 0
ℹ cancelled 0
ℹ skipped 0
ℹ todo 0
ℹ duration_ms 328.606189
