(node:15) [UNDICI-EHPA] Warning: EnvHttpProxyAgent is experimental, expect them to change at any time.
(Use `node --trace-warnings ...` to show where the warning was created)
✔ HTTP helper retains CSRF together with idempotency header (2.04262ms)
✔ Escape cancels traveler selection without authorizing or creating an order (4.278119ms)
✔ rental consent is bound to the selected traveler, field and purpose (1.930171ms)
✔ payment is cancelled without any checkout mutation (1.185331ms)
✔ a failed confirmed payment stays visible and can be retried (1.57686ms)
✔ cancelling a party selection creates no order or grant (1.086933ms)
✔ a party must contain the exact number of different travelers (1.612163ms)
✔ party confirmation returns only the explicitly selected traveler references (1.147094ms)
✔ party selection cannot submit without confirming adult travelers and purpose (2.146024ms)
(node:16) [UNDICI-EHPA] Warning: EnvHttpProxyAgent is experimental, expect them to change at any time.
(Use `node --trace-warnings ...` to show where the warning was created)
✔ consumer uses locked V14 main and compact artwork with responsive selection (1.392843ms)
✔ supplier and admin share the locked reverse V14 compact lockup (0.991279ms)
✔ all three entry documents advance cache tokens together (0.247442ms)
✔ GO subbrands use V14 geometry with a deliberately recessive GO tier (0.339711ms)
✔ legacy runtime asset names also resolve to locked V14 geometry (0.3528ms)
(node:17) [UNDICI-EHPA] Warning: EnvHttpProxyAgent is experimental, expect them to change at any time.
(Use `node --trace-warnings ...` to show where the warning was created)
✔ cancel review shows every cash component and exact fee basis before submission (15.012269ms)
✔ closing cancel review never sends cancellation or reloads as completed (0.697268ms)
✔ unchecked money confirmation cannot submit a cash action (0.968295ms)
✔ change confirmation keeps paid room value, incremental difference and fee separate (0.81837ms)
✔ cancelled date selection does not request new inventory or a payment (0.61175ms)
✔ displayed quote hash stays bound across asynchronous source mutation (0.656517ms)
✔ unknown supplier progress offers query only and binds the saved operation (0.921925ms)
✔ cancel confirmed and refund pending remain distinct in the customer progress card (0.560011ms)
(node:23) [UNDICI-EHPA] Warning: EnvHttpProxyAgent is experimental, expect them to change at any time.
(Use `node --trace-warnings ...` to show where the warning was created)
✔ credit conversion waits for explicit quoted consent and does not claim an unknown cancellation succeeded (2.624013ms)
✔ canceling traveler selection sends no redemption or automatic identity (0.841324ms)
✔ redemption network retry binds the same quote and explicitly selected traveler (2.133706ms)
✔ unknown booking and pending refund remain distinct from completed credit restoration (0.712551ms)
✔ canceling a supplementary payment dialog re-enables the action (12.425732ms)
✔ conversion separates prior cash refunds and forfeiture from retained credit (0.939782ms)
✔ forfeiture conversion confirmation stays bound to the displayed quote after source object changes (0.794213ms)
✔ credit detail keeps original excluded value visible after redemption changes (0.804549ms)
✔ historical credit without a forfeiture breakdown never renders invalid amounts (0.999482ms)
(node:29) [UNDICI-EHPA] Warning: EnvHttpProxyAgent is experimental, expect them to change at any time.
(Use `node --trace-warnings ...` to show where the warning was created)
✔ fare confirmation separates fee tiers, cooling, change and property credit terms (2.859677ms)
✔ cancelling fare confirmation has no accepted contract (0.882846ms)
✔ accepted hash remains bound to the rules displayed before asynchronous state changes (0.918711ms)
✔ declining hotel rules never selects or authorizes a traveler or creates an order (1.766635ms)
✔ accepted hotel contract is included with selected traveler and stable booking request identity (1.101325ms)
✔ supplier money and percentage inputs use exact minor units (1.075005ms)
(node:30) [UNDICI-EHPA] Warning: EnvHttpProxyAgent is experimental, expect them to change at any time.
(Use `node --trace-warnings ...` to show where the warning was created)
✔ supplier lost-response retry keeps request identity and sends only the claimed cause (3.444166ms)
✔ supplier duplicate clicks while a request is pending cannot create another request (1.136357ms)
✔ unknown supplier cancellation shows approved refund waiting for confirmation, without a resend button (16.36397ms)
(node:32) [UNDICI-EHPA] Warning: EnvHttpProxyAgent is experimental, expect them to change at any time.
(Use `node --trace-warnings ...` to show where the warning was created)
✔ hotel funds distinguish frozen, charged, released and refunded cent amounts (16.452172ms)
✔ only approved pending refunds expose retry and all server labels are escaped (0.510137ms)
✔ unknown funding shows reconciliation instead of a false payment claim (0.635685ms)
✔ trip links only open the exact canonical owned direct-reservation path (0.311488ms)
✔ closing a stay complaint form makes no request (1.221756ms)
✔ complaint retries reuse the same request identity and have no refund approval fields (1.845293ms)
✔ blank complaints and duplicate submission clicks cannot send extra requests (0.965671ms)
(node:64) [UNDICI-EHPA] Warning: EnvHttpProxyAgent is experimental, expect them to change at any time.
(Use `node --trace-warnings ...` to show where the warning was created)
✔ closing hotel authorization leaves funds untouched (1.786164ms)
✔ hotel checkout requires confirmation and binds the complete stay amount (1.243298ms)
✔ a second click cannot create another hotel authorization while the first is pending (0.695145ms)
✔ a failed hotel authorization remains visible and can be retried (0.604218ms)
(node:70) [UNDICI-EHPA] Warning: EnvHttpProxyAgent is experimental, expect them to change at any time.
(Use `node --trace-warnings ...` to show where the warning was created)
✔ conversion clearly shows capture and value and closing does not convert (18.769585ms)
✔ conversion retry keeps original quote, amount and original expiry (1.524391ms)
✔ redemption uses server quote policy and displays forfeiture before consent (1.06424ms)
✔ redemption confirms a fresh traveler and only releases hotel fields (1.358942ms)
✔ double click and Escape cannot duplicate or dismiss pending redemption (4.01324ms)
✔ credit list filters property and disables frozen, expired or reconciliation credits (1.034816ms)
(node:77) [UNDICI-EHPA] Warning: EnvHttpProxyAgent is experimental, expect them to change at any time.
(Use `node --trace-warnings ...` to show where the warning was created)
✔ a cancellation quote never cancels a booking and closing preserves it (16.88249ms)
✔ fee consent binds the server quote and keeps frozen release separate from cash refund (1.47722ms)
✔ interrupted cancellation retry uses exactly the same quote and fee (1.101305ms)
✔ double clicks cannot settle twice while a cancellation is pending (0.926903ms)
✔ unavailable fare actions have no executable buttons and rule text is escaped (0.914384ms)
✔ date changes quote first and require fresh consent after editing dates (2.15641ms)
✔ extension keeps check-in fixed and explains replacement authorization (1.15112ms)
(node:79) [UNDICI-EHPA] Warning: EnvHttpProxyAgent is experimental, expect them to change at any time.
(Use `node --trace-warnings ...` to show where the warning was created)
✔ independent review requires an explicit checked attestation and chosen proof (1.024209ms)
✔ review submits the exact evidence snapshot and no caller-selected money (0.638109ms)
✔ customer sees completed original refund separately from pending extra payment (11.580362ms)
✔ unapproved guest liability is a review hold without a refund promise or pay button (0.234522ms)
✔ zero captured payment explains authorization release and completed case has no retry (0.318459ms)
✔ finance entry converts decimal currency without fractional cents or silent rounding (0.365008ms)
(node:85) [UNDICI-EHPA] Warning: EnvHttpProxyAgent is experimental, expect them to change at any time.
(Use `node --trace-warnings ...` to show where the warning was created)
✔ rail order preserves party, immutable prebook and original total through payment cancellation (2.588059ms)
✔ attraction order uses the quoted slot, quantity and prebook and shows eligibility (0.456636ms)
✔ cancelling confirmation step 1 never creates an order or payment (0.276506ms)
✔ cancelling confirmation step 2 never creates an order or payment (0.300682ms)
✔ cancelled party selection cannot reach order creation (0.262554ms)
✔ quote that expires during traveler selection cannot create or pay an order (0.576787ms)
✔ missing final consent never creates an order (0.268944ms)
✔ different people are required for every quoted place (0.410517ms)
✔ an uncertain payment still opens the existing order for recovery (0.566821ms)
✔ repeated clicks cannot start a second booking while confirmation is open (0.389175ms)
✔ mismatched total, journey or slot is refused before any traveler consent (0.281553ms)
(node:91) [UNDICI-EHPA] Warning: EnvHttpProxyAgent is experimental, expect them to change at any time.
(Use `node --trace-warnings ...` to show where the warning was created)
✔ cancelling date selection never requests a quote or payment (1.595928ms)
✔ ride changes continue to use their separate workflow (0.751819ms)
✔ viewing a rental quote does not execute the change (0.704148ms)
✔ confirmed refund difference retains its sign and server quote identity (1.225712ms)
✔ unchecked amount consent blocks executing a displayed quote (1.049126ms)
✔ the shared amount formatter preserves cents on confirmation screens (13.057351ms)
(node:97) [UNDICI-EHPA] Warning: EnvHttpProxyAgent is experimental, expect them to change at any time.
(Use `node --trace-warnings ...` to show where the warning was created)
✔ consumer: concurrent expired reads refresh once and preserve namespace (4.848236ms)
✔ consumer: a mutation without idempotency is never replayed after renewal (1.026683ms)
✔ consumer: an idempotent retry retains the original key and body (0.771539ms)
✔ consumer: failed refresh stops without retrying the operation (0.828835ms)
✔ console: concurrent expired reads refresh once and preserve namespace (2.330182ms)
✔ console: a mutation without idempotency is never replayed after renewal (0.69907ms)
✔ console: an idempotent retry retains the original key and body (0.791339ms)
✔ console: failed refresh stops without retrying the operation (0.544187ms)
✔ consumer logout failure preserves account and current page; success clears all private state (0.963598ms)
✔ console logout failure is surfaced instead of silently reporting success (1.233373ms)
✔ console requests work when randomUUID is unavailable in an HTTP preview (1.119482ms)
✔ console login binds the requested account type before establishing a session (0.891149ms)
✔ a changed console actor clears the stale UI and never refreshes or retries (2.3957ms)
✔ consumer: expired access can renew once to revoke its own session (1.658232ms)
✔ console: expired access can renew once to revoke its own session (0.540923ms)
(node:113) [UNDICI-EHPA] Warning: EnvHttpProxyAgent is experimental, expect them to change at any time.
(Use `node --trace-warnings ...` to show where the warning was created)
✔ unverified check-in never exposes links or boarding passes (1.895268ms)
✔ per-traveler boarding pass appears only for the verified pass state (0.756707ms)
✔ invalid URL schemes and credentials do not become customer links (0.857378ms)
✔ unknown fleet outcome clearly separates confirmed and proposed times (0.741875ms)
✔ cancelled tracking confirmation sends no binding mutation (0.780944ms)
✔ checked consent sends exact displayed revision and server authority, never wait overrides (0.720713ms)
✔ missing consent prevents any tracking write (0.947754ms)
✔ no authorized source does not open an unusable confirmation dialog (0.684539ms)
✔ waiting protection is conditional and shows the actual event allowance (0.71222ms)
✔ late check-in response cannot populate a detached screen (7.955945ms)
(node:120) [UNDICI-EHPA] Warning: EnvHttpProxyAgent is experimental, expect them to change at any time.
(Use `node --trace-warnings ...` to show where the warning was created)
✔ HOTEL_CATALOG: reopen the existing order without a new order or payment (1.800385ms)
✔ HOTEL_DIRECT: reopen the existing order without a new order or payment (1.019823ms)
✔ FLIGHT: reopen the existing order without a new order or payment (0.868314ms)
✔ RAIL: reopen the existing order without a new order or payment (0.553862ms)
✔ RIDE: reopen the existing order without a new order or payment (0.469956ms)
✔ RENTAL: reopen the existing order without a new order or payment (0.51187ms)
✔ ATTRACTION: reopen the existing order without a new order or payment (0.496246ms)
✔ untrusted evidence URLs and unsupported identities never select an endpoint (0.882717ms)
✔ card output escapes content and uses current canonical status (0.759281ms)
✔ an order response cannot populate a different order or vertical (1.13099ms)
✔ late order response cannot overwrite a new screen (0.594373ms)
✔ continuing payment re-reads amount and uses the original order only (0.631779ms)
✔ already paid or expired orders cannot invoke payment from a stale card (1.230659ms)
✔ payment timeout reads the same order and never silently resends (0.611769ms)
✔ leaving before the fresh order read prevents a payment dialog (0.457207ms)
✔ real app dispatch uses every existing enriched order renderer (2.782ms)
(node:126) [UNDICI-EHPA] Warning: EnvHttpProxyAgent is experimental, expect them to change at any time.
(Use `node --trace-warnings ...` to show where the warning was created)
✔ closing permission confirmation sends no permission mutation (2.495029ms)
✔ source disconnect remains explicit and retains server-directed semantics (1.680735ms)
✔ person edit binds the displayed revision and leaves a blank birth date untouched (0.823157ms)
✔ sensitive import inspection happens only after explicit confirmation, with no implicit acceptance (3.585929ms)
✔ untrusted imported content is escaped before display (1.421176ms)
✔ duplicate submits during a pending mutation call the server once (1.022837ms)
✔ import reassignment binds traveler and item revision and does not accept content (1.104459ms)
(node:128) [UNDICI-EHPA] Warning: EnvHttpProxyAgent is experimental, expect them to change at any time.
(Use `node --trace-warnings ...` to show where the warning was created)
✔ RAIL cancellation requires explicit confirmation (2.740739ms)
✔ RAIL response loss still reloads persisted order (1.168536ms)
✔ RAIL paid or uncertain orders cannot open unpaid cancellation (1.998603ms)
✔ ATTRACTION cancellation requires explicit confirmation (0.859672ms)
✔ ATTRACTION response loss still reloads persisted order (0.531759ms)
✔ ATTRACTION paid or uncertain orders cannot open unpaid cancellation (1.873765ms)
(node:129) [UNDICI-EHPA] Warning: EnvHttpProxyAgent is experimental, expect them to change at any time.
(Use `node --trace-warnings ...` to show where the warning was created)
✔ new unpaid reservation displays its frozen UTC deadline (1.357109ms)
✔ legacy orders never receive a fabricated deadline (0.201182ms)
✔ expiry display relies on persisted server state instead of browser clock (0.125068ms)
✔ started and uncertain payment keeps its reservation message (0.112449ms)
(node:141) [UNDICI-EHPA] Warning: EnvHttpProxyAgent is experimental, expect them to change at any time.
(Use `node --trace-warnings ...` to show where the warning was created)
✔ RAIL: opening recovery does not send a refund until confirmed (3.092978ms)
✔ RAIL: failed response still reloads persisted order state (0.964159ms)
✔ ATTRACTION: opening recovery does not send a refund until confirmed (0.768165ms)
✔ ATTRACTION: failed response still reloads persisted order state (0.640072ms)
✔ busy recovery gives a customer message and refreshes the existing order (0.644097ms)
✔ rail interrupted change confirms the original quote instead of creating another (0.759771ms)
ℹ tests 151
ℹ suites 0
ℹ pass 151
ℹ fail 0
ℹ cancelled 0
ℹ skipped 0
ℹ todo 0
ℹ duration_ms 289.609984
