2026-09-18T03:07:00.6741007Z Current runner version: '2.337.0'
2026-09-18T03:07:00.6779537Z ##[group]Runner Image Provisioner
2026-09-18T03:07:00.6780714Z Hosted Compute Agent
2026-09-18T03:07:00.6781797Z Version: 20260828.587
2026-09-18T03:07:00.6782770Z Commit: abac92662cab4cc7352de4f9f9d2e2419aad9c29
2026-09-18T03:07:00.6783980Z Build Date: 2026-08-28T16:44:25Z
2026-09-18T03:07:00.6785073Z Worker ID: {98950990-b8fc-493f-8d3c-4f18f93b2003}
2026-09-18T03:07:00.6786162Z Azure Region: centralus
2026-09-18T03:07:00.6807542Z ##[endgroup]
2026-09-18T03:07:00.6810185Z ##[group]Operating System
2026-09-18T03:07:00.6811270Z Ubuntu
2026-09-18T03:07:00.6812101Z 24.04.5
2026-09-18T03:07:00.6812883Z LTS
2026-09-18T03:07:00.6813746Z ##[endgroup]
2026-09-18T03:07:00.6814703Z ##[group]Runner Image
2026-09-18T03:07:00.6815701Z Image: ubuntu-24.04
2026-09-18T03:07:00.6816608Z Version: 20260907.300.1
2026-09-18T03:07:00.6818956Z Included Software: https://github.com/actions/runner-images/blob/ubuntu24/20260907.300/images/ubuntu/Ubuntu2404-Readme.md
2026-09-18T03:07:00.6821626Z Image Release: https://github.com/actions/runner-images/releases/tag/ubuntu24%2F20260907.300
2026-09-18T03:07:00.6823327Z ##[endgroup]
2026-09-18T03:07:00.6825332Z ##[group]GITHUB_TOKEN Permissions
2026-09-18T03:07:00.6848943Z Contents: read
2026-09-18T03:07:00.6849872Z Metadata: read
2026-09-18T03:07:00.6850744Z ##[endgroup]
2026-09-18T03:07:00.6854254Z Secret source: Actions
2026-09-18T03:07:00.6855685Z Cache mode: write
2026-09-18T03:07:00.6857463Z Prepare workflow directory
2026-09-18T03:07:00.8134805Z Prepare all required actions
2026-09-18T03:07:00.8289689Z Getting action download info
2026-09-18T03:07:01.1038016Z Download action repository 'actions/checkout@v4' (SHA:11d5960a326750d5838078e36cf38b85af677262)
2026-09-18T03:07:01.1978812Z Download action repository 'actions/setup-python@v5' (SHA:a26af69be951a213d495a4c3e4e4022e16d87065)
2026-09-18T03:07:01.2870688Z Download action repository 'actions/upload-artifact@v4' (SHA:ea165f8d65b6e75b540449e92b4886f43607fa02)
2026-09-18T03:07:01.5203736Z Complete job name: acceptance
2026-09-18T03:07:01.5714823Z ##[group]Checking docker version
2026-09-18T03:07:01.5727798Z ##[command]/usr/bin/docker version --format '{{.Server.APIVersion}}'
2026-09-18T03:07:01.6364289Z '1.48'
2026-09-18T03:07:01.6377513Z Docker daemon API version: '1.48'
2026-09-18T03:07:01.6378413Z ##[command]/usr/bin/docker version --format '{{.Client.APIVersion}}'
2026-09-18T03:07:01.6583538Z '1.48'
2026-09-18T03:07:01.6588287Z Docker client API version: '1.48'
2026-09-18T03:07:01.6598519Z ##[endgroup]
2026-09-18T03:07:01.6603192Z ##[group]Clean up resources from previous jobs
2026-09-18T03:07:01.6610507Z ##[command]/usr/bin/docker ps --all --quiet --no-trunc --filter "label=e189b5"
2026-09-18T03:07:01.6839597Z ##[command]/usr/bin/docker network prune --force --filter "label=e189b5"
2026-09-18T03:07:01.7112520Z ##[endgroup]
2026-09-18T03:07:01.7113062Z ##[group]Create local container network
2026-09-18T03:07:01.7135337Z ##[command]/usr/bin/docker network create --label e189b5 github_network_7cee82d0fbc44836badf31d426fe9efe
2026-09-18T03:07:01.7906071Z 36de459204c43a81f99adce14a34d5cf3405dc0946b406aaf295e414e71ff34b
2026-09-18T03:07:01.7924002Z ##[endgroup]
2026-09-18T03:07:01.7950387Z ##[group]Starting postgres service container
2026-09-18T03:07:01.7971559Z ##[command]/usr/bin/docker pull postgres:18.4
2026-09-18T03:07:02.3785641Z 18.4: Pulling from library/postgres
2026-09-18T03:07:02.5242534Z 26c307b5e35a: Pulling fs layer
2026-09-18T03:07:02.5243697Z 5db2b7edf527: Pulling fs layer
2026-09-18T03:07:02.5244635Z 130549402290: Pulling fs layer
2026-09-18T03:07:02.5245545Z 8241f4a14319: Pulling fs layer
2026-09-18T03:07:02.5246517Z a4dcdc0137d7: Pulling fs layer
2026-09-18T03:07:02.5247680Z d1052e262c2e: Pulling fs layer
2026-09-18T03:07:02.5248623Z 39762d0b4bb2: Pulling fs layer
2026-09-18T03:07:02.5249576Z 38639b9be6a6: Pulling fs layer
2026-09-18T03:07:02.5250958Z 4e6c52c74256: Pulling fs layer
2026-09-18T03:07:02.5251953Z f51baa0c6c0d: Pulling fs layer
2026-09-18T03:07:02.5253583Z 88bb22edda9b: Pulling fs layer
2026-09-18T03:07:02.5254698Z f7d54729e84b: Pulling fs layer
2026-09-18T03:07:02.5255772Z f90dd111f2e5: Pulling fs layer
2026-09-18T03:07:02.5256783Z 8241f4a14319: Waiting
2026-09-18T03:07:02.5263006Z a4dcdc0137d7: Waiting
2026-09-18T03:07:02.5263991Z 39762d0b4bb2: Waiting
2026-09-18T03:07:02.5264885Z 38639b9be6a6: Waiting
2026-09-18T03:07:02.5265770Z 4e6c52c74256: Waiting
2026-09-18T03:07:02.5266689Z f51baa0c6c0d: Waiting
2026-09-18T03:07:02.5267947Z 88bb22edda9b: Waiting
2026-09-18T03:07:02.5268879Z f7d54729e84b: Waiting
2026-09-18T03:07:02.5269744Z f90dd111f2e5: Waiting
2026-09-18T03:07:02.5270623Z d1052e262c2e: Waiting
2026-09-18T03:07:02.6861853Z 5db2b7edf527: Verifying Checksum
2026-09-18T03:07:02.6862848Z 5db2b7edf527: Download complete
2026-09-18T03:07:02.8510550Z 130549402290: Verifying Checksum
2026-09-18T03:07:02.8512322Z 130549402290: Download complete
2026-09-18T03:07:02.9454061Z 8241f4a14319: Verifying Checksum
2026-09-18T03:07:02.9456202Z 8241f4a14319: Download complete
2026-09-18T03:07:02.9562999Z 26c307b5e35a: Verifying Checksum
2026-09-18T03:07:02.9571700Z 26c307b5e35a: Download complete
2026-09-18T03:07:03.0813271Z 39762d0b4bb2: Verifying Checksum
2026-09-18T03:07:03.0814943Z 39762d0b4bb2: Download complete
2026-09-18T03:07:03.1388199Z d1052e262c2e: Verifying Checksum
2026-09-18T03:07:03.1390467Z d1052e262c2e: Download complete
2026-09-18T03:07:03.1558977Z a4dcdc0137d7: Verifying Checksum
2026-09-18T03:07:03.1568668Z a4dcdc0137d7: Download complete
2026-09-18T03:07:03.2348560Z 38639b9be6a6: Verifying Checksum
2026-09-18T03:07:03.2358197Z 38639b9be6a6: Download complete
2026-09-18T03:07:03.3279852Z f51baa0c6c0d: Verifying Checksum
2026-09-18T03:07:03.3296340Z f51baa0c6c0d: Download complete
2026-09-18T03:07:03.3837801Z 88bb22edda9b: Verifying Checksum
2026-09-18T03:07:03.3839225Z 88bb22edda9b: Download complete
2026-09-18T03:07:03.4853448Z f7d54729e84b: Verifying Checksum
2026-09-18T03:07:03.4856228Z f7d54729e84b: Download complete
2026-09-18T03:07:03.5588357Z f90dd111f2e5: Verifying Checksum
2026-09-18T03:07:03.5589306Z f90dd111f2e5: Download complete
2026-09-18T03:07:03.9893250Z 4e6c52c74256: Verifying Checksum
2026-09-18T03:07:03.9898544Z 4e6c52c74256: Download complete
2026-09-18T03:07:04.4494889Z 26c307b5e35a: Pull complete
2026-09-18T03:07:07.6258680Z 5db2b7edf527: Pull complete
2026-09-18T03:07:07.8448521Z 130549402290: Pull complete
2026-09-18T03:07:07.8964520Z 8241f4a14319: Pull complete
2026-09-18T03:07:08.2544099Z a4dcdc0137d7: Pull complete
2026-09-18T03:07:08.3473900Z d1052e262c2e: Pull complete
2026-09-18T03:07:08.3551500Z 39762d0b4bb2: Pull complete
2026-09-18T03:07:08.3645511Z 38639b9be6a6: Pull complete
2026-09-18T03:07:12.9160075Z 4e6c52c74256: Pull complete
2026-09-18T03:07:12.9337865Z f51baa0c6c0d: Pull complete
2026-09-18T03:07:12.9483044Z 88bb22edda9b: Pull complete
2026-09-18T03:07:12.9606789Z f7d54729e84b: Pull complete
2026-09-18T03:07:12.9692357Z f90dd111f2e5: Pull complete
2026-09-18T03:07:12.9730119Z Digest: sha256:a02db8cac496f15b094798a38254f14d6e00741f709360e5e00bb6668ea31636
2026-09-18T03:07:12.9742629Z Status: Downloaded newer image for postgres:18.4
2026-09-18T03:07:12.9753904Z docker.io/library/postgres:18.4
2026-09-18T03:07:12.9830993Z ##[command]/usr/bin/docker create --name fcde3b387e7949aaa4438704f8a6fd1b_postgres184_de8776 --label e189b5 --network github_network_7cee82d0fbc44836badf31d426fe9efe --network-alias postgres -p 5432:5432 --health-cmd "pg_isready -U go_ci -d go_catalog_scope_ci" --health-interval 5s --health-timeout 5s --health-retries 20 -e "POSTGRES_DB=go_catalog_scope_ci" -e "POSTGRES_USER=go_ci" -e "POSTGRES_PASSWORD=isolated_ci_only" -e GITHUB_ACTIONS=true -e CI=true postgres:18.4
2026-09-18T03:07:13.0090348Z b8e991222a6f92b2039c18c6a809e51daed3ec7c8b7ef1f1f8df8f62d9e7a332
2026-09-18T03:07:13.0113718Z ##[command]/usr/bin/docker start b8e991222a6f92b2039c18c6a809e51daed3ec7c8b7ef1f1f8df8f62d9e7a332
2026-09-18T03:07:13.2532380Z b8e991222a6f92b2039c18c6a809e51daed3ec7c8b7ef1f1f8df8f62d9e7a332
2026-09-18T03:07:13.2572908Z ##[command]/usr/bin/docker ps --all --filter id=b8e991222a6f92b2039c18c6a809e51daed3ec7c8b7ef1f1f8df8f62d9e7a332 --filter status=running --no-trunc --format "{{.ID}} {{.Status}}"
2026-09-18T03:07:13.2768489Z b8e991222a6f92b2039c18c6a809e51daed3ec7c8b7ef1f1f8df8f62d9e7a332 Up Less than a second (health: starting)
2026-09-18T03:07:13.2782334Z ##[command]/usr/bin/docker port b8e991222a6f92b2039c18c6a809e51daed3ec7c8b7ef1f1f8df8f62d9e7a332
2026-09-18T03:07:13.2988107Z 5432/tcp -> 0.0.0.0:5432
2026-09-18T03:07:13.3005724Z 5432/tcp -> [::]:5432
2026-09-18T03:07:13.3046279Z ##[endgroup]
2026-09-18T03:07:13.3055519Z ##[group]Waiting for all services to be ready
2026-09-18T03:07:13.3079418Z ##[command]/usr/bin/docker inspect --format="{{if .Config.Healthcheck}}{{print .State.Health.Status}}{{end}}" b8e991222a6f92b2039c18c6a809e51daed3ec7c8b7ef1f1f8df8f62d9e7a332
2026-09-18T03:07:13.3271975Z starting
2026-09-18T03:07:13.3298273Z postgres service is starting, waiting 2 seconds before checking again.
2026-09-18T03:07:15.3308620Z ##[command]/usr/bin/docker inspect --format="{{if .Config.Healthcheck}}{{print .State.Health.Status}}{{end}}" b8e991222a6f92b2039c18c6a809e51daed3ec7c8b7ef1f1f8df8f62d9e7a332
2026-09-18T03:07:15.3449489Z starting
2026-09-18T03:07:15.3462223Z postgres service is starting, waiting 3 seconds before checking again.
2026-09-18T03:07:19.1735990Z ##[command]/usr/bin/docker inspect --format="{{if .Config.Healthcheck}}{{print .State.Health.Status}}{{end}}" b8e991222a6f92b2039c18c6a809e51daed3ec7c8b7ef1f1f8df8f62d9e7a332
2026-09-18T03:07:19.1877540Z healthy
2026-09-18T03:07:19.1896375Z postgres service is healthy.
2026-09-18T03:07:19.1897413Z ##[endgroup]
2026-09-18T03:07:19.2250788Z Node 20 is being deprecated. This workflow is running with Node 24 by default. If you need to temporarily use Node 20, you can set the ACTIONS_ALLOW_USE_UNSECURE_NODE_VERSION=true environment variable. For more information see: https://github.blog/changelog/2025-09-19-deprecation-of-node-20-on-github-actions-runners/
2026-09-18T03:07:19.2258736Z ##[group]Run actions/checkout@v4
2026-09-18T03:07:19.2259134Z with:
2026-09-18T03:07:19.2259364Z   persist-credentials: false
2026-09-18T03:07:19.2259651Z   repository: yuguangzhi3836-glitch/GO
2026-09-18T03:07:19.2262390Z   token: ***
2026-09-18T03:07:19.2262615Z   ssh-strict: true
2026-09-18T03:07:19.2262831Z   ssh-user: git
2026-09-18T03:07:19.2263035Z   clean: true
2026-09-18T03:07:19.2263259Z   sparse-checkout-cone-mode: true
2026-09-18T03:07:19.2263523Z   fetch-depth: 1
2026-09-18T03:07:19.2263735Z   fetch-tags: false
2026-09-18T03:07:19.2263951Z   show-progress: true
2026-09-18T03:07:19.2264163Z   lfs: false
2026-09-18T03:07:19.2264409Z   submodules: false
2026-09-18T03:07:19.2264634Z   set-safe-directory: true
2026-09-18T03:07:19.2264886Z   allow-unsafe-pr-checkout: false
2026-09-18T03:07:19.2265274Z env:
2026-09-18T03:07:19.2265480Z   PYTHONDONTWRITEBYTECODE: 1
2026-09-18T03:07:19.2265724Z   APP_ENV: test
2026-09-18T03:07:19.2266321Z   CATALOG_SCOPE_TEST_DATABASE_URL: ***127.0.0.1:5432/go_catalog_scope_ci
2026-09-18T03:07:19.2266698Z ##[endgroup]
2026-09-18T03:07:19.3432324Z Syncing repository: yuguangzhi3836-glitch/GO
2026-09-18T03:07:19.3434155Z ##[group]Getting Git version info
2026-09-18T03:07:19.3434665Z Working directory is '/home/runner/work/GO/GO'
2026-09-18T03:07:19.3435465Z [command]/usr/bin/git version
2026-09-18T03:07:19.3562333Z git version 2.55.0
2026-09-18T03:07:19.3614884Z ##[endgroup]
2026-09-18T03:07:19.3662876Z Temporarily overriding HOME='/home/runner/work/_temp/e22e0cee-dcaa-44fb-9b73-62beb47b53d6' before making global git config changes
2026-09-18T03:07:19.3683549Z Adding repository directory to the temporary git global config as a safe directory
2026-09-18T03:07:19.3707788Z [command]/usr/bin/git config --global --add safe.directory /home/runner/work/GO/GO
2026-09-18T03:07:19.3747718Z Deleting the contents of '/home/runner/work/GO/GO'
2026-09-18T03:07:19.3768165Z ##[group]Initializing the repository
2026-09-18T03:07:19.3769063Z [command]/usr/bin/git init /home/runner/work/GO/GO
2026-09-18T03:07:19.3790867Z hint: Using 'master' as the name for the initial branch. This default branch name
2026-09-18T03:07:19.3794594Z hint: will change to "main" in Git 3.0. To configure the initial branch name
2026-09-18T03:07:19.3818026Z hint: to use in all of your new repositories, which will suppress this warning,
2026-09-18T03:07:19.3837612Z hint: call:
2026-09-18T03:07:19.3850331Z hint:
2026-09-18T03:07:19.3851009Z hint: 	git config --global init.defaultBranch <name>
2026-09-18T03:07:19.3851679Z hint:
2026-09-18T03:07:19.3852292Z hint: Names commonly chosen instead of 'master' are 'main', 'trunk' and
2026-09-18T03:07:19.3853269Z hint: 'development'. The just-created branch can be renamed via this command:
2026-09-18T03:07:19.3871817Z hint:
2026-09-18T03:07:19.3894466Z hint: 	git branch -m <name>
2026-09-18T03:07:19.3900499Z hint:
2026-09-18T03:07:19.3901312Z hint: Disable this message with "git config set advice.defaultBranchName false"
2026-09-18T03:07:19.3902362Z Initialized empty Git repository in /home/runner/work/GO/GO/.git/
2026-09-18T03:07:19.3927889Z [command]/usr/bin/git remote add origin https://github.com/yuguangzhi3836-glitch/GO
2026-09-18T03:07:19.3943743Z ##[endgroup]
2026-09-18T03:07:19.3944550Z ##[group]Disabling automatic garbage collection
2026-09-18T03:07:19.3945308Z [command]/usr/bin/git config --local gc.auto 0
2026-09-18T03:07:19.3988377Z ##[endgroup]
2026-09-18T03:07:19.4008063Z ##[group]Setting up auth
2026-09-18T03:07:19.4027896Z [command]/usr/bin/git config --local --name-only --get-regexp core\.sshCommand
2026-09-18T03:07:19.4068595Z [command]/usr/bin/git submodule foreach --recursive sh -c "git config --local --name-only --get-regexp 'core\.sshCommand' && git config --local --unset-all 'core.sshCommand' || :"
2026-09-18T03:07:19.4458807Z [command]/usr/bin/git config --local --name-only --get-regexp http\.https\:\/\/github\.com\/\.extraheader
2026-09-18T03:07:19.4518920Z [command]/usr/bin/git submodule foreach --recursive sh -c "git config --local --name-only --get-regexp 'http\.https\:\/\/github\.com\/\.extraheader' && git config --local --unset-all 'http.https://github.com/.extraheader' || :"
2026-09-18T03:07:19.4866037Z [command]/usr/bin/git config --local --name-only --get-regexp ^includeIf\.gitdir:
2026-09-18T03:07:19.4918392Z [command]/usr/bin/git submodule foreach --recursive git config --local --show-origin --name-only --get-regexp remote.origin.url
2026-09-18T03:07:19.5195354Z [command]/usr/bin/git config --local http.https://github.com/.extraheader AUTHORIZATION: basic ***
2026-09-18T03:07:19.5255660Z ##[endgroup]
2026-09-18T03:07:19.5268168Z ##[group]Fetching the repository
2026-09-18T03:07:19.5269995Z [command]/usr/bin/git -c protocol.version=2 fetch --no-tags --prune --no-recurse-submodules --depth=1 origin +f827a3aefd95fd95dedb2bd2ecc93ae01111ea90:refs/remotes/origin/fix/aoluguya-contact-email-20260918
2026-09-18T03:07:31.2788435Z From https://github.com/yuguangzhi3836-glitch/GO
2026-09-18T03:07:31.2789910Z  * [new ref]         f827a3aefd95fd95dedb2bd2ecc93ae01111ea90 -> origin/fix/aoluguya-contact-email-20260918
2026-09-18T03:07:31.2808828Z ##[endgroup]
2026-09-18T03:07:31.2810053Z ##[group]Determining the checkout info
2026-09-18T03:07:31.2811111Z ##[endgroup]
2026-09-18T03:07:31.2811875Z [command]/usr/bin/git sparse-checkout disable
2026-09-18T03:07:31.2867308Z [command]/usr/bin/git config --local --unset-all extensions.worktreeConfig
2026-09-18T03:07:31.2907192Z ##[group]Checking out the ref
2026-09-18T03:07:31.2912838Z [command]/usr/bin/git checkout --progress --force -B fix/aoluguya-contact-email-20260918 refs/remotes/origin/fix/aoluguya-contact-email-20260918
2026-09-18T03:07:32.5273507Z Updating files:  29% (1757/5882)
2026-09-18T03:07:33.0046609Z Updating files:  30% (1765/5882)
2026-09-18T03:07:33.0071142Z Updating files:  31% (1824/5882)
2026-09-18T03:07:33.0098586Z Updating files:  32% (1883/5882)
2026-09-18T03:07:33.0204725Z Updating files:  33% (1942/5882)
2026-09-18T03:07:33.0260346Z Updating files:  34% (2000/5882)
2026-09-18T03:07:33.0334644Z Updating files:  35% (2059/5882)
2026-09-18T03:07:33.0363338Z Updating files:  36% (2118/5882)
2026-09-18T03:07:33.0391087Z Updating files:  37% (2177/5882)
2026-09-18T03:07:33.0418625Z Updating files:  38% (2236/5882)
2026-09-18T03:07:33.0451588Z Updating files:  39% (2294/5882)
2026-09-18T03:07:33.0485706Z Updating files:  40% (2353/5882)
2026-09-18T03:07:33.0515888Z Updating files:  41% (2412/5882)
2026-09-18T03:07:33.0544248Z Updating files:  42% (2471/5882)
2026-09-18T03:07:33.0589898Z Updating files:  43% (2530/5882)
2026-09-18T03:07:33.0637568Z Updating files:  44% (2589/5882)
2026-09-18T03:07:33.0676908Z Updating files:  45% (2647/5882)
2026-09-18T03:07:33.0720953Z Updating files:  46% (2706/5882)
2026-09-18T03:07:33.0766827Z Updating files:  47% (2765/5882)
2026-09-18T03:07:33.0799992Z Updating files:  48% (2824/5882)
2026-09-18T03:07:33.0837833Z Updating files:  49% (2883/5882)
2026-09-18T03:07:33.0873386Z Updating files:  50% (2941/5882)
2026-09-18T03:07:33.0909832Z Updating files:  51% (3000/5882)
2026-09-18T03:07:33.0944133Z Updating files:  52% (3059/5882)
2026-09-18T03:07:33.1933143Z Updating files:  53% (3118/5882)
2026-09-18T03:07:33.1968819Z Updating files:  54% (3177/5882)
2026-09-18T03:07:33.2049709Z Updating files:  55% (3236/5882)
2026-09-18T03:07:33.2311298Z Updating files:  56% (3294/5882)
2026-09-18T03:07:33.2619962Z Updating files:  57% (3353/5882)
2026-09-18T03:07:33.3024865Z Updating files:  58% (3412/5882)
2026-09-18T03:07:33.3031838Z Updating files:  59% (3471/5882)
2026-09-18T03:07:33.3067264Z Updating files:  59% (3482/5882)
2026-09-18T03:07:33.3098022Z Updating files:  60% (3530/5882)
2026-09-18T03:07:33.3126036Z Updating files:  61% (3589/5882)
2026-09-18T03:07:33.3165345Z Updating files:  62% (3647/5882)
2026-09-18T03:07:33.3230163Z Updating files:  63% (3706/5882)
2026-09-18T03:07:33.3256952Z Updating files:  64% (3765/5882)
2026-09-18T03:07:33.3288425Z Updating files:  65% (3824/5882)
2026-09-18T03:07:33.3347663Z Updating files:  66% (3883/5882)
2026-09-18T03:07:33.3387665Z Updating files:  67% (3941/5882)
2026-09-18T03:07:33.3427642Z Updating files:  68% (4000/5882)
2026-09-18T03:07:33.3467682Z Updating files:  69% (4059/5882)
2026-09-18T03:07:33.3487638Z Updating files:  70% (4118/5882)
2026-09-18T03:07:33.3567704Z Updating files:  71% (4177/5882)
2026-09-18T03:07:33.3745527Z Updating files:  72% (4236/5882)
2026-09-18T03:07:33.4029724Z Updating files:  73% (4294/5882)
2026-09-18T03:07:33.4403931Z Updating files:  74% (4353/5882)
2026-09-18T03:07:33.4465182Z Updating files:  75% (4412/5882)
2026-09-18T03:07:33.4536652Z Updating files:  76% (4471/5882)
2026-09-18T03:07:33.4595960Z Updating files:  77% (4530/5882)
2026-09-18T03:07:33.4621505Z Updating files:  78% (4588/5882)
2026-09-18T03:07:33.4644627Z Updating files:  79% (4647/5882)
2026-09-18T03:07:33.4665417Z Updating files:  80% (4706/5882)
2026-09-18T03:07:33.4685025Z Updating files:  81% (4765/5882)
2026-09-18T03:07:33.4709655Z Updating files:  82% (4824/5882)
2026-09-18T03:07:33.4753919Z Updating files:  83% (4883/5882)
2026-09-18T03:07:33.4773400Z Updating files:  84% (4941/5882)
2026-09-18T03:07:33.4815531Z Updating files:  85% (5000/5882)
2026-09-18T03:07:33.4844714Z Updating files:  86% (5059/5882)
2026-09-18T03:07:33.4869270Z Updating files:  87% (5118/5882)
2026-09-18T03:07:33.4904430Z Updating files:  88% (5177/5882)
2026-09-18T03:07:33.4939004Z Updating files:  89% (5235/5882)
2026-09-18T03:07:33.4966157Z Updating files:  90% (5294/5882)
2026-09-18T03:07:33.4991731Z Updating files:  91% (5353/5882)
2026-09-18T03:07:33.5062143Z Updating files:  92% (5412/5882)
2026-09-18T03:07:33.5088630Z Updating files:  93% (5471/5882)
2026-09-18T03:07:33.5124620Z Updating files:  94% (5530/5882)
2026-09-18T03:07:33.5227422Z Updating files:  95% (5588/5882)
2026-09-18T03:07:33.5277711Z Updating files:  96% (5647/5882)
2026-09-18T03:07:33.5309092Z Updating files:  97% (5706/5882)
2026-09-18T03:07:33.5361734Z Updating files:  98% (5765/5882)
2026-09-18T03:07:33.5417444Z Updating files:  99% (5824/5882)
2026-09-18T03:07:33.5437354Z Updating files: 100% (5882/5882)
2026-09-18T03:07:33.5437926Z Updating files: 100% (5882/5882), done.
2026-09-18T03:07:33.7215915Z Switched to a new branch 'fix/aoluguya-contact-email-20260918'
2026-09-18T03:07:34.0691653Z branch 'fix/aoluguya-contact-email-20260918' set up to track 'origin/fix/aoluguya-contact-email-20260918'.
2026-09-18T03:07:34.0789646Z ##[endgroup]
2026-09-18T03:07:34.2118755Z [command]/usr/bin/git log -1 --format=%H
2026-09-18T03:07:34.2160659Z f827a3aefd95fd95dedb2bd2ecc93ae01111ea90
2026-09-18T03:07:34.2188054Z ##[group]Removing auth
2026-09-18T03:07:34.2188981Z [command]/usr/bin/git config --local --name-only --get-regexp core\.sshCommand
2026-09-18T03:07:34.2224349Z [command]/usr/bin/git submodule foreach --recursive sh -c "git config --local --name-only --get-regexp 'core\.sshCommand' && git config --local --unset-all 'core.sshCommand' || :"
2026-09-18T03:07:34.2494423Z [command]/usr/bin/git config --local --name-only --get-regexp http\.https\:\/\/github\.com\/\.extraheader
2026-09-18T03:07:34.3679386Z http.https://github.com/.extraheader
2026-09-18T03:07:34.3694770Z [command]/usr/bin/git config --local --unset-all http.https://github.com/.extraheader
2026-09-18T03:07:34.5138918Z [command]/usr/bin/git submodule foreach --recursive sh -c "git config --local --name-only --get-regexp 'http\.https\:\/\/github\.com\/\.extraheader' && git config --local --unset-all 'http.https://github.com/.extraheader' || :"
2026-09-18T03:07:34.5440573Z [command]/usr/bin/git config --local --name-only --get-regexp ^includeIf\.gitdir:
2026-09-18T03:07:34.5489397Z [command]/usr/bin/git submodule foreach --recursive git config --local --show-origin --name-only --get-regexp remote.origin.url
2026-09-18T03:07:34.5773034Z ##[endgroup]
2026-09-18T03:07:34.6021661Z Node 20 is being deprecated. This workflow is running with Node 24 by default. If you need to temporarily use Node 20, you can set the ACTIONS_ALLOW_USE_UNSECURE_NODE_VERSION=true environment variable. For more information see: https://github.blog/changelog/2025-09-19-deprecation-of-node-20-on-github-actions-runners/
2026-09-18T03:07:34.6023191Z ##[group]Run actions/setup-python@v5
2026-09-18T03:07:34.6023451Z with:
2026-09-18T03:07:34.6023659Z   python-version: 3.13.5
2026-09-18T03:07:34.6023896Z   check-latest: false
2026-09-18T03:07:34.6026471Z   token: ***
2026-09-18T03:07:34.6026687Z   update-environment: true
2026-09-18T03:07:34.6026937Z   allow-prereleases: false
2026-09-18T03:07:34.6027327Z   freethreaded: false
2026-09-18T03:07:34.6027540Z env:
2026-09-18T03:07:34.6027745Z   PYTHONDONTWRITEBYTECODE: 1
2026-09-18T03:07:34.6027996Z   APP_ENV: test
2026-09-18T03:07:34.6028595Z   CATALOG_SCOPE_TEST_DATABASE_URL: ***127.0.0.1:5432/go_catalog_scope_ci
2026-09-18T03:07:34.6028986Z ##[endgroup]
2026-09-18T03:07:34.7454383Z ##[group]Installed versions
2026-09-18T03:07:34.9706159Z Version 3.13.5 was not found in the local cache
2026-09-18T03:07:34.9851434Z (node:2555) [DEP0040] DeprecationWarning: The `punycode` module is deprecated. Please use a userland alternative instead.
2026-09-18T03:07:34.9852878Z (Use `node --trace-deprecation ...` to show where the warning was created)
2026-09-18T03:07:36.0125957Z Version 3.13.5 is available for downloading
2026-09-18T03:07:36.0127444Z Download from "https://github.com/actions/python-versions/releases/download/3.13.5-15601068749/python-3.13.5-linux-24.04-x64.tar.gz"
2026-09-18T03:07:36.9506252Z Extract downloaded archive
2026-09-18T03:07:36.9660743Z [command]/usr/bin/tar xz --warning=no-unknown-keyword --overwrite -C /home/runner/work/_temp/9a3e6a75-4f1b-4603-87f7-15095cb4b7aa -f /home/runner/work/_temp/0bb7b195-d013-4962-b360-67bfd4dbd492
2026-09-18T03:07:39.5868610Z Execute installation script
2026-09-18T03:07:39.5997946Z Check if Python hostedtoolcache folder exist...
2026-09-18T03:07:39.6006523Z Create Python 3.13.5 folder
2026-09-18T03:07:39.6016973Z Copy Python binaries to hostedtoolcache folder
2026-09-18T03:07:40.2232100Z Create additional symlinks (Required for the UsePythonVersion Azure Pipelines task and the setup-python GitHub Action)
2026-09-18T03:07:40.2278278Z Upgrading pip...
2026-09-18T03:07:42.6016544Z Looking in links: /tmp/tmpma_gzc5x
2026-09-18T03:07:42.6020449Z Requirement already satisfied: pip in /opt/hostedtoolcache/Python/3.13.5/x64/lib/python3.13/site-packages (25.1.1)
2026-09-18T03:07:44.1939207Z Collecting pip
2026-09-18T03:07:44.2646410Z Downloading pip-26.2.1-py3-none-any.whl.metadata (4.6 kB)
2026-09-18T03:07:44.2862406Z Downloading pip-26.2.1-py3-none-any.whl (1.8 MB)
2026-09-18T03:07:44.4052540Z ━━━━━━━━━━━━━━━━━━━━━━━━━━━━━━━━━━━━━━━━ 1.8/1.8 MB 21.3 MB/s eta 0:00:00
2026-09-18T03:07:44.4058034Z 
2026-09-18T03:07:44.4242081Z Installing collected packages: pip
2026-09-18T03:07:44.4244053Z Attempting uninstall: pip
2026-09-18T03:07:44.4272504Z Found existing installation: pip 25.1.1
2026-09-18T03:07:44.4623536Z Uninstalling pip-25.1.1:
2026-09-18T03:07:44.4677947Z Successfully uninstalled pip-25.1.1
2026-09-18T03:07:45.3579969Z Successfully installed pip-26.2.1
2026-09-18T03:07:45.4121633Z Create complete file
2026-09-18T03:07:45.4168140Z Successfully set up CPython (3.13.5)
2026-09-18T03:07:45.4169733Z ##[endgroup]
2026-09-18T03:07:45.4421357Z ##[group]Run set -euo pipefail
2026-09-18T03:07:45.4421719Z [36;1mset -euo pipefail[0m
2026-09-18T03:07:45.4422188Z [36;1mpython ci/retention/dependencies.py --repository . --output "$RUNNER_TEMP/frozen"[0m
2026-09-18T03:07:45.4422912Z [36;1mpython -m pip install --no-index --find-links "$RUNNER_TEMP/frozen/wheelhouse" -r ci/retention/requirements.lock[0m
2026-09-18T03:07:45.4423485Z [36;1mmkdir -p "$RUNNER_TEMP/catalog-load"[0m
2026-09-18T03:07:45.4474488Z shell: /usr/bin/bash -e {0}
2026-09-18T03:07:45.4474765Z env:
2026-09-18T03:07:45.4474980Z   PYTHONDONTWRITEBYTECODE: 1
2026-09-18T03:07:45.4475242Z   APP_ENV: test
2026-09-18T03:07:45.4475895Z   CATALOG_SCOPE_TEST_DATABASE_URL: ***127.0.0.1:5432/go_catalog_scope_ci
2026-09-18T03:07:45.4476340Z   pythonLocation: /opt/hostedtoolcache/Python/3.13.5/x64
2026-09-18T03:07:45.4476786Z   PKG_CONFIG_PATH: /opt/hostedtoolcache/Python/3.13.5/x64/lib/pkgconfig
2026-09-18T03:07:45.4477642Z   Python_ROOT_DIR: /opt/hostedtoolcache/Python/3.13.5/x64
2026-09-18T03:07:45.4478014Z   Python2_ROOT_DIR: /opt/hostedtoolcache/Python/3.13.5/x64
2026-09-18T03:07:45.4478376Z   Python3_ROOT_DIR: /opt/hostedtoolcache/Python/3.13.5/x64
2026-09-18T03:07:45.4478732Z   LD_LIBRARY_PATH: /opt/hostedtoolcache/Python/3.13.5/x64/lib
2026-09-18T03:07:45.4479050Z ##[endgroup]
2026-09-18T03:07:45.8080564Z {"archive_sha256": "b13a76ab9351f81da70e8e2c8873c20141abe953cd3f96aeb181ef86a34b58dd", "verified_wheels": 37, "source": "pinned GO repository ci/dependency_parts only", "application_source_restored": false}
2026-09-18T03:07:46.7330896Z Looking in links: /home/runner/work/_temp/frozen/wheelhouse
2026-09-18T03:07:46.7420893Z Processing /home/runner/work/_temp/frozen/wheelhouse/alembic-1.16.5-py3-none-any.whl (from -r ci/retention/requirements.lock (line 1))
2026-09-18T03:07:46.7495306Z Processing /home/runner/work/_temp/frozen/wheelhouse/annotated_doc-0.0.4-py3-none-any.whl (from -r ci/retention/requirements.lock (line 2))
2026-09-18T03:07:46.7521490Z Processing /home/runner/work/_temp/frozen/wheelhouse/annotated_types-0.7.0-py3-none-any.whl (from -r ci/retention/requirements.lock (line 3))
2026-09-18T03:07:46.7549710Z Processing /home/runner/work/_temp/frozen/wheelhouse/anyio-4.13.0-py3-none-any.whl (from -r ci/retention/requirements.lock (line 4))
2026-09-18T03:07:46.7584468Z Processing /home/runner/work/_temp/frozen/wheelhouse/certifi-2026.5.20-py3-none-any.whl (from -r ci/retention/requirements.lock (line 5))
2026-09-18T03:07:46.7609245Z Processing /home/runner/work/_temp/frozen/wheelhouse/cffi-2.0.0-cp313-cp313-manylinux_2_17_x86_64.whl (from -r ci/retention/requirements.lock (line 6))
2026-09-18T03:07:46.7635341Z Processing /home/runner/work/_temp/frozen/wheelhouse/click-8.5.0-py3-none-any.whl (from -r ci/retention/requirements.lock (line 7))
2026-09-18T03:07:46.7658752Z Processing /home/runner/work/_temp/frozen/wheelhouse/cryptography-46.0.4-cp311-abi3-manylinux_2_34_x86_64.whl (from -r ci/retention/requirements.lock (line 8))
2026-09-18T03:07:46.7753259Z Processing /home/runner/work/_temp/frozen/wheelhouse/fastapi-0.128.2-py3-none-any.whl (from -r ci/retention/requirements.lock (line 9))
2026-09-18T03:07:46.7812247Z Processing /home/runner/work/_temp/frozen/wheelhouse/greenlet-3.5.1-cp313-cp313-manylinux_2_24_x86_64.whl (from -r ci/retention/requirements.lock (line 10))
2026-09-18T03:07:46.7850353Z Processing /home/runner/work/_temp/frozen/wheelhouse/h11-0.16.0-py3-none-any.whl (from -r ci/retention/requirements.lock (line 11))
2026-09-18T03:07:46.7879650Z Processing /home/runner/work/_temp/frozen/wheelhouse/httpcore-1.0.9-py3-none-any.whl (from -r ci/retention/requirements.lock (line 12))
2026-09-18T03:07:46.7918636Z Processing /home/runner/work/_temp/frozen/wheelhouse/httpx-0.28.1-py3-none-any.whl (from -r ci/retention/requirements.lock (line 13))
2026-09-18T03:07:46.7951414Z Processing /home/runner/work/_temp/frozen/wheelhouse/idna-3.17-py3-none-any.whl (from -r ci/retention/requirements.lock (line 14))
2026-09-18T03:07:46.7980706Z Processing /home/runner/work/_temp/frozen/wheelhouse/iniconfig-2.3.0-py3-none-any.whl (from -r ci/retention/requirements.lock (line 15))
2026-09-18T03:07:46.8003796Z Processing /home/runner/work/_temp/frozen/wheelhouse/mako-1.3.10-py3-none-any.whl (from -r ci/retention/requirements.lock (line 16))
2026-09-18T03:07:46.8031469Z Processing /home/runner/work/_temp/frozen/wheelhouse/markupsafe-3.0.3-cp313-cp313-manylinux2014_x86_64.manylinux_2_17_x86_64.manylinux_2_28_x86_64.whl (from -r ci/retention/requirements.lock (line 17))
2026-09-18T03:07:46.8054795Z Processing /home/runner/work/_temp/frozen/wheelhouse/packaging-25.0-py3-none-any.whl (from -r ci/retention/requirements.lock (line 18))
2026-09-18T03:07:46.8082004Z Processing /home/runner/work/_temp/frozen/wheelhouse/pillow-12.3.0-cp313-cp313-manylinux_2_27_x86_64.whl (from -r ci/retention/requirements.lock (line 19))
2026-09-18T03:07:46.8191648Z Processing /home/runner/work/_temp/frozen/wheelhouse/pluggy-1.6.0-py3-none-any.whl (from -r ci/retention/requirements.lock (line 20))
2026-09-18T03:07:46.8220437Z Processing /home/runner/work/_temp/frozen/wheelhouse/psycopg_binary-3.2.10-cp313-cp313-manylinux2014_x86_64.manylinux_2_17_x86_64.whl (from -r ci/retention/requirements.lock (line 21))
2026-09-18T03:07:46.8290974Z Processing /home/runner/work/_temp/frozen/wheelhouse/psycopg-3.2.10-py3-none-any.whl (from -r ci/retention/requirements.lock (line 22))
2026-09-18T03:07:46.8340288Z Processing /home/runner/work/_temp/frozen/wheelhouse/pycparser-3.0-py3-none-any.whl (from -r ci/retention/requirements.lock (line 23))
2026-09-18T03:07:46.8366293Z Processing /home/runner/work/_temp/frozen/wheelhouse/pydantic_settings-2.14.1-py3-none-any.whl (from -r ci/retention/requirements.lock (line 24))
2026-09-18T03:07:46.8396389Z Processing /home/runner/work/_temp/frozen/wheelhouse/pydantic-2.13.4-py3-none-any.whl (from -r ci/retention/requirements.lock (line 25))
2026-09-18T03:07:46.8473602Z Processing /home/runner/work/_temp/frozen/wheelhouse/pydantic_core-2.46.4-cp313-cp313-manylinux_2_17_x86_64.whl (from -r ci/retention/requirements.lock (line 26))
2026-09-18T03:07:46.8528006Z Processing /home/runner/work/_temp/frozen/wheelhouse/Pygments-2.20.0-py3-none-any.whl (from -r ci/retention/requirements.lock (line 27))
2026-09-18T03:07:46.8617972Z Processing /home/runner/work/_temp/frozen/wheelhouse/PyJWT-2.13.0-py3-none-any.whl (from -r ci/retention/requirements.lock (line 28))
2026-09-18T03:07:46.8643786Z Processing /home/runner/work/_temp/frozen/wheelhouse/pytest_asyncio-1.3.0-py3-none-any.whl (from -r ci/retention/requirements.lock (line 29))
2026-09-18T03:07:46.8673257Z Processing /home/runner/work/_temp/frozen/wheelhouse/pytest-9.0.2-py3-none-any.whl (from -r ci/retention/requirements.lock (line 30))
2026-09-18T03:07:46.8725090Z Processing /home/runner/work/_temp/frozen/wheelhouse/python_dotenv-1.2.2-py3-none-any.whl (from -r ci/retention/requirements.lock (line 31))
2026-09-18T03:07:46.8762512Z Processing /home/runner/work/_temp/frozen/wheelhouse/redis-5.2.1-py3-none-any.whl (from -r ci/retention/requirements.lock (line 32))
2026-09-18T03:07:46.8796600Z Processing /home/runner/work/_temp/frozen/wheelhouse/SQLAlchemy-2.0.50-cp313-cp313-manylinux_2_17_x86_64.whl (from -r ci/retention/requirements.lock (line 33))
2026-09-18T03:07:46.8947794Z Processing /home/runner/work/_temp/frozen/wheelhouse/starlette-0.50.0-py3-none-any.whl (from -r ci/retention/requirements.lock (line 34))
2026-09-18T03:07:46.8982855Z Processing /home/runner/work/_temp/frozen/wheelhouse/typing_inspection-0.4.2-py3-none-any.whl (from -r ci/retention/requirements.lock (line 35))
2026-09-18T03:07:46.9006134Z Processing /home/runner/work/_temp/frozen/wheelhouse/typing_extensions-4.16.0-py3-none-any.whl (from -r ci/retention/requirements.lock (line 36))
2026-09-18T03:07:46.9031087Z Processing /home/runner/work/_temp/frozen/wheelhouse/uvicorn-0.35.0-py3-none-any.whl (from -r ci/retention/requirements.lock (line 37))
2026-09-18T03:07:47.0246391Z Installing collected packages: typing_extensions, redis, python-dotenv, PyJWT, Pygments, pycparser, psycopg-binary, psycopg, pluggy, Pillow, packaging, MarkupSafe, iniconfig, idna, h11, greenlet, click, certifi, annotated-types, annotated-doc, uvicorn, typing-inspection, SQLAlchemy, pytest, pydantic_core, Mako, httpcore, cffi, anyio, starlette, pytest-asyncio, pydantic, httpx, cryptography, alembic, pydantic-settings, fastapi
2026-09-18T03:07:52.2883379Z 
2026-09-18T03:07:52.2923627Z Successfully installed Mako-1.3.10 MarkupSafe-3.0.3 Pillow-12.3.0 PyJWT-2.13.0 Pygments-2.20.0 SQLAlchemy-2.0.50 alembic-1.16.5 annotated-doc-0.0.4 annotated-types-0.7.0 anyio-4.13.0 certifi-2026.5.20 cffi-2.0.0 click-8.5.0 cryptography-46.0.4 fastapi-0.128.2 greenlet-3.5.1 h11-0.16.0 httpcore-1.0.9 httpx-0.28.1 idna-3.17 iniconfig-2.3.0 packaging-25.0 pluggy-1.6.0 psycopg-3.2.10 psycopg-binary-3.2.10 pycparser-3.0 pydantic-2.13.4 pydantic-settings-2.14.1 pydantic_core-2.46.4 pytest-9.0.2 pytest-asyncio-1.3.0 python-dotenv-1.2.2 redis-5.2.1 starlette-0.50.0 typing-inspection-0.4.2 typing_extensions-4.16.0 uvicorn-0.35.0
2026-09-18T03:07:52.3544668Z ##[group]Run set -euo pipefail
2026-09-18T03:07:52.3545020Z [36;1mset -euo pipefail[0m
2026-09-18T03:07:52.3545870Z [36;1mnode --test tests_frontend/hotel_catalog_reviewed_import.test.mjs tests_frontend/hotel_catalog_hyatt_gallery.test.mjs tests_frontend/hotel_catalog_contacts.test.mjs 2>&1 | tee "$RUNNER_TEMP/catalog-load/catalog-ui.log"[0m
2026-09-18T03:07:52.3588634Z shell: /usr/bin/bash -e {0}
2026-09-18T03:07:52.3588891Z env:
2026-09-18T03:07:52.3589122Z   PYTHONDONTWRITEBYTECODE: 1
2026-09-18T03:07:52.3589370Z   APP_ENV: test
2026-09-18T03:07:52.3590019Z   CATALOG_SCOPE_TEST_DATABASE_URL: ***127.0.0.1:5432/go_catalog_scope_ci
2026-09-18T03:07:52.3590461Z   pythonLocation: /opt/hostedtoolcache/Python/3.13.5/x64
2026-09-18T03:07:52.3590891Z   PKG_CONFIG_PATH: /opt/hostedtoolcache/Python/3.13.5/x64/lib/pkgconfig
2026-09-18T03:07:52.3591304Z   Python_ROOT_DIR: /opt/hostedtoolcache/Python/3.13.5/x64
2026-09-18T03:07:52.3591733Z   Python2_ROOT_DIR: /opt/hostedtoolcache/Python/3.13.5/x64
2026-09-18T03:07:52.3592090Z   Python3_ROOT_DIR: /opt/hostedtoolcache/Python/3.13.5/x64
2026-09-18T03:07:52.3592454Z   LD_LIBRARY_PATH: /opt/hostedtoolcache/Python/3.13.5/x64/lib
2026-09-18T03:07:52.3592770Z ##[endgroup]
2026-09-18T03:07:52.5017275Z TAP version 13
2026-09-18T03:07:52.5667973Z # Subtest: restricted form accepts updated valid public facts without whole-file hash
2026-09-18T03:07:52.5686354Z ok 1 - restricted form accepts updated valid public facts without whole-file hash
2026-09-18T03:07:52.5699156Z   ---
2026-09-18T03:07:52.5715150Z   duration_ms: 4.140984
2026-09-18T03:07:52.5727863Z   type: 'test'
2026-09-18T03:07:52.5742639Z   ...
2026-09-18T03:07:52.5777864Z # Subtest: wrong hotel, types, URL and phone/email are rejected
2026-09-18T03:07:52.5801366Z ok 2 - wrong hotel, types, URL and phone/email are rejected
2026-09-18T03:07:52.5827585Z   ---
2026-09-18T03:07:52.5847602Z   duration_ms: 1.914121
2026-09-18T03:07:52.5867561Z   type: 'test'
2026-09-18T03:07:52.5877750Z   ...
2026-09-18T03:07:52.5917647Z # Subtest: readonly principal sends no writes
2026-09-18T03:07:52.5944575Z ok 3 - readonly principal sends no writes
2026-09-18T03:07:52.5953003Z   ---
2026-09-18T03:07:52.5997588Z   duration_ms: 1.588399
2026-09-18T03:07:52.6017907Z   type: 'test'
2026-09-18T03:07:52.6047635Z   ...
2026-09-18T03:07:52.6071197Z # Subtest: normal form writes two truthful sources and events-only email
2026-09-18T03:07:52.6123715Z ok 4 - normal form writes two truthful sources and events-only email
2026-09-18T03:07:52.6126214Z   ---
2026-09-18T03:07:52.6147783Z   duration_ms: 15.85209
2026-09-18T03:07:52.6178044Z   type: 'test'
2026-09-18T03:07:52.6178566Z   ...
2026-09-18T03:07:52.6179308Z # Subtest: higher official address is retained and supplementary source snapshot recorded
2026-09-18T03:07:52.6180475Z ok 5 - higher official address is retained and supplementary source snapshot recorded
2026-09-18T03:07:52.6181410Z   ---
2026-09-18T03:07:52.6181911Z   duration_ms: 9.000412
2026-09-18T03:07:52.6182446Z   type: 'test'
2026-09-18T03:07:52.6182931Z   ...
2026-09-18T03:07:52.6183592Z # Subtest: higher-ranked same phone is reused without source downgrade
2026-09-18T03:07:52.6184545Z ok 6 - higher-ranked same phone is reused without source downgrade
2026-09-18T03:07:52.6185279Z   ---
2026-09-18T03:07:52.6185746Z   duration_ms: 4.562961
2026-09-18T03:07:52.6186256Z   type: 'test'
2026-09-18T03:07:52.6186722Z   ...
2026-09-18T03:07:52.6187560Z # Subtest: suppression or incompatible stronger purpose prevents write
2026-09-18T03:07:52.6188514Z ok 7 - suppression or incompatible stronger purpose prevents write
2026-09-18T03:07:52.6189226Z   ---
2026-09-18T03:07:52.6189675Z   duration_ms: 3.084248
2026-09-18T03:07:52.6190181Z   type: 'test'
2026-09-18T03:07:52.6190647Z   ...
2026-09-18T03:07:52.6191272Z # Subtest: changed profile after preview requires re-review before writes
2026-09-18T03:07:52.6192218Z ok 8 - changed profile after preview requires re-review before writes
2026-09-18T03:07:52.6192971Z   ---
2026-09-18T03:07:52.6193828Z   duration_ms: 5.68167
2026-09-18T03:07:52.6194393Z   type: 'test'
2026-09-18T03:07:52.6194867Z   ...
2026-09-18T03:07:52.6195601Z # Subtest: repeat unchanged form keeps stable source identity and no duplicate contacts
2026-09-18T03:07:52.6196807Z ok 9 - repeat unchanged form keeps stable source identity and no duplicate contacts
2026-09-18T03:07:52.6197911Z   ---
2026-09-18T03:07:52.6198369Z   duration_ms: 8.148336
2026-09-18T03:07:52.6198882Z   type: 'test'
2026-09-18T03:07:52.6199335Z   ...
2026-09-18T03:07:52.6200052Z # Subtest: general-reservations misclassification fails final verification
2026-09-18T03:07:52.6201011Z ok 10 - general-reservations misclassification fails final verification
2026-09-18T03:07:52.6201757Z   ---
2026-09-18T03:07:52.6202247Z   duration_ms: 4.910456
2026-09-18T03:07:52.6202772Z   type: 'test'
2026-09-18T03:07:52.6203247Z   ...
2026-09-18T03:07:52.6203856Z # Subtest: same-grade higher confidence phone is not downgraded
2026-09-18T03:07:52.6204724Z ok 11 - same-grade higher confidence phone is not downgraded
2026-09-18T03:07:52.6205417Z   ---
2026-09-18T03:07:52.6205895Z   duration_ms: 4.638595
2026-09-18T03:07:52.6206540Z   type: 'test'
2026-09-18T03:07:52.6207205Z   ...
2026-09-18T03:07:52.6248054Z # Subtest: user supplied Ctrip mailbox has separate attributed snapshot and GENERAL purpose
2026-09-18T03:07:52.6263474Z ok 12 - user supplied Ctrip mailbox has separate attributed snapshot and GENERAL purpose
2026-09-18T03:07:52.6278464Z   ---
2026-09-18T03:07:52.6279017Z   duration_ms: 14.250441
2026-09-18T03:07:52.6279771Z   type: 'test'
2026-09-18T03:07:52.6280239Z   ...
2026-09-18T03:07:52.6308557Z # Subtest: updated attributed email remains configurable without new release
2026-09-18T03:07:52.6309442Z ok 13 - updated attributed email remains configurable without new release
2026-09-18T03:07:52.6317832Z   ---
2026-09-18T03:07:52.6337607Z   duration_ms: 4.725056
2026-09-18T03:07:52.6344173Z   type: 'test'
2026-09-18T03:07:52.6347588Z   ...
2026-09-18T03:07:52.6373256Z # Subtest: tampered attribution snapshot stops before remaining source writes
2026-09-18T03:07:52.6387524Z ok 14 - tampered attribution snapshot stops before remaining source writes
2026-09-18T03:07:52.6388414Z   ---
2026-09-18T03:07:52.6389211Z   duration_ms: 7.231021
2026-09-18T03:07:52.6389763Z   type: 'test'
2026-09-18T03:07:52.6390254Z   ...
2026-09-18T03:07:52.6390984Z # Subtest: public email cannot masquerade as the weddings email or inject markup
2026-09-18T03:07:52.6392016Z ok 15 - public email cannot masquerade as the weddings email or inject markup
2026-09-18T03:07:52.6392811Z   ---
2026-09-18T03:07:52.6393310Z   duration_ms: 1.106421
2026-09-18T03:07:52.6393863Z   type: 'test'
2026-09-18T03:07:52.6394375Z   ...
2026-09-18T03:07:52.6395067Z # Subtest: email local parts reject terminal dot and more than 64 characters
2026-09-18T03:07:52.6396085Z ok 16 - email local parts reject terminal dot and more than 64 characters
2026-09-18T03:07:52.6396893Z   ---
2026-09-18T03:07:52.6397725Z   duration_ms: 1.001032
2026-09-18T03:07:52.6398279Z   type: 'test'
2026-09-18T03:07:52.6398785Z   ...
2026-09-18T03:07:52.7245527Z # Subtest: exact Hyatt plan admitted; changes, wrong hotel and invented kwargs rejected
2026-09-18T03:07:52.7250358Z ok 17 - exact Hyatt plan admitted; changes, wrong hotel and invented kwargs rejected
2026-09-18T03:07:52.7251151Z   ---
2026-09-18T03:07:52.7251668Z   duration_ms: 20.192284
2026-09-18T03:07:52.7252233Z   type: 'test'
2026-09-18T03:07:52.7252709Z   ...
2026-09-18T03:07:52.7350020Z # Subtest: readonly user and unreviewed plans never write
2026-09-18T03:07:52.7386856Z ok 18 - readonly user and unreviewed plans never write
2026-09-18T03:07:52.7387555Z   ---
2026-09-18T03:07:52.7387843Z   duration_ms: 10.956446
2026-09-18T03:07:52.7388176Z   type: 'test'
2026-09-18T03:07:52.7388445Z   ...
2026-09-18T03:07:52.7420587Z # Subtest: 21 new images are metadata-checked without rights/publication/room writes
2026-09-18T03:07:52.7438512Z ok 19 - 21 new images are metadata-checked without rights/publication/room writes
2026-09-18T03:07:52.7460286Z   ---
2026-09-18T03:07:52.7467929Z   duration_ms: 7.09827
2026-09-18T03:07:52.7478081Z   type: 'test'
2026-09-18T03:07:52.7497823Z   ...
2026-09-18T03:07:52.7512277Z # Subtest: existing reviewed gallery assets are reused without POST
2026-09-18T03:07:52.7513531Z ok 20 - existing reviewed gallery assets are reused without POST
2026-09-18T03:07:52.7515989Z   ---
2026-09-18T03:07:52.7553406Z   duration_ms: 5.141605
2026-09-18T03:07:52.7568095Z   type: 'test'
2026-09-18T03:07:52.7578046Z   ...
2026-09-18T03:07:52.7598040Z # Subtest: lost harvest response resumes by querying index instead of duplicating
2026-09-18T03:07:52.7599201Z ok 21 - lost harvest response resumes by querying index instead of duplicating
2026-09-18T03:07:52.7617717Z   ---
2026-09-18T03:07:52.7647678Z   duration_ms: 5.605325
2026-09-18T03:07:52.7661191Z   type: 'test'
2026-09-18T03:07:52.7668160Z   ...
2026-09-18T03:07:52.7668975Z # Subtest: harvest mismatch stops immediately and does not pretend indexed row rolled back
2026-09-18T03:07:52.7671696Z ok 22 - harvest mismatch stops immediately and does not pretend indexed row rolled back
2026-09-18T03:07:52.7672782Z   ---
2026-09-18T03:07:52.7673267Z   duration_ms: 4.30435
2026-09-18T03:07:52.7673816Z   type: 'test'
2026-09-18T03:07:52.7674334Z   ...
2026-09-18T03:07:52.7675085Z # Subtest: wrong existing hash or duplicate source records stop before write
2026-09-18T03:07:52.7683217Z ok 23 - wrong existing hash or duplicate source records stop before write
2026-09-18T03:07:52.7684068Z   ---
2026-09-18T03:07:52.7684582Z   duration_ms: 6.70089
2026-09-18T03:07:52.7685142Z   type: 'test'
2026-09-18T03:07:52.7685649Z   ...
2026-09-18T03:07:52.7686282Z # Subtest: missing index readback stops after first image
2026-09-18T03:07:52.7687275Z ok 24 - missing index readback stops after first image
2026-09-18T03:07:52.7688001Z   ---
2026-09-18T03:07:52.7689256Z   duration_ms: 4.181645
2026-09-18T03:07:52.7689812Z   type: 'test'
2026-09-18T03:07:52.7690349Z   ...
2026-09-18T03:07:52.7720549Z # Subtest: public or room-bound asset is never silently reused
2026-09-18T03:07:52.7725401Z ok 25 - public or room-bound asset is never silently reused
2026-09-18T03:07:52.7726253Z   ---
2026-09-18T03:07:52.7726774Z   duration_ms: 5.376249
2026-09-18T03:07:52.7727550Z   type: 'test'
2026-09-18T03:07:52.7728058Z   ...
2026-09-18T03:07:52.7798044Z # Subtest: fixed WebP content negotiation is sent on every actual harvest
2026-09-18T03:07:52.7832387Z ok 26 - fixed WebP content negotiation is sent on every actual harvest
2026-09-18T03:07:52.7845529Z   ---
2026-09-18T03:07:52.7846093Z   duration_ms: 5.308617
2026-09-18T03:07:52.7846659Z   type: 'test'
2026-09-18T03:07:52.7847349Z   ...
2026-09-18T03:07:52.7872600Z # Subtest: actual HK first WebP is reused and only remaining twenty are harvested
2026-09-18T03:07:52.7877600Z ok 27 - actual HK first WebP is reused and only remaining twenty are harvested
2026-09-18T03:07:52.7887847Z   ---
2026-09-18T03:07:52.7888453Z   duration_ms: 5.67518
2026-09-18T03:07:52.7889106Z   type: 'test'
2026-09-18T03:07:52.7889619Z   ...
2026-09-18T03:07:52.8066360Z # Subtest: arbitrary or omitted request headers and wrong expected hash reject before API calls
2026-09-18T03:07:52.8069374Z ok 28 - arbitrary or omitted request headers and wrong expected hash reject before API calls
2026-09-18T03:07:52.8070547Z   ---
2026-09-18T03:07:52.8071127Z   duration_ms: 22.480921
2026-09-18T03:07:52.8071709Z   type: 'test'
2026-09-18T03:07:52.8072214Z   ...
2026-09-18T03:07:52.8136568Z # Subtest: legacy JPEG reviewed plan is rejected without network writes
2026-09-18T03:07:52.8138124Z ok 29 - legacy JPEG reviewed plan is rejected without network writes
2026-09-18T03:07:52.8138926Z   ---
2026-09-18T03:07:52.8139424Z   duration_ms: 4.498664
2026-09-18T03:07:52.8139958Z   type: 'test'
2026-09-18T03:07:52.8140440Z   ...
2026-09-18T03:07:52.8892000Z # Subtest: only exact reviewed JSON is accepted, IDs and media boundaries retained
2026-09-18T03:07:52.8900401Z ok 30 - only exact reviewed JSON is accepted, IDs and media boundaries retained
2026-09-18T03:07:52.8917759Z   ---
2026-09-18T03:07:52.8923848Z   duration_ms: 17.875856
2026-09-18T03:07:52.8940089Z   type: 'test'
2026-09-18T03:07:52.8957639Z   ...
2026-09-18T03:07:52.8977768Z # Subtest: readonly account never sends a write
2026-09-18T03:07:52.8987720Z ok 31 - readonly account never sends a write
2026-09-18T03:07:52.8997712Z   ---
2026-09-18T03:07:52.9018020Z   duration_ms: 4.388237
2026-09-18T03:07:52.9047612Z   type: 'test'
2026-09-18T03:07:52.9072163Z   ...
2026-09-18T03:07:52.9081376Z # Subtest: scope and higher-priority conflicts stop before UNPUBLISH or ingest
2026-09-18T03:07:52.9096473Z ok 32 - scope and higher-priority conflicts stop before UNPUBLISH or ingest
2026-09-18T03:07:52.9123132Z   ---
2026-09-18T03:07:52.9123800Z   duration_ms: 6.132832
2026-09-18T03:07:52.9124365Z   type: 'test'
2026-09-18T03:07:52.9124917Z   ...
2026-09-18T03:07:52.9125522Z # Subtest: unreviewed objects cannot call the import runner
2026-09-18T03:07:52.9126353Z ok 33 - unreviewed objects cannot call the import runner
2026-09-18T03:07:52.9127227Z   ---
2026-09-18T03:07:52.9127852Z   duration_ms: 1.346053
2026-09-18T03:07:52.9128408Z   type: 'test'
2026-09-18T03:07:52.9128902Z   ...
2026-09-18T03:07:52.9129702Z # Subtest: approved flow uses only unpublish + three existing ingest APIs, then readback
2026-09-18T03:07:52.9130826Z ok 34 - approved flow uses only unpublish + three existing ingest APIs, then readback
2026-09-18T03:07:52.9131663Z   ---
2026-09-18T03:07:52.9132403Z   duration_ms: 6.366625
2026-09-18T03:07:52.9132955Z   type: 'test'
2026-09-18T03:07:52.9133454Z   ...
2026-09-18T03:07:52.9150995Z # Subtest: partial failures stop subsequent imports and do not report success
2026-09-18T03:07:52.9152205Z ok 35 - partial failures stop subsequent imports and do not report success
2026-09-18T03:07:52.9167833Z   ---
2026-09-18T03:07:52.9168768Z   duration_ms: 6.379465
2026-09-18T03:07:52.9169382Z   type: 'test'
2026-09-18T03:07:52.9169886Z   ...
2026-09-18T03:07:52.9275721Z # Subtest: incorrect merged facts fail final readback
2026-09-18T03:07:52.9284655Z ok 36 - incorrect merged facts fail final readback
2026-09-18T03:07:52.9285494Z   ---
2026-09-18T03:07:52.9286073Z   duration_ms: 2.478774
2026-09-18T03:07:52.9286625Z   type: 'test'
2026-09-18T03:07:52.9287372Z   ...
2026-09-18T03:07:52.9298330Z # Subtest: scope preview is readonly and activation verifies all 112 archived records
2026-09-18T03:07:52.9310984Z ok 37 - scope preview is readonly and activation verifies all 112 archived records
2026-09-18T03:07:52.9316662Z   ---
2026-09-18T03:07:52.9317414Z   duration_ms: 5.432323
2026-09-18T03:07:52.9318054Z   type: 'test'
2026-09-18T03:07:52.9318525Z   ...
2026-09-18T03:07:52.9319108Z # Subtest: readonly or running-job scope does not write
2026-09-18T03:07:52.9319831Z ok 38 - readonly or running-job scope does not write
2026-09-18T03:07:52.9320492Z   ---
2026-09-18T03:07:52.9320957Z   duration_ms: 1.886219
2026-09-18T03:07:52.9321456Z   type: 'test'
2026-09-18T03:07:52.9321933Z   ...
2026-09-18T03:07:52.9322538Z # Subtest: scope fingerprint drift refuses activation without writing
2026-09-18T03:07:52.9341416Z ok 39 - scope fingerprint drift refuses activation without writing
2026-09-18T03:07:52.9341985Z   ---
2026-09-18T03:07:52.9342280Z   duration_ms: 1.751345
2026-09-18T03:07:52.9342610Z   type: 'test'
2026-09-18T03:07:52.9342895Z   ...
2026-09-18T03:07:52.9343276Z # Subtest: scope readback leak is not reported as success
2026-09-18T03:07:52.9370899Z ok 40 - scope readback leak is not reported as success
2026-09-18T03:07:52.9371811Z   ---
2026-09-18T03:07:52.9372404Z   duration_ms: 2.564002
2026-09-18T03:07:52.9372998Z   type: 'test'
2026-09-18T03:07:52.9373512Z   ...
2026-09-18T03:07:52.9374235Z # Subtest: known anomaly codes are translated and unknown codes are not displayed
2026-09-18T03:07:52.9383753Z ok 41 - known anomaly codes are translated and unknown codes are not displayed
2026-09-18T03:07:52.9384699Z   ---
2026-09-18T03:07:52.9385590Z   duration_ms: 0.767048
2026-09-18T03:07:52.9386256Z   type: 'test'
2026-09-18T03:07:52.9386828Z   ...
2026-09-18T03:07:52.9454143Z 1..41
2026-09-18T03:07:52.9455025Z # tests 41
2026-09-18T03:07:52.9455777Z # suites 0
2026-09-18T03:07:52.9456415Z # pass 41
2026-09-18T03:07:52.9457216Z # fail 0
2026-09-18T03:07:52.9457900Z # cancelled 0
2026-09-18T03:07:52.9458576Z # skipped 0
2026-09-18T03:07:52.9459069Z # todo 0
2026-09-18T03:07:52.9459589Z # duration_ms 460.843916
2026-09-18T03:07:52.9548096Z ##[group]Run set -euo pipefail
2026-09-18T03:07:52.9548463Z [36;1mset -euo pipefail[0m
2026-09-18T03:07:52.9548919Z [36;1mpython scripts/test_hotel_search_event_loop.py 2>&1 | tee "$RUNNER_TEMP/catalog-load/search.log"[0m
2026-09-18T03:07:52.9590512Z shell: /usr/bin/bash -e {0}
2026-09-18T03:07:52.9590773Z env:
2026-09-18T03:07:52.9590988Z   PYTHONDONTWRITEBYTECODE: 1
2026-09-18T03:07:52.9591249Z   APP_ENV: test
2026-09-18T03:07:52.9591906Z   CATALOG_SCOPE_TEST_DATABASE_URL: ***127.0.0.1:5432/go_catalog_scope_ci
2026-09-18T03:07:52.9592348Z   pythonLocation: /opt/hostedtoolcache/Python/3.13.5/x64
2026-09-18T03:07:52.9592773Z   PKG_CONFIG_PATH: /opt/hostedtoolcache/Python/3.13.5/x64/lib/pkgconfig
2026-09-18T03:07:52.9593189Z   Python_ROOT_DIR: /opt/hostedtoolcache/Python/3.13.5/x64
2026-09-18T03:07:52.9593559Z   Python2_ROOT_DIR: /opt/hostedtoolcache/Python/3.13.5/x64
2026-09-18T03:07:52.9593917Z   Python3_ROOT_DIR: /opt/hostedtoolcache/Python/3.13.5/x64
2026-09-18T03:07:52.9594333Z   LD_LIBRARY_PATH: /opt/hostedtoolcache/Python/3.13.5/x64/lib
2026-09-18T03:07:52.9594652Z ##[endgroup]
2026-09-18T03:07:53.5548631Z test_empty_search_keeps_decision_without_offer_writes (__main__.SearchConcurrency.test_empty_search_keeps_decision_without_offer_writes) ... ok
2026-09-18T03:07:53.7519499Z test_judgment_failure_propagates (__main__.SearchConcurrency.test_judgment_failure_propagates) ... ok
2026-09-18T03:07:53.9498727Z test_search_all_sync_work_off_loop_and_business_effects_retained (__main__.SearchConcurrency.test_search_all_sync_work_off_loop_and_business_effects_retained) ... ok
2026-09-18T03:07:54.1780733Z test_threadpool_bound_preserved_under_concurrent_search (__main__.SearchConcurrency.test_threadpool_bound_preserved_under_concurrent_search) ... ok
2026-09-18T03:07:54.5075658Z test_write_failure_propagates_without_false_success (__main__.SearchConcurrency.test_write_failure_propagates_without_false_success) ... ok
2026-09-18T03:07:54.5082270Z 
2026-09-18T03:07:54.5082753Z ----------------------------------------------------------------------
2026-09-18T03:07:54.5083533Z Ran 5 tests in 1.028s
2026-09-18T03:07:54.5084034Z 
2026-09-18T03:07:54.5084312Z OK
2026-09-18T03:07:54.5324464Z ##[group]Run set -euo pipefail
2026-09-18T03:07:54.5324793Z [36;1mset -euo pipefail[0m
2026-09-18T03:07:54.5325226Z [36;1mpython scripts/test_catalog_scope.py 2>&1 | tee "$RUNNER_TEMP/catalog-load/catalog.log"[0m
2026-09-18T03:07:54.5325878Z [36;1mpython scripts/test_catalog_graph_visibility.py 2>&1 | tee "$RUNNER_TEMP/catalog-load/graph.log"[0m
2026-09-18T03:07:54.5366739Z shell: /usr/bin/bash -e {0}
2026-09-18T03:07:54.5366994Z env:
2026-09-18T03:07:54.5367482Z   PYTHONDONTWRITEBYTECODE: 1
2026-09-18T03:07:54.5367740Z   APP_ENV: test
2026-09-18T03:07:54.5368390Z   CATALOG_SCOPE_TEST_DATABASE_URL: ***127.0.0.1:5432/go_catalog_scope_ci
2026-09-18T03:07:54.5368846Z   pythonLocation: /opt/hostedtoolcache/Python/3.13.5/x64
2026-09-18T03:07:54.5369272Z   PKG_CONFIG_PATH: /opt/hostedtoolcache/Python/3.13.5/x64/lib/pkgconfig
2026-09-18T03:07:54.5369682Z   Python_ROOT_DIR: /opt/hostedtoolcache/Python/3.13.5/x64
2026-09-18T03:07:54.5370089Z   Python2_ROOT_DIR: /opt/hostedtoolcache/Python/3.13.5/x64
2026-09-18T03:07:54.5370463Z   Python3_ROOT_DIR: /opt/hostedtoolcache/Python/3.13.5/x64
2026-09-18T03:07:54.5370836Z   LD_LIBRARY_PATH: /opt/hostedtoolcache/Python/3.13.5/x64/lib
2026-09-18T03:07:54.5371200Z   DATABASE_URL: sqlite+pysqlite:///:memory:
2026-09-18T03:07:54.5371490Z   PYTHONPATH: src
2026-09-18T03:07:54.5371700Z ##[endgroup]
2026-09-18T03:07:58.0668306Z ..........
2026-09-18T03:07:58.0688044Z ----------------------------------------------------------------------
2026-09-18T03:07:58.0692318Z Ran 10 tests in 1.006s
2026-09-18T03:07:58.0692681Z 
2026-09-18T03:07:58.0693014Z OK
2026-09-18T03:08:01.4385785Z test_catalog_only_hidden_without_deleting_audit_or_shared_rows (__main__.CatalogGraphVisibility.test_catalog_only_hidden_without_deleting_audit_or_shared_rows) ... ok
2026-09-18T03:08:01.4738419Z test_legacy_destructive_reset_cannot_bypass_scope (__main__.CatalogGraphVisibility.test_legacy_destructive_reset_cannot_bypass_scope) ... ok
2026-09-18T03:08:01.4992650Z test_reprojection_and_writes_cannot_restore_archived_catalog (__main__.CatalogGraphVisibility.test_reprojection_and_writes_cannot_restore_archived_catalog) ... ok
2026-09-18T03:08:01.5138626Z test_shared_entity_keeps_order_alias_but_hides_catalog_fact (__main__.CatalogGraphVisibility.test_shared_entity_keeps_order_alias_but_hides_catalog_fact) ... ok
2026-09-18T03:08:01.5351596Z test_snapshot_facts_require_visible_canonical_binding (__main__.CatalogGraphVisibility.test_snapshot_facts_require_visible_canonical_binding) ... ok
2026-09-18T03:08:01.6869140Z test_visible_evidence_after_archived_first_page_is_not_lost (__main__.CatalogGraphVisibility.test_visible_evidence_after_archived_first_page_is_not_lost) ... ok
2026-09-18T03:08:01.6870854Z 
2026-09-18T03:08:01.6871444Z ----------------------------------------------------------------------
2026-09-18T03:08:01.6872326Z Ran 6 tests in 0.511s
2026-09-18T03:08:01.6872916Z 
2026-09-18T03:08:01.6873232Z OK
2026-09-18T03:08:02.1394529Z ##[group]Run set -euo pipefail
2026-09-18T03:08:02.1394862Z [36;1mset -euo pipefail[0m
2026-09-18T03:08:02.1395333Z [36;1mpython scripts/test_catalog_scope_postgres.py 2>&1 | tee "$RUNNER_TEMP/catalog-load/postgres.log"[0m
2026-09-18T03:08:02.1435690Z shell: /usr/bin/bash -e {0}
2026-09-18T03:08:02.1435943Z env:
2026-09-18T03:08:02.1436375Z   PYTHONDONTWRITEBYTECODE: 1
2026-09-18T03:08:02.1436630Z   APP_ENV: test
2026-09-18T03:08:02.1437537Z   CATALOG_SCOPE_TEST_DATABASE_URL: ***127.0.0.1:5432/go_catalog_scope_ci
2026-09-18T03:08:02.1437985Z   pythonLocation: /opt/hostedtoolcache/Python/3.13.5/x64
2026-09-18T03:08:02.1438411Z   PKG_CONFIG_PATH: /opt/hostedtoolcache/Python/3.13.5/x64/lib/pkgconfig
2026-09-18T03:08:02.1438819Z   Python_ROOT_DIR: /opt/hostedtoolcache/Python/3.13.5/x64
2026-09-18T03:08:02.1439184Z   Python2_ROOT_DIR: /opt/hostedtoolcache/Python/3.13.5/x64
2026-09-18T03:08:02.1439552Z   Python3_ROOT_DIR: /opt/hostedtoolcache/Python/3.13.5/x64
2026-09-18T03:08:02.1439959Z   LD_LIBRARY_PATH: /opt/hostedtoolcache/Python/3.13.5/x64/lib
2026-09-18T03:08:02.1440313Z   DATABASE_URL: sqlite+pysqlite:///:memory:
2026-09-18T03:08:02.1440600Z   PYTHONPATH: src
2026-09-18T03:08:02.1440810Z ##[endgroup]
2026-09-18T03:08:04.9018137Z Verified PostgreSQL 18.4; all writes restricted to per-test random schemas
2026-09-18T03:08:05.2860746Z test_activation_wins_stale_enqueue_claim_and_protected_writer (__main__.CatalogScopePostgres.test_activation_wins_stale_enqueue_claim_and_protected_writer) ... ok
2026-09-18T03:08:05.4021703Z test_claim_wins_and_active_lease_blocks_even_fresh_activation (__main__.CatalogScopePostgres.test_claim_wins_and_active_lease_blocks_even_fresh_activation) ... ok
2026-09-18T03:08:05.6516438Z test_enqueue_wins_invalidates_reviewed_snapshot (__main__.CatalogScopePostgres.test_enqueue_wins_invalidates_reviewed_snapshot) ... ok
2026-09-18T03:08:05.7424355Z test_explicit_rollback_restores_queue_and_preserves_audit (__main__.CatalogScopePostgres.test_explicit_rollback_restores_queue_and_preserves_audit) ... ok
2026-09-18T03:08:05.7425855Z 
2026-09-18T03:08:05.7426427Z ----------------------------------------------------------------------
2026-09-18T03:08:05.7427434Z Ran 4 tests in 0.857s
2026-09-18T03:08:05.7428014Z 
2026-09-18T03:08:05.7428427Z OK
2026-09-18T03:08:06.2151378Z ##[group]Run set -euo pipefail
2026-09-18T03:08:06.2151927Z [36;1mset -euo pipefail[0m
2026-09-18T03:08:06.2153541Z [36;1mpython -m pytest -p no:cacheprovider tests/test_sprint1i_routing.py tests/test_sprint1j_merge.py tests/test_hotel_autopage_factory.py tests/test_hotel_discovery_orchestrator.py --junitxml="$RUNNER_TEMP/catalog-load/retention.xml" 2>&1 | tee "$RUNNER_TEMP/catalog-load/retention.log"[0m
2026-09-18T03:08:06.2211146Z shell: /usr/bin/bash -e {0}
2026-09-18T03:08:06.2211533Z env:
2026-09-18T03:08:06.2211860Z   PYTHONDONTWRITEBYTECODE: 1
2026-09-18T03:08:06.2212255Z   APP_ENV: test
2026-09-18T03:08:06.2213469Z   CATALOG_SCOPE_TEST_DATABASE_URL: ***127.0.0.1:5432/go_catalog_scope_ci
2026-09-18T03:08:06.2214151Z   pythonLocation: /opt/hostedtoolcache/Python/3.13.5/x64
2026-09-18T03:08:06.2214806Z   PKG_CONFIG_PATH: /opt/hostedtoolcache/Python/3.13.5/x64/lib/pkgconfig
2026-09-18T03:08:06.2215445Z   Python_ROOT_DIR: /opt/hostedtoolcache/Python/3.13.5/x64
2026-09-18T03:08:06.2216085Z   Python2_ROOT_DIR: /opt/hostedtoolcache/Python/3.13.5/x64
2026-09-18T03:08:06.2216686Z   Python3_ROOT_DIR: /opt/hostedtoolcache/Python/3.13.5/x64
2026-09-18T03:08:06.2217504Z   LD_LIBRARY_PATH: /opt/hostedtoolcache/Python/3.13.5/x64/lib
2026-09-18T03:08:06.2218056Z   DATABASE_URL: sqlite+pysqlite:///:memory:
2026-09-18T03:08:06.2218499Z   PYTHONPATH: src
2026-09-18T03:08:06.2218839Z ##[endgroup]
2026-09-18T03:08:20.4606536Z .............                                                            [100%]
2026-09-18T03:08:20.4608096Z 13 passed in 11.47s
2026-09-18T03:08:21.6810432Z ##[group]Run set -euo pipefail
2026-09-18T03:08:21.6810764Z [36;1mset -euo pipefail[0m
2026-09-18T03:08:21.6811045Z [36;1mmkdir -p "$RUNNER_TEMP/catalog-load"[0m
2026-09-18T03:08:21.6811465Z [36;1mgit rev-parse HEAD > "$RUNNER_TEMP/catalog-load/source-commit.txt"[0m
2026-09-18T03:08:21.6812000Z [36;1mgit rev-parse HEAD:application > "$RUNNER_TEMP/catalog-load/application-tree.txt"[0m
2026-09-18T03:08:21.6812436Z [36;1mcd "$RUNNER_TEMP/catalog-load"[0m
2026-09-18T03:08:21.6813137Z [36;1mfind . -maxdepth 1 -type f ! -name SHA256SUMS -print0 | sort -z | xargs -0 sha256sum > SHA256SUMS[0m
2026-09-18T03:08:21.6854058Z shell: /usr/bin/bash -e {0}
2026-09-18T03:08:21.6854311Z env:
2026-09-18T03:08:21.6854528Z   PYTHONDONTWRITEBYTECODE: 1
2026-09-18T03:08:21.6854791Z   APP_ENV: test
2026-09-18T03:08:21.6855447Z   CATALOG_SCOPE_TEST_DATABASE_URL: ***127.0.0.1:5432/go_catalog_scope_ci
2026-09-18T03:08:21.6855896Z   pythonLocation: /opt/hostedtoolcache/Python/3.13.5/x64
2026-09-18T03:08:21.6856369Z   PKG_CONFIG_PATH: /opt/hostedtoolcache/Python/3.13.5/x64/lib/pkgconfig
2026-09-18T03:08:21.6856784Z   Python_ROOT_DIR: /opt/hostedtoolcache/Python/3.13.5/x64
2026-09-18T03:08:21.6857278Z   Python2_ROOT_DIR: /opt/hostedtoolcache/Python/3.13.5/x64
2026-09-18T03:08:21.6857645Z   Python3_ROOT_DIR: /opt/hostedtoolcache/Python/3.13.5/x64
2026-09-18T03:08:21.6858017Z   LD_LIBRARY_PATH: /opt/hostedtoolcache/Python/3.13.5/x64/lib
2026-09-18T03:08:21.6858336Z ##[endgroup]
2026-09-18T03:08:21.7098579Z Node 20 is being deprecated. This workflow is running with Node 24 by default. If you need to temporarily use Node 20, you can set the ACTIONS_ALLOW_USE_UNSECURE_NODE_VERSION=true environment variable. For more information see: https://github.blog/changelog/2025-09-19-deprecation-of-node-20-on-github-actions-runners/
2026-09-18T03:08:21.7099829Z ##[group]Run actions/upload-artifact@v4
2026-09-18T03:08:21.7100107Z with:
2026-09-18T03:08:21.7100396Z   name: catalog-load-f827a3aefd95fd95dedb2bd2ecc93ae01111ea90
2026-09-18T03:08:21.7100771Z   path: /home/runner/work/_temp/catalog-load
2026-09-18T03:08:21.7101063Z   if-no-files-found: error
2026-09-18T03:08:21.7101309Z   compression-level: 6
2026-09-18T03:08:21.7101542Z   overwrite: false
2026-09-18T03:08:21.7101781Z   include-hidden-files: false
2026-09-18T03:08:21.7102019Z env:
2026-09-18T03:08:21.7102224Z   PYTHONDONTWRITEBYTECODE: 1
2026-09-18T03:08:21.7102483Z   APP_ENV: test
2026-09-18T03:08:21.7103168Z   CATALOG_SCOPE_TEST_DATABASE_URL: ***127.0.0.1:5432/go_catalog_scope_ci
2026-09-18T03:08:21.7103626Z   pythonLocation: /opt/hostedtoolcache/Python/3.13.5/x64
2026-09-18T03:08:21.7104046Z   PKG_CONFIG_PATH: /opt/hostedtoolcache/Python/3.13.5/x64/lib/pkgconfig
2026-09-18T03:08:21.7104452Z   Python_ROOT_DIR: /opt/hostedtoolcache/Python/3.13.5/x64
2026-09-18T03:08:21.7104817Z   Python2_ROOT_DIR: /opt/hostedtoolcache/Python/3.13.5/x64
2026-09-18T03:08:21.7105172Z   Python3_ROOT_DIR: /opt/hostedtoolcache/Python/3.13.5/x64
2026-09-18T03:08:21.7105532Z   LD_LIBRARY_PATH: /opt/hostedtoolcache/Python/3.13.5/x64/lib
2026-09-18T03:08:21.7105853Z ##[endgroup]
2026-09-18T03:08:21.8904897Z (node:2944) [DEP0040] DeprecationWarning: The `punycode` module is deprecated. Please use a userland alternative instead.
2026-09-18T03:08:21.8906290Z (Use `node --trace-deprecation ...` to show where the warning was created)
2026-09-18T03:08:21.9309910Z With the provided path, there will be 10 files uploaded
2026-09-18T03:08:21.9311080Z Artifact name is valid!
2026-09-18T03:08:21.9311677Z Root directory input is valid!
2026-09-18T03:08:22.2020125Z Beginning upload of artifact content to blob storage
2026-09-18T03:08:22.2377496Z (node:2944) [DEP0169] DeprecationWarning: `url.parse()` behavior is not standardized and prone to errors that have security implications. Use the WHATWG URL API instead. CVEs are not issued for `url.parse()` vulnerabilities.
2026-09-18T03:08:22.3545363Z Uploaded bytes 5247
2026-09-18T03:08:22.3913980Z Finished uploading artifact content to blob storage!
2026-09-18T03:08:22.3915246Z SHA256 digest of uploaded artifact zip is 3375076d747607c9122c04e57db2379a9b0efef37231fe556c2f4179fa9bfb53
2026-09-18T03:08:22.3916408Z Finalizing artifact upload
2026-09-18T03:08:22.6220373Z Artifact catalog-load-f827a3aefd95fd95dedb2bd2ecc93ae01111ea90.zip successfully finalized. Artifact ID 10529498959
2026-09-18T03:08:22.6222137Z Artifact catalog-load-f827a3aefd95fd95dedb2bd2ecc93ae01111ea90 has been successfully uploaded! Final size is 5247 bytes. Artifact ID is 10529498959
2026-09-18T03:08:22.6231923Z Artifact download URL: https://github.com/yuguangzhi3836-glitch/GO/actions/runs/35301971860/artifacts/10529498959
2026-09-18T03:08:22.6413624Z Node 20 is being deprecated. This workflow is running with Node 24 by default. If you need to temporarily use Node 20, you can set the ACTIONS_ALLOW_USE_UNSECURE_NODE_VERSION=true environment variable. For more information see: https://github.blog/changelog/2025-09-19-deprecation-of-node-20-on-github-actions-runners/
2026-09-18T03:08:22.6414796Z Post job cleanup.
2026-09-18T03:08:22.7714507Z (node:2956) [DEP0040] DeprecationWarning: The `punycode` module is deprecated. Please use a userland alternative instead.
2026-09-18T03:08:22.7715584Z (Use `node --trace-deprecation ...` to show where the warning was created)
2026-09-18T03:08:22.7934441Z Node 20 is being deprecated. This workflow is running with Node 24 by default. If you need to temporarily use Node 20, you can set the ACTIONS_ALLOW_USE_UNSECURE_NODE_VERSION=true environment variable. For more information see: https://github.blog/changelog/2025-09-19-deprecation-of-node-20-on-github-actions-runners/
2026-09-18T03:08:22.7936529Z Post job cleanup.
2026-09-18T03:08:22.9561161Z [command]/usr/bin/git version
2026-09-18T03:08:22.9631824Z git version 2.55.0
2026-09-18T03:08:22.9683846Z Temporarily overriding HOME='/home/runner/work/_temp/eb7885ab-3522-4e02-9398-f8e33ddf45fa' before making global git config changes
2026-09-18T03:08:22.9685345Z Adding repository directory to the temporary git global config as a safe directory
2026-09-18T03:08:22.9686449Z [command]/usr/bin/git config --global --add safe.directory /home/runner/work/GO/GO
2026-09-18T03:08:22.9688242Z [command]/usr/bin/git config --local --name-only --get-regexp core\.sshCommand
2026-09-18T03:08:22.9690085Z [command]/usr/bin/git submodule foreach --recursive sh -c "git config --local --name-only --get-regexp 'core\.sshCommand' && git config --local --unset-all 'core.sshCommand' || :"
2026-09-18T03:08:23.0007666Z [command]/usr/bin/git config --local --name-only --get-regexp http\.https\:\/\/github\.com\/\.extraheader
2026-09-18T03:08:23.0062743Z [command]/usr/bin/git submodule foreach --recursive sh -c "git config --local --name-only --get-regexp 'http\.https\:\/\/github\.com\/\.extraheader' && git config --local --unset-all 'http.https://github.com/.extraheader' || :"
2026-09-18T03:08:23.0468044Z [command]/usr/bin/git config --local --name-only --get-regexp ^includeIf\.gitdir:
2026-09-18T03:08:23.0538202Z [command]/usr/bin/git submodule foreach --recursive git config --local --show-origin --name-only --get-regexp remote.origin.url
2026-09-18T03:08:23.1052285Z Print service container logs: fcde3b387e7949aaa4438704f8a6fd1b_postgres184_de8776
2026-09-18T03:08:23.1058089Z ##[command]/usr/bin/docker logs --details b8e991222a6f92b2039c18c6a809e51daed3ec7c8b7ef1f1f8df8f62d9e7a332
2026-09-18T03:08:23.1208664Z  The files belonging to this database system will be owned by user "postgres".
2026-09-18T03:08:23.1212725Z  This user must also own the server process.
2026-09-18T03:08:23.1213769Z  
2026-09-18T03:08:23.1215312Z  initdb: warning: enabling "trust" authentication for local connections
2026-09-18T03:08:23.1216081Z  The database cluster will be initialized with locale "en_US.utf8".
2026-09-18T03:08:23.1216539Z  The default database encoding has accordingly been set to "UTF8".
2026-09-18T03:08:23.1216969Z  The default text search configuration will be set to "english".
2026-09-18T03:08:23.1217491Z  
2026-09-18T03:08:23.1217707Z  Data page checksums are enabled.
2026-09-18T03:08:23.1217965Z  
2026-09-18T03:08:23.1218340Z  fixing permissions on existing directory /var/lib/postgresql/18/docker ... ok
2026-09-18T03:08:23.1218762Z  creating subdirectories ... ok
2026-09-18T03:08:23.1219093Z  selecting dynamic shared memory implementation ... posix
2026-09-18T03:08:23.1219465Z  selecting default "max_connections" ... 100
2026-09-18T03:08:23.1219783Z  selecting default "shared_buffers" ... 128MB
2026-09-18T03:08:23.1220079Z  selecting default time zone ... Etc/UTC
2026-09-18T03:08:23.1220721Z  creating configuration files ... ok
2026-09-18T03:08:23.1221094Z  running bootstrap script ... ok
2026-09-18T03:08:23.1221397Z  performing post-bootstrap initialization ... ok
2026-09-18T03:08:23.1221709Z  syncing data to disk ... ok
2026-09-18T03:08:23.1221954Z  
2026-09-18T03:08:23.1222140Z  
2026-09-18T03:08:23.1222381Z  Success. You can now start the database server using:
2026-09-18T03:08:23.1222683Z  
2026-09-18T03:08:23.1222946Z      pg_ctl -D /var/lib/postgresql/18/docker -l logfile start
2026-09-18T03:08:23.1223269Z  
2026-09-18T03:08:23.1223932Z  waiting for server to start....2026-09-18 03:07:14.066 UTC [52] LOG:  starting PostgreSQL 18.4 (Debian 18.4-1.pgdg13+1) on x86_64-pc-linux-gnu, compiled by gcc (Debian 14.2.0-19) 14.2.0, 64-bit
2026-09-18T03:08:23.1224794Z  2026-09-18 03:07:14.066 UTC [52] LOG:  listening on Unix socket "/var/run/postgresql/.s.PGSQL.5432"
2026-09-18T03:08:23.1225366Z  2026-09-18 03:07:14.070 UTC [58] LOG:  database system was shut down at 2026-09-18 03:07:13 UTC
2026-09-18T03:08:23.1225882Z  2026-09-18 03:07:14.073 UTC [52] LOG:  database system is ready to accept connections
2026-09-18T03:08:23.1226292Z   done
2026-09-18T03:08:23.1226492Z  server started
2026-09-18T03:08:23.1226706Z  CREATE DATABASE
2026-09-18T03:08:23.1226918Z  
2026-09-18T03:08:23.1227215Z  
2026-09-18T03:08:23.1227542Z  /usr/local/bin/docker-entrypoint.sh: ignoring /docker-entrypoint-initdb.d/*
2026-09-18T03:08:23.1227937Z  
2026-09-18T03:08:23.1228309Z  waiting for server to shut down....2026-09-18 03:07:14.268 UTC [52] LOG:  received fast shutdown request
2026-09-18T03:08:23.1228847Z  2026-09-18 03:07:14.269 UTC [52] LOG:  aborting any active transactions
2026-09-18T03:08:23.1229430Z  2026-09-18 03:07:14.272 UTC [52] LOG:  background worker "logical replication launcher" (PID 61) exited with exit code 1
2026-09-18T03:08:23.1229983Z  2026-09-18 03:07:14.273 UTC [56] LOG:  shutting down
2026-09-18T03:08:23.1230378Z  2026-09-18 03:07:14.273 UTC [56] LOG:  checkpoint starting: shutdown immediate
2026-09-18T03:08:23.1231510Z  2026-09-18 03:07:14.290 UTC [56] LOG:  checkpoint complete: wrote 943 buffers (5.8%), wrote 3 SLRU buffers; 0 WAL file(s) added, 0 removed, 0 recycled; write=0.014 s, sync=0.002 s, total=0.017 s; sync files=303, longest=0.001 s, average=0.001 s; distance=4352 kB, estimate=4352 kB; lsn=0/1B9FBB0, redo lsn=0/1B9FBB0
2026-09-18T03:08:23.1232576Z  2026-09-18 03:07:14.302 UTC [52] LOG:  database system is shut down
2026-09-18T03:08:23.1232907Z   done
2026-09-18T03:08:23.1233109Z  server stopped
2026-09-18T03:08:23.1233314Z  
2026-09-18T03:08:23.1233770Z  PostgreSQL init process complete; ready for start up.
2026-09-18T03:08:23.1234082Z  
2026-09-18T03:08:23.1235676Z  initdb: hint: You can change this by editing pg_hba.conf or using the option -A, or --auth-local and --auth-host, the next time you run initdb.
2026-09-18T03:08:23.1246722Z  2026-09-18 03:07:14.395 UTC [1] LOG:  starting PostgreSQL 18.4 (Debian 18.4-1.pgdg13+1) on x86_64-pc-linux-gnu, compiled by gcc (Debian 14.2.0-19) 14.2.0, 64-bit
2026-09-18T03:08:23.1248344Z  2026-09-18 03:07:14.395 UTC [1] LOG:  listening on IPv4 address "0.0.0.0", port 5432
2026-09-18T03:08:23.1249330Z  2026-09-18 03:07:14.395 UTC [1] LOG:  listening on IPv6 address "::", port 5432
2026-09-18T03:08:23.1251212Z  2026-09-18 03:07:14.397 UTC [1] LOG:  listening on Unix socket "/var/run/postgresql/.s.PGSQL.5432"
2026-09-18T03:08:23.1252214Z  2026-09-18 03:07:14.408 UTC [74] LOG:  database system was shut down at 2026-09-18 03:07:14 UTC
2026-09-18T03:08:23.1253044Z  2026-09-18 03:07:14.412 UTC [1] LOG:  database system is ready to accept connections
2026-09-18T03:08:23.1260641Z Stop and remove container: fcde3b387e7949aaa4438704f8a6fd1b_postgres184_de8776
2026-09-18T03:08:23.1265631Z ##[command]/usr/bin/docker rm --force b8e991222a6f92b2039c18c6a809e51daed3ec7c8b7ef1f1f8df8f62d9e7a332
2026-09-18T03:08:23.2636638Z b8e991222a6f92b2039c18c6a809e51daed3ec7c8b7ef1f1f8df8f62d9e7a332
2026-09-18T03:08:23.2683704Z Remove container network: github_network_7cee82d0fbc44836badf31d426fe9efe
2026-09-18T03:08:23.2690993Z ##[command]/usr/bin/docker network rm github_network_7cee82d0fbc44836badf31d426fe9efe
2026-09-18T03:08:23.3464598Z github_network_7cee82d0fbc44836badf31d426fe9efe
2026-09-18T03:08:23.3526135Z Cleaning up orphan processes
2026-09-18T03:08:23.3841706Z ##[warning]Node.js 20 is deprecated. The following actions target Node.js 20 but are being forced to run on Node.js 24: actions/checkout@v4, actions/setup-python@v5, actions/upload-artifact@v4. For more information see: https://github.blog/changelog/2025-09-19-deprecation-of-node-20-on-github-actions-runners/

