✔ HTTP helper retains CSRF together with idempotency header (3.553291ms)
✔ Escape cancels traveler selection without authorizing or creating an order (10.681554ms)
✔ rental consent is bound to the selected traveler, field and purpose (3.663997ms)
✔ payment is cancelled without any checkout mutation (2.460789ms)
✔ a failed confirmed payment stays visible and can be retried (2.534818ms)
✔ cancelling a party selection creates no order or grant (2.213387ms)
✔ a party must contain the exact number of different travelers (3.057484ms)
✔ party confirmation returns only the explicitly selected traveler references (3.077505ms)
✔ party selection cannot submit without confirming adult travelers and purpose (3.626568ms)
✔ consumer uses locked V14 main and compact artwork with responsive selection (2.887066ms)
✔ supplier and admin share the locked reverse V14 compact lockup (1.94728ms)
✔ all three entry documents advance cache tokens together (0.380301ms)
✔ GO subbrands use V14 geometry with a deliberately recessive GO tier (0.471352ms)
✔ legacy runtime asset names also resolve to locked V14 geometry (0.551732ms)
✔ cancel review shows every cash component and exact fee basis before submission (18.817589ms)
✔ closing cancel review never sends cancellation or reloads as completed (0.844909ms)
✔ unchecked money confirmation cannot submit a cash action (1.285823ms)
✔ change confirmation keeps paid room value, incremental difference and fee separate (1.130573ms)
✔ cancelled date selection does not request new inventory or a payment (0.828619ms)
✔ displayed quote hash stays bound across asynchronous source mutation (0.880335ms)
✔ unknown supplier progress offers query only and binds the saved operation (1.093404ms)
✔ cancel confirmed and refund pending remain distinct in the customer progress card (0.727831ms)
✔ credit conversion waits for explicit quoted consent and does not claim an unknown cancellation succeeded (4.393311ms)
✔ canceling traveler selection sends no redemption or automatic identity (1.054972ms)
✔ redemption network retry binds the same quote and explicitly selected traveler (2.276094ms)
✔ unknown booking and pending refund remain distinct from completed credit restoration (0.874535ms)
✔ canceling a supplementary payment dialog re-enables the action (16.318349ms)
✔ conversion separates prior cash refunds and forfeiture from retained credit (2.074928ms)
✔ forfeiture conversion confirmation stays bound to the displayed quote after source object changes (0.984339ms)
✔ credit detail keeps original excluded value visible after redemption changes (0.920741ms)
✔ historical credit without a forfeiture breakdown never renders invalid amounts (1.260105ms)
✔ fare confirmation separates fee tiers, cooling, change and property credit terms (2.300309ms)
✔ cancelling fare confirmation has no accepted contract (1.783784ms)
✔ accepted hash remains bound to the rules displayed before asynchronous state changes (0.834329ms)
✔ declining hotel rules never selects or authorizes a traveler or creates an order (1.614447ms)
✔ accepted hotel contract is included with selected traveler and stable booking request identity (1.142255ms)
✔ supplier money and percentage inputs use exact minor units (1.146813ms)
✔ supplier lost-response retry keeps request identity and sends only the claimed cause (4.214807ms)
✔ supplier duplicate clicks while a request is pending cannot create another request (1.10222ms)
✔ unknown supplier cancellation shows approved refund waiting for confirmation, without a resend button (15.213063ms)
✔ hotel funds distinguish frozen, charged, released and refunded cent amounts (26.669545ms)
✔ only approved pending refunds expose retry and all server labels are escaped (0.550098ms)
✔ unknown funding shows reconciliation instead of a false payment claim (0.483984ms)
✔ trip links only open the exact canonical owned direct-reservation path (0.442898ms)
✔ closing a stay complaint form makes no request (1.172321ms)
✔ complaint retries reuse the same request identity and have no refund approval fields (2.163944ms)
✔ blank complaints and duplicate submission clicks cannot send extra requests (1.409524ms)
✔ closing hotel authorization leaves funds untouched (2.189913ms)
✔ hotel checkout requires confirmation and binds the complete stay amount (2.551338ms)
✔ a second click cannot create another hotel authorization while the first is pending (0.92569ms)
✔ a failed hotel authorization remains visible and can be retried (0.853585ms)
✔ conversion clearly shows capture and value and closing does not convert (22.201294ms)
✔ conversion retry keeps original quote, amount and original expiry (2.404584ms)
✔ redemption uses server quote policy and displays forfeiture before consent (1.478313ms)
✔ redemption confirms a fresh traveler and only releases hotel fields (1.771451ms)
✔ double click and Escape cannot duplicate or dismiss pending redemption (10.501547ms)
✔ credit list filters property and disables frozen, expired or reconciliation credits (1.253122ms)
✔ a cancellation quote never cancels a booking and closing preserves it (21.399595ms)
✔ fee consent binds the server quote and keeps frozen release separate from cash refund (1.92588ms)
✔ interrupted cancellation retry uses exactly the same quote and fee (1.297955ms)
✔ double clicks cannot settle twice while a cancellation is pending (1.228246ms)
✔ unavailable fare actions have no executable buttons and rule text is escaped (1.14522ms)
✔ date changes quote first and require fresh consent after editing dates (2.381991ms)
✔ extension keeps check-in fixed and explains replacement authorization (2.224808ms)
✔ independent review requires an explicit checked attestation and chosen proof (2.284389ms)
✔ review submits the exact evidence snapshot and no caller-selected money (0.833066ms)
✔ customer sees completed original refund separately from pending extra payment (14.652936ms)
✔ unapproved guest liability is a review hold without a refund promise or pay button (0.259836ms)
✔ zero captured payment explains authorization release and completed case has no retry (0.404326ms)
✔ finance entry converts decimal currency without fractional cents or silent rounding (0.490948ms)
✔ rail order preserves party, immutable prebook and original total through payment cancellation (4.014022ms)
✔ attraction order uses the quoted slot, quantity and prebook and shows eligibility (0.573592ms)
✔ cancelling confirmation step 1 never creates an order or payment (0.230691ms)
✔ cancelling confirmation step 2 never creates an order or payment (0.368829ms)
✔ cancelled party selection cannot reach order creation (0.360484ms)
✔ quote that expires during traveler selection cannot create or pay an order (0.844929ms)
✔ missing final consent never creates an order (0.46046ms)
✔ different people are required for every quoted place (0.461192ms)
✔ an uncertain payment still opens the existing order for recovery (1.670442ms)
✔ repeated clicks cannot start a second booking while confirmation is open (0.528648ms)
✔ mismatched total, journey or slot is refused before any traveler consent (0.404436ms)
✔ cancelling date selection never requests a quote or payment (2.250216ms)
✔ ride changes continue to use their separate workflow (1.699957ms)
✔ viewing a rental quote does not execute the change (0.905352ms)
✔ confirmed refund difference retains its sign and server quote identity (1.666946ms)
✔ unchecked amount consent blocks executing a displayed quote (1.302414ms)
✔ the shared amount formatter preserves cents on confirmation screens (15.225767ms)
✔ consumer: concurrent expired reads refresh once and preserve namespace (12.165286ms)
✔ consumer: a mutation without idempotency is never replayed after renewal (1.436174ms)
✔ consumer: an idempotent retry retains the original key and body (0.933705ms)
✔ consumer: failed refresh stops without retrying the operation (0.979521ms)
✔ console: concurrent expired reads refresh once and preserve namespace (5.090942ms)
✔ console: a mutation without idempotency is never replayed after renewal (0.841042ms)
✔ console: an idempotent retry retains the original key and body (0.853556ms)
✔ console: failed refresh stops without retrying the operation (0.703755ms)
✔ consumer logout failure preserves account and current page; success clears all private state (1.383586ms)
✔ console logout failure is surfaced instead of silently reporting success (1.843856ms)
✔ console requests work when randomUUID is unavailable in an HTTP preview (1.035966ms)
✔ console login binds the requested account type before establishing a session (0.858224ms)
✔ a changed console actor clears the stale UI and never refreshes or retries (0.821705ms)
✔ consumer: expired access can renew once to revoke its own session (1.459508ms)
✔ console: expired access can renew once to revoke its own session (0.771471ms)
✔ unverified check-in never exposes links or boarding passes (4.355807ms)
✔ per-traveler boarding pass appears only for the verified pass state (1.628303ms)
✔ invalid URL schemes and credentials do not become customer links (1.271166ms)
✔ unknown fleet outcome clearly separates confirmed and proposed times (1.235109ms)
✔ cancelled tracking confirmation sends no binding mutation (2.979819ms)
✔ checked consent sends exact displayed revision and server authority, never wait overrides (1.41256ms)
✔ missing consent prevents any tracking write (1.739481ms)
✔ no authorized source does not open an unusable confirmation dialog (0.870186ms)
✔ waiting protection is conditional and shows the actual event allowance (1.388956ms)
✔ late check-in response cannot populate a detached screen (18.617606ms)
✔ closing permission confirmation sends no permission mutation (4.378093ms)
✔ source disconnect remains explicit and retains server-directed semantics (2.376852ms)
✔ person edit binds the displayed revision and leaves a blank birth date untouched (1.174064ms)
✔ sensitive import inspection happens only after explicit confirmation, with no implicit acceptance (8.248807ms)
✔ untrusted imported content is escaped before display (1.849147ms)
✔ duplicate submits during a pending mutation call the server once (1.752465ms)
✔ import reassignment binds traveler and item revision and does not accept content (1.499643ms)
✔ RAIL cancellation requires explicit confirmation (3.029131ms)
✔ RAIL response loss still reloads persisted order (2.697923ms)
✔ RAIL paid or uncertain orders cannot open unpaid cancellation (2.643921ms)
✔ ATTRACTION cancellation requires explicit confirmation (0.760652ms)
✔ ATTRACTION response loss still reloads persisted order (0.849117ms)
✔ ATTRACTION paid or uncertain orders cannot open unpaid cancellation (2.425433ms)
✔ new unpaid reservation displays its frozen UTC deadline (1.195644ms)
✔ legacy orders never receive a fabricated deadline (0.220503ms)
✔ expiry display relies on persisted server state instead of browser clock (0.166391ms)
✔ started and uncertain payment keeps its reservation message (1.00604ms)
✔ RAIL: opening recovery does not send a refund until confirmed (2.175866ms)
✔ RAIL: failed response still reloads persisted order state (2.034703ms)
✔ ATTRACTION: opening recovery does not send a refund until confirmed (0.864415ms)
✔ ATTRACTION: failed response still reloads persisted order state (0.986364ms)
✔ busy recovery gives a customer message and refreshes the existing order (0.836333ms)
✔ rail interrupted change confirms the original quote instead of creating another (1.066383ms)
ℹ tests 135
ℹ suites 0
ℹ pass 135
ℹ fail 0
ℹ cancelled 0
ℹ skipped 0
ℹ todo 0
ℹ duration_ms 1549.011464
