GO_CP11_DEPTH28_V14_DELTA_20260909.zip: OK
PACKAGE_STATUS.json: OK
PARENT_SOURCE_FINGERPRINT.json: OK
README.md: OK
SOURCE_FINGERPRINT.json: OK
SOURCE_MANIFEST.json: OK
evidence/BROWSER_ACCEPTANCE.json: OK
evidence/CURRENT_BUILD_STATUS.json: OK
evidence/RESTORE_ATTEMPTS.json: OK
evidence/affected-python.log: OK
evidence/affected-python.xml: OK
evidence/apply-v14-subbrand.log: OK
evidence/apply-v14.log: OK
evidence/frontend-errors.log: OK
evidence/frontend-subbrand.log: OK
evidence/frontend.log: OK
evidence/frontend.xml: OK
evidence/restore-verification.log: OK
evidence/restored-affected-python.log: OK
evidence/restored-affected-python.xml: OK
evidence/restored-frontend.log: OK
evidence/subbrand-proof/go-ai.png: OK
evidence/subbrand-proof/go-offer.png: OK
restore_depth28.py: OK
source_changes/design/brand/depth28/SUBBRAND_HIERARCHY.json: OK
source_changes/frontend/admin/index.html: OK
source_changes/frontend/consumer/app.js: OK
source_changes/frontend/consumer/assets/go-ai.svg: OK
source_changes/frontend/consumer/assets/go-compact-lockup-v14.svg: OK
source_changes/frontend/consumer/assets/go-main-lockup-v14.svg: OK
source_changes/frontend/consumer/assets/go-main-lockup.svg: OK
source_changes/frontend/consumer/assets/go-mark.svg: OK
source_changes/frontend/consumer/assets/go-offer.svg: OK
source_changes/frontend/consumer/assets/go-symbol-on-color.svg: OK
source_changes/frontend/consumer/assets/go-symbol-v14-reverse.svg: OK
source_changes/frontend/consumer/assets/go-symbol-v14.svg: OK
source_changes/frontend/consumer/assets/go-symbol.svg: OK
source_changes/frontend/consumer/direct.html: OK
source_changes/frontend/consumer/flight-journeys.js: OK
source_changes/frontend/consumer/index.html: OK
source_changes/frontend/consumer/vi-reference-10.css: OK
source_changes/frontend/shared/app.js: OK
source_changes/frontend/shared/go-compact-v14-reverse.svg: OK
source_changes/frontend/shared/go-mark-inverse.svg: OK
source_changes/frontend/shared/go-mark.svg: OK
source_changes/frontend/shared/go-symbol-v14-reverse.svg: OK
source_changes/frontend/shared/go-symbol-v14.svg: OK
source_changes/frontend/shared/styles.css: OK
source_changes/frontend/supplier/index.html: OK
source_changes/scripts/apply_depth28_v14_vi.py: OK
source_changes/scripts/package_depth28_v14.py: OK
source_changes/scripts/preview_network_interfaces.cjs: OK
source_changes/tests_frontend/brand_v14.test.mjs: OK
