2026-09-14T01:14:55.0984105Z Current runner version: '2.337.0'
2026-09-14T01:14:55.1010270Z ##[group]Runner Image Provisioner
2026-09-14T01:14:55.1011441Z Hosted Compute Agent
2026-09-14T01:14:55.1012062Z Version: 20260828.587
2026-09-14T01:14:55.1012798Z Commit: abac92662cab4cc7352de4f9f9d2e2419aad9c29
2026-09-14T01:14:55.1013568Z Build Date: 2026-08-28T16:44:25Z
2026-09-14T01:14:55.1014383Z Worker ID: {24fb0d82-f46f-4869-b6ba-191dd909263f}
2026-09-14T01:14:55.1015204Z Azure Region: northcentralus
2026-09-14T01:14:55.1015852Z ##[endgroup]
2026-09-14T01:14:55.1017266Z ##[group]Operating System
2026-09-14T01:14:55.1017962Z Ubuntu
2026-09-14T01:14:55.1018497Z 24.04.5
2026-09-14T01:14:55.1019063Z LTS
2026-09-14T01:14:55.1019621Z ##[endgroup]
2026-09-14T01:14:55.1020222Z ##[group]Runner Image
2026-09-14T01:14:55.1021055Z Image: ubuntu-24.04
2026-09-14T01:14:55.1021663Z Version: 20260907.300.1
2026-09-14T01:14:55.1022978Z Included Software: https://github.com/actions/runner-images/blob/ubuntu24/20260907.300/images/ubuntu/Ubuntu2404-Readme.md
2026-09-14T01:14:55.1024511Z Image Release: https://github.com/actions/runner-images/releases/tag/ubuntu24%2F20260907.300
2026-09-14T01:14:55.1025493Z ##[endgroup]
2026-09-14T01:14:55.1026631Z ##[group]GITHUB_TOKEN Permissions
2026-09-14T01:14:55.1028798Z Contents: read
2026-09-14T01:14:55.1029414Z Metadata: read
2026-09-14T01:14:55.1030012Z ##[endgroup]
2026-09-14T01:14:55.1032143Z Secret source: Actions
2026-09-14T01:14:55.1033152Z Cache mode: write
2026-09-14T01:14:55.1033847Z Prepare workflow directory
2026-09-14T01:14:55.1408789Z Prepare all required actions
2026-09-14T01:14:55.1478589Z Getting action download info
2026-09-14T01:14:55.3938041Z Download action repository 'actions/checkout@v4' (SHA:11d5960a326750d5838078e36cf38b85af677262)
2026-09-14T01:14:55.5965114Z Download action repository 'actions/download-artifact@v4' (SHA:d3f86a106a0bac45b974a628896c90dbdf5c8093)
2026-09-14T01:14:56.0340611Z Download action repository 'actions/upload-artifact@v4' (SHA:ea165f8d65b6e75b540449e92b4886f43607fa02)
2026-09-14T01:14:56.3988140Z Complete job name: independent-restore
2026-09-14T01:14:56.4672279Z Node 20 is being deprecated. This workflow is running with Node 24 by default. If you need to temporarily use Node 20, you can set the ACTIONS_ALLOW_USE_UNSECURE_NODE_VERSION=true environment variable. For more information see: https://github.blog/changelog/2025-09-19-deprecation-of-node-20-on-github-actions-runners/
2026-09-14T01:14:56.4681297Z ##[group]Run actions/checkout@v4
2026-09-14T01:14:56.4682156Z with:
2026-09-14T01:14:56.4682756Z   ref: 83b253931864f8c2664a0a897b9a5c833286d8c5
2026-09-14T01:14:56.4683492Z   persist-credentials: false
2026-09-14T01:14:56.4684171Z   repository: yuguangzhi3836-glitch/GO
2026-09-14T01:14:56.4688024Z   token: ***
2026-09-14T01:14:56.4688571Z   ssh-strict: true
2026-09-14T01:14:56.4689155Z   ssh-user: git
2026-09-14T01:14:56.4689689Z   clean: true
2026-09-14T01:14:56.4690283Z   sparse-checkout-cone-mode: true
2026-09-14T01:14:56.4691063Z   fetch-depth: 1
2026-09-14T01:14:56.4691695Z   fetch-tags: false
2026-09-14T01:14:56.4692368Z   show-progress: true
2026-09-14T01:14:56.4693027Z   lfs: false
2026-09-14T01:14:56.4693594Z   submodules: false
2026-09-14T01:14:56.4694151Z   set-safe-directory: true
2026-09-14T01:14:56.4694781Z   allow-unsafe-pr-checkout: false
2026-09-14T01:14:56.4695658Z ##[endgroup]
2026-09-14T01:14:56.5900982Z Syncing repository: yuguangzhi3836-glitch/GO
2026-09-14T01:14:56.5907963Z ##[group]Getting Git version info
2026-09-14T01:14:56.5909564Z Working directory is '/home/runner/work/GO/GO'
2026-09-14T01:14:56.5914097Z [command]/usr/bin/git version
2026-09-14T01:14:56.5941906Z git version 2.55.0
2026-09-14T01:14:56.6003893Z ##[endgroup]
2026-09-14T01:14:56.6025192Z Temporarily overriding HOME='/home/runner/work/_temp/90c2e61e-556a-4726-aa7e-f8cc90c2a8c9' before making global git config changes
2026-09-14T01:14:56.6027599Z Adding repository directory to the temporary git global config as a safe directory
2026-09-14T01:14:56.6029556Z [command]/usr/bin/git config --global --add safe.directory /home/runner/work/GO/GO
2026-09-14T01:14:56.6106933Z Deleting the contents of '/home/runner/work/GO/GO'
2026-09-14T01:14:56.6122346Z ##[group]Initializing the repository
2026-09-14T01:14:56.6141264Z [command]/usr/bin/git init /home/runner/work/GO/GO
2026-09-14T01:14:56.6261819Z hint: Using 'master' as the name for the initial branch. This default branch name
2026-09-14T01:14:56.6285099Z hint: will change to "main" in Git 3.0. To configure the initial branch name
2026-09-14T01:14:56.6296075Z hint: to use in all of your new repositories, which will suppress this warning,
2026-09-14T01:14:56.6297725Z hint: call:
2026-09-14T01:14:56.6298759Z hint:
2026-09-14T01:14:56.6300076Z hint: 	git config --global init.defaultBranch <name>
2026-09-14T01:14:56.6301591Z hint:
2026-09-14T01:14:56.6302915Z hint: Names commonly chosen instead of 'master' are 'main', 'trunk' and
2026-09-14T01:14:56.6304861Z hint: 'development'. The just-created branch can be renamed via this command:
2026-09-14T01:14:56.6306343Z hint:
2026-09-14T01:14:56.6307464Z hint: 	git branch -m <name>
2026-09-14T01:14:56.6308642Z hint:
2026-09-14T01:14:56.6309957Z hint: Disable this message with "git config set advice.defaultBranchName false"
2026-09-14T01:14:56.6312165Z Initialized empty Git repository in /home/runner/work/GO/GO/.git/
2026-09-14T01:14:56.6316239Z [command]/usr/bin/git remote add origin https://github.com/yuguangzhi3836-glitch/GO
2026-09-14T01:14:56.6349019Z ##[endgroup]
2026-09-14T01:14:56.6350853Z ##[group]Disabling automatic garbage collection
2026-09-14T01:14:56.6352509Z [command]/usr/bin/git config --local gc.auto 0
2026-09-14T01:14:56.6414141Z ##[endgroup]
2026-09-14T01:14:56.6432240Z ##[group]Setting up auth
2026-09-14T01:14:56.6451922Z [command]/usr/bin/git config --local --name-only --get-regexp core\.sshCommand
2026-09-14T01:14:56.6483522Z [command]/usr/bin/git submodule foreach --recursive sh -c "git config --local --name-only --get-regexp 'core\.sshCommand' && git config --local --unset-all 'core.sshCommand' || :"
2026-09-14T01:14:56.6914222Z [command]/usr/bin/git config --local --name-only --get-regexp http\.https\:\/\/github\.com\/\.extraheader
2026-09-14T01:14:56.6993341Z [command]/usr/bin/git submodule foreach --recursive sh -c "git config --local --name-only --get-regexp 'http\.https\:\/\/github\.com\/\.extraheader' && git config --local --unset-all 'http.https://github.com/.extraheader' || :"
2026-09-14T01:14:56.7222885Z [command]/usr/bin/git config --local --name-only --get-regexp ^includeIf\.gitdir:
2026-09-14T01:14:56.7262936Z [command]/usr/bin/git submodule foreach --recursive git config --local --show-origin --name-only --get-regexp remote.origin.url
2026-09-14T01:14:56.7459585Z [command]/usr/bin/git config --local http.https://github.com/.extraheader AUTHORIZATION: basic ***
2026-09-14T01:14:56.7490199Z ##[endgroup]
2026-09-14T01:14:56.7493117Z ##[group]Fetching the repository
2026-09-14T01:14:56.7502581Z [command]/usr/bin/git -c protocol.version=2 fetch --no-tags --prune --no-recurse-submodules --depth=1 origin 83b253931864f8c2664a0a897b9a5c833286d8c5
2026-09-14T01:15:15.1549659Z From https://github.com/yuguangzhi3836-glitch/GO
2026-09-14T01:15:15.1571313Z  * branch            83b253931864f8c2664a0a897b9a5c833286d8c5 -> FETCH_HEAD
2026-09-14T01:15:15.1574318Z ##[endgroup]
2026-09-14T01:15:15.1575222Z ##[group]Determining the checkout info
2026-09-14T01:15:15.1576045Z ##[endgroup]
2026-09-14T01:15:15.1576761Z [command]/usr/bin/git sparse-checkout disable
2026-09-14T01:15:15.1621725Z [command]/usr/bin/git config --local --unset-all extensions.worktreeConfig
2026-09-14T01:15:15.1659772Z ##[group]Checking out the ref
2026-09-14T01:15:15.1662612Z [command]/usr/bin/git checkout --progress --force 83b253931864f8c2664a0a897b9a5c833286d8c5
2026-09-14T01:15:16.5398399Z Updating files:  32% (1631/4990)
2026-09-14T01:15:17.0726111Z Updating files:  33% (1647/4990)
2026-09-14T01:15:17.0746272Z Updating files:  34% (1697/4990)
2026-09-14T01:15:17.0765156Z Updating files:  35% (1747/4990)
2026-09-14T01:15:17.0794021Z Updating files:  36% (1797/4990)
2026-09-14T01:15:17.0882280Z Updating files:  37% (1847/4990)
2026-09-14T01:15:17.0951299Z Updating files:  38% (1897/4990)
2026-09-14T01:15:17.0993586Z Updating files:  39% (1947/4990)
2026-09-14T01:15:17.1010325Z Updating files:  40% (1996/4990)
2026-09-14T01:15:17.1024185Z Updating files:  41% (2046/4990)
2026-09-14T01:15:17.1042670Z Updating files:  42% (2096/4990)
2026-09-14T01:15:17.1061432Z Updating files:  43% (2146/4990)
2026-09-14T01:15:17.1084017Z Updating files:  44% (2196/4990)
2026-09-14T01:15:17.1102939Z Updating files:  45% (2246/4990)
2026-09-14T01:15:17.1124078Z Updating files:  46% (2296/4990)
2026-09-14T01:15:17.1140115Z Updating files:  47% (2346/4990)
2026-09-14T01:15:17.1161485Z Updating files:  48% (2396/4990)
2026-09-14T01:15:17.1194930Z Updating files:  49% (2446/4990)
2026-09-14T01:15:17.1230703Z Updating files:  50% (2495/4990)
2026-09-14T01:15:17.1251847Z Updating files:  51% (2545/4990)
2026-09-14T01:15:17.1285857Z Updating files:  52% (2595/4990)
2026-09-14T01:15:17.1318486Z Updating files:  53% (2645/4990)
2026-09-14T01:15:17.1336660Z Updating files:  54% (2695/4990)
2026-09-14T01:15:17.1362662Z Updating files:  55% (2745/4990)
2026-09-14T01:15:17.1386147Z Updating files:  56% (2795/4990)
2026-09-14T01:15:17.1406727Z Updating files:  57% (2845/4990)
2026-09-14T01:15:17.1428931Z Updating files:  58% (2895/4990)
2026-09-14T01:15:17.1449568Z Updating files:  59% (2945/4990)
2026-09-14T01:15:17.1741837Z Updating files:  60% (2994/4990)
2026-09-14T01:15:17.2706064Z Updating files:  60% (3016/4990)
2026-09-14T01:15:17.2733680Z Updating files:  61% (3044/4990)
2026-09-14T01:15:17.2755816Z Updating files:  62% (3094/4990)
2026-09-14T01:15:17.2820509Z Updating files:  63% (3144/4990)
2026-09-14T01:15:17.3140037Z Updating files:  64% (3194/4990)
2026-09-14T01:15:17.3369306Z Updating files:  65% (3244/4990)
2026-09-14T01:15:17.3770086Z Updating files:  66% (3294/4990)
2026-09-14T01:15:17.3805893Z Updating files:  67% (3344/4990)
2026-09-14T01:15:17.3826722Z Updating files:  68% (3394/4990)
2026-09-14T01:15:17.3845205Z Updating files:  69% (3444/4990)
2026-09-14T01:15:17.3859987Z Updating files:  70% (3493/4990)
2026-09-14T01:15:17.3899238Z Updating files:  71% (3543/4990)
2026-09-14T01:15:17.3951625Z Updating files:  72% (3593/4990)
2026-09-14T01:15:17.3967784Z Updating files:  73% (3643/4990)
2026-09-14T01:15:17.3987383Z Updating files:  74% (3693/4990)
2026-09-14T01:15:17.4019180Z Updating files:  75% (3743/4990)
2026-09-14T01:15:17.4052496Z Updating files:  76% (3793/4990)
2026-09-14T01:15:17.4073057Z Updating files:  77% (3843/4990)
2026-09-14T01:15:17.4111194Z Updating files:  78% (3893/4990)
2026-09-14T01:15:17.4131476Z Updating files:  79% (3943/4990)
2026-09-14T01:15:17.4156447Z Updating files:  80% (3992/4990)
2026-09-14T01:15:17.4345223Z Updating files:  81% (4042/4990)
2026-09-14T01:15:17.4503308Z Updating files:  82% (4092/4990)
2026-09-14T01:15:17.5592210Z Updating files:  83% (4142/4990)
2026-09-14T01:15:17.6401792Z Updating files:  84% (4192/4990)
2026-09-14T01:15:17.6526839Z Updating files:  85% (4242/4990)
2026-09-14T01:15:17.6582942Z Updating files:  86% (4292/4990)
2026-09-14T01:15:17.6603840Z Updating files:  87% (4342/4990)
2026-09-14T01:15:17.6619229Z Updating files:  88% (4392/4990)
2026-09-14T01:15:17.6634090Z Updating files:  89% (4442/4990)
2026-09-14T01:15:17.6664239Z Updating files:  90% (4491/4990)
2026-09-14T01:15:17.6742619Z Updating files:  91% (4541/4990)
2026-09-14T01:15:17.6756847Z Updating files:  92% (4591/4990)
2026-09-14T01:15:17.6768097Z Updating files:  93% (4641/4990)
2026-09-14T01:15:17.6784067Z Updating files:  94% (4691/4990)
2026-09-14T01:15:17.6812683Z Updating files:  95% (4741/4990)
2026-09-14T01:15:17.6841924Z Updating files:  96% (4791/4990)
2026-09-14T01:15:17.6859874Z Updating files:  97% (4841/4990)
2026-09-14T01:15:17.6885249Z Updating files:  98% (4891/4990)
2026-09-14T01:15:17.6902313Z Updating files:  99% (4941/4990)
2026-09-14T01:15:17.6905705Z Updating files: 100% (4990/4990)
2026-09-14T01:15:17.6906552Z Updating files: 100% (4990/4990), done.
2026-09-14T01:15:17.8957097Z Note: switching to '83b253931864f8c2664a0a897b9a5c833286d8c5'.
2026-09-14T01:15:17.8957466Z 
2026-09-14T01:15:17.8957752Z You are in 'detached HEAD' state. You can look around, make experimental
2026-09-14T01:15:17.8958335Z changes and commit them, and you can discard any commits you make in this
2026-09-14T01:15:17.8958955Z state without impacting any branches by switching back to a branch.
2026-09-14T01:15:17.8959303Z 
2026-09-14T01:15:17.8959561Z If you want to create a new branch to retain commits you create, you may
2026-09-14T01:15:17.8960169Z do so (now or later) by using -c with the switch command. Example:
2026-09-14T01:15:17.8960754Z 
2026-09-14T01:15:17.8961039Z   git switch -c <new-branch-name>
2026-09-14T01:15:17.8961257Z 
2026-09-14T01:15:17.8961458Z Or undo this operation with:
2026-09-14T01:15:17.8961717Z 
2026-09-14T01:15:17.8961867Z   git switch -
2026-09-14T01:15:17.8962062Z 
2026-09-14T01:15:17.8962324Z Turn off this advice by setting config variable advice.detachedHead to false
2026-09-14T01:15:17.8962743Z 
2026-09-14T01:15:17.8963032Z HEAD is now at 83b2539 fix: distinguish retained source archive from canonical image cache exclusions
2026-09-14T01:15:18.2025418Z ##[endgroup]
2026-09-14T01:15:18.2081452Z [command]/usr/bin/git log -1 --format=%H
2026-09-14T01:15:18.2126876Z 83b253931864f8c2664a0a897b9a5c833286d8c5
2026-09-14T01:15:18.2129126Z ##[group]Removing auth
2026-09-14T01:15:18.2162349Z [command]/usr/bin/git config --local --name-only --get-regexp core\.sshCommand
2026-09-14T01:15:18.2187421Z [command]/usr/bin/git submodule foreach --recursive sh -c "git config --local --name-only --get-regexp 'core\.sshCommand' && git config --local --unset-all 'core.sshCommand' || :"
2026-09-14T01:15:18.2409404Z [command]/usr/bin/git config --local --name-only --get-regexp http\.https\:\/\/github\.com\/\.extraheader
2026-09-14T01:15:18.2546378Z http.https://github.com/.extraheader
2026-09-14T01:15:18.2556979Z [command]/usr/bin/git config --local --unset-all http.https://github.com/.extraheader
2026-09-14T01:15:18.2682111Z [command]/usr/bin/git submodule foreach --recursive sh -c "git config --local --name-only --get-regexp 'http\.https\:\/\/github\.com\/\.extraheader' && git config --local --unset-all 'http.https://github.com/.extraheader' || :"
2026-09-14T01:15:18.2911813Z [command]/usr/bin/git config --local --name-only --get-regexp ^includeIf\.gitdir:
2026-09-14T01:15:18.2961914Z [command]/usr/bin/git submodule foreach --recursive git config --local --show-origin --name-only --get-regexp remote.origin.url
2026-09-14T01:15:18.3176057Z ##[endgroup]
2026-09-14T01:15:18.3424492Z Node 20 is being deprecated. This workflow is running with Node 24 by default. If you need to temporarily use Node 20, you can set the ACTIONS_ALLOW_USE_UNSECURE_NODE_VERSION=true environment variable. For more information see: https://github.blog/changelog/2025-09-19-deprecation-of-node-20-on-github-actions-runners/
2026-09-14T01:15:18.3426229Z ##[group]Run actions/download-artifact@v4
2026-09-14T01:15:18.3426601Z with:
2026-09-14T01:15:18.3427039Z   name: canonical-runtime-83b253931864f8c2664a0a897b9a5c833286d8c5
2026-09-14T01:15:18.3427511Z   path: /home/runner/work/_temp/downloaded
2026-09-14T01:15:18.3427926Z   merge-multiple: false
2026-09-14T01:15:18.3428326Z   repository: yuguangzhi3836-glitch/GO
2026-09-14T01:15:18.3428656Z   run-id: 34795198840
2026-09-14T01:15:18.3428982Z ##[endgroup]
2026-09-14T01:15:18.5080841Z Downloading single artifact
2026-09-14T01:15:18.5265516Z (node:2103) [DEP0040] DeprecationWarning: The `punycode` module is deprecated. Please use a userland alternative instead.
2026-09-14T01:15:18.5281663Z (Use `node --trace-deprecation ...` to show where the warning was created)
2026-09-14T01:15:18.6685182Z Preparing to download the following artifacts:
2026-09-14T01:15:18.6713604Z - canonical-runtime-83b253931864f8c2664a0a897b9a5c833286d8c5 (ID: 10328889188, Size: 114416212, Expected Digest: sha256:0402a0308a459c661f9ed1a256923be2b589cbe5e4ddfcb424877e34704e4a5f)
2026-09-14T01:15:18.8008100Z Redirecting to blob download url: https://productionresultssa0.blob.core.windows.net/actions-results/906f80e4-7462-43da-82f6-5d681ed13d7a/workflow-job-run-93dcbdf9-27e9-57ce-b103-a3cc698b7c31/artifacts/5edfbe636566ad605f8ddb03a1c6fd43339f651e93539814c59b2d765fb39f1d.zip
2026-09-14T01:15:18.8010353Z Starting download of artifact to: /home/runner/work/_temp/downloaded
2026-09-14T01:15:18.9513223Z (node:2103) [DEP0005] DeprecationWarning: Buffer() is deprecated due to security and usability issues. Please use the Buffer.alloc(), Buffer.allocUnsafe(), or Buffer.from() methods instead.
2026-09-14T01:15:20.4317119Z SHA256 digest of downloaded artifact is 0402a0308a459c661f9ed1a256923be2b589cbe5e4ddfcb424877e34704e4a5f
2026-09-14T01:15:20.4318531Z Artifact download completed successfully.
2026-09-14T01:15:20.4319442Z Total of 1 artifact(s) downloaded
2026-09-14T01:15:20.4325411Z Download artifact has finished successfully
2026-09-14T01:15:20.4448718Z ##[group]Run set -o pipefail
2026-09-14T01:15:20.4449262Z [36;1mset -o pipefail[0m
2026-09-14T01:15:20.4450073Z [36;1mpython3 -B packaging/canonical-runtime/package.py restore "$RUNNER_TEMP/downloaded/runtime-delivery" 2>&1 | tee "$RUNNER_TEMP/restore.log"[0m
2026-09-14T01:15:20.4483987Z shell: /usr/bin/bash -e {0}
2026-09-14T01:15:20.4484780Z ##[endgroup]
2026-09-14T01:15:41.9896181Z Loaded image: go-hotel:canonical-995d0d83-20260914
2026-09-14T01:16:05.0890636Z f96ffcbff5cdccb23aa8bb1e2cd97e57b52cf810d07acbb00511399c320b5808
2026-09-14T01:16:05.0904226Z {"package_sha256": "b297f139a236681019fe894f4f1a94068636649e1235a20502a383a610f16f63", "image_id": "sha256:47bb66c429868689e922ecc1bee668e9c12bfa24e2cddca1717e16887f34115d", "application_git_tree": "995d0d83faf883bec980c896fe8a17b0f12360fa", "source_tree_sha256": "1c4d78c3c1bb5f448d0ebdb99d16a2d76419bbc663cc9ed8fae831e1d18c10c4", "offline_image_restore": "PASS_SCOPED", "image_execution_network": "none", "sealed_node": "HOLD", "full_release": "HOLD", "deployment": "NOT_RUN", "production": "HOLD"}
2026-09-14T01:16:05.1313302Z Node 20 is being deprecated. This workflow is running with Node 24 by default. If you need to temporarily use Node 20, you can set the ACTIONS_ALLOW_USE_UNSECURE_NODE_VERSION=true environment variable. For more information see: https://github.blog/changelog/2025-09-19-deprecation-of-node-20-on-github-actions-runners/
2026-09-14T01:16:05.1314601Z ##[group]Run actions/upload-artifact@v4
2026-09-14T01:16:05.1314971Z with:
2026-09-14T01:16:05.1315394Z   name: canonical-runtime-restore-83b253931864f8c2664a0a897b9a5c833286d8c5
2026-09-14T01:16:05.1316174Z   path: /home/runner/work/_temp/downloaded/runtime-delivery/restore-evidence
/home/runner/work/_temp/restore.log

2026-09-14T01:16:05.1316779Z   if-no-files-found: error
2026-09-14T01:16:05.1317122Z   retention-days: 90
2026-09-14T01:16:05.1317454Z   compression-level: 6
2026-09-14T01:16:05.1317805Z   overwrite: false
2026-09-14T01:16:05.1318174Z   include-hidden-files: false
2026-09-14T01:16:05.1318511Z ##[endgroup]
2026-09-14T01:16:05.3024514Z (node:2825) [DEP0040] DeprecationWarning: The `punycode` module is deprecated. Please use a userland alternative instead.
2026-09-14T01:16:05.3026040Z (Use `node --trace-deprecation ...` to show where the warning was created)
2026-09-14T01:16:05.3307804Z Multiple search paths detected. Calculating the least common ancestor of all paths
2026-09-14T01:16:05.3381898Z The least common ancestor is /home/runner/work/_temp. This will be the root directory of the artifact
2026-09-14T01:16:05.3385240Z With the provided path, there will be 8 files uploaded
2026-09-14T01:16:05.3386950Z Artifact name is valid!
2026-09-14T01:16:05.3387768Z Root directory input is valid!
2026-09-14T01:16:05.6051436Z Beginning upload of artifact content to blob storage
2026-09-14T01:16:05.6464066Z (node:2825) [DEP0169] DeprecationWarning: `url.parse()` behavior is not standardized and prone to errors that have security implications. Use the WHATWG URL API instead. CVEs are not issued for `url.parse()` vulnerabilities.
2026-09-14T01:16:05.7390681Z Uploaded bytes 9026
2026-09-14T01:16:05.7686355Z Finished uploading artifact content to blob storage!
2026-09-14T01:16:05.7687973Z SHA256 digest of uploaded artifact zip is bb6239dc64f583013d9d2a6a98ac93af21b1301a269a37e85d26152ebc1c4307
2026-09-14T01:16:05.7691464Z Finalizing artifact upload
2026-09-14T01:16:06.0076380Z Artifact canonical-runtime-restore-83b253931864f8c2664a0a897b9a5c833286d8c5.zip successfully finalized. Artifact ID 10328978838
2026-09-14T01:16:06.0078372Z Artifact canonical-runtime-restore-83b253931864f8c2664a0a897b9a5c833286d8c5 has been successfully uploaded! Final size is 9026 bytes. Artifact ID is 10328978838
2026-09-14T01:16:06.0084401Z Artifact download URL: https://github.com/yuguangzhi3836-glitch/GO/actions/runs/34795198840/artifacts/10328978838
2026-09-14T01:16:06.0261413Z Node 20 is being deprecated. This workflow is running with Node 24 by default. If you need to temporarily use Node 20, you can set the ACTIONS_ALLOW_USE_UNSECURE_NODE_VERSION=true environment variable. For more information see: https://github.blog/changelog/2025-09-19-deprecation-of-node-20-on-github-actions-runners/
2026-09-14T01:16:06.0262628Z Post job cleanup.
2026-09-14T01:16:06.1151894Z [command]/usr/bin/git version
2026-09-14T01:16:06.1202313Z git version 2.55.0
2026-09-14T01:16:06.1261915Z Temporarily overriding HOME='/home/runner/work/_temp/fe7e2f37-f60b-4ab9-be11-c5c17df329ee' before making global git config changes
2026-09-14T01:16:06.1263510Z Adding repository directory to the temporary git global config as a safe directory
2026-09-14T01:16:06.1264648Z [command]/usr/bin/git config --global --add safe.directory /home/runner/work/GO/GO
2026-09-14T01:16:06.1353216Z [command]/usr/bin/git config --local --name-only --get-regexp core\.sshCommand
2026-09-14T01:16:06.1402410Z [command]/usr/bin/git submodule foreach --recursive sh -c "git config --local --name-only --get-regexp 'core\.sshCommand' && git config --local --unset-all 'core.sshCommand' || :"
2026-09-14T01:16:06.1687244Z [command]/usr/bin/git config --local --name-only --get-regexp http\.https\:\/\/github\.com\/\.extraheader
2026-09-14T01:16:06.1738928Z [command]/usr/bin/git submodule foreach --recursive sh -c "git config --local --name-only --get-regexp 'http\.https\:\/\/github\.com\/\.extraheader' && git config --local --unset-all 'http.https://github.com/.extraheader' || :"
2026-09-14T01:16:06.2103676Z [command]/usr/bin/git config --local --name-only --get-regexp ^includeIf\.gitdir:
2026-09-14T01:16:06.2171774Z [command]/usr/bin/git submodule foreach --recursive git config --local --show-origin --name-only --get-regexp remote.origin.url
2026-09-14T01:16:06.2648670Z Cleaning up orphan processes
2026-09-14T01:16:06.2978269Z ##[warning]Node.js 20 is deprecated. The following actions target Node.js 20 but are being forced to run on Node.js 24: actions/checkout@v4, actions/download-artifact@v4, actions/upload-artifact@v4. For more information see: https://github.blog/changelog/2025-09-19-deprecation-of-node-20-on-github-actions-runners/
