..........FFFFF.....                                                     [100%]
=================================== FAILURES ===================================
____________ test_authorization_amount_must_match_immutable_intent _____________

http = <starlette.testclient.TestClient object at 0x7f4fb2b3b8c0>
business = {'body': {'check_in': '2026-09-28', 'check_out': '2026-09-29', 'guest_contact': 'synthetic@example.invalid', 'guest_na...oxXSiqm3MEIzNL0tOK3bXdvXg'}, 'clock': {'at': datetime.datetime(2026, 9, 28, 16, 0, tzinfo=datetime.timezone.utc)}, ...}

    def test_authorization_amount_must_match_immutable_intent(http,business):
        h=business;rid,_=purchase(http,h,'authorization-amount')
        with SessionLocal.begin() as s:s.scalar(select(m.OmnichannelMoneyMovementRow).where(m.OmnichannelMoneyMovementRow.movement_type=='AUTHORIZATION')).amount_minor+=1
        h['clock']['at']=window(h['day'].isoformat())[1]
        result=close_day(http,h,h['day'].isoformat());record('authorization-amount-mismatch',{'actual':result,'money':graph(rid),'expected':'BLOCKED_NO_FINAL_CLOSE'})
>       assert result['daily_close_id'] is None and result['exception_summary_json']['blockers'],result
E       AssertionError: {'business_date': '2026-09-28', 'closed_at': '2026-09-28T16:00:00+00:00', 'closed_by': 'usr_1d2df5795f1040db8510c0a4b906de39', 'daily_close_id': 'hdc_255b4f68e19544b8bdae9eb9791e6110', ...}
E       assert ('hdc_255b4f68e19544b8bdae9eb9791e6110' is None)

c13-round8/test_independent_day.py:147: AssertionError
___________ test_archived_order_source_tamper_rejected[amount_minor] ___________

http = <starlette.testclient.TestClient object at 0x7f4fb10e8e90>
business = {'body': {'check_in': '2026-09-28', 'check_out': '2026-09-29', 'guest_contact': 'synthetic@example.invalid', 'guest_na...Yv0pG3xS8owvRCt3JG0gbgIbw'}, 'clock': {'at': datetime.datetime(2026, 9, 28, 16, 0, tzinfo=datetime.timezone.utc)}, ...}
field = 'amount_minor'

    @pytest.mark.parametrize('field',['amount_minor','currency','check_out'])
    def test_archived_order_source_tamper_rejected(http,business,field):
        h=business;rid,_=purchase(http,h,'archived-'+field);h['clock']['at']=window(h['day'].isoformat())[1]
        first=close_day(http,h,h['day'].isoformat());assert first['daily_close_id']
        with SessionLocal.begin() as s:
            r=s.get(m.HostedDirectReservationRow,rid)
            setattr(r,field,r.amount_minor+1 if field=='amount_minor' else 'USD' if field=='currency' else (h['end']+timedelta(days=1)).isoformat())
        response=http.post(f"/internal/v1/hosted-direct/hotels/{h['hotel']}/daily-closes",headers=h['manager_headers'],json={'business_date':h['day'].isoformat()})
        record('archived-order-'+field,{'status':response.status_code,'response':response.json(),'expected_status':409,'money':graph(rid)})
>       assert response.status_code==409,response.text
E       AssertionError: {"data":{"daily_close_id":"hdc_b430fcc7a29542718b7238debeb091bb","hosted_hotel_id":"hdh_1a69fcdcaefc4b2e8604f60a3feffda6","business_date":"2026-09-28","inventory_snapshot_json":{"total":250,"available":249,"days":[{"inventory_day_id":"hid_4760c6f3051840d281d2bcc1d7f74bfa","total":50,"available":50,"held":0,"difference":0},{"inventory_day_id":"hid_555100c0bf4140c9a5a47dae88ff5e08","total":50,"available":49,"held":1,"difference":0},{"inventory_day_id":"hid_6ca6775dd7594b55aaeb984096d5bbef","total":50,"available":50,"held":0,"difference":0},{"inventory_day_id":"hid_9edade73f248494d87bb7df7c54dc8cd","total":50,"available":50,"held":0,"difference":0},{"inventory_day_id":"hid_dc156fb634104b1f9f310921c89f24bf","total":50,"available":50,"held":0,"difference":0}]},"reservation_summary_json":{"HOTEL_CONFIRMED_AWAITING_ALIPAY_ONBOARDING":1},"exception_summary_json":{"schema":"HOSTED_BUSINESS_DAY_V1","timezone":"Asia/Shanghai","window_start":"2026-09-27T16:00:00+00:00","window_end_exclusive":"2026-09-28T16:00:00+00:00","pending":0,"payment_transactions":0,"refund_transactions":0,"currencies":{"CNY":{"authorization_minor":69800,"capture_minor":0,"release_minor":0,"refund_minor":0,"debit_minor":0,"credit_minor":0,"difference_minor":0,"net_capture_minor":0,"opening_held_minor":0,"opening_net_capture_minor":0,"closing_held_minor":69800,"closing_net_capture_minor":0}},"blockers":[],"unresolved_reservations":[],"reservations":[{"reservation_id":"hdr_9ada6773fc59477c8b877546c68ea74c","state":"HOTEL_CONFIRMED_AWAITING_ALIPAY_ONBOARDING","payment_state":"CONTRACT_AUTHORIZED_NOT_ALIPAY"}],"order_facts":[{"hosted_reservation_id":"hdr_9ada6773fc59477c8b877546c68ea74c","hosted_offer_id":"hdo_0056885d39be436f8b3e49c9a8f1e587","check_in":"2026-09-28","check_out":"2026-09-29","amount_minor":69800,"currency":"CNY","created_at":"2026-09-28 00:00:00","updated_at":"2026-09-28 00:00:00"}],"stays":[],"movement_ids":["omm_79bab85ac858499c80d82a54b6e547f4"],"ledger_ids":[],"source_facts_hash":"e50d26e80631ac1ea7edf3b12ad549b6363a0f2099d7f0f79089027362a6c56f","external_reconciliation":"NOT_PERFORMED","production_live":false,"state":"OPERATIONAL_SNAPSHOT_RECONCILED","immutable_facts_hash":"2653f7eeea60a24c3fe31190fc6af3c8152044fe3f9b10cf825198982bf04bc2","snapshot_cutoff_at":"2026-09-28T16:00:00+00:00"},"closed_by":"usr_3e2936ca22754d49aafdbcc5abfe9943","evidence_hash":"ffd85869b9603e75e5a9ac69797ea1e36991ed54fc7c51b293af0e79161c692c","closed_at":"2026-09-28T16:00:00+00:00"}}
E       assert 200 == 409
E        +  where 200 = <Response [200 OK]>.status_code

c13-round8/test_independent_day.py:158: AssertionError
_____________ test_archived_order_source_tamper_rejected[currency] _____________

http = <starlette.testclient.TestClient object at 0x7f4fb0aeb650>
business = {'body': {'check_in': '2026-09-28', 'check_out': '2026-09-29', 'guest_contact': 'synthetic@example.invalid', 'guest_na...CC9UEgI0TO7IQIXk8eKWLZb2E'}, 'clock': {'at': datetime.datetime(2026, 9, 28, 16, 0, tzinfo=datetime.timezone.utc)}, ...}
field = 'currency'

    @pytest.mark.parametrize('field',['amount_minor','currency','check_out'])
    def test_archived_order_source_tamper_rejected(http,business,field):
        h=business;rid,_=purchase(http,h,'archived-'+field);h['clock']['at']=window(h['day'].isoformat())[1]
        first=close_day(http,h,h['day'].isoformat());assert first['daily_close_id']
        with SessionLocal.begin() as s:
            r=s.get(m.HostedDirectReservationRow,rid)
            setattr(r,field,r.amount_minor+1 if field=='amount_minor' else 'USD' if field=='currency' else (h['end']+timedelta(days=1)).isoformat())
        response=http.post(f"/internal/v1/hosted-direct/hotels/{h['hotel']}/daily-closes",headers=h['manager_headers'],json={'business_date':h['day'].isoformat()})
        record('archived-order-'+field,{'status':response.status_code,'response':response.json(),'expected_status':409,'money':graph(rid)})
>       assert response.status_code==409,response.text
E       AssertionError: {"data":{"daily_close_id":"hdc_801ed6e075f54e4786337fcd950924a5","hosted_hotel_id":"hdh_e9fa5126ab814d1084816cc4a0df09f4","business_date":"2026-09-28","inventory_snapshot_json":{"total":250,"available":249,"days":[{"inventory_day_id":"hid_0eaaf6bbc0c04ba28581565981e7df53","total":50,"available":49,"held":1,"difference":0},{"inventory_day_id":"hid_2223ea59fe0644fb8e9ea23a4dac84b1","total":50,"available":50,"held":0,"difference":0},{"inventory_day_id":"hid_527e4486b8254527ab41c79b614a4666","total":50,"available":50,"held":0,"difference":0},{"inventory_day_id":"hid_94ad7724542d458a846fedc34b0c9c6b","total":50,"available":50,"held":0,"difference":0},{"inventory_day_id":"hid_eca583d9dde04ad989264df57aa8ad6a","total":50,"available":50,"held":0,"difference":0}]},"reservation_summary_json":{"HOTEL_CONFIRMED_AWAITING_ALIPAY_ONBOARDING":1},"exception_summary_json":{"schema":"HOSTED_BUSINESS_DAY_V1","timezone":"Asia/Shanghai","window_start":"2026-09-27T16:00:00+00:00","window_end_exclusive":"2026-09-28T16:00:00+00:00","pending":0,"payment_transactions":0,"refund_transactions":0,"currencies":{"CNY":{"authorization_minor":69800,"capture_minor":0,"release_minor":0,"refund_minor":0,"debit_minor":0,"credit_minor":0,"difference_minor":0,"net_capture_minor":0,"opening_held_minor":0,"opening_net_capture_minor":0,"closing_held_minor":69800,"closing_net_capture_minor":0}},"blockers":[],"unresolved_reservations":[],"reservations":[{"reservation_id":"hdr_36b5de6841874131a0eaf7b601214c6b","state":"HOTEL_CONFIRMED_AWAITING_ALIPAY_ONBOARDING","payment_state":"CONTRACT_AUTHORIZED_NOT_ALIPAY"}],"order_facts":[{"hosted_reservation_id":"hdr_36b5de6841874131a0eaf7b601214c6b","hosted_offer_id":"hdo_dac19e426af34e0289312610b515afc9","check_in":"2026-09-28","check_out":"2026-09-29","amount_minor":69800,"currency":"CNY","created_at":"2026-09-28 00:00:00","updated_at":"2026-09-28 00:00:00"}],"stays":[],"movement_ids":["omm_ff2b8a76350848b2b7d2fde4456bd76e"],"ledger_ids":[],"source_facts_hash":"6b9a8fa98b501bf39c4651bdb4253e433ba5d9895d914ee9ae499ba4c8a0583b","external_reconciliation":"NOT_PERFORMED","production_live":false,"state":"OPERATIONAL_SNAPSHOT_RECONCILED","immutable_facts_hash":"f22f4105bcbf7d39f80a2c97d7cd3d9893bc193d9a048b5ab4091fef178fc6ce","snapshot_cutoff_at":"2026-09-28T16:00:00+00:00"},"closed_by":"usr_9d4d893d52d740c2b530c8eab164cbdc","evidence_hash":"274d28f3f9d85e834176940834e3ffc15816fc1f70fd2907093e651ead25fa3b","closed_at":"2026-09-28T16:00:00+00:00"}}
E       assert 200 == 409
E        +  where 200 = <Response [200 OK]>.status_code

c13-round8/test_independent_day.py:158: AssertionError
____________ test_archived_order_source_tamper_rejected[check_out] _____________

http = <starlette.testclient.TestClient object at 0x7f4fb08c1e50>
business = {'body': {'check_in': '2026-09-28', 'check_out': '2026-09-29', 'guest_contact': 'synthetic@example.invalid', 'guest_na...bfzefLTAe6TvUmi3XkJfZLV_I'}, 'clock': {'at': datetime.datetime(2026, 9, 28, 16, 0, tzinfo=datetime.timezone.utc)}, ...}
field = 'check_out'

    @pytest.mark.parametrize('field',['amount_minor','currency','check_out'])
    def test_archived_order_source_tamper_rejected(http,business,field):
        h=business;rid,_=purchase(http,h,'archived-'+field);h['clock']['at']=window(h['day'].isoformat())[1]
        first=close_day(http,h,h['day'].isoformat());assert first['daily_close_id']
        with SessionLocal.begin() as s:
            r=s.get(m.HostedDirectReservationRow,rid)
            setattr(r,field,r.amount_minor+1 if field=='amount_minor' else 'USD' if field=='currency' else (h['end']+timedelta(days=1)).isoformat())
        response=http.post(f"/internal/v1/hosted-direct/hotels/{h['hotel']}/daily-closes",headers=h['manager_headers'],json={'business_date':h['day'].isoformat()})
        record('archived-order-'+field,{'status':response.status_code,'response':response.json(),'expected_status':409,'money':graph(rid)})
>       assert response.status_code==409,response.text
E       AssertionError: {"data":{"daily_close_id":"hdc_f42ecf82a40a455bab18f820c545390f","hosted_hotel_id":"hdh_c58aae4398474ee5aabb9dedd72fca80","business_date":"2026-09-28","inventory_snapshot_json":{"total":250,"available":249,"days":[{"inventory_day_id":"hid_0e3d8569e4b44f8e9c6a070522d17b43","total":50,"available":49,"held":1,"difference":0},{"inventory_day_id":"hid_24f0c1107745404ab5ed6fbeb9e736cb","total":50,"available":50,"held":0,"difference":0},{"inventory_day_id":"hid_83140edd152144c7ad8aa1aaad3060b9","total":50,"available":50,"held":0,"difference":0},{"inventory_day_id":"hid_a741b0296a6343d2a2969cc738acc3b7","total":50,"available":50,"held":0,"difference":0},{"inventory_day_id":"hid_fa473cfc6f1249dc9d77d7cac4b12066","total":50,"available":50,"held":0,"difference":0}]},"reservation_summary_json":{"HOTEL_CONFIRMED_AWAITING_ALIPAY_ONBOARDING":1},"exception_summary_json":{"schema":"HOSTED_BUSINESS_DAY_V1","timezone":"Asia/Shanghai","window_start":"2026-09-27T16:00:00+00:00","window_end_exclusive":"2026-09-28T16:00:00+00:00","pending":0,"payment_transactions":0,"refund_transactions":0,"currencies":{"CNY":{"authorization_minor":69800,"capture_minor":0,"release_minor":0,"refund_minor":0,"debit_minor":0,"credit_minor":0,"difference_minor":0,"net_capture_minor":0,"opening_held_minor":0,"opening_net_capture_minor":0,"closing_held_minor":69800,"closing_net_capture_minor":0}},"blockers":[],"unresolved_reservations":[],"reservations":[{"reservation_id":"hdr_2ae6c2eb72c44956af24f1e7f347cf9f","state":"HOTEL_CONFIRMED_AWAITING_ALIPAY_ONBOARDING","payment_state":"CONTRACT_AUTHORIZED_NOT_ALIPAY"}],"order_facts":[{"hosted_reservation_id":"hdr_2ae6c2eb72c44956af24f1e7f347cf9f","hosted_offer_id":"hdo_ab809773c9904bfd9af909caddc9737a","check_in":"2026-09-28","check_out":"2026-09-29","amount_minor":69800,"currency":"CNY","created_at":"2026-09-28 00:00:00","updated_at":"2026-09-28 00:00:00"}],"stays":[],"movement_ids":["omm_c8885deb7f974d388a9623a9254a7be6"],"ledger_ids":[],"source_facts_hash":"633126744c7627427a967f334fe522d8036a30fc5ac2918427ff1d9207117b58","external_reconciliation":"NOT_PERFORMED","production_live":false,"state":"OPERATIONAL_SNAPSHOT_RECONCILED","immutable_facts_hash":"3c04461e6d73200b4caf63d9c36c872f1d7ba1e5d535d4c8f5043dbd86bc6f26","snapshot_cutoff_at":"2026-09-28T16:00:00+00:00"},"closed_by":"usr_25ef5e187a2f4448808b347f8c57515f","evidence_hash":"c0b903801f8a8a4d8efff1b09797f1e080faa853efa595677e96f4a529875e26","closed_at":"2026-09-28T16:00:00+00:00"}}
E       assert 200 == 409
E        +  where 200 = <Response [200 OK]>.status_code

c13-round8/test_independent_day.py:158: AssertionError
____________________ test_captured_arrival_voucher_truthful ____________________

http = <starlette.testclient.TestClient object at 0x7f4fb0ae91c0>
business = {'body': {'check_in': '2026-09-28', 'check_out': '2026-09-29', 'guest_contact': 'synthetic@example.invalid', 'guest_na...iL6m1dogTAaRg7WR7KuOZvI9E'}, 'clock': {'at': datetime.datetime(2026, 9, 28, 10, 0, tzinfo=datetime.timezone.utc)}, ...}

    def test_captured_arrival_voucher_truthful(http,business):
        h=business;rid,_,_,_=captured(http,h)
        response=http.get(f'/internal/v1/hosted-direct/reservations/{rid}/arrival-voucher',headers=h['manager_headers']);assert response.status_code==200,response.text
        data=response.json()['data'];record('captured-arrival-voucher',{'voucher':data,'money':graph(rid)})
>       assert data['payment_captured'] is True,data
E       AssertionError: {'amount_minor': 69800, 'check_in': '2026-09-28', 'check_out': '2026-09-29', 'guest_name': '***', ...}
E       assert False is True

c13-round8/test_independent_day.py:164: AssertionError
=========================== short test summary info ============================
FAILED c13-round8/test_independent_day.py::test_authorization_amount_must_match_immutable_intent
FAILED c13-round8/test_independent_day.py::test_archived_order_source_tamper_rejected[amount_minor]
FAILED c13-round8/test_independent_day.py::test_archived_order_source_tamper_rejected[currency]
FAILED c13-round8/test_independent_day.py::test_archived_order_source_tamper_rejected[check_out]
FAILED c13-round8/test_independent_day.py::test_captured_arrival_voucher_truthful
5 failed, 15 passed in 17.85s
