2026-09-12T03:34:52.1069936Z Current runner version: '2.337.0'
2026-09-12T03:34:52.1100095Z ##[group]Runner Image Provisioner
2026-09-12T03:34:52.1101095Z Hosted Compute Agent
2026-09-12T03:34:52.1102126Z Version: 20260828.587
2026-09-12T03:34:52.1102915Z Commit: abac92662cab4cc7352de4f9f9d2e2419aad9c29
2026-09-12T03:34:52.1103954Z Build Date: 2026-08-28T16:44:25Z
2026-09-12T03:34:52.1104834Z Worker ID: {cd52f607-7c4e-489e-9269-5123153d6216}
2026-09-12T03:34:52.1105712Z Azure Region: westus3
2026-09-12T03:34:52.1106525Z ##[endgroup]
2026-09-12T03:34:52.1108310Z ##[group]Operating System
2026-09-12T03:34:52.1109219Z Ubuntu
2026-09-12T03:34:52.1109920Z 24.04.5
2026-09-12T03:34:52.1110537Z LTS
2026-09-12T03:34:52.1111311Z ##[endgroup]
2026-09-12T03:34:52.1112229Z ##[group]Runner Image
2026-09-12T03:34:52.1112985Z Image: ubuntu-24.04
2026-09-12T03:34:52.1113779Z Version: 20260907.300.1
2026-09-12T03:34:52.1115379Z Included Software: https://github.com/actions/runner-images/blob/ubuntu24/20260907.300/images/ubuntu/Ubuntu2404-Readme.md
2026-09-12T03:34:52.1117534Z Image Release: https://github.com/actions/runner-images/releases/tag/ubuntu24%2F20260907.300
2026-09-12T03:34:52.1118800Z ##[endgroup]
2026-09-12T03:34:52.1120408Z ##[group]GITHUB_TOKEN Permissions
2026-09-12T03:34:52.1122692Z Actions: read
2026-09-12T03:34:52.1123503Z Contents: write
2026-09-12T03:34:52.1124262Z Metadata: read
2026-09-12T03:34:52.1125003Z ##[endgroup]
2026-09-12T03:34:52.1127364Z Secret source: Actions
2026-09-12T03:34:52.1128514Z Cache mode: write
2026-09-12T03:34:52.1129346Z Prepare workflow directory
2026-09-12T03:34:52.1757431Z Prepare all required actions
2026-09-12T03:34:52.1817530Z Getting action download info
2026-09-12T03:34:52.5385460Z Download action repository 'actions/checkout@v4' (SHA:11d5960a326750d5838078e36cf38b85af677262)
2026-09-12T03:34:52.6659632Z Download action repository 'actions/setup-python@v5' (SHA:a26af69be951a213d495a4c3e4e4022e16d87065)
2026-09-12T03:34:52.8759760Z Download action repository 'actions/download-artifact@v4' (SHA:d3f86a106a0bac45b974a628896c90dbdf5c8093)
2026-09-12T03:34:53.9644076Z Download action repository 'actions/upload-artifact@v4' (SHA:ea165f8d65b6e75b540449e92b4886f43607fa02)
2026-09-12T03:34:54.2870320Z Complete job name: archive-parent-objects
2026-09-12T03:34:54.3443740Z Node 20 is being deprecated. This workflow is running with Node 24 by default. If you need to temporarily use Node 20, you can set the ACTIONS_ALLOW_USE_UNSECURE_NODE_VERSION=true environment variable. For more information see: https://github.blog/changelog/2025-09-19-deprecation-of-node-20-on-github-actions-runners/
2026-09-12T03:34:54.3450574Z ##[group]Run actions/checkout@v4
2026-09-12T03:34:54.3451339Z with:
2026-09-12T03:34:54.3452112Z   ref: 62fdde3cabe72b92fa5dc1b37b7652395fe3aba5
2026-09-12T03:34:54.3452815Z   persist-credentials: false
2026-09-12T03:34:54.3453468Z   repository: yuguangzhi3836-glitch/GO
2026-09-12T03:34:54.3456301Z   token: ***
2026-09-12T03:34:54.3456876Z   ssh-strict: true
2026-09-12T03:34:54.3457450Z   ssh-user: git
2026-09-12T03:34:54.3458034Z   clean: true
2026-09-12T03:34:54.3458623Z   sparse-checkout-cone-mode: true
2026-09-12T03:34:54.3459251Z   fetch-depth: 1
2026-09-12T03:34:54.3459837Z   fetch-tags: false
2026-09-12T03:34:54.3460466Z   show-progress: true
2026-09-12T03:34:54.3461046Z   lfs: false
2026-09-12T03:34:54.3461819Z   submodules: false
2026-09-12T03:34:54.3462415Z   set-safe-directory: true
2026-09-12T03:34:54.3463041Z   allow-unsafe-pr-checkout: false
2026-09-12T03:34:54.3463900Z env:
2026-09-12T03:34:54.3464469Z   PYTHONDONTWRITEBYTECODE: 1
2026-09-12T03:34:54.3465158Z   GO_SOURCE_SHA: 62fdde3cabe72b92fa5dc1b37b7652395fe3aba5
2026-09-12T03:34:54.3465840Z ##[endgroup]
2026-09-12T03:34:54.4360449Z Syncing repository: yuguangzhi3836-glitch/GO
2026-09-12T03:34:54.4363400Z ##[group]Getting Git version info
2026-09-12T03:34:54.4364481Z Working directory is '/home/runner/work/GO/GO'
2026-09-12T03:34:54.4367146Z [command]/usr/bin/git version
2026-09-12T03:34:54.4486676Z git version 2.55.0
2026-09-12T03:34:54.4540851Z ##[endgroup]
2026-09-12T03:34:54.4578479Z Temporarily overriding HOME='/home/runner/work/_temp/bbbcc699-f2a4-4683-9741-8ac483423893' before making global git config changes
2026-09-12T03:34:54.4604733Z Adding repository directory to the temporary git global config as a safe directory
2026-09-12T03:34:54.4614122Z [command]/usr/bin/git config --global --add safe.directory /home/runner/work/GO/GO
2026-09-12T03:34:54.4658333Z Deleting the contents of '/home/runner/work/GO/GO'
2026-09-12T03:34:54.4681003Z ##[group]Initializing the repository
2026-09-12T03:34:54.4683095Z [command]/usr/bin/git init /home/runner/work/GO/GO
2026-09-12T03:34:54.4769758Z hint: Using 'master' as the name for the initial branch. This default branch name
2026-09-12T03:34:54.4787316Z hint: will change to "main" in Git 3.0. To configure the initial branch name
2026-09-12T03:34:54.4789090Z hint: to use in all of your new repositories, which will suppress this warning,
2026-09-12T03:34:54.4812242Z hint: call:
2026-09-12T03:34:54.4832357Z hint:
2026-09-12T03:34:54.4840031Z hint: 	git config --global init.defaultBranch <name>
2026-09-12T03:34:54.4841302Z hint:
2026-09-12T03:34:54.4842887Z hint: Names commonly chosen instead of 'master' are 'main', 'trunk' and
2026-09-12T03:34:54.4856451Z hint: 'development'. The just-created branch can be renamed via this command:
2026-09-12T03:34:54.4875712Z hint:
2026-09-12T03:34:54.4893535Z hint: 	git branch -m <name>
2026-09-12T03:34:54.4913681Z hint:
2026-09-12T03:34:54.4932800Z hint: Disable this message with "git config set advice.defaultBranchName false"
2026-09-12T03:34:54.4952558Z Initialized empty Git repository in /home/runner/work/GO/GO/.git/
2026-09-12T03:34:54.4957898Z [command]/usr/bin/git remote add origin https://github.com/yuguangzhi3836-glitch/GO
2026-09-12T03:34:54.5008799Z ##[endgroup]
2026-09-12T03:34:54.5010891Z ##[group]Disabling automatic garbage collection
2026-09-12T03:34:54.5012537Z [command]/usr/bin/git config --local gc.auto 0
2026-09-12T03:34:54.5017422Z ##[endgroup]
2026-09-12T03:34:54.5020134Z ##[group]Setting up auth
2026-09-12T03:34:54.5021684Z [command]/usr/bin/git config --local --name-only --get-regexp core\.sshCommand
2026-09-12T03:34:54.5025376Z [command]/usr/bin/git submodule foreach --recursive sh -c "git config --local --name-only --get-regexp 'core\.sshCommand' && git config --local --unset-all 'core.sshCommand' || :"
2026-09-12T03:34:54.5383926Z [command]/usr/bin/git config --local --name-only --get-regexp http\.https\:\/\/github\.com\/\.extraheader
2026-09-12T03:34:54.5437295Z [command]/usr/bin/git submodule foreach --recursive sh -c "git config --local --name-only --get-regexp 'http\.https\:\/\/github\.com\/\.extraheader' && git config --local --unset-all 'http.https://github.com/.extraheader' || :"
2026-09-12T03:34:54.5645292Z [command]/usr/bin/git config --local --name-only --get-regexp ^includeIf\.gitdir:
2026-09-12T03:34:54.5683953Z [command]/usr/bin/git submodule foreach --recursive git config --local --show-origin --name-only --get-regexp remote.origin.url
2026-09-12T03:34:54.5884641Z [command]/usr/bin/git config --local http.https://github.com/.extraheader AUTHORIZATION: basic ***
2026-09-12T03:34:54.5919946Z ##[endgroup]
2026-09-12T03:34:54.5921986Z ##[group]Fetching the repository
2026-09-12T03:34:54.5932997Z [command]/usr/bin/git -c protocol.version=2 fetch --no-tags --prune --no-recurse-submodules --depth=1 origin 62fdde3cabe72b92fa5dc1b37b7652395fe3aba5
2026-09-12T03:34:58.2648183Z From https://github.com/yuguangzhi3836-glitch/GO
2026-09-12T03:34:58.2661935Z  * branch            62fdde3cabe72b92fa5dc1b37b7652395fe3aba5 -> FETCH_HEAD
2026-09-12T03:34:58.2670353Z ##[endgroup]
2026-09-12T03:34:58.2685020Z ##[group]Determining the checkout info
2026-09-12T03:34:58.2685888Z ##[endgroup]
2026-09-12T03:34:58.2686448Z [command]/usr/bin/git sparse-checkout disable
2026-09-12T03:34:58.3372320Z [command]/usr/bin/git config --local --unset-all extensions.worktreeConfig
2026-09-12T03:34:58.3518896Z ##[group]Checking out the ref
2026-09-12T03:34:58.3542232Z [command]/usr/bin/git checkout --progress --force 62fdde3cabe72b92fa5dc1b37b7652395fe3aba5
2026-09-12T03:34:58.6245039Z Note: switching to '62fdde3cabe72b92fa5dc1b37b7652395fe3aba5'.
2026-09-12T03:34:58.6247359Z 
2026-09-12T03:34:58.6248047Z You are in 'detached HEAD' state. You can look around, make experimental
2026-09-12T03:34:58.6248767Z changes and commit them, and you can discard any commits you make in this
2026-09-12T03:34:58.6249502Z state without impacting any branches by switching back to a branch.
2026-09-12T03:34:58.6272024Z 
2026-09-12T03:34:58.6272649Z If you want to create a new branch to retain commits you create, you may
2026-09-12T03:34:58.6273573Z do so (now or later) by using -c with the switch command. Example:
2026-09-12T03:34:58.6274107Z 
2026-09-12T03:34:58.6274421Z   git switch -c <new-branch-name>
2026-09-12T03:34:58.6274832Z 
2026-09-12T03:34:58.6275141Z Or undo this operation with:
2026-09-12T03:34:58.6275521Z 
2026-09-12T03:34:58.6275793Z   git switch -
2026-09-12T03:34:58.6276301Z 
2026-09-12T03:34:58.6276822Z Turn off this advice by setting config variable advice.detachedHead to false
2026-09-12T03:34:58.6277483Z 
2026-09-12T03:34:58.6278054Z HEAD is now at 62fdde3 build: consolidate reviewed PR47/48 source into a complete DEPTH41 parent
2026-09-12T03:34:58.6305444Z ##[endgroup]
2026-09-12T03:34:58.6411886Z [command]/usr/bin/git log -1 --format=%H
2026-09-12T03:34:58.6413494Z 62fdde3cabe72b92fa5dc1b37b7652395fe3aba5
2026-09-12T03:34:58.6475687Z ##[group]Removing auth
2026-09-12T03:34:58.6482931Z [command]/usr/bin/git config --local --name-only --get-regexp core\.sshCommand
2026-09-12T03:34:58.6485033Z [command]/usr/bin/git submodule foreach --recursive sh -c "git config --local --name-only --get-regexp 'core\.sshCommand' && git config --local --unset-all 'core.sshCommand' || :"
2026-09-12T03:34:58.6750334Z [command]/usr/bin/git config --local --name-only --get-regexp http\.https\:\/\/github\.com\/\.extraheader
2026-09-12T03:34:58.6783030Z http.https://github.com/.extraheader
2026-09-12T03:34:58.6785021Z [command]/usr/bin/git config --local --unset-all http.https://github.com/.extraheader
2026-09-12T03:34:58.7412038Z [command]/usr/bin/git submodule foreach --recursive sh -c "git config --local --name-only --get-regexp 'http\.https\:\/\/github\.com\/\.extraheader' && git config --local --unset-all 'http.https://github.com/.extraheader' || :"
2026-09-12T03:34:58.7623032Z [command]/usr/bin/git config --local --name-only --get-regexp ^includeIf\.gitdir:
2026-09-12T03:34:58.7660446Z [command]/usr/bin/git submodule foreach --recursive git config --local --show-origin --name-only --get-regexp remote.origin.url
2026-09-12T03:34:58.7911133Z ##[endgroup]
2026-09-12T03:34:58.8123991Z Node 20 is being deprecated. This workflow is running with Node 24 by default. If you need to temporarily use Node 20, you can set the ACTIONS_ALLOW_USE_UNSECURE_NODE_VERSION=true environment variable. For more information see: https://github.blog/changelog/2025-09-19-deprecation-of-node-20-on-github-actions-runners/
2026-09-12T03:34:58.8125288Z ##[group]Run actions/setup-python@v5
2026-09-12T03:34:58.8125507Z with:
2026-09-12T03:34:58.8125675Z   python-version: 3.13.5
2026-09-12T03:34:58.8125877Z   check-latest: false
2026-09-12T03:34:58.8128021Z   token: ***
2026-09-12T03:34:58.8128208Z   update-environment: true
2026-09-12T03:34:58.8128419Z   allow-prereleases: false
2026-09-12T03:34:58.8128615Z   freethreaded: false
2026-09-12T03:34:58.8128790Z env:
2026-09-12T03:34:58.8128958Z   PYTHONDONTWRITEBYTECODE: 1
2026-09-12T03:34:58.8129205Z   GO_SOURCE_SHA: 62fdde3cabe72b92fa5dc1b37b7652395fe3aba5
2026-09-12T03:34:58.8129459Z ##[endgroup]
2026-09-12T03:34:58.9227652Z ##[group]Installed versions
2026-09-12T03:34:58.9742858Z Version 3.13.5 was not found in the local cache
2026-09-12T03:34:58.9837330Z (node:2011) [DEP0040] DeprecationWarning: The `punycode` module is deprecated. Please use a userland alternative instead.
2026-09-12T03:34:58.9838548Z (Use `node --trace-deprecation ...` to show where the warning was created)
2026-09-12T03:35:00.1410976Z Version 3.13.5 is available for downloading
2026-09-12T03:35:00.1412537Z Download from "https://github.com/actions/python-versions/releases/download/3.13.5-15601068749/python-3.13.5-linux-24.04-x64.tar.gz"
2026-09-12T03:35:01.3773754Z Extract downloaded archive
2026-09-12T03:35:01.3885760Z [command]/usr/bin/tar xz --warning=no-unknown-keyword --overwrite -C /home/runner/work/_temp/9369e9f1-6eca-4f29-a887-28f6e245fcc3 -f /home/runner/work/_temp/acf40f44-0430-4cb2-bc68-395b8f4fff49
2026-09-12T03:35:03.3885791Z Execute installation script
2026-09-12T03:35:03.3974611Z Check if Python hostedtoolcache folder exist...
2026-09-12T03:35:03.3982049Z Create Python 3.13.5 folder
2026-09-12T03:35:03.3989631Z Copy Python binaries to hostedtoolcache folder
2026-09-12T03:35:04.1943496Z Create additional symlinks (Required for the UsePythonVersion Azure Pipelines task and the setup-python GitHub Action)
2026-09-12T03:35:04.1972488Z Upgrading pip...
2026-09-12T03:35:06.5042473Z Looking in links: /tmp/tmpf__ep_u2
2026-09-12T03:35:06.5043589Z Requirement already satisfied: pip in /opt/hostedtoolcache/Python/3.13.5/x64/lib/python3.13/site-packages (25.1.1)
2026-09-12T03:35:08.3251816Z Collecting pip
2026-09-12T03:35:08.3728411Z Downloading pip-26.2.1-py3-none-any.whl.metadata (4.6 kB)
2026-09-12T03:35:08.5596021Z Downloading pip-26.2.1-py3-none-any.whl (1.8 MB)
2026-09-12T03:35:08.8412984Z ━━━━━━━━━━━━━━━━━━━━━━━━━━━━━━━━━━━━━━━━ 1.8/1.8 MB 6.2 MB/s eta 0:00:00
2026-09-12T03:35:08.8446178Z 
2026-09-12T03:35:08.8553857Z Installing collected packages: pip
2026-09-12T03:35:08.8555133Z Attempting uninstall: pip
2026-09-12T03:35:08.8577192Z Found existing installation: pip 25.1.1
2026-09-12T03:35:08.8829847Z Uninstalling pip-25.1.1:
2026-09-12T03:35:08.8903088Z Successfully uninstalled pip-25.1.1
2026-09-12T03:35:09.8041049Z Successfully installed pip-26.2.1
2026-09-12T03:35:09.8498380Z Create complete file
2026-09-12T03:35:09.8534212Z Successfully set up CPython (3.13.5)
2026-09-12T03:35:09.8535574Z ##[endgroup]
2026-09-12T03:35:09.8728112Z Node 20 is being deprecated. This workflow is running with Node 24 by default. If you need to temporarily use Node 20, you can set the ACTIONS_ALLOW_USE_UNSECURE_NODE_VERSION=true environment variable. For more information see: https://github.blog/changelog/2025-09-19-deprecation-of-node-20-on-github-actions-runners/
2026-09-12T03:35:09.8729087Z ##[group]Run actions/download-artifact@v4
2026-09-12T03:35:09.8729315Z with:
2026-09-12T03:35:09.8729586Z   name: GO-DEPTH41-UNIFIED-PARENT-62fdde3cabe72b92fa5dc1b37b7652395fe3aba5
2026-09-12T03:35:09.8729919Z   path: parent-delivery
2026-09-12T03:35:09.8730122Z   merge-multiple: false
2026-09-12T03:35:09.8730321Z   repository: yuguangzhi3836-glitch/GO
2026-09-12T03:35:09.8730536Z   run-id: 34670014293
2026-09-12T03:35:09.8730703Z env:
2026-09-12T03:35:09.8730871Z   PYTHONDONTWRITEBYTECODE: 1
2026-09-12T03:35:09.8731119Z   GO_SOURCE_SHA: 62fdde3cabe72b92fa5dc1b37b7652395fe3aba5
2026-09-12T03:35:09.8731880Z   pythonLocation: /opt/hostedtoolcache/Python/3.13.5/x64
2026-09-12T03:35:09.8732253Z   PKG_CONFIG_PATH: /opt/hostedtoolcache/Python/3.13.5/x64/lib/pkgconfig
2026-09-12T03:35:09.8732583Z   Python_ROOT_DIR: /opt/hostedtoolcache/Python/3.13.5/x64
2026-09-12T03:35:09.8732874Z   Python2_ROOT_DIR: /opt/hostedtoolcache/Python/3.13.5/x64
2026-09-12T03:35:09.8733160Z   Python3_ROOT_DIR: /opt/hostedtoolcache/Python/3.13.5/x64
2026-09-12T03:35:09.8733449Z   LD_LIBRARY_PATH: /opt/hostedtoolcache/Python/3.13.5/x64/lib
2026-09-12T03:35:09.8733708Z ##[endgroup]
2026-09-12T03:35:09.9959942Z Downloading single artifact
2026-09-12T03:35:10.0096035Z (node:2092) [DEP0040] DeprecationWarning: The `punycode` module is deprecated. Please use a userland alternative instead.
2026-09-12T03:35:10.0097142Z (Use `node --trace-deprecation ...` to show where the warning was created)
2026-09-12T03:35:10.2250612Z Preparing to download the following artifacts:
2026-09-12T03:35:10.2252168Z - GO-DEPTH41-UNIFIED-PARENT-62fdde3cabe72b92fa5dc1b37b7652395fe3aba5 (ID: 10289943544, Size: 235704751, Expected Digest: sha256:ef7d6f0fd42473040073ea7397cfe83da347a8398ee828fa05ee4aab9f652012)
2026-09-12T03:35:10.4227983Z Redirecting to blob download url: https://productionresultssa1.blob.core.windows.net/actions-results/d155c4e2-eff5-4ef6-b1a8-7fd3859e2818/workflow-job-run-ae79bbea-b674-568f-96fc-7fd6b33deec8/artifacts/2fab617fdefdeabab6f372fc9b0954b32821b90cb29a4c98548f5135ce7d8112.zip
2026-09-12T03:35:10.4230011Z Starting download of artifact to: /home/runner/work/GO/GO/parent-delivery
2026-09-12T03:35:10.7227169Z (node:2092) [DEP0005] DeprecationWarning: Buffer() is deprecated due to security and usability issues. Please use the Buffer.alloc(), Buffer.allocUnsafe(), or Buffer.from() methods instead.
2026-09-12T03:35:15.8809058Z SHA256 digest of downloaded artifact is ef7d6f0fd42473040073ea7397cfe83da347a8398ee828fa05ee4aab9f652012
2026-09-12T03:35:15.8810126Z Artifact download completed successfully.
2026-09-12T03:35:15.8810729Z Total of 1 artifact(s) downloaded
2026-09-12T03:35:15.8816414Z Download artifact has finished successfully
2026-09-12T03:35:15.8965164Z ##[group]Run python -B packaging/depth41-unified-parent/archive_objects.py
2026-09-12T03:35:15.8965683Z [36;1mpython -B packaging/depth41-unified-parent/archive_objects.py[0m
2026-09-12T03:35:15.9002209Z shell: /usr/bin/bash --noprofile --norc -e -o pipefail {0}
2026-09-12T03:35:15.9002503Z env:
2026-09-12T03:35:15.9002684Z   PYTHONDONTWRITEBYTECODE: 1
2026-09-12T03:35:15.9002949Z   GO_SOURCE_SHA: 62fdde3cabe72b92fa5dc1b37b7652395fe3aba5
2026-09-12T03:35:15.9003278Z   pythonLocation: /opt/hostedtoolcache/Python/3.13.5/x64
2026-09-12T03:35:15.9003626Z   PKG_CONFIG_PATH: /opt/hostedtoolcache/Python/3.13.5/x64/lib/pkgconfig
2026-09-12T03:35:15.9003960Z   Python_ROOT_DIR: /opt/hostedtoolcache/Python/3.13.5/x64
2026-09-12T03:35:15.9004259Z   Python2_ROOT_DIR: /opt/hostedtoolcache/Python/3.13.5/x64
2026-09-12T03:35:15.9004563Z   Python3_ROOT_DIR: /opt/hostedtoolcache/Python/3.13.5/x64
2026-09-12T03:35:15.9004879Z   LD_LIBRARY_PATH: /opt/hostedtoolcache/Python/3.13.5/x64/lib
2026-09-12T03:35:15.9007233Z   GO_ARCHIVE_TOKEN: ***
2026-09-12T03:35:15.9007436Z ##[endgroup]
2026-09-12T03:35:16.6362569Z Traceback (most recent call last):
2026-09-12T03:35:16.6523162Z   File "/home/runner/work/GO/GO/packaging/depth41-unified-parent/archive_objects.py", line 80, in <module>
2026-09-12T03:35:16.6524422Z     main()
2026-09-12T03:35:16.6524928Z     ~~~~^^
2026-09-12T03:35:16.6525809Z   File "/home/runner/work/GO/GO/packaging/depth41-unified-parent/archive_objects.py", line 27, in main
2026-09-12T03:35:16.6526699Z     pr = api('pulls/47')
2026-09-12T03:35:16.6527525Z   File "/home/runner/work/GO/GO/packaging/depth41-unified-parent/archive_objects.py", line 20, in api
2026-09-12T03:35:16.6528424Z     with urlopen(request, timeout=60) as response:
2026-09-12T03:35:16.6529023Z          ~~~~~~~^^^^^^^^^^^^^^^^^^^^^
2026-09-12T03:35:16.6529786Z   File "/opt/hostedtoolcache/Python/3.13.5/x64/lib/python3.13/urllib/request.py", line 189, in urlopen
2026-09-12T03:35:16.6530625Z     return opener.open(url, data, timeout)
2026-09-12T03:35:16.6531146Z            ~~~~~~~~~~~^^^^^^^^^^^^^^^^^^^^
2026-09-12T03:35:16.6532357Z   File "/opt/hostedtoolcache/Python/3.13.5/x64/lib/python3.13/urllib/request.py", line 495, in open
2026-09-12T03:35:16.6534791Z     response = meth(req, response)
2026-09-12T03:35:16.6535588Z   File "/opt/hostedtoolcache/Python/3.13.5/x64/lib/python3.13/urllib/request.py", line 604, in http_response
2026-09-12T03:35:16.6536307Z     response = self.parent.error(
2026-09-12T03:35:16.6536837Z         'http', request, response, code, msg, hdrs)
2026-09-12T03:35:16.6537721Z   File "/opt/hostedtoolcache/Python/3.13.5/x64/lib/python3.13/urllib/request.py", line 533, in error
2026-09-12T03:35:16.6538497Z     return self._call_chain(*args)
2026-09-12T03:35:16.6539011Z            ~~~~~~~~~~~~~~~~^^^^^^^
2026-09-12T03:35:16.6539832Z   File "/opt/hostedtoolcache/Python/3.13.5/x64/lib/python3.13/urllib/request.py", line 466, in _call_chain
2026-09-12T03:35:16.6540673Z     result = func(*args)
2026-09-12T03:35:16.6542088Z   File "/opt/hostedtoolcache/Python/3.13.5/x64/lib/python3.13/urllib/request.py", line 613, in http_error_default
2026-09-12T03:35:16.6543070Z     raise HTTPError(req.full_url, code, msg, hdrs, fp)
2026-09-12T03:35:16.6543727Z urllib.error.HTTPError: HTTP Error 403: Forbidden
2026-09-12T03:35:16.6648085Z ##[error]Process completed with exit code 1.
2026-09-12T03:35:16.6797578Z Node 20 is being deprecated. This workflow is running with Node 24 by default. If you need to temporarily use Node 20, you can set the ACTIONS_ALLOW_USE_UNSECURE_NODE_VERSION=true environment variable. For more information see: https://github.blog/changelog/2025-09-19-deprecation-of-node-20-on-github-actions-runners/
2026-09-12T03:35:16.6798507Z Post job cleanup.
2026-09-12T03:35:16.7572171Z [command]/usr/bin/git version
2026-09-12T03:35:16.7632065Z git version 2.55.0
2026-09-12T03:35:16.7677915Z Temporarily overriding HOME='/home/runner/work/_temp/a5683e2b-2c55-426c-a606-8a57977e2a13' before making global git config changes
2026-09-12T03:35:16.7679730Z Adding repository directory to the temporary git global config as a safe directory
2026-09-12T03:35:16.7692217Z [command]/usr/bin/git config --global --add safe.directory /home/runner/work/GO/GO
2026-09-12T03:35:16.7904646Z [command]/usr/bin/git config --local --name-only --get-regexp core\.sshCommand
2026-09-12T03:35:16.7952120Z [command]/usr/bin/git submodule foreach --recursive sh -c "git config --local --name-only --get-regexp 'core\.sshCommand' && git config --local --unset-all 'core.sshCommand' || :"
2026-09-12T03:35:16.8252489Z [command]/usr/bin/git config --local --name-only --get-regexp http\.https\:\/\/github\.com\/\.extraheader
2026-09-12T03:35:16.8302935Z [command]/usr/bin/git submodule foreach --recursive sh -c "git config --local --name-only --get-regexp 'http\.https\:\/\/github\.com\/\.extraheader' && git config --local --unset-all 'http.https://github.com/.extraheader' || :"
2026-09-12T03:35:16.8589427Z [command]/usr/bin/git config --local --name-only --get-regexp ^includeIf\.gitdir:
2026-09-12T03:35:16.8672330Z [command]/usr/bin/git submodule foreach --recursive git config --local --show-origin --name-only --get-regexp remote.origin.url
2026-09-12T03:35:16.9146964Z Cleaning up orphan processes
2026-09-12T03:35:16.9382350Z ##[warning]Node.js 20 is deprecated. The following actions target Node.js 20 but are being forced to run on Node.js 24: actions/checkout@v4, actions/download-artifact@v4, actions/setup-python@v5. For more information see: https://github.blog/changelog/2025-09-19-deprecation-of-node-20-on-github-actions-runners/
