2026-09-12T03:18:38.1406864Z Current runner version: '2.337.0'
2026-09-12T03:18:38.1443785Z ##[group]Runner Image Provisioner
2026-09-12T03:18:38.1445075Z Hosted Compute Agent
2026-09-12T03:18:38.1446483Z Version: 20260828.587
2026-09-12T03:18:38.1447690Z Commit: abac92662cab4cc7352de4f9f9d2e2419aad9c29
2026-09-12T03:18:38.1449028Z Build Date: 2026-08-28T16:44:25Z
2026-09-12T03:18:38.1450257Z Worker ID: {013b9fcd-8dc8-4f6f-b51d-37453216b68f}
2026-09-12T03:18:38.1451543Z Azure Region: eastus
2026-09-12T03:18:38.1452645Z ##[endgroup]
2026-09-12T03:18:38.1455134Z ##[group]Operating System
2026-09-12T03:18:38.1456643Z Ubuntu
2026-09-12T03:18:38.1457575Z 24.04.5
2026-09-12T03:18:38.1458477Z LTS
2026-09-12T03:18:38.1459463Z ##[endgroup]
2026-09-12T03:18:38.1460415Z ##[group]Runner Image
2026-09-12T03:18:38.1461643Z Image: ubuntu-24.04
2026-09-12T03:18:38.1462623Z Version: 20260907.300.1
2026-09-12T03:18:38.1464867Z Included Software: https://github.com/actions/runner-images/blob/ubuntu24/20260907.300/images/ubuntu/Ubuntu2404-Readme.md
2026-09-12T03:18:38.1468047Z Image Release: https://github.com/actions/runner-images/releases/tag/ubuntu24%2F20260907.300
2026-09-12T03:18:38.1469892Z ##[endgroup]
2026-09-12T03:18:38.1471787Z ##[group]GITHUB_TOKEN Permissions
2026-09-12T03:18:38.1474656Z Contents: read
2026-09-12T03:18:38.1475683Z Metadata: read
2026-09-12T03:18:38.1477098Z ##[endgroup]
2026-09-12T03:18:38.1480137Z Secret source: Actions
2026-09-12T03:18:38.1481784Z Cache mode: write
2026-09-12T03:18:38.1482995Z Prepare workflow directory
2026-09-12T03:18:38.2081373Z Prepare all required actions
2026-09-12T03:18:38.2151583Z Getting action download info
2026-09-12T03:18:38.4341281Z Download action repository 'actions/checkout@v4' (SHA:11d5960a326750d5838078e36cf38b85af677262)
2026-09-12T03:18:38.5569410Z Download action repository 'actions/setup-python@v5' (SHA:a26af69be951a213d495a4c3e4e4022e16d87065)
2026-09-12T03:18:38.6675130Z Download action repository 'actions/setup-node@v4' (SHA:49933ea5288caeca8642d1e84afbd3f7d6820020)
2026-09-12T03:18:38.7630452Z Download action repository 'actions/upload-artifact@v4' (SHA:ea165f8d65b6e75b540449e92b4886f43607fa02)
2026-09-12T03:18:38.9886494Z Complete job name: regression (2)
2026-09-12T03:18:39.0655108Z Node 20 is being deprecated. This workflow is running with Node 24 by default. If you need to temporarily use Node 20, you can set the ACTIONS_ALLOW_USE_UNSECURE_NODE_VERSION=true environment variable. For more information see: https://github.blog/changelog/2025-09-19-deprecation-of-node-20-on-github-actions-runners/
2026-09-12T03:18:39.0664148Z ##[group]Run actions/checkout@v4
2026-09-12T03:18:39.0664920Z with:
2026-09-12T03:18:39.0665431Z   ref: 62fdde3cabe72b92fa5dc1b37b7652395fe3aba5
2026-09-12T03:18:39.0666615Z   persist-credentials: false
2026-09-12T03:18:39.0667410Z   repository: yuguangzhi3836-glitch/GO
2026-09-12T03:18:39.0671175Z   token: ***
2026-09-12T03:18:39.0671631Z   ssh-strict: true
2026-09-12T03:18:39.0672086Z   ssh-user: git
2026-09-12T03:18:39.0672524Z   clean: true
2026-09-12T03:18:39.0673016Z   sparse-checkout-cone-mode: true
2026-09-12T03:18:39.0673547Z   fetch-depth: 1
2026-09-12T03:18:39.0673982Z   fetch-tags: false
2026-09-12T03:18:39.0674477Z   show-progress: true
2026-09-12T03:18:39.0674943Z   lfs: false
2026-09-12T03:18:39.0675364Z   submodules: false
2026-09-12T03:18:39.0676017Z   set-safe-directory: true
2026-09-12T03:18:39.0676556Z   allow-unsafe-pr-checkout: false
2026-09-12T03:18:39.0677433Z env:
2026-09-12T03:18:39.0677900Z   PYTHONDONTWRITEBYTECODE: 1
2026-09-12T03:18:39.0678413Z ##[endgroup]
2026-09-12T03:18:39.3214413Z Syncing repository: yuguangzhi3836-glitch/GO
2026-09-12T03:18:39.3442322Z ##[group]Getting Git version info
2026-09-12T03:18:39.3448763Z Working directory is '/home/runner/work/GO/GO'
2026-09-12T03:18:39.3451590Z [command]/usr/bin/git version
2026-09-12T03:18:39.3452794Z git version 2.55.0
2026-09-12T03:18:39.3460172Z ##[endgroup]
2026-09-12T03:18:39.3469727Z Temporarily overriding HOME='/home/runner/work/_temp/6a7aa5ca-6bac-42a0-9bba-d4dfdd5c405b' before making global git config changes
2026-09-12T03:18:39.3473926Z Adding repository directory to the temporary git global config as a safe directory
2026-09-12T03:18:39.3477108Z [command]/usr/bin/git config --global --add safe.directory /home/runner/work/GO/GO
2026-09-12T03:18:39.3481313Z Deleting the contents of '/home/runner/work/GO/GO'
2026-09-12T03:18:39.3487814Z ##[group]Initializing the repository
2026-09-12T03:18:39.3489227Z [command]/usr/bin/git init /home/runner/work/GO/GO
2026-09-12T03:18:39.3491253Z hint: Using 'master' as the name for the initial branch. This default branch name
2026-09-12T03:18:39.3493302Z hint: will change to "main" in Git 3.0. To configure the initial branch name
2026-09-12T03:18:39.3495972Z hint: to use in all of your new repositories, which will suppress this warning,
2026-09-12T03:18:39.3498090Z hint: call:
2026-09-12T03:18:39.3501134Z hint:
2026-09-12T03:18:39.3502497Z hint: 	git config --global init.defaultBranch <name>
2026-09-12T03:18:39.3504196Z hint:
2026-09-12T03:18:39.3505692Z hint: Names commonly chosen instead of 'master' are 'main', 'trunk' and
2026-09-12T03:18:39.3508380Z hint: 'development'. The just-created branch can be renamed via this command:
2026-09-12T03:18:39.3510074Z hint:
2026-09-12T03:18:39.3511321Z hint: 	git branch -m <name>
2026-09-12T03:18:39.3512377Z hint:
2026-09-12T03:18:39.3514000Z hint: Disable this message with "git config set advice.defaultBranchName false"
2026-09-12T03:18:39.3516340Z Initialized empty Git repository in /home/runner/work/GO/GO/.git/
2026-09-12T03:18:39.3521439Z [command]/usr/bin/git remote add origin https://github.com/yuguangzhi3836-glitch/GO
2026-09-12T03:18:39.3526553Z ##[endgroup]
2026-09-12T03:18:39.3528875Z ##[group]Disabling automatic garbage collection
2026-09-12T03:18:39.3530587Z [command]/usr/bin/git config --local gc.auto 0
2026-09-12T03:18:39.3537590Z ##[endgroup]
2026-09-12T03:18:39.3540935Z ##[group]Setting up auth
2026-09-12T03:18:39.3542148Z [command]/usr/bin/git config --local --name-only --get-regexp core\.sshCommand
2026-09-12T03:18:39.3546521Z [command]/usr/bin/git submodule foreach --recursive sh -c "git config --local --name-only --get-regexp 'core\.sshCommand' && git config --local --unset-all 'core.sshCommand' || :"
2026-09-12T03:18:39.4109479Z [command]/usr/bin/git config --local --name-only --get-regexp http\.https\:\/\/github\.com\/\.extraheader
2026-09-12T03:18:39.4116191Z [command]/usr/bin/git submodule foreach --recursive sh -c "git config --local --name-only --get-regexp 'http\.https\:\/\/github\.com\/\.extraheader' && git config --local --unset-all 'http.https://github.com/.extraheader' || :"
2026-09-12T03:18:39.4121382Z [command]/usr/bin/git config --local --name-only --get-regexp ^includeIf\.gitdir:
2026-09-12T03:18:39.4160018Z [command]/usr/bin/git submodule foreach --recursive git config --local --show-origin --name-only --get-regexp remote.origin.url
2026-09-12T03:18:39.4404279Z [command]/usr/bin/git config --local http.https://github.com/.extraheader AUTHORIZATION: basic ***
2026-09-12T03:18:39.4450450Z ##[endgroup]
2026-09-12T03:18:39.4452137Z ##[group]Fetching the repository
2026-09-12T03:18:39.4464880Z [command]/usr/bin/git -c protocol.version=2 fetch --no-tags --prune --no-recurse-submodules --depth=1 origin 62fdde3cabe72b92fa5dc1b37b7652395fe3aba5
2026-09-12T03:18:41.5177853Z From https://github.com/yuguangzhi3836-glitch/GO
2026-09-12T03:18:41.5179623Z  * branch            62fdde3cabe72b92fa5dc1b37b7652395fe3aba5 -> FETCH_HEAD
2026-09-12T03:18:41.5184100Z ##[endgroup]
2026-09-12T03:18:41.5186141Z ##[group]Determining the checkout info
2026-09-12T03:18:41.5188939Z ##[endgroup]
2026-09-12T03:18:41.5190917Z [command]/usr/bin/git sparse-checkout disable
2026-09-12T03:18:41.5267343Z [command]/usr/bin/git config --local --unset-all extensions.worktreeConfig
2026-09-12T03:18:41.5314741Z ##[group]Checking out the ref
2026-09-12T03:18:41.5320022Z [command]/usr/bin/git checkout --progress --force 62fdde3cabe72b92fa5dc1b37b7652395fe3aba5
2026-09-12T03:18:41.8369370Z Note: switching to '62fdde3cabe72b92fa5dc1b37b7652395fe3aba5'.
2026-09-12T03:18:41.8370664Z 
2026-09-12T03:18:41.8387459Z You are in 'detached HEAD' state. You can look around, make experimental
2026-09-12T03:18:41.8389877Z changes and commit them, and you can discard any commits you make in this
2026-09-12T03:18:41.8391883Z state without impacting any branches by switching back to a branch.
2026-09-12T03:18:41.8392873Z 
2026-09-12T03:18:41.8397200Z If you want to create a new branch to retain commits you create, you may
2026-09-12T03:18:41.8399681Z do so (now or later) by using -c with the switch command. Example:
2026-09-12T03:18:41.8401799Z 
2026-09-12T03:18:41.8402602Z   git switch -c <new-branch-name>
2026-09-12T03:18:41.8404520Z 
2026-09-12T03:18:41.8405456Z Or undo this operation with:
2026-09-12T03:18:41.8407291Z 
2026-09-12T03:18:41.8408046Z   git switch -
2026-09-12T03:18:41.8409444Z 
2026-09-12T03:18:41.8410928Z Turn off this advice by setting config variable advice.detachedHead to false
2026-09-12T03:18:41.8413183Z 
2026-09-12T03:18:41.8416932Z HEAD is now at 62fdde3 build: consolidate reviewed PR47/48 source into a complete DEPTH41 parent
2026-09-12T03:18:41.8420962Z ##[endgroup]
2026-09-12T03:18:41.8457763Z [command]/usr/bin/git log -1 --format=%H
2026-09-12T03:18:41.8488068Z 62fdde3cabe72b92fa5dc1b37b7652395fe3aba5
2026-09-12T03:18:41.8514563Z ##[group]Removing auth
2026-09-12T03:18:41.8517310Z [command]/usr/bin/git config --local --name-only --get-regexp core\.sshCommand
2026-09-12T03:18:41.8553795Z [command]/usr/bin/git submodule foreach --recursive sh -c "git config --local --name-only --get-regexp 'core\.sshCommand' && git config --local --unset-all 'core.sshCommand' || :"
2026-09-12T03:18:41.8797532Z [command]/usr/bin/git config --local --name-only --get-regexp http\.https\:\/\/github\.com\/\.extraheader
2026-09-12T03:18:41.8831857Z http.https://github.com/.extraheader
2026-09-12T03:18:41.8841157Z [command]/usr/bin/git config --local --unset-all http.https://github.com/.extraheader
2026-09-12T03:18:41.8883441Z [command]/usr/bin/git submodule foreach --recursive sh -c "git config --local --name-only --get-regexp 'http\.https\:\/\/github\.com\/\.extraheader' && git config --local --unset-all 'http.https://github.com/.extraheader' || :"
2026-09-12T03:18:41.9137372Z [command]/usr/bin/git config --local --name-only --get-regexp ^includeIf\.gitdir:
2026-09-12T03:18:41.9169291Z [command]/usr/bin/git submodule foreach --recursive git config --local --show-origin --name-only --get-regexp remote.origin.url
2026-09-12T03:18:41.9424142Z ##[endgroup]
2026-09-12T03:18:41.9781957Z Node 20 is being deprecated. This workflow is running with Node 24 by default. If you need to temporarily use Node 20, you can set the ACTIONS_ALLOW_USE_UNSECURE_NODE_VERSION=true environment variable. For more information see: https://github.blog/changelog/2025-09-19-deprecation-of-node-20-on-github-actions-runners/
2026-09-12T03:18:41.9787854Z ##[group]Run actions/setup-python@v5
2026-09-12T03:18:41.9788668Z with:
2026-09-12T03:18:41.9789195Z   python-version: 3.13.5
2026-09-12T03:18:41.9789898Z   check-latest: false
2026-09-12T03:18:41.9799002Z   token: ***
2026-09-12T03:18:41.9799568Z   update-environment: true
2026-09-12T03:18:41.9800288Z   allow-prereleases: false
2026-09-12T03:18:41.9800981Z   freethreaded: false
2026-09-12T03:18:41.9801555Z env:
2026-09-12T03:18:41.9802066Z   PYTHONDONTWRITEBYTECODE: 1
2026-09-12T03:18:41.9802756Z ##[endgroup]
2026-09-12T03:18:42.1272515Z ##[group]Installed versions
2026-09-12T03:18:42.1288542Z Version 3.13.5 was not found in the local cache
2026-09-12T03:18:42.1499162Z (node:2082) [DEP0040] DeprecationWarning: The `punycode` module is deprecated. Please use a userland alternative instead.
2026-09-12T03:18:42.1585847Z (Use `node --trace-deprecation ...` to show where the warning was created)
2026-09-12T03:18:42.7291932Z Version 3.13.5 is available for downloading
2026-09-12T03:18:42.7294133Z Download from "https://github.com/actions/python-versions/releases/download/3.13.5-15601068749/python-3.13.5-linux-24.04-x64.tar.gz"
2026-09-12T03:18:43.6706922Z Extract downloaded archive
2026-09-12T03:18:43.6859538Z [command]/usr/bin/tar xz --warning=no-unknown-keyword --overwrite -C /home/runner/work/_temp/a608ac3f-f796-404b-b017-0993b42c541f -f /home/runner/work/_temp/d209c1e6-1833-4f42-bbf2-47d202047f02
2026-09-12T03:18:46.1811959Z Execute installation script
2026-09-12T03:18:46.1927196Z Check if Python hostedtoolcache folder exist...
2026-09-12T03:18:46.1928227Z Create Python 3.13.5 folder
2026-09-12T03:18:46.1946802Z Copy Python binaries to hostedtoolcache folder
2026-09-12T03:18:46.7794233Z Create additional symlinks (Required for the UsePythonVersion Azure Pipelines task and the setup-python GitHub Action)
2026-09-12T03:18:46.7840061Z Upgrading pip...
2026-09-12T03:18:49.2635652Z Looking in links: /tmp/tmprdq91xax
2026-09-12T03:18:49.2640614Z Requirement already satisfied: pip in /opt/hostedtoolcache/Python/3.13.5/x64/lib/python3.13/site-packages (25.1.1)
2026-09-12T03:18:51.0285394Z Collecting pip
2026-09-12T03:18:51.0746437Z Downloading pip-26.2.1-py3-none-any.whl.metadata (4.6 kB)
2026-09-12T03:18:51.0857075Z Downloading pip-26.2.1-py3-none-any.whl (1.8 MB)
2026-09-12T03:18:51.1284205Z ━━━━━━━━━━━━━━━━━━━━━━━━━━━━━━━━━━━━━━━━ 1.8/1.8 MB 66.0 MB/s eta 0:00:00
2026-09-12T03:18:51.1287153Z 
2026-09-12T03:18:51.1504305Z Installing collected packages: pip
2026-09-12T03:18:51.1506978Z Attempting uninstall: pip
2026-09-12T03:18:51.1537341Z Found existing installation: pip 25.1.1
2026-09-12T03:18:51.1887836Z Uninstalling pip-25.1.1:
2026-09-12T03:18:51.1941754Z Successfully uninstalled pip-25.1.1
2026-09-12T03:18:52.0948158Z Successfully installed pip-26.2.1
2026-09-12T03:18:52.1601816Z Create complete file
2026-09-12T03:18:52.1647610Z Successfully set up CPython (3.13.5)
2026-09-12T03:18:52.1649949Z ##[endgroup]
2026-09-12T03:18:52.1881031Z Node 20 is being deprecated. This workflow is running with Node 24 by default. If you need to temporarily use Node 20, you can set the ACTIONS_ALLOW_USE_UNSECURE_NODE_VERSION=true environment variable. For more information see: https://github.blog/changelog/2025-09-19-deprecation-of-node-20-on-github-actions-runners/
2026-09-12T03:18:52.1882484Z ##[group]Run actions/setup-node@v4
2026-09-12T03:18:52.1882756Z with:
2026-09-12T03:18:52.1882976Z   node-version: 22.22.0
2026-09-12T03:18:52.1883219Z   always-auth: false
2026-09-12T03:18:52.1883476Z   check-latest: false
2026-09-12T03:18:52.1886044Z   token: ***
2026-09-12T03:18:52.1886262Z env:
2026-09-12T03:18:52.1886481Z   PYTHONDONTWRITEBYTECODE: 1
2026-09-12T03:18:52.1886822Z   pythonLocation: /opt/hostedtoolcache/Python/3.13.5/x64
2026-09-12T03:18:52.1887286Z   PKG_CONFIG_PATH: /opt/hostedtoolcache/Python/3.13.5/x64/lib/pkgconfig
2026-09-12T03:18:52.1887725Z   Python_ROOT_DIR: /opt/hostedtoolcache/Python/3.13.5/x64
2026-09-12T03:18:52.1888160Z   Python2_ROOT_DIR: /opt/hostedtoolcache/Python/3.13.5/x64
2026-09-12T03:18:52.1888548Z   Python3_ROOT_DIR: /opt/hostedtoolcache/Python/3.13.5/x64
2026-09-12T03:18:52.1888940Z   LD_LIBRARY_PATH: /opt/hostedtoolcache/Python/3.13.5/x64/lib
2026-09-12T03:18:52.1889284Z ##[endgroup]
2026-09-12T03:18:52.3426866Z Attempting to download 22.22.0...
2026-09-12T03:18:52.3541840Z (node:2161) [DEP0040] DeprecationWarning: The `punycode` module is deprecated. Please use a userland alternative instead.
2026-09-12T03:18:52.3543444Z (Use `node --trace-deprecation ...` to show where the warning was created)
2026-09-12T03:18:52.7877092Z Acquiring 22.22.0 - x64 from https://github.com/actions/node-versions/releases/download/22.22.0-20981702931/node-22.22.0-linux-x64.tar.gz
2026-09-12T03:18:53.3173419Z Extracting ...
2026-09-12T03:18:53.3324328Z [command]/usr/bin/tar xz --strip 1 --warning=no-unknown-keyword --overwrite -C /home/runner/work/_temp/2ea792aa-7aee-4fcc-b3f1-bf6c51a17a5f -f /home/runner/work/_temp/57afcc8d-579b-42b8-b6a3-c171ca48b1fa
2026-09-12T03:18:54.7178929Z Adding to the cache ...
2026-09-12T03:18:57.5160486Z ##[group]Environment details
2026-09-12T03:18:57.8537637Z node: v22.22.0
2026-09-12T03:18:57.8538271Z npm: 10.9.4
2026-09-12T03:18:57.8539033Z yarn: 1.22.22
2026-09-12T03:18:57.8551186Z ##[endgroup]
2026-09-12T03:18:57.8748432Z ##[group]Run python ci/retention/verify_source.py "$RUNNER_TEMP/evidence/source"
2026-09-12T03:18:57.8749118Z [36;1mpython ci/retention/verify_source.py "$RUNNER_TEMP/evidence/source"[0m
2026-09-12T03:18:57.8749768Z [36;1mpython ci/retention/verify_alignment.py "$RUNNER_TEMP/evidence/source/ALIGNMENT_RESULT.json"[0m
2026-09-12T03:18:57.8793811Z shell: /usr/bin/bash --noprofile --norc -e -o pipefail {0}
2026-09-12T03:18:57.8794176Z env:
2026-09-12T03:18:57.8794393Z   PYTHONDONTWRITEBYTECODE: 1
2026-09-12T03:18:57.8794734Z   pythonLocation: /opt/hostedtoolcache/Python/3.13.5/x64
2026-09-12T03:18:57.8795179Z   PKG_CONFIG_PATH: /opt/hostedtoolcache/Python/3.13.5/x64/lib/pkgconfig
2026-09-12T03:18:57.8795626Z   Python_ROOT_DIR: /opt/hostedtoolcache/Python/3.13.5/x64
2026-09-12T03:18:57.8796437Z   Python2_ROOT_DIR: /opt/hostedtoolcache/Python/3.13.5/x64
2026-09-12T03:18:57.8796833Z   Python3_ROOT_DIR: /opt/hostedtoolcache/Python/3.13.5/x64
2026-09-12T03:18:57.8797280Z   LD_LIBRARY_PATH: /opt/hostedtoolcache/Python/3.13.5/x64/lib
2026-09-12T03:18:57.8797613Z ##[endgroup]
2026-09-12T03:18:58.1591758Z {"source_files": 1300, "source_tree_sha256": "928468ed31550195dfa8f121832e91b8d08aa9d5c15cef1381d903f76c9f97b3", "unchanged_parent_files": 1260, "new_files": 29, "repaired_existing_files": 11, "compatibility_files_unchanged": 19, "checkpoint_commit": "62fdde3cabe72b92fa5dc1b37b7652395fe3aba5", "byte_retention": "PASS", "full_feature_retention": "HOLD_APPROVAL_BLOCKED_PROVIDER_GUARD", "deployment": "NOT_RUN", "production": "HOLD"}
2026-09-12T03:18:58.4409980Z {"commit": "62fdde3cabe72b92fa5dc1b37b7652395fe3aba5", "application_tree": "a73b9b53a59c88ab995d0f9b123c9fb79e87e60d", "selected_source_files": 1300, "selection_counts": {"BOTH": 1264, "PR47": 35, "PR48": 1}, "pr47_application_changes": ["application/frontend/shared/app.js"], "archived_tooling_files": 8, "alignment": "PASS", "historical_pass_transferred": false, "full_three_end_ux": "HOLD", "six_vertical_closed_loop": "HOLD", "sealed_node": "HOLD", "final_release": "HOLD"}
2026-09-12T03:18:58.4546413Z ##[group]Run python ci/retention/dependencies.py --repository . --output "$RUNNER_TEMP/frozen"
2026-09-12T03:18:58.4547220Z [36;1mpython ci/retention/dependencies.py --repository . --output "$RUNNER_TEMP/frozen"[0m
2026-09-12T03:18:58.4547995Z [36;1mpython -m pip install --no-index --find-links "$RUNNER_TEMP/frozen/wheelhouse" -r ci/retention/requirements.lock[0m
2026-09-12T03:18:58.4587704Z shell: /usr/bin/bash --noprofile --norc -e -o pipefail {0}
2026-09-12T03:18:58.4588064Z env:
2026-09-12T03:18:58.4588287Z   PYTHONDONTWRITEBYTECODE: 1
2026-09-12T03:18:58.4588616Z   pythonLocation: /opt/hostedtoolcache/Python/3.13.5/x64
2026-09-12T03:18:58.4589059Z   PKG_CONFIG_PATH: /opt/hostedtoolcache/Python/3.13.5/x64/lib/pkgconfig
2026-09-12T03:18:58.4589495Z   Python_ROOT_DIR: /opt/hostedtoolcache/Python/3.13.5/x64
2026-09-12T03:18:58.4589886Z   Python2_ROOT_DIR: /opt/hostedtoolcache/Python/3.13.5/x64
2026-09-12T03:18:58.4590311Z   Python3_ROOT_DIR: /opt/hostedtoolcache/Python/3.13.5/x64
2026-09-12T03:18:58.4590696Z   LD_LIBRARY_PATH: /opt/hostedtoolcache/Python/3.13.5/x64/lib
2026-09-12T03:18:58.4591023Z ##[endgroup]
2026-09-12T03:18:58.9205340Z {"archive_sha256": "b13a76ab9351f81da70e8e2c8873c20141abe953cd3f96aeb181ef86a34b58dd", "verified_wheels": 37, "source": "pinned GO repository ci/dependency_parts only", "application_source_restored": false}
2026-09-12T03:18:59.8714882Z Looking in links: /home/runner/work/_temp/frozen/wheelhouse
2026-09-12T03:18:59.8816529Z Processing /home/runner/work/_temp/frozen/wheelhouse/alembic-1.16.5-py3-none-any.whl (from -r ci/retention/requirements.lock (line 1))
2026-09-12T03:18:59.8898612Z Processing /home/runner/work/_temp/frozen/wheelhouse/annotated_doc-0.0.4-py3-none-any.whl (from -r ci/retention/requirements.lock (line 2))
2026-09-12T03:18:59.8926568Z Processing /home/runner/work/_temp/frozen/wheelhouse/annotated_types-0.7.0-py3-none-any.whl (from -r ci/retention/requirements.lock (line 3))
2026-09-12T03:18:59.8955986Z Processing /home/runner/work/_temp/frozen/wheelhouse/anyio-4.13.0-py3-none-any.whl (from -r ci/retention/requirements.lock (line 4))
2026-09-12T03:18:59.8991852Z Processing /home/runner/work/_temp/frozen/wheelhouse/certifi-2026.5.20-py3-none-any.whl (from -r ci/retention/requirements.lock (line 5))
2026-09-12T03:18:59.9018809Z Processing /home/runner/work/_temp/frozen/wheelhouse/cffi-2.0.0-cp313-cp313-manylinux_2_17_x86_64.whl (from -r ci/retention/requirements.lock (line 6))
2026-09-12T03:18:59.9046472Z Processing /home/runner/work/_temp/frozen/wheelhouse/click-8.5.0-py3-none-any.whl (from -r ci/retention/requirements.lock (line 7))
2026-09-12T03:18:59.9071858Z Processing /home/runner/work/_temp/frozen/wheelhouse/cryptography-46.0.4-cp311-abi3-manylinux_2_34_x86_64.whl (from -r ci/retention/requirements.lock (line 8))
2026-09-12T03:18:59.9166824Z Processing /home/runner/work/_temp/frozen/wheelhouse/fastapi-0.128.2-py3-none-any.whl (from -r ci/retention/requirements.lock (line 9))
2026-09-12T03:18:59.9230771Z Processing /home/runner/work/_temp/frozen/wheelhouse/greenlet-3.5.1-cp313-cp313-manylinux_2_24_x86_64.whl (from -r ci/retention/requirements.lock (line 10))
2026-09-12T03:18:59.9269906Z Processing /home/runner/work/_temp/frozen/wheelhouse/h11-0.16.0-py3-none-any.whl (from -r ci/retention/requirements.lock (line 11))
2026-09-12T03:18:59.9299596Z Processing /home/runner/work/_temp/frozen/wheelhouse/httpcore-1.0.9-py3-none-any.whl (from -r ci/retention/requirements.lock (line 12))
2026-09-12T03:18:59.9338980Z Processing /home/runner/work/_temp/frozen/wheelhouse/httpx-0.28.1-py3-none-any.whl (from -r ci/retention/requirements.lock (line 13))
2026-09-12T03:18:59.9373520Z Processing /home/runner/work/_temp/frozen/wheelhouse/idna-3.17-py3-none-any.whl (from -r ci/retention/requirements.lock (line 14))
2026-09-12T03:18:59.9405432Z Processing /home/runner/work/_temp/frozen/wheelhouse/iniconfig-2.3.0-py3-none-any.whl (from -r ci/retention/requirements.lock (line 15))
2026-09-12T03:18:59.9430711Z Processing /home/runner/work/_temp/frozen/wheelhouse/mako-1.3.10-py3-none-any.whl (from -r ci/retention/requirements.lock (line 16))
2026-09-12T03:18:59.9460016Z Processing /home/runner/work/_temp/frozen/wheelhouse/markupsafe-3.0.3-cp313-cp313-manylinux2014_x86_64.manylinux_2_17_x86_64.manylinux_2_28_x86_64.whl (from -r ci/retention/requirements.lock (line 17))
2026-09-12T03:18:59.9483779Z Processing /home/runner/work/_temp/frozen/wheelhouse/packaging-25.0-py3-none-any.whl (from -r ci/retention/requirements.lock (line 18))
2026-09-12T03:18:59.9512225Z Processing /home/runner/work/_temp/frozen/wheelhouse/pillow-12.3.0-cp313-cp313-manylinux_2_27_x86_64.whl (from -r ci/retention/requirements.lock (line 19))
2026-09-12T03:18:59.9623203Z Processing /home/runner/work/_temp/frozen/wheelhouse/pluggy-1.6.0-py3-none-any.whl (from -r ci/retention/requirements.lock (line 20))
2026-09-12T03:18:59.9664282Z Processing /home/runner/work/_temp/frozen/wheelhouse/psycopg_binary-3.2.10-cp313-cp313-manylinux2014_x86_64.manylinux_2_17_x86_64.whl (from -r ci/retention/requirements.lock (line 21))
2026-09-12T03:18:59.9733621Z Processing /home/runner/work/_temp/frozen/wheelhouse/psycopg-3.2.10-py3-none-any.whl (from -r ci/retention/requirements.lock (line 22))
2026-09-12T03:18:59.9789511Z Processing /home/runner/work/_temp/frozen/wheelhouse/pycparser-3.0-py3-none-any.whl (from -r ci/retention/requirements.lock (line 23))
2026-09-12T03:18:59.9816866Z Processing /home/runner/work/_temp/frozen/wheelhouse/pydantic_settings-2.14.1-py3-none-any.whl (from -r ci/retention/requirements.lock (line 24))
2026-09-12T03:18:59.9848826Z Processing /home/runner/work/_temp/frozen/wheelhouse/pydantic-2.13.4-py3-none-any.whl (from -r ci/retention/requirements.lock (line 25))
2026-09-12T03:18:59.9928013Z Processing /home/runner/work/_temp/frozen/wheelhouse/pydantic_core-2.46.4-cp313-cp313-manylinux_2_17_x86_64.whl (from -r ci/retention/requirements.lock (line 26))
2026-09-12T03:18:59.9980147Z Processing /home/runner/work/_temp/frozen/wheelhouse/Pygments-2.20.0-py3-none-any.whl (from -r ci/retention/requirements.lock (line 27))
2026-09-12T03:19:00.0070211Z Processing /home/runner/work/_temp/frozen/wheelhouse/PyJWT-2.13.0-py3-none-any.whl (from -r ci/retention/requirements.lock (line 28))
2026-09-12T03:19:00.0097718Z Processing /home/runner/work/_temp/frozen/wheelhouse/pytest_asyncio-1.3.0-py3-none-any.whl (from -r ci/retention/requirements.lock (line 29))
2026-09-12T03:19:00.0128508Z Processing /home/runner/work/_temp/frozen/wheelhouse/pytest-9.0.2-py3-none-any.whl (from -r ci/retention/requirements.lock (line 30))
2026-09-12T03:19:00.0181788Z Processing /home/runner/work/_temp/frozen/wheelhouse/python_dotenv-1.2.2-py3-none-any.whl (from -r ci/retention/requirements.lock (line 31))
2026-09-12T03:19:00.0220106Z Processing /home/runner/work/_temp/frozen/wheelhouse/redis-5.2.1-py3-none-any.whl (from -r ci/retention/requirements.lock (line 32))
2026-09-12T03:19:00.0255259Z Processing /home/runner/work/_temp/frozen/wheelhouse/SQLAlchemy-2.0.50-cp313-cp313-manylinux_2_17_x86_64.whl (from -r ci/retention/requirements.lock (line 33))
2026-09-12T03:19:00.0409147Z Processing /home/runner/work/_temp/frozen/wheelhouse/starlette-0.50.0-py3-none-any.whl (from -r ci/retention/requirements.lock (line 34))
2026-09-12T03:19:00.0444318Z Processing /home/runner/work/_temp/frozen/wheelhouse/typing_inspection-0.4.2-py3-none-any.whl (from -r ci/retention/requirements.lock (line 35))
2026-09-12T03:19:00.0468852Z Processing /home/runner/work/_temp/frozen/wheelhouse/typing_extensions-4.16.0-py3-none-any.whl (from -r ci/retention/requirements.lock (line 36))
2026-09-12T03:19:00.0494407Z Processing /home/runner/work/_temp/frozen/wheelhouse/uvicorn-0.35.0-py3-none-any.whl (from -r ci/retention/requirements.lock (line 37))
2026-09-12T03:19:00.1858249Z Installing collected packages: typing_extensions, redis, python-dotenv, PyJWT, Pygments, pycparser, psycopg-binary, psycopg, pluggy, Pillow, packaging, MarkupSafe, iniconfig, idna, h11, greenlet, click, certifi, annotated-types, annotated-doc, uvicorn, typing-inspection, SQLAlchemy, pytest, pydantic_core, Mako, httpcore, cffi, anyio, starlette, pytest-asyncio, pydantic, httpx, cryptography, alembic, pydantic-settings, fastapi
2026-09-12T03:19:05.0335692Z 
2026-09-12T03:19:05.0383099Z Successfully installed Mako-1.3.10 MarkupSafe-3.0.3 Pillow-12.3.0 PyJWT-2.13.0 Pygments-2.20.0 SQLAlchemy-2.0.50 alembic-1.16.5 annotated-doc-0.0.4 annotated-types-0.7.0 anyio-4.13.0 certifi-2026.5.20 cffi-2.0.0 click-8.5.0 cryptography-46.0.4 fastapi-0.128.2 greenlet-3.5.1 h11-0.16.0 httpcore-1.0.9 httpx-0.28.1 idna-3.17 iniconfig-2.3.0 packaging-25.0 pluggy-1.6.0 psycopg-3.2.10 psycopg-binary-3.2.10 pycparser-3.0 pydantic-2.13.4 pydantic-settings-2.14.1 pydantic_core-2.46.4 pytest-9.0.2 pytest-asyncio-1.3.0 python-dotenv-1.2.2 redis-5.2.1 starlette-0.50.0 typing-inspection-0.4.2 typing_extensions-4.16.0 uvicorn-0.35.0
2026-09-12T03:19:05.0997480Z ##[group]Run export GO_NATIVE_NODE="$(command -v node)"
2026-09-12T03:19:05.0997967Z [36;1mexport GO_NATIVE_NODE="$(command -v node)"[0m
2026-09-12T03:19:05.0998469Z [36;1mpython ci/retention/run_suite.py --shard 2 --evidence "$RUNNER_TEMP/evidence/tests"[0m
2026-09-12T03:19:05.1035591Z shell: /usr/bin/bash --noprofile --norc -e -o pipefail {0}
2026-09-12T03:19:05.1036090Z env:
2026-09-12T03:19:05.1036311Z   PYTHONDONTWRITEBYTECODE: 1
2026-09-12T03:19:05.1036641Z   pythonLocation: /opt/hostedtoolcache/Python/3.13.5/x64
2026-09-12T03:19:05.1037075Z   PKG_CONFIG_PATH: /opt/hostedtoolcache/Python/3.13.5/x64/lib/pkgconfig
2026-09-12T03:19:05.1037513Z   Python_ROOT_DIR: /opt/hostedtoolcache/Python/3.13.5/x64
2026-09-12T03:19:05.1037895Z   Python2_ROOT_DIR: /opt/hostedtoolcache/Python/3.13.5/x64
2026-09-12T03:19:05.1038277Z   Python3_ROOT_DIR: /opt/hostedtoolcache/Python/3.13.5/x64
2026-09-12T03:19:05.1038663Z   LD_LIBRARY_PATH: /opt/hostedtoolcache/Python/3.13.5/x64/lib
2026-09-12T03:19:05.1039031Z ##[endgroup]
2026-09-12T03:25:04.9499586Z ........................................................................ [ 16%]
2026-09-12T03:25:04.9501203Z ........................................................................ [ 33%]
2026-09-12T03:25:04.9502365Z ........................................................................ [ 50%]
2026-09-12T03:25:04.9503450Z ........................................................................ [ 66%]
2026-09-12T03:25:04.9504421Z ........................................................................ [ 83%]
2026-09-12T03:25:04.9505379Z ......................................................................   [100%]
2026-09-12T03:25:04.9506803Z =============================== warnings summary ===============================
2026-09-12T03:25:04.9507680Z tests/test_depth18_regional_queue.py: 5 warnings
2026-09-12T03:25:04.9508494Z tests/test_depth20_api_fulfillment.py: 5 warnings
2026-09-12T03:25:04.9509330Z tests/test_depth22_rail_resolution.py: 5 warnings
2026-09-12T03:25:04.9513657Z   /opt/hostedtoolcache/Python/3.13.5/x64/lib/python3.13/site-packages/alembic/config.py:598: DeprecationWarning: No path_separator found in configuration; falling back to legacy splitting on spaces, commas, and colons for prepend_sys_path.  Consider adding path_separator=os to Alembic config.
2026-09-12T03:25:04.9536457Z     util.warn_deprecated(
2026-09-12T03:25:04.9536935Z 
2026-09-12T03:25:04.9537512Z -- Docs: https://docs.pytest.org/en/stable/how-to/capture-warnings.html
2026-09-12T03:25:04.9538409Z 430 passed, 15 warnings in 354.30s (0:05:54)
2026-09-12T03:25:04.9538778Z 
2026-09-12T03:25:04.9540051Z {"exit_code": 0, "selected_files": 59, "shard": 2, "real_providers": "NOT_RUN", "hong_kong": "NOT_ACCESSED", "tests": 430, "failures": 0, "errors": 0, "skipped": 0, "passed": 430}
2026-09-12T03:25:04.9639585Z Node 20 is being deprecated. This workflow is running with Node 24 by default. If you need to temporarily use Node 20, you can set the ACTIONS_ALLOW_USE_UNSECURE_NODE_VERSION=true environment variable. For more information see: https://github.blog/changelog/2025-09-19-deprecation-of-node-20-on-github-actions-runners/
2026-09-12T03:25:04.9640919Z ##[group]Run actions/upload-artifact@v4
2026-09-12T03:25:04.9641199Z with:
2026-09-12T03:25:04.9641561Z   name: canonical-retention-shard-2-62fdde3cabe72b92fa5dc1b37b7652395fe3aba5
2026-09-12T03:25:04.9642009Z   path: /home/runner/work/_temp/evidence
2026-09-12T03:25:04.9642294Z   if-no-files-found: error
2026-09-12T03:25:04.9642538Z   compression-level: 6
2026-09-12T03:25:04.9642765Z   overwrite: false
2026-09-12T03:25:04.9642992Z   include-hidden-files: false
2026-09-12T03:25:04.9643232Z env:
2026-09-12T03:25:04.9643438Z   PYTHONDONTWRITEBYTECODE: 1
2026-09-12T03:25:04.9643764Z   pythonLocation: /opt/hostedtoolcache/Python/3.13.5/x64
2026-09-12T03:25:04.9644224Z   PKG_CONFIG_PATH: /opt/hostedtoolcache/Python/3.13.5/x64/lib/pkgconfig
2026-09-12T03:25:04.9644652Z   Python_ROOT_DIR: /opt/hostedtoolcache/Python/3.13.5/x64
2026-09-12T03:25:04.9645034Z   Python2_ROOT_DIR: /opt/hostedtoolcache/Python/3.13.5/x64
2026-09-12T03:25:04.9645438Z   Python3_ROOT_DIR: /opt/hostedtoolcache/Python/3.13.5/x64
2026-09-12T03:25:04.9646121Z   LD_LIBRARY_PATH: /opt/hostedtoolcache/Python/3.13.5/x64/lib
2026-09-12T03:25:04.9646510Z ##[endgroup]
2026-09-12T03:25:05.1407731Z (node:3048) [DEP0040] DeprecationWarning: The `punycode` module is deprecated. Please use a userland alternative instead.
2026-09-12T03:25:05.1409672Z (Use `node --trace-deprecation ...` to show where the warning was created)
2026-09-12T03:25:05.1657002Z With the provided path, there will be 7 files uploaded
2026-09-12T03:25:05.1676877Z Artifact name is valid!
2026-09-12T03:25:05.1696503Z Root directory input is valid!
2026-09-12T03:25:05.3581097Z Beginning upload of artifact content to blob storage
2026-09-12T03:25:05.4009480Z (node:3048) [DEP0169] DeprecationWarning: `url.parse()` behavior is not standardized and prone to errors that have security implications. Use the WHATWG URL API instead. CVEs are not issued for `url.parse()` vulnerabilities.
2026-09-12T03:25:05.4359999Z Uploaded bytes 78299
2026-09-12T03:25:05.4557296Z Finished uploading artifact content to blob storage!
2026-09-12T03:25:05.4567781Z SHA256 digest of uploaded artifact zip is 9856e2f878e4ef02b221689c38d41798f1105a6decd91d4c3098dbcf00a8b759
2026-09-12T03:25:05.4568801Z Finalizing artifact upload
2026-09-12T03:25:05.7207064Z Artifact canonical-retention-shard-2-62fdde3cabe72b92fa5dc1b37b7652395fe3aba5.zip successfully finalized. Artifact ID 10290038609
2026-09-12T03:25:05.7208847Z Artifact canonical-retention-shard-2-62fdde3cabe72b92fa5dc1b37b7652395fe3aba5 has been successfully uploaded! Final size is 78299 bytes. Artifact ID is 10290038609
2026-09-12T03:25:05.7210253Z Artifact download URL: https://github.com/yuguangzhi3836-glitch/GO/actions/runs/34670014293/artifacts/10290038609
2026-09-12T03:25:05.7420082Z Node 20 is being deprecated. This workflow is running with Node 24 by default. If you need to temporarily use Node 20, you can set the ACTIONS_ALLOW_USE_UNSECURE_NODE_VERSION=true environment variable. For more information see: https://github.blog/changelog/2025-09-19-deprecation-of-node-20-on-github-actions-runners/
2026-09-12T03:25:05.7421361Z Post job cleanup.
2026-09-12T03:25:05.8715585Z (node:3062) [DEP0040] DeprecationWarning: The `punycode` module is deprecated. Please use a userland alternative instead.
2026-09-12T03:25:05.8717544Z (Use `node --trace-deprecation ...` to show where the warning was created)
2026-09-12T03:25:05.8921694Z Node 20 is being deprecated. This workflow is running with Node 24 by default. If you need to temporarily use Node 20, you can set the ACTIONS_ALLOW_USE_UNSECURE_NODE_VERSION=true environment variable. For more information see: https://github.blog/changelog/2025-09-19-deprecation-of-node-20-on-github-actions-runners/
2026-09-12T03:25:05.8923906Z Post job cleanup.
2026-09-12T03:25:06.0898550Z (node:3071) [DEP0040] DeprecationWarning: The `punycode` module is deprecated. Please use a userland alternative instead.
2026-09-12T03:25:06.0900378Z (Use `node --trace-deprecation ...` to show where the warning was created)
2026-09-12T03:25:06.1146462Z Node 20 is being deprecated. This workflow is running with Node 24 by default. If you need to temporarily use Node 20, you can set the ACTIONS_ALLOW_USE_UNSECURE_NODE_VERSION=true environment variable. For more information see: https://github.blog/changelog/2025-09-19-deprecation-of-node-20-on-github-actions-runners/
2026-09-12T03:25:06.1148989Z Post job cleanup.
2026-09-12T03:25:06.2176796Z [command]/usr/bin/git version
2026-09-12T03:25:06.2267291Z git version 2.55.0
2026-09-12T03:25:06.2348215Z Temporarily overriding HOME='/home/runner/work/_temp/0d1c28c8-ad37-49eb-81ef-5d8d1297dee8' before making global git config changes
2026-09-12T03:25:06.2349868Z Adding repository directory to the temporary git global config as a safe directory
2026-09-12T03:25:06.2351152Z [command]/usr/bin/git config --global --add safe.directory /home/runner/work/GO/GO
2026-09-12T03:25:06.2437175Z [command]/usr/bin/git config --local --name-only --get-regexp core\.sshCommand
2026-09-12T03:25:06.2513443Z [command]/usr/bin/git submodule foreach --recursive sh -c "git config --local --name-only --get-regexp 'core\.sshCommand' && git config --local --unset-all 'core.sshCommand' || :"
2026-09-12T03:25:06.2876303Z [command]/usr/bin/git config --local --name-only --get-regexp http\.https\:\/\/github\.com\/\.extraheader
2026-09-12T03:25:06.2960272Z [command]/usr/bin/git submodule foreach --recursive sh -c "git config --local --name-only --get-regexp 'http\.https\:\/\/github\.com\/\.extraheader' && git config --local --unset-all 'http.https://github.com/.extraheader' || :"
2026-09-12T03:25:06.3571609Z [command]/usr/bin/git config --local --name-only --get-regexp ^includeIf\.gitdir:
2026-09-12T03:25:06.3651561Z [command]/usr/bin/git submodule foreach --recursive git config --local --show-origin --name-only --get-regexp remote.origin.url
2026-09-12T03:25:06.4088420Z Cleaning up orphan processes
2026-09-12T03:25:06.4473929Z ##[warning]Node.js 20 is deprecated. The following actions target Node.js 20 but are being forced to run on Node.js 24: actions/checkout@v4, actions/setup-node@v4, actions/setup-python@v5, actions/upload-artifact@v4. For more information see: https://github.blog/changelog/2025-09-19-deprecation-of-node-20-on-github-actions-runners/
