{"ts":"2026-09-10T08:05:18.892187+00:00","level":"INFO","logger":"go.runtime","message":"http_request","request_id":"req_27bc0acb93d04e1b851e2c1219506827","trace_id":"tr_88d1ca9f01ad471c9ed12204a530324f","path":"/health","method":"GET","status_code":200,"duration_ms":1.06}
{"ts":"2026-09-10T08:05:18.897233+00:00","level":"INFO","logger":"go.runtime","message":"http_request","request_id":"req_aefb374273e74dee9fd6ebe061dd793d","trace_id":"tr_4ac0bb8ddd8640519bdc72eed4ef961a","path":"/__acceptance/binding","method":"GET","status_code":200,"duration_ms":2.85}
{"ts":"2026-09-10T08:05:18.906129+00:00","level":"INFO","logger":"go.runtime","message":"http_request","request_id":"req_60f57e01dfe04e66b36a69126c65a294","trace_id":"tr_668fc0b6a77844a1ba3f477ecf22beca","path":"/go-app/","method":"GET","status_code":200,"duration_ms":6.05}
{"ts":"2026-09-10T08:05:18.911603+00:00","level":"INFO","logger":"go.runtime","message":"http_request","request_id":"req_42692219a1414cd1b2cd3bdeeb338086","trace_id":"tr_a2dddd39d55648a186d1384fae43dc8a","path":"/go-app/styles.css","method":"GET","status_code":200,"duration_ms":2.35}
{"ts":"2026-09-10T08:05:18.916452+00:00","level":"INFO","logger":"go.runtime","message":"http_request","request_id":"req_97210d839aa8491bb9efeafdde3c7c37","trace_id":"tr_5c8dbea3bc1347c09147fa9a6064362d","path":"/go-app/vi-reference-10.css","method":"GET","status_code":200,"duration_ms":2.26}
{"ts":"2026-09-10T08:05:18.920881+00:00","level":"INFO","logger":"go.runtime","message":"http_request","request_id":"req_bf05cc08e5e54d659ee71002f7503177","trace_id":"tr_928dd7d929ca48b49b88d309136eb5db","path":"/go-app/flight-journeys.css","method":"GET","status_code":200,"duration_ms":2.1}
{"ts":"2026-09-10T08:05:18.925255+00:00","level":"INFO","logger":"go.runtime","message":"http_request","request_id":"req_961061d9ccb545e0b115cc9ea89c84d6","trace_id":"tr_b765800995934663887b73396934b37c","path":"/go-app/booking-travelers.css","method":"GET","status_code":200,"duration_ms":2.1}
{"ts":"2026-09-10T08:05:18.929530+00:00","level":"INFO","logger":"go.runtime","message":"http_request","request_id":"req_19e5b4da701640bc8f6a13eb078b7d62","trace_id":"tr_320eba7e30884c818aa59bf168b3e98f","path":"/go-app/vault-manager.css","method":"GET","status_code":200,"duration_ms":2.06}
{"ts":"2026-09-10T08:05:18.933940+00:00","level":"INFO","logger":"go.runtime","message":"http_request","request_id":"req_77a110b1a02a4a01845078451f678edb","trace_id":"tr_b068db8839a94587b365a4c3cb8202fb","path":"/go-app/travel-status.css","method":"GET","status_code":200,"duration_ms":2.09}
{"ts":"2026-09-10T08:05:18.938156+00:00","level":"INFO","logger":"go.runtime","message":"http_request","request_id":"req_67e7d5292be44afc843b5d655097335d","trace_id":"tr_cd3ff7c277e2472b85f411f8fafb6284","path":"/go-app/direct-after-sales.js","method":"GET","status_code":200,"duration_ms":2.07}
{"ts":"2026-09-10T08:05:18.942397+00:00","level":"INFO","logger":"go.runtime","message":"http_request","request_id":"req_ec4e17708f0e4052accfd49f052ae0b2","trace_id":"tr_e8228bb06a6a451eb49e35587d3b64c7","path":"/go-app/trip-navigation.js","method":"GET","status_code":200,"duration_ms":2.03}
{"ts":"2026-09-10T08:05:18.946554+00:00","level":"INFO","logger":"go.runtime","message":"http_request","request_id":"req_30ca6853b94b4e5fa91cdee50a00845d","trace_id":"tr_575c75b639db4e919b7b8631d3ab6c5e","path":"/go-app/app.js","method":"GET","status_code":200,"duration_ms":1.99}
{"ts":"2026-09-10T08:05:18.951378+00:00","level":"INFO","logger":"go.runtime","message":"http_request","request_id":"req_07a9b890709a436399cb8e90ca0e0a87","trace_id":"tr_be6dae6063e74f519c046fb9e01dc6f6","path":"/go-app/flight-journeys.js","method":"GET","status_code":200,"duration_ms":2.0}
{"ts":"2026-09-10T08:05:18.955546+00:00","level":"INFO","logger":"go.runtime","message":"http_request","request_id":"req_3c0c06fb84114ffab8118aee0751747d","trace_id":"tr_8112db62c6e64262b715f6bc8f4f234c","path":"/go-app/catalog-fare.js","method":"GET","status_code":200,"duration_ms":1.96}
{"ts":"2026-09-10T08:05:18.960185+00:00","level":"INFO","logger":"go.runtime","message":"http_request","request_id":"req_a05fe81999ae497b9176f511514a41a6","trace_id":"tr_c5b7af27d0a04d3c942859b61fa066df","path":"/go-app/catalog-cash-fare.js","method":"GET","status_code":200,"duration_ms":2.46}
{"ts":"2026-09-10T08:05:18.964624+00:00","level":"INFO","logger":"go.runtime","message":"http_request","request_id":"req_66cd21c7bf204bfcb250d40fecc8b728","trace_id":"tr_189fd10c222e43828392ff011d67477e","path":"/go-app/booking-travelers.js","method":"GET","status_code":200,"duration_ms":2.08}
{"ts":"2026-09-10T08:05:18.969294+00:00","level":"INFO","logger":"go.runtime","message":"http_request","request_id":"req_22518c3bb36049aab8ab0da4a7f41f4a","trace_id":"tr_503b6f89b49e417181f198fe116a5c45","path":"/go-app/catalog-credit.js","method":"GET","status_code":200,"duration_ms":2.05}
{"ts":"2026-09-10T08:05:18.973598+00:00","level":"INFO","logger":"go.runtime","message":"http_request","request_id":"req_6414a6db62f54e7ba54c8a77fc6abfc7","trace_id":"tr_961b206fb75141b3b17ba1a9f7dc7f87","path":"/go-app/rental-after-sales.js","method":"GET","status_code":200,"duration_ms":2.11}
{"ts":"2026-09-10T08:05:18.977861+00:00","level":"INFO","logger":"go.runtime","message":"http_request","request_id":"req_4c9ee99f9de34aa684dafab1752be9fd","trace_id":"tr_66b6bac6f8114934a4c43b1973450474","path":"/go-app/vault-manager.js","method":"GET","status_code":200,"duration_ms":2.02}
{"ts":"2026-09-10T08:05:18.982382+00:00","level":"INFO","logger":"go.runtime","message":"http_request","request_id":"req_71c0f57465974be09c385651fab27ce5","trace_id":"tr_f9cc8de8142b456791476a84fb9f2aac","path":"/go-app/travel-status.js","method":"GET","status_code":200,"duration_ms":2.07}
{"ts":"2026-09-10T08:05:18.986456+00:00","level":"INFO","logger":"go.runtime","message":"http_request","request_id":"req_af74a0b5c132446488c7f3e3eee10593","trace_id":"tr_7fe9bfd232ba4aeb8a447cb7b062d2d1","path":"/go-app/rail-attraction-booking.js","method":"GET","status_code":200,"duration_ms":1.96}
{"ts":"2026-09-10T08:05:18.990902+00:00","level":"INFO","logger":"go.runtime","message":"http_request","request_id":"req_5832cc87abfd4c68938f70a625f160f0","trace_id":"tr_92aeec38b46d4962860a52cbb4139525","path":"/go-admin/","method":"GET","status_code":200,"duration_ms":2.36}
{"ts":"2026-09-10T08:05:18.995920+00:00","level":"INFO","logger":"go.runtime","message":"http_request","request_id":"req_9c2730e5c0874dfa9b847c4c52cc19f0","trace_id":"tr_9e2e5f35dccf4dd4bd30f57ea06b5c4e","path":"/console-assets/styles.css","method":"GET","status_code":200,"duration_ms":2.13}
{"ts":"2026-09-10T08:05:19.000255+00:00","level":"INFO","logger":"go.runtime","message":"http_request","request_id":"req_6435d476c29d41a5a859e953dea27d41","trace_id":"tr_eb0d80c9b58a472f95a87a58ac4f7a34","path":"/go-admin/config.js","method":"GET","status_code":200,"duration_ms":1.98}
{"ts":"2026-09-10T08:05:19.004595+00:00","level":"INFO","logger":"go.runtime","message":"http_request","request_id":"req_e4d79d0d50e24ab9a4d26d2aa11c9470","trace_id":"tr_4ee6f8aa411e4cb5a33ed7b428fd2de1","path":"/go-admin/personal-travel-vault.js","method":"GET","status_code":200,"duration_ms":2.09}
{"ts":"2026-09-10T08:05:19.009195+00:00","level":"INFO","logger":"go.runtime","message":"http_request","request_id":"req_6d4a3564eb724135bfa0e50082c5ae41","trace_id":"tr_91382d01053943f888a6314a06725bb4","path":"/go-admin/consumer-growth-direct-value.js","method":"GET","status_code":200,"duration_ms":2.12}
{"ts":"2026-09-10T08:05:19.013593+00:00","level":"INFO","logger":"go.runtime","message":"http_request","request_id":"req_2d13002a31584c7a8ed3c929cb15d3c8","trace_id":"tr_1f068fc410be401a9c7fef382a10f6a1","path":"/go-admin/commercial-os.js","method":"GET","status_code":200,"duration_ms":2.2}
{"ts":"2026-09-10T08:05:19.017918+00:00","level":"INFO","logger":"go.runtime","message":"http_request","request_id":"req_a77b1995807d45978916996968946f98","trace_id":"tr_4cc77b428cc24ecab8021c51d497d9ae","path":"/go-admin/good-hotel-standard.js","method":"GET","status_code":200,"duration_ms":2.11}
{"ts":"2026-09-10T08:05:19.022396+00:00","level":"INFO","logger":"go.runtime","message":"http_request","request_id":"req_79b0ccc4a1de4d5081f57fc5dd2f7ff6","trace_id":"tr_8132dbb095ca431ba801565d32a91fed","path":"/go-admin/production-connectors.js","method":"GET","status_code":200,"duration_ms":2.08}
{"ts":"2026-09-10T08:05:19.027138+00:00","level":"INFO","logger":"go.runtime","message":"http_request","request_id":"req_fc8059efbfb74d128de952110253baa2","trace_id":"tr_b860cc8a552741409b58373980cb15a5","path":"/go-admin/production-connector-runtime.js","method":"GET","status_code":200,"duration_ms":2.3}
{"ts":"2026-09-10T08:05:19.031713+00:00","level":"INFO","logger":"go.runtime","message":"http_request","request_id":"req_d59f8ea3547f4b768c984cdf805ce939","trace_id":"tr_94a5fda1f7424231a51ce969a2da87e6","path":"/go-admin/connector-activation-readiness.js","method":"GET","status_code":200,"duration_ms":2.18}
{"ts":"2026-09-10T08:05:19.036157+00:00","level":"INFO","logger":"go.runtime","message":"http_request","request_id":"req_e8020a94b7084037ba621367ce75b124","trace_id":"tr_84feffe800c04ee3b49ce254791b62f9","path":"/go-admin/paired-connector-pilot.js","method":"GET","status_code":200,"duration_ms":2.24}
{"ts":"2026-09-10T08:05:19.040680+00:00","level":"INFO","logger":"go.runtime","message":"http_request","request_id":"req_ec6660f07d6546e6a554241e6662129d","trace_id":"tr_25d3073b25e84a478def2fc232619dd3","path":"/go-admin/external-sandbox-certification.js","method":"GET","status_code":200,"duration_ms":2.27}
{"ts":"2026-09-10T08:05:19.045268+00:00","level":"INFO","logger":"go.runtime","message":"http_request","request_id":"req_14627f6af35947ae9960c1d7c242f93f","trace_id":"tr_798051277cec4f658f09c772118b05b9","path":"/go-admin/named-supplier-execution.js","method":"GET","status_code":200,"duration_ms":2.29}
{"ts":"2026-09-10T08:05:19.049913+00:00","level":"INFO","logger":"go.runtime","message":"http_request","request_id":"req_6ba55890bfac4c57b647a4935fbf3090","trace_id":"tr_8d23ed5d08ef4bf0869e9bda9f380ad3","path":"/go-admin/hosted-direct-booking.js","method":"GET","status_code":200,"duration_ms":2.1}
{"ts":"2026-09-10T08:05:19.054397+00:00","level":"INFO","logger":"go.runtime","message":"http_request","request_id":"req_0597aeeed3cf437bb7533fb1e21ea1a4","trace_id":"tr_c87f03ed1dee402aaa0d54618080a70d","path":"/go-admin/hosted-content-acceptance.js","method":"GET","status_code":200,"duration_ms":2.09}
{"ts":"2026-09-10T08:05:19.058706+00:00","level":"INFO","logger":"go.runtime","message":"http_request","request_id":"req_9b646d2eb97f4b13b343c67a872856db","trace_id":"tr_0a540e59311c41b29ab58c7b6b28862a","path":"/go-admin/hosted-reservation-operations.js","method":"GET","status_code":200,"duration_ms":2.14}
{"ts":"2026-09-10T08:05:19.063271+00:00","level":"INFO","logger":"go.runtime","message":"http_request","request_id":"req_0efd2f65cc2b4aa382d2cc6ed9b6724a","trace_id":"tr_84b5146bf30646d9989887a36fb115e0","path":"/go-admin/hosted-frontdesk-command-center.js","method":"GET","status_code":200,"duration_ms":2.27}
{"ts":"2026-09-10T08:05:19.068370+00:00","level":"INFO","logger":"go.runtime","message":"http_request","request_id":"req_78d5d8dc70344ea4859adddbec1fc1b3","trace_id":"tr_cc309bfa4b5d47d7a1ffecd53d2f4ee0","path":"/go-admin/alipay-safeguarded-settlement.js","method":"GET","status_code":200,"duration_ms":2.16}
{"ts":"2026-09-10T08:05:19.072841+00:00","level":"INFO","logger":"go.runtime","message":"http_request","request_id":"req_161ee02bc890407c9704379649726ebe","trace_id":"tr_9c58a35f3b9644dc9dcbe199277a97d8","path":"/go-admin/stay-operations-command-center.js","method":"GET","status_code":200,"duration_ms":2.23}
{"ts":"2026-09-10T08:05:19.077337+00:00","level":"INFO","logger":"go.runtime","message":"http_request","request_id":"req_4354721f324b47af9d1d6a446b9280a2","trace_id":"tr_a4825d22c2ff418c9f67a8ab52f9a3f8","path":"/go-admin/dispute-reconciliation-command-center.js","method":"GET","status_code":200,"duration_ms":2.19}
{"ts":"2026-09-10T08:05:19.081660+00:00","level":"INFO","logger":"go.runtime","message":"http_request","request_id":"req_9fecb18d67584addb39f85ceb690f458","trace_id":"tr_356affe9ea164d958c2119803b189c50","path":"/go-admin/admin-ux.js","method":"GET","status_code":200,"duration_ms":2.14}
{"ts":"2026-09-10T08:05:19.085927+00:00","level":"INFO","logger":"go.runtime","message":"http_request","request_id":"req_1726520bbab64f778d67b23696ad7887","trace_id":"tr_ab2e72f312bd45f78218db21311b6691","path":"/go-admin/hotel-page-factory.js","method":"GET","status_code":200,"duration_ms":2.11}
{"ts":"2026-09-10T08:05:19.090358+00:00","level":"INFO","logger":"go.runtime","message":"http_request","request_id":"req_d589a01eef7c43aa92ef70164745ee34","trace_id":"tr_fab0f4206d7b45929ddb1ad39df37e20","path":"/go-admin/hosted-fault-finance.js","method":"GET","status_code":200,"duration_ms":2.07}
{"ts":"2026-09-10T08:05:19.095222+00:00","level":"INFO","logger":"go.runtime","message":"http_request","request_id":"req_687af6b4ae3147899e6ac9ae4f57f11a","trace_id":"tr_a997e8df427c486db9cbb9468ba25e70","path":"/go-admin/hosted-disruption.js","method":"GET","status_code":200,"duration_ms":2.42}
{"ts":"2026-09-10T08:05:19.099865+00:00","level":"INFO","logger":"go.runtime","message":"http_request","request_id":"req_4b436aa6abf5403988172906712dafb2","trace_id":"tr_24b66a5add7a481ba3443d4712ce2557","path":"/console-assets/catalog-remedy.js","method":"GET","status_code":200,"duration_ms":2.24}
{"ts":"2026-09-10T08:05:19.104309+00:00","level":"INFO","logger":"go.runtime","message":"http_request","request_id":"req_cfd1875d500d44c3a6cba2dd3a47629f","trace_id":"tr_c97a193ba8d34bfe8635e2f64b5da995","path":"/console-assets/app.js","method":"GET","status_code":200,"duration_ms":2.16}
{"ts":"2026-09-10T08:05:19.110869+00:00","level":"INFO","logger":"go.runtime","message":"http_request","request_id":"req_affa36a84c3e42d9bafdfb66355be372","trace_id":"tr_94be9a82ff80404592667d39f0c7c500","path":"/supplier-console/","method":"GET","status_code":200,"duration_ms":2.61}
{"ts":"2026-09-10T08:05:19.115511+00:00","level":"INFO","logger":"go.runtime","message":"http_request","request_id":"req_9a6bf90c592b49b1be0881ac87f5afef","trace_id":"tr_83a797cdd55c4fa3937a9480fac0bbbe","path":"/console-assets/styles.css","method":"GET","status_code":200,"duration_ms":2.19}
{"ts":"2026-09-10T08:05:19.120376+00:00","level":"INFO","logger":"go.runtime","message":"http_request","request_id":"req_29ad2f2368fd46c69ef8143fbf4ce81a","trace_id":"tr_9dc8aa477aec47b481cb180fdeac189b","path":"/supplier-console/config.js","method":"GET","status_code":200,"duration_ms":2.29}
{"ts":"2026-09-10T08:05:19.124919+00:00","level":"INFO","logger":"go.runtime","message":"http_request","request_id":"req_88a69e9517a94c3c932eabdddb481d1d","trace_id":"tr_959452a09f4f46ce925e58d7504fa5b8","path":"/supplier-console/direct-value-economics.js","method":"GET","status_code":200,"duration_ms":2.24}
{"ts":"2026-09-10T08:05:19.129511+00:00","level":"INFO","logger":"go.runtime","message":"http_request","request_id":"req_9157749ba2b4473481a45cddaebcdab4","trace_id":"tr_f2f73735698e4a07a55cf14187fd6d1a","path":"/console-assets/catalog-remedy.js","method":"GET","status_code":200,"duration_ms":2.23}
{"ts":"2026-09-10T08:05:19.134266+00:00","level":"INFO","logger":"go.runtime","message":"http_request","request_id":"req_a1a7f66d24164abc98079389181706a4","trace_id":"tr_f7607b4e9b6c4ea18f8a0bd9f8ae0f8c","path":"/supplier-console/catalog-fare.js","method":"GET","status_code":200,"duration_ms":2.3}
{"ts":"2026-09-10T08:05:19.138623+00:00","level":"INFO","logger":"go.runtime","message":"http_request","request_id":"req_332ceac1689f4981b22e5a29ea151f1a","trace_id":"tr_cefcea9f2f0843749ddfa97f07b098d5","path":"/console-assets/app.js","method":"GET","status_code":200,"duration_ms":2.16}
{"ts":"2026-09-10T08:05:19.144685+00:00","level":"INFO","logger":"go.runtime","message":"http_request","request_id":"req_a7d88b7886b84d47ba6254f3b1826d33","trace_id":"tr_dcfe84a671b54fbeace8192f895e4d71","path":"/go-app/direct.html","method":"GET","status_code":200,"duration_ms":2.15}
{"ts":"2026-09-10T08:05:19.150039+00:00","level":"INFO","logger":"go.runtime","message":"http_request","request_id":"req_c76b4a1b1c0248ebaa3221163ce71731","trace_id":"tr_109514299c4445ee9038c67d068d092e","path":"/go-app/direct.css","method":"GET","status_code":200,"duration_ms":2.13}
{"ts":"2026-09-10T08:05:19.154250+00:00","level":"INFO","logger":"go.runtime","message":"http_request","request_id":"req_a74f6b92dd7d4a1abd89a968ed4adbf2","trace_id":"tr_9425ef7312184a00a500513057c74b95","path":"/go-app/booking-travelers.css","method":"GET","status_code":200,"duration_ms":2.09}
{"ts":"2026-09-10T08:05:19.158748+00:00","level":"INFO","logger":"go.runtime","message":"http_request","request_id":"req_38ebe5c795284ead86ad5fd76ffa8c69","trace_id":"tr_61d51d3f855947eda122ddef33f31519","path":"/go-app/direct-fare.js","method":"GET","status_code":200,"duration_ms":2.11}
{"ts":"2026-09-10T08:05:19.162934+00:00","level":"INFO","logger":"go.runtime","message":"http_request","request_id":"req_c2fd5fa9914b4d11ad6177a38094d675","trace_id":"tr_6c93bf3db6534b2d84c046dcc5911563","path":"/go-app/direct-after-sales.js","method":"GET","status_code":200,"duration_ms":2.02}
{"ts":"2026-09-10T08:05:19.167431+00:00","level":"INFO","logger":"go.runtime","message":"http_request","request_id":"req_7476313919814a95b6af191e2e3c4f97","trace_id":"tr_557fbeb5aadb485b87c1799d0ac0ce42","path":"/go-app/direct-credit.js","method":"GET","status_code":200,"duration_ms":2.06}
{"ts":"2026-09-10T08:05:19.171547+00:00","level":"INFO","logger":"go.runtime","message":"http_request","request_id":"req_30d233396b8f40e6b1fcf0995612f8ef","trace_id":"tr_d702bfb3465e4d77b6531ceb648dd852","path":"/go-app/direct.js","method":"GET","status_code":200,"duration_ms":1.94}
{"ts":"2026-09-10T08:05:19.178989+00:00","level":"INFO","logger":"go.runtime","message":"http_request","request_id":"req_768e48f4f3e14cfc8c4b049952f76c47","trace_id":"tr_7c98125b514a4ceca8c90ae9925a1bfe","path":"/v1/consumer/me","method":"GET","status_code":401,"duration_ms":1.25}
{"ts":"2026-09-10T08:05:19.268439+00:00","level":"INFO","logger":"go.runtime","message":"http_request","request_id":"req_cf3d0ba34b754d5f9e6229e95b33b1ed","trace_id":"tr_e265f3ec6b41445c8638316c7bc8e259","path":"/v1/consumer/auth/login","method":"POST","status_code":200,"duration_ms":87.79}
{"ts":"2026-09-10T08:05:19.275220+00:00","level":"INFO","logger":"go.runtime","message":"http_request","request_id":"req_60538e4452fe43be851229aac2e3b469","trace_id":"tr_cbf241a015794413aa39ba2ae7456dd4","path":"/v1/consumer/me","method":"GET","status_code":200,"duration_ms":4.69}
{"ts":"2026-09-10T08:05:19.354336+00:00","level":"INFO","logger":"go.runtime","message":"http_request","request_id":"req_f3a78e0f109b42debc0a83e1c7aab047","trace_id":"tr_1ab55898e9894216ab92a490b518d037","path":"/bff/auth/login","method":"POST","status_code":200,"duration_ms":77.39}
{"ts":"2026-09-10T08:05:19.360622+00:00","level":"INFO","logger":"go.runtime","message":"http_request","request_id":"req_ed5c34016e994146aac6e68520555c1b","trace_id":"tr_3e34015f8db94a7eafb57c36316973a6","path":"/bff/auth/me","method":"GET","status_code":200,"duration_ms":4.14}
{"ts":"2026-09-10T08:05:19.366482+00:00","level":"INFO","logger":"go.runtime","message":"http_request","request_id":"req_1376de684d9a400aa7f46783608e8477","trace_id":"tr_3ecb25d5ff4e49a2bab9165a0dce1536","path":"/v1/consumer/me","method":"GET","status_code":200,"duration_ms":4.05}
{"ts":"2026-09-10T08:05:19.377833+00:00","level":"INFO","logger":"go.runtime","message":"http_request","request_id":"req_9b5a325c1a6646fcb398a8a97f5f9f8a","trace_id":"tr_a57a963ae8924a958fd377f3d7e2cb27","path":"/bff/auth/refresh","method":"POST","status_code":200,"duration_ms":9.36}
{"ts":"2026-09-10T08:05:19.458662+00:00","level":"INFO","logger":"go.runtime","message":"http_request","request_id":"req_ba9c8550f93a4eeca45f121f1719b493","trace_id":"tr_c1f939bc84664ea9a6f1a0bc5fd12a46","path":"/bff/auth/login","method":"POST","status_code":401,"duration_ms":76.3}
{"ts":"2026-09-10T08:05:19.464562+00:00","level":"INFO","logger":"go.runtime","message":"http_request","request_id":"req_b478d021c9094ffa9688f0f006ace31d","trace_id":"tr_bcc8d2d1aa364613b80c57774d8962dd","path":"/bff/auth/me","method":"GET","status_code":200,"duration_ms":3.8}
{"ts":"2026-09-10T08:05:19.481879+00:00","level":"INFO","logger":"go.runtime","message":"http_request","request_id":"req_2f4b3ec838b6498c98f99c896a9e636c","trace_id":"tr_f2267e6095a84fb6b284a66ddd6b5cbd","path":"/bff/auth/logout","method":"POST","status_code":200,"duration_ms":15.4}
{"ts":"2026-09-10T08:05:19.486853+00:00","level":"INFO","logger":"go.runtime","message":"http_request","request_id":"req_9e59a7edf14f40f289027fb555c84a97","trace_id":"tr_a7a95daaf32b4aae9ff6352fc73377bb","path":"/bff/auth/me","method":"GET","status_code":401,"duration_ms":0.91}
{"ts":"2026-09-10T08:05:19.493026+00:00","level":"INFO","logger":"go.runtime","message":"http_request","request_id":"req_e067d13bb1e445068c2024e77e0c2714","trace_id":"tr_30ebfff720d64baabaef35a7b07f5eae","path":"/v1/consumer/me","method":"GET","status_code":200,"duration_ms":4.39}
{"ts":"2026-09-10T08:05:19.572413+00:00","level":"INFO","logger":"go.runtime","message":"http_request","request_id":"req_c66de1dec3024472bd211adc615ba495","trace_id":"tr_e12c26826b1d4082b29b84d7c70b3c31","path":"/bff/auth/login","method":"POST","status_code":200,"duration_ms":77.58}
{"ts":"2026-09-10T08:05:19.578348+00:00","level":"INFO","logger":"go.runtime","message":"http_request","request_id":"req_057bf6d772774ff78e3a78f40451b58a","trace_id":"tr_e9acfcb11c464714a58957947c61c5cb","path":"/bff/auth/me","method":"GET","status_code":200,"duration_ms":3.72}
{"ts":"2026-09-10T08:05:19.584361+00:00","level":"INFO","logger":"go.runtime","message":"http_request","request_id":"req_3d71d94de4e04917bbe70a7e1e91e356","trace_id":"tr_b687500017b44ac9bf44630b00cf6e5e","path":"/v1/consumer/me","method":"GET","status_code":200,"duration_ms":4.23}
{"ts":"2026-09-10T08:05:19.593752+00:00","level":"INFO","logger":"go.runtime","message":"http_request","request_id":"req_6947b4d757c1499da1eb1ad857a583b2","trace_id":"tr_b31404605bd547e096670621321c848d","path":"/bff/auth/refresh","method":"POST","status_code":200,"duration_ms":7.49}
{"ts":"2026-09-10T08:05:19.672926+00:00","level":"INFO","logger":"go.runtime","message":"http_request","request_id":"req_02f3e9fff56c4e1e8a055583c60bcde5","trace_id":"tr_63a24742356f4d209a660aa77bd83d76","path":"/bff/auth/login","method":"POST","status_code":401,"duration_ms":74.82}
{"ts":"2026-09-10T08:05:19.679537+00:00","level":"INFO","logger":"go.runtime","message":"http_request","request_id":"req_0721852aa7784a8c8c63678b7fe2ea01","trace_id":"tr_35b2228abd954252869d3151be1948f0","path":"/bff/auth/me","method":"GET","status_code":200,"duration_ms":4.35}
{"ts":"2026-09-10T08:05:19.695193+00:00","level":"INFO","logger":"go.runtime","message":"http_request","request_id":"req_845841ba5af04d52ad0158c1e7ea6aec","trace_id":"tr_413d50c29e6c40cdb70b76c22d35b6dc","path":"/bff/auth/logout","method":"POST","status_code":200,"duration_ms":13.57}
{"ts":"2026-09-10T08:05:19.700595+00:00","level":"INFO","logger":"go.runtime","message":"http_request","request_id":"req_50d1a4caf9564e11932e28983c4d75a0","trace_id":"tr_de9d45e2f4884cfa8fe61915ad052e6c","path":"/bff/auth/me","method":"GET","status_code":401,"duration_ms":0.95}
{"ts":"2026-09-10T08:05:19.707815+00:00","level":"INFO","logger":"go.runtime","message":"http_request","request_id":"req_432fa408e6804b598d26660032dcf34b","trace_id":"tr_29140e5b570a4854b24f37cc126ca484","path":"/v1/consumer/me","method":"GET","status_code":200,"duration_ms":5.16}
{"ts":"2026-09-10T08:05:19.720310+00:00","level":"INFO","logger":"go.runtime","message":"http_request","request_id":"req_c65ef17125be47cfa403bbd0b277db1c","trace_id":"tr_33dc4b3df9c6426e8eaf20132bb4a90a","path":"/v1/consumer/auth/refresh","method":"POST","status_code":200,"duration_ms":10.38}
{"ts":"2026-09-10T08:05:19.735514+00:00","level":"INFO","logger":"go.runtime","message":"http_request","request_id":"req_43dc7961b77343e497de19e1c807d2af","trace_id":"tr_1c6d9aaacf4849059d363a1985b15d54","path":"/v1/consumer/auth/logout","method":"POST","status_code":200,"duration_ms":12.99}
{"ts":"2026-09-10T08:05:19.742998+00:00","level":"INFO","logger":"go.runtime","message":"http_request","request_id":"req_8d785dc947ff4db8bd535332de53ef94","trace_id":"tr_bf117741a3984b37b760b12d89590a14","path":"/v1/consumer/me","method":"GET","status_code":401,"duration_ms":0.97}
{"ts":"2026-09-10T08:05:19.748883+00:00","level":"INFO","logger":"go.runtime","message":"http_request","request_id":"req_19b99e17e3fa477988a5c3fcf998e792","trace_id":"tr_7e055dc2d1ef430a8f00c65fcd45645d","path":"/v1/consumer/auth/refresh","method":"POST","status_code":401,"duration_ms":1.83}
