2026-09-10T05:06:54.4492418Z Current runner version: '2.337.0'
2026-09-10T05:06:54.4532376Z ##[group]Runner Image Provisioner
2026-09-10T05:06:54.4534294Z Hosted Compute Agent
2026-09-10T05:06:54.4535487Z Version: 20260828.587
2026-09-10T05:06:54.4536668Z Commit: abac92662cab4cc7352de4f9f9d2e2419aad9c29
2026-09-10T05:06:54.4538237Z Build Date: 2026-08-28T16:44:25Z
2026-09-10T05:06:54.4539566Z Worker ID: {726c5bf5-a7ee-4daf-83de-7e366f956fa3}
2026-09-10T05:06:54.4540923Z Azure Region: eastus
2026-09-10T05:06:54.4541970Z ##[endgroup]
2026-09-10T05:06:54.4545248Z ##[group]Operating System
2026-09-10T05:06:54.4546443Z Ubuntu
2026-09-10T05:06:54.4547346Z 22.04.5
2026-09-10T05:06:54.4548438Z LTS
2026-09-10T05:06:54.4549421Z ##[endgroup]
2026-09-10T05:06:54.4550355Z ##[group]Runner Image
2026-09-10T05:06:54.4551578Z Image: ubuntu-22.04
2026-09-10T05:06:54.4552652Z Version: 20260831.284.1
2026-09-10T05:06:54.4555373Z Included Software: https://github.com/actions/runner-images/blob/ubuntu22/20260831.284/images/ubuntu/Ubuntu2204-Readme.md
2026-09-10T05:06:54.4558284Z Image Release: https://github.com/actions/runner-images/releases/tag/ubuntu22%2F20260831.284
2026-09-10T05:06:54.4560173Z ##[endgroup]
2026-09-10T05:06:54.4562184Z ##[group]GITHUB_TOKEN Permissions
2026-09-10T05:06:54.4565645Z Contents: read
2026-09-10T05:06:54.4566663Z Metadata: read
2026-09-10T05:06:54.4567887Z ##[endgroup]
2026-09-10T05:06:54.4571429Z Secret source: Actions
2026-09-10T05:06:54.4573200Z Cache mode: write
2026-09-10T05:06:54.4575078Z Prepare workflow directory
2026-09-10T05:06:54.5149820Z Prepare all required actions
2026-09-10T05:06:54.5222347Z Getting action download info
2026-09-10T05:06:54.7290078Z Download action repository 'actions/checkout@v4' (SHA:11d5960a326750d5838078e36cf38b85af677262)
2026-09-10T05:06:54.8350154Z Download action repository 'actions/setup-python@v5' (SHA:a26af69be951a213d495a4c3e4e4022e16d87065)
2026-09-10T05:06:54.9471154Z Download action repository 'actions/setup-node@v4' (SHA:49933ea5288caeca8642d1e84afbd3f7d6820020)
2026-09-10T05:06:55.0556927Z Download action repository 'actions/upload-artifact@v4' (SHA:ea165f8d65b6e75b540449e92b4886f43607fa02)
2026-09-10T05:06:55.3154676Z Complete job name: isolated
2026-09-10T05:06:55.3995590Z Node 20 is being deprecated. This workflow is running with Node 24 by default. If you need to temporarily use Node 20, you can set the ACTIONS_ALLOW_USE_UNSECURE_NODE_VERSION=true environment variable. For more information see: https://github.blog/changelog/2025-09-19-deprecation-of-node-20-on-github-actions-runners/
2026-09-10T05:06:55.4009320Z ##[group]Run actions/checkout@v4
2026-09-10T05:06:55.4010788Z with:
2026-09-10T05:06:55.4011725Z   ref: e8331a8ed6ff5ae1fc4338615cc194c52ce96c94
2026-09-10T05:06:55.4012857Z   path: tooling
2026-09-10T05:06:55.4013737Z   persist-credentials: false
2026-09-10T05:06:55.4015207Z   repository: yuguangzhi3836-glitch/GO
2026-09-10T05:06:55.4023610Z   token: ***
2026-09-10T05:06:55.4024830Z   ssh-strict: true
2026-09-10T05:06:55.4025684Z   ssh-user: git
2026-09-10T05:06:55.4026534Z   clean: true
2026-09-10T05:06:55.4027467Z   sparse-checkout-cone-mode: true
2026-09-10T05:06:55.4028527Z   fetch-depth: 1
2026-09-10T05:06:55.4029466Z   fetch-tags: false
2026-09-10T05:06:55.4030400Z   show-progress: true
2026-09-10T05:06:55.4031271Z   lfs: false
2026-09-10T05:06:55.4032078Z   submodules: false
2026-09-10T05:06:55.4032980Z   set-safe-directory: true
2026-09-10T05:06:55.4034311Z   allow-unsafe-pr-checkout: false
2026-09-10T05:06:55.4035704Z env:
2026-09-10T05:06:55.4036781Z   SEALED_CANDIDATE: 0dd0bdca784ece89eb7600d38b5210ed4436c88a
2026-09-10T05:06:55.4038601Z   EXPECTED_SOURCE_TREE: c1067e3aecb82ffbc847549a0d4c1fa6876c6a046c1bb706cf0c09755c3a8524
2026-09-10T05:06:55.4040196Z ##[endgroup]
2026-09-10T05:06:55.5921208Z Syncing repository: yuguangzhi3836-glitch/GO
2026-09-10T05:06:55.5924323Z ##[group]Getting Git version info
2026-09-10T05:06:55.5925631Z Working directory is '/home/runner/work/GO/GO/tooling'
2026-09-10T05:06:55.5927254Z [command]/usr/bin/git version
2026-09-10T05:06:55.6271868Z git version 2.55.0
2026-09-10T05:06:55.6278842Z ##[endgroup]
2026-09-10T05:06:55.6286879Z Temporarily overriding HOME='/home/runner/work/_temp/c742b23a-10fa-4aeb-98ef-83c044f751b2' before making global git config changes
2026-09-10T05:06:55.6289784Z Adding repository directory to the temporary git global config as a safe directory
2026-09-10T05:06:55.6292505Z [command]/usr/bin/git config --global --add safe.directory /home/runner/work/GO/GO/tooling
2026-09-10T05:06:55.6298375Z ##[group]Initializing the repository
2026-09-10T05:06:55.6300548Z [command]/usr/bin/git init /home/runner/work/GO/GO/tooling
2026-09-10T05:06:55.6385910Z hint: Using 'master' as the name for the initial branch. This default branch name
2026-09-10T05:06:55.6388372Z hint: will change to "main" in Git 3.0. To configure the initial branch name
2026-09-10T05:06:55.6416198Z hint: to use in all of your new repositories, which will suppress this warning,
2026-09-10T05:06:55.6425227Z hint: call:
2026-09-10T05:06:55.6427036Z hint:
2026-09-10T05:06:55.6455042Z hint: 	git config --global init.defaultBranch <name>
2026-09-10T05:06:55.6456967Z hint:
2026-09-10T05:06:55.6459390Z hint: Names commonly chosen instead of 'master' are 'main', 'trunk' and
2026-09-10T05:06:55.6461812Z hint: 'development'. The just-created branch can be renamed via this command:
2026-09-10T05:06:55.6464390Z hint:
2026-09-10T05:06:55.6466065Z hint: 	git branch -m <name>
2026-09-10T05:06:55.6467813Z hint:
2026-09-10T05:06:55.6469922Z hint: Disable this message with "git config set advice.defaultBranchName false"
2026-09-10T05:06:55.6472707Z Initialized empty Git repository in /home/runner/work/GO/GO/tooling/.git/
2026-09-10T05:06:55.6481324Z [command]/usr/bin/git remote add origin https://github.com/yuguangzhi3836-glitch/GO
2026-09-10T05:06:55.6522805Z ##[endgroup]
2026-09-10T05:06:55.6542708Z ##[group]Disabling automatic garbage collection
2026-09-10T05:06:55.6556414Z [command]/usr/bin/git config --local gc.auto 0
2026-09-10T05:06:55.6560895Z ##[endgroup]
2026-09-10T05:06:55.6563624Z ##[group]Setting up auth
2026-09-10T05:06:55.6568523Z [command]/usr/bin/git config --local --name-only --get-regexp core\.sshCommand
2026-09-10T05:06:55.6623413Z [command]/usr/bin/git submodule foreach --recursive sh -c "git config --local --name-only --get-regexp 'core\.sshCommand' && git config --local --unset-all 'core.sshCommand' || :"
2026-09-10T05:06:55.7189423Z [command]/usr/bin/git config --local --name-only --get-regexp http\.https\:\/\/github\.com\/\.extraheader
2026-09-10T05:06:55.7442050Z [command]/usr/bin/git submodule foreach --recursive sh -c "git config --local --name-only --get-regexp 'http\.https\:\/\/github\.com\/\.extraheader' && git config --local --unset-all 'http.https://github.com/.extraheader' || :"
2026-09-10T05:06:55.7620781Z [command]/usr/bin/git config --local --name-only --get-regexp ^includeIf\.gitdir:
2026-09-10T05:06:55.7666272Z [command]/usr/bin/git submodule foreach --recursive git config --local --show-origin --name-only --get-regexp remote.origin.url
2026-09-10T05:06:55.7949206Z [command]/usr/bin/git config --local http.https://github.com/.extraheader AUTHORIZATION: basic ***
2026-09-10T05:06:55.7995098Z ##[endgroup]
2026-09-10T05:06:55.7997042Z ##[group]Fetching the repository
2026-09-10T05:06:55.8006063Z [command]/usr/bin/git -c protocol.version=2 fetch --no-tags --prune --no-recurse-submodules --depth=1 origin e8331a8ed6ff5ae1fc4338615cc194c52ce96c94
2026-09-10T05:06:58.3204826Z From https://github.com/yuguangzhi3836-glitch/GO
2026-09-10T05:06:58.3211566Z  * branch            e8331a8ed6ff5ae1fc4338615cc194c52ce96c94 -> FETCH_HEAD
2026-09-10T05:06:58.3218318Z ##[endgroup]
2026-09-10T05:06:58.3220138Z ##[group]Determining the checkout info
2026-09-10T05:06:58.3225942Z ##[endgroup]
2026-09-10T05:06:58.3227506Z [command]/usr/bin/git sparse-checkout disable
2026-09-10T05:06:58.3270544Z [command]/usr/bin/git config --local --unset-all extensions.worktreeConfig
2026-09-10T05:06:58.3312351Z ##[group]Checking out the ref
2026-09-10T05:06:58.3315592Z [command]/usr/bin/git checkout --progress --force e8331a8ed6ff5ae1fc4338615cc194c52ce96c94
2026-09-10T05:06:58.7233527Z Note: switching to 'e8331a8ed6ff5ae1fc4338615cc194c52ce96c94'.
2026-09-10T05:06:58.7235268Z 
2026-09-10T05:06:58.7236100Z You are in 'detached HEAD' state. You can look around, make experimental
2026-09-10T05:06:58.7238201Z changes and commit them, and you can discard any commits you make in this
2026-09-10T05:06:58.7239701Z state without impacting any branches by switching back to a branch.
2026-09-10T05:06:58.7241171Z 
2026-09-10T05:06:58.7241945Z If you want to create a new branch to retain commits you create, you may
2026-09-10T05:06:58.7243709Z do so (now or later) by using -c with the switch command. Example:
2026-09-10T05:06:58.7244830Z 
2026-09-10T05:06:58.7245854Z   git switch -c <new-branch-name>
2026-09-10T05:06:58.7246385Z 
2026-09-10T05:06:58.7254569Z Or undo this operation with:
2026-09-10T05:06:58.7255230Z 
2026-09-10T05:06:58.7257498Z   git switch -
2026-09-10T05:06:58.7257786Z 
2026-09-10T05:06:58.7258221Z Turn off this advice by setting config variable advice.detachedHead to false
2026-09-10T05:06:58.7258846Z 
2026-09-10T05:06:58.7259345Z HEAD is now at e8331a8 CI: accept exact DEPTH35 archive in isolated session and native contracts
2026-09-10T05:06:58.7283046Z ##[endgroup]
2026-09-10T05:06:58.7334975Z [command]/usr/bin/git log -1 --format=%H
2026-09-10T05:06:58.7370358Z e8331a8ed6ff5ae1fc4338615cc194c52ce96c94
2026-09-10T05:06:58.7381332Z ##[group]Removing auth
2026-09-10T05:06:58.7386922Z [command]/usr/bin/git config --local --name-only --get-regexp core\.sshCommand
2026-09-10T05:06:58.7427174Z [command]/usr/bin/git submodule foreach --recursive sh -c "git config --local --name-only --get-regexp 'core\.sshCommand' && git config --local --unset-all 'core.sshCommand' || :"
2026-09-10T05:06:58.7712813Z [command]/usr/bin/git config --local --name-only --get-regexp http\.https\:\/\/github\.com\/\.extraheader
2026-09-10T05:06:58.7747469Z http.https://github.com/.extraheader
2026-09-10T05:06:58.7786829Z [command]/usr/bin/git config --local --unset-all http.https://github.com/.extraheader
2026-09-10T05:06:58.7828393Z [command]/usr/bin/git submodule foreach --recursive sh -c "git config --local --name-only --get-regexp 'http\.https\:\/\/github\.com\/\.extraheader' && git config --local --unset-all 'http.https://github.com/.extraheader' || :"
2026-09-10T05:06:58.8107611Z [command]/usr/bin/git config --local --name-only --get-regexp ^includeIf\.gitdir:
2026-09-10T05:06:58.8147712Z [command]/usr/bin/git submodule foreach --recursive git config --local --show-origin --name-only --get-regexp remote.origin.url
2026-09-10T05:06:58.8445813Z ##[endgroup]
2026-09-10T05:06:58.8711581Z Node 20 is being deprecated. This workflow is running with Node 24 by default. If you need to temporarily use Node 20, you can set the ACTIONS_ALLOW_USE_UNSECURE_NODE_VERSION=true environment variable. For more information see: https://github.blog/changelog/2025-09-19-deprecation-of-node-20-on-github-actions-runners/
2026-09-10T05:06:58.8713415Z ##[group]Run actions/checkout@v4
2026-09-10T05:06:58.8713709Z with:
2026-09-10T05:06:58.8714184Z   ref: 0dd0bdca784ece89eb7600d38b5210ed4436c88a
2026-09-10T05:06:58.8714523Z   path: candidate
2026-09-10T05:06:58.8714787Z   persist-credentials: false
2026-09-10T05:06:58.8715096Z   repository: yuguangzhi3836-glitch/GO
2026-09-10T05:06:58.8717840Z   token: ***
2026-09-10T05:06:58.8718095Z   ssh-strict: true
2026-09-10T05:06:58.8718347Z   ssh-user: git
2026-09-10T05:06:58.8718585Z   clean: true
2026-09-10T05:06:58.8718844Z   sparse-checkout-cone-mode: true
2026-09-10T05:06:58.8719149Z   fetch-depth: 1
2026-09-10T05:06:58.8719433Z   fetch-tags: false
2026-09-10T05:06:58.8719694Z   show-progress: true
2026-09-10T05:06:58.8719951Z   lfs: false
2026-09-10T05:06:58.8720186Z   submodules: false
2026-09-10T05:06:58.8720445Z   set-safe-directory: true
2026-09-10T05:06:58.8720740Z   allow-unsafe-pr-checkout: false
2026-09-10T05:06:58.8721039Z env:
2026-09-10T05:06:58.8721338Z   SEALED_CANDIDATE: 0dd0bdca784ece89eb7600d38b5210ed4436c88a
2026-09-10T05:06:58.8722103Z   EXPECTED_SOURCE_TREE: c1067e3aecb82ffbc847549a0d4c1fa6876c6a046c1bb706cf0c09755c3a8524
2026-09-10T05:06:58.8722590Z ##[endgroup]
2026-09-10T05:06:58.9776222Z Syncing repository: yuguangzhi3836-glitch/GO
2026-09-10T05:06:58.9777653Z ##[group]Getting Git version info
2026-09-10T05:06:58.9778652Z Working directory is '/home/runner/work/GO/GO/candidate'
2026-09-10T05:06:58.9870373Z [command]/usr/bin/git version
2026-09-10T05:06:58.9955182Z git version 2.55.0
2026-09-10T05:06:58.9959669Z ##[endgroup]
2026-09-10T05:06:58.9975244Z Temporarily overriding HOME='/home/runner/work/_temp/7f550dde-9799-4652-b55e-3e3f23d51d20' before making global git config changes
2026-09-10T05:06:58.9977077Z Adding repository directory to the temporary git global config as a safe directory
2026-09-10T05:06:58.9979134Z [command]/usr/bin/git config --global --add safe.directory /home/runner/work/GO/GO/candidate
2026-09-10T05:06:59.0175765Z ##[group]Initializing the repository
2026-09-10T05:06:59.0176722Z [command]/usr/bin/git init /home/runner/work/GO/GO/candidate
2026-09-10T05:06:59.0186354Z hint: Using 'master' as the name for the initial branch. This default branch name
2026-09-10T05:06:59.0187388Z hint: will change to "main" in Git 3.0. To configure the initial branch name
2026-09-10T05:06:59.0188366Z hint: to use in all of your new repositories, which will suppress this warning,
2026-09-10T05:06:59.0189133Z hint: call:
2026-09-10T05:06:59.0189536Z hint:
2026-09-10T05:06:59.0190039Z hint: 	git config --global init.defaultBranch <name>
2026-09-10T05:06:59.0190664Z hint:
2026-09-10T05:06:59.0191303Z hint: Names commonly chosen instead of 'master' are 'main', 'trunk' and
2026-09-10T05:06:59.0192309Z hint: 'development'. The just-created branch can be renamed via this command:
2026-09-10T05:06:59.0193123Z hint:
2026-09-10T05:06:59.0193550Z hint: 	git branch -m <name>
2026-09-10T05:06:59.0209393Z hint:
2026-09-10T05:06:59.0210135Z hint: Disable this message with "git config set advice.defaultBranchName false"
2026-09-10T05:06:59.0211248Z Initialized empty Git repository in /home/runner/work/GO/GO/candidate/.git/
2026-09-10T05:06:59.0213072Z [command]/usr/bin/git remote add origin https://github.com/yuguangzhi3836-glitch/GO
2026-09-10T05:06:59.0217504Z ##[endgroup]
2026-09-10T05:06:59.0218263Z ##[group]Disabling automatic garbage collection
2026-09-10T05:06:59.0218972Z [command]/usr/bin/git config --local gc.auto 0
2026-09-10T05:06:59.0394903Z ##[endgroup]
2026-09-10T05:06:59.0396194Z ##[group]Setting up auth
2026-09-10T05:06:59.0595671Z [command]/usr/bin/git config --local --name-only --get-regexp core\.sshCommand
2026-09-10T05:06:59.0691350Z [command]/usr/bin/git submodule foreach --recursive sh -c "git config --local --name-only --get-regexp 'core\.sshCommand' && git config --local --unset-all 'core.sshCommand' || :"
2026-09-10T05:06:59.0743007Z [command]/usr/bin/git config --local --name-only --get-regexp http\.https\:\/\/github\.com\/\.extraheader
2026-09-10T05:06:59.0808674Z [command]/usr/bin/git submodule foreach --recursive sh -c "git config --local --name-only --get-regexp 'http\.https\:\/\/github\.com\/\.extraheader' && git config --local --unset-all 'http.https://github.com/.extraheader' || :"
2026-09-10T05:06:59.1268570Z [command]/usr/bin/git config --local --name-only --get-regexp ^includeIf\.gitdir:
2026-09-10T05:06:59.1294622Z [command]/usr/bin/git submodule foreach --recursive git config --local --show-origin --name-only --get-regexp remote.origin.url
2026-09-10T05:06:59.1929169Z [command]/usr/bin/git config --local http.https://github.com/.extraheader AUTHORIZATION: basic ***
2026-09-10T05:06:59.2176446Z ##[endgroup]
2026-09-10T05:06:59.2176922Z ##[group]Fetching the repository
2026-09-10T05:06:59.2177632Z [command]/usr/bin/git -c protocol.version=2 fetch --no-tags --prune --no-recurse-submodules --depth=1 origin 0dd0bdca784ece89eb7600d38b5210ed4436c88a
2026-09-10T05:07:01.2275465Z From https://github.com/yuguangzhi3836-glitch/GO
2026-09-10T05:07:01.2276642Z  * branch            0dd0bdca784ece89eb7600d38b5210ed4436c88a -> FETCH_HEAD
2026-09-10T05:07:01.2281289Z ##[endgroup]
2026-09-10T05:07:01.2282273Z ##[group]Determining the checkout info
2026-09-10T05:07:01.2285302Z ##[endgroup]
2026-09-10T05:07:01.2309287Z [command]/usr/bin/git sparse-checkout disable
2026-09-10T05:07:01.2363411Z [command]/usr/bin/git config --local --unset-all extensions.worktreeConfig
2026-09-10T05:07:01.2406076Z ##[group]Checking out the ref
2026-09-10T05:07:01.2419509Z [command]/usr/bin/git checkout --progress --force 0dd0bdca784ece89eb7600d38b5210ed4436c88a
2026-09-10T05:07:01.6161312Z Note: switching to '0dd0bdca784ece89eb7600d38b5210ed4436c88a'.
2026-09-10T05:07:01.6162293Z 
2026-09-10T05:07:01.6163049Z You are in 'detached HEAD' state. You can look around, make experimental
2026-09-10T05:07:01.6164589Z changes and commit them, and you can discard any commits you make in this
2026-09-10T05:07:01.6177967Z state without impacting any branches by switching back to a branch.
2026-09-10T05:07:01.6178689Z 
2026-09-10T05:07:01.6179361Z If you want to create a new branch to retain commits you create, you may
2026-09-10T05:07:01.6180387Z do so (now or later) by using -c with the switch command. Example:
2026-09-10T05:07:01.6194315Z 
2026-09-10T05:07:01.6199201Z   git switch -c <new-branch-name>
2026-09-10T05:07:01.6199799Z 
2026-09-10T05:07:01.6224416Z Or undo this operation with:
2026-09-10T05:07:01.6224946Z 
2026-09-10T05:07:01.6231300Z   git switch -
2026-09-10T05:07:01.6246123Z 
2026-09-10T05:07:01.6246961Z Turn off this advice by setting config variable advice.detachedHead to false
2026-09-10T05:07:01.6247762Z 
2026-09-10T05:07:01.6248566Z HEAD is now at 0dd0bdc DEPTH35: isolate native session transitions and scope refresh before rotation
2026-09-10T05:07:01.6251299Z ##[endgroup]
2026-09-10T05:07:01.6311672Z [command]/usr/bin/git log -1 --format=%H
2026-09-10T05:07:01.6335840Z 0dd0bdca784ece89eb7600d38b5210ed4436c88a
2026-09-10T05:07:01.6347215Z ##[group]Removing auth
2026-09-10T05:07:01.6354587Z [command]/usr/bin/git config --local --name-only --get-regexp core\.sshCommand
2026-09-10T05:07:01.6413285Z [command]/usr/bin/git submodule foreach --recursive sh -c "git config --local --name-only --get-regexp 'core\.sshCommand' && git config --local --unset-all 'core.sshCommand' || :"
2026-09-10T05:07:01.6736406Z [command]/usr/bin/git config --local --name-only --get-regexp http\.https\:\/\/github\.com\/\.extraheader
2026-09-10T05:07:01.6770500Z http.https://github.com/.extraheader
2026-09-10T05:07:01.6797878Z [command]/usr/bin/git config --local --unset-all http.https://github.com/.extraheader
2026-09-10T05:07:01.6834798Z [command]/usr/bin/git submodule foreach --recursive sh -c "git config --local --name-only --get-regexp 'http\.https\:\/\/github\.com\/\.extraheader' && git config --local --unset-all 'http.https://github.com/.extraheader' || :"
2026-09-10T05:07:01.7117571Z [command]/usr/bin/git config --local --name-only --get-regexp ^includeIf\.gitdir:
2026-09-10T05:07:01.7177283Z [command]/usr/bin/git submodule foreach --recursive git config --local --show-origin --name-only --get-regexp remote.origin.url
2026-09-10T05:07:01.7499845Z ##[endgroup]
2026-09-10T05:07:01.7696421Z Node 20 is being deprecated. This workflow is running with Node 24 by default. If you need to temporarily use Node 20, you can set the ACTIONS_ALLOW_USE_UNSECURE_NODE_VERSION=true environment variable. For more information see: https://github.blog/changelog/2025-09-19-deprecation-of-node-20-on-github-actions-runners/
2026-09-10T05:07:01.7697712Z ##[group]Run actions/setup-python@v5
2026-09-10T05:07:01.7697971Z with:
2026-09-10T05:07:01.7698176Z   python-version: 3.13.5
2026-09-10T05:07:01.7698406Z   check-latest: false
2026-09-10T05:07:01.7700896Z   token: ***
2026-09-10T05:07:01.7701114Z   update-environment: true
2026-09-10T05:07:01.7701364Z   allow-prereleases: false
2026-09-10T05:07:01.7701609Z   freethreaded: false
2026-09-10T05:07:01.7701827Z env:
2026-09-10T05:07:01.7702080Z   SEALED_CANDIDATE: 0dd0bdca784ece89eb7600d38b5210ed4436c88a
2026-09-10T05:07:01.7702804Z   EXPECTED_SOURCE_TREE: c1067e3aecb82ffbc847549a0d4c1fa6876c6a046c1bb706cf0c09755c3a8524
2026-09-10T05:07:01.7703268Z ##[endgroup]
2026-09-10T05:07:01.9251299Z ##[group]Installed versions
2026-09-10T05:07:01.9276947Z Version 3.13.5 was not found in the local cache
2026-09-10T05:07:01.9398785Z (node:2046) [DEP0040] DeprecationWarning: The `punycode` module is deprecated. Please use a userland alternative instead.
2026-09-10T05:07:01.9400304Z (Use `node --trace-deprecation ...` to show where the warning was created)
2026-09-10T05:07:02.4749156Z Version 3.13.5 is available for downloading
2026-09-10T05:07:02.4750445Z Download from "https://github.com/actions/python-versions/releases/download/3.13.5-15601068749/python-3.13.5-linux-22.04-x64.tar.gz"
2026-09-10T05:07:03.2849536Z Extract downloaded archive
2026-09-10T05:07:03.3019424Z [command]/usr/bin/tar xz --warning=no-unknown-keyword --overwrite -C /home/runner/work/_temp/f344be2e-f4fd-4b41-86b2-84c0f3bf9fe3 -f /home/runner/work/_temp/2e679cd5-95ad-47d2-964f-3cb703b9f7fb
2026-09-10T05:07:05.7414264Z Execute installation script
2026-09-10T05:07:05.7553460Z Check if Python hostedtoolcache folder exist...
2026-09-10T05:07:05.7554720Z Create Python 3.13.5 folder
2026-09-10T05:07:05.7572952Z Copy Python binaries to hostedtoolcache folder
2026-09-10T05:07:06.5196948Z Create additional symlinks (Required for the UsePythonVersion Azure Pipelines task and the setup-python GitHub Action)
2026-09-10T05:07:06.5252736Z Upgrading pip...
2026-09-10T05:07:09.8094696Z Looking in links: /tmp/tmpkz5qyw6_
2026-09-10T05:07:09.8115034Z Requirement already satisfied: pip in /opt/hostedtoolcache/Python/3.13.5/x64/lib/python3.13/site-packages (25.1.1)
2026-09-10T05:07:11.4028634Z Collecting pip
2026-09-10T05:07:11.4179436Z Downloading pip-26.2.1-py3-none-any.whl.metadata (4.6 kB)
2026-09-10T05:07:11.4284301Z Downloading pip-26.2.1-py3-none-any.whl (1.8 MB)
2026-09-10T05:07:11.4485726Z ━━━━━━━━━━━━━━━━━━━━━━━━━━━━━━━━━━━━━━━━ 1.8/1.8 MB 136.2 MB/s eta 0:00:00
2026-09-10T05:07:11.4486478Z 
2026-09-10T05:07:11.4683344Z Installing collected packages: pip
2026-09-10T05:07:11.4686584Z Attempting uninstall: pip
2026-09-10T05:07:11.4720396Z Found existing installation: pip 25.1.1
2026-09-10T05:07:11.5115558Z Uninstalling pip-25.1.1:
2026-09-10T05:07:11.5178243Z Successfully uninstalled pip-25.1.1
2026-09-10T05:07:12.6551775Z Successfully installed pip-26.2.1
2026-09-10T05:07:12.7085742Z Create complete file
2026-09-10T05:07:12.7132098Z Successfully set up CPython (3.13.5)
2026-09-10T05:07:12.7135290Z ##[endgroup]
2026-09-10T05:07:12.7387276Z Node 20 is being deprecated. This workflow is running with Node 24 by default. If you need to temporarily use Node 20, you can set the ACTIONS_ALLOW_USE_UNSECURE_NODE_VERSION=true environment variable. For more information see: https://github.blog/changelog/2025-09-19-deprecation-of-node-20-on-github-actions-runners/
2026-09-10T05:07:12.7388580Z ##[group]Run actions/setup-node@v4
2026-09-10T05:07:12.7388843Z with:
2026-09-10T05:07:12.7389051Z   node-version: 22.22.0
2026-09-10T05:07:12.7389300Z   always-auth: false
2026-09-10T05:07:12.7389530Z   check-latest: false
2026-09-10T05:07:12.7392006Z   token: ***
2026-09-10T05:07:12.7392207Z env:
2026-09-10T05:07:12.7392466Z   SEALED_CANDIDATE: 0dd0bdca784ece89eb7600d38b5210ed4436c88a
2026-09-10T05:07:12.7392982Z   EXPECTED_SOURCE_TREE: c1067e3aecb82ffbc847549a0d4c1fa6876c6a046c1bb706cf0c09755c3a8524
2026-09-10T05:07:12.7393494Z   pythonLocation: /opt/hostedtoolcache/Python/3.13.5/x64
2026-09-10T05:07:12.7394251Z   PKG_CONFIG_PATH: /opt/hostedtoolcache/Python/3.13.5/x64/lib/pkgconfig
2026-09-10T05:07:12.7394692Z   Python_ROOT_DIR: /opt/hostedtoolcache/Python/3.13.5/x64
2026-09-10T05:07:12.7395067Z   Python2_ROOT_DIR: /opt/hostedtoolcache/Python/3.13.5/x64
2026-09-10T05:07:12.7395438Z   Python3_ROOT_DIR: /opt/hostedtoolcache/Python/3.13.5/x64
2026-09-10T05:07:12.7395815Z   LD_LIBRARY_PATH: /opt/hostedtoolcache/Python/3.13.5/x64/lib
2026-09-10T05:07:12.7396135Z ##[endgroup]
2026-09-10T05:07:13.1505149Z Attempting to download 22.22.0...
2026-09-10T05:07:13.1607890Z (node:2094) [DEP0040] DeprecationWarning: The `punycode` module is deprecated. Please use a userland alternative instead.
2026-09-10T05:07:13.1609477Z (Use `node --trace-deprecation ...` to show where the warning was created)
2026-09-10T05:07:13.6241074Z Acquiring 22.22.0 - x64 from https://github.com/actions/node-versions/releases/download/22.22.0-20981702931/node-22.22.0-linux-x64.tar.gz
2026-09-10T05:07:14.0706602Z Extracting ...
2026-09-10T05:07:14.0849550Z [command]/usr/bin/tar xz --strip 1 --warning=no-unknown-keyword --overwrite -C /home/runner/work/_temp/8d739bd0-fb1c-4991-a1f8-cf70f6be019f -f /home/runner/work/_temp/6d8b8bd8-347c-43fb-8944-f0684b85e18b
2026-09-10T05:07:15.4793333Z Adding to the cache ...
2026-09-10T05:07:18.5597751Z ##[group]Environment details
2026-09-10T05:07:18.8805156Z node: v22.22.0
2026-09-10T05:07:18.8805616Z npm: 10.9.4
2026-09-10T05:07:18.8805976Z yarn: 1.22.22
2026-09-10T05:07:18.8806720Z ##[endgroup]
2026-09-10T05:07:18.9022843Z ##[group]Run mkdir -p evidence
2026-09-10T05:07:18.9023267Z [36;1mmkdir -p evidence[0m
2026-09-10T05:07:18.9023707Z [36;1mgit -C candidate rev-parse HEAD | tee evidence/candidate-commit.txt[0m
2026-09-10T05:07:18.9024771Z [36;1mtest "$(git -C candidate rev-parse HEAD)" = "$SEALED_CANDIDATE"[0m
2026-09-10T05:07:18.9026005Z [36;1mpython -c 'import hashlib,json,pathlib;p=pathlib.Path("candidate/deliverables/CP11_DEPTH35_SESSION_TRANSITIONS_20260910");m=json.loads((p/"MANIFEST.json").read_text());assert hashlib.sha256((p/"DELTA.json").read_bytes()).hexdigest()==m["delta_sha256"]'[0m
2026-09-10T05:07:18.9681046Z shell: /usr/bin/bash --noprofile --norc -e -o pipefail {0}
2026-09-10T05:07:18.9681424Z env:
2026-09-10T05:07:18.9681707Z   SEALED_CANDIDATE: 0dd0bdca784ece89eb7600d38b5210ed4436c88a
2026-09-10T05:07:18.9682240Z   EXPECTED_SOURCE_TREE: c1067e3aecb82ffbc847549a0d4c1fa6876c6a046c1bb706cf0c09755c3a8524
2026-09-10T05:07:18.9682830Z   pythonLocation: /opt/hostedtoolcache/Python/3.13.5/x64
2026-09-10T05:07:18.9683290Z   PKG_CONFIG_PATH: /opt/hostedtoolcache/Python/3.13.5/x64/lib/pkgconfig
2026-09-10T05:07:18.9684135Z   Python_ROOT_DIR: /opt/hostedtoolcache/Python/3.13.5/x64
2026-09-10T05:07:18.9684667Z   Python2_ROOT_DIR: /opt/hostedtoolcache/Python/3.13.5/x64
2026-09-10T05:07:18.9685098Z   Python3_ROOT_DIR: /opt/hostedtoolcache/Python/3.13.5/x64
2026-09-10T05:07:18.9685531Z   LD_LIBRARY_PATH: /opt/hostedtoolcache/Python/3.13.5/x64/lib
2026-09-10T05:07:18.9685907Z ##[endgroup]
2026-09-10T05:07:18.9855993Z 0dd0bdca784ece89eb7600d38b5210ed4436c88a
2026-09-10T05:07:19.0232127Z ##[group]Run python tooling/ci/depth35/materialize_parent.py \
2026-09-10T05:07:19.0232699Z [36;1mpython tooling/ci/depth35/materialize_parent.py \[0m
2026-09-10T05:07:19.0233190Z [36;1m  --depth26 candidate/deliverables/CP11_DEPTH26_20260909 \[0m
2026-09-10T05:07:19.0233684Z [36;1m  --depth27 candidate/deliverables/CP11_DEPTH27_20260909 \[0m
2026-09-10T05:07:19.0234652Z [36;1m  --depth28 candidate/deliverables/CP11_DEPTH28_V14_INTEGRATION_20260909 \[0m
2026-09-10T05:07:19.0235340Z [36;1m  --output "$GITHUB_WORKSPACE/restored-parent" | tee evidence/parent-restore.log[0m
2026-09-10T05:07:19.0236059Z [36;1mpython candidate/deliverables/CP11_DEPTH29_TRIP_REENTRY_20260909/restore_depth29.py \[0m
2026-09-10T05:07:19.0236643Z [36;1m  --parent "$GITHUB_WORKSPACE/restored-parent" \[0m
2026-09-10T05:07:19.0237192Z [36;1m  --output "$GITHUB_WORKSPACE/restored-depth29" | tee evidence/depth29-restore.log[0m
2026-09-10T05:07:19.0237921Z [36;1mpython candidate/deliverables/CP11_DEPTH30_NATIVE_PAYMENT_20260909/restore_depth30.py \[0m
2026-09-10T05:07:19.0238504Z [36;1m  --parent "$GITHUB_WORKSPACE/restored-depth29" \[0m
2026-09-10T05:07:19.0239045Z [36;1m  --output "$GITHUB_WORKSPACE/restored-depth30" | tee evidence/depth30-restore.log[0m
2026-09-10T05:07:19.0239745Z [36;1mpython candidate/deliverables/CP11_DEPTH31_CONSENT_DIRECT_20260910/restore_delta.py \[0m
2026-09-10T05:07:19.0240328Z [36;1m  --parent "$GITHUB_WORKSPACE/restored-depth30" \[0m
2026-09-10T05:07:19.0241056Z [36;1m  --package candidate/deliverables/CP11_DEPTH31_CONSENT_DIRECT_20260910 \[0m
2026-09-10T05:07:19.0241707Z [36;1m  --output "$GITHUB_WORKSPACE/restored-depth31" | tee evidence/depth31-restore.log[0m
2026-09-10T05:07:19.0242595Z [36;1mpython candidate/deliverables/CP11_DEPTH32R2_CHANGE_TERMS_REFUND_20260910/restore_delta.py \[0m
2026-09-10T05:07:19.0243213Z [36;1m  --parent "$GITHUB_WORKSPACE/restored-depth31" \[0m
2026-09-10T05:07:19.0243927Z [36;1m  --package candidate/deliverables/CP11_DEPTH32R2_CHANGE_TERMS_REFUND_20260910 \[0m
2026-09-10T05:07:19.0244697Z [36;1m  --output "$GITHUB_WORKSPACE/restored-depth32r2" | tee evidence/depth32r2-restore.log[0m
2026-09-10T05:07:19.0245414Z [36;1mpython candidate/deliverables/CP11_DEPTH33_MOBILITY_REFUND_20260910/restore_delta.py \[0m
2026-09-10T05:07:19.0246013Z [36;1m  --parent "$GITHUB_WORKSPACE/restored-depth32r2" \[0m
2026-09-10T05:07:19.0246500Z [36;1m  --package candidate/deliverables/CP11_DEPTH33_MOBILITY_REFUND_20260910 \[0m
2026-09-10T05:07:19.0247089Z [36;1m  --output "$GITHUB_WORKSPACE/restored-depth33" | tee evidence/depth33-restore.log[0m
2026-09-10T05:07:19.0247738Z [36;1mpython candidate/deliverables/CP11_DEPTH34R2_HOTEL_QUOTE_IDENTITY_20260910/restore_delta.py \[0m
2026-09-10T05:07:19.0248273Z [36;1m  --parent "$GITHUB_WORKSPACE/restored-depth33" \[0m
2026-09-10T05:07:19.0248741Z [36;1m  --package candidate/deliverables/CP11_DEPTH34R2_HOTEL_QUOTE_IDENTITY_20260910 \[0m
2026-09-10T05:07:19.0249345Z [36;1m  --output "$GITHUB_WORKSPACE/restored-depth34r2" | tee evidence/depth34r2-restore.log[0m
2026-09-10T05:07:19.0250005Z [36;1mpython candidate/deliverables/CP11_DEPTH35_SESSION_TRANSITIONS_20260910/restore_delta.py \[0m
2026-09-10T05:07:19.0250537Z [36;1m  --parent "$GITHUB_WORKSPACE/restored-depth34r2" \[0m
2026-09-10T05:07:19.0251006Z [36;1m  --package candidate/deliverables/CP11_DEPTH35_SESSION_TRANSITIONS_20260910 \[0m
2026-09-10T05:07:19.0251548Z [36;1m  --output "$GITHUB_WORKSPACE/restored" | tee evidence/restore.log[0m
2026-09-10T05:07:19.0327717Z shell: /usr/bin/bash --noprofile --norc -e -o pipefail {0}
2026-09-10T05:07:19.0328138Z env:
2026-09-10T05:07:19.0328437Z   SEALED_CANDIDATE: 0dd0bdca784ece89eb7600d38b5210ed4436c88a
2026-09-10T05:07:19.0329012Z   EXPECTED_SOURCE_TREE: c1067e3aecb82ffbc847549a0d4c1fa6876c6a046c1bb706cf0c09755c3a8524
2026-09-10T05:07:19.0329596Z   pythonLocation: /opt/hostedtoolcache/Python/3.13.5/x64
2026-09-10T05:07:19.0330295Z   PKG_CONFIG_PATH: /opt/hostedtoolcache/Python/3.13.5/x64/lib/pkgconfig
2026-09-10T05:07:19.0330788Z   Python_ROOT_DIR: /opt/hostedtoolcache/Python/3.13.5/x64
2026-09-10T05:07:19.0331205Z   Python2_ROOT_DIR: /opt/hostedtoolcache/Python/3.13.5/x64
2026-09-10T05:07:19.0331625Z   Python3_ROOT_DIR: /opt/hostedtoolcache/Python/3.13.5/x64
2026-09-10T05:07:19.0332052Z   LD_LIBRARY_PATH: /opt/hostedtoolcache/Python/3.13.5/x64/lib
2026-09-10T05:07:19.0332414Z ##[endgroup]
2026-09-10T05:07:19.8385406Z {
2026-09-10T05:07:19.8386201Z   "restored_files_verified": 1081,
2026-09-10T05:07:19.8387112Z   "parent_files_verified": 1077,
2026-09-10T05:07:19.8388138Z   "source_tree_sha256": "7f8be7894c15f42e311610cccaaf8590402cd9ae1facca77956379a5aec43952",
2026-09-10T05:07:19.8389371Z   "delta_sha256": "f95e9541757f0051815373611b0230ee1bcc58201a451e6b99261754110e98ab",
2026-09-10T05:07:19.8390494Z   "output": "/tmp/go-offline-lineage-kf04uzpe/depth27",
2026-09-10T05:07:19.8391313Z   "FINAL_RELEASE_GATE": "HOLD"
2026-09-10T05:07:19.8391938Z }
2026-09-10T05:07:20.2545370Z {
2026-09-10T05:07:20.2546587Z   "restored_files_verified": 1093,
2026-09-10T05:07:20.2547471Z   "parent_files_verified": 1081,
2026-09-10T05:07:20.2552379Z   "source_tree_sha256": "3a8440e2d74e1dc4f86509686968683f98bec4b78c9f0ca0e43a02dedeac285f",
2026-09-10T05:07:20.2554040Z   "delta_sha256": "98f006935a421b99aa4ea35c1f43ec0186b04bfc262e01b46f3d4f341d13a109",
2026-09-10T05:07:20.2559270Z   "output": "/home/runner/work/GO/GO/restored-parent",
2026-09-10T05:07:20.2560243Z   "FINAL_RELEASE_GATE": "HOLD"
2026-09-10T05:07:20.2561290Z }
2026-09-10T05:07:20.3981743Z {"verified_files": 1093, "result": "PASS", "scope": "offline archive materialization only", "independent_ci": false, "release_gate": "HOLD"}
2026-09-10T05:07:20.7737471Z {
2026-09-10T05:07:20.7738657Z   "parent_files_verified": 1201,
2026-09-10T05:07:20.7739503Z   "restored_files_verified": 1207,
2026-09-10T05:07:20.7740488Z   "source_tree_sha256": "ffcea37a3d2ce626026571c1d16eb7be190bd1b048b6b8dfd0d6c8164f2b556c",
2026-09-10T05:07:20.7741823Z   "delta_sha256": "df32a08b8e330e36c95a53d576bad00f22203cfec566145dd830856d2da5540b",
2026-09-10T05:07:20.7742841Z   "scope": "offline source materialization only",
2026-09-10T05:07:20.7743529Z   "independent_ci": false,
2026-09-10T05:07:20.7744562Z   "FINAL_RELEASE_GATE": "HOLD"
2026-09-10T05:07:20.7745137Z }
2026-09-10T05:07:21.1942469Z {
2026-09-10T05:07:21.1943702Z   "parent_files_verified": 1207,
2026-09-10T05:07:21.1944779Z   "restored_files_verified": 1222,
2026-09-10T05:07:21.1946007Z   "source_tree_sha256": "f576c976bfe8f34d3182ba232fe1290c374346106c602a4fffe4935366f7a961",
2026-09-10T05:07:21.1947280Z   "delta_sha256": "6803c349f241feae33a879d91243bc6bb1ff23c77701f98d69a0ec06d9b5d107",
2026-09-10T05:07:21.1948252Z   "scope": "offline source materialization only",
2026-09-10T05:07:21.1948928Z   "independent_ci": false,
2026-09-10T05:07:21.1949513Z   "FINAL_RELEASE_GATE": "HOLD"
2026-09-10T05:07:21.1950053Z }
2026-09-10T05:07:21.6277434Z {"verified_files": 1232, "source_tree_sha256": "2b9095df2e9a58f8f5ac6861c514163cbbc9e135def204c4e2d5edb65b3f68e0", "parent_verified_files": 1222, "changed_files": 28, "environment": "offline restoration only", "release_gate": "HOLD"}
2026-09-10T05:07:22.0480216Z {"verified_files": 1236, "source_tree_sha256": "a309bdda03e0621a7be5622463a92bcfe728238f28c4ea6c212c6be43c875c11", "parent_verified_files": 1232, "changed_files": 11, "environment": "offline restoration only", "release_gate": "HOLD"}
2026-09-10T05:07:22.5960434Z {"verified_files": 1239, "source_tree_sha256": "a67a70cd2442e67ece9c9b2795b049c6aea2ba4d882448b912eb7eb996d4459c", "parent_verified_files": 1236, "changed_files": 9, "environment": "offline restoration only", "release_gate": "HOLD"}
2026-09-10T05:07:23.0474048Z {"verified_files": 1241, "source_tree_sha256": "e94bb749a680c4aec3f946dc2ce6d284cd48b60361dc7d6ef85ffcf6f29457b5", "parent_verified_files": 1239, "changed_files": 6, "environment": "offline restoration only", "release_gate": "HOLD"}
2026-09-10T05:07:23.4181144Z {"verified_files": 1243, "source_tree_sha256": "c1067e3aecb82ffbc847549a0d4c1fa6876c6a046c1bb706cf0c09755c3a8524", "parent_verified_files": 1241, "changed_files": 7, "environment": "offline restoration only", "release_gate": "HOLD"}
2026-09-10T05:07:23.4299426Z ##[group]Run python tooling/ci/depth35/dependencies.py --repository candidate --output dependencies | tee evidence/dependencies.json
2026-09-10T05:07:23.4300511Z [36;1mpython tooling/ci/depth35/dependencies.py --repository candidate --output dependencies | tee evidence/dependencies.json[0m
2026-09-10T05:07:23.4301191Z [36;1mpython -m venv isolated-runtime[0m
2026-09-10T05:07:23.4301897Z [36;1misolated-runtime/bin/python -m pip install --no-index --no-deps --find-links dependencies/wheelhouse -r tooling/ci/depth35/requirements.lock[0m
2026-09-10T05:07:23.4302742Z [36;1misolated-runtime/bin/python -m pip freeze > evidence/pip-freeze.txt[0m
2026-09-10T05:07:23.4376241Z shell: /usr/bin/bash --noprofile --norc -e -o pipefail {0}
2026-09-10T05:07:23.4376688Z env:
2026-09-10T05:07:23.4377037Z   SEALED_CANDIDATE: 0dd0bdca784ece89eb7600d38b5210ed4436c88a
2026-09-10T05:07:23.4377704Z   EXPECTED_SOURCE_TREE: c1067e3aecb82ffbc847549a0d4c1fa6876c6a046c1bb706cf0c09755c3a8524
2026-09-10T05:07:23.4378434Z   pythonLocation: /opt/hostedtoolcache/Python/3.13.5/x64
2026-09-10T05:07:23.4379004Z   PKG_CONFIG_PATH: /opt/hostedtoolcache/Python/3.13.5/x64/lib/pkgconfig
2026-09-10T05:07:23.4379557Z   Python_ROOT_DIR: /opt/hostedtoolcache/Python/3.13.5/x64
2026-09-10T05:07:23.4380048Z   Python2_ROOT_DIR: /opt/hostedtoolcache/Python/3.13.5/x64
2026-09-10T05:07:23.4380748Z   Python3_ROOT_DIR: /opt/hostedtoolcache/Python/3.13.5/x64
2026-09-10T05:07:23.4381249Z   LD_LIBRARY_PATH: /opt/hostedtoolcache/Python/3.13.5/x64/lib
2026-09-10T05:07:23.4381689Z ##[endgroup]
2026-09-10T05:07:23.6946890Z {"archive_sha256": "b13a76ab9351f81da70e8e2c8873c20141abe953cd3f96aeb181ef86a34b58dd", "verified_wheels": 37, "source": "pinned GO repository ci/dependency_parts only", "application_source_restored": false}
2026-09-10T05:07:26.8085576Z Looking in links: dependencies/wheelhouse
2026-09-10T05:07:26.8200529Z Processing ./dependencies/wheelhouse/alembic-1.16.5-py3-none-any.whl (from -r tooling/ci/depth35/requirements.lock (line 1))
2026-09-10T05:07:26.8254709Z Processing ./dependencies/wheelhouse/annotated_doc-0.0.4-py3-none-any.whl (from -r tooling/ci/depth35/requirements.lock (line 2))
2026-09-10T05:07:26.8284280Z Processing ./dependencies/wheelhouse/annotated_types-0.7.0-py3-none-any.whl (from -r tooling/ci/depth35/requirements.lock (line 3))
2026-09-10T05:07:26.8316602Z Processing ./dependencies/wheelhouse/anyio-4.13.0-py3-none-any.whl (from -r tooling/ci/depth35/requirements.lock (line 4))
2026-09-10T05:07:26.8359119Z Processing ./dependencies/wheelhouse/certifi-2026.5.20-py3-none-any.whl (from -r tooling/ci/depth35/requirements.lock (line 5))
2026-09-10T05:07:26.8395959Z Processing ./dependencies/wheelhouse/cffi-2.0.0-cp313-cp313-manylinux_2_17_x86_64.whl (from -r tooling/ci/depth35/requirements.lock (line 6))
2026-09-10T05:07:26.8425375Z Processing ./dependencies/wheelhouse/click-8.5.0-py3-none-any.whl (from -r tooling/ci/depth35/requirements.lock (line 7))
2026-09-10T05:07:26.8451668Z Processing ./dependencies/wheelhouse/cryptography-46.0.4-cp311-abi3-manylinux_2_34_x86_64.whl (from -r tooling/ci/depth35/requirements.lock (line 8))
2026-09-10T05:07:26.8575173Z Processing ./dependencies/wheelhouse/fastapi-0.128.2-py3-none-any.whl (from -r tooling/ci/depth35/requirements.lock (line 9))
2026-09-10T05:07:26.8675190Z Processing ./dependencies/wheelhouse/greenlet-3.5.1-cp313-cp313-manylinux_2_24_x86_64.whl (from -r tooling/ci/depth35/requirements.lock (line 10))
2026-09-10T05:07:26.8739486Z Processing ./dependencies/wheelhouse/h11-0.16.0-py3-none-any.whl (from -r tooling/ci/depth35/requirements.lock (line 11))
2026-09-10T05:07:26.8764383Z Processing ./dependencies/wheelhouse/httpcore-1.0.9-py3-none-any.whl (from -r tooling/ci/depth35/requirements.lock (line 12))
2026-09-10T05:07:26.8810971Z Processing ./dependencies/wheelhouse/httpx-0.28.1-py3-none-any.whl (from -r tooling/ci/depth35/requirements.lock (line 13))
2026-09-10T05:07:26.8852299Z Processing ./dependencies/wheelhouse/idna-3.17-py3-none-any.whl (from -r tooling/ci/depth35/requirements.lock (line 14))
2026-09-10T05:07:26.8885672Z Processing ./dependencies/wheelhouse/iniconfig-2.3.0-py3-none-any.whl (from -r tooling/ci/depth35/requirements.lock (line 15))
2026-09-10T05:07:26.8911178Z Processing ./dependencies/wheelhouse/mako-1.3.10-py3-none-any.whl (from -r tooling/ci/depth35/requirements.lock (line 16))
2026-09-10T05:07:26.8944007Z Processing ./dependencies/wheelhouse/markupsafe-3.0.3-cp313-cp313-manylinux2014_x86_64.manylinux_2_17_x86_64.manylinux_2_28_x86_64.whl (from -r tooling/ci/depth35/requirements.lock (line 17))
2026-09-10T05:07:26.8969060Z Processing ./dependencies/wheelhouse/packaging-25.0-py3-none-any.whl (from -r tooling/ci/depth35/requirements.lock (line 18))
2026-09-10T05:07:26.8998652Z Processing ./dependencies/wheelhouse/pillow-12.3.0-cp313-cp313-manylinux_2_27_x86_64.whl (from -r tooling/ci/depth35/requirements.lock (line 19))
2026-09-10T05:07:26.9135478Z Processing ./dependencies/wheelhouse/pluggy-1.6.0-py3-none-any.whl (from -r tooling/ci/depth35/requirements.lock (line 20))
2026-09-10T05:07:26.9169059Z Processing ./dependencies/wheelhouse/psycopg_binary-3.2.10-cp313-cp313-manylinux2014_x86_64.manylinux_2_17_x86_64.whl (from -r tooling/ci/depth35/requirements.lock (line 21))
2026-09-10T05:07:26.9238017Z Processing ./dependencies/wheelhouse/psycopg-3.2.10-py3-none-any.whl (from -r tooling/ci/depth35/requirements.lock (line 22))
2026-09-10T05:07:26.9320332Z Processing ./dependencies/wheelhouse/pycparser-3.0-py3-none-any.whl (from -r tooling/ci/depth35/requirements.lock (line 23))
2026-09-10T05:07:26.9349287Z Processing ./dependencies/wheelhouse/pydantic_settings-2.14.1-py3-none-any.whl (from -r tooling/ci/depth35/requirements.lock (line 24))
2026-09-10T05:07:26.9389546Z Processing ./dependencies/wheelhouse/pydantic-2.13.4-py3-none-any.whl (from -r tooling/ci/depth35/requirements.lock (line 25))
2026-09-10T05:07:26.9479452Z Processing ./dependencies/wheelhouse/pydantic_core-2.46.4-cp313-cp313-manylinux_2_17_x86_64.whl (from -r tooling/ci/depth35/requirements.lock (line 26))
2026-09-10T05:07:26.9536918Z Processing ./dependencies/wheelhouse/Pygments-2.20.0-py3-none-any.whl (from -r tooling/ci/depth35/requirements.lock (line 27))
2026-09-10T05:07:26.9629668Z Processing ./dependencies/wheelhouse/PyJWT-2.13.0-py3-none-any.whl (from -r tooling/ci/depth35/requirements.lock (line 28))
2026-09-10T05:07:26.9658531Z Processing ./dependencies/wheelhouse/pytest_asyncio-1.3.0-py3-none-any.whl (from -r tooling/ci/depth35/requirements.lock (line 29))
2026-09-10T05:07:26.9695347Z Processing ./dependencies/wheelhouse/pytest-9.0.2-py3-none-any.whl (from -r tooling/ci/depth35/requirements.lock (line 30))
2026-09-10T05:07:26.9758887Z Processing ./dependencies/wheelhouse/python_dotenv-1.2.2-py3-none-any.whl (from -r tooling/ci/depth35/requirements.lock (line 31))
2026-09-10T05:07:26.9800458Z Processing ./dependencies/wheelhouse/redis-5.2.1-py3-none-any.whl (from -r tooling/ci/depth35/requirements.lock (line 32))
2026-09-10T05:07:26.9840462Z Processing ./dependencies/wheelhouse/SQLAlchemy-2.0.50-cp313-cp313-manylinux_2_17_x86_64.whl (from -r tooling/ci/depth35/requirements.lock (line 33))
2026-09-10T05:07:27.0036875Z Processing ./dependencies/wheelhouse/starlette-0.50.0-py3-none-any.whl (from -r tooling/ci/depth35/requirements.lock (line 34))
2026-09-10T05:07:27.0077326Z Processing ./dependencies/wheelhouse/typing_inspection-0.4.2-py3-none-any.whl (from -r tooling/ci/depth35/requirements.lock (line 35))
2026-09-10T05:07:27.0101967Z Processing ./dependencies/wheelhouse/typing_extensions-4.16.0-py3-none-any.whl (from -r tooling/ci/depth35/requirements.lock (line 36))
2026-09-10T05:07:27.0127916Z Processing ./dependencies/wheelhouse/uvicorn-0.35.0-py3-none-any.whl (from -r tooling/ci/depth35/requirements.lock (line 37))
2026-09-10T05:07:27.0502768Z Installing collected packages: uvicorn, typing-inspection, typing_extensions, starlette, SQLAlchemy, redis, python-dotenv, pytest-asyncio, pytest, PyJWT, Pygments, pydantic-settings, pydantic_core, pydantic, pycparser, psycopg-binary, psycopg, pluggy, Pillow, packaging, MarkupSafe, Mako, iniconfig, idna, httpx, httpcore, h11, greenlet, fastapi, cryptography, click, cffi, certifi, anyio, annotated-types, annotated-doc, alembic
2026-09-10T05:07:32.3641791Z 
2026-09-10T05:07:32.3698602Z Successfully installed Mako-1.3.10 MarkupSafe-3.0.3 Pillow-12.3.0 PyJWT-2.13.0 Pygments-2.20.0 SQLAlchemy-2.0.50 alembic-1.16.5 annotated-doc-0.0.4 annotated-types-0.7.0 anyio-4.13.0 certifi-2026.5.20 cffi-2.0.0 click-8.5.0 cryptography-46.0.4 fastapi-0.128.2 greenlet-3.5.1 h11-0.16.0 httpcore-1.0.9 httpx-0.28.1 idna-3.17 iniconfig-2.3.0 packaging-25.0 pluggy-1.6.0 psycopg-3.2.10 psycopg-binary-3.2.10 pycparser-3.0 pydantic-2.13.4 pydantic-settings-2.14.1 pydantic_core-2.46.4 pytest-9.0.2 pytest-asyncio-1.3.0 python-dotenv-1.2.2 redis-5.2.1 starlette-0.50.0 typing-inspection-0.4.2 typing_extensions-4.16.0 uvicorn-0.35.0
2026-09-10T05:07:32.6905685Z ##[group]Run isolated-runtime/bin/python - <<'PY'
2026-09-10T05:07:32.6906391Z [36;1misolated-runtime/bin/python - <<'PY'[0m
2026-09-10T05:07:32.6907047Z [36;1mimport hashlib,json,os,pathlib,subprocess,sys[0m
2026-09-10T05:07:32.6908261Z [36;1mfp=json.loads(pathlib.Path('candidate/deliverables/CP11_DEPTH35_SESSION_TRANSITIONS_20260910/SOURCE_FINGERPRINT.json').read_text())[0m
2026-09-10T05:07:32.6909424Z [36;1mfor name,expected in fp.items():[0m
2026-09-10T05:07:32.6910781Z [36;1m    assert hashlib.sha256((pathlib.Path('restored')/name).read_bytes()).hexdigest()==expected,name[0m
2026-09-10T05:07:32.6911950Z [36;1mtree=hashlib.sha256(''.join(f'{k}\0{v}\n' for k,v in sorted(fp.items())).encode()).hexdigest()[0m
2026-09-10T05:07:32.6912893Z [36;1massert tree==os.environ['EXPECTED_SOURCE_TREE'] and len(fp)==1243[0m
2026-09-10T05:07:32.6916113Z [36;1mresult={'candidate':os.environ['SEALED_CANDIDATE'],'source_tree_sha256':tree,'verified_files':len(fp),'python':sys.version,'node':subprocess.check_output(['node','--version'],text=True).strip(),'environment':'GitHub disposable runner; SQLite TestClient and VM/native pure functions; no service credentials','three_end_real_ux_login':'HOLD','six_vertical_real_e2e':'HOLD','sealed_node_gate':'HOLD','final_release':'HOLD','deployed':False}[0m
2026-09-10T05:07:32.6919319Z [36;1mpathlib.Path('evidence/source-lineage.json').write_text(json.dumps(result,indent=2)+'\n')[0m
2026-09-10T05:07:32.6920197Z [36;1mprint(json.dumps(result))[0m
2026-09-10T05:07:32.6920644Z [36;1mPY[0m
2026-09-10T05:07:32.6999490Z shell: /usr/bin/bash --noprofile --norc -e -o pipefail {0}
2026-09-10T05:07:32.6999858Z env:
2026-09-10T05:07:32.7000140Z   SEALED_CANDIDATE: 0dd0bdca784ece89eb7600d38b5210ed4436c88a
2026-09-10T05:07:32.7000682Z   EXPECTED_SOURCE_TREE: c1067e3aecb82ffbc847549a0d4c1fa6876c6a046c1bb706cf0c09755c3a8524
2026-09-10T05:07:32.7001213Z   pythonLocation: /opt/hostedtoolcache/Python/3.13.5/x64
2026-09-10T05:07:32.7001673Z   PKG_CONFIG_PATH: /opt/hostedtoolcache/Python/3.13.5/x64/lib/pkgconfig
2026-09-10T05:07:32.7002115Z   Python_ROOT_DIR: /opt/hostedtoolcache/Python/3.13.5/x64
2026-09-10T05:07:32.7002508Z   Python2_ROOT_DIR: /opt/hostedtoolcache/Python/3.13.5/x64
2026-09-10T05:07:32.7002907Z   Python3_ROOT_DIR: /opt/hostedtoolcache/Python/3.13.5/x64
2026-09-10T05:07:32.7003310Z   LD_LIBRARY_PATH: /opt/hostedtoolcache/Python/3.13.5/x64/lib
2026-09-10T05:07:32.7003659Z ##[endgroup]
2026-09-10T05:07:32.7999178Z {"candidate": "0dd0bdca784ece89eb7600d38b5210ed4436c88a", "source_tree_sha256": "c1067e3aecb82ffbc847549a0d4c1fa6876c6a046c1bb706cf0c09755c3a8524", "verified_files": 1243, "python": "3.13.5 (main, Jun 12 2025, 03:51:15) [GCC 11.4.0]", "node": "v22.22.0", "environment": "GitHub disposable runner; SQLite TestClient and VM/native pure functions; no service credentials", "three_end_real_ux_login": "HOLD", "six_vertical_real_e2e": "HOLD", "sealed_node_gate": "HOLD", "final_release": "HOLD", "deployed": false}
2026-09-10T05:07:32.8118077Z ##[group]Run ../isolated-runtime/bin/python -m pytest tests/test_depth35_refresh_scope.py tests/test_depth27_session_isolation.py tests/test_sprint1r_identity_security.py tests/test_sprint1u_production_bff.py tests/test_sprint1y_consumer_identity.py tests/test_sprint1z_mobile.py tests/test_depth30_native_api_contract.py --junitxml=../evidence/backend.xml | tee ../evidence/backend.log
2026-09-10T05:07:32.8123037Z [36;1m../isolated-runtime/bin/python -m pytest tests/test_depth35_refresh_scope.py tests/test_depth27_session_isolation.py tests/test_sprint1r_identity_security.py tests/test_sprint1u_production_bff.py tests/test_sprint1y_consumer_identity.py tests/test_sprint1z_mobile.py tests/test_depth30_native_api_contract.py --junitxml=../evidence/backend.xml | tee ../evidence/backend.log[0m
2026-09-10T05:07:32.8224879Z shell: /usr/bin/bash --noprofile --norc -e -o pipefail {0}
2026-09-10T05:07:32.8225297Z env:
2026-09-10T05:07:32.8225741Z   SEALED_CANDIDATE: 0dd0bdca784ece89eb7600d38b5210ed4436c88a
2026-09-10T05:07:32.8226666Z   EXPECTED_SOURCE_TREE: c1067e3aecb82ffbc847549a0d4c1fa6876c6a046c1bb706cf0c09755c3a8524
2026-09-10T05:07:32.8227632Z   pythonLocation: /opt/hostedtoolcache/Python/3.13.5/x64
2026-09-10T05:07:32.8228131Z   PKG_CONFIG_PATH: /opt/hostedtoolcache/Python/3.13.5/x64/lib/pkgconfig
2026-09-10T05:07:32.8228599Z   Python_ROOT_DIR: /opt/hostedtoolcache/Python/3.13.5/x64
2026-09-10T05:07:32.8229003Z   Python2_ROOT_DIR: /opt/hostedtoolcache/Python/3.13.5/x64
2026-09-10T05:07:32.8229706Z   Python3_ROOT_DIR: /opt/hostedtoolcache/Python/3.13.5/x64
2026-09-10T05:07:32.8230132Z   LD_LIBRARY_PATH: /opt/hostedtoolcache/Python/3.13.5/x64/lib
2026-09-10T05:07:32.8230476Z ##[endgroup]
2026-09-10T05:08:07.2698582Z ......FF..............................                                   [100%]
2026-09-10T05:08:07.2699862Z =================================== FAILURES ===================================
2026-09-10T05:08:07.2701265Z _ test_matching_end_rotates_once_and_old_refresh_cannot_be_reused[SUPPLIER_USER] _
2026-09-10T05:08:07.2702110Z 
2026-09-10T05:08:07.2702800Z client = <starlette.testclient.TestClient object at 0x7fba06da8f30>
2026-09-10T05:08:07.2704001Z actor = 'SUPPLIER_USER'
2026-09-10T05:08:07.2704557Z 
2026-09-10T05:08:07.2705229Z     @pytest.mark.parametrize('actor',['CONSUMER','SUPPLIER_USER','GO_ADMIN'])
2026-09-10T05:08:07.2706566Z     def test_matching_end_rotates_once_and_old_refresh_cannot_be_reused(client,actor):
2026-09-10T05:08:07.2707521Z         t=tokens(client,actor)
2026-09-10T05:08:07.2708098Z         if actor=='CONSUMER':
2026-09-10T05:08:07.2708971Z             r=client.post('/v1/mobile/auth/refresh',json={'refresh_token':t['refresh_token']})
2026-09-10T05:08:07.2709878Z             assert r.status_code==200,r.text
2026-09-10T05:08:07.2710648Z             current=r.json()['data'];assert 'csrf_token' not in current
2026-09-10T05:08:07.2711333Z         else:
2026-09-10T05:08:07.2712256Z             for name,key in [('go_access','access_token'),('go_refresh','refresh_token'),('go_csrf','csrf_token')]:
2026-09-10T05:08:07.2713259Z                 client.cookies.set(name,t[key])
2026-09-10T05:08:07.2714382Z             r=client.post('/bff/auth/refresh',headers={'X-CSRF-Token':t['csrf_token']})
2026-09-10T05:08:07.2715255Z             assert r.status_code==200,r.text
2026-09-10T05:08:07.2716413Z >           current={'access_token':client.cookies.get('go_access'),'refresh_token':client.cookies.get('go_refresh')}
2026-09-10T05:08:07.2717461Z                                     ^^^^^^^^^^^^^^^^^^^^^^^^^^^^^^^
2026-09-10T05:08:07.2717955Z 
2026-09-10T05:08:07.2718375Z tests/test_depth35_refresh_scope.py:72: 
2026-09-10T05:08:07.2719179Z _ _ _ _ _ _ _ _ _ _ _ _ _ _ _ _ _ _ _ _ _ _ _ _ _ _ _ _ _ _ _ _ _ _ _ _ _ _ _ _ 
2026-09-10T05:08:07.2719713Z 
2026-09-10T05:08:07.2721866Z self = <Cookies[<Cookie go_access=*** />, <Cookie go_refresh=u6QmopMbWxsp2MdgfbYpyopzJ-vEqZsR_GNy4sMrVWC0TAdqREPk8GyR2-3UsMVK for testserver.local />]>
2026-09-10T05:08:07.2723642Z name = 'go_access', default = None, domain = None, path = None
2026-09-10T05:08:07.2724534Z 
2026-09-10T05:08:07.2724859Z     def get(  # type: ignore
2026-09-10T05:08:07.2725376Z         self,
2026-09-10T05:08:07.2725840Z         name: str,
2026-09-10T05:08:07.2726396Z         default: str | None = None,
2026-09-10T05:08:07.2726989Z         domain: str | None = None,
2026-09-10T05:08:07.2727577Z         path: str | None = None,
2026-09-10T05:08:07.2728136Z     ) -> str | None:
2026-09-10T05:08:07.2728637Z         """
2026-09-10T05:08:07.2729297Z         Get a cookie by name. May optionally include domain and path
2026-09-10T05:08:07.2730230Z         in order to specify exactly which cookie to retrieve.
2026-09-10T05:08:07.2730868Z         """
2026-09-10T05:08:07.2731317Z         value = None
2026-09-10T05:08:07.2731843Z         for cookie in self.jar:
2026-09-10T05:08:07.2732435Z             if cookie.name == name:
2026-09-10T05:08:07.2733099Z                 if domain is None or cookie.domain == domain:
2026-09-10T05:08:07.2734044Z                     if path is None or cookie.path == path:
2026-09-10T05:08:07.2734759Z                         if value is not None:
2026-09-10T05:08:07.2735524Z                             message = f"Multiple cookies exist with name={name}"
2026-09-10T05:08:07.2736364Z >                           raise CookieConflict(message)
2026-09-10T05:08:07.2737312Z E                           httpx.CookieConflict: Multiple cookies exist with name=go_access
2026-09-10T05:08:07.2737965Z 
2026-09-10T05:08:07.2739031Z ../isolated-runtime/lib/python3.13/site-packages/httpx/_models.py:1161: CookieConflict
2026-09-10T05:08:07.2740139Z ----------------------------- Captured stdout call -----------------------------
2026-09-10T05:08:07.2742543Z {"ts":"2026-09-10T05:07:47.261922+00:00","level":"INFO","logger":"go.runtime","message":"http_request","request_id":"req_ca71c3463d0342aaa040c464939aafab","trace_id":"tr_c7f395eef7414fecb440fc7ff707dd04","path":"/bff/auth/refresh","method":"POST","status_code":200,"duration_ms":7.2}
2026-09-10T05:08:07.2745338Z {"ts":"2026-09-10T05:07:47.262595+00:00","level":"INFO","logger":"httpx","message":"HTTP Request: POST http://testserver/bff/auth/refresh \"HTTP/1.1 200 OK\""}
2026-09-10T05:08:07.2746705Z ------------------------------ Captured log call -------------------------------
2026-09-10T05:08:07.2747544Z INFO     go.runtime:main.py:293 http_request
2026-09-10T05:08:07.2748615Z INFO     httpx:_client.py:1025 HTTP Request: POST http://testserver/bff/auth/refresh "HTTP/1.1 200 OK"
2026-09-10T05:08:07.2749870Z __ test_matching_end_rotates_once_and_old_refresh_cannot_be_reused[GO_ADMIN] ___
2026-09-10T05:08:07.2750508Z 
2026-09-10T05:08:07.2751066Z client = <starlette.testclient.TestClient object at 0x7fba06db4270>
2026-09-10T05:08:07.2751791Z actor = 'GO_ADMIN'
2026-09-10T05:08:07.2752134Z 
2026-09-10T05:08:07.2752689Z     @pytest.mark.parametrize('actor',['CONSUMER','SUPPLIER_USER','GO_ADMIN'])
2026-09-10T05:08:07.2753927Z     def test_matching_end_rotates_once_and_old_refresh_cannot_be_reused(client,actor):
2026-09-10T05:08:07.2754784Z         t=tokens(client,actor)
2026-09-10T05:08:07.2755322Z         if actor=='CONSUMER':
2026-09-10T05:08:07.2756171Z             r=client.post('/v1/mobile/auth/refresh',json={'refresh_token':t['refresh_token']})
2026-09-10T05:08:07.2757065Z             assert r.status_code==200,r.text
2026-09-10T05:08:07.2757823Z             current=r.json()['data'];assert 'csrf_token' not in current
2026-09-10T05:08:07.2758491Z         else:
2026-09-10T05:08:07.2759362Z             for name,key in [('go_access','access_token'),('go_refresh','refresh_token'),('go_csrf','csrf_token')]:
2026-09-10T05:08:07.2760312Z                 client.cookies.set(name,t[key])
2026-09-10T05:08:07.2761247Z             r=client.post('/bff/auth/refresh',headers={'X-CSRF-Token':t['csrf_token']})
2026-09-10T05:08:07.2762054Z             assert r.status_code==200,r.text
2026-09-10T05:08:07.2763637Z >           current={'access_token':client.cookies.get('go_access'),'refresh_token':client.cookies.get('go_refresh')}
2026-09-10T05:08:07.2764966Z                                     ^^^^^^^^^^^^^^^^^^^^^^^^^^^^^^^
2026-09-10T05:08:07.2765453Z 
2026-09-10T05:08:07.2765853Z tests/test_depth35_refresh_scope.py:72: 
2026-09-10T05:08:07.2766665Z _ _ _ _ _ _ _ _ _ _ _ _ _ _ _ _ _ _ _ _ _ _ _ _ _ _ _ _ _ _ _ _ _ _ _ _ _ _ _ _ 
2026-09-10T05:08:07.2767192Z 
2026-09-10T05:08:07.2769294Z self = <Cookies[<Cookie go_access=*** />, <Cookie go_refresh=A_R2-d_ot1hEOnsNPCGGDWOAvsMDcjxCakpqmmrzGMlncmST9-ya5BkQXPDlcx9s for testserver.local />]>
2026-09-10T05:08:07.2770698Z name = 'go_access', default = None, domain = None, path = None
2026-09-10T05:08:07.2771233Z 
2026-09-10T05:08:07.2771539Z     def get(  # type: ignore
2026-09-10T05:08:07.2772048Z         self,
2026-09-10T05:08:07.2772503Z         name: str,
2026-09-10T05:08:07.2773021Z         default: str | None = None,
2026-09-10T05:08:07.2773624Z         domain: str | None = None,
2026-09-10T05:08:07.2774396Z         path: str | None = None,
2026-09-10T05:08:07.2774939Z     ) -> str | None:
2026-09-10T05:08:07.2775408Z         """
2026-09-10T05:08:07.2776041Z         Get a cookie by name. May optionally include domain and path
2026-09-10T05:08:07.2779432Z         in order to specify exactly which cookie to retrieve.
2026-09-10T05:08:07.2784453Z         """
2026-09-10T05:08:07.2784979Z         value = None
2026-09-10T05:08:07.2785530Z         for cookie in self.jar:
2026-09-10T05:08:07.2786125Z             if cookie.name == name:
2026-09-10T05:08:07.2787098Z                 if domain is None or cookie.domain == domain:
2026-09-10T05:08:07.2787848Z                     if path is None or cookie.path == path:
2026-09-10T05:08:07.2788532Z                         if value is not None:
2026-09-10T05:08:07.2789273Z                             message = f"Multiple cookies exist with name={name}"
2026-09-10T05:08:07.2790093Z >                           raise CookieConflict(message)
2026-09-10T05:08:07.2791054Z E                           httpx.CookieConflict: Multiple cookies exist with name=go_access
2026-09-10T05:08:07.2791692Z 
2026-09-10T05:08:07.2792380Z ../isolated-runtime/lib/python3.13/site-packages/httpx/_models.py:1161: CookieConflict
2026-09-10T05:08:07.2793489Z ----------------------------- Captured stdout call -----------------------------
2026-09-10T05:08:07.2796474Z {"ts":"2026-09-10T05:07:47.625128+00:00","level":"INFO","logger":"go.runtime","message":"http_request","request_id":"req_bead6524c20a4c269005fb4716115873","trace_id":"tr_38e73997d2984be6bff7e3b4eab717c1","path":"/bff/auth/refresh","method":"POST","status_code":200,"duration_ms":7.63}
2026-09-10T05:08:07.2799125Z {"ts":"2026-09-10T05:07:47.625828+00:00","level":"INFO","logger":"httpx","message":"HTTP Request: POST http://testserver/bff/auth/refresh \"HTTP/1.1 200 OK\""}
2026-09-10T05:08:07.2800529Z ------------------------------ Captured log call -------------------------------
2026-09-10T05:08:07.2801402Z INFO     go.runtime:main.py:293 http_request
2026-09-10T05:08:07.2802484Z INFO     httpx:_client.py:1025 HTTP Request: POST http://testserver/bff/auth/refresh "HTTP/1.1 200 OK"
2026-09-10T05:08:07.2803630Z =========================== short test summary info ============================
2026-09-10T05:08:07.2805800Z FAILED tests/test_depth35_refresh_scope.py::test_matching_end_rotates_once_and_old_refresh_cannot_be_reused[SUPPLIER_USER] - httpx.CookieConflict: Multiple cookies exist with name=go_access
2026-09-10T05:08:07.2808231Z FAILED tests/test_depth35_refresh_scope.py::test_matching_end_rotates_once_and_old_refresh_cannot_be_reused[GO_ADMIN] - httpx.CookieConflict: Multiple cookies exist with name=go_access
2026-09-10T05:08:07.2809630Z 2 failed, 36 passed in 31.95s
2026-09-10T05:08:08.6666199Z ##[error]Process completed with exit code 1.
2026-09-10T05:08:08.6725709Z ##[group]Run python tooling/ci/depth35/export_evidence.py
2026-09-10T05:08:08.6726585Z [36;1mpython tooling/ci/depth35/export_evidence.py[0m
2026-09-10T05:08:08.6805681Z shell: /usr/bin/bash --noprofile --norc -e -o pipefail {0}
2026-09-10T05:08:08.6806100Z env:
2026-09-10T05:08:08.6806416Z   SEALED_CANDIDATE: 0dd0bdca784ece89eb7600d38b5210ed4436c88a
2026-09-10T05:08:08.6807025Z   EXPECTED_SOURCE_TREE: c1067e3aecb82ffbc847549a0d4c1fa6876c6a046c1bb706cf0c09755c3a8524
2026-09-10T05:08:08.6807641Z   pythonLocation: /opt/hostedtoolcache/Python/3.13.5/x64
2026-09-10T05:08:08.6808144Z   PKG_CONFIG_PATH: /opt/hostedtoolcache/Python/3.13.5/x64/lib/pkgconfig
2026-09-10T05:08:08.6808649Z   Python_ROOT_DIR: /opt/hostedtoolcache/Python/3.13.5/x64
2026-09-10T05:08:08.6809115Z   Python2_ROOT_DIR: /opt/hostedtoolcache/Python/3.13.5/x64
2026-09-10T05:08:08.6809570Z   Python3_ROOT_DIR: /opt/hostedtoolcache/Python/3.13.5/x64
2026-09-10T05:08:08.6810059Z   LD_LIBRARY_PATH: /opt/hostedtoolcache/Python/3.13.5/x64/lib
2026-09-10T05:08:08.6810451Z ##[endgroup]
2026-09-10T05:08:08.7663324Z SOURCE_VERIFIED_AFTER_TESTS 1243
2026-09-10T05:08:08.7665037Z GO_EVIDENCE_FILE_BEGIN source-lineage.json 534 2d7778d942d7d41366ec6957e9c9ef86d72dbce1e50e51fd3abcb4c12392cfc7
2026-09-10T05:08:08.7671825Z GO_EVIDENCE_B64 ewogICJjYW5kaWRhdGUiOiAiMGRkMGJkY2E3ODRlY2U4OWViNzYwMGQzOGI1MjEwZWQ0NDM2Yzg4YSIsCiAgInNvdXJjZV90cmVlX3NoYTI1NiI6ICJjMTA2N2UzYWVjYjgyZmZiYzg0NzU0OWEwZDRjMWZhNjg3NmM2YTA0NmMxYmI3MDZjZjBjMDk3NTVjM2E4NTI0IiwKICAidmVyaWZpZWRfZmlsZXMiOiAxMjQzLAogICJweXRob24iOiAiMy4xMy41IChtYWluLCBKdW4gMTIgMjAyNSwgMDM6NTE6MTUpIFtHQ0MgMTEuNC4wXSIsCiAgIm5vZGUiOiAidjIyLjIyLjAiLAogICJlbnZpcm9ubWVudCI6ICJHaXRIdWIgZGlzcG9zYWJs
2026-09-10T05:08:08.7684133Z GO_EVIDENCE_B64 ZSBydW5uZXI7IFNRTGl0ZSBUZXN0Q2xpZW50IGFuZCBWTS9uYXRpdmUgcHVyZSBmdW5jdGlvbnM7IG5vIHNlcnZpY2UgY3JlZGVudGlhbHMiLAogICJ0aHJlZV9lbmRfcmVhbF91eF9sb2dpbiI6ICJIT0xEIiwKICAic2l4X3ZlcnRpY2FsX3JlYWxfZTJlIjogIkhPTEQiLAogICJzZWFsZWRfbm9kZV9nYXRlIjogIkhPTEQiLAogICJmaW5hbF9yZWxlYXNlIjogIkhPTEQiLAogICJkZXBsb3llZCI6IGZhbHNlCn0K
2026-09-10T05:08:08.7688704Z GO_EVIDENCE_FILE_END source-lineage.json
2026-09-10T05:08:08.7689971Z GO_EVIDENCE_FILE_BEGIN backend.xml 10611 e4fd1850f69d3ee539011061bd63e8e710153a0b4b4d37d6bfd3cc5c53257c76
2026-09-10T05:08:08.7696660Z GO_EVIDENCE_B64 PD94bWwgdmVyc2lvbj0iMS4wIiBlbmNvZGluZz0idXRmLTgiPz48dGVzdHN1aXRlcyBuYW1lPSJweXRlc3QgdGVzdHMiPjx0ZXN0c3VpdGUgbmFtZT0icHl0ZXN0IiBlcnJvcnM9IjAiIGZhaWx1cmVzPSIyIiBza2lwcGVkPSIwIiB0ZXN0cz0iMzgiIHRpbWU9IjMxLjk1NCIgdGltZXN0YW1wPSIyMDI2LTA5LTEwVDA1OjA3OjMzLjUxMDI3NiswMDowMCIgaG9zdG5hbWU9InJ1bm5lcnZtOXhnMmQiPjx0ZXN0Y2FzZSBjbGFzc25hbWU9InRlc3RzLnRlc3RfZGVwdGgzNV9yZWZyZXNoX3Njb3BlIiBuYW1lPSJ0ZXN0X3dyb25nX2Nv
2026-09-10T05:08:08.7707670Z GO_EVIDENCE_B64 bnN1bWVyX2VuZF9kb2VzX25vdF9jb25zdW1lX2NvbnNvbGVfcmVmcmVzaF9vcl9jc3JmWy92MS9tb2JpbGUvYXV0aC9yZWZyZXNoLVNVUFBMSUVSX1VTRVJdIiB0aW1lPSI5LjQxNiIgLz48dGVzdGNhc2UgY2xhc3NuYW1lPSJ0ZXN0cy50ZXN0X2RlcHRoMzVfcmVmcmVzaF9zY29wZSIgbmFtZT0idGVzdF93cm9uZ19jb25zdW1lcl9lbmRfZG9lc19ub3RfY29uc3VtZV9jb25zb2xlX3JlZnJlc2hfb3JfY3NyZlsvdjEvbW9iaWxlL2F1dGgvcmVmcmVzaC1HT19BRE1JTl0iIHRpbWU9IjAuMjYwIiAvPjx0ZXN0Y2FzZSBjbGFzc25h
2026-09-10T05:08:08.7718210Z GO_EVIDENCE_B64 bWU9InRlc3RzLnRlc3RfZGVwdGgzNV9yZWZyZXNoX3Njb3BlIiBuYW1lPSJ0ZXN0X3dyb25nX2NvbnN1bWVyX2VuZF9kb2VzX25vdF9jb25zdW1lX2NvbnNvbGVfcmVmcmVzaF9vcl9jc3JmWy92MS9jb25zdW1lci9hdXRoL3JlZnJlc2gtU1VQUExJRVJfVVNFUl0iIHRpbWU9IjAuMjU5IiAvPjx0ZXN0Y2FzZSBjbGFzc25hbWU9InRlc3RzLnRlc3RfZGVwdGgzNV9yZWZyZXNoX3Njb3BlIiBuYW1lPSJ0ZXN0X3dyb25nX2NvbnN1bWVyX2VuZF9kb2VzX25vdF9jb25zdW1lX2NvbnNvbGVfcmVmcmVzaF9vcl9jc3JmWy92MS9jb25z
2026-09-10T05:08:08.7729220Z GO_EVIDENCE_B64 dW1lci9hdXRoL3JlZnJlc2gtR09fQURNSU5dIiB0aW1lPSIwLjI2NiIgLz48dGVzdGNhc2UgY2xhc3NuYW1lPSJ0ZXN0cy50ZXN0X2RlcHRoMzVfcmVmcmVzaF9zY29wZSIgbmFtZT0idGVzdF9jb25zb2xlX2VuZF9kb2VzX25vdF9jb25zdW1lX2NvbnN1bWVyX3JlZnJlc2giIHRpbWU9IjAuNDA4IiAvPjx0ZXN0Y2FzZSBjbGFzc25hbWU9InRlc3RzLnRlc3RfZGVwdGgzNV9yZWZyZXNoX3Njb3BlIiBuYW1lPSJ0ZXN0X21hdGNoaW5nX2VuZF9yb3RhdGVzX29uY2VfYW5kX29sZF9yZWZyZXNoX2Nhbm5vdF9iZV9yZXVzZWRbQ09O
2026-09-10T05:08:08.7743559Z GO_EVIDENCE_B64 U1VNRVJdIiB0aW1lPSIwLjM5NiIgLz48dGVzdGNhc2UgY2xhc3NuYW1lPSJ0ZXN0cy50ZXN0X2RlcHRoMzVfcmVmcmVzaF9zY29wZSIgbmFtZT0idGVzdF9tYXRjaGluZ19lbmRfcm90YXRlc19vbmNlX2FuZF9vbGRfcmVmcmVzaF9jYW5ub3RfYmVfcmV1c2VkW1NVUFBMSUVSX1VTRVJdIiB0aW1lPSIwLjI3MiI+PGZhaWx1cmUgbWVzc2FnZT0iaHR0cHguQ29va2llQ29uZmxpY3Q6IE11bHRpcGxlIGNvb2tpZXMgZXhpc3Qgd2l0aCBuYW1lPWdvX2FjY2VzcyI+Y2xpZW50ID0gJmx0O3N0YXJsZXR0ZS50ZXN0Y2xpZW50LlRlc3RD
2026-09-10T05:08:08.7749383Z GO_EVIDENCE_B64 bGllbnQgb2JqZWN0IGF0IDB4N2ZiYTA2ZGE4ZjMwJmd0OwphY3RvciA9ICdTVVBQTElFUl9VU0VSJwoKICAgIEBweXRlc3QubWFyay5wYXJhbWV0cml6ZSgnYWN0b3InLFsnQ09OU1VNRVInLCdTVVBQTElFUl9VU0VSJywnR09fQURNSU4nXSkKICAgIGRlZiB0ZXN0X21hdGNoaW5nX2VuZF9yb3RhdGVzX29uY2VfYW5kX29sZF9yZWZyZXNoX2Nhbm5vdF9iZV9yZXVzZWQoY2xpZW50LGFjdG9yKToKICAgICAgICB0PXRva2VucyhjbGllbnQsYWN0b3IpCiAgICAgICAgaWYgYWN0b3I9PSdDT05TVU1FUic6CiAgICAgICAgICAgIHI9
2026-09-10T05:08:08.7755208Z GO_EVIDENCE_B64 Y2xpZW50LnBvc3QoJy92MS9tb2JpbGUvYXV0aC9yZWZyZXNoJyxqc29uPXsncmVmcmVzaF90b2tlbic6dFsncmVmcmVzaF90b2tlbiddfSkKICAgICAgICAgICAgYXNzZXJ0IHIuc3RhdHVzX2NvZGU9PTIwMCxyLnRleHQKICAgICAgICAgICAgY3VycmVudD1yLmpzb24oKVsnZGF0YSddO2Fzc2VydCAnY3NyZl90b2tlbicgbm90IGluIGN1cnJlbnQKICAgICAgICBlbHNlOgogICAgICAgICAgICBmb3IgbmFtZSxrZXkgaW4gWygnZ29fYWNjZXNzJywnYWNjZXNzX3Rva2VuJyksKCdnb19yZWZyZXNoJywncmVmcmVzaF90b2tlbicp
2026-09-10T05:08:08.7760786Z GO_EVIDENCE_B64 LCgnZ29fY3NyZicsJ2NzcmZfdG9rZW4nKV06CiAgICAgICAgICAgICAgICBjbGllbnQuY29va2llcy5zZXQobmFtZSx0W2tleV0pCiAgICAgICAgICAgIHI9Y2xpZW50LnBvc3QoJy9iZmYvYXV0aC9yZWZyZXNoJyxoZWFkZXJzPXsnWC1DU1JGLVRva2VuJzp0Wydjc3JmX3Rva2VuJ119KQogICAgICAgICAgICBhc3NlcnQgci5zdGF0dXNfY29kZT09MjAwLHIudGV4dAomZ3Q7ICAgICAgICAgICBjdXJyZW50PXsnYWNjZXNzX3Rva2VuJzpjbGllbnQuY29va2llcy5nZXQoJ2dvX2FjY2VzcycpLCdyZWZyZXNoX3Rva2VuJzpjbGll
2026-09-10T05:08:08.7766808Z GO_EVIDENCE_B64 bnQuY29va2llcy5nZXQoJ2dvX3JlZnJlc2gnKX0KICAgICAgICAgICAgICAgICAgICAgICAgICAgICAgICAgICAgXl5eXl5eXl5eXl5eXl5eXl5eXl5eXl5eXl5eXl5eXgoKdGVzdHMvdGVzdF9kZXB0aDM1X3JlZnJlc2hfc2NvcGUucHk6NzI6IApfIF8gXyBfIF8gXyBfIF8gXyBfIF8gXyBfIF8gXyBfIF8gXyBfIF8gXyBfIF8gXyBfIF8gXyBfIF8gXyBfIF8gXyBfIF8gXyBfIF8gXyBfIAoKc2VsZiA9ICZsdDtDb29raWVzWyZsdDtDb29raWUgZ29fYWNjZXNzPWV5SmhiR2NpT2lKSVV6STFOaUlzSW5SNWNDSTZJa3BYVkNKOS5l
2026-09-10T05:08:08.7772376Z GO_EVIDENCE_B64 eUpoWTNSdmNsOTBlWEJsSWpvaVUxVlFVRXhKUlZKZlZWTkZVaUlzSW1WNGNDSTZNVGM0T1QuLi5sb2NhbCAvJmd0OywgJmx0O0Nvb2tpZSBnb19yZWZyZXNoPXU2UW1vcE1iV3hzcDJNZGdmYllweW9wekotdkVxWnNSX0dOeTRzTXJWV0MwVEFkcVJFUGs4R3lSMi0zVXNNVksgZm9yIHRlc3RzZXJ2ZXIubG9jYWwgLyZndDtdJmd0OwpuYW1lID0gJ2dvX2FjY2VzcycsIGRlZmF1bHQgPSBOb25lLCBkb21haW4gPSBOb25lLCBwYXRoID0gTm9uZQoKICAgIGRlZiBnZXQoICAjIHR5cGU6IGlnbm9yZQogICAgICAgIHNlbGYsCiAgICAg
2026-09-10T05:08:08.7778305Z GO_EVIDENCE_B64 ICAgbmFtZTogc3RyLAogICAgICAgIGRlZmF1bHQ6IHN0ciB8IE5vbmUgPSBOb25lLAogICAgICAgIGRvbWFpbjogc3RyIHwgTm9uZSA9IE5vbmUsCiAgICAgICAgcGF0aDogc3RyIHwgTm9uZSA9IE5vbmUsCiAgICApIC0mZ3Q7IHN0ciB8IE5vbmU6CiAgICAgICAgIiIiCiAgICAgICAgR2V0IGEgY29va2llIGJ5IG5hbWUuIE1heSBvcHRpb25hbGx5IGluY2x1ZGUgZG9tYWluIGFuZCBwYXRoCiAgICAgICAgaW4gb3JkZXIgdG8gc3BlY2lmeSBleGFjdGx5IHdoaWNoIGNvb2tpZSB0byByZXRyaWV2ZS4KICAgICAgICAiIiIKICAg
2026-09-10T05:08:08.7784311Z GO_EVIDENCE_B64 ICAgICB2YWx1ZSA9IE5vbmUKICAgICAgICBmb3IgY29va2llIGluIHNlbGYuamFyOgogICAgICAgICAgICBpZiBjb29raWUubmFtZSA9PSBuYW1lOgogICAgICAgICAgICAgICAgaWYgZG9tYWluIGlzIE5vbmUgb3IgY29va2llLmRvbWFpbiA9PSBkb21haW46CiAgICAgICAgICAgICAgICAgICAgaWYgcGF0aCBpcyBOb25lIG9yIGNvb2tpZS5wYXRoID09IHBhdGg6CiAgICAgICAgICAgICAgICAgICAgICAgIGlmIHZhbHVlIGlzIG5vdCBOb25lOgogICAgICAgICAgICAgICAgICAgICAgICAgICAgbWVzc2FnZSA9IGYiTXVsdGlw
2026-09-10T05:08:08.7789901Z GO_EVIDENCE_B64 bGUgY29va2llcyBleGlzdCB3aXRoIG5hbWU9e25hbWV9IgomZ3Q7ICAgICAgICAgICAgICAgICAgICAgICAgICAgcmFpc2UgQ29va2llQ29uZmxpY3QobWVzc2FnZSkKRSAgICAgICAgICAgICAgICAgICAgICAgICAgIGh0dHB4LkNvb2tpZUNvbmZsaWN0OiBNdWx0aXBsZSBjb29raWVzIGV4aXN0IHdpdGggbmFtZT1nb19hY2Nlc3MKCi4uL2lzb2xhdGVkLXJ1bnRpbWUvbGliL3B5dGhvbjMuMTMvc2l0ZS1wYWNrYWdlcy9odHRweC9fbW9kZWxzLnB5OjExNjE6IENvb2tpZUNvbmZsaWN0PC9mYWlsdXJlPjwvdGVzdGNhc2U+PHRl
2026-09-10T05:08:08.7795889Z GO_EVIDENCE_B64 c3RjYXNlIGNsYXNzbmFtZT0idGVzdHMudGVzdF9kZXB0aDM1X3JlZnJlc2hfc2NvcGUiIG5hbWU9InRlc3RfbWF0Y2hpbmdfZW5kX3JvdGF0ZXNfb25jZV9hbmRfb2xkX3JlZnJlc2hfY2Fubm90X2JlX3JldXNlZFtHT19BRE1JTl0iIHRpbWU9IjAuMjc0Ij48ZmFpbHVyZSBtZXNzYWdlPSJodHRweC5Db29raWVDb25mbGljdDogTXVsdGlwbGUgY29va2llcyBleGlzdCB3aXRoIG5hbWU9Z29fYWNjZXNzIj5jbGllbnQgPSAmbHQ7c3RhcmxldHRlLnRlc3RjbGllbnQuVGVzdENsaWVudCBvYmplY3QgYXQgMHg3ZmJhMDZkYjQyNzAm
2026-09-10T05:08:08.7801439Z GO_EVIDENCE_B64 Z3Q7CmFjdG9yID0gJ0dPX0FETUlOJwoKICAgIEBweXRlc3QubWFyay5wYXJhbWV0cml6ZSgnYWN0b3InLFsnQ09OU1VNRVInLCdTVVBQTElFUl9VU0VSJywnR09fQURNSU4nXSkKICAgIGRlZiB0ZXN0X21hdGNoaW5nX2VuZF9yb3RhdGVzX29uY2VfYW5kX29sZF9yZWZyZXNoX2Nhbm5vdF9iZV9yZXVzZWQoY2xpZW50LGFjdG9yKToKICAgICAgICB0PXRva2VucyhjbGllbnQsYWN0b3IpCiAgICAgICAgaWYgYWN0b3I9PSdDT05TVU1FUic6CiAgICAgICAgICAgIHI9Y2xpZW50LnBvc3QoJy92MS9tb2JpbGUvYXV0aC9yZWZyZXNo
2026-09-10T05:08:08.7807196Z GO_EVIDENCE_B64 Jyxqc29uPXsncmVmcmVzaF90b2tlbic6dFsncmVmcmVzaF90b2tlbiddfSkKICAgICAgICAgICAgYXNzZXJ0IHIuc3RhdHVzX2NvZGU9PTIwMCxyLnRleHQKICAgICAgICAgICAgY3VycmVudD1yLmpzb24oKVsnZGF0YSddO2Fzc2VydCAnY3NyZl90b2tlbicgbm90IGluIGN1cnJlbnQKICAgICAgICBlbHNlOgogICAgICAgICAgICBmb3IgbmFtZSxrZXkgaW4gWygnZ29fYWNjZXNzJywnYWNjZXNzX3Rva2VuJyksKCdnb19yZWZyZXNoJywncmVmcmVzaF90b2tlbicpLCgnZ29fY3NyZicsJ2NzcmZfdG9rZW4nKV06CiAgICAgICAg
2026-09-10T05:08:08.7812748Z GO_EVIDENCE_B64 ICAgICAgICBjbGllbnQuY29va2llcy5zZXQobmFtZSx0W2tleV0pCiAgICAgICAgICAgIHI9Y2xpZW50LnBvc3QoJy9iZmYvYXV0aC9yZWZyZXNoJyxoZWFkZXJzPXsnWC1DU1JGLVRva2VuJzp0Wydjc3JmX3Rva2VuJ119KQogICAgICAgICAgICBhc3NlcnQgci5zdGF0dXNfY29kZT09MjAwLHIudGV4dAomZ3Q7ICAgICAgICAgICBjdXJyZW50PXsnYWNjZXNzX3Rva2VuJzpjbGllbnQuY29va2llcy5nZXQoJ2dvX2FjY2VzcycpLCdyZWZyZXNoX3Rva2VuJzpjbGllbnQuY29va2llcy5nZXQoJ2dvX3JlZnJlc2gnKX0KICAgICAg
2026-09-10T05:08:08.7818537Z GO_EVIDENCE_B64 ICAgICAgICAgICAgICAgICAgICAgICAgICAgICAgXl5eXl5eXl5eXl5eXl5eXl5eXl5eXl5eXl5eXl5eXgoKdGVzdHMvdGVzdF9kZXB0aDM1X3JlZnJlc2hfc2NvcGUucHk6NzI6IApfIF8gXyBfIF8gXyBfIF8gXyBfIF8gXyBfIF8gXyBfIF8gXyBfIF8gXyBfIF8gXyBfIF8gXyBfIF8gXyBfIF8gXyBfIF8gXyBfIF8gXyBfIAoKc2VsZiA9ICZsdDtDb29raWVzWyZsdDtDb29raWUgZ29fYWNjZXNzPWV5SmhiR2NpT2lKSVV6STFOaUlzSW5SNWNDSTZJa3BYVkNKOS5leUpoWTNSdmNsOTBlWEJsSWpvaVIwOWZRVVJOU1U0aUxDSmxl
2026-09-10T05:08:08.7824518Z GO_EVIDENCE_B64 SEFpT2pFM09Ea3dNVGMzTmouLi5sb2NhbCAvJmd0OywgJmx0O0Nvb2tpZSBnb19yZWZyZXNoPUFfUjItZF9vdDFoRU9uc05QQ0dHRFdPQXZzTURjanhDYWtwcW1tcnpHTWxuY21TVDkteWE1QmtRWFBEbGN4OXMgZm9yIHRlc3RzZXJ2ZXIubG9jYWwgLyZndDtdJmd0OwpuYW1lID0gJ2dvX2FjY2VzcycsIGRlZmF1bHQgPSBOb25lLCBkb21haW4gPSBOb25lLCBwYXRoID0gTm9uZQoKICAgIGRlZiBnZXQoICAjIHR5cGU6IGlnbm9yZQogICAgICAgIHNlbGYsCiAgICAgICAgbmFtZTogc3RyLAogICAgICAgIGRlZmF1bHQ6IHN0ciB8
2026-09-10T05:08:08.7830074Z GO_EVIDENCE_B64 IE5vbmUgPSBOb25lLAogICAgICAgIGRvbWFpbjogc3RyIHwgTm9uZSA9IE5vbmUsCiAgICAgICAgcGF0aDogc3RyIHwgTm9uZSA9IE5vbmUsCiAgICApIC0mZ3Q7IHN0ciB8IE5vbmU6CiAgICAgICAgIiIiCiAgICAgICAgR2V0IGEgY29va2llIGJ5IG5hbWUuIE1heSBvcHRpb25hbGx5IGluY2x1ZGUgZG9tYWluIGFuZCBwYXRoCiAgICAgICAgaW4gb3JkZXIgdG8gc3BlY2lmeSBleGFjdGx5IHdoaWNoIGNvb2tpZSB0byByZXRyaWV2ZS4KICAgICAgICAiIiIKICAgICAgICB2YWx1ZSA9IE5vbmUKICAgICAgICBmb3IgY29va2ll
2026-09-10T05:08:08.7835998Z GO_EVIDENCE_B64 IGluIHNlbGYuamFyOgogICAgICAgICAgICBpZiBjb29raWUubmFtZSA9PSBuYW1lOgogICAgICAgICAgICAgICAgaWYgZG9tYWluIGlzIE5vbmUgb3IgY29va2llLmRvbWFpbiA9PSBkb21haW46CiAgICAgICAgICAgICAgICAgICAgaWYgcGF0aCBpcyBOb25lIG9yIGNvb2tpZS5wYXRoID09IHBhdGg6CiAgICAgICAgICAgICAgICAgICAgICAgIGlmIHZhbHVlIGlzIG5vdCBOb25lOgogICAgICAgICAgICAgICAgICAgICAgICAgICAgbWVzc2FnZSA9IGYiTXVsdGlwbGUgY29va2llcyBleGlzdCB3aXRoIG5hbWU9e25hbWV9Igom
2026-09-10T05:08:08.7841682Z GO_EVIDENCE_B64 Z3Q7ICAgICAgICAgICAgICAgICAgICAgICAgICAgcmFpc2UgQ29va2llQ29uZmxpY3QobWVzc2FnZSkKRSAgICAgICAgICAgICAgICAgICAgICAgICAgIGh0dHB4LkNvb2tpZUNvbmZsaWN0OiBNdWx0aXBsZSBjb29raWVzIGV4aXN0IHdpdGggbmFtZT1nb19hY2Nlc3MKCi4uL2lzb2xhdGVkLXJ1bnRpbWUvbGliL3B5dGhvbjMuMTMvc2l0ZS1wYWNrYWdlcy9odHRweC9fbW9kZWxzLnB5OjExNjE6IENvb2tpZUNvbmZsaWN0PC9mYWlsdXJlPjwvdGVzdGNhc2U+PHRlc3RjYXNlIGNsYXNzbmFtZT0idGVzdHMudGVzdF9kZXB0aDM1
2026-09-10T05:08:08.7847471Z GO_EVIDENCE_B64 X3JlZnJlc2hfc2NvcGUiIG5hbWU9InRlc3RfbW9iaWxlX2xvZ291dF9yZXZva2VzX29ubHlfaXRzX2JlYXJlcl9zZXNzaW9uX2FuZF9yZWZyZXNoIiB0aW1lPSIwLjg2MCIgLz48dGVzdGNhc2UgY2xhc3NuYW1lPSJ0ZXN0cy50ZXN0X2RlcHRoMjdfc2Vzc2lvbl9pc29sYXRpb24iIG5hbWU9InRlc3RfY29uc3VtZXJfYW5kX2NvbnNvbGVfY2FuX2NvZXhpc3RfYW5kX2xvZ291dF9pbmRlcGVuZGVudGx5W3N1cHBsaWVyX293bmVyLWNoYW5nZS1tZS1zdXBwbGllcl0iIHRpbWU9IjAuNDE2IiAvPjx0ZXN0Y2FzZSBjbGFzc25hbWU9
2026-09-10T05:08:08.7852847Z GO_EVIDENCE_B64 InRlc3RzLnRlc3RfZGVwdGgyN19zZXNzaW9uX2lzb2xhdGlvbiIgbmFtZT0idGVzdF9jb25zdW1lcl9hbmRfY29uc29sZV9jYW5fY29leGlzdF9hbmRfbG9nb3V0X2luZGVwZW5kZW50bHlbZ29fYWRtaW4tY2hhbmdlLW1lLWFkbWluXSIgdGltZT0iMC40MTciIC8+PHRlc3RjYXNlIGNsYXNzbmFtZT0idGVzdHMudGVzdF9kZXB0aDI3X3Nlc3Npb25faXNvbGF0aW9uIiBuYW1lPSJ0ZXN0X2NvbnNvbGVfbG9nb3V0X2RvZXNfbm90X2ZhbGxfYmFja190b19jb25zdW1lcl9zZXNzaW9uIiB0aW1lPSIwLjQyMCIgLz48dGVzdGNhc2Ug
2026-09-10T05:08:08.7858311Z GO_EVIDENCE_B64 Y2xhc3NuYW1lPSJ0ZXN0cy50ZXN0X2RlcHRoMjdfc2Vzc2lvbl9pc29sYXRpb24iIG5hbWU9InRlc3RfY29uc3VtZXJfcmVmcmVzaF91c2VzX293bl9jc3JmX3dpdGhfY29uc29sZV9jb29raWVfcHJlc2VudCIgdGltZT0iMC4zOTciIC8+PHRlc3RjYXNlIGNsYXNzbmFtZT0idGVzdHMudGVzdF9kZXB0aDI3X3Nlc3Npb25faXNvbGF0aW9uIiBuYW1lPSJ0ZXN0X290aGVyX3Njb3BlX2NzcmZfY2Fubm90X2xvZ291dF9jb25zdW1lciIgdGltZT0iMC40MDEiIC8+PHRlc3RjYXNlIGNsYXNzbmFtZT0idGVzdHMudGVzdF9kZXB0aDI3
2026-09-10T05:08:08.7863647Z GO_EVIDENCE_B64 X3Nlc3Npb25faXNvbGF0aW9uIiBuYW1lPSJ0ZXN0X3NoYXJlZF9lbmRwb2ludF91c2VzX2V4cGxpY2l0X3Njb3BlX2FuZF9yZWplY3RzX2FtYmlndWl0eSIgdGltZT0iMC40MDEiIC8+PHRlc3RjYXNlIGNsYXNzbmFtZT0idGVzdHMudGVzdF9kZXB0aDI3X3Nlc3Npb25faXNvbGF0aW9uIiBuYW1lPSJ0ZXN0X2hlYWRlcl9jYW5ub3RfY2hhbmdlX2ZpeGVkX3JvdXRlX3Njb3BlX29yX2dyYW50X3Blcm1pc3Npb25zIiB0aW1lPSIwLjQwOCIgLz48dGVzdGNhc2UgY2xhc3NuYW1lPSJ0ZXN0cy50ZXN0X2RlcHRoMjdfc2Vzc2lvbl9p
2026-09-10T05:08:08.7869133Z GO_EVIDENCE_B64 c29sYXRpb24iIG5hbWU9InRlc3RfZXhwaXJlZF9jb25zb2xlX2FjY2Vzc19kb2VzX25vdF9zaGFkb3dfY29uc3VtZXIiIHRpbWU9IjAuMzkyIiAvPjx0ZXN0Y2FzZSBjbGFzc25hbWU9InRlc3RzLnRlc3RfZGVwdGgyN19zZXNzaW9uX2lzb2xhdGlvbiIgbmFtZT0idGVzdF9iZWFyZXJfaWRlbnRpdHlfc3RheXNfYXV0aG9yaXRhdGl2ZSIgdGltZT0iMC41NTQiIC8+PHRlc3RjYXNlIGNsYXNzbmFtZT0idGVzdHMudGVzdF9kZXB0aDI3X3Nlc3Npb25faXNvbGF0aW9uIiBuYW1lPSJ0ZXN0X3dyb25nX2NvbnNvbGVfbG9naW5fZG9l
2026-09-10T05:08:08.7874780Z GO_EVIDENCE_B64 c19ub3RfcmVwbGFjZV9leGlzdGluZ19zZXNzaW9uIiB0aW1lPSIwLjQ4NiIgLz48dGVzdGNhc2UgY2xhc3NuYW1lPSJ0ZXN0cy50ZXN0X2RlcHRoMjdfc2Vzc2lvbl9pc29sYXRpb24iIG5hbWU9InRlc3Rfb3RoZXJfY29uc29sZV90YWJfaWRlbnRpdHlfY2hhbmdlX2lzX2RldGVjdGVkX2JlZm9yZV9hY3Rpb24iIHRpbWU9IjAuNDg0IiAvPjx0ZXN0Y2FzZSBjbGFzc25hbWU9InRlc3RzLnRlc3Rfc3ByaW50MXJfaWRlbnRpdHlfc2VjdXJpdHkiIG5hbWU9InRlc3Rfc3VwcGxpZXJfZGFzaGJvYXJkX3JlcXVpcmVzX2F1dGhfYW5k
2026-09-10T05:08:08.7880151Z GO_EVIDENCE_B64 X3RlbmFudF9jb21lc19mcm9tX3Rva2VuIiB0aW1lPSIwLjI1MSIgLz48dGVzdGNhc2UgY2xhc3NuYW1lPSJ0ZXN0cy50ZXN0X3NwcmludDFyX2lkZW50aXR5X3NlY3VyaXR5IiBuYW1lPSJ0ZXN0X2FkbWluX3JiYWNfc2VwYXJhdGVzX2ZpbmFuY2VfZnJvbV90cnVzdCIgdGltZT0iMC4zNzUiIC8+PHRlc3RjYXNlIGNsYXNzbmFtZT0idGVzdHMudGVzdF9zcHJpbnQxcl9pZGVudGl0eV9zZWN1cml0eSIgbmFtZT0idGVzdF9yZWZyZXNoX2FuZF9zZXNzaW9uX3Jldm9jYXRpb24iIHRpbWU9IjAuMjU2IiAvPjx0ZXN0Y2FzZSBjbGFz
2026-09-10T05:08:08.7885667Z GO_EVIDENCE_B64 c25hbWU9InRlc3RzLnRlc3Rfc3ByaW50MXJfaWRlbnRpdHlfc2VjdXJpdHkiIG5hbWU9InRlc3RfZHVhbF9jb250cm9sX3JlcXVpcmVzX2Rpc3RpbmN0X3NlY29uZF9hZG1pbiIgdGltZT0iMC41MDMiIC8+PHRlc3RjYXNlIGNsYXNzbmFtZT0idGVzdHMudGVzdF9zcHJpbnQxcl9pZGVudGl0eV9zZWN1cml0eSIgbmFtZT0idGVzdF9tdXRhdGluZ19hdXRoZW50aWNhdGVkX3JlcXVlc3Rfd3JpdGVzX2F1ZGl0IiB0aW1lPSIwLjI0MiIgLz48dGVzdGNhc2UgY2xhc3NuYW1lPSJ0ZXN0cy50ZXN0X3NwcmludDF1X3Byb2R1Y3Rpb25f
2026-09-10T05:08:08.7891091Z GO_EVIDENCE_B64 YmZmIiBuYW1lPSJ0ZXN0X2JmZl91c2VzX2h0dHBfb25seV9jb29raWVzX2FuZF9ub190b2tlbnNfaW5fcGF5bG9hZCIgdGltZT0iMC4yNDEiIC8+PHRlc3RjYXNlIGNsYXNzbmFtZT0idGVzdHMudGVzdF9zcHJpbnQxdV9wcm9kdWN0aW9uX2JmZiIgbmFtZT0idGVzdF9jc3JmX2Jsb2Nrc19jb29raWVfYXV0aGVudGljYXRlZF9tdXRhdGlvbiIgdGltZT0iMC4yNTIiIC8+PHRlc3RjYXNlIGNsYXNzbmFtZT0idGVzdHMudGVzdF9zcHJpbnQxdV9wcm9kdWN0aW9uX2JmZiIgbmFtZT0idGVzdF9zZWN1cml0eV9oZWFkZXJzX2FyZV9w
2026-09-10T05:08:08.7896729Z GO_EVIDENCE_B64 cmVzZW50IiB0aW1lPSIwLjE1MyIgLz48dGVzdGNhc2UgY2xhc3NuYW1lPSJ0ZXN0cy50ZXN0X3NwcmludDF1X3Byb2R1Y3Rpb25fYmZmIiBuYW1lPSJ0ZXN0X21mYV9lbnJvbGxtZW50X2FuZF9sb2dpbl9lbmZvcmNlbWVudCIgdGltZT0iMC40MTYiIC8+PHRlc3RjYXNlIGNsYXNzbmFtZT0idGVzdHMudGVzdF9zcHJpbnQxdV9wcm9kdWN0aW9uX2JmZiIgbmFtZT0idGVzdF9mcm9udGVuZF9oYXNfbm9fbG9jYWxzdG9yYWdlX2F1dGhfdG9rZW5zIiB0aW1lPSIwLjA4NSIgLz48dGVzdGNhc2UgY2xhc3NuYW1lPSJ0ZXN0cy50ZXN0
2026-09-10T05:08:08.7902109Z GO_EVIDENCE_B64 X3NwcmludDF5X2NvbnN1bWVyX2lkZW50aXR5IiBuYW1lPSJ0ZXN0X3JlZ2lzdGVyX3NlY3VyZV9jb29raWVfZ29faWRfYW5kX3Nlc3Npb24iIHRpbWU9IjAuMzIwIiAvPjx0ZXN0Y2FzZSBjbGFzc25hbWU9InRlc3RzLnRlc3Rfc3ByaW50MXlfY29uc3VtZXJfaWRlbnRpdHkiIG5hbWU9InRlc3RfdHJhdmVsZXJfYW5kX3BheW1lbnRfdG9rZW5pemF0aW9uX25vX3Bhbl9yZWFkYmFjayIgdGltZT0iMC4zNTUiIC8+PHRlc3RjYXNlIGNsYXNzbmFtZT0idGVzdHMudGVzdF9zcHJpbnQxeV9jb25zdW1lcl9pZGVudGl0eSIgbmFtZT0i
2026-09-10T05:08:08.7907607Z GO_EVIDENCE_B64 dGVzdF9hdXRoZW50aWNhdGVkX29yZGVyX293bmVyc2hpcF9hbmRfdG9rZW5pemVkX2NoZWNrb3V0IiB0aW1lPSIwLjc1NCIgLz48dGVzdGNhc2UgY2xhc3NuYW1lPSJ0ZXN0cy50ZXN0X3NwcmludDF5X2NvbnN1bWVyX2lkZW50aXR5IiBuYW1lPSJ0ZXN0X3JlZnJlc2hfcm90YXRpb25fYW5kX2xvZ291dCIgdGltZT0iMC40MDQiIC8+PHRlc3RjYXNlIGNsYXNzbmFtZT0idGVzdHMudGVzdF9zcHJpbnQxel9tb2JpbGUiIG5hbWU9InRlc3RfbmF0aXZlX2JlYXJlcl9zZXNzaW9uX2RldmljZV9wdXNoX2FuZF9yZWZyZXNoIiB0aW1l
2026-09-10T05:08:08.7913025Z GO_EVIDENCE_B64 PSIwLjQyMyIgLz48dGVzdGNhc2UgY2xhc3NuYW1lPSJ0ZXN0cy50ZXN0X3NwcmludDF6X21vYmlsZSIgbmFtZT0idGVzdF9kZWVwX2xpbmtzX2FyZV9hbGxvd2xpc3RlZCIgdGltZT0iMC40MTIiIC8+PHRlc3RjYXNlIGNsYXNzbmFtZT0idGVzdHMudGVzdF9zcHJpbnQxel9tb2JpbGUiIG5hbWU9InRlc3RfcHVzaF90b2tlbl9ub3RfcmV0dXJuZWRfYW5kX2RldmljZV9pc191c2VyX3Njb3BlZCIgdGltZT0iMC42NjYiIC8+PHRlc3RjYXNlIGNsYXNzbmFtZT0idGVzdHMudGVzdF9kZXB0aDMwX25hdGl2ZV9hcGlfY29udHJhY3Qi
2026-09-10T05:08:08.7916535Z GO_EVIDENCE_B64 IG5hbWU9InRlc3RfbmF0aXZlX3NpeF92ZXJ0aWNhbF9jcmVhdGlvbl9wYXltZW50X2FuZF9yZWZ1bmRfY29udHJhY3RzIiB0aW1lPSI2LjA0MiIgLz48L3Rlc3RzdWl0ZT48L3Rlc3RzdWl0ZXM+
2026-09-10T05:08:08.7917435Z GO_EVIDENCE_FILE_END backend.xml
2026-09-10T05:08:08.7917935Z GO_EVIDENCE_MISSING frontend.xml
2026-09-10T05:08:08.7984482Z Node 20 is being deprecated. This workflow is running with Node 24 by default. If you need to temporarily use Node 20, you can set the ACTIONS_ALLOW_USE_UNSECURE_NODE_VERSION=true environment variable. For more information see: https://github.blog/changelog/2025-09-19-deprecation-of-node-20-on-github-actions-runners/
2026-09-10T05:08:08.7985908Z ##[group]Run actions/upload-artifact@v4
2026-09-10T05:08:08.7986199Z with:
2026-09-10T05:08:08.7986444Z   name: GO-DEPTH35-isolated-34439772418
2026-09-10T05:08:08.7986733Z   path: evidence/
2026-09-10T05:08:08.7986962Z   if-no-files-found: error
2026-09-10T05:08:08.7987209Z   retention-days: 90
2026-09-10T05:08:08.7987436Z   compression-level: 6
2026-09-10T05:08:08.7987660Z   overwrite: false
2026-09-10T05:08:08.7987885Z   include-hidden-files: false
2026-09-10T05:08:08.7988136Z env:
2026-09-10T05:08:08.7988408Z   SEALED_CANDIDATE: 0dd0bdca784ece89eb7600d38b5210ed4436c88a
2026-09-10T05:08:08.7988963Z   EXPECTED_SOURCE_TREE: c1067e3aecb82ffbc847549a0d4c1fa6876c6a046c1bb706cf0c09755c3a8524
2026-09-10T05:08:08.7989519Z   pythonLocation: /opt/hostedtoolcache/Python/3.13.5/x64
2026-09-10T05:08:08.7989962Z   PKG_CONFIG_PATH: /opt/hostedtoolcache/Python/3.13.5/x64/lib/pkgconfig
2026-09-10T05:08:08.7990402Z   Python_ROOT_DIR: /opt/hostedtoolcache/Python/3.13.5/x64
2026-09-10T05:08:08.7990799Z   Python2_ROOT_DIR: /opt/hostedtoolcache/Python/3.13.5/x64
2026-09-10T05:08:08.7991196Z   Python3_ROOT_DIR: /opt/hostedtoolcache/Python/3.13.5/x64
2026-09-10T05:08:08.7991596Z   LD_LIBRARY_PATH: /opt/hostedtoolcache/Python/3.13.5/x64/lib
2026-09-10T05:08:08.7991936Z ##[endgroup]
2026-09-10T05:08:09.0126494Z (node:2509) [DEP0040] DeprecationWarning: The `punycode` module is deprecated. Please use a userland alternative instead.
2026-09-10T05:08:09.0134883Z (Use `node --trace-deprecation ...` to show where the warning was created)
2026-09-10T05:08:09.0339677Z With the provided path, there will be 14 files uploaded
2026-09-10T05:08:09.0340969Z Artifact name is valid!
2026-09-10T05:08:09.0341614Z Root directory input is valid!
2026-09-10T05:08:09.2515446Z Beginning upload of artifact content to blob storage
2026-09-10T05:08:09.2967543Z (node:2509) [DEP0169] DeprecationWarning: `url.parse()` behavior is not standardized and prone to errors that have security implications. Use the WHATWG URL API instead. CVEs are not issued for `url.parse()` vulnerabilities.
2026-09-10T05:08:09.3234317Z Uploaded bytes 8911
2026-09-10T05:08:09.3410668Z Finished uploading artifact content to blob storage!
2026-09-10T05:08:09.3412365Z SHA256 digest of uploaded artifact zip is 108b7fd991211e5d3f8ef84a742daa5dc9742a71c0298f57ae07267932ae23c4
2026-09-10T05:08:09.3413670Z Finalizing artifact upload
2026-09-10T05:08:09.5765341Z Artifact GO-DEPTH35-isolated-34439772418.zip successfully finalized. Artifact ID 10137517654
2026-09-10T05:08:09.5766929Z Artifact GO-DEPTH35-isolated-34439772418 has been successfully uploaded! Final size is 8911 bytes. Artifact ID is 10137517654
2026-09-10T05:08:09.5768671Z Artifact download URL: https://github.com/yuguangzhi3836-glitch/GO/actions/runs/34439772418/artifacts/10137517654
2026-09-10T05:08:09.5975294Z Node 20 is being deprecated. This workflow is running with Node 24 by default. If you need to temporarily use Node 20, you can set the ACTIONS_ALLOW_USE_UNSECURE_NODE_VERSION=true environment variable. For more information see: https://github.blog/changelog/2025-09-19-deprecation-of-node-20-on-github-actions-runners/
2026-09-10T05:08:09.5976559Z Post job cleanup.
2026-09-10T05:08:09.7034582Z [command]/usr/bin/git version
2026-09-10T05:08:09.7104553Z git version 2.55.0
2026-09-10T05:08:09.7173569Z Temporarily overriding HOME='/home/runner/work/_temp/fd3e0562-8cd5-4579-a572-c0825d7956bf' before making global git config changes
2026-09-10T05:08:09.7185534Z Adding repository directory to the temporary git global config as a safe directory
2026-09-10T05:08:09.7196877Z [command]/usr/bin/git config --global --add safe.directory /home/runner/work/GO/GO/candidate
2026-09-10T05:08:09.7265042Z [command]/usr/bin/git config --local --name-only --get-regexp core\.sshCommand
2026-09-10T05:08:09.7340367Z [command]/usr/bin/git submodule foreach --recursive sh -c "git config --local --name-only --get-regexp 'core\.sshCommand' && git config --local --unset-all 'core.sshCommand' || :"
2026-09-10T05:08:09.7847466Z [command]/usr/bin/git config --local --name-only --get-regexp http\.https\:\/\/github\.com\/\.extraheader
2026-09-10T05:08:09.7913471Z [command]/usr/bin/git submodule foreach --recursive sh -c "git config --local --name-only --get-regexp 'http\.https\:\/\/github\.com\/\.extraheader' && git config --local --unset-all 'http.https://github.com/.extraheader' || :"
2026-09-10T05:08:09.8372380Z [command]/usr/bin/git config --local --name-only --get-regexp ^includeIf\.gitdir:
2026-09-10T05:08:09.8420991Z [command]/usr/bin/git submodule foreach --recursive git config --local --show-origin --name-only --get-regexp remote.origin.url
2026-09-10T05:08:09.9300158Z Node 20 is being deprecated. This workflow is running with Node 24 by default. If you need to temporarily use Node 20, you can set the ACTIONS_ALLOW_USE_UNSECURE_NODE_VERSION=true environment variable. For more information see: https://github.blog/changelog/2025-09-19-deprecation-of-node-20-on-github-actions-runners/
2026-09-10T05:08:09.9302368Z Post job cleanup.
2026-09-10T05:08:10.0958341Z [command]/usr/bin/git version
2026-09-10T05:08:10.1094720Z git version 2.55.0
2026-09-10T05:08:10.1165264Z Temporarily overriding HOME='/home/runner/work/_temp/94b0de11-7584-4d78-a1ff-46e3821eabbc' before making global git config changes
2026-09-10T05:08:10.1174899Z Adding repository directory to the temporary git global config as a safe directory
2026-09-10T05:08:10.1195003Z [command]/usr/bin/git config --global --add safe.directory /home/runner/work/GO/GO/tooling
2026-09-10T05:08:10.1268291Z [command]/usr/bin/git config --local --name-only --get-regexp core\.sshCommand
2026-09-10T05:08:10.1436208Z [command]/usr/bin/git submodule foreach --recursive sh -c "git config --local --name-only --get-regexp 'core\.sshCommand' && git config --local --unset-all 'core.sshCommand' || :"
2026-09-10T05:08:10.2155023Z [command]/usr/bin/git config --local --name-only --get-regexp http\.https\:\/\/github\.com\/\.extraheader
2026-09-10T05:08:10.2227464Z [command]/usr/bin/git submodule foreach --recursive sh -c "git config --local --name-only --get-regexp 'http\.https\:\/\/github\.com\/\.extraheader' && git config --local --unset-all 'http.https://github.com/.extraheader' || :"
2026-09-10T05:08:10.2685792Z [command]/usr/bin/git config --local --name-only --get-regexp ^includeIf\.gitdir:
2026-09-10T05:08:10.2765702Z [command]/usr/bin/git submodule foreach --recursive git config --local --show-origin --name-only --get-regexp remote.origin.url
2026-09-10T05:08:10.3296551Z Cleaning up orphan processes
2026-09-10T05:08:10.3581745Z ##[warning]Node.js 20 is deprecated. The following actions target Node.js 20 but are being forced to run on Node.js 24: actions/checkout@v4, actions/setup-node@v4, actions/setup-python@v5, actions/upload-artifact@v4. For more information see: https://github.blog/changelog/2025-09-19-deprecation-of-node-20-on-github-actions-runners/
