✔ HTTP helper retains CSRF together with idempotency header (3.165026ms)
✔ Escape cancels traveler selection without authorizing or creating an order (10.223624ms)
✔ rental consent is bound to the selected traveler, field and purpose (2.488987ms)
✔ payment is cancelled without any checkout mutation (2.132019ms)
✔ a failed confirmed payment stays visible and can be retried (1.64067ms)
✔ cancelling a party selection creates no order or grant (1.691677ms)
✔ a party must contain the exact number of different travelers (1.750185ms)
✔ party confirmation returns only the explicitly selected traveler references (1.482342ms)
✔ party selection cannot submit without confirming adult travelers and purpose (1.419688ms)
✔ consumer uses locked V14 main and compact artwork with responsive selection (1.602473ms)
✔ supplier and admin share the locked reverse V14 compact lockup (1.048449ms)
✔ all three entry documents advance cache tokens together (0.287893ms)
✔ GO subbrands use V14 geometry with a deliberately recessive GO tier (0.222896ms)
✔ legacy runtime asset names also resolve to locked V14 geometry (0.290868ms)
✔ cancel review shows every cash component and exact fee basis before submission (23.446342ms)
✔ closing cancel review never sends cancellation or reloads as completed (1.129981ms)
✔ unchecked money confirmation cannot submit a cash action (1.398065ms)
✔ change confirmation keeps paid room value, incremental difference and fee separate (1.2419ms)
✔ cancelled date selection does not request new inventory or a payment (0.863049ms)
✔ displayed quote hash stays bound across asynchronous source mutation (0.910021ms)
✔ unknown supplier progress offers query only and binds the saved operation (1.120768ms)
✔ cancel confirmed and refund pending remain distinct in the customer progress card (0.904241ms)
✔ credit conversion waits for explicit quoted consent and does not claim an unknown cancellation succeeded (4.301948ms)
✔ canceling traveler selection sends no redemption or automatic identity (1.047847ms)
✔ redemption network retry binds the same quote and explicitly selected traveler (2.395927ms)
✔ unknown booking and pending refund remain distinct from completed credit restoration (1.173247ms)
✔ canceling a supplementary payment dialog re-enables the action (19.531102ms)
✔ conversion separates prior cash refunds and forfeiture from retained credit (1.462582ms)
✔ forfeiture conversion confirmation stays bound to the displayed quote after source object changes (2.933406ms)
✔ credit detail keeps original excluded value visible after redemption changes (1.519527ms)
✔ historical credit without a forfeiture breakdown never renders invalid amounts (1.246497ms)
✔ fare confirmation separates fee tiers, cooling, change and property credit terms (2.257769ms)
✔ cancelling fare confirmation has no accepted contract (1.044112ms)
✔ accepted hash remains bound to the rules displayed before asynchronous state changes (0.888699ms)
✔ declining hotel rules never selects or authorizes a traveler or creates an order (2.17213ms)
✔ accepted hotel contract is included with selected traveler and stable booking request identity (1.99213ms)
✔ supplier money and percentage inputs use exact minor units (1.426919ms)
✔ supplier lost-response retry keeps request identity and sends only the claimed cause (4.375958ms)
✔ supplier duplicate clicks while a request is pending cannot create another request (1.291033ms)
✔ unknown supplier cancellation shows approved refund waiting for confirmation, without a resend button (19.38082ms)
✔ hotel funds distinguish frozen, charged, released and refunded cent amounts (17.92563ms)
✔ only approved pending refunds expose retry and all server labels are escaped (0.804912ms)
✔ unknown funding shows reconciliation instead of a false payment claim (0.547354ms)
✔ trip links only open the exact canonical owned direct-reservation path (0.371289ms)
✔ closing a stay complaint form makes no request (6.192363ms)
✔ complaint retries reuse the same request identity and have no refund approval fields (6.58882ms)
✔ blank complaints and duplicate submission clicks cannot send extra requests (1.740731ms)
✔ closing hotel authorization leaves funds untouched (2.492973ms)
✔ hotel checkout requires confirmation and binds the complete stay amount (1.415011ms)
✔ a second click cannot create another hotel authorization while the first is pending (0.800846ms)
✔ a failed hotel authorization remains visible and can be retried (0.711211ms)
✔ conversion clearly shows capture and value and closing does not convert (26.103942ms)
✔ conversion retry keeps original quote, amount and original expiry (2.568707ms)
✔ redemption uses server quote policy and displays forfeiture before consent (1.658487ms)
✔ redemption confirms a fresh traveler and only releases hotel fields (1.736234ms)
✔ double click and Escape cannot duplicate or dismiss pending redemption (10.337384ms)
✔ credit list filters property and disables frozen, expired or reconciliation credits (1.658327ms)
✔ a cancellation quote never cancels a booking and closing preserves it (26.292256ms)
✔ fee consent binds the server quote and keeps frozen release separate from cash refund (2.474976ms)
✔ interrupted cancellation retry uses exactly the same quote and fee (1.791558ms)
✔ double clicks cannot settle twice while a cancellation is pending (1.395491ms)
✔ unavailable fare actions have no executable buttons and rule text is escaped (2.945374ms)
✔ date changes quote first and require fresh consent after editing dates (2.640065ms)
✔ extension keeps check-in fixed and explains replacement authorization (1.493238ms)
✔ independent review requires an explicit checked attestation and chosen proof (1.595162ms)
✔ review submits the exact evidence snapshot and no caller-selected money (1.088709ms)
✔ customer sees completed original refund separately from pending extra payment (17.771427ms)
✔ unapproved guest liability is a review hold without a refund promise or pay button (0.311319ms)
✔ zero captured payment explains authorization release and completed case has no retry (0.486993ms)
✔ finance entry converts decimal currency without fractional cents or silent rounding (0.925504ms)
(node:91) [MODULE_TYPELESS_PACKAGE_JSON] Warning: Module type of file:///workspace/scratch/af00ce8c656d/go-preparation/restored-depth35/mobile/go-app/src/domain/changeActions.ts is not specified and it doesn't parse as CommonJS.
Reparsing as ES module because module syntax was detected. This incurs a performance overhead.
To eliminate this warning, add "type": "module" to /workspace/scratch/af00ce8c656d/go-preparation/restored-depth35/mobile/go-app/package.json.
(Use `node --trace-warnings ...` to show where the warning was created)
✔ HOTEL: explicit confirmation consumes one quote and reads original order (7.46511ms)
✔ HOTEL: expiry, edit and session changes prevent submission (0.839895ms)
✔ HOTEL: wrong identity or unavailable isolated channel cannot execute (1.069019ms)
✔ HOTEL: timeout is unknown and never auto-retried (0.499823ms)
✔ FLIGHT: explicit confirmation consumes one quote and reads original order (1.105654ms)
✔ FLIGHT: expiry, edit and session changes prevent submission (0.482146ms)
✔ FLIGHT: wrong identity or unavailable isolated channel cannot execute (0.200081ms)
✔ FLIGHT: timeout is unknown and never auto-retried (0.187362ms)
✔ RAIL: explicit confirmation consumes one quote and reads original order (0.247252ms)
✔ RAIL: expiry, edit and session changes prevent submission (0.865463ms)
✔ RAIL: wrong identity or unavailable isolated channel cannot execute (0.263056ms)
✔ RAIL: timeout is unknown and never auto-retried (0.169686ms)
✔ ATTRACTION: explicit confirmation consumes one quote and reads original order (0.371269ms)
✔ ATTRACTION: expiry, edit and session changes prevent submission (0.215425ms)
✔ ATTRACTION: wrong identity or unavailable isolated channel cannot execute (0.218059ms)
✔ ATTRACTION: timeout is unknown and never auto-retried (0.205109ms)
✔ RENTAL: explicit confirmation consumes one quote and reads original order (0.555657ms)
✔ RENTAL: expiry, edit and session changes prevent submission (1.45448ms)
✔ RENTAL: wrong identity or unavailable isolated channel cannot execute (0.309456ms)
✔ RENTAL: timeout is unknown and never auto-retried (0.289847ms)
✔ invalid replacement quote destroys old consent; dates are canonical (0.308425ms)
✔ double submit makes only one mutation (0.307292ms)
(node:97) [MODULE_TYPELESS_PACKAGE_JSON] Warning: Module type of file:///workspace/scratch/af00ce8c656d/go-preparation/restored-depth35/mobile/go-app/src/domain/changeTerms.ts is not specified and it doesn't parse as CommonJS.
Reparsing as ES module because module syntax was detected. This incurs a performance overhead.
To eliminate this warning, add "type": "module" to /workspace/scratch/af00ce8c656d/go-preparation/restored-depth35/mobile/go-app/package.json.
(Use `node --trace-warnings ...` to show where the warning was created)
✔ hotel lower price still discloses the nonrefundable loss and separate fee (1.233387ms)
✔ missing or inconsistent hotel financial terms are not confirmable (0.548766ms)
✔ flight and rail disclose transport identity and reject inconsistent fee sums (0.554025ms)
✔ rental lower cost specifies original payment and validates the rate calculation (0.22611ms)
✔ attraction free change never silently accepts a newly introduced charge (0.187933ms)
(node:105) [MODULE_TYPELESS_PACKAGE_JSON] Warning: Module type of file:///workspace/scratch/af00ce8c656d/go-preparation/restored-depth35/mobile/go-app/src/domain/tripFacts.ts is not specified and it doesn't parse as CommonJS.
Reparsing as ES module because module syntax was detected. This incurs a performance overhead.
To eliminate this warning, add "type": "module" to /workspace/scratch/af00ce8c656d/go-preparation/restored-depth35/mobile/go-app/package.json.
(Use `node --trace-warnings ...` to show where the warning was created)
✔ Direct navigation preserves the owned reservation identity (1.461761ms)
✔ Direct details read only the canonical reservation and matching events (0.358549ms)
✔ Direct mismatched or missing records cannot display confirmation (0.576007ms)
(node:127) [MODULE_TYPELESS_PACKAGE_JSON] Warning: Module type of file:///workspace/scratch/af00ce8c656d/go-preparation/restored-depth35/mobile/go-app/src/domain/orderActions.ts is not specified and it doesn't parse as CommonJS.
Reparsing as ES module because module syntax was detected. This incurs a performance overhead.
To eliminate this warning, add "type": "module" to /workspace/scratch/af00ce8c656d/go-preparation/restored-depth35/mobile/go-app/package.json.
(Use `node --trace-warnings ...` to show where the warning was created)
✔ hotel cancellation sends the displayed quote identity without silently creating another quote (3.609234ms)
✔ hotel server rejects a stale accepted quote without replacing it or retrying cancellation (1.185825ms)
✔ hotel malformed, expired or foreign accepted quote cannot send cancellation (3.58613ms)
(node:134) [MODULE_TYPELESS_PACKAGE_JSON] Warning: Module type of file:///workspace/scratch/af00ce8c656d/go-preparation/restored-depth35/mobile/go-app/src/domain/orderActions.ts is not specified and it doesn't parse as CommonJS.
Reparsing as ES module because module syntax was detected. This incurs a performance overhead.
To eliminate this warning, add "type": "module" to /workspace/scratch/af00ce8c656d/go-preparation/restored-depth35/mobile/go-app/package.json.
(Use `node --trace-warnings ...` to show where the warning was created)
✔ HOTEL: payment binds fresh amount and re-reads the same order after lost response (4.033343ms)
✔ HOTEL: changed amount and unavailable channel cannot execute payment (1.194749ms)
✔ HOTEL: refund confirms quoted amount, submits once and does not invent refunded state (1.489633ms)
✔ HOTEL: changed refund terms need reconfirmation before any cancellation (1.467379ms)
✔ FLIGHT: payment binds fresh amount and re-reads the same order after lost response (0.737411ms)
✔ FLIGHT: changed amount and unavailable channel cannot execute payment (0.223016ms)
✔ FLIGHT: refund confirms quoted amount, submits once and does not invent refunded state (0.355515ms)
✔ FLIGHT: changed refund terms need reconfirmation before any cancellation (0.1865ms)
✔ RAIL: payment binds fresh amount and re-reads the same order after lost response (0.164498ms)
✔ RAIL: changed amount and unavailable channel cannot execute payment (0.208353ms)
✔ RAIL: refund confirms quoted amount, submits once and does not invent refunded state (0.234162ms)
✔ RAIL: changed refund terms need reconfirmation before any cancellation (0.132059ms)
✔ RENTAL: payment binds fresh amount and re-reads the same order after lost response (0.214664ms)
✔ RENTAL: changed amount and unavailable channel cannot execute payment (0.204568ms)
✔ RENTAL: refund confirms quoted amount, submits once and does not invent refunded state (0.25926ms)
✔ RENTAL: changed refund terms need reconfirmation before any cancellation (0.162194ms)
✔ RIDE: payment binds fresh amount and re-reads the same order after lost response (0.257638ms)
✔ RIDE: changed amount and unavailable channel cannot execute payment (0.156065ms)
✔ RIDE: refund confirms quoted amount, submits once and does not invent refunded state (0.288304ms)
✔ RIDE: changed refund terms need reconfirmation before any cancellation (0.125379ms)
✔ ATTRACTION: payment binds fresh amount and re-reads the same order after lost response (0.188484ms)
✔ ATTRACTION: changed amount and unavailable channel cannot execute payment (1.261099ms)
✔ ATTRACTION: refund confirms quoted amount, submits once and does not invent refunded state (0.295014ms)
✔ ATTRACTION: changed refund terms need reconfirmation before any cancellation (0.116004ms)
✔ identity substitution and concurrent payment submission are blocked (0.39799ms)
✔ screen/session change prevents a mutation after read-only preflight (0.144608ms)
✔ all six booking intents use explicit vault identities with stable keys and no fabricated people (2.78286ms)
✔ portable request fingerprint matches standard SHA-256 for Unicode and block boundaries (1.080858ms)
(node:141) [MODULE_TYPELESS_PACKAGE_JSON] Warning: Module type of file:///workspace/scratch/af00ce8c656d/go-preparation/restored-depth35/mobile/go-app/src/api/transport.ts is not specified and it doesn't parse as CommonJS.
Reparsing as ES module because module syntax was detected. This incurs a performance overhead.
To eliminate this warning, add "type": "module" to /workspace/scratch/af00ce8c656d/go-preparation/restored-depth35/mobile/go-app/package.json.
(Use `node --trace-warnings ...` to show where the warning was created)
✔ logout immediately invalidates old UI and blocks orders while remote revocation is pending (4.215587ms)
✔ read started before logout cannot return old account data (1.171394ms)
✔ clear blocks stale stored credentials before slow deletion completes (6.547072ms)
✔ logout supersedes a login waiting for secure storage without dispatching login (0.965453ms)
✔ late failed logout cannot clear a later successful account login (1.731036ms)
✔ missing refresh token after 401 invalidates the authenticated UI (1.047377ms)
✔ 401 after successful refresh invalidates the session without a third request (1.379627ms)
✔ a permission denial does not clear an otherwise valid account (1.971569ms)
✔ a broken UI subscriber cannot prevent token clearing or other subscribers (0.288114ms)
✔ failed token persistence cannot expose a partially saved login to requests (0.916801ms)
✔ temporary refresh outage preserves the session and never retries the business mutation (0.56439ms)
✔ a successful HTTP response without revocation evidence is not remote logout success (0.472852ms)
(node:142) [MODULE_TYPELESS_PACKAGE_JSON] Warning: Module type of file:///workspace/scratch/af00ce8c656d/go-preparation/restored-depth35/mobile/go-app/src/api/transport.ts is not specified and it doesn't parse as CommonJS.
Reparsing as ES module because module syntax was detected. This incurs a performance overhead.
To eliminate this warning, add "type": "module" to /workspace/scratch/af00ce8c656d/go-preparation/restored-depth35/mobile/go-app/package.json.
(Use `node --trace-warnings ...` to show where the warning was created)
✔ concurrent expired mutations share one refresh and retain each original idempotency key/body (7.801226ms)
✔ a mutation with lost response is uncertain and is never automatically retried (1.452156ms)
✔ account change discards pending reads and refresh tokens from the old account (1.984328ms)
✔ refresh rejection invalidates current session and notifies the UI (5.673312ms)
✔ logout revokes remotely and still clears locally after a transport failure (0.710009ms)
✔ a previous logout cannot clear a newly logged-in account (1.123111ms)
✔ only chosen API-relative paths are requested and caller auth cannot override the session (0.851693ms)
✔ aborted mutations before dispatch are known not sent; malformed successful responses are uncertain (0.801296ms)
(node:153) [MODULE_TYPELESS_PACKAGE_JSON] Warning: Module type of file:///workspace/scratch/af00ce8c656d/go-preparation/restored-depth35/mobile/go-app/src/domain/tripFacts.ts is not specified and it doesn't parse as CommonJS.
Reparsing as ES module because module syntax was detected. This incurs a performance overhead.
To eliminate this warning, add "type": "module" to /workspace/scratch/af00ce8c656d/go-preparation/restored-depth35/mobile/go-app/package.json.
(Use `node --trace-warnings ...` to show where the warning was created)
✔ native navigation binds all six verticals to an owned canonical identity (2.070517ms)
✔ native check-in renders each passenger and leg independently (0.699773ms)
✔ missing, stale, duplicate, future or wrong-order check-in evidence is unverified (0.440663ms)
✔ only safe HTTPS links are offered by native travel facts (0.225961ms)
✔ native rental details never request ride tracking (0.371229ms)
✔ ride tracking failure cannot hide the existing ride order (0.253872ms)
✔ tracking and order identity mismatches cannot render another order (0.533583ms)
✔ rail order preserves party, immutable prebook and original total through payment cancellation (3.533751ms)
✔ attraction order uses the quoted slot, quantity and prebook and shows eligibility (0.762748ms)
✔ cancelling confirmation step 1 never creates an order or payment (0.308735ms)
✔ cancelling confirmation step 2 never creates an order or payment (0.336457ms)
✔ cancelled party selection cannot reach order creation (0.314393ms)
✔ quote that expires during traveler selection cannot create or pay an order (0.746333ms)
✔ missing final consent never creates an order (3.824979ms)
✔ different people are required for every quoted place (1.04294ms)
✔ an uncertain payment still opens the existing order for recovery (0.697089ms)
✔ repeated clicks cannot start a second booking while confirmation is open (0.468365ms)
✔ mismatched total, journey or slot is refused before any traveler consent (0.408535ms)
✔ cancelling date selection never requests a quote or payment (2.661747ms)
✔ ride changes continue to use their separate workflow (0.950922ms)
✔ viewing a rental quote does not execute the change (1.005113ms)
✔ confirmed refund difference retains its sign and server quote identity (1.909205ms)
✔ unchecked amount consent blocks executing a displayed quote (1.486518ms)
✔ the shared amount formatter preserves cents on confirmation screens (17.733761ms)
✔ consumer: concurrent expired reads refresh once and preserve namespace (10.184284ms)
✔ consumer: a mutation without idempotency is never replayed after renewal (1.448941ms)
✔ consumer: an idempotent retry retains the original key and body (0.891292ms)
✔ consumer: failed refresh stops without retrying the operation (0.692593ms)
✔ console: concurrent expired reads refresh once and preserve namespace (8.625647ms)
✔ console: a mutation without idempotency is never replayed after renewal (0.925313ms)
✔ console: an idempotent retry retains the original key and body (0.802669ms)
✔ console: failed refresh stops without retrying the operation (0.760405ms)
✔ consumer logout failure preserves account and current page; success clears all private state (1.176802ms)
✔ console logout failure is surfaced instead of silently reporting success (1.287718ms)
✔ console requests work when randomUUID is unavailable in an HTTP preview (0.90979ms)
✔ console login binds the requested account type before establishing a session (0.725151ms)
✔ a changed console actor clears the stale UI and never refreshes or retries (0.825332ms)
✔ consumer: expired access can renew once to revoke its own session (2.449047ms)
✔ console: expired access can renew once to revoke its own session (0.717681ms)
✔ unverified check-in never exposes links or boarding passes (2.141434ms)
✔ per-traveler boarding pass appears only for the verified pass state (0.854877ms)
✔ invalid URL schemes and credentials do not become customer links (0.654295ms)
✔ unknown fleet outcome clearly separates confirmed and proposed times (0.648466ms)
✔ cancelled tracking confirmation sends no binding mutation (0.788608ms)
✔ checked consent sends exact displayed revision and server authority, never wait overrides (0.775017ms)
✔ missing consent prevents any tracking write (1.055079ms)
✔ no authorized source does not open an unusable confirmation dialog (0.587765ms)
✔ waiting protection is conditional and shows the actual event allowance (0.621015ms)
✔ late check-in response cannot populate a detached screen (11.286494ms)
✔ HOTEL_CATALOG: reopen the existing order without a new order or payment (2.208745ms)
✔ HOTEL_DIRECT: reopen the existing order without a new order or payment (1.161198ms)
✔ FLIGHT: reopen the existing order without a new order or payment (0.540824ms)
✔ RAIL: reopen the existing order without a new order or payment (0.555005ms)
✔ RIDE: reopen the existing order without a new order or payment (0.838552ms)
✔ RENTAL: reopen the existing order without a new order or payment (0.668036ms)
✔ ATTRACTION: reopen the existing order without a new order or payment (1.306417ms)
✔ untrusted evidence URLs and unsupported identities never select an endpoint (0.7441ms)
✔ card output escapes content and uses current canonical status (0.689609ms)
✔ an order response cannot populate a different order or vertical (2.259132ms)
✔ late order response cannot overwrite a new screen (5.012778ms)
✔ continuing payment re-reads amount and uses the original order only (1.190943ms)
✔ already paid or expired orders cannot invoke payment from a stale card (2.241965ms)
✔ payment timeout reads the same order and never silently resends (1.129181ms)
✔ leaving before the fresh order read prevents a payment dialog (0.73748ms)
✔ real app dispatch uses every existing enriched order renderer (3.386569ms)
✔ closing permission confirmation sends no permission mutation (4.325883ms)
✔ source disconnect remains explicit and retains server-directed semantics (2.56999ms)
✔ person edit binds the displayed revision and leaves a blank birth date untouched (1.549193ms)
✔ sensitive import inspection happens only after explicit confirmation, with no implicit acceptance (5.004185ms)
✔ untrusted imported content is escaped before display (1.260638ms)
✔ duplicate submits during a pending mutation call the server once (1.213317ms)
✔ import reassignment binds traveler and item revision and does not accept content (1.094337ms)
✔ RAIL cancellation requires explicit confirmation (2.136567ms)
✔ RAIL response loss still reloads persisted order (0.90306ms)
✔ RAIL paid or uncertain orders cannot open unpaid cancellation (2.754457ms)
✔ ATTRACTION cancellation requires explicit confirmation (0.6842ms)
✔ ATTRACTION response loss still reloads persisted order (0.845613ms)
✔ ATTRACTION paid or uncertain orders cannot open unpaid cancellation (2.870361ms)
✔ new unpaid reservation displays its frozen UTC deadline (1.389552ms)
✔ legacy orders never receive a fabricated deadline (0.198979ms)
✔ expiry display relies on persisted server state instead of browser clock (0.193922ms)
✔ started and uncertain payment keeps its reservation message (0.530289ms)
✔ RAIL: opening recovery does not send a refund until confirmed (2.31839ms)
✔ RAIL: failed response still reloads persisted order state (1.053887ms)
✔ ATTRACTION: opening recovery does not send a refund until confirmed (0.66439ms)
✔ ATTRACTION: failed response still reloads persisted order state (0.654816ms)
✔ busy recovery gives a customer message and refreshes the existing order (0.728366ms)
✔ rail interrupted change confirms the original quote instead of creating another (0.869139ms)
ℹ tests 239
ℹ suites 0
ℹ pass 239
ℹ fail 0
ℹ cancelled 0
ℹ skipped 0
ℹ todo 0
ℹ duration_ms 565.452085
