(node:13) [MODULE_TYPELESS_PACKAGE_JSON] Warning: Module type of file:///workspace/scratch/af00ce8c656d/go-working/mobile/go-app/src/api/transport.ts is not specified and it doesn't parse as CommonJS.
Reparsing as ES module because module syntax was detected. This incurs a performance overhead.
To eliminate this warning, add "type": "module" to /workspace/scratch/af00ce8c656d/go-working/mobile/go-app/package.json.
(Use `node --trace-warnings ...` to show where the warning was created)
✖ logout immediately invalidates old UI and blocks orders while remote revocation is pending (9.105844ms)
✖ read started before logout cannot return old account data (1.408076ms)
✖ clear blocks stale stored credentials before slow deletion completes (6.705346ms)
✖ logout supersedes a login waiting for secure storage without dispatching login (1.02538ms)
✔ late failed logout cannot clear a later successful account login (1.183008ms)
✖ missing refresh token after 401 invalidates the authenticated UI (1.167534ms)
✖ 401 after successful refresh invalidates the session without a third request (0.948155ms)
✔ a permission denial does not clear an otherwise valid account (0.374844ms)
✖ a broken UI subscriber cannot prevent token clearing or other subscribers (0.427993ms)
✖ failed token persistence cannot expose a partially saved login to requests (2.285294ms)
ℹ tests 10
ℹ suites 0
ℹ pass 2
ℹ fail 8
ℹ cancelled 0
ℹ skipped 0
ℹ todo 0
ℹ duration_ms 132.973005

✖ failing tests:

test at go-working/tests_frontend/mobile_session_transition.test.mjs:14:1
✖ logout immediately invalidates old UI and blocks orders while remote revocation is pending (9.105844ms)
  AssertionError [ERR_ASSERTION]: The expression evaluated to a falsy value:
  
    assert.ok(immediate.version>before)
  
      at TestContext.<anonymous> (file:///workspace/scratch/af00ce8c656d/go-working/tests_frontend/mobile_session_transition.test.mjs:21:10)
      at process.processTicksAndRejections (node:internal/process/task_queues:104:5)
      at async Test.run (node:internal/test_runner/test:1389:7)
      at async startSubtestAfterBootstrap (node:internal/test_runner/harness:387:3) {
    generatedMessage: true,
    code: 'ERR_ASSERTION',
    actual: false,
    expected: true,
    operator: '==',
    diff: 'simple'
  }

test at go-working/tests_frontend/mobile_session_transition.test.mjs:25:1
✖ read started before logout cannot return old account data (1.408076ms)
  AssertionError [ERR_ASSERTION]: Expected values to be strictly equal:
  + actual - expected
  
  + undefined
  - 'SESSION_CHANGED'
  
      at TestContext.<anonymous> (file:///workspace/scratch/af00ce8c656d/go-working/tests_frontend/mobile_session_transition.test.mjs:29:10)
      at process.processTicksAndRejections (node:internal/process/task_queues:104:5)
      at async Test.run (node:internal/test_runner/test:1389:7)
      at async Test.processPendingSubtests (node:internal/test_runner/test:960:7) {
    generatedMessage: true,
    code: 'ERR_ASSERTION',
    actual: undefined,
    expected: 'SESSION_CHANGED',
    operator: 'strictEqual',
    diff: 'simple'
  }

test at go-working/tests_frontend/mobile_session_transition.test.mjs:31:1
✖ clear blocks stale stored credentials before slow deletion completes (6.705346ms)
  AssertionError [ERR_ASSERTION]: Expected values to be strictly equal:
  
  1 !== 0
  
      at TestContext.<anonymous> (file:///workspace/scratch/af00ce8c656d/go-working/tests_frontend/mobile_session_transition.test.mjs:34:48)
      at async Test.run (node:internal/test_runner/test:1389:7)
      at async Test.processPendingSubtests (node:internal/test_runner/test:960:7) {
    generatedMessage: true,
    code: 'ERR_ASSERTION',
    actual: 1,
    expected: 0,
    operator: 'strictEqual',
    diff: 'simple'
  }

test at go-working/tests_frontend/mobile_session_transition.test.mjs:37:1
✖ logout supersedes a login waiting for secure storage without dispatching login (1.02538ms)
  AssertionError [ERR_ASSERTION]: Expected values to be strictly equal:
  
  1 !== 0
  
      at TestContext.<anonymous> (file:///workspace/scratch/af00ce8c656d/go-working/tests_frontend/mobile_session_transition.test.mjs:41:57)
      at async Test.run (node:internal/test_runner/test:1389:7)
      at async Test.processPendingSubtests (node:internal/test_runner/test:960:7) {
    generatedMessage: true,
    code: 'ERR_ASSERTION',
    actual: 1,
    expected: 0,
    operator: 'strictEqual',
    diff: 'simple'
  }

test at go-working/tests_frontend/mobile_session_transition.test.mjs:48:1
✖ missing refresh token after 401 invalidates the authenticated UI (1.167534ms)
  AssertionError [ERR_ASSERTION]: The input did not match the regular expression /SESSION_EXPIRED/. Input:
  
  'RequestError: HTTP_401'
  
      at async TestContext.<anonymous> (file:///workspace/scratch/af00ce8c656d/go-working/tests_frontend/mobile_session_transition.test.mjs:50:3)
      at async Test.run (node:internal/test_runner/test:1389:7)
      at async Test.processPendingSubtests (node:internal/test_runner/test:960:7) {
    generatedMessage: true,
    code: 'ERR_ASSERTION',
    actual: RequestError: HTTP_401
        at Object.request (file:///workspace/scratch/af00ce8c656d/go-working/mobile/go-app/src/api/transport.ts:91:13)
        at async waitForActual (node:assert:646:5)
        at async strict.rejects (node:assert:769:25)
        at async TestContext.<anonymous> (file:///workspace/scratch/af00ce8c656d/go-working/tests_frontend/mobile_session_transition.test.mjs:50:3)
        at async Test.run (node:internal/test_runner/test:1389:7)
        at async Test.processPendingSubtests (node:internal/test_runner/test:960:7),
    expected: /SESSION_EXPIRED/,
    operator: 'rejects',
    diff: 'simple'
  }

test at go-working/tests_frontend/mobile_session_transition.test.mjs:52:1
✖ 401 after successful refresh invalidates the session without a third request (0.948155ms)
  AssertionError [ERR_ASSERTION]: The input did not match the regular expression /SESSION_EXPIRED/. Input:
  
  'RequestError: HTTP_401'
  
      at async TestContext.<anonymous> (file:///workspace/scratch/af00ce8c656d/go-working/tests_frontend/mobile_session_transition.test.mjs:54:3)
      at async Test.run (node:internal/test_runner/test:1389:7)
      at async Test.processPendingSubtests (node:internal/test_runner/test:960:7) {
    generatedMessage: true,
    code: 'ERR_ASSERTION',
    actual: RequestError: HTTP_401
        at Object.request (file:///workspace/scratch/af00ce8c656d/go-working/mobile/go-app/src/api/transport.ts:91:13)
        at async waitForActual (node:assert:646:5)
        at async strict.rejects (node:assert:769:25)
        at async TestContext.<anonymous> (file:///workspace/scratch/af00ce8c656d/go-working/tests_frontend/mobile_session_transition.test.mjs:54:3)
        at async Test.run (node:internal/test_runner/test:1389:7)
        at async Test.processPendingSubtests (node:internal/test_runner/test:960:7),
    expected: /SESSION_EXPIRED/,
    operator: 'rejects',
    diff: 'simple'
  }

test at go-working/tests_frontend/mobile_session_transition.test.mjs:61:1
✖ a broken UI subscriber cannot prevent token clearing or other subscribers (0.427993ms)
  Error: unmounted UI
      at file:///workspace/scratch/af00ce8c656d/go-working/tests_frontend/mobile_session_transition.test.mjs:62:86
      at Object.clear (file:///workspace/scratch/af00ce8c656d/go-working/mobile/go-app/src/api/transport.ts:26:86)
      at TestContext.<anonymous> (file:///workspace/scratch/af00ce8c656d/go-working/tests_frontend/mobile_session_transition.test.mjs:63:21)
      at Test.runInAsyncScope (node:async_hooks:227:14)
      at Test.run (node:internal/test_runner/test:1382:25)
      at Test.processPendingSubtests (node:internal/test_runner/test:960:18)
      at Test.postRun (node:internal/test_runner/test:1522:19)
      at Test.run (node:internal/test_runner/test:1447:12)
      at async Test.processPendingSubtests (node:internal/test_runner/test:960:7)

test at go-working/tests_frontend/mobile_session_transition.test.mjs:65:1
✖ failed token persistence cannot expose a partially saved login to requests (2.285294ms)
  AssertionError [ERR_ASSERTION]: Missing expected rejection.
      at async TestContext.<anonymous> (file:///workspace/scratch/af00ce8c656d/go-working/tests_frontend/mobile_session_transition.test.mjs:68:3)
      at async Test.run (node:internal/test_runner/test:1389:7)
      at async Test.processPendingSubtests (node:internal/test_runner/test:960:7) {
    generatedMessage: false,
    code: 'ERR_ASSERTION',
    actual: undefined,
    expected: /SESSION_EXPIRED/,
    operator: 'rejects',
    diff: 'simple'
  }
