F.
=================================== FAILURES ===================================
_ test_success_audit_commit_failure_finalizes_failed_without_repeating_compute _

audit_session = sessionmaker(class_='Session', bind=Engine(sqlite+pysqlite:////tmp/pytest-of-root/pytest-1/test_success_audit_commit_fail0/c08-audit.sqlite), autoflush=True, expire_on_commit=False)

    def test_success_audit_commit_failure_finalizes_failed_without_repeating_compute(audit_session):
        class CountingProvider(SynthesisProvider):
            calls = 0
    
            def generate(self, request):
                self.calls += 1
                return super().generate(request)
    
        provider = CountingProvider()
        service = service_module.GOAIService(GOAIProviderRegistry([provider]))
        injected = []
    
        def fail_success_commit_once(session):
            if not injected and any(isinstance(row, GoAIRequestRow) and row.state == "COMPLETED" for row in session.dirty):
                injected.append("success_commit_failed")
                raise RuntimeError("ISOLATED_AUDIT_COMMIT_FAILURE")
    
        event.listen(audit_session, "before_commit", fail_success_commit_once)
        try:
            with pytest.raises(RuntimeError, match="ISOLATED_AUDIT_COMMIT_FAILURE"):
                service.orchestrate(message="Hello", account_id="c08_owner")
        finally:
            event.remove(audit_session, "before_commit", fail_success_commit_once)
    
        assert injected == ["success_commit_failed"]
        assert provider.calls == 2  # One subtask plus synthesis; neither repeated.
        with audit_session() as session:
            request = session.scalar(select(GoAIRequestRow))
>           assert request.state == "FAILED"
E           AssertionError: assert 'ROUTING' == 'FAILED'
E             
E             - FAILED
E             + ROUTING

tests/go_ai/test_c08_audit_commit_failure.py:41: AssertionError
=========================== short test summary info ============================
FAILED tests/go_ai/test_c08_audit_commit_failure.py::test_success_audit_commit_failure_finalizes_failed_without_repeating_compute
