✔ HTTP helper retains CSRF together with idempotency header (3.244901ms)
✔ Escape cancels traveler selection without authorizing or creating an order (9.623282ms)
✔ rental consent is bound to the selected traveler, field and purpose (2.11208ms)
✔ payment is cancelled without any checkout mutation (1.578293ms)
✔ a failed confirmed payment stays visible and can be retried (1.4037ms)
✔ cancelling a party selection creates no order or grant (1.562439ms)
✔ a party must contain the exact number of different travelers (1.610923ms)
✔ party confirmation returns only the explicitly selected traveler references (1.437681ms)
✔ party selection cannot submit without confirming adult travelers and purpose (1.424461ms)
✔ consumer uses locked V14 main and compact artwork with responsive selection (1.785606ms)
✔ supplier and admin share the locked reverse V14 compact lockup (1.067603ms)
✔ all three entry documents advance cache tokens together (0.338351ms)
✔ GO subbrands use V14 geometry with a deliberately recessive GO tier (0.33771ms)
✔ legacy runtime asset names also resolve to locked V14 geometry (0.449218ms)
(node:14) [MODULE_TYPELESS_PACKAGE_JSON] Warning: Module type of file:///workspace/scratch/cdb63add4518/go/application/mobile/go-app/src/domain/tripFacts.ts is not specified and it doesn't parse as CommonJS.
Reparsing as ES module because module syntax was detected. This incurs a performance overhead.
To eliminate this warning, add "type": "module" to /workspace/scratch/cdb63add4518/go/application/mobile/go-app/package.json.
(Use `node --trace-warnings ...` to show where the warning was created)
✔ web trip keeps original and requested dates separate while supplement is pending (3.376669ms)
✔ native trip shows pending money honestly and completed refund total (1.133071ms)
✔ supplier workbench displays the same cumulative payment summary (3.737854ms)
✔ cancel review shows every cash component and exact fee basis before submission (14.849514ms)
✔ closing cancel review never sends cancellation or reloads as completed (0.864957ms)
✔ unchecked money confirmation cannot submit a cash action (1.085389ms)
✔ change confirmation shows positive difference, free change and fixed original deadline (0.928412ms)
✔ cancelled date selection does not request new inventory or a payment (0.66863ms)
✔ displayed quote hash stays bound across asynchronous source mutation (0.793549ms)
✔ unknown supplier progress offers query only and binds the saved operation (0.801391ms)
✔ cancel confirmed and refund pending remain distinct in the customer progress card (1.215125ms)
✔ credit conversion waits for explicit quoted consent and does not claim an unknown cancellation succeeded (5.291131ms)
✔ canceling traveler selection sends no redemption or automatic identity (1.336749ms)
✔ redemption network retry binds the same quote and explicitly selected traveler (3.341405ms)
✔ unknown booking and pending refund remain distinct from completed credit restoration (1.043707ms)
✔ canceling a supplementary payment dialog re-enables the action (18.797997ms)
✔ conversion separates prior cash refunds and forfeiture from retained credit (1.349368ms)
✔ forfeiture conversion confirmation stays bound to the displayed quote after source object changes (2.520246ms)
✔ credit detail keeps original excluded value visible after redemption changes (0.964878ms)
✔ historical credit without a forfeiture breakdown never renders invalid amounts (1.09254ms)
✔ conversion displays the fixed credit deadline instead of promising a fresh year (1.201975ms)
✔ fare confirmation separates fee tiers, cooling, change and property credit terms (3.012599ms)
✔ cancelling fare confirmation has no accepted contract (1.029645ms)
✔ accepted hash remains bound to the rules displayed before asynchronous state changes (0.755601ms)
✔ declining hotel rules never selects or authorizes a traveler or creates an order (1.563041ms)
✔ accepted hotel contract is included with selected traveler and stable booking request identity (0.911576ms)
✔ supplier money and percentage inputs use exact minor units (2.329006ms)
✔ supplier lost-response retry keeps request identity and sends only the claimed cause (3.497962ms)
✔ supplier duplicate clicks while a request is pending cannot create another request (1.373134ms)
✔ unknown supplier cancellation shows approved refund waiting for confirmation, without a resend button (19.966581ms)
✔ cross-month range stays in one two-step selection (0.936184ms)
✔ reverse second choice becomes the new start and still requires an end (0.151369ms)
✔ hotel same-day is incomplete while rental same-day is allowed (0.123456ms)
✔ single-date verticals remain native business exceptions (0.942444ms)
✔ mobile picker is a full-width bottom sheet with touch-size controls (0.433745ms)
✔ range day clicks never close the dialog and confirmation starts disabled (0.210588ms)
✔ hotel funds distinguish frozen, charged, released and refunded cent amounts (13.836354ms)
✔ only approved pending refunds expose retry and all server labels are escaped (0.616221ms)
✔ unknown funding shows reconciliation instead of a false payment claim (0.427957ms)
✔ trip links only open the exact canonical owned direct-reservation path (0.251049ms)
✔ closing a stay complaint form makes no request (1.160343ms)
✔ complaint retries reuse the same request identity and have no refund approval fields (1.515399ms)
✔ blank complaints and duplicate submission clicks cannot send extra requests (0.817825ms)
✔ closing hotel authorization leaves funds untouched (1.852758ms)
✔ hotel checkout requires confirmation and binds the complete stay amount (1.454287ms)
✔ a second click cannot create another hotel authorization while the first is pending (0.743854ms)
✔ a failed hotel authorization remains visible and can be retried (0.76783ms)
✔ conversion clearly shows capture and value and closing does not convert (20.175537ms)
✔ conversion retry keeps original quote, amount and original expiry (1.867449ms)
✔ redemption uses server quote policy and displays forfeiture before consent (1.313103ms)
✔ redemption confirms a fresh traveler and only releases hotel fields (1.444031ms)
✔ double click and Escape cannot duplicate or dismiss pending redemption (14.709433ms)
✔ credit list filters property and disables frozen, expired or reconciliation credits (1.29807ms)
✔ a cancellation quote never cancels a booking and closing preserves it (25.175267ms)
✔ fee consent binds the server quote and keeps frozen release separate from cash refund (2.495359ms)
✔ interrupted cancellation retry uses exactly the same quote and fee (1.776943ms)
✔ double clicks cannot settle twice while a cancellation is pending (1.463479ms)
✔ unavailable fare actions have no executable buttons and rule text is escaped (1.427175ms)
✔ date changes quote first and require fresh consent after editing dates (2.683783ms)
✔ extension keeps check-in fixed and explains replacement authorization (1.427796ms)
✔ selected return leg has separate quote and exact confirmation, then reloads original order (23.540498ms)
✔ closing dialog 1 never executes a change (1.302878ms)
✔ closing dialog 2 never executes a change (1.22504ms)
✔ mismatched or invalid quote cannot execute {"order_id":"other"} (0.997116ms)
✔ mismatched or invalid quote cannot execute {"changes":[{"leg_index":0,"new_departure_date":"2099-10-12"}]} (1.071969ms)
✔ mismatched or invalid quote cannot execute {"quote_hash":"bad"} (0.971317ms)
✔ mismatched or invalid quote cannot execute {"total_due_minor":1.5} (0.950305ms)
✔ mismatched or invalid quote cannot execute {"currency":"USD"} (0.968622ms)
✔ unknown result reloads and does not repeat the financial request (3.32387ms)
✔ no date changes cannot request a quote (4.329688ms)
✔ GO Trip shows all states, searches owned rows, opens the filtered order and restores all (2.154063ms)
✔ legacy hotel return opens the same all-order GO Trip (0.66211ms)
✔ independent review requires an explicit checked attestation and chosen proof (1.577452ms)
✔ review submits the exact evidence snapshot and no caller-selected money (0.860129ms)
✔ customer sees completed original refund separately from pending extra payment (15.192657ms)
✔ unapproved guest liability is a review hold without a refund promise or pay button (0.258871ms)
✔ zero captured payment explains authorization release and completed case has no retry (0.488628ms)
✔ finance entry converts decimal currency without fractional cents or silent rounding (0.561427ms)
✔ restricted form accepts updated valid public facts without whole-file hash (3.824775ms)
✔ wrong hotel, types, URL and phone/email are rejected (1.157988ms)
✔ readonly principal sends no writes (1.864295ms)
✔ normal form writes two truthful sources and events-only email (13.928763ms)
✔ higher official address is retained and supplementary source snapshot recorded (6.023085ms)
✔ higher-ranked same phone is reused without source downgrade (2.725076ms)
✔ suppression or incompatible stronger purpose prevents write (1.954271ms)
✔ changed profile after preview requires re-review before writes (2.193462ms)
✔ repeat unchanged form keeps stable source identity and no duplicate contacts (5.931577ms)
✔ general-reservations misclassification fails final verification (3.467696ms)
✔ same-grade higher confidence phone is not downgraded (2.984617ms)
✔ user supplied Ctrip mailbox has separate attributed snapshot and GENERAL purpose (5.96681ms)
✔ updated attributed email remains configurable without new release (2.535669ms)
✔ tampered attribution snapshot stops before remaining source writes (6.506285ms)
✔ public email cannot masquerade as the weddings email or inject markup (0.845126ms)
✔ email local parts reject terminal dot and more than 64 characters (0.742241ms)
✔ exact Hyatt plan admitted; changes, wrong hotel and invented kwargs rejected (36.042057ms)
✔ readonly user and unreviewed plans never write (10.208015ms)
✔ 40 images including hero are metadata-checked without rights/publication/room writes (10.088224ms)
✔ existing reviewed gallery assets are reused without POST (9.513206ms)
✔ lost harvest response resumes by querying index instead of duplicating (8.240784ms)
✔ harvest mismatch stops immediately and does not pretend indexed row rolled back (6.942473ms)
✔ wrong existing hash or duplicate source records stop before write (12.33029ms)
✔ missing index readback stops after first image (7.128976ms)
✔ public or room-bound asset is never silently reused (6.23799ms)
✔ fixed WebP content negotiation is sent on every actual harvest (11.629482ms)
✔ actual HK first WebP is reused and only remaining thirty-nine are harvested (9.589191ms)
✔ arbitrary or omitted request headers and wrong expected hash reject before API calls (17.999862ms)
✔ legacy JPEG reviewed plan is rejected without network writes (2.475578ms)
✔ hero role is preserved and gallery substitution cannot be reused (5.13834ms)
✔ previous reviewed 21-image plan remains preserved but cannot execute as expanded 40 (3.279953ms)
✔ only exact reviewed JSON is accepted, IDs and media boundaries retained (13.81402ms)
✔ readonly account never sends a write (7.246773ms)
✔ scope and higher-priority conflicts stop before UNPUBLISH or ingest (4.137979ms)
✔ unreviewed objects cannot call the import runner (1.11934ms)
✔ approved flow uses only unpublish + three existing ingest APIs, then readback (4.42358ms)
✔ partial failures stop subsequent imports and do not report success (2.838576ms)
✔ incorrect merged facts fail final readback (3.368757ms)
✔ scope preview is readonly and activation verifies all 112 archived records (4.590813ms)
✔ readonly or running-job scope does not write (1.95417ms)
✔ scope fingerprint drift refuses activation without writing (1.633056ms)
✔ scope readback leak is not reported as success (1.892929ms)
✔ known anomaly codes are translated and unknown codes are not displayed (0.889903ms)
✔ hotel detail requests the chosen stay and currency and excludes mixed historical quotes (4.551443ms)
✔ a stale selection cannot start prebooking for another date or currency (1.071789ms)
✔ the accepted same-stay offer supplies the prebooking currency and review data (0.931707ms)
✔ a late hotel response cannot overwrite the next search (0.877215ms)
✔ missing dates or a mismatched hotel response cannot show bookable offers (1.792437ms)
✔ local build preserves development API and unrelated Expo config (1.278811ms)
✔ preview and production require an explicit API binding (0.806438ms)
✔ external builds reject loopback, placeholder, plaintext and credential URLs (0.796774ms)
✔ explicit HTTPS build API reaches the same extra field consumed by client.ts (0.296228ms)
✔ existing environment names and release metadata remain compatible (1.077908ms)
(node:169) [MODULE_TYPELESS_PACKAGE_JSON] Warning: Module type of file:///workspace/scratch/cdb63add4518/go/application/mobile/go-app/src/domain/changeActions.ts is not specified and it doesn't parse as CommonJS.
Reparsing as ES module because module syntax was detected. This incurs a performance overhead.
To eliminate this warning, add "type": "module" to /workspace/scratch/cdb63add4518/go/application/mobile/go-app/package.json.
(Use `node --trace-warnings ...` to show where the warning was created)
✔ HOTEL: explicit confirmation consumes one quote and reads original order (20.133144ms)
✔ HOTEL: expiry, edit and session changes prevent submission (0.930525ms)
✔ HOTEL: wrong identity or unavailable isolated channel cannot execute (1.405322ms)
✔ HOTEL: timeout is unknown and never auto-retried (5.616071ms)
✔ FLIGHT: explicit confirmation consumes one quote and reads original order (2.31101ms)
✔ FLIGHT: expiry, edit and session changes prevent submission (0.553726ms)
✔ FLIGHT: wrong identity or unavailable isolated channel cannot execute (0.206542ms)
✔ FLIGHT: timeout is unknown and never auto-retried (0.355658ms)
✔ RAIL: explicit confirmation consumes one quote and reads original order (0.363669ms)
✔ RAIL: expiry, edit and session changes prevent submission (0.593186ms)
✔ RAIL: wrong identity or unavailable isolated channel cannot execute (0.234204ms)
✔ RAIL: timeout is unknown and never auto-retried (0.193743ms)
✔ ATTRACTION: explicit confirmation consumes one quote and reads original order (0.456259ms)
✔ ATTRACTION: expiry, edit and session changes prevent submission (0.553135ms)
✔ ATTRACTION: wrong identity or unavailable isolated channel cannot execute (0.230318ms)
✔ ATTRACTION: timeout is unknown and never auto-retried (0.343359ms)
✔ RENTAL: explicit confirmation consumes one quote and reads original order (0.59616ms)
✔ RENTAL: expiry, edit and session changes prevent submission (1.489219ms)
✔ RENTAL: wrong identity or unavailable isolated channel cannot execute (0.46324ms)
✔ RENTAL: timeout is unknown and never auto-retried (0.229747ms)
✔ invalid replacement quote destroys old consent; dates are canonical (0.41035ms)
✔ double submit makes only one mutation (0.196737ms)
✔ multi-leg flight requires selection and binds the selected leg (0.421005ms)
(node:176) [MODULE_TYPELESS_PACKAGE_JSON] Warning: Module type of file:///workspace/scratch/cdb63add4518/go/application/mobile/go-app/src/domain/changeTerms.ts is not specified and it doesn't parse as CommonJS.
Reparsing as ES module because module syntax was detected. This incurs a performance overhead.
To eliminate this warning, add "type": "module" to /workspace/scratch/cdb63add4518/go/application/mobile/go-app/package.json.
(Use `node --trace-warnings ...` to show where the warning was created)
✔ hotel lower price discloses loss, no fee and original fixed deadline (17.786605ms)
✔ missing or inconsistent hotel financial terms are not confirmable (0.959289ms)
✔ flight and rail disclose transport identity and reject inconsistent fee sums (0.509339ms)
✔ rental lower cost specifies original payment and validates the rate calculation (0.332462ms)
✔ attraction free change never silently accepts a newly introduced charge (0.197498ms)
(node:200) [MODULE_TYPELESS_PACKAGE_JSON] Warning: Module type of file:///workspace/scratch/cdb63add4518/go/application/mobile/go-app/src/domain/tripFacts.ts is not specified and it doesn't parse as CommonJS.
Reparsing as ES module because module syntax was detected. This incurs a performance overhead.
To eliminate this warning, add "type": "module" to /workspace/scratch/cdb63add4518/go/application/mobile/go-app/package.json.
(Use `node --trace-warnings ...` to show where the warning was created)
✔ Direct navigation preserves the owned reservation identity (1.315486ms)
✔ Direct details read only the canonical reservation and matching events (0.72221ms)
✔ Direct mismatched or missing records cannot display confirmation (0.508078ms)
(node:206) [MODULE_TYPELESS_PACKAGE_JSON] Warning: Module type of file:///workspace/scratch/cdb63add4518/go/application/mobile/go-app/src/domain/orderActions.ts is not specified and it doesn't parse as CommonJS.
Reparsing as ES module because module syntax was detected. This incurs a performance overhead.
To eliminate this warning, add "type": "module" to /workspace/scratch/cdb63add4518/go/application/mobile/go-app/package.json.
(Use `node --trace-warnings ...` to show where the warning was created)
✔ hotel cancellation sends the displayed quote identity without silently creating another quote (2.381597ms)
✔ hotel server rejects a stale accepted quote without replacing it or retrying cancellation (0.760198ms)
✔ hotel malformed, expired or foreign accepted quote cannot send cancellation (0.63585ms)
(node:207) [MODULE_TYPELESS_PACKAGE_JSON] Warning: Module type of file:///workspace/scratch/cdb63add4518/go/application/mobile/go-app/src/domain/orderActions.ts is not specified and it doesn't parse as CommonJS.
Reparsing as ES module because module syntax was detected. This incurs a performance overhead.
To eliminate this warning, add "type": "module" to /workspace/scratch/cdb63add4518/go/application/mobile/go-app/package.json.
(Use `node --trace-warnings ...` to show where the warning was created)
✔ HOTEL: payment binds fresh amount and re-reads the same order after lost response (4.010687ms)
✔ HOTEL: changed amount and unavailable channel cannot execute payment (0.88136ms)
✔ HOTEL: refund confirms quoted amount, submits once and does not invent refunded state (2.816743ms)
✔ HOTEL: changed refund terms need reconfirmation before any cancellation (0.512163ms)
✔ FLIGHT: payment binds fresh amount and re-reads the same order after lost response (0.408026ms)
✔ FLIGHT: changed amount and unavailable channel cannot execute payment (0.356509ms)
✔ FLIGHT: refund confirms quoted amount, submits once and does not invent refunded state (0.511161ms)
✔ FLIGHT: changed refund terms need reconfirmation before any cancellation (0.194413ms)
✔ RAIL: payment binds fresh amount and re-reads the same order after lost response (0.263197ms)
✔ RAIL: changed amount and unavailable channel cannot execute payment (0.370579ms)
✔ RAIL: refund confirms quoted amount, submits once and does not invent refunded state (1.29752ms)
✔ RAIL: changed refund terms need reconfirmation before any cancellation (0.202456ms)
✔ RENTAL: payment binds fresh amount and re-reads the same order after lost response (0.209416ms)
✔ RENTAL: changed amount and unavailable channel cannot execute payment (0.214744ms)
✔ RENTAL: refund confirms quoted amount, submits once and does not invent refunded state (0.426594ms)
✔ RENTAL: changed refund terms need reconfirmation before any cancellation (0.188164ms)
✖ RIDE: payment binds fresh amount and re-reads the same order after lost response (0.269808ms)
✖ RIDE: changed amount and unavailable channel cannot execute payment (0.876814ms)
✔ RIDE: refund confirms quoted amount, submits once and does not invent refunded state (0.338872ms)
✔ RIDE: changed refund terms need reconfirmation before any cancellation (0.247083ms)
✔ ATTRACTION: payment binds fresh amount and re-reads the same order after lost response (0.177898ms)
✔ ATTRACTION: changed amount and unavailable channel cannot execute payment (0.122084ms)
✔ ATTRACTION: refund confirms quoted amount, submits once and does not invent refunded state (1.644062ms)
✔ ATTRACTION: changed refund terms need reconfirmation before any cancellation (2.30454ms)
✔ identity substitution and concurrent payment submission are blocked (0.533355ms)
✔ screen/session change prevents a mutation after read-only preflight (0.767639ms)
✖ all six booking intents use explicit vault identities with stable keys and no fabricated people (2.479374ms)
✔ portable request fingerprint matches standard SHA-256 for Unicode and block boundaries (1.405663ms)
(node:213) [MODULE_TYPELESS_PACKAGE_JSON] Warning: Module type of file:///workspace/scratch/cdb63add4518/go/application/mobile/go-app/src/api/transport.ts is not specified and it doesn't parse as CommonJS.
Reparsing as ES module because module syntax was detected. This incurs a performance overhead.
To eliminate this warning, add "type": "module" to /workspace/scratch/cdb63add4518/go/application/mobile/go-app/package.json.
(Use `node --trace-warnings ...` to show where the warning was created)
✔ logout immediately invalidates old UI and blocks orders while remote revocation is pending (10.299303ms)
✔ read started before logout cannot return old account data (1.498503ms)
✔ clear blocks stale stored credentials before slow deletion completes (6.626757ms)
✔ logout supersedes a login waiting for secure storage without dispatching login (0.939879ms)
✔ late failed logout cannot clear a later successful account login (1.41709ms)
✔ missing refresh token after 401 invalidates the authenticated UI (0.890485ms)
✔ 401 after successful refresh invalidates the session without a third request (0.97357ms)
✔ a permission denial does not clear an otherwise valid account (0.831856ms)
✔ a broken UI subscriber cannot prevent token clearing or other subscribers (0.221685ms)
✔ failed token persistence cannot expose a partially saved login to requests (0.90727ms)
✔ temporary refresh outage preserves the session and never retries the business mutation (0.468578ms)
✔ a successful HTTP response without revocation evidence is not remote logout success (0.327304ms)
(node:232) [MODULE_TYPELESS_PACKAGE_JSON] Warning: Module type of file:///workspace/scratch/cdb63add4518/go/application/mobile/go-app/src/domain/stayCreditActions.ts is not specified and it doesn't parse as CommonJS.
Reparsing as ES module because module syntax was detected. This incurs a performance overhead.
To eliminate this warning, add "type": "module" to /workspace/scratch/cdb63add4518/go/application/mobile/go-app/package.json.
(Use `node --trace-warnings ...` to show where the warning was created)
✔ native conversion sends exactly the displayed quote and explicit consent (7.968974ms)
✔ native lost conversion response reads original order without resending cancellation (0.773168ms)
✔ native stale quote remains rejected and is never silently replaced (0.346173ms)
✔ native expired, cross-order, wrong-currency or renewed-year quote cannot submit (0.396519ms)
(node:238) [MODULE_TYPELESS_PACKAGE_JSON] Warning: Module type of file:///workspace/scratch/cdb63add4518/go/application/mobile/go-app/src/api/transport.ts is not specified and it doesn't parse as CommonJS.
Reparsing as ES module because module syntax was detected. This incurs a performance overhead.
To eliminate this warning, add "type": "module" to /workspace/scratch/cdb63add4518/go/application/mobile/go-app/package.json.
(Use `node --trace-warnings ...` to show where the warning was created)
✔ concurrent expired mutations share one refresh and retain each original idempotency key/body (5.279012ms)
✔ a mutation with lost response is uncertain and is never automatically retried (0.766738ms)
✔ account change discards pending reads and refresh tokens from the old account (1.293173ms)
✔ refresh rejection invalidates current session and notifies the UI (1.909874ms)
✔ logout revokes remotely and still clears locally after a transport failure (0.582219ms)
✔ a previous logout cannot clear a newly logged-in account (0.745276ms)
✔ only chosen API-relative paths are requested and caller auth cannot override the session (0.562119ms)
✔ aborted mutations before dispatch are known not sent; malformed successful responses are uncertain (0.498332ms)
(node:247) [MODULE_TYPELESS_PACKAGE_JSON] Warning: Module type of file:///workspace/scratch/cdb63add4518/go/application/mobile/go-app/src/domain/tripFacts.ts is not specified and it doesn't parse as CommonJS.
Reparsing as ES module because module syntax was detected. This incurs a performance overhead.
To eliminate this warning, add "type": "module" to /workspace/scratch/cdb63add4518/go/application/mobile/go-app/package.json.
(Use `node --trace-warnings ...` to show where the warning was created)
✔ native navigation binds all six verticals to an owned canonical identity (1.566075ms)
✔ native check-in renders each passenger and leg independently (0.466315ms)
✔ missing, stale, duplicate, future or wrong-order check-in evidence is unverified (0.262817ms)
✔ only safe HTTPS links are offered by native travel facts (0.161373ms)
✔ native rental details never request ride tracking (0.270779ms)
✔ ride tracking failure cannot hide the existing ride order (0.225841ms)
✔ tracking and order identity mismatches cannot render another order (0.53654ms)
✔ rail order preserves party, immutable prebook and original total through payment cancellation (2.977792ms)
✔ attraction order uses the quoted slot, quantity and prebook and shows eligibility (0.400345ms)
✔ cancelling confirmation step 1 never creates an order or payment (0.199251ms)
✔ cancelling confirmation step 2 never creates an order or payment (0.257138ms)
✔ cancelled party selection cannot reach order creation (0.248895ms)
✔ quote that expires during traveler selection cannot create or pay an order (0.637463ms)
✔ missing final consent never creates an order (0.31793ms)
✔ different people are required for every quoted place (0.266693ms)
✔ an uncertain payment still opens the existing order for recovery (0.389608ms)
✔ repeated clicks cannot start a second booking while confirmation is open (0.302917ms)
✔ mismatched total, journey or slot is refused before any traveler consent (0.257649ms)
✔ cancelling date selection never requests a quote or payment (2.194043ms)
✔ ride changes continue to use their separate workflow (0.683832ms)
✔ viewing a rental quote does not execute the change (0.707579ms)
✔ confirmed refund difference retains its sign and server quote identity (2.184078ms)
✔ unchecked amount consent blocks executing a displayed quote (1.015834ms)
✔ the shared amount formatter preserves cents on confirmation screens (13.25058ms)
✔ consumer: concurrent expired reads refresh once and preserve namespace (6.58218ms)
✔ consumer: a mutation without idempotency is never replayed after renewal (1.545804ms)
✔ consumer: an idempotent retry retains the original key and body (1.157959ms)
✔ consumer: failed refresh stops without retrying the operation (1.156076ms)
✔ console: concurrent expired reads refresh once and preserve namespace (3.480932ms)
✔ console: a mutation without idempotency is never replayed after renewal (1.080822ms)
✔ console: an idempotent retry retains the original key and body (1.169185ms)
✔ console: failed refresh stops without retrying the operation (1.035413ms)
✔ consumer logout failure preserves account and current page; success clears all private state (1.193793ms)
✔ console logout failure is surfaced instead of silently reporting success (1.303318ms)
✔ console requests work when randomUUID is unavailable in an HTTP preview (1.140472ms)
✔ console login binds the requested account type before establishing a session (0.88732ms)
✔ a changed console actor clears the stale UI and never refreshes or retries (0.808141ms)
✔ consumer: expired access can renew once to revoke its own session (1.602259ms)
✔ console: expired access can renew once to revoke its own session (0.923495ms)
✔ unverified check-in never exposes links or boarding passes (2.511152ms)
✔ per-traveler boarding pass appears only for the verified pass state (1.169115ms)
✔ invalid URL schemes and credentials do not become customer links (0.632886ms)
✔ unknown fleet outcome clearly separates confirmed and proposed times (0.791996ms)
✔ cancelled tracking confirmation sends no binding mutation (0.849262ms)
✔ checked consent sends exact displayed revision and server authority, never wait overrides (0.843203ms)
✔ missing consent prevents any tracking write (1.020421ms)
✔ no authorized source does not open an unusable confirmation dialog (0.596481ms)
✔ waiting protection is conditional and shows the actual event allowance (0.643392ms)
✔ late check-in response cannot populate a detached screen (7.397391ms)
✔ HOTEL_CATALOG: reopen the existing order without a new order or payment (3.33684ms)
✔ HOTEL_DIRECT: reopen the existing order without a new order or payment (1.594979ms)
✔ FLIGHT: reopen the existing order without a new order or payment (0.88721ms)
✔ RAIL: reopen the existing order without a new order or payment (0.762341ms)
✔ RIDE: reopen the existing order without a new order or payment (0.780568ms)
✔ RENTAL: reopen the existing order without a new order or payment (0.783794ms)
✔ ATTRACTION: reopen the existing order without a new order or payment (0.89371ms)
✔ untrusted evidence URLs and unsupported identities never select an endpoint (1.189106ms)
✔ card output escapes content and uses current canonical status (0.98663ms)
✔ an order response cannot populate a different order or vertical (1.533045ms)
✔ late order response cannot overwrite a new screen (2.510751ms)
✔ continuing payment re-reads amount and uses the original order only (1.041393ms)
✔ already paid or expired orders cannot invoke payment from a stale card (2.147243ms)
✔ payment timeout reads the same order and never silently resends (0.990706ms)
✔ leaving before the fresh order read prevents a payment dialog (0.776392ms)
✔ real app dispatch uses every existing enriched order renderer (4.493135ms)
✔ closing permission confirmation sends no permission mutation (3.988202ms)
✔ source disconnect remains explicit and retains server-directed semantics (2.050737ms)
✔ person edit binds the displayed revision and leaves a blank birth date untouched (1.087452ms)
✔ sensitive import inspection happens only after explicit confirmation, with no implicit acceptance (7.458178ms)
✔ untrusted imported content is escaped before display (1.37056ms)
✔ duplicate submits during a pending mutation call the server once (1.260464ms)
✔ import reassignment binds traveler and item revision and does not accept content (1.248606ms)
✔ RAIL cancellation requires explicit confirmation (1.987231ms)
✔ RAIL response loss still reloads persisted order (1.071809ms)
✔ RAIL paid or uncertain orders cannot open unpaid cancellation (2.189997ms)
✔ ATTRACTION cancellation requires explicit confirmation (0.612715ms)
✔ ATTRACTION response loss still reloads persisted order (0.710884ms)
✔ ATTRACTION paid or uncertain orders cannot open unpaid cancellation (1.993371ms)
✔ new unpaid reservation displays its frozen UTC deadline (1.571944ms)
✔ legacy orders never receive a fabricated deadline (0.242086ms)
✔ expiry display relies on persisted server state instead of browser clock (0.221334ms)
✔ started and uncertain payment keeps its reservation message (0.202415ms)
✔ RAIL: opening recovery does not send a refund until confirmed (1.903835ms)
✔ RAIL: failed response still reloads persisted order state (1.088975ms)
✔ ATTRACTION: opening recovery does not send a refund until confirmed (0.771745ms)
✔ ATTRACTION: failed response still reloads persisted order state (0.630182ms)
✔ busy recovery gives a customer message and refreshes the existing order (0.634237ms)
✔ rail interrupted change confirms the original quote instead of creating another (0.879578ms)
ℹ tests 319
ℹ suites 0
ℹ pass 316
ℹ fail 3
ℹ cancelled 0
ℹ skipped 0
ℹ todo 0
ℹ duration_ms 777.267785

✖ failing tests:

test at tests_frontend/mobile_order_actions.test.mjs:18:2
✖ RIDE: payment binds fresh amount and re-reads the same order after lost response (0.269808ms)
  Error: RIDE_CANCELLATION_BOOKING_POLICY_REQUIRED
      at file:///workspace/scratch/cdb63add4518/go/application/mobile/go-app/src/domain/orderActions.ts:41:91
      at process.processTicksAndRejections (node:internal/process/task_queues:104:5)
      at async exclusive (file:///workspace/scratch/cdb63add4518/go/application/mobile/go-app/src/domain/orderActions.ts:36:24)
      at async TestContext.<anonymous> (file:///workspace/scratch/cdb63add4518/go/application/tests_frontend/mobile_order_actions.test.mjs:20:17)
      at async Test.run (node:internal/test_runner/test:1389:7)
      at async Test.processPendingSubtests (node:internal/test_runner/test:960:7)

test at tests_frontend/mobile_order_actions.test.mjs:23:2
✖ RIDE: changed amount and unavailable channel cannot execute payment (0.876814ms)
  AssertionError [ERR_ASSERTION]: The input did not match the regular expression /CHANGED|NOT_READY/. Input:
  
  'Error: RIDE_CANCELLATION_BOOKING_POLICY_REQUIRED'
  
      at process.processTicksAndRejections (node:internal/process/task_queues:104:5)
      at async TestContext.<anonymous> (file:///workspace/scratch/cdb63add4518/go/application/tests_frontend/mobile_order_actions.test.mjs:24:89)
      at async Test.run (node:internal/test_runner/test:1389:7)
      at async Test.processPendingSubtests (node:internal/test_runner/test:960:7) {
    generatedMessage: true,
    code: 'ERR_ASSERTION',
    actual: Error: RIDE_CANCELLATION_BOOKING_POLICY_REQUIRED
        at file:///workspace/scratch/cdb63add4518/go/application/mobile/go-app/src/domain/orderActions.ts:41:91
        at process.processTicksAndRejections (node:internal/process/task_queues:104:5)
        at async exclusive (file:///workspace/scratch/cdb63add4518/go/application/mobile/go-app/src/domain/orderActions.ts:36:24)
        at async waitForActual (node:assert:646:5)
        at async strict.rejects (node:assert:769:25)
        at async TestContext.<anonymous> (file:///workspace/scratch/cdb63add4518/go/application/tests_frontend/mobile_order_actions.test.mjs:24:89)
        at async Test.run (node:internal/test_runner/test:1389:7)
        at async Test.processPendingSubtests (node:internal/test_runner/test:960:7),
    expected: /CHANGED|NOT_READY/,
    operator: 'rejects',
    diff: 'simple'
  }

test at tests_frontend/mobile_order_actions.test.mjs:48:1
✖ all six booking intents use explicit vault identities with stable keys and no fabricated people (2.479374ms)
  Error: RIDE_CANCELLATION_POLICY_UNAVAILABLE
      at bookingIntent (file:///workspace/scratch/cdb63add4518/go/application/mobile/go-app/src/domain/bookingIntent.ts:29:156)
      at TestContext.<anonymous> (file:///workspace/scratch/cdb63add4518/go/application/tests_frontend/mobile_order_actions.test.mjs:50:40)
      at Test.runInAsyncScope (node:async_hooks:227:14)
      at Test.run (node:internal/test_runner/test:1382:25)
      at Test.processPendingSubtests (node:internal/test_runner/test:960:18)
      at Test.postRun (node:internal/test_runner/test:1522:19)
      at Test.run (node:internal/test_runner/test:1447:12)
      at process.processTicksAndRejections (node:internal/process/task_queues:104:5)
      at async Test.processPendingSubtests (node:internal/test_runner/test:960:7)
