✔ HTTP helper retains CSRF together with idempotency header (3.295005ms)
✔ Escape cancels traveler selection without authorizing or creating an order (8.774509ms)
✔ rental consent is bound to the selected traveler, field and purpose (2.575629ms)
✔ payment is cancelled without any checkout mutation (1.148755ms)
✔ a failed confirmed payment stays visible and can be retried (1.079801ms)
✔ cancelling a party selection creates no order or grant (1.288425ms)
✔ a party must contain the exact number of different travelers (1.285611ms)
✔ party confirmation returns only the explicitly selected traveler references (1.140742ms)
✔ party selection cannot submit without confirming adult travelers and purpose (0.977206ms)
✔ RIDE browser policy cannot be accepted without a fresh checked consent (3.3647ms)
✔ RIDE missing policy and cancelled consent create no orders (1.796813ms)
✔ consumer uses locked V14 main and compact artwork with responsive selection (2.275626ms)
✔ supplier and admin share the locked reverse V14 compact lockup (1.099841ms)
✔ all three entry documents advance cache tokens together (0.189647ms)
✔ GO subbrands use V14 geometry with a deliberately recessive GO tier (0.183627ms)
✔ legacy runtime asset names also resolve to locked V14 geometry (0.293553ms)
(node:14) [MODULE_TYPELESS_PACKAGE_JSON] Warning: Module type of file:///workspace/scratch/cdb63add4518/go/application/mobile/go-app/src/domain/tripFacts.ts is not specified and it doesn't parse as CommonJS.
Reparsing as ES module because module syntax was detected. This incurs a performance overhead.
To eliminate this warning, add "type": "module" to /workspace/scratch/cdb63add4518/go/application/mobile/go-app/package.json.
(Use `node --trace-warnings ...` to show where the warning was created)
✔ web trip keeps original and requested dates separate while supplement is pending (4.893308ms)
✔ native trip shows pending money honestly and completed refund total (1.09265ms)
✔ supplier workbench displays the same cumulative payment summary (2.554978ms)
✔ cancel review shows every cash component and exact fee basis before submission (15.759936ms)
✔ closing cancel review never sends cancellation or reloads as completed (0.758775ms)
✔ unchecked money confirmation cannot submit a cash action (1.088043ms)
✔ change confirmation shows positive difference, free change and fixed original deadline (1.220413ms)
✔ cancelled date selection does not request new inventory or a payment (0.738445ms)
✔ displayed quote hash stays bound across asynchronous source mutation (0.697203ms)
✔ unknown supplier progress offers query only and binds the saved operation (0.825056ms)
✔ cancel confirmed and refund pending remain distinct in the customer progress card (0.709972ms)
✔ credit conversion waits for explicit quoted consent and does not claim an unknown cancellation succeeded (3.525183ms)
✔ canceling traveler selection sends no redemption or automatic identity (1.283378ms)
✔ redemption network retry binds the same quote and explicitly selected traveler (2.827489ms)
✔ unknown booking and pending refund remain distinct from completed credit restoration (1.25815ms)
✔ canceling a supplementary payment dialog re-enables the action (16.602858ms)
✔ conversion separates prior cash refunds and forfeiture from retained credit (1.387845ms)
✔ forfeiture conversion confirmation stays bound to the displayed quote after source object changes (4.136226ms)
✔ credit detail keeps original excluded value visible after redemption changes (1.162145ms)
✔ historical credit without a forfeiture breakdown never renders invalid amounts (1.248916ms)
✔ conversion displays the fixed credit deadline instead of promising a fresh year (2.112119ms)
✔ fare confirmation separates fee tiers, cooling, change and property credit terms (2.237629ms)
✔ cancelling fare confirmation has no accepted contract (0.809522ms)
✔ accepted hash remains bound to the rules displayed before asynchronous state changes (0.674568ms)
✔ declining hotel rules never selects or authorizes a traveler or creates an order (1.540747ms)
✔ accepted hotel contract is included with selected traveler and stable booking request identity (0.955933ms)
✔ supplier money and percentage inputs use exact minor units (0.864495ms)
✔ supplier lost-response retry keeps request identity and sends only the claimed cause (4.929122ms)
✔ supplier duplicate clicks while a request is pending cannot create another request (1.374024ms)
✔ unknown supplier cancellation shows approved refund waiting for confirmation, without a resend button (23.126559ms)
✔ cross-month range stays in one two-step selection (0.925417ms)
✔ reverse second choice becomes the new start and still requires an end (0.166412ms)
✔ hotel same-day is incomplete while rental same-day is allowed (0.127212ms)
✔ single-date verticals remain native business exceptions (0.617502ms)
✔ mobile picker is a full-width bottom sheet with touch-size controls (0.390399ms)
✔ range day clicks never close the dialog and confirmation starts disabled (0.207163ms)
✔ hotel funds distinguish frozen, charged, released and refunded cent amounts (13.459282ms)
✔ only approved pending refunds expose retry and all server labels are escaped (0.430159ms)
✔ unknown funding shows reconciliation instead of a false payment claim (0.408808ms)
✔ trip links only open the exact canonical owned direct-reservation path (0.329928ms)
✔ closing a stay complaint form makes no request (0.924386ms)
✔ complaint retries reuse the same request identity and have no refund approval fields (1.433454ms)
✔ blank complaints and duplicate submission clicks cannot send extra requests (0.776883ms)
✔ closing hotel authorization leaves funds untouched (2.558353ms)
✔ hotel checkout requires confirmation and binds the complete stay amount (1.731094ms)
✔ a second click cannot create another hotel authorization while the first is pending (1.016525ms)
✔ a failed hotel authorization remains visible and can be retried (0.996955ms)
✔ conversion clearly shows capture and value and closing does not convert (23.205678ms)
✔ conversion retry keeps original quote, amount and original expiry (4.085398ms)
✔ redemption uses server quote policy and displays forfeiture before consent (1.378652ms)
✔ redemption confirms a fresh traveler and only releases hotel fields (1.902522ms)
✔ double click and Escape cannot duplicate or dismiss pending redemption (12.234403ms)
✔ credit list filters property and disables frozen, expired or reconciliation credits (1.7348ms)
✔ a cancellation quote never cancels a booking and closing preserves it (19.29917ms)
✔ fee consent binds the server quote and keeps frozen release separate from cash refund (1.858887ms)
✔ interrupted cancellation retry uses exactly the same quote and fee (1.313874ms)
✔ double clicks cannot settle twice while a cancellation is pending (1.007922ms)
✔ unavailable fare actions have no executable buttons and rule text is escaped (0.903113ms)
✔ date changes quote first and require fresh consent after editing dates (2.150337ms)
✔ extension keeps check-in fixed and explains replacement authorization (1.245761ms)
✔ selected return leg has separate quote and exact confirmation, then reloads original order (25.203544ms)
✔ closing dialog 1 never executes a change (1.231089ms)
✔ closing dialog 2 never executes a change (1.408457ms)
✔ mismatched or invalid quote cannot execute {"order_id":"other"} (0.890775ms)
✔ mismatched or invalid quote cannot execute {"changes":[{"leg_index":0,"new_departure_date":"2099-10-12"}]} (1.632244ms)
✔ mismatched or invalid quote cannot execute {"quote_hash":"bad"} (0.918457ms)
✔ mismatched or invalid quote cannot execute {"total_due_minor":1.5} (0.906489ms)
✔ mismatched or invalid quote cannot execute {"currency":"USD"} (0.96061ms)
✔ unknown result reloads and does not repeat the financial request (3.510491ms)
✔ no date changes cannot request a quote (1.158049ms)
✔ GO Trip shows all states, searches owned rows, opens the filtered order and restores all (2.302477ms)
✔ legacy hotel return opens the same all-order GO Trip (0.762011ms)
✔ independent review requires an explicit checked attestation and chosen proof (1.098498ms)
✔ review submits the exact evidence snapshot and no caller-selected money (0.76125ms)
✔ customer sees completed original refund separately from pending extra payment (12.501586ms)
✔ unapproved guest liability is a review hold without a refund promise or pay button (0.308255ms)
✔ zero captured payment explains authorization release and completed case has no retry (0.445563ms)
✔ finance entry converts decimal currency without fractional cents or silent rounding (0.368496ms)
✔ restricted form accepts updated valid public facts without whole-file hash (3.878937ms)
✔ wrong hotel, types, URL and phone/email are rejected (2.219942ms)
✔ readonly principal sends no writes (1.802071ms)
✔ normal form writes two truthful sources and events-only email (16.962141ms)
✔ higher official address is retained and supplementary source snapshot recorded (10.177076ms)
✔ higher-ranked same phone is reused without source downgrade (3.586876ms)
✔ suppression or incompatible stronger purpose prevents write (1.760688ms)
✔ changed profile after preview requires re-review before writes (2.153952ms)
✔ repeat unchanged form keeps stable source identity and no duplicate contacts (4.451571ms)
✔ general-reservations misclassification fails final verification (2.484271ms)
✔ same-grade higher confidence phone is not downgraded (2.779206ms)
✔ user supplied Ctrip mailbox has separate attributed snapshot and GENERAL purpose (8.119229ms)
✔ updated attributed email remains configurable without new release (2.090327ms)
✔ tampered attribution snapshot stops before remaining source writes (4.451752ms)
✔ public email cannot masquerade as the weddings email or inject markup (0.871806ms)
✔ email local parts reject terminal dot and more than 64 characters (0.688389ms)
✔ exact Hyatt plan admitted; changes, wrong hotel and invented kwargs rejected (27.623287ms)
✔ readonly user and unreviewed plans never write (11.572214ms)
✔ 40 images including hero are metadata-checked without rights/publication/room writes (13.659654ms)
✔ existing reviewed gallery assets are reused without POST (10.021472ms)
✔ lost harvest response resumes by querying index instead of duplicating (10.230612ms)
✔ harvest mismatch stops immediately and does not pretend indexed row rolled back (9.808404ms)
✔ wrong existing hash or duplicate source records stop before write (12.587065ms)
✔ missing index readback stops after first image (7.545173ms)
✔ public or room-bound asset is never silently reused (12.817307ms)
✔ fixed WebP content negotiation is sent on every actual harvest (14.761649ms)
✔ actual HK first WebP is reused and only remaining thirty-nine are harvested (11.893318ms)
✔ arbitrary or omitted request headers and wrong expected hash reject before API calls (36.22365ms)
✔ legacy JPEG reviewed plan is rejected without network writes (2.394876ms)
✔ hero role is preserved and gallery substitution cannot be reused (5.43118ms)
✔ previous reviewed 21-image plan remains preserved but cannot execute as expanded 40 (5.095153ms)
✔ only exact reviewed JSON is accepted, IDs and media boundaries retained (17.363297ms)
✔ readonly account never sends a write (5.148063ms)
✔ scope and higher-priority conflicts stop before UNPUBLISH or ingest (5.051377ms)
✔ unreviewed objects cannot call the import runner (1.376959ms)
✔ approved flow uses only unpublish + three existing ingest APIs, then readback (4.887179ms)
✔ partial failures stop subsequent imports and do not report success (3.426624ms)
✔ incorrect merged facts fail final readback (6.448366ms)
✔ scope preview is readonly and activation verifies all 112 archived records (5.818445ms)
✔ readonly or running-job scope does not write (2.102345ms)
✔ scope fingerprint drift refuses activation without writing (1.902943ms)
✔ scope readback leak is not reported as success (2.06631ms)
✔ known anomaly codes are translated and unknown codes are not displayed (0.929603ms)
✔ hotel detail requests the chosen stay and currency and excludes mixed historical quotes (2.882091ms)
✔ a stale selection cannot start prebooking for another date or currency (0.830914ms)
✔ the accepted same-stay offer supplies the prebooking currency and review data (0.639085ms)
✔ a late hotel response cannot overwrite the next search (0.810514ms)
✔ missing dates or a mismatched hotel response cannot show bookable offers (1.15903ms)
✔ local build preserves development API and unrelated Expo config (1.023665ms)
✔ preview and production require an explicit API binding (0.539754ms)
✔ external builds reject loopback, placeholder, plaintext and credential URLs (0.518743ms)
✔ explicit HTTPS build API reaches the same extra field consumed by client.ts (0.182055ms)
✔ existing environment names and release metadata remain compatible (1.183647ms)
(node:174) [MODULE_TYPELESS_PACKAGE_JSON] Warning: Module type of file:///workspace/scratch/cdb63add4518/go/application/mobile/go-app/src/domain/changeActions.ts is not specified and it doesn't parse as CommonJS.
Reparsing as ES module because module syntax was detected. This incurs a performance overhead.
To eliminate this warning, add "type": "module" to /workspace/scratch/cdb63add4518/go/application/mobile/go-app/package.json.
(Use `node --trace-warnings ...` to show where the warning was created)
✔ HOTEL: explicit confirmation consumes one quote and reads original order (39.639351ms)
✔ HOTEL: expiry, edit and session changes prevent submission (1.483761ms)
✔ HOTEL: wrong identity or unavailable isolated channel cannot execute (1.481232ms)
✔ HOTEL: timeout is unknown and never auto-retried (0.44369ms)
✔ FLIGHT: explicit confirmation consumes one quote and reads original order (0.613777ms)
✔ FLIGHT: expiry, edit and session changes prevent submission (0.56322ms)
✔ FLIGHT: wrong identity or unavailable isolated channel cannot execute (0.230047ms)
✔ FLIGHT: timeout is unknown and never auto-retried (0.189336ms)
✔ RAIL: explicit confirmation consumes one quote and reads original order (0.409969ms)
✔ RAIL: expiry, edit and session changes prevent submission (0.382568ms)
✔ RAIL: wrong identity or unavailable isolated channel cannot execute (0.221444ms)
✔ RAIL: timeout is unknown and never auto-retried (0.148224ms)
✔ ATTRACTION: explicit confirmation consumes one quote and reads original order (0.308345ms)
✔ ATTRACTION: expiry, edit and session changes prevent submission (0.249207ms)
✔ ATTRACTION: wrong identity or unavailable isolated channel cannot execute (0.188314ms)
✔ ATTRACTION: timeout is unknown and never auto-retried (0.233472ms)
✔ RENTAL: explicit confirmation consumes one quote and reads original order (0.492113ms)
✔ RENTAL: expiry, edit and session changes prevent submission (1.783783ms)
✔ RENTAL: wrong identity or unavailable isolated channel cannot execute (0.59631ms)
✔ RENTAL: timeout is unknown and never auto-retried (0.130107ms)
✔ invalid replacement quote destroys old consent; dates are canonical (0.424031ms)
✔ double submit makes only one mutation (0.199892ms)
✔ multi-leg flight requires selection and binds the selected leg (0.560567ms)
(node:190) [MODULE_TYPELESS_PACKAGE_JSON] Warning: Module type of file:///workspace/scratch/cdb63add4518/go/application/mobile/go-app/src/domain/changeTerms.ts is not specified and it doesn't parse as CommonJS.
Reparsing as ES module because module syntax was detected. This incurs a performance overhead.
To eliminate this warning, add "type": "module" to /workspace/scratch/cdb63add4518/go/application/mobile/go-app/package.json.
(Use `node --trace-warnings ...` to show where the warning was created)
✔ hotel lower price discloses loss, no fee and original fixed deadline (22.328233ms)
✔ missing or inconsistent hotel financial terms are not confirmable (0.828131ms)
✔ flight and rail disclose transport identity and reject inconsistent fee sums (0.394476ms)
✔ rental lower cost specifies original payment and validates the rate calculation (0.266623ms)
✔ attraction free change never silently accepts a newly introduced charge (0.181554ms)
(node:197) [MODULE_TYPELESS_PACKAGE_JSON] Warning: Module type of file:///workspace/scratch/cdb63add4518/go/application/mobile/go-app/src/domain/tripFacts.ts is not specified and it doesn't parse as CommonJS.
Reparsing as ES module because module syntax was detected. This incurs a performance overhead.
To eliminate this warning, add "type": "module" to /workspace/scratch/cdb63add4518/go/application/mobile/go-app/package.json.
(Use `node --trace-warnings ...` to show where the warning was created)
✔ Direct navigation preserves the owned reservation identity (1.261525ms)
✔ Direct details read only the canonical reservation and matching events (0.321506ms)
✔ Direct mismatched or missing records cannot display confirmation (0.583181ms)
(node:203) [MODULE_TYPELESS_PACKAGE_JSON] Warning: Module type of file:///workspace/scratch/cdb63add4518/go/application/mobile/go-app/src/domain/orderActions.ts is not specified and it doesn't parse as CommonJS.
Reparsing as ES module because module syntax was detected. This incurs a performance overhead.
To eliminate this warning, add "type": "module" to /workspace/scratch/cdb63add4518/go/application/mobile/go-app/package.json.
(Use `node --trace-warnings ...` to show where the warning was created)
✔ hotel cancellation sends the displayed quote identity without silently creating another quote (2.409748ms)
✔ hotel server rejects a stale accepted quote without replacing it or retrying cancellation (0.930695ms)
✔ hotel malformed, expired or foreign accepted quote cannot send cancellation (1.425783ms)
(node:212) [MODULE_TYPELESS_PACKAGE_JSON] Warning: Module type of file:///workspace/scratch/cdb63add4518/go/application/mobile/go-app/src/domain/orderActions.ts is not specified and it doesn't parse as CommonJS.
Reparsing as ES module because module syntax was detected. This incurs a performance overhead.
To eliminate this warning, add "type": "module" to /workspace/scratch/cdb63add4518/go/application/mobile/go-app/package.json.
(Use `node --trace-warnings ...` to show where the warning was created)
✔ HOTEL: payment binds fresh amount and re-reads the same order after lost response (4.947831ms)
✔ HOTEL: changed amount and unavailable channel cannot execute payment (2.672165ms)
✔ HOTEL: refund confirms quoted amount, submits once and does not invent refunded state (6.056014ms)
✔ HOTEL: changed refund terms need reconfirmation before any cancellation (0.415458ms)
✔ FLIGHT: payment binds fresh amount and re-reads the same order after lost response (0.525523ms)
✔ FLIGHT: changed amount and unavailable channel cannot execute payment (0.498322ms)
✔ FLIGHT: refund confirms quoted amount, submits once and does not invent refunded state (0.375146ms)
✔ FLIGHT: changed refund terms need reconfirmation before any cancellation (0.148134ms)
✔ RAIL: payment binds fresh amount and re-reads the same order after lost response (2.697053ms)
✔ RAIL: changed amount and unavailable channel cannot execute payment (0.342917ms)
✔ RAIL: refund confirms quoted amount, submits once and does not invent refunded state (0.369708ms)
✔ RAIL: changed refund terms need reconfirmation before any cancellation (0.146742ms)
✔ RENTAL: payment binds fresh amount and re-reads the same order after lost response (0.134643ms)
✔ RENTAL: changed amount and unavailable channel cannot execute payment (0.143487ms)
✔ RENTAL: refund confirms quoted amount, submits once and does not invent refunded state (1.174053ms)
✔ RENTAL: changed refund terms need reconfirmation before any cancellation (0.179611ms)
✔ RIDE: payment binds fresh amount and re-reads the same order after lost response (0.244259ms)
✔ RIDE: changed amount and unavailable channel cannot execute payment (0.231078ms)
✔ RIDE: refund confirms quoted amount, submits once and does not invent refunded state (0.699996ms)
✔ RIDE: changed refund terms need reconfirmation before any cancellation (0.112069ms)
✔ ATTRACTION: payment binds fresh amount and re-reads the same order after lost response (1.717133ms)
✔ ATTRACTION: changed amount and unavailable channel cannot execute payment (0.098118ms)
✔ ATTRACTION: refund confirms quoted amount, submits once and does not invent refunded state (0.226802ms)
✔ ATTRACTION: changed refund terms need reconfirmation before any cancellation (0.084007ms)
✔ identity substitution and concurrent payment submission are blocked (0.367645ms)
✔ screen/session change prevents a mutation after read-only preflight (0.184669ms)
✔ all six booking intents use explicit vault identities with stable keys and no fabricated people (13.584912ms)
✔ portable request fingerprint matches standard SHA-256 for Unicode and block boundaries (0.606606ms)
✔ RIDE native intent requires a separately accepted current policy and preserves its hash (0.289327ms)
✔ RIDE legacy pending order cannot enter native checkout without a booking policy (0.226011ms)
(node:221) [MODULE_TYPELESS_PACKAGE_JSON] Warning: Module type of file:///workspace/scratch/cdb63add4518/go/application/mobile/go-app/src/api/transport.ts is not specified and it doesn't parse as CommonJS.
Reparsing as ES module because module syntax was detected. This incurs a performance overhead.
To eliminate this warning, add "type": "module" to /workspace/scratch/cdb63add4518/go/application/mobile/go-app/package.json.
(Use `node --trace-warnings ...` to show where the warning was created)
✔ logout immediately invalidates old UI and blocks orders while remote revocation is pending (6.424701ms)
✔ read started before logout cannot return old account data (1.45691ms)
✔ clear blocks stale stored credentials before slow deletion completes (6.085748ms)
✔ logout supersedes a login waiting for secure storage without dispatching login (0.735931ms)
✔ late failed logout cannot clear a later successful account login (1.504902ms)
✔ missing refresh token after 401 invalidates the authenticated UI (1.672926ms)
✔ 401 after successful refresh invalidates the session without a third request (1.209366ms)
✔ a permission denial does not clear an otherwise valid account (1.241344ms)
✔ a broken UI subscriber cannot prevent token clearing or other subscribers (0.385902ms)
✔ failed token persistence cannot expose a partially saved login to requests (0.935252ms)
✔ temporary refresh outage preserves the session and never retries the business mutation (0.505743ms)
✔ a successful HTTP response without revocation evidence is not remote logout success (0.475668ms)
(node:232) [MODULE_TYPELESS_PACKAGE_JSON] Warning: Module type of file:///workspace/scratch/cdb63add4518/go/application/mobile/go-app/src/domain/stayCreditActions.ts is not specified and it doesn't parse as CommonJS.
Reparsing as ES module because module syntax was detected. This incurs a performance overhead.
To eliminate this warning, add "type": "module" to /workspace/scratch/cdb63add4518/go/application/mobile/go-app/package.json.
(Use `node --trace-warnings ...` to show where the warning was created)
✔ native conversion sends exactly the displayed quote and explicit consent (6.634457ms)
✔ native lost conversion response reads original order without resending cancellation (4.256146ms)
✔ native stale quote remains rejected and is never silently replaced (0.786127ms)
✔ native expired, cross-order, wrong-currency or renewed-year quote cannot submit (0.414626ms)
(node:238) [MODULE_TYPELESS_PACKAGE_JSON] Warning: Module type of file:///workspace/scratch/cdb63add4518/go/application/mobile/go-app/src/api/transport.ts is not specified and it doesn't parse as CommonJS.
Reparsing as ES module because module syntax was detected. This incurs a performance overhead.
To eliminate this warning, add "type": "module" to /workspace/scratch/cdb63add4518/go/application/mobile/go-app/package.json.
(Use `node --trace-warnings ...` to show where the warning was created)
✔ concurrent expired mutations share one refresh and retain each original idempotency key/body (7.236766ms)
✔ a mutation with lost response is uncertain and is never automatically retried (0.968222ms)
✔ account change discards pending reads and refresh tokens from the old account (1.66885ms)
✔ refresh rejection invalidates current session and notifies the UI (5.427776ms)
✔ logout revokes remotely and still clears locally after a transport failure (0.619986ms)
✔ a previous logout cannot clear a newly logged-in account (1.08653ms)
✔ only chosen API-relative paths are requested and caller auth cannot override the session (0.78173ms)
✔ aborted mutations before dispatch are known not sent; malformed successful responses are uncertain (0.766297ms)
(node:239) [MODULE_TYPELESS_PACKAGE_JSON] Warning: Module type of file:///workspace/scratch/cdb63add4518/go/application/mobile/go-app/src/domain/tripFacts.ts is not specified and it doesn't parse as CommonJS.
Reparsing as ES module because module syntax was detected. This incurs a performance overhead.
To eliminate this warning, add "type": "module" to /workspace/scratch/cdb63add4518/go/application/mobile/go-app/package.json.
(Use `node --trace-warnings ...` to show where the warning was created)
✔ native navigation binds all six verticals to an owned canonical identity (1.514297ms)
✔ native check-in renders each passenger and leg independently (0.452994ms)
✔ missing, stale, duplicate, future or wrong-order check-in evidence is unverified (0.288956ms)
✔ only safe HTTPS links are offered by native travel facts (0.160102ms)
✔ native rental details never request ride tracking (0.524181ms)
✔ ride tracking failure cannot hide the existing ride order (0.213412ms)
✔ tracking and order identity mismatches cannot render another order (0.501246ms)
✔ rail order preserves party, immutable prebook and original total through payment cancellation (2.467656ms)
✔ attraction order uses the quoted slot, quantity and prebook and shows eligibility (0.383729ms)
✔ cancelling confirmation step 1 never creates an order or payment (0.172781ms)
✔ cancelling confirmation step 2 never creates an order or payment (0.303578ms)
✔ cancelled party selection cannot reach order creation (0.352102ms)
✔ quote that expires during traveler selection cannot create or pay an order (0.722611ms)
✔ missing final consent never creates an order (0.33081ms)
✔ different people are required for every quoted place (0.624183ms)
✔ an uncertain payment still opens the existing order for recovery (5.627136ms)
✔ repeated clicks cannot start a second booking while confirmation is open (0.61602ms)
✔ mismatched total, journey or slot is refused before any traveler consent (4.236607ms)
✔ cancelling date selection never requests a quote or payment (2.858836ms)
✔ ride changes continue to use their separate workflow (0.945157ms)
✔ viewing a rental quote does not execute the change (1.003194ms)
✔ confirmed refund difference retains its sign and server quote identity (1.964877ms)
✔ unchecked amount consent blocks executing a displayed quote (1.474807ms)
✔ the shared amount formatter preserves cents on confirmation screens (19.115032ms)
✔ consumer: concurrent expired reads refresh once and preserve namespace (19.325735ms)
✔ consumer: a mutation without idempotency is never replayed after renewal (3.72215ms)
✔ consumer: an idempotent retry retains the original key and body (1.162796ms)
✔ consumer: failed refresh stops without retrying the operation (0.74176ms)
✔ console: concurrent expired reads refresh once and preserve namespace (4.713447ms)
✔ console: a mutation without idempotency is never replayed after renewal (1.191659ms)
✔ console: an idempotent retry retains the original key and body (1.253853ms)
✔ console: failed refresh stops without retrying the operation (0.709662ms)
✔ consumer logout failure preserves account and current page; success clears all private state (0.994642ms)
✔ console logout failure is surfaced instead of silently reporting success (0.914011ms)
✔ console requests work when randomUUID is unavailable in an HTTP preview (0.832437ms)
✔ console login binds the requested account type before establishing a session (0.661609ms)
✔ a changed console actor clears the stale UI and never refreshes or retries (0.637613ms)
✔ consumer: expired access can renew once to revoke its own session (1.297509ms)
✔ console: expired access can renew once to revoke its own session (0.806157ms)
✔ unverified check-in never exposes links or boarding passes (4.23172ms)
✔ per-traveler boarding pass appears only for the verified pass state (0.950786ms)
✔ invalid URL schemes and credentials do not become customer links (0.985238ms)
✔ unknown fleet outcome clearly separates confirmed and proposed times (1.048584ms)
✔ cancelled tracking confirmation sends no binding mutation (1.022163ms)
✔ checked consent sends exact displayed revision and server authority, never wait overrides (1.240884ms)
✔ missing consent prevents any tracking write (2.077226ms)
✔ no authorized source does not open an unusable confirmation dialog (0.842331ms)
✔ waiting protection is conditional and shows the actual event allowance (0.945287ms)
✔ late check-in response cannot populate a detached screen (17.337332ms)
✔ HOTEL_CATALOG: reopen the existing order without a new order or payment (2.49639ms)
✔ HOTEL_DIRECT: reopen the existing order without a new order or payment (1.520185ms)
✔ FLIGHT: reopen the existing order without a new order or payment (0.63584ms)
✔ RAIL: reopen the existing order without a new order or payment (0.662971ms)
✔ RIDE: reopen the existing order without a new order or payment (0.745185ms)
✔ RENTAL: reopen the existing order without a new order or payment (0.60933ms)
✔ ATTRACTION: reopen the existing order without a new order or payment (0.770443ms)
✔ untrusted evidence URLs and unsupported identities never select an endpoint (0.907711ms)
✔ card output escapes content and uses current canonical status (0.733147ms)
✔ an order response cannot populate a different order or vertical (1.564933ms)
✔ late order response cannot overwrite a new screen (1.597702ms)
✔ continuing payment re-reads amount and uses the original order only (1.052029ms)
✔ already paid or expired orders cannot invoke payment from a stale card (1.495788ms)
✔ payment timeout reads the same order and never silently resends (0.694228ms)
✔ leaving before the fresh order read prevents a payment dialog (0.521087ms)
✔ real app dispatch uses every existing enriched order renderer (3.493114ms)
✔ closing permission confirmation sends no permission mutation (4.236777ms)
✔ source disconnect remains explicit and retains server-directed semantics (2.644773ms)
✔ person edit binds the displayed revision and leaves a blank birth date untouched (1.265891ms)
✔ sensitive import inspection happens only after explicit confirmation, with no implicit acceptance (11.873207ms)
✔ untrusted imported content is escaped before display (1.991187ms)
✔ duplicate submits during a pending mutation call the server once (1.833198ms)
✔ import reassignment binds traveler and item revision and does not accept content (2.620367ms)
✔ RAIL cancellation requires explicit confirmation (4.355907ms)
✔ RAIL response loss still reloads persisted order (1.389778ms)
✔ RAIL paid or uncertain orders cannot open unpaid cancellation (3.108363ms)
✔ ATTRACTION cancellation requires explicit confirmation (0.912277ms)
✔ ATTRACTION response loss still reloads persisted order (1.322356ms)
✔ ATTRACTION paid or uncertain orders cannot open unpaid cancellation (2.322928ms)
✔ new unpaid reservation displays its frozen UTC deadline (1.217077ms)
✔ legacy orders never receive a fabricated deadline (0.196356ms)
✔ expiry display relies on persisted server state instead of browser clock (1.096766ms)
✔ started and uncertain payment keeps its reservation message (0.285191ms)
✔ RAIL: opening recovery does not send a refund until confirmed (2.414926ms)
✔ RAIL: failed response still reloads persisted order state (1.130987ms)
✔ ATTRACTION: opening recovery does not send a refund until confirmed (0.618264ms)
✔ ATTRACTION: failed response still reloads persisted order state (0.637002ms)
✔ busy recovery gives a customer message and refreshes the existing order (0.612856ms)
✔ rail interrupted change confirms the original quote instead of creating another (0.8879ms)
ℹ tests 323
ℹ suites 0
ℹ pass 323
ℹ fail 0
ℹ cancelled 0
ℹ skipped 0
ℹ todo 0
ℹ duration_ms 806.759733
