✔ HTTP helper retains CSRF together with idempotency header (4.477785ms)
✔ Escape cancels traveler selection without authorizing or creating an order (8.367377ms)
✔ rental consent is bound to the selected traveler, field and purpose (2.539975ms)
✔ payment is cancelled without any checkout mutation (3.320066ms)
✔ a failed confirmed payment stays visible and can be retried (2.444812ms)
✔ cancelling a party selection creates no order or grant (2.142018ms)
✔ a party must contain the exact number of different travelers (2.500336ms)
✔ party confirmation returns only the explicitly selected traveler references (3.846086ms)
✔ party selection cannot submit without confirming adult travelers and purpose (2.422279ms)
✔ consumer uses locked V14 main and compact artwork with responsive selection (4.022291ms)
✔ supplier and admin share the locked reverse V14 compact lockup (4.582031ms)
✔ all three entry documents advance cache tokens together (0.438678ms)
✔ GO subbrands use V14 geometry with a deliberately recessive GO tier (0.307021ms)
✔ legacy runtime asset names also resolve to locked V14 geometry (0.566ms)
(node:14) [MODULE_TYPELESS_PACKAGE_JSON] Warning: Module type of file:///workspace/scratch/99b7ad5cc112/go-work/application/mobile/go-app/src/domain/tripFacts.ts is not specified and it doesn't parse as CommonJS.
Reparsing as ES module because module syntax was detected. This incurs a performance overhead.
To eliminate this warning, add "type": "module" to /workspace/scratch/99b7ad5cc112/go-work/application/mobile/go-app/package.json.
(Use `node --trace-warnings ...` to show where the warning was created)
✔ web trip keeps original and requested dates separate while supplement is pending (15.846099ms)
✔ native trip shows pending money honestly and completed refund total (1.012741ms)
✔ supplier workbench displays the same cumulative payment summary (3.700629ms)
✔ cancel review shows every cash component and exact fee basis before submission (28.419774ms)
✔ closing cancel review never sends cancellation or reloads as completed (0.866752ms)
✔ unchecked money confirmation cannot submit a cash action (2.061536ms)
✔ change confirmation shows positive difference, free change and fixed original deadline (6.245811ms)
✔ cancelled date selection does not request new inventory or a payment (1.284088ms)
✔ displayed quote hash stays bound across asynchronous source mutation (1.616959ms)
✔ unknown supplier progress offers query only and binds the saved operation (1.674625ms)
✔ cancel confirmed and refund pending remain distinct in the customer progress card (2.127315ms)
✔ credit conversion waits for explicit quoted consent and does not claim an unknown cancellation succeeded (11.795515ms)
✔ canceling traveler selection sends no redemption or automatic identity (1.625982ms)
✔ redemption network retry binds the same quote and explicitly selected traveler (7.233495ms)
✔ unknown booking and pending refund remain distinct from completed credit restoration (1.462226ms)
✔ canceling a supplementary payment dialog re-enables the action (36.967883ms)
✔ conversion separates prior cash refunds and forfeiture from retained credit (1.164399ms)
✔ forfeiture conversion confirmation stays bound to the displayed quote after source object changes (7.393974ms)
✔ credit detail keeps original excluded value visible after redemption changes (7.76378ms)
✔ historical credit without a forfeiture breakdown never renders invalid amounts (4.070975ms)
✔ conversion displays the fixed credit deadline instead of promising a fresh year (1.809117ms)
✔ fare confirmation separates fee tiers, cooling, change and property credit terms (16.687393ms)
✔ cancelling fare confirmation has no accepted contract (1.236587ms)
✔ accepted hash remains bound to the rules displayed before asynchronous state changes (3.839407ms)
✔ declining hotel rules never selects or authorizes a traveler or creates an order (7.578663ms)
✔ accepted hotel contract is included with selected traveler and stable booking request identity (1.307724ms)
✔ supplier money and percentage inputs use exact minor units (1.692592ms)
✔ supplier lost-response retry keeps request identity and sends only the claimed cause (7.195487ms)
✔ supplier duplicate clicks while a request is pending cannot create another request (0.935265ms)
✔ unknown supplier cancellation shows approved refund waiting for confirmation, without a resend button (39.961208ms)
✔ hotel funds distinguish frozen, charged, released and refunded cent amounts (70.33445ms)
✔ only approved pending refunds expose retry and all server labels are escaped (0.597727ms)
✔ unknown funding shows reconciliation instead of a false payment claim (0.45961ms)
✔ trip links only open the exact canonical owned direct-reservation path (1.306517ms)
✔ closing a stay complaint form makes no request (1.694414ms)
✔ complaint retries reuse the same request identity and have no refund approval fields (2.445403ms)
✔ blank complaints and duplicate submission clicks cannot send extra requests (5.639229ms)
✔ closing hotel authorization leaves funds untouched (9.260398ms)
✔ hotel checkout requires confirmation and binds the complete stay amount (2.226574ms)
✔ a second click cannot create another hotel authorization while the first is pending (1.343589ms)
✔ a failed hotel authorization remains visible and can be retried (5.718819ms)
✔ conversion clearly shows capture and value and closing does not convert (22.852733ms)
✔ conversion retry keeps original quote, amount and original expiry (1.906113ms)
✔ redemption uses server quote policy and displays forfeiture before consent (1.314134ms)
✔ redemption confirms a fresh traveler and only releases hotel fields (1.430699ms)
✔ double click and Escape cannot duplicate or dismiss pending redemption (28.082417ms)
✔ credit list filters property and disables frozen, expired or reconciliation credits (2.752073ms)
✔ a cancellation quote never cancels a booking and closing preserves it (24.650873ms)
✔ fee consent binds the server quote and keeps frozen release separate from cash refund (2.085402ms)
✔ interrupted cancellation retry uses exactly the same quote and fee (2.595779ms)
✔ double clicks cannot settle twice while a cancellation is pending (3.419996ms)
✔ unavailable fare actions have no executable buttons and rule text is escaped (3.995291ms)
✔ date changes quote first and require fresh consent after editing dates (2.685703ms)
✔ extension keeps check-in fixed and explains replacement authorization (1.553613ms)
✔ GO Trip shows all states, searches owned rows, opens the filtered order and restores all (7.085732ms)
✔ legacy hotel return opens the same all-order GO Trip (6.239912ms)
✔ independent review requires an explicit checked attestation and chosen proof (1.104549ms)
✔ review submits the exact evidence snapshot and no caller-selected money (0.724017ms)
✔ customer sees completed original refund separately from pending extra payment (23.223469ms)
✔ unapproved guest liability is a review hold without a refund promise or pay button (0.222093ms)
✔ zero captured payment explains authorization release and completed case has no retry (0.318869ms)
✔ finance entry converts decimal currency without fractional cents or silent rounding (0.543196ms)
✔ hotel detail requests the chosen stay and currency and excludes mixed historical quotes (3.008478ms)
✔ a stale selection cannot start prebooking for another date or currency (0.771478ms)
✔ the accepted same-stay offer supplies the prebooking currency and review data (0.731308ms)
✔ a late hotel response cannot overwrite the next search (1.166982ms)
✔ missing dates or a mismatched hotel response cannot show bookable offers (1.501135ms)
✔ local build preserves development API and unrelated Expo config (1.308065ms)
✔ preview and production require an explicit API binding (0.701093ms)
✔ external builds reject loopback, placeholder, plaintext and credential URLs (0.633552ms)
✔ explicit HTTPS build API reaches the same extra field consumed by client.ts (0.34654ms)
✔ existing environment names and release metadata remain compatible (0.956797ms)
(node:121) [MODULE_TYPELESS_PACKAGE_JSON] Warning: Module type of file:///workspace/scratch/99b7ad5cc112/go-work/application/mobile/go-app/src/domain/changeActions.ts is not specified and it doesn't parse as CommonJS.
Reparsing as ES module because module syntax was detected. This incurs a performance overhead.
To eliminate this warning, add "type": "module" to /workspace/scratch/99b7ad5cc112/go-work/application/mobile/go-app/package.json.
(Use `node --trace-warnings ...` to show where the warning was created)
✔ HOTEL: explicit confirmation consumes one quote and reads original order (45.543061ms)
✔ HOTEL: expiry, edit and session changes prevent submission (3.395129ms)
✔ HOTEL: wrong identity or unavailable isolated channel cannot execute (0.678569ms)
✔ HOTEL: timeout is unknown and never auto-retried (0.616887ms)
✔ FLIGHT: explicit confirmation consumes one quote and reads original order (0.853622ms)
✔ FLIGHT: expiry, edit and session changes prevent submission (0.836416ms)
✔ FLIGHT: wrong identity or unavailable isolated channel cannot execute (0.375043ms)
✔ FLIGHT: timeout is unknown and never auto-retried (0.375144ms)
✔ RAIL: explicit confirmation consumes one quote and reads original order (0.450276ms)
✔ RAIL: expiry, edit and session changes prevent submission (0.607303ms)
✔ RAIL: wrong identity or unavailable isolated channel cannot execute (0.405379ms)
✔ RAIL: timeout is unknown and never auto-retried (0.277827ms)
✔ ATTRACTION: explicit confirmation consumes one quote and reads original order (0.469254ms)
✔ ATTRACTION: expiry, edit and session changes prevent submission (0.465339ms)
✔ ATTRACTION: wrong identity or unavailable isolated channel cannot execute (0.91174ms)
✔ ATTRACTION: timeout is unknown and never auto-retried (0.34627ms)
✔ RENTAL: explicit confirmation consumes one quote and reads original order (0.761544ms)
✔ RENTAL: expiry, edit and session changes prevent submission (0.472049ms)
✔ RENTAL: wrong identity or unavailable isolated channel cannot execute (1.978371ms)
✔ RENTAL: timeout is unknown and never auto-retried (0.250706ms)
✔ invalid replacement quote destroys old consent; dates are canonical (0.377867ms)
✔ double submit makes only one mutation (0.329665ms)
(node:135) [MODULE_TYPELESS_PACKAGE_JSON] Warning: Module type of file:///workspace/scratch/99b7ad5cc112/go-work/application/mobile/go-app/src/domain/changeTerms.ts is not specified and it doesn't parse as CommonJS.
Reparsing as ES module because module syntax was detected. This incurs a performance overhead.
To eliminate this warning, add "type": "module" to /workspace/scratch/99b7ad5cc112/go-work/application/mobile/go-app/package.json.
(Use `node --trace-warnings ...` to show where the warning was created)
✔ hotel lower price discloses loss, no fee and original fixed deadline (38.340523ms)
✔ missing or inconsistent hotel financial terms are not confirmable (5.958098ms)
✔ flight and rail disclose transport identity and reject inconsistent fee sums (0.365078ms)
✔ rental lower cost specifies original payment and validates the rate calculation (0.307952ms)
✔ attraction free change never silently accepts a newly introduced charge (0.246851ms)
(node:137) [MODULE_TYPELESS_PACKAGE_JSON] Warning: Module type of file:///workspace/scratch/99b7ad5cc112/go-work/application/mobile/go-app/src/domain/tripFacts.ts is not specified and it doesn't parse as CommonJS.
Reparsing as ES module because module syntax was detected. This incurs a performance overhead.
To eliminate this warning, add "type": "module" to /workspace/scratch/99b7ad5cc112/go-work/application/mobile/go-app/package.json.
(Use `node --trace-warnings ...` to show where the warning was created)
✔ Direct navigation preserves the owned reservation identity (1.754045ms)
✔ Direct details read only the canonical reservation and matching events (0.484207ms)
✔ Direct mismatched or missing records cannot display confirmation (0.677277ms)
(node:138) [MODULE_TYPELESS_PACKAGE_JSON] Warning: Module type of file:///workspace/scratch/99b7ad5cc112/go-work/application/mobile/go-app/src/domain/orderActions.ts is not specified and it doesn't parse as CommonJS.
Reparsing as ES module because module syntax was detected. This incurs a performance overhead.
To eliminate this warning, add "type": "module" to /workspace/scratch/99b7ad5cc112/go-work/application/mobile/go-app/package.json.
(Use `node --trace-warnings ...` to show where the warning was created)
✔ hotel cancellation sends the displayed quote identity without silently creating another quote (3.647538ms)
✔ hotel server rejects a stale accepted quote without replacing it or retrying cancellation (0.720031ms)
✔ hotel malformed, expired or foreign accepted quote cannot send cancellation (4.16755ms)
(node:160) [MODULE_TYPELESS_PACKAGE_JSON] Warning: Module type of file:///workspace/scratch/99b7ad5cc112/go-work/application/mobile/go-app/src/domain/orderActions.ts is not specified and it doesn't parse as CommonJS.
Reparsing as ES module because module syntax was detected. This incurs a performance overhead.
To eliminate this warning, add "type": "module" to /workspace/scratch/99b7ad5cc112/go-work/application/mobile/go-app/package.json.
(Use `node --trace-warnings ...` to show where the warning was created)
✔ HOTEL: payment binds fresh amount and re-reads the same order after lost response (12.967315ms)
✔ HOTEL: changed amount and unavailable channel cannot execute payment (4.275912ms)
✔ HOTEL: refund confirms quoted amount, submits once and does not invent refunded state (1.934866ms)
✔ HOTEL: changed refund terms need reconfirmation before any cancellation (5.065438ms)
✔ FLIGHT: payment binds fresh amount and re-reads the same order after lost response (0.640953ms)
✔ FLIGHT: changed amount and unavailable channel cannot execute payment (0.821734ms)
✔ FLIGHT: refund confirms quoted amount, submits once and does not invent refunded state (11.380563ms)
✔ FLIGHT: changed refund terms need reconfirmation before any cancellation (0.396025ms)
✔ RAIL: payment binds fresh amount and re-reads the same order after lost response (0.334452ms)
✔ RAIL: changed amount and unavailable channel cannot execute payment (0.537658ms)
✔ RAIL: refund confirms quoted amount, submits once and does not invent refunded state (0.414693ms)
✔ RAIL: changed refund terms need reconfirmation before any cancellation (0.23953ms)
✔ RENTAL: payment binds fresh amount and re-reads the same order after lost response (0.228203ms)
✔ RENTAL: changed amount and unavailable channel cannot execute payment (0.297066ms)
✔ RENTAL: refund confirms quoted amount, submits once and does not invent refunded state (0.440572ms)
✔ RENTAL: changed refund terms need reconfirmation before any cancellation (0.49903ms)
✔ RIDE: payment binds fresh amount and re-reads the same order after lost response (0.846191ms)
✔ RIDE: changed amount and unavailable channel cannot execute payment (0.419921ms)
✔ RIDE: refund confirms quoted amount, submits once and does not invent refunded state (0.75896ms)
✔ RIDE: changed refund terms need reconfirmation before any cancellation (0.214172ms)
✔ ATTRACTION: payment binds fresh amount and re-reads the same order after lost response (1.565792ms)
✔ ATTRACTION: changed amount and unavailable channel cannot execute payment (0.274933ms)
✔ ATTRACTION: refund confirms quoted amount, submits once and does not invent refunded state (0.423365ms)
✔ ATTRACTION: changed refund terms need reconfirmation before any cancellation (0.200321ms)
✔ identity substitution and concurrent payment submission are blocked (0.375274ms)
✔ screen/session change prevents a mutation after read-only preflight (0.19264ms)
✔ all six booking intents use explicit vault identities with stable keys and no fabricated people (8.015829ms)
✔ portable request fingerprint matches standard SHA-256 for Unicode and block boundaries (0.596806ms)
(node:171) [MODULE_TYPELESS_PACKAGE_JSON] Warning: Module type of file:///workspace/scratch/99b7ad5cc112/go-work/application/mobile/go-app/src/api/transport.ts is not specified and it doesn't parse as CommonJS.
Reparsing as ES module because module syntax was detected. This incurs a performance overhead.
To eliminate this warning, add "type": "module" to /workspace/scratch/99b7ad5cc112/go-work/application/mobile/go-app/package.json.
(Use `node --trace-warnings ...` to show where the warning was created)
✔ logout immediately invalidates old UI and blocks orders while remote revocation is pending (19.825486ms)
✔ read started before logout cannot return old account data (6.24501ms)
✔ clear blocks stale stored credentials before slow deletion completes (15.802143ms)
✔ logout supersedes a login waiting for secure storage without dispatching login (1.011869ms)
✔ late failed logout cannot clear a later successful account login (1.506723ms)
✔ missing refresh token after 401 invalidates the authenticated UI (0.898309ms)
✔ 401 after successful refresh invalidates the session without a third request (9.502272ms)
✔ a permission denial does not clear an otherwise valid account (0.634563ms)
✔ a broken UI subscriber cannot prevent token clearing or other subscribers (0.226821ms)
✔ failed token persistence cannot expose a partially saved login to requests (1.284279ms)
✔ temporary refresh outage preserves the session and never retries the business mutation (0.683577ms)
✔ a successful HTTP response without revocation evidence is not remote logout success (0.407181ms)
(node:178) [MODULE_TYPELESS_PACKAGE_JSON] Warning: Module type of file:///workspace/scratch/99b7ad5cc112/go-work/application/mobile/go-app/src/domain/stayCreditActions.ts is not specified and it doesn't parse as CommonJS.
Reparsing as ES module because module syntax was detected. This incurs a performance overhead.
To eliminate this warning, add "type": "module" to /workspace/scratch/99b7ad5cc112/go-work/application/mobile/go-app/package.json.
(Use `node --trace-warnings ...` to show where the warning was created)
✔ native conversion sends exactly the displayed quote and explicit consent (4.692197ms)
✔ native lost conversion response reads original order without resending cancellation (0.577117ms)
✔ native stale quote remains rejected and is never silently replaced (0.549966ms)
✔ native expired, cross-order, wrong-currency or renewed-year quote cannot submit (0.435564ms)
(node:186) [MODULE_TYPELESS_PACKAGE_JSON] Warning: Module type of file:///workspace/scratch/99b7ad5cc112/go-work/application/mobile/go-app/src/api/transport.ts is not specified and it doesn't parse as CommonJS.
Reparsing as ES module because module syntax was detected. This incurs a performance overhead.
To eliminate this warning, add "type": "module" to /workspace/scratch/99b7ad5cc112/go-work/application/mobile/go-app/package.json.
(Use `node --trace-warnings ...` to show where the warning was created)
✔ concurrent expired mutations share one refresh and retain each original idempotency key/body (7.942869ms)
✔ a mutation with lost response is uncertain and is never automatically retried (2.913196ms)
✔ account change discards pending reads and refresh tokens from the old account (3.057762ms)
✔ refresh rejection invalidates current session and notifies the UI (19.292264ms)
✔ logout revokes remotely and still clears locally after a transport failure (0.768133ms)
✔ a previous logout cannot clear a newly logged-in account (0.809867ms)
✔ only chosen API-relative paths are requested and caller auth cannot override the session (3.990434ms)
✔ aborted mutations before dispatch are known not sent; malformed successful responses are uncertain (0.791679ms)
(node:196) [MODULE_TYPELESS_PACKAGE_JSON] Warning: Module type of file:///workspace/scratch/99b7ad5cc112/go-work/application/mobile/go-app/src/domain/tripFacts.ts is not specified and it doesn't parse as CommonJS.
Reparsing as ES module because module syntax was detected. This incurs a performance overhead.
To eliminate this warning, add "type": "module" to /workspace/scratch/99b7ad5cc112/go-work/application/mobile/go-app/package.json.
(Use `node --trace-warnings ...` to show where the warning was created)
✔ native navigation binds all six verticals to an owned canonical identity (10.26712ms)
✔ native check-in renders each passenger and leg independently (0.588594ms)
✔ missing, stale, duplicate, future or wrong-order check-in evidence is unverified (0.398008ms)
✔ only safe HTTPS links are offered by native travel facts (0.240431ms)
✔ native rental details never request ride tracking (4.472487ms)
✔ ride tracking failure cannot hide the existing ride order (0.383356ms)
✔ tracking and order identity mismatches cannot render another order (0.630426ms)
✔ rail order preserves party, immutable prebook and original total through payment cancellation (4.070884ms)
✔ attraction order uses the quoted slot, quantity and prebook and shows eligibility (0.814463ms)
✔ cancelling confirmation step 1 never creates an order or payment (0.311838ms)
✔ cancelling confirmation step 2 never creates an order or payment (1.091019ms)
✔ cancelled party selection cannot reach order creation (1.473153ms)
✔ quote that expires during traveler selection cannot create or pay an order (0.85872ms)
✔ missing final consent never creates an order (1.866644ms)
✔ different people are required for every quoted place (0.562445ms)
✔ an uncertain payment still opens the existing order for recovery (4.243723ms)
✔ repeated clicks cannot start a second booking while confirmation is open (0.479701ms)
✔ mismatched total, journey or slot is refused before any traveler consent (0.381593ms)
✔ cancelling date selection never requests a quote or payment (2.94283ms)
✔ ride changes continue to use their separate workflow (5.08667ms)
✔ viewing a rental quote does not execute the change (1.033231ms)
✔ confirmed refund difference retains its sign and server quote identity (6.109255ms)
✔ unchecked amount consent blocks executing a displayed quote (1.585031ms)
✔ the shared amount formatter preserves cents on confirmation screens (40.421855ms)
✔ consumer: concurrent expired reads refresh once and preserve namespace (6.736768ms)
✔ consumer: a mutation without idempotency is never replayed after renewal (1.194834ms)
✔ consumer: an idempotent retry retains the original key and body (0.830057ms)
✔ consumer: failed refresh stops without retrying the operation (0.694874ms)
✔ console: concurrent expired reads refresh once and preserve namespace (2.717281ms)
✔ console: a mutation without idempotency is never replayed after renewal (0.715795ms)
✔ console: an idempotent retry retains the original key and body (0.63954ms)
✔ console: failed refresh stops without retrying the operation (1.587744ms)
✔ consumer logout failure preserves account and current page; success clears all private state (0.862435ms)
✔ console logout failure is surfaced instead of silently reporting success (0.914393ms)
✔ console requests work when randomUUID is unavailable in an HTTP preview (0.817087ms)
✔ console login binds the requested account type before establishing a session (0.661994ms)
✔ a changed console actor clears the stale UI and never refreshes or retries (0.731278ms)
✔ consumer: expired access can renew once to revoke its own session (1.15231ms)
✔ console: expired access can renew once to revoke its own session (1.280192ms)
✔ unverified check-in never exposes links or boarding passes (7.846735ms)
✔ per-traveler boarding pass appears only for the verified pass state (2.092132ms)
✔ invalid URL schemes and credentials do not become customer links (1.413233ms)
✔ unknown fleet outcome clearly separates confirmed and proposed times (1.639773ms)
✔ cancelled tracking confirmation sends no binding mutation (4.651997ms)
✔ checked consent sends exact displayed revision and server authority, never wait overrides (4.709062ms)
✔ missing consent prevents any tracking write (3.547118ms)
✔ no authorized source does not open an unusable confirmation dialog (1.525291ms)
✔ waiting protection is conditional and shows the actual event allowance (1.973034ms)
✔ late check-in response cannot populate a detached screen (17.665993ms)
✔ HOTEL_CATALOG: reopen the existing order without a new order or payment (2.392383ms)
✔ HOTEL_DIRECT: reopen the existing order without a new order or payment (4.707941ms)
✔ FLIGHT: reopen the existing order without a new order or payment (0.704668ms)
✔ RAIL: reopen the existing order without a new order or payment (0.546972ms)
✔ RIDE: reopen the existing order without a new order or payment (0.545569ms)
✔ RENTAL: reopen the existing order without a new order or payment (0.574313ms)
✔ ATTRACTION: reopen the existing order without a new order or payment (0.527943ms)
✔ untrusted evidence URLs and unsupported identities never select an endpoint (1.079472ms)
✔ card output escapes content and uses current canonical status (0.660432ms)
✔ an order response cannot populate a different order or vertical (3.04178ms)
✔ late order response cannot overwrite a new screen (3.67512ms)
✔ continuing payment re-reads amount and uses the original order only (1.343598ms)
✔ already paid or expired orders cannot invoke payment from a stale card (1.872062ms)
✔ payment timeout reads the same order and never silently resends (1.312631ms)
✔ leaving before the fresh order read prevents a payment dialog (3.149139ms)
✔ real app dispatch uses every existing enriched order renderer (3.34955ms)
✔ closing permission confirmation sends no permission mutation (4.461972ms)
✔ source disconnect remains explicit and retains server-directed semantics (2.094476ms)
✔ person edit binds the displayed revision and leaves a blank birth date untouched (0.989116ms)
✔ sensitive import inspection happens only after explicit confirmation, with no implicit acceptance (11.700923ms)
✔ untrusted imported content is escaped before display (2.268718ms)
✔ duplicate submits during a pending mutation call the server once (1.768637ms)
✔ import reassignment binds traveler and item revision and does not accept content (1.490028ms)
✔ RAIL cancellation requires explicit confirmation (2.521517ms)
✔ RAIL response loss still reloads persisted order (1.533363ms)
✔ RAIL paid or uncertain orders cannot open unpaid cancellation (2.134366ms)
✔ ATTRACTION cancellation requires explicit confirmation (1.227083ms)
✔ ATTRACTION response loss still reloads persisted order (0.622775ms)
✔ ATTRACTION paid or uncertain orders cannot open unpaid cancellation (2.589479ms)
✔ new unpaid reservation displays its frozen UTC deadline (1.93784ms)
✔ legacy orders never receive a fabricated deadline (0.240481ms)
✔ expiry display relies on persisted server state instead of browser clock (0.133661ms)
✔ started and uncertain payment keeps its reservation message (0.115032ms)
✔ RAIL: opening recovery does not send a refund until confirmed (3.316211ms)
✔ RAIL: failed response still reloads persisted order state (1.457899ms)
✔ ATTRACTION: opening recovery does not send a refund until confirmed (0.936446ms)
✔ ATTRACTION: failed response still reloads persisted order state (1.428385ms)
✔ busy recovery gives a customer message and refreshes the existing order (0.973151ms)
✔ rail interrupted change confirms the original quote instead of creating another (1.338431ms)
ℹ tests 259
ℹ suites 0
ℹ pass 259
ℹ fail 0
ℹ cancelled 0
ℹ skipped 0
ℹ todo 0
ℹ duration_ms 1324.868648
