============================= test session starts ==============================
platform linux -- Python 3.12.14, pytest-9.0.2, pluggy-1.6.0 -- /workspace/scratch/000d6f24d8dd/go-depth-repair/.venv/bin/python
rootdir: /workspace/scratch/000d6f24d8dd/go-depth-repair/application
configfile: pyproject.toml
asyncio: mode=Mode.STRICT, debug=False, asyncio_default_fixture_loop_scope=None, asyncio_default_test_loop_scope=function
collecting ... collected 440 items

tests/autonomy/test_v7_ai_org_build01.py::test_exactly_13_permanent_cells_and_unique_domain_final_owner PASSED [  0%]
tests/autonomy/test_v7_ai_org_build01.py::test_no_cross_domain_truth_mutation PASSED [  0%]
tests/autonomy/test_v7_ai_org_build01.py::test_risk_engine_is_deterministic_and_r3_r4_are_hard_boundaries PASSED [  0%]
tests/autonomy/test_v7_ai_org_build01.py::test_builder_cannot_self_certify_or_release PASSED [  0%]
tests/autonomy/test_v7_ai_org_build01.py::test_r2_requires_shadow_then_canary_before_autonomous_qualified PASSED [  1%]
tests/autonomy/test_v7_ai_org_build01.py::test_r3_is_deterministic_controlled_and_r4_prohibited PASSED [  1%]
tests/autonomy/test_v7_ai_org_build01.py::test_production_qualification_fails_closed_until_legal_accountability_is_bound PASSED [  1%]
tests/autonomy/test_v7_ai_org_build01.py::test_qualification_is_cell_capability_risk_environment_scoped_and_revocable PASSED [  1%]
tests/autonomy/test_v7_ai_org_build01.py::test_go_ai_does_not_own_journey_transaction_or_recommendation_truth PASSED [  2%]
tests/test_agent_native_lifecycle_p03.py::test_hotel_hard_hold_release_is_connector_native_and_idempotent PASSED [  2%]
tests/test_agent_native_lifecycle_p03.py::test_hotel_hard_hold_ambiguous_release_fails_closed_without_local_cancel PASSED [  2%]
tests/test_agent_native_lifecycle_p03.py::test_mobility_unpaid_checkout_has_native_deadline_and_expires_without_fake_capacity[RIDE-search0-booking0] PASSED [  2%]
tests/test_agent_native_lifecycle_p03.py::test_mobility_unpaid_checkout_has_native_deadline_and_expires_without_fake_capacity[RENTAL-search1-booking1] PASSED [  2%]
tests/test_agent_native_lifecycle_p03.py::test_mobility_expiry_never_cancels_after_payment_intent_exists PASSED [  3%]
tests/test_agent_transaction_gateway_six_vertical.py::test_non_hotel_verticals_reach_native_payment_and_order_truth[FLIGHT-search0-booking0] PASSED [  3%]
tests/test_agent_transaction_gateway_six_vertical.py::test_non_hotel_verticals_reach_native_payment_and_order_truth[RAIL-search1-booking1] PASSED [  3%]
tests/test_agent_transaction_gateway_six_vertical.py::test_non_hotel_verticals_reach_native_payment_and_order_truth[RIDE-search2-booking2] PASSED [  3%]
tests/test_agent_transaction_gateway_six_vertical.py::test_non_hotel_verticals_reach_native_payment_and_order_truth[RENTAL-search3-booking3] PASSED [  4%]
tests/test_agent_transaction_gateway_six_vertical.py::test_non_hotel_verticals_reach_native_payment_and_order_truth[ATTRACTION-search4-booking4] PASSED [  4%]
tests/test_agent_transaction_gateway_six_vertical.py::test_hotel_preserves_authorize_then_supplier_confirm_then_capture_semantics PASSED [  4%]
tests/test_agent_transaction_gateway_six_vertical.py::test_full_go_app_installs_gateway_and_rejects_protocol_token_confusion PASSED [  4%]
tests/test_build16_phase1_truth_static.py::test_consumer_has_no_demo_transaction_facts PASSED [  5%]
tests/test_build16_phase1_truth_static.py::test_identity_operating_surfaces_are_wired PASSED [  5%]
tests/test_connector_ops.py::test_connector_list_and_certify PASSED      [  5%]
tests/test_connector_ops.py::test_connector_health PASSED                [  5%]
tests/test_depth05_flight_parties.py::test_three_adults_have_matching_prices_tickets_and_original_refund[ONE_WAY-1] PASSED [  5%]
tests/test_depth05_flight_parties.py::test_three_adults_have_matching_prices_tickets_and_original_refund[ROUND_TRIP-2] PASSED [  6%]
tests/test_depth05_flight_parties.py::test_three_adults_have_matching_prices_tickets_and_original_refund[MULTI_CITY-3] PASSED [  6%]
tests/test_depth05_flight_parties.py::test_bad_party_counts_rejected_before_quotes_are_written[0] PASSED [  6%]
tests/test_depth05_flight_parties.py::test_bad_party_counts_rejected_before_quotes_are_written[10] PASSED [  6%]
tests/test_depth05_flight_parties.py::test_bad_party_counts_rejected_before_quotes_are_written[True] PASSED [  7%]
tests/test_depth05_flight_parties.py::test_bad_party_counts_rejected_before_quotes_are_written[2] PASSED [  7%]
tests/test_depth05_flight_parties.py::test_bad_party_counts_rejected_before_quotes_are_written[1.5] PASSED [  7%]
tests/test_depth05_flight_parties.py::test_composition_rejects_different_party_sizes PASSED [  7%]
tests/test_depth05_flight_parties.py::test_missing_phantom_and_unsupported_passengers_never_create_order[passengers0] PASSED [  7%]
tests/test_depth05_flight_parties.py::test_missing_phantom_and_unsupported_passengers_never_create_order[passengers1] PASSED [  8%]
tests/test_depth05_flight_parties.py::test_missing_phantom_and_unsupported_passengers_never_create_order[passengers2] PASSED [  8%]
tests/test_depth05_flight_parties.py::test_nine_adult_boundary_and_server_count_cannot_be_changed_at_order_time PASSED [  8%]
tests/test_depth05_flight_parties.py::test_vault_party_rejects_duplicate_and_revoked_travelers PASSED [  8%]
tests/test_depth05_flight_parties.py::test_change_surcharge_refund_survives_partial_failure_and_process_restart PASSED [  9%]
tests/test_depth05_flight_parties.py::test_change_authorization_failure_preserves_claim_and_can_resume PASSED [  9%]
tests/test_depth05_flight_parties.py::test_simultaneous_flight_refund_requests_return_one_durable_refund PASSED [  9%]
tests/test_depth06_rental_settlement.py::test_longer_shorter_longer_then_cancel_returns_every_capture_once PASSED [  9%]
tests/test_depth06_rental_settlement.py::test_quote_is_explicit_bound_to_amount_owner_and_dates PASSED [ 10%]
tests/test_depth06_rental_settlement.py::test_expired_quote_and_mismatched_order_do_not_move_money PASSED [ 10%]
tests/test_depth06_rental_settlement.py::test_topup_failure_is_recoverable_and_blocks_competing_actions PASSED [ 10%]
tests/test_depth06_rental_settlement.py::test_partial_refund_worker_restart_reuses_frozen_allocations[shorten] PASSED [ 10%]
tests/test_depth06_rental_settlement.py::test_partial_refund_worker_restart_reuses_frozen_allocations[cancel] PASSED [ 10%]
tests/test_depth06_rental_settlement.py::test_competing_quotes_only_one_can_change_order PASSED [ 11%]
tests/test_depth06_rental_settlement.py::test_same_quote_concurrent_retries_charge_once PASSED [ 11%]
tests/test_depth06_rental_settlement.py::test_equal_price_change_does_not_add_money_movements PASSED [ 11%]
tests/test_depth06_rental_settlement.py::test_staging_cannot_run_rental_simulator PASSED [ 11%]
tests/test_depth08_hosted_fare.py::test_supplier_rules_reject_ambiguous_or_forbidden_terms[stay_credit_days-366-365] PASSED [ 12%]
tests/test_depth08_hosted_fare.py::test_supplier_rules_reject_ambiguous_or_forbidden_terms[stay_credit_scope-GO_WALLET-PROPERTY_ONLY] PASSED [ 12%]
tests/test_depth08_hosted_fare.py::test_supplier_rules_reject_ambiguous_or_forbidden_terms[change_allowed-yes-BOOLEAN] PASSED [ 12%]
tests/test_depth08_hosted_fare.py::test_supplier_rules_reject_ambiguous_or_forbidden_terms[check_in_hour-True-CHECK_IN] PASSED [ 12%]
tests/test_depth08_hosted_fare.py::test_supplier_rules_reject_ambiguous_or_forbidden_terms[no_show_fee_basis_points-10001-NO_SHOW] PASSED [ 12%]
tests/test_depth08_hosted_fare.py::test_supplier_rules_reject_ambiguous_or_forbidden_terms[cancellation_tiers-value5-COMPLETE] PASSED [ 13%]
tests/test_depth08_hosted_fare.py::test_rule_publication_is_versioned_order_snapshot_is_not_retroactive PASSED [ 13%]
tests/test_depth08_hosted_fare.py::test_cancellation_quote_consent_atomic_inventory_money_and_idempotent_replay[True-0] PASSED [ 13%]
tests/test_depth08_hosted_fare.py::test_cancellation_quote_consent_atomic_inventory_money_and_idempotent_replay[False-81000] PASSED [ 13%]
tests/test_depth08_hosted_fare.py::test_fare_quote_owner_expiry_stale_state_and_hash_are_enforced PASSED [ 14%]
tests/test_depth08_hosted_fare.py::test_cooling_and_tier_boundaries_force_fresh_quote PASSED [ 14%]
tests/test_depth08_hosted_fare.py::test_unconfigured_old_order_never_inherits_new_fee_rule PASSED [ 14%]
tests/test_depth08_hosted_fare.py::test_confirmed_free_release_and_old_cancel_routes_cannot_bypass_fare PASSED [ 14%]
tests/test_depth08_hosted_fare.py::test_money_or_projection_fault_rolls_back_quote_fee_release_and_inventory PASSED [ 15%]
tests/test_depth08_hosted_fare.py::test_parallel_cancel_quotes_settle_exactly_once PASSED [ 15%]
tests/test_depth08_hosted_fare.py::test_no_show_deadline_rule_approval_inventory_and_original_fee_refund[0] PASSED [ 15%]
tests/test_depth08_hosted_fare.py::test_no_show_deadline_rule_approval_inventory_and_original_fee_refund[8000] PASSED [ 15%]
tests/test_depth08_hosted_fare.py::test_no_show_deadline_rule_approval_inventory_and_original_fee_refund[10000] PASSED [ 15%]
tests/test_depth08_hosted_fare.py::test_cancelled_fee_can_be_disputed_without_reopening_or_fabricating_a_stay PASSED [ 16%]
tests/test_depth09_hotel_replication.py::test_declared_rooms_are_captured_with_exact_facts_and_image_bindings PASSED [ 16%]
tests/test_depth09_hotel_replication.py::test_official_capture_rejects_or_holds_ambiguous_and_incomplete_sources[wrong_hotel] PASSED [ 16%]
tests/test_depth09_hotel_replication.py::test_official_capture_rejects_or_holds_ambiguous_and_incomplete_sources[cross_origin] PASSED [ 16%]
tests/test_depth09_hotel_replication.py::test_official_capture_rejects_or_holds_ambiguous_and_incomplete_sources[foreign_parent] PASSED [ 17%]
tests/test_depth09_hotel_replication.py::test_official_capture_rejects_or_holds_ambiguous_and_incomplete_sources[missing_page] PASSED [ 17%]
tests/test_depth09_hotel_replication.py::test_official_capture_rejects_or_holds_ambiguous_and_incomplete_sources[budget] PASSED [ 17%]
tests/test_depth09_hotel_replication.py::test_official_capture_rejects_or_holds_ambiguous_and_incomplete_sources[missing_id] PASSED [ 17%]
tests/test_depth09_hotel_replication.py::test_official_capture_rejects_or_holds_ambiguous_and_incomplete_sources[duplicate_room] PASSED [ 17%]
tests/test_depth09_hotel_replication.py::test_no_room_directory_and_arbitrary_images_do_not_become_complete_catalog PASSED [ 18%]
tests/test_depth09_hotel_replication.py::test_name_address_alone_stays_draft_and_manual_publish_is_blocked PASSED [ 18%]
tests/test_depth09_hotel_replication.py::test_name_only_match_does_not_merge_separate_properties PASSED [ 18%]
tests/test_depth09_hotel_replication.py::test_same_name_and_address_resolves_identity_across_sources PASSED [ 18%]
tests/test_depth09_hotel_replication.py::test_concurrent_identical_import_has_one_profile_snapshot_and_version PASSED [ 19%]
tests/test_depth09_hotel_replication.py::test_concurrent_changed_snapshots_keep_stable_provider_identity PASSED [ 19%]
tests/test_depth09_hotel_replication.py::test_obsolete_source_fields_are_removed_without_historical_conflicts PASSED [ 19%]
tests/test_depth09_hotel_replication.py::test_full_catalog_cache_can_publish_and_replay_without_growth PASSED [ 19%]
tests/test_depth09_hotel_replication.py::test_bad_update_preserves_last_good_public_version PASSED [ 20%]
tests/test_depth09_hotel_replication.py::test_manual_unpublish_survives_recompose_and_updates PASSED [ 20%]
tests/test_depth09_hotel_replication.py::test_publication_checks_real_media_and_exact_catalog_evidence[file_deleted] PASSED [ 20%]
tests/test_depth09_hotel_replication.py::test_publication_checks_real_media_and_exact_catalog_evidence[file_corrupted] PASSED [ 20%]
tests/test_depth09_hotel_replication.py::test_publication_checks_real_media_and_exact_catalog_evidence[rights_revoked] PASSED [ 20%]
tests/test_depth09_hotel_replication.py::test_publication_checks_real_media_and_exact_catalog_evidence[wrong_room] PASSED [ 21%]
tests/test_depth09_hotel_replication.py::test_publication_checks_real_media_and_exact_catalog_evidence[wrong_hotel] PASSED [ 21%]
tests/test_depth09_hotel_replication.py::test_publication_checks_real_media_and_exact_catalog_evidence[wrong_source_url] PASSED [ 21%]
tests/test_depth09_hotel_replication.py::test_publication_checks_real_media_and_exact_catalog_evidence[duplicates] PASSED [ 21%]
tests/test_depth09_hotel_replication.py::test_publication_checks_real_media_and_exact_catalog_evidence[unreviewed_inventory] PASSED [ 22%]
tests/test_depth09_hotel_replication.py::test_publication_checks_real_media_and_exact_catalog_evidence[missing_core_fact] PASSED [ 22%]
tests/test_depth09_hotel_replication.py::test_publication_checks_real_media_and_exact_catalog_evidence[room_set_mismatch] PASSED [ 22%]
tests/test_depth09_hotel_replication.py::test_regional_finished_work_with_incomplete_catalog_is_not_completed PASSED [ 22%]
tests/test_depth09_hotel_replication.py::test_read_only_admin_cannot_change_catalog_or_publish[/sources/ingest] PASSED [ 22%]
tests/test_depth09_hotel_replication.py::test_read_only_admin_cannot_change_catalog_or_publish[/media/harvest] PASSED [ 23%]
tests/test_depth09_hotel_replication.py::test_read_only_admin_cannot_change_catalog_or_publish[/factory/hotels/test/publication] PASSED [ 23%]
tests/test_depth09_hotel_replication.py::test_discovery_api_reports_collection_separately_from_ready_catalog PASSED [ 23%]
tests/test_depth09_hotel_replication.py::test_two_official_photos_are_copied_without_inventing_a_third PASSED [ 23%]
tests/test_depth09_hotel_replication.py::test_unrelated_approved_images_never_enter_the_public_page PASSED [ 24%]
tests/test_depth09_hotel_replication.py::test_ten_hotel_replication_replay_keeps_identity_and_room_media_separate PASSED [ 24%]
tests/test_depth09_hotel_replication.py::test_malformed_catalog_is_incomplete_and_cannot_crash_the_gate[bad0] PASSED [ 24%]
tests/test_depth09_hotel_replication.py::test_malformed_catalog_is_incomplete_and_cannot_crash_the_gate[bad1] PASSED [ 24%]
tests/test_depth09_hotel_replication.py::test_malformed_catalog_is_incomplete_and_cannot_crash_the_gate[bad2] PASSED [ 25%]
tests/test_depth09_hotel_replication.py::test_malformed_catalog_is_incomplete_and_cannot_crash_the_gate[bad3] PASSED [ 25%]
tests/test_depth09_hotel_replication.py::test_explicit_target_cannot_reassign_an_existing_source_identity PASSED [ 25%]
tests/test_depth09_hotel_replication.py::test_failed_composition_rolls_back_source_and_profile_together PASSED [ 25%]
tests/test_depth09_hotel_replication.py::test_bounded_parallel_batch_preserves_order_and_isolates_failed_hotel PASSED [ 25%]
tests/test_depth10_disruption_recovery.py::test_guest_liability_hold_cannot_pay_and_only_new_evidence_reopens_with_history PASSED [ 26%]
tests/test_depth10_disruption_recovery.py::test_expired_mandate_does_not_debit_bank PASSED [ 26%]
tests/test_depth10_disruption_recovery.py::test_refund_interruption_cannot_start_compensation_and_retry_is_exact PASSED [ 26%]
tests/test_depth10_disruption_recovery.py::test_concurrent_recovery_and_legacy_guard_preserve_finite_fund PASSED [ 26%]
tests/test_depth10_disruption_recovery.py::test_repeated_mandate_document_cannot_change_limit_or_resurrect_revoked_authority PASSED [ 27%]
tests/test_depth11_catalog_money_facts.py::test_bridge_import_uses_recorded_payment_amount_and_atomic_rollback PASSED [ 27%]
tests/test_depth11_catalog_money_facts.py::test_unknown_payment_fact_blocks_supplier_request_before_cancel PASSED [ 27%]
tests/test_depth11_catalog_money_facts.py::test_supplier_fault_refunds_captured_change_difference_from_its_own_root PASSED [ 27%]
tests/test_depth11_catalog_money_facts.py::test_second_source_refund_failure_rolls_back_both_sources_and_resumes PASSED [ 27%]
tests/test_depth12_credit_after_sales.py::test_customer_cancel_refunds_only_supplement_and_restores_credit_without_extending PASSED [ 28%]
tests/test_depth12_credit_after_sales.py::test_lower_price_forfeiture_is_preserved_after_customer_cancellation PASSED [ 28%]
tests/test_depth12_credit_after_sales.py::test_customer_cancellation_uses_accepted_tiers_even_if_supplier_rule_changes PASSED [ 28%]
tests/test_depth12_credit_after_sales.py::test_cash_refund_failure_keeps_credit_unavailable_until_atomic_retry PASSED [ 28%]
tests/test_depth12_credit_after_sales.py::test_customer_cancel_unknown_response_queries_before_restoring PASSED [ 29%]
tests/test_depth12_credit_after_sales.py::test_restored_credit_after_expiry_does_not_gain_a_new_year PASSED [ 29%]
tests/test_depth12_parent_money_budget.py::test_refund_cannot_borrow_another_capture_budget_within_same_root PASSED [ 29%]
tests/test_depth12_parent_money_budget.py::test_capture_cannot_borrow_another_authorization_budget_within_same_root PASSED [ 29%]
tests/test_depth14_cash_fare.py::test_two_higher_changes_charge_only_remaining_difference_and_refund_each_capture PASSED [ 30%]
tests/test_depth14_cash_fare.py::test_high_low_high_forfeits_lower_difference_without_future_offset PASSED [ 30%]
tests/test_depth14_cash_fare.py::test_prior_partial_refund_reduces_current_cancel_basis_and_budget PASSED [ 30%]
tests/test_depth14_cash_fare.py::test_second_refund_failure_rolls_back_all_and_resumes_after_cancelled PASSED [ 30%]
tests/test_depth14_cash_fare.py::test_supplier_reply_loss_queries_confirmed_result_without_redispatch[CANCEL] PASSED [ 30%]
tests/test_depth14_cash_fare.py::test_supplier_reply_loss_queries_confirmed_result_without_redispatch[CHANGE] PASSED [ 31%]
tests/test_depth14_cash_fare.py::test_unknown_change_keeps_authorization_and_blocks_other_money_and_business_paths PASSED [ 31%]
tests/test_depth14_cash_fare.py::test_definitive_change_rejection_releases_only_its_authorization PASSED [ 31%]
tests/test_depth14_cash_fare.py::test_payment_decline_does_not_send_change_and_cannot_be_replayed_as_success PASSED [ 31%]
tests/test_depth14_cash_fare.py::test_capture_failure_keeps_confirmed_supplier_change_and_requires_payment_consent PASSED [ 32%]
tests/test_depth14_cash_fare.py::test_capture_ledger_failure_resumes_without_reauthorizing_or_rechanging PASSED [ 32%]
tests/test_depth14_cash_fare.py::test_authorization_ledger_failure_keeps_accepted_plan_and_resumes_once PASSED [ 32%]
tests/test_depth14_cash_fare.py::test_query_confirmation_for_different_dates_cannot_complete_this_change PASSED [ 32%]
tests/test_depth14_cash_fare.py::test_four_competing_change_quotes_have_one_claim_and_one_additional_capture PASSED [ 32%]
tests/test_depth14_cash_fare.py::test_expired_quote_and_changed_money_facts_never_dispatch PASSED [ 33%]
tests/test_depth14_cash_fare.py::test_quote_tampering_and_wrong_action_do_not_claim_order PASSED [ 33%]
tests/test_depth14_cash_fare.py::test_lost_inventory_is_rejected_and_reconciled_without_charging PASSED [ 33%]
tests/test_depth14_cash_fare.py::test_historical_rule_without_fee_refund_policy_is_not_retroactively_invented PASSED [ 33%]
tests/test_depth14_cash_fare.py::test_zero_or_negative_repriced_room_is_not_offered PASSED [ 34%]
tests/test_depth14_cash_fare.py::test_new_change_after_partial_refund_requires_room_value_allocation PASSED [ 34%]
tests/test_depth14_cash_fare.py::test_lower_change_cancellation_cannot_refund_or_spend_the_forfeited_difference PASSED [ 34%]
tests/test_depth14_cash_fare.py::test_rejected_quote_can_be_replaced_by_new_customer_quote PASSED [ 34%]
tests/test_depth15_migration.py::test_source_exclusion_migration_roundtrip_preserves_old_full_capture_allocation PASSED [ 35%]
tests/test_depth15_migration.py::test_downgrade_cannot_drop_a_nonzero_exclusion_and_revive_forfeited_source_value PASSED [ 35%]
tests/test_depth19_api_migration.py::test_http_read_no_store_and_owner_isolation PASSED [ 35%]
tests/test_depth19_api_migration.py::test_http_fact_write_requires_go_admin_and_rule_permission PASSED [ 35%]
tests/test_depth19_api_migration.py::test_http_binding_options_revision_and_customer_rules PASSED [ 35%]
tests/test_depth19_api_migration.py::test_authority_api_two_reviewers_and_ops_hold_queue PASSED [ 36%]
tests/test_depth19_api_migration.py::test_migration_roundtrip_preserves_legacy_and_refuses_fact_evidence_loss PASSED [ 36%]
tests/test_depth19_api_migration.py::test_malformed_signed_fact_fields_return_controlled_errors[kind-value0] PASSED [ 36%]
tests/test_depth19_api_migration.py::test_malformed_signed_fact_fields_return_controlled_errors[subject-value1] PASSED [ 36%]
tests/test_depth19_api_migration.py::test_malformed_signed_fact_fields_return_controlled_errors[data-value2] PASSED [ 37%]
tests/test_depth19_api_migration.py::test_malformed_signed_fact_fields_return_controlled_errors[data-value3] PASSED [ 37%]
tests/test_depth20_attraction_contract.py::test_persisted_quote_binds_session_party_and_locked_total PASSED [ 37%]
tests/test_depth20_attraction_contract.py::test_unquoted_order_and_unlisted_session_are_rejected PASSED [ 37%]
tests/test_depth20_attraction_contract.py::test_client_cannot_change_quote_terms[quantity-1] PASSED [ 37%]
tests/test_depth20_attraction_contract.py::test_client_cannot_change_quote_terms[currency-USD] PASSED [ 38%]
tests/test_depth20_attraction_contract.py::test_client_cannot_change_quote_terms[visit_date-2030-01-01] PASSED [ 38%]
tests/test_depth20_attraction_contract.py::test_client_cannot_change_quote_terms[session_time-03:17] PASSED [ 38%]
tests/test_depth20_attraction_contract.py::test_client_cannot_change_quote_terms[offer_id-teamlab_planets] PASSED [ 38%]
tests/test_depth20_attraction_contract.py::test_quantity_and_attendees_must_match PASSED [ 39%]
tests/test_depth20_attraction_contract.py::test_cross_account_and_changed_person_cannot_reuse_consumed_quote PASSED [ 39%]
tests/test_depth20_attraction_contract.py::test_current_inventory_is_rechecked_before_order_creation PASSED [ 39%]
tests/test_depth20_attraction_contract.py::test_locked_price_and_refund_terms_do_not_change_with_catalog PASSED [ 39%]
tests/test_depth20_attraction_contract.py::test_expired_quote_cannot_be_consumed PASSED [ 40%]
tests/test_depth20_attraction_contract.py::test_parallel_consumption_makes_one_order PASSED [ 40%]
tests/test_depth20_attraction_contract.py::test_failed_evidence_rolls_back_contract_and_order PASSED [ 40%]
tests/test_depth20_attraction_contract.py::test_declared_child_cannot_use_an_adult_product_quote PASSED [ 40%]
tests/test_depth23_capacity.py::test_concurrent_distinct_quotes_share_one_capacity[RAIL-9-2] PASSED [ 40%]
tests/test_depth23_capacity.py::test_concurrent_distinct_quotes_share_one_capacity[ATTRACTION-12-2] PASSED [ 41%]
tests/test_depth23_capacity.py::test_cancel_unpaid_releases_once_and_blocks_later_payment[RAIL] PASSED [ 41%]
tests/test_depth23_capacity.py::test_cancel_unpaid_releases_once_and_blocks_later_payment[ATTRACTION] PASSED [ 41%]
tests/test_depth23_capacity.py::test_payment_started_cannot_release_capacity[RAIL] PASSED [ 41%]
tests/test_depth23_capacity.py::test_payment_started_cannot_release_capacity[ATTRACTION] PASSED [ 42%]
tests/test_depth23_capacity.py::test_refund_only_releases_after_confirmed_money[RAIL] PASSED [ 42%]
tests/test_depth23_capacity.py::test_refund_only_releases_after_confirmed_money[ATTRACTION] PASSED [ 42%]
tests/test_depth23_capacity.py::test_rail_change_holds_both_dates_until_result_then_releases_correct_pool[TICKETED] PASSED [ 42%]
tests/test_depth23_capacity.py::test_rail_change_holds_both_dates_until_result_then_releases_correct_pool[FAILED] PASSED [ 42%]
tests/test_depth23_capacity.py::test_attraction_change_and_redemption_retain_current_session_capacity PASSED [ 43%]
tests/test_depth23_capacity.py::test_attraction_same_session_change_does_not_double_reserve PASSED [ 43%]
tests/test_depth23_capacity.py::test_date_and_session_pools_are_isolated PASSED [ 43%]
tests/test_depth23_capacity.py::test_same_prebook_replay_does_not_allocate_twice PASSED [ 43%]
tests/test_depth23_capacity.py::test_train_capacity_is_shared_across_overlapping_station_queries PASSED [ 44%]
tests/test_depth23_capacity.py::test_migration_blocks_allocated_history_loss PASSED [ 44%]
tests/test_depth23_capacity.py::test_legacy_orders_are_not_silently_ignored[RAIL] PASSED [ 44%]
tests/test_depth23_capacity.py::test_legacy_orders_are_not_silently_ignored[ATTRACTION] PASSED [ 44%]
tests/test_depth23_capacity.py::test_order_commit_failure_rolls_back_capacity PASSED [ 45%]
tests/test_depth23_capacity.py::test_capacity_survives_process_exit PASSED [ 45%]
tests/test_depth23_capacity.py::test_started_payment_wins_race_against_unpaid_cancellation PASSED [ 45%]
tests/test_depth23_capacity.py::test_attraction_change_cannot_reserve_full_target PASSED [ 45%]
tests/test_depth23_capacity.py::test_rail_change_target_full_rejects_before_supplemental_authorization PASSED [ 45%]
tests/test_depth26_control_bridge.py::test_authenticated_command_evidence_roundtrip PASSED [ 46%]
tests/test_depth26_control_bridge.py::test_lost_receipt_and_node_restart_do_not_repeat_probe PASSED [ 46%]
tests/test_depth26_control_bridge.py::test_old_lease_and_conflicting_result_are_rejected PASSED [ 46%]
tests/test_depth26_control_bridge.py::test_expired_task_and_bounded_delivery_attempts PASSED [ 46%]
tests/test_depth26_control_bridge.py::test_parallel_lease_has_single_owner PASSED [ 47%]
tests/test_depth26_control_bridge.py::test_operator_observes_expiry_without_node_poll PASSED [ 47%]
tests/test_depth26_control_bridge.py::test_write_actions_are_unavailable[shell] PASSED [ 47%]
tests/test_depth26_control_bridge.py::test_write_actions_are_unavailable[service_restart] PASSED [ 47%]
tests/test_depth26_control_bridge.py::test_write_actions_are_unavailable[runtime_cutover] PASSED [ 47%]
tests/test_depth26_control_bridge.py::test_write_actions_are_unavailable[db_write] PASSED [ 48%]
tests/test_depth26_control_bridge.py::test_write_actions_are_unavailable[deploy] PASSED [ 48%]
tests/test_depth26_control_bridge.py::test_write_actions_are_unavailable[set_authority] PASSED [ 48%]
tests/test_depth26_control_bridge.py::test_transport_rejects_unapproved_url_shapes[http://goaidirect.cn] PASSED [ 48%]
tests/test_depth26_control_bridge.py::test_transport_rejects_unapproved_url_shapes[https://127.0.0.1] PASSED [ 49%]
tests/test_depth26_control_bridge.py::test_transport_rejects_unapproved_url_shapes[https://localhost] PASSED [ 49%]
tests/test_depth26_control_bridge.py::test_transport_rejects_unapproved_url_shapes[https://[::1]] PASSED [ 49%]
tests/test_depth26_control_bridge.py::test_transport_rejects_unapproved_url_shapes[https://10.0.0.1] PASSED [ 49%]
tests/test_depth26_control_bridge.py::test_transport_rejects_unapproved_url_shapes[https://user:pass@example.com] PASSED [ 50%]
tests/test_depth26_control_bridge.py::test_transport_rejects_unapproved_url_shapes[https://example.com?token=secret] PASSED [ 50%]
tests/test_depth26_control_bridge.py::test_wrong_signature_does_not_execute PASSED [ 50%]
tests/test_depth26_control_bridge.py::test_probe_failure_cannot_be_a_passing_gate PASSED [ 50%]
tests/test_depth26_control_bridge.py::test_task_id_is_bound_to_intent PASSED [ 50%]
tests/test_depth26_control_bridge.py::test_file_probe_cannot_escape_approved_root PASSED [ 51%]
tests/test_depth26_control_bridge.py::test_node_cannot_claim_success_without_running PASSED [ 51%]
tests/test_depth31_refund_consent.py::test_confirmed_refund_binds_owner_order_terms_and_replay[RAIL] PASSED [ 51%]
tests/test_depth31_refund_consent.py::test_confirmed_refund_binds_owner_order_terms_and_replay[ATTRACTION] PASSED [ 51%]
tests/test_depth31_refund_consent.py::test_quote_is_rechecked_inside_order_lock_before_money[RAIL] PASSED [ 52%]
tests/test_depth31_refund_consent.py::test_quote_is_rechecked_inside_order_lock_before_money[ATTRACTION] PASSED [ 52%]
tests/test_depth31_refund_consent.py::test_confirmed_endpoint_body_is_strict[body0] PASSED [ 52%]
tests/test_depth31_refund_consent.py::test_confirmed_endpoint_body_is_strict[body1] PASSED [ 52%]
tests/test_depth31_refund_consent.py::test_confirmed_endpoint_body_is_strict[body2] PASSED [ 52%]
tests/test_depth31_refund_consent.py::test_confirmed_endpoint_body_is_strict[body3] PASSED [ 53%]
tests/test_depth31_refund_consent.py::test_confirmed_endpoint_body_is_strict[body4] PASSED [ 53%]
tests/test_depth35_refresh_scope.py::test_wrong_consumer_end_does_not_consume_console_refresh_or_csrf[/v1/mobile/auth/refresh-SUPPLIER_USER] PASSED [ 53%]
tests/test_depth35_refresh_scope.py::test_wrong_consumer_end_does_not_consume_console_refresh_or_csrf[/v1/mobile/auth/refresh-GO_ADMIN] PASSED [ 53%]
tests/test_depth35_refresh_scope.py::test_wrong_consumer_end_does_not_consume_console_refresh_or_csrf[/v1/consumer/auth/refresh-SUPPLIER_USER] PASSED [ 54%]
tests/test_depth35_refresh_scope.py::test_wrong_consumer_end_does_not_consume_console_refresh_or_csrf[/v1/consumer/auth/refresh-GO_ADMIN] PASSED [ 54%]
tests/test_depth35_refresh_scope.py::test_console_end_does_not_consume_consumer_refresh PASSED [ 54%]
tests/test_depth35_refresh_scope.py::test_matching_end_rotates_once_and_old_refresh_cannot_be_reused[CONSUMER] PASSED [ 54%]
tests/test_depth35_refresh_scope.py::test_matching_end_rotates_once_and_old_refresh_cannot_be_reused[SUPPLIER_USER] PASSED [ 55%]
tests/test_depth35_refresh_scope.py::test_matching_end_rotates_once_and_old_refresh_cannot_be_reused[GO_ADMIN] PASSED [ 55%]
tests/test_depth35_refresh_scope.py::test_mobile_logout_revokes_only_its_bearer_session_and_refresh PASSED [ 55%]
tests/test_depth42_cross_end_journeys.py::test_six_vertical_paid_refunded_money_and_three_actor_same_order PASSED [ 55%]
tests/test_depth42_cross_end_journeys.py::test_go_trip_includes_all_six_unpaid_and_terminal_orders_without_other_accounts PASSED [ 55%]
tests/test_depth42_cross_end_journeys.py::test_money_uncertainty_and_projection_cannot_grant_supplier_ownership[ledger] PASSED [ 56%]
tests/test_depth42_cross_end_journeys.py::test_money_uncertainty_and_projection_cannot_grant_supplier_ownership[currency] PASSED [ 56%]
tests/test_depth42_cross_end_journeys.py::test_money_uncertainty_and_projection_cannot_grant_supplier_ownership[pending] PASSED [ 56%]
tests/test_depth42_cross_end_journeys.py::test_money_uncertainty_and_projection_cannot_grant_supplier_ownership[projection_owner] PASSED [ 56%]
tests/test_depth42_cross_end_journeys.py::test_hotel_refund_interruption_keeps_trip_pending_until_original_money_completes PASSED [ 57%]
tests/test_final_depth_terminal_hardening.py::test_flight_old_quote_cannot_execute_after_refund PASSED [ 57%]
tests/test_final_depth_terminal_hardening.py::test_attraction_expired_quote_fails_closed PASSED [ 57%]
tests/test_final_depth_terminal_hardening.py::test_ride_unknown_from_in_progress_restores_in_progress PASSED [ 57%]
tests/test_final_depth_terminal_hardening.py::test_late_supplier_fact_cannot_resurrect_completed_ride PASSED [ 57%]
tests/test_final_depth_terminal_hardening.py::test_ride_unknown_can_converge_to_failed PASSED [ 58%]
tests/test_final_depth_terminal_hardening.py::test_attraction_redeem_evidence_keeps_consumed_credential PASSED [ 58%]
tests/test_final_depth_terminal_hardening.py::test_same_supplier_fact_replay_does_not_append_events PASSED [ 58%]
tests/test_first_paired_connector_pilot.py::test_real_external_pilot_is_hard_blocked_without_supplier_inputs PASSED [ 58%]
tests/test_first_paired_connector_pilot.py::test_pair_requires_hotel_and_payment_verticals PASSED [ 59%]
tests/test_first_paired_connector_pilot.py::test_execution_requires_smoke_and_rollback_gate PASSED [ 59%]
tests/test_first_paired_connector_pilot.py::test_full_sandbox_order_cancel_refund_query_flow_and_joint_reconciliation PASSED [ 59%]
tests/test_first_paired_connector_pilot.py::test_execution_idempotency_and_canary_limit_prevent_duplicate_or_extra_run PASSED [ 59%]
tests/test_first_paired_connector_pilot.py::test_kill_switch_blocks_pilot_execution PASSED [ 60%]
tests/test_first_paired_connector_pilot.py::test_signed_callbacks_are_replay_safe_and_evidence_chain_is_linked PASSED [ 60%]
tests/test_golden_path.py::test_search_prebook_pay_book_confirm PASSED   [ 60%]
tests/test_hosted_direct_inventory_matrix.py::test_real_configuration_has_five_independent_pools_and_nine_variants PASSED [ 60%]
tests/test_hosted_direct_inventory_matrix.py::test_public_facts_are_structured_and_configuration_is_idempotent PASSED [ 60%]
tests/test_hosted_direct_inventory_matrix.py::test_breakfast_variants_share_atomic_physical_inventory_and_restore PASSED [ 61%]
tests/test_hotel_discovery_orchestrator.py::test_discovery_slice1_contract_is_present_and_bounded PASSED [ 61%]
tests/test_hotel_discovery_orchestrator.py::test_discovery_parser_prefers_structured_facts_and_does_not_copy_body_prose PASSED [ 61%]
tests/test_hotel_supply_sandbox_rc14.py::test_inline_secret_is_forbidden PASSED [ 61%]
tests/test_hotel_supply_sandbox_rc14.py::test_readiness_without_external_transport_is_explicit PASSED [ 62%]
tests/test_hotel_supply_sandbox_rc14.py::test_framework_certification_cannot_claim_external_connection PASSED [ 62%]
tests/test_hotel_supply_sandbox_rc14.py::test_external_certification_blocks_without_provider_executor PASSED [ 62%]
tests/test_hotel_supply_sandbox_rc14.py::test_mapping_requires_room_and_rate_plan PASSED [ 62%]
tests/test_master_v61_0822_policy.py::test_master_0822_controls PASSED   [ 62%]
tests/test_master_v61_0822_policy.py::test_subscription_pricing_locked PASSED [ 63%]
tests/test_master_v61_0822_policy.py::test_finance_base_outputs PASSED   [ 63%]
tests/test_master_v61_0822_policy.py::test_go_star_equivalent_labels PASSED [ 63%]
tests/test_omnichannel_payment_finance_os.py::test_global_idempotency_and_channel_selection PASSED [ 63%]
tests/test_omnichannel_payment_finance_os.py::test_timeout_blocks_resend_and_channel_fallback PASSED [ 64%]
tests/test_omnichannel_payment_finance_os.py::test_explicit_failure_allows_consented_switch_without_silent_fallback PASSED [ 64%]
tests/test_omnichannel_payment_finance_os.py::test_non_order_obligation_cannot_claim_order_reconciliation PASSED [ 64%]
tests/test_omnichannel_payment_finance_os.py::test_plain_credentials_and_real_executor_are_blocked PASSED [ 64%]
tests/test_omnichannel_payment_finance_os.py::test_signed_webhook_converges_once_and_replay_is_idempotent PASSED [ 65%]
tests/test_p0_0100_postgres_concurrency.py::test_order_payment_root_unique_under_postgres_race SKIPPED [ 65%]
tests/test_p0_design_code_freeze.py::test_design_and_code_static_freeze_is_complete_by_requirement_chain PASSED [ 65%]
tests/test_p0_design_code_freeze.py::test_provider_contracts_are_full_and_fail_closed_on_timeout_retry_and_version PASSED [ 65%]
tests/test_p0_design_code_freeze.py::test_vertical_adapter_requires_idempotency_evidence_and_attestation PASSED [ 65%]
tests/test_p0_design_code_freeze.py::test_unsupported_provider_capability_is_rejected PASSED [ 66%]
tests/test_p0_design_code_freeze.py::test_fallback_cannot_masquerade_as_official PASSED [ 66%]
tests/test_p0_design_code_freeze.py::test_unknown_external_state_does_not_become_success PASSED [ 66%]
tests/test_p0_design_code_freeze.py::test_vertical_specific_capabilities_and_facts_are_preserved PASSED [ 66%]
tests/test_p0_design_code_freeze.py::test_cancel_refund_state_machine_rejects_illegal_missing_evidence_and_terminal_mutation PASSED [ 67%]
tests/test_p0_design_code_freeze.py::test_static_freeze_never_claims_runtime_certification PASSED [ 67%]
tests/test_parent_p0_travel_intelligence_hotel_infra.py::test_tier5_admission_five_star_or_five_diamond_only PASSED [ 67%]
tests/test_parent_p0_travel_intelligence_hotel_infra.py::test_regional_star_tier_uses_evidence_rule PASSED [ 67%]
tests/test_parent_p0_travel_intelligence_hotel_infra.py::test_national_tier_sequence_starts_5_then_4 PASSED [ 67%]
tests/test_phase1_cross_domain_closure.py::test_all_day_one_verticals_share_required_capability_contract PASSED [ 68%]
tests/test_phase1_cross_domain_closure.py::test_direct_first_wins_even_when_fallback_is_present PASSED [ 68%]
tests/test_phase1_cross_domain_closure.py::test_fallback_requires_authority_availability_and_evidence PASSED [ 68%]
tests/test_phase1_cross_domain_closure.py::test_evidence_policy_forbids_timeout_resend_and_mock_success PASSED [ 68%]
tests/test_r82_admin_first_mfa_enrollment.py::test_admin_first_mfa_enrollment_login_logout_relogin PASSED [ 69%]
tests/test_rc179_regional_hotel_build_static.py::test_rc179_regional_build_contract PASSED [ 69%]
tests/test_rc179_regional_hotel_build_static.py::test_admin_no_longer_requires_single_hotel_seed_as_primary_entry PASSED [ 69%]
tests/test_rc179_regional_hotel_build_static.py::test_supplier_manual_add_is_retained_as_secondary_flow PASSED [ 69%]
tests/test_rc20_module_depth_contract.py::test_rc20_requires_five_real_dimensions_for_every_vertical PASSED [ 70%]
tests/test_rc20_module_depth_contract.py::test_rc20_does_not_equate_code_or_gate_with_external_live PASSED [ 70%]
tests/test_sprint1g_config.py::test_siteminder_requires_contracted_config PASSED [ 70%]
tests/test_sprint1j_merge.py::test_room_mapping_merges_equivalent_sources_and_official_wins PASSED [ 70%]
tests/test_sprint1j_merge.py::test_material_policy_difference_is_not_collapsed PASSED [ 70%]
tests/test_sprint1j_merge.py::test_price_and_inventory_drift_creates_event PASSED [ 71%]
tests/test_sprint1j_merge.py::test_merge_governance_api PASSED           [ 71%]
tests/test_sprint1n_supplier_compensation.py::test_supplier_fault_double_compensation_with_bank_debit PASSED [ 71%]
tests/test_sprint1n_supplier_compensation.py::test_supplier_fault_insufficient_funds_uses_protection_fund_and_negative_balance PASSED [ 71%]
tests/test_sprint1n_supplier_compensation.py::test_no_mandate_never_debits_bank PASSED [ 72%]
tests/test_sprint1n_supplier_compensation.py::test_external_cause_full_refund_no_double_compensation PASSED [ 72%]
tests/test_sprint1n_supplier_compensation.py::test_unknown_reason_requires_evidence_and_does_not_cancel PASSED [ 72%]
tests/test_sprint1n_supplier_compensation.py::test_idempotent_supplier_cancel_does_not_double_refund_or_compensate PASSED [ 72%]
tests/test_sprint1n_supplier_compensation.py::test_future_settlement_recovers_protection_fund_before_supplier_payout PASSED [ 72%]
tests/test_sprint1r_identity_security.py::test_supplier_dashboard_requires_auth_and_tenant_comes_from_token PASSED [ 73%]
tests/test_sprint1r_identity_security.py::test_admin_rbac_separates_finance_from_trust PASSED [ 73%]
tests/test_sprint1r_identity_security.py::test_refresh_and_session_revocation PASSED [ 73%]
tests/test_sprint1r_identity_security.py::test_dual_control_requires_distinct_second_admin PASSED [ 73%]
tests/test_sprint1r_identity_security.py::test_mutating_authenticated_request_writes_audit PASSED [ 74%]
tests/test_sprint1x_consumer_e2e.py::test_consumer_frontend_mount PASSED [ 74%]
tests/test_sprint1x_consumer_e2e.py::test_consumer_booking_trips_change_cancel_refund PASSED [ 74%]
tests/test_sprint1x_consumer_e2e.py::test_consumer_stay_credit_and_quick_review PASSED [ 74%]
tests/test_sprint2b_mobile_release.py::test_push_receipt_lifecycle_with_mock_provider PASSED [ 75%]
tests/test_sprint2b_mobile_release.py::test_mobile_release_artifacts_and_offline_contract_exist PASSED [ 75%]
tests/test_sprint2b_mobile_release.py::test_push_receipt_internal_api_is_not_public PASSED [ 75%]
tests/test_sprint3b_rail.py::test_rail_search_to_ticket_and_trip PASSED  [ 75%]
tests/test_sprint3b_rail.py::test_rail_change_reissues_ticket PASSED     [ 75%]
tests/test_sprint3b_rail.py::test_rail_refund_tracks_fee_and_original_payment PASSED [ 76%]
tests/test_sprint3b_rail.py::test_cross_account_rail_order_isolation PASSED [ 76%]
tests/test_sprint3f_journey_intelligence.py::test_flight_delay_detects_downstream_impacts_without_auto_mutation PASSED [ 76%]
tests/test_sprint3f_journey_intelligence.py::test_latest_and_acknowledge_and_isolation PASSED [ 76%]
tests/test_sprint3j_recovery_evidence_control.py::test_supplier_mutation_creates_command_ledger_and_operational_case PASSED [ 77%]
tests/test_sprint3j_recovery_evidence_control.py::test_poll_and_final_external_fact_are_chained_without_resend PASSED [ 77%]
tests/test_sprint3j_recovery_evidence_control.py::test_admin_control_plane_assigns_owner_but_exposes_no_supplier_fact_mutation PASSED [ 77%]
tests/test_sprint3j_recovery_evidence_control.py::test_manual_resolution_endpoint_requires_evidence_reference PASSED [ 77%]
tests/test_sprint3n_recovery_experimentation.py::test_experiment_requires_approval_and_candidate_approval PASSED [ 77%]
tests/test_sprint3n_recovery_experimentation.py::test_deterministic_assignment_and_min_sample_gate PASSED [ 78%]
tests/test_sprint3n_recovery_experimentation.py::test_promotion_requires_significance_and_strata_coverage PASSED [ 78%]
tests/test_sprint3n_recovery_experimentation.py::test_safety_guardrail_auto_degrades_candidate PASSED [ 78%]
tests/test_sprint3n_recovery_experimentation.py::test_admin_api_and_calibration_pipeline PASSED [ 78%]
tests/test_sprint3r_release_governance.py::test_immutable_config_versions_increment_and_dev_binding_tracks_latest PASSED [ 79%]
tests/test_sprint3r_release_governance.py::test_dry_run_requires_source_environment_binding_match PASSED [ 79%]
tests/test_sprint3r_release_governance.py::test_prod_requires_staging_evidence_and_maker_checker PASSED [ 79%]
tests/test_sprint3r_release_governance.py::test_explicit_rollback_target_restores_previous_prod_manifest PASSED [ 79%]
tests/test_sprint3r_release_governance.py::test_drift_detection_is_observational_and_does_not_auto_mutate_expected_binding PASSED [ 80%]
tests/test_sprint3r_release_governance.py::test_strategy_calibration_or_incident_change_can_be_snapshotted_as_release_config PASSED [ 80%]
tests/test_sprint3v_telemetry_trust_chain.py::test_signed_identity_envelope_verifies_and_binds_source_environment PASSED [ 80%]
tests/test_sprint3v_telemetry_trust_chain.py::test_nonce_sequence_replay_and_clock_skew_are_blocked PASSED [ 80%]
tests/test_sprint3v_telemetry_trust_chain.py::test_bad_signature_is_rejected PASSED [ 80%]
tests/test_sprint3v_telemetry_trust_chain.py::test_source_quorum_insufficient_forces_human_review_and_no_freeze PASSED [ 81%]
tests/test_sprint3v_telemetry_trust_chain.py::test_high_trust_quorum_allows_auto_freeze_but_not_supplier_mutation PASSED [ 81%]
tests/test_sprint3v_telemetry_trust_chain.py::test_policy_can_require_human_review_even_with_high_trust PASSED [ 81%]
tests/test_sprint3v_telemetry_trust_chain.py::test_old_3u_route_contract_is_hardened_when_automation_policy_active PASSED [ 81%]
tests/test_sprint3z_federated_trust.py::test_public_status_is_unknown_before_publication_and_good_after PASSED [ 82%]
tests/test_sprint3z_federated_trust.py::test_transparency_log_checkpoint_is_append_only_chained PASSED [ 82%]
tests/test_sprint3z_federated_trust.py::test_federated_admission_requires_fresh_good_status_and_transparency PASSED [ 82%]
tests/test_sprint3z_federated_trust.py::test_stale_status_denies_admission PASSED [ 82%]
tests/test_sprint3z_federated_trust.py::test_trust_assessment_requires_both_identity_statuses_when_3z_policy_active PASSED [ 82%]
tests/test_sprint3z_federated_trust.py::test_issuer_compromise_fans_out_revoke_status_and_removes_quorum PASSED [ 83%]
tests/test_sprint3z_federated_trust.py::test_cluster_policy_consistency_and_status_surface PASSED [ 83%]
tests/test_sprint3z_federated_trust.py::test_public_http_status_and_transparency_checkpoint_require_no_admin_auth PASSED [ 83%]
tests/test_sprint4d_trust_plane_chaos_readiness.py::test_policy_versions_and_supported_failure_catalog PASSED [ 83%]
tests/test_sprint4d_trust_plane_chaos_readiness.py::test_full_campaign_covers_witness_region_provider_checkpoint_archive_and_quorum PASSED [ 84%]
tests/test_sprint4d_trust_plane_chaos_readiness.py::test_witness_loss_recovery_failure_blocks_readiness PASSED [ 84%]
tests/test_sprint4d_trust_plane_chaos_readiness.py::test_rto_and_rpo_targets_are_hard_readiness_gates PASSED [ 84%]
tests/test_sprint4d_trust_plane_chaos_readiness.py::test_missing_required_scenario_blocks_production_readiness PASSED [ 84%]
tests/test_sprint4d_trust_plane_chaos_readiness.py::test_stale_chaos_evidence_fails_assessment PASSED [ 85%]
tests/test_sprint4d_trust_plane_chaos_readiness.py::test_open_real_disaster_blocks_gate_even_after_passing_drill PASSED [ 85%]
tests/test_sprint4d_trust_plane_chaos_readiness.py::test_passing_gate_allows_prod_until_evidence_expires PASSED [ 85%]
tests/test_sprint4h_enterprise_risk_portfolio.py::test_board_risk_limit_requires_two_distinct_approvers PASSED [ 85%]
tests/test_sprint4h_enterprise_risk_portfolio.py::test_position_requires_approved_acceptance_and_explicit_dimensions PASSED [ 85%]
tests/test_sprint4h_enterprise_risk_portfolio.py::test_aggregate_exposure_breach_activates_portfolio_freeze PASSED [ 86%]
tests/test_sprint4h_enterprise_risk_portfolio.py::test_team_domain_and_correlation_concentration_are_explicit PASSED [ 86%]
tests/test_sprint4h_enterprise_risk_portfolio.py::test_portfolio_freeze_blocks_new_waiver_and_new_executive_acceptance PASSED [ 86%]
tests/test_sprint4h_enterprise_risk_portfolio.py::test_4g_residual_risk_release_requires_registered_portfolio_position_when_limit_active PASSED [ 86%]
tests/test_sprint4h_enterprise_risk_portfolio.py::test_freeze_release_requires_portfolio_back_within_board_limit PASSED [ 87%]
tests/test_sprint4h_enterprise_risk_portfolio.py::test_expired_acceptance_drops_out_of_effective_portfolio_exposure PASSED [ 87%]
tests/test_sprint4l_forecast_model_promotion.py::test_champion_role_controls_runtime_even_if_newer_model_exists PASSED [ 87%]
tests/test_sprint4l_forecast_model_promotion.py::test_shadow_24h_requires_improvement_without_safety_degradation PASSED [ 87%]
tests/test_sprint4l_forecast_model_promotion.py::test_shadow_7d_is_separate_horizon_gate PASSED [ 87%]
tests/test_sprint4l_forecast_model_promotion.py::test_promotion_blocked_until_both_horizons_pass PASSED [ 88%]
tests/test_sprint4l_forecast_model_promotion.py::test_promotion_switches_champion_only_after_full_gate PASSED [ 88%]
tests/test_sprint4l_forecast_model_promotion.py::test_safety_degradation_blocks_challenger_even_with_lower_mae PASSED [ 88%]
tests/test_sprint4l_forecast_model_promotion.py::test_backtest_persists_horizon_and_segment_metrics PASSED [ 88%]
tests/test_sprint4l_forecast_model_promotion.py::test_governance_evidence_never_changes_supplier_fact PASSED [ 89%]
tests/test_sprint4p_model_artifact_governance.py::test_artifact_policy_requires_maker_checker PASSED [ 89%]
tests/test_sprint4p_model_artifact_governance.py::test_artifact_registry_binds_reproducible_4o_build_and_package_format PASSED [ 89%]
tests/test_sprint4p_model_artifact_governance.py::test_sbom_and_provenance_are_digest_bound_to_artifact PASSED [ 89%]
tests/test_sprint4p_model_artifact_governance.py::test_invalid_signed_build_attestation_is_rejected_from_promotion_binding PASSED [ 90%]
tests/test_sprint4p_model_artifact_governance.py::test_signed_attestation_integrity_and_promotion_binding_form_supply_chain PASSED [ 90%]
tests/test_sprint4p_model_artifact_governance.py::test_tamper_detection_invalidates_4l_backtest_even_after_previous_pass PASSED [ 90%]
tests/test_sprint4p_model_artifact_governance.py::test_4l_and_4m_cannot_bypass_signed_artifact_gate_when_policy_active PASSED [ 90%]
tests/test_sprint4p_model_artifact_governance.py::test_supplier_fact_boundary PASSED [ 90%]
tests/test_sprint4t_online_segment_governance.py::test_segment_observation_binds_team_domain_horizon PASSED [ 91%]
tests/test_sprint4t_online_segment_governance.py::test_duplicate_segment_observation_rejected PASSED [ 91%]
tests/test_sprint4t_online_segment_governance.py::test_insufficient_segment_sample_is_not_degraded PASSED [ 91%]
tests/test_sprint4t_online_segment_governance.py::test_bad_segment_detected_while_other_segment_can_pass PASSED [ 91%]
tests/test_sprint4t_online_segment_governance.py::test_horizon_isolated_segment_performance PASSED [ 92%]
tests/test_sprint4t_online_segment_governance.py::test_consecutive_segment_breach_triggers_retraining_request PASSED [ 92%]
tests/test_sprint4t_online_segment_governance.py::test_refresh_enters_existing_governed_pipeline_not_direct_promotion PASSED [ 92%]
tests/test_sprint4t_online_segment_governance.py::test_supplier_fact_boundary PASSED [ 92%]
tests/test_sprint4x_portfolio_champion_continuity.py::test_continuity_distinguishes_degrading_no_longer_optimal_and_unsafe PASSED [ 92%]
tests/test_sprint4x_portfolio_champion_continuity.py::test_only_4w_portfolio_winner_can_open_challenge PASSED [ 93%]
tests/test_sprint4x_portfolio_champion_continuity.py::test_multi_objective_safety_beats_single_score_gain PASSED [ 93%]
tests/test_sprint4x_portfolio_champion_continuity.py::test_candidate_must_be_materially_superior_before_replacement_approval PASSED [ 93%]
tests/test_sprint4x_portfolio_champion_continuity.py::test_superior_candidate_gets_approved_but_not_immediate_champion_replacement PASSED [ 93%]
tests/test_sprint4x_portfolio_champion_continuity.py::test_transition_reads_4r_canary_as_source_of_truth PASSED [ 94%]
tests/test_sprint4x_portfolio_champion_continuity.py::test_full_traffic_cannot_finalize_without_4v_production_proof PASSED [ 94%]
tests/test_sprint4x_portfolio_champion_continuity.py::test_safe_replacement_and_rollback_preserve_history_and_supplier_fact PASSED [ 94%]
tests/test_v61_app_lifespan.py::test_v61_app_declares_lifespan_without_deprecated_on_event_handlers PASSED [ 94%]
tests/test_v61_app_lifespan.py::test_v61_lifespan_preserves_legacy_startup_bootstrap_semantics PASSED [ 95%]
tests/test_wave04_v70_release_gate_contract.py::test_current_source_identity_does_not_inherit_historical_authority PASSED [ 95%]
tests/test_wave04_v70_release_gate_contract.py::test_source_candidate_head_is_0114_and_not_staging_fact PASSED [ 95%]
tests/test_wave04_v70_release_gate_contract.py::test_release_candidate_manifest_has_same_migration_truth_split PASSED [ 95%]
tests/test_wave04_v70_release_gate_contract.py::test_wave07_frg02_release_identity_binds_wave07_parent_sha PASSED [ 95%]
tests/test_wave04_v70_release_gate_contract.py::test_wave07_frg02_binding_is_not_deployed_and_has_source_sha PASSED [ 96%]
tests/test_wave04_v70_release_gate_contract.py::test_v70_gate_is_authoritative_and_present PASSED [ 96%]
tests/test_wave04_v70_release_gate_contract.py::test_0113_0114_migration_bytes_are_audit_frozen PASSED [ 96%]
tests/workbench/test_wave02_truth_gate_and_mobility_ownership.py::test_engineering_supplier_fixtures_fail_closed_in_production PASSED [ 96%]
tests/workbench/test_wave02_truth_gate_and_mobility_ownership.py::test_engineering_supplier_fixtures_are_explicitly_non_live_locally PASSED [ 97%]
tests/workbench/test_wave02_truth_gate_and_mobility_ownership.py::test_c04_c05_owned_paths_are_isolated_and_shared_facade_has_no_business_truth PASSED [ 97%]
tests/workbench/test_wave02_truth_gate_and_mobility_ownership.py::test_public_synthetic_supplier_routes_return_503_in_production PASSED [ 97%]
tests/workbench/test_wave07_provider_onboarding_governance_v1.py::test_p1_01_legacy_secret_write_is_hard_blocked_before_db_access PASSED [ 97%]
tests/workbench/test_wave07_provider_onboarding_governance_v1.py::test_p1_02_mapping_governance_is_vertical_neutral_for_all_six_verticals PASSED [ 97%]
tests/workbench/test_wave07_provider_onboarding_governance_v1.py::test_mapping_missing_section_blocks_progress_with_deterministic_blocker PASSED [ 98%]
tests/workbench/test_wave07_provider_onboarding_governance_v1.py::test_p1_03_readiness_eligibility_is_sandbox_only_and_never_live PASSED [ 98%]
tests/workbench/test_wave07_provider_onboarding_governance_v1.py::test_ai_cannot_grant_provider_eligibility PASSED [ 98%]
tests/workbench/test_wave07_provider_onboarding_governance_v1.py::test_recertification_trigger_is_fail_closed_for_all_governed_drift[contract] PASSED [ 98%]
tests/workbench/test_wave07_provider_onboarding_governance_v1.py::test_recertification_trigger_is_fail_closed_for_all_governed_drift[mapping] PASSED [ 99%]
tests/workbench/test_wave07_provider_onboarding_governance_v1.py::test_recertification_trigger_is_fail_closed_for_all_governed_drift[credential] PASSED [ 99%]
tests/workbench/test_wave07_provider_onboarding_governance_v1.py::test_recertification_trigger_is_fail_closed_for_all_governed_drift[expiry] PASSED [ 99%]
tests/workbench/test_wave07_provider_onboarding_governance_v1.py::test_recertification_trigger_is_fail_closed_for_all_governed_drift[revocation] PASSED [ 99%]
tests/workbench/test_wave07_provider_onboarding_governance_v1.py::test_illegal_state_jump_is_rejected PASSED [100%]

=============================== warnings summary ===============================
tests/test_depth09_hotel_replication.py: 175 warnings
  /workspace/scratch/000d6f24d8dd/go-depth-repair/application/src/go_hotel/services/media_harvester.py:79: DeprecationWarning: Image.Image.getdata is deprecated and will be removed in Pillow 14 (2027-10-15). Use get_flattened_data instead.
    px=list(g.getdata())

tests/test_depth19_api_migration.py: 5 warnings
tests/test_depth23_capacity.py: 5 warnings
  /workspace/scratch/000d6f24d8dd/go-depth-repair/.venv/lib/python3.12/site-packages/alembic/config.py:598: DeprecationWarning: No path_separator found in configuration; falling back to legacy splitting on spaces, commas, and colons for prepend_sys_path.  Consider adding path_separator=os to Alembic config.
    util.warn_deprecated(

-- Docs: https://docs.pytest.org/en/stable/how-to/capture-warnings.html
=========== 439 passed, 1 skipped, 185 warnings in 122.40s (0:02:02) ===========
