2026-09-12T02:13:11.7294336Z Current runner version: '2.337.0'
2026-09-12T02:13:11.7330877Z ##[group]Runner Image Provisioner
2026-09-12T02:13:11.7332209Z Hosted Compute Agent
2026-09-12T02:13:11.7333302Z Version: 20260828.587
2026-09-12T02:13:11.7334453Z Commit: abac92662cab4cc7352de4f9f9d2e2419aad9c29
2026-09-12T02:13:11.7335624Z Build Date: 2026-08-28T16:44:25Z
2026-09-12T02:13:11.7337159Z Worker ID: {9769d0d5-15a0-4549-b41c-cce65718e3b0}
2026-09-12T02:13:11.7338413Z Azure Region: eastus
2026-09-12T02:13:11.7339427Z ##[endgroup]
2026-09-12T02:13:11.7341745Z ##[group]Operating System
2026-09-12T02:13:11.7343262Z Ubuntu
2026-09-12T02:13:11.7344334Z 24.04.5
2026-09-12T02:13:11.7345246Z LTS
2026-09-12T02:13:11.7346140Z ##[endgroup]
2026-09-12T02:13:11.7347693Z ##[group]Runner Image
2026-09-12T02:13:11.7348792Z Image: ubuntu-24.04
2026-09-12T02:13:11.7349741Z Version: 20260907.300.1
2026-09-12T02:13:11.7351967Z Included Software: https://github.com/actions/runner-images/blob/ubuntu24/20260907.300/images/ubuntu/Ubuntu2404-Readme.md
2026-09-12T02:13:11.7354682Z Image Release: https://github.com/actions/runner-images/releases/tag/ubuntu24%2F20260907.300
2026-09-12T02:13:11.7356704Z ##[endgroup]
2026-09-12T02:13:11.7358581Z ##[group]GITHUB_TOKEN Permissions
2026-09-12T02:13:11.7361661Z Contents: read
2026-09-12T02:13:11.7362618Z Metadata: read
2026-09-12T02:13:11.7363486Z ##[endgroup]
2026-09-12T02:13:11.7367037Z Secret source: Actions
2026-09-12T02:13:11.7368771Z Cache mode: write
2026-09-12T02:13:11.7370203Z Prepare workflow directory
2026-09-12T02:13:11.7945376Z Prepare all required actions
2026-09-12T02:13:11.8017155Z Getting action download info
2026-09-12T02:13:12.0331653Z Download action repository 'actions/checkout@v4' (SHA:11d5960a326750d5838078e36cf38b85af677262)
2026-09-12T02:13:12.1625931Z Download action repository 'actions/setup-python@v5' (SHA:a26af69be951a213d495a4c3e4e4022e16d87065)
2026-09-12T02:13:12.2611720Z Download action repository 'actions/setup-node@v4' (SHA:49933ea5288caeca8642d1e84afbd3f7d6820020)
2026-09-12T02:13:12.3561075Z Download action repository 'actions/upload-artifact@v4' (SHA:ea165f8d65b6e75b540449e92b4886f43607fa02)
2026-09-12T02:13:12.6047858Z Complete job name: real-browser
2026-09-12T02:13:12.6928544Z Node 20 is being deprecated. This workflow is running with Node 24 by default. If you need to temporarily use Node 20, you can set the ACTIONS_ALLOW_USE_UNSECURE_NODE_VERSION=true environment variable. For more information see: https://github.blog/changelog/2025-09-19-deprecation-of-node-20-on-github-actions-runners/
2026-09-12T02:13:12.6937996Z ##[group]Run actions/checkout@v4
2026-09-12T02:13:12.6938834Z with:
2026-09-12T02:13:12.6939358Z   repository: yuguangzhi3836-glitch/GO
2026-09-12T02:13:12.6943498Z   token: ***
2026-09-12T02:13:12.6943983Z   ssh-strict: true
2026-09-12T02:13:12.6944467Z   ssh-user: git
2026-09-12T02:13:12.6944946Z   persist-credentials: true
2026-09-12T02:13:12.6945470Z   clean: true
2026-09-12T02:13:12.6945963Z   sparse-checkout-cone-mode: true
2026-09-12T02:13:12.6946744Z   fetch-depth: 1
2026-09-12T02:13:12.6947252Z   fetch-tags: false
2026-09-12T02:13:12.6947730Z   show-progress: true
2026-09-12T02:13:12.6948221Z   lfs: false
2026-09-12T02:13:12.6948728Z   submodules: false
2026-09-12T02:13:12.6949231Z   set-safe-directory: true
2026-09-12T02:13:12.6949795Z   allow-unsafe-pr-checkout: false
2026-09-12T02:13:12.6950623Z env:
2026-09-12T02:13:12.6951113Z   PYTHONDONTWRITEBYTECODE: 1
2026-09-12T02:13:12.6951649Z ##[endgroup]
2026-09-12T02:13:12.8679299Z Syncing repository: yuguangzhi3836-glitch/GO
2026-09-12T02:13:12.8682549Z ##[group]Getting Git version info
2026-09-12T02:13:12.8684242Z Working directory is '/home/runner/work/GO/GO'
2026-09-12T02:13:12.8692021Z [command]/usr/bin/git version
2026-09-12T02:13:12.8835489Z git version 2.55.0
2026-09-12T02:13:12.8882340Z ##[endgroup]
2026-09-12T02:13:12.8901874Z Temporarily overriding HOME='/home/runner/work/_temp/ca8a417e-d6cc-439b-abd2-3fa503a8055f' before making global git config changes
2026-09-12T02:13:12.8912902Z Adding repository directory to the temporary git global config as a safe directory
2026-09-12T02:13:12.8915842Z [command]/usr/bin/git config --global --add safe.directory /home/runner/work/GO/GO
2026-09-12T02:13:12.9029635Z Deleting the contents of '/home/runner/work/GO/GO'
2026-09-12T02:13:12.9038596Z ##[group]Initializing the repository
2026-09-12T02:13:12.9040390Z [command]/usr/bin/git init /home/runner/work/GO/GO
2026-09-12T02:13:12.9168489Z hint: Using 'master' as the name for the initial branch. This default branch name
2026-09-12T02:13:12.9193319Z hint: will change to "main" in Git 3.0. To configure the initial branch name
2026-09-12T02:13:12.9204191Z hint: to use in all of your new repositories, which will suppress this warning,
2026-09-12T02:13:12.9205832Z hint: call:
2026-09-12T02:13:12.9206933Z hint:
2026-09-12T02:13:12.9208036Z hint: 	git config --global init.defaultBranch <name>
2026-09-12T02:13:12.9209335Z hint:
2026-09-12T02:13:12.9210496Z hint: Names commonly chosen instead of 'master' are 'main', 'trunk' and
2026-09-12T02:13:12.9212474Z hint: 'development'. The just-created branch can be renamed via this command:
2026-09-12T02:13:12.9213974Z hint:
2026-09-12T02:13:12.9214858Z hint: 	git branch -m <name>
2026-09-12T02:13:12.9215864Z hint:
2026-09-12T02:13:12.9217537Z hint: Disable this message with "git config set advice.defaultBranchName false"
2026-09-12T02:13:12.9219659Z Initialized empty Git repository in /home/runner/work/GO/GO/.git/
2026-09-12T02:13:12.9223240Z [command]/usr/bin/git remote add origin https://github.com/yuguangzhi3836-glitch/GO
2026-09-12T02:13:12.9306690Z ##[endgroup]
2026-09-12T02:13:12.9308429Z ##[group]Disabling automatic garbage collection
2026-09-12T02:13:12.9309866Z [command]/usr/bin/git config --local gc.auto 0
2026-09-12T02:13:12.9368545Z ##[endgroup]
2026-09-12T02:13:12.9370211Z ##[group]Setting up auth
2026-09-12T02:13:12.9371825Z [command]/usr/bin/git config --local --name-only --get-regexp core\.sshCommand
2026-09-12T02:13:12.9422406Z [command]/usr/bin/git submodule foreach --recursive sh -c "git config --local --name-only --get-regexp 'core\.sshCommand' && git config --local --unset-all 'core.sshCommand' || :"
2026-09-12T02:13:12.9988608Z [command]/usr/bin/git config --local --name-only --get-regexp http\.https\:\/\/github\.com\/\.extraheader
2026-09-12T02:13:13.0049315Z [command]/usr/bin/git submodule foreach --recursive sh -c "git config --local --name-only --get-regexp 'http\.https\:\/\/github\.com\/\.extraheader' && git config --local --unset-all 'http.https://github.com/.extraheader' || :"
2026-09-12T02:13:13.0280595Z [command]/usr/bin/git config --local --name-only --get-regexp ^includeIf\.gitdir:
2026-09-12T02:13:13.0319323Z [command]/usr/bin/git submodule foreach --recursive git config --local --show-origin --name-only --get-regexp remote.origin.url
2026-09-12T02:13:13.0570420Z [command]/usr/bin/git config --local http.https://github.com/.extraheader AUTHORIZATION: basic ***
2026-09-12T02:13:13.0615114Z ##[endgroup]
2026-09-12T02:13:13.0617876Z ##[group]Fetching the repository
2026-09-12T02:13:13.0628652Z [command]/usr/bin/git -c protocol.version=2 fetch --no-tags --prune --no-recurse-submodules --depth=1 origin +c8d2b8021dce80388b8f548257db6a86d227c98a:refs/remotes/origin/acceptance/depth41-cross-end-journeys-20260912
2026-09-12T02:13:14.3523995Z From https://github.com/yuguangzhi3836-glitch/GO
2026-09-12T02:13:14.3535830Z  * [new ref]         c8d2b8021dce80388b8f548257db6a86d227c98a -> origin/acceptance/depth41-cross-end-journeys-20260912
2026-09-12T02:13:14.3539418Z ##[endgroup]
2026-09-12T02:13:14.3540550Z ##[group]Determining the checkout info
2026-09-12T02:13:14.3542039Z ##[endgroup]
2026-09-12T02:13:14.3543097Z [command]/usr/bin/git sparse-checkout disable
2026-09-12T02:13:14.3599143Z [command]/usr/bin/git config --local --unset-all extensions.worktreeConfig
2026-09-12T02:13:14.3647585Z ##[group]Checking out the ref
2026-09-12T02:13:14.3649539Z [command]/usr/bin/git checkout --progress --force -B acceptance/depth41-cross-end-journeys-20260912 refs/remotes/origin/acceptance/depth41-cross-end-journeys-20260912
2026-09-12T02:13:14.5623240Z Switched to a new branch 'acceptance/depth41-cross-end-journeys-20260912'
2026-09-12T02:13:14.5667877Z branch 'acceptance/depth41-cross-end-journeys-20260912' set up to track 'origin/acceptance/depth41-cross-end-journeys-20260912'.
2026-09-12T02:13:14.5687531Z ##[endgroup]
2026-09-12T02:13:14.5747094Z [command]/usr/bin/git log -1 --format=%H
2026-09-12T02:13:14.5791479Z c8d2b8021dce80388b8f548257db6a86d227c98a
2026-09-12T02:13:14.6114380Z ##[group]Run git fetch --no-tags origin b5732c02dd95092a63def7eaa0d2cf332b1e2996
2026-09-12T02:13:14.6115074Z [36;1mgit fetch --no-tags origin b5732c02dd95092a63def7eaa0d2cf332b1e2996[0m
2026-09-12T02:13:14.6155755Z shell: /usr/bin/bash -e {0}
2026-09-12T02:13:14.6156033Z env:
2026-09-12T02:13:14.6156563Z   PYTHONDONTWRITEBYTECODE: 1
2026-09-12T02:13:14.6156937Z ##[endgroup]
2026-09-12T02:13:14.9637776Z From https://github.com/yuguangzhi3836-glitch/GO
2026-09-12T02:13:14.9639085Z  * branch            b5732c02dd95092a63def7eaa0d2cf332b1e2996 -> FETCH_HEAD
2026-09-12T02:13:14.9740193Z Node 20 is being deprecated. This workflow is running with Node 24 by default. If you need to temporarily use Node 20, you can set the ACTIONS_ALLOW_USE_UNSECURE_NODE_VERSION=true environment variable. For more information see: https://github.blog/changelog/2025-09-19-deprecation-of-node-20-on-github-actions-runners/
2026-09-12T02:13:14.9742135Z ##[group]Run actions/setup-python@v5
2026-09-12T02:13:14.9742425Z with:
2026-09-12T02:13:14.9742624Z   python-version: 3.12
2026-09-12T02:13:14.9742854Z   check-latest: false
2026-09-12T02:13:14.9745396Z   token: ***
2026-09-12T02:13:14.9745608Z   update-environment: true
2026-09-12T02:13:14.9745879Z   allow-prereleases: false
2026-09-12T02:13:14.9746143Z   freethreaded: false
2026-09-12T02:13:14.9746720Z env:
2026-09-12T02:13:14.9746930Z   PYTHONDONTWRITEBYTECODE: 1
2026-09-12T02:13:14.9747186Z ##[endgroup]
2026-09-12T02:13:15.1149694Z ##[group]Installed versions
2026-09-12T02:13:15.1259950Z (node:2041) [DEP0040] DeprecationWarning: The `punycode` module is deprecated. Please use a userland alternative instead.
2026-09-12T02:13:15.1261404Z Successfully set up CPython (3.12.14)
2026-09-12T02:13:15.1262370Z (Use `node --trace-deprecation ...` to show where the warning was created)
2026-09-12T02:13:15.1263630Z ##[endgroup]
2026-09-12T02:13:15.1581892Z Node 20 is being deprecated. This workflow is running with Node 24 by default. If you need to temporarily use Node 20, you can set the ACTIONS_ALLOW_USE_UNSECURE_NODE_VERSION=true environment variable. For more information see: https://github.blog/changelog/2025-09-19-deprecation-of-node-20-on-github-actions-runners/
2026-09-12T02:13:15.1584150Z ##[group]Run actions/setup-node@v4
2026-09-12T02:13:15.1584566Z with:
2026-09-12T02:13:15.1584869Z   node-version: 22.22.0
2026-09-12T02:13:15.1585221Z   always-auth: false
2026-09-12T02:13:15.1585559Z   check-latest: false
2026-09-12T02:13:15.1590902Z   token: ***
2026-09-12T02:13:15.1591208Z env:
2026-09-12T02:13:15.1591542Z   PYTHONDONTWRITEBYTECODE: 1
2026-09-12T02:13:15.1592056Z   pythonLocation: /opt/hostedtoolcache/Python/3.12.14/x64
2026-09-12T02:13:15.1592783Z   PKG_CONFIG_PATH: /opt/hostedtoolcache/Python/3.12.14/x64/lib/pkgconfig
2026-09-12T02:13:15.1593503Z   Python_ROOT_DIR: /opt/hostedtoolcache/Python/3.12.14/x64
2026-09-12T02:13:15.1594188Z   Python2_ROOT_DIR: /opt/hostedtoolcache/Python/3.12.14/x64
2026-09-12T02:13:15.1594826Z   Python3_ROOT_DIR: /opt/hostedtoolcache/Python/3.12.14/x64
2026-09-12T02:13:15.1595472Z   LD_LIBRARY_PATH: /opt/hostedtoolcache/Python/3.12.14/x64/lib
2026-09-12T02:13:15.1596009Z ##[endgroup]
2026-09-12T02:13:15.3218145Z Attempting to download 22.22.0...
2026-09-12T02:13:15.3346097Z (node:2049) [DEP0040] DeprecationWarning: The `punycode` module is deprecated. Please use a userland alternative instead.
2026-09-12T02:13:15.3362762Z (Use `node --trace-deprecation ...` to show where the warning was created)
2026-09-12T02:13:15.8652861Z Acquiring 22.22.0 - x64 from https://github.com/actions/node-versions/releases/download/22.22.0-20981702931/node-22.22.0-linux-x64.tar.gz
2026-09-12T02:13:16.4033829Z Extracting ...
2026-09-12T02:13:16.4193054Z [command]/usr/bin/tar xz --strip 1 --warning=no-unknown-keyword --overwrite -C /home/runner/work/_temp/9e3a2f5d-b132-4e44-9907-e33b2483fe26 -f /home/runner/work/_temp/55b5b284-e373-4d42-a7e1-f1340f1d903f
2026-09-12T02:13:17.8601740Z Adding to the cache ...
2026-09-12T02:13:21.8551386Z ##[group]Environment details
2026-09-12T02:13:22.1269855Z node: v22.22.0
2026-09-12T02:13:22.1270779Z npm: 10.9.4
2026-09-12T02:13:22.1271732Z yarn: 1.22.22
2026-09-12T02:13:22.1277944Z ##[endgroup]
2026-09-12T02:13:22.1452398Z ##[group]Run python ci/journey/prepare.py
2026-09-12T02:13:22.1452778Z [36;1mpython ci/journey/prepare.py[0m
2026-09-12T02:13:22.1498811Z shell: /usr/bin/bash -e {0}
2026-09-12T02:13:22.1499061Z env:
2026-09-12T02:13:22.1499270Z   PYTHONDONTWRITEBYTECODE: 1
2026-09-12T02:13:22.1499605Z   pythonLocation: /opt/hostedtoolcache/Python/3.12.14/x64
2026-09-12T02:13:22.1500064Z   PKG_CONFIG_PATH: /opt/hostedtoolcache/Python/3.12.14/x64/lib/pkgconfig
2026-09-12T02:13:22.1500497Z   Python_ROOT_DIR: /opt/hostedtoolcache/Python/3.12.14/x64
2026-09-12T02:13:22.1500884Z   Python2_ROOT_DIR: /opt/hostedtoolcache/Python/3.12.14/x64
2026-09-12T02:13:22.1501276Z   Python3_ROOT_DIR: /opt/hostedtoolcache/Python/3.12.14/x64
2026-09-12T02:13:22.1501658Z   LD_LIBRARY_PATH: /opt/hostedtoolcache/Python/3.12.14/x64/lib
2026-09-12T02:13:22.1501978Z ##[endgroup]
2026-09-12T02:13:24.8684463Z {"candidate": "CP11_DEPTH41_JOURNEY_RETENTION_20260912", "parent_package": "CP11_DEPTH40_P03_COMPAT_V2_PARENT_20260912", "parent_zip_sha256": "421b11f95d0400bdfc69d4053a6d3b54599fa791a0d6b43311b83094bcd51c6a", "canonical_parent_commit": "b5732c02dd95092a63def7eaa0d2cf332b1e2996", "parent_source_tree_sha256": "64f5d78a17b2fa2194b18f9bc1ba0cafbf0f2547f0171a859dd4300c75e37667", "candidate_commit": "c8d2b8021dce80388b8f548257db6a86d227c98a", "source_tree_sha256": "f835be08e9ef94c1cc2abb410b0de9f43fedd33950251cc4c2543a4ec38228cd", "source_files": 1273, "retained_parent_files": 1271, "restored_revisions": [{"path": "tests/test_sprint2b_mobile_release.py", "revision": "delta36", "parent_sha256": "7adcfdb3fdd960090dde851232809aa568c45242dad0019ff70ec59f97b57d2f", "restored_sha256": "ae02a298c1596cbe4caf50b2304ee40d965f74151b4989676af41fd93f993c22"}, {"path": "mobile/go-app/package-lock.json", "revision": "delta37", "parent_sha256": null, "restored_sha256": "86afba42927483ca21a094ccb5ea14154a9d5561ed391a535313122dd443e86a"}, {"path": "mobile/go-app/package.json", "revision": "delta37", "parent_sha256": "761a7aa6dcab275d805328fb1f28e4955a67a6db0717f7e9239f9b663efe9cb5", "restored_sha256": "d20f0366f8723155ebcd8fe142b5877fda40ec4b5aaae6a2ab5a5563054903d8"}, {"path": "mobile/go-app/scripts/native-modules-check.mjs", "revision": "delta37", "parent_sha256": null, "restored_sha256": "57ca8e71236416e929411e51e980d76ede984b573256056dcd587c71e398dc0d"}], "business_fixes": {"frontend/shared/app.js": {"before_sha256": "20f3b7e34a6eb7668243ac33d59759f91654db738d3db5810f4301bb187f399e", "after_sha256": "885a1eb3d109c57027cd1a55ddf2ed7a7195924d029bd6d7ff8b3ebc133470c6", "reason": "Real Chromium run 34666667001: supplierCommandCenter undefined left supplier landing page blank; implement tenant-scoped dashboard and explicit load failure."}}, "source_integrity": "PASS", "compatibility_component_commit": "d49465a56a7768bc4e657858272a597c5d1f05d6", "runtime_image_reused_for_new_source": false, "hong_kong": "NOT_RUN", "production": "HOLD"}
2026-09-12T02:13:24.8773171Z ##[group]Run python -m pip install 'fastapi==0.115.12' 'uvicorn==0.34.3' 'pydantic==2.11.7' 'pydantic-settings==2.10.1' 'SQLAlchemy==2.0.41' 'alembic==1.16.2' 'psycopg[binary]==3.2.9' 'httpx==0.28.1' 'Pillow==11.2.1' 'cryptography==45.0.4' 'PyJWT[crypto]==2.10.1' 'redis==6.2.0' 'pytest==8.4.1' 'pytest-asyncio==1.0.0'
2026-09-12T02:13:24.8775110Z [36;1mpython -m pip install 'fastapi==0.115.12' 'uvicorn==0.34.3' 'pydantic==2.11.7' 'pydantic-settings==2.10.1' 'SQLAlchemy==2.0.41' 'alembic==1.16.2' 'psycopg[binary]==3.2.9' 'httpx==0.28.1' 'Pillow==11.2.1' 'cryptography==45.0.4' 'PyJWT[crypto]==2.10.1' 'redis==6.2.0' 'pytest==8.4.1' 'pytest-asyncio==1.0.0'[0m
2026-09-12T02:13:24.8776841Z [36;1mnpm install --no-save --ignore-scripts playwright@1.55.1[0m
2026-09-12T02:13:24.8777255Z [36;1mnpx playwright install --with-deps chromium[0m
2026-09-12T02:13:24.8814452Z shell: /usr/bin/bash -e {0}
2026-09-12T02:13:24.8814699Z env:
2026-09-12T02:13:24.8814901Z   PYTHONDONTWRITEBYTECODE: 1
2026-09-12T02:13:24.8815279Z   pythonLocation: /opt/hostedtoolcache/Python/3.12.14/x64
2026-09-12T02:13:24.8815722Z   PKG_CONFIG_PATH: /opt/hostedtoolcache/Python/3.12.14/x64/lib/pkgconfig
2026-09-12T02:13:24.8816146Z   Python_ROOT_DIR: /opt/hostedtoolcache/Python/3.12.14/x64
2026-09-12T02:13:24.8816883Z   Python2_ROOT_DIR: /opt/hostedtoolcache/Python/3.12.14/x64
2026-09-12T02:13:24.8817272Z   Python3_ROOT_DIR: /opt/hostedtoolcache/Python/3.12.14/x64
2026-09-12T02:13:24.8817671Z   LD_LIBRARY_PATH: /opt/hostedtoolcache/Python/3.12.14/x64/lib
2026-09-12T02:13:24.8818010Z ##[endgroup]
2026-09-12T02:13:28.8137469Z Collecting fastapi==0.115.12
2026-09-12T02:13:28.8779242Z   Downloading fastapi-0.115.12-py3-none-any.whl.metadata (27 kB)
2026-09-12T02:13:28.9137567Z Collecting uvicorn==0.34.3
2026-09-12T02:13:28.9180788Z   Downloading uvicorn-0.34.3-py3-none-any.whl.metadata (6.5 kB)
2026-09-12T02:13:29.0338915Z Collecting pydantic==2.11.7
2026-09-12T02:13:29.0551901Z   Downloading pydantic-2.11.7-py3-none-any.whl.metadata (67 kB)
2026-09-12T02:13:29.0781072Z Collecting pydantic-settings==2.10.1
2026-09-12T02:13:29.0866514Z   Downloading pydantic_settings-2.10.1-py3-none-any.whl.metadata (3.4 kB)
2026-09-12T02:13:29.3445722Z Collecting SQLAlchemy==2.0.41
2026-09-12T02:13:29.3565354Z   Downloading sqlalchemy-2.0.41-cp312-cp312-manylinux_2_17_x86_64.manylinux2014_x86_64.whl.metadata (9.6 kB)
2026-09-12T02:13:29.3811572Z Collecting alembic==1.16.2
2026-09-12T02:13:29.3932294Z   Downloading alembic-1.16.2-py3-none-any.whl.metadata (7.3 kB)
2026-09-12T02:13:29.4113883Z Collecting psycopg==3.2.9 (from psycopg[binary]==3.2.9)
2026-09-12T02:13:29.4216572Z   Downloading psycopg-3.2.9-py3-none-any.whl.metadata (4.5 kB)
2026-09-12T02:13:29.4496731Z Collecting httpx==0.28.1
2026-09-12T02:13:29.4563691Z   Downloading httpx-0.28.1-py3-none-any.whl.metadata (7.1 kB)
2026-09-12T02:13:29.6142170Z Collecting Pillow==11.2.1
2026-09-12T02:13:29.6252809Z   Downloading pillow-11.2.1-cp312-cp312-manylinux_2_28_x86_64.whl.metadata (8.9 kB)
2026-09-12T02:13:29.8117520Z Collecting cryptography==45.0.4
2026-09-12T02:13:29.8173345Z   Downloading cryptography-45.0.4-cp311-abi3-manylinux_2_34_x86_64.whl.metadata (5.7 kB)
2026-09-12T02:13:29.8367542Z Collecting PyJWT==2.10.1 (from PyJWT[crypto]==2.10.1)
2026-09-12T02:13:29.8412300Z   Downloading PyJWT-2.10.1-py3-none-any.whl.metadata (4.0 kB)
2026-09-12T02:13:29.8641989Z Collecting redis==6.2.0
2026-09-12T02:13:29.8869219Z   Downloading redis-6.2.0-py3-none-any.whl.metadata (10 kB)
2026-09-12T02:13:29.9133530Z Collecting pytest==8.4.1
2026-09-12T02:13:29.9183967Z   Downloading pytest-8.4.1-py3-none-any.whl.metadata (7.7 kB)
2026-09-12T02:13:29.9363507Z Collecting pytest-asyncio==1.0.0
2026-09-12T02:13:29.9442672Z   Downloading pytest_asyncio-1.0.0-py3-none-any.whl.metadata (4.0 kB)
2026-09-12T02:13:29.9701689Z Collecting starlette<0.47.0,>=0.40.0 (from fastapi==0.115.12)
2026-09-12T02:13:29.9764598Z   Downloading starlette-0.46.2-py3-none-any.whl.metadata (6.2 kB)
2026-09-12T02:13:29.9964452Z Collecting typing-extensions>=4.8.0 (from fastapi==0.115.12)
2026-09-12T02:13:30.0004078Z   Downloading typing_extensions-4.16.0-py3-none-any.whl.metadata (3.3 kB)
2026-09-12T02:13:30.0127847Z Collecting annotated-types>=0.6.0 (from pydantic==2.11.7)
2026-09-12T02:13:30.0168729Z   Downloading annotated_types-0.8.0-py3-none-any.whl.metadata (15 kB)
2026-09-12T02:13:30.6813411Z Collecting pydantic-core==2.33.2 (from pydantic==2.11.7)
2026-09-12T02:13:30.6906544Z   Downloading pydantic_core-2.33.2-cp312-cp312-manylinux_2_17_x86_64.manylinux2014_x86_64.whl.metadata (6.8 kB)
2026-09-12T02:13:30.7031263Z Collecting typing-inspection>=0.4.0 (from pydantic==2.11.7)
2026-09-12T02:13:30.7072165Z   Downloading typing_inspection-0.4.4-py3-none-any.whl.metadata (2.6 kB)
2026-09-12T02:13:30.7241240Z Collecting click>=7.0 (from uvicorn==0.34.3)
2026-09-12T02:13:30.7283774Z   Downloading click-8.5.0-py3-none-any.whl.metadata (2.6 kB)
2026-09-12T02:13:30.7807663Z Collecting h11>=0.8 (from uvicorn==0.34.3)
2026-09-12T02:13:30.7848847Z   Downloading h11-0.16.0-py3-none-any.whl.metadata (8.3 kB)
2026-09-12T02:13:30.8091566Z Collecting python-dotenv>=0.21.0 (from pydantic-settings==2.10.1)
2026-09-12T02:13:30.8136121Z   Downloading python_dotenv-1.2.3-py3-none-any.whl.metadata (29 kB)
2026-09-12T02:13:30.9600487Z Collecting greenlet>=1 (from SQLAlchemy==2.0.41)
2026-09-12T02:13:30.9642754Z   Downloading greenlet-3.5.5-cp312-cp312-manylinux_2_24_x86_64.manylinux_2_28_x86_64.whl.metadata (3.8 kB)
2026-09-12T02:13:30.9833682Z Collecting Mako (from alembic==1.16.2)
2026-09-12T02:13:30.9880029Z   Downloading mako-1.4.1-py3-none-any.whl.metadata (2.9 kB)
2026-09-12T02:13:31.0089348Z Collecting anyio (from httpx==0.28.1)
2026-09-12T02:13:31.0154223Z   Downloading anyio-4.15.1-py3-none-any.whl.metadata (4.7 kB)
2026-09-12T02:13:31.0343164Z Collecting certifi (from httpx==0.28.1)
2026-09-12T02:13:31.0382040Z   Downloading certifi-2026.7.22-py3-none-any.whl.metadata (2.5 kB)
2026-09-12T02:13:31.0562139Z Collecting httpcore==1.* (from httpx==0.28.1)
2026-09-12T02:13:31.0602839Z   Downloading httpcore-1.0.9-py3-none-any.whl.metadata (21 kB)
2026-09-12T02:13:31.0781177Z Collecting idna (from httpx==0.28.1)
2026-09-12T02:13:31.0836850Z   Downloading idna-3.19-py3-none-any.whl.metadata (9.2 kB)
2026-09-12T02:13:31.1868212Z Collecting cffi>=1.14 (from cryptography==45.0.4)
2026-09-12T02:13:31.1918769Z   Downloading cffi-2.1.1-cp312-cp312-manylinux2014_x86_64.manylinux_2_17_x86_64.whl.metadata (2.5 kB)
2026-09-12T02:13:31.2045468Z Collecting iniconfig>=1 (from pytest==8.4.1)
2026-09-12T02:13:31.2148538Z   Downloading iniconfig-2.3.0-py3-none-any.whl.metadata (2.5 kB)
2026-09-12T02:13:31.2319048Z Collecting packaging>=20 (from pytest==8.4.1)
2026-09-12T02:13:31.2358582Z   Downloading packaging-26.3-py3-none-any.whl.metadata (3.5 kB)
2026-09-12T02:13:31.2514659Z Collecting pluggy<2,>=1.5 (from pytest==8.4.1)
2026-09-12T02:13:31.2555484Z   Downloading pluggy-1.6.0-py3-none-any.whl.metadata (4.8 kB)
2026-09-12T02:13:31.2733354Z Collecting pygments>=2.7.2 (from pytest==8.4.1)
2026-09-12T02:13:31.2779205Z   Downloading pygments-2.21.0-py3-none-any.whl.metadata (2.5 kB)
2026-09-12T02:13:31.4230513Z Collecting psycopg-binary==3.2.9 (from psycopg[binary]==3.2.9)
2026-09-12T02:13:31.4295986Z   Downloading psycopg_binary-3.2.9-cp312-cp312-manylinux_2_17_x86_64.manylinux2014_x86_64.whl.metadata (2.9 kB)
2026-09-12T02:13:31.4569901Z Collecting pycparser (from cffi>=1.14->cryptography==45.0.4)
2026-09-12T02:13:31.4618882Z   Downloading pycparser-3.0-py3-none-any.whl.metadata (8.2 kB)
2026-09-12T02:13:31.5159641Z Collecting MarkupSafe>=2.0 (from Mako->alembic==1.16.2)
2026-09-12T02:13:31.5207358Z   Downloading markupsafe-3.0.3-cp312-cp312-manylinux2014_x86_64.manylinux_2_17_x86_64.manylinux_2_28_x86_64.whl.metadata (2.7 kB)
2026-09-12T02:13:31.5322425Z Downloading fastapi-0.115.12-py3-none-any.whl (95 kB)
2026-09-12T02:13:31.5400458Z Downloading pydantic-2.11.7-py3-none-any.whl (444 kB)
2026-09-12T02:13:31.5600111Z Downloading uvicorn-0.34.3-py3-none-any.whl (62 kB)
2026-09-12T02:13:31.5669660Z Downloading pydantic_settings-2.10.1-py3-none-any.whl (45 kB)
2026-09-12T02:13:31.5823070Z Downloading sqlalchemy-2.0.41-cp312-cp312-manylinux_2_17_x86_64.manylinux2014_x86_64.whl (3.3 MB)
2026-09-12T02:13:31.6267168Z    ━━━━━━━━━━━━━━━━━━━━━━━━━━━━━━━━━━━━━━━━ 3.3/3.3 MB 80.7 MB/s  0:00:00
2026-09-12T02:13:31.6399907Z Downloading alembic-1.16.2-py3-none-any.whl (242 kB)
2026-09-12T02:13:31.6472034Z Downloading psycopg-3.2.9-py3-none-any.whl (202 kB)
2026-09-12T02:13:31.6543908Z Downloading httpx-0.28.1-py3-none-any.whl (73 kB)
2026-09-12T02:13:31.6653235Z Downloading pillow-11.2.1-cp312-cp312-manylinux_2_28_x86_64.whl (4.6 MB)
2026-09-12T02:13:31.7228678Z    ━━━━━━━━━━━━━━━━━━━━━━━━━━━━━━━━━━━━━━━━ 4.6/4.6 MB 109.3 MB/s  0:00:00
2026-09-12T02:13:31.7326131Z Downloading cryptography-45.0.4-cp311-abi3-manylinux_2_34_x86_64.whl (4.5 MB)
2026-09-12T02:13:31.7851251Z    ━━━━━━━━━━━━━━━━━━━━━━━━━━━━━━━━━━━━━━━━ 4.5/4.5 MB 84.6 MB/s  0:00:00
2026-09-12T02:13:31.7893418Z Downloading PyJWT-2.10.1-py3-none-any.whl (22 kB)
2026-09-12T02:13:31.7956811Z Downloading redis-6.2.0-py3-none-any.whl (278 kB)
2026-09-12T02:13:31.8030778Z Downloading pytest-8.4.1-py3-none-any.whl (365 kB)
2026-09-12T02:13:31.8125324Z Downloading pytest_asyncio-1.0.0-py3-none-any.whl (15 kB)
2026-09-12T02:13:31.8195969Z Downloading psycopg_binary-3.2.9-cp312-cp312-manylinux_2_17_x86_64.manylinux2014_x86_64.whl (4.4 MB)
2026-09-12T02:13:31.8388563Z    ━━━━━━━━━━━━━━━━━━━━━━━━━━━━━━━━━━━━━━━━ 4.4/4.4 MB 256.9 MB/s  0:00:00
2026-09-12T02:13:31.8428405Z Downloading pydantic_core-2.33.2-cp312-cp312-manylinux_2_17_x86_64.manylinux2014_x86_64.whl (2.0 MB)
2026-09-12T02:13:31.8570034Z    ━━━━━━━━━━━━━━━━━━━━━━━━━━━━━━━━━━━━━━━━ 2.0/2.0 MB 201.2 MB/s  0:00:00
2026-09-12T02:13:31.8612726Z Downloading httpcore-1.0.9-py3-none-any.whl (78 kB)
2026-09-12T02:13:31.8684485Z Downloading pluggy-1.6.0-py3-none-any.whl (20 kB)
2026-09-12T02:13:31.8743339Z Downloading starlette-0.46.2-py3-none-any.whl (72 kB)
2026-09-12T02:13:31.8808723Z Downloading anyio-4.15.1-py3-none-any.whl (132 kB)
2026-09-12T02:13:31.8871513Z Downloading annotated_types-0.8.0-py3-none-any.whl (13 kB)
2026-09-12T02:13:31.8936522Z Downloading cffi-2.1.1-cp312-cp312-manylinux2014_x86_64.manylinux_2_17_x86_64.whl (221 kB)
2026-09-12T02:13:31.9007366Z Downloading click-8.5.0-py3-none-any.whl (125 kB)
2026-09-12T02:13:31.9072768Z Downloading greenlet-3.5.5-cp312-cp312-manylinux_2_24_x86_64.manylinux_2_28_x86_64.whl (621 kB)
2026-09-12T02:13:31.9133925Z    ━━━━━━━━━━━━━━━━━━━━━━━━━━━━━━━━━━━━━━━━ 621.4/621.4 kB 115.8 MB/s  0:00:00
2026-09-12T02:13:31.9176903Z Downloading h11-0.16.0-py3-none-any.whl (37 kB)
2026-09-12T02:13:31.9235749Z Downloading idna-3.19-py3-none-any.whl (68 kB)
2026-09-12T02:13:31.9294983Z Downloading iniconfig-2.3.0-py3-none-any.whl (7.5 kB)
2026-09-12T02:13:31.9357277Z Downloading packaging-26.3-py3-none-any.whl (129 kB)
2026-09-12T02:13:31.9418173Z Downloading pygments-2.21.0-py3-none-any.whl (1.3 MB)
2026-09-12T02:13:31.9495520Z    ━━━━━━━━━━━━━━━━━━━━━━━━━━━━━━━━━━━━━━━━ 1.3/1.3 MB 193.2 MB/s  0:00:00
2026-09-12T02:13:31.9562254Z Downloading python_dotenv-1.2.3-py3-none-any.whl (22 kB)
2026-09-12T02:13:31.9622697Z Downloading typing_extensions-4.16.0-py3-none-any.whl (45 kB)
2026-09-12T02:13:31.9701595Z Downloading typing_inspection-0.4.4-py3-none-any.whl (14 kB)
2026-09-12T02:13:31.9768644Z Downloading certifi-2026.7.22-py3-none-any.whl (136 kB)
2026-09-12T02:13:31.9834721Z Downloading mako-1.4.1-py3-none-any.whl (80 kB)
2026-09-12T02:13:31.9901542Z Downloading markupsafe-3.0.3-cp312-cp312-manylinux2014_x86_64.manylinux_2_17_x86_64.manylinux_2_28_x86_64.whl (22 kB)
2026-09-12T02:13:31.9962063Z Downloading pycparser-3.0-py3-none-any.whl (48 kB)
2026-09-12T02:13:32.5905865Z Installing collected packages: typing-extensions, redis, python-dotenv, PyJWT, pygments, pycparser, psycopg-binary, pluggy, Pillow, packaging, MarkupSafe, iniconfig, idna, h11, greenlet, click, certifi, annotated-types, uvicorn, typing-inspection, SQLAlchemy, pytest, pydantic-core, psycopg, Mako, httpcore, cffi, anyio, starlette, pytest-asyncio, pydantic, httpx, cryptography, alembic, pydantic-settings, fastapi
2026-09-12T02:13:37.3695605Z 
2026-09-12T02:13:37.3733295Z Successfully installed Mako-1.4.1 MarkupSafe-3.0.3 Pillow-11.2.1 PyJWT-2.10.1 SQLAlchemy-2.0.41 alembic-1.16.2 annotated-types-0.8.0 anyio-4.15.1 certifi-2026.7.22 cffi-2.1.1 click-8.5.0 cryptography-45.0.4 fastapi-0.115.12 greenlet-3.5.5 h11-0.16.0 httpcore-1.0.9 httpx-0.28.1 idna-3.19 iniconfig-2.3.0 packaging-26.3 pluggy-1.6.0 psycopg-3.2.9 psycopg-binary-3.2.9 pycparser-3.0 pydantic-2.11.7 pydantic-core-2.33.2 pydantic-settings-2.10.1 pygments-2.21.0 pytest-8.4.1 pytest-asyncio-1.0.0 python-dotenv-1.2.3 redis-6.2.0 starlette-0.46.2 typing-extensions-4.16.0 typing-inspection-0.4.4 uvicorn-0.34.3
2026-09-12T02:13:39.1894838Z 
2026-09-12T02:13:39.1917410Z added 2 packages in 2s
2026-09-12T02:13:40.0297617Z Installing dependencies...
2026-09-12T02:13:40.0428808Z Switching to root user to install dependencies...
2026-09-12T02:13:40.1947858Z Get:1 file:/etc/apt/apt-mirrors.txt Mirrorlist [144 B]
2026-09-12T02:13:40.2308135Z Get:6 https://packages.microsoft.com/ubuntu/24.04/prod noble InRelease [3600 B]
2026-09-12T02:13:40.2822222Z Get:7 https://dl.google.com/linux/chrome-stable/deb stable InRelease [2548 B]
2026-09-12T02:13:40.3063509Z Hit:2 http://azure.archive.ubuntu.com/ubuntu noble InRelease
2026-09-12T02:13:40.3075632Z Get:3 http://azure.archive.ubuntu.com/ubuntu noble-updates InRelease [126 kB]
2026-09-12T02:13:40.3114054Z Get:4 http://azure.archive.ubuntu.com/ubuntu noble-backports InRelease [126 kB]
2026-09-12T02:13:40.3297861Z Get:5 http://azure.archive.ubuntu.com/ubuntu noble-security InRelease [126 kB]
2026-09-12T02:13:40.3711885Z Get:8 https://packages.microsoft.com/ubuntu/24.04/prod noble/main arm64 Packages [414 kB]
2026-09-12T02:13:40.4001276Z Get:9 https://packages.microsoft.com/ubuntu/24.04/prod noble/main amd64 Packages [463 kB]
2026-09-12T02:13:40.4670833Z Get:10 https://dl.google.com/linux/chrome-stable/deb stable/main amd64 Packages [1413 B]
2026-09-12T02:13:40.5608889Z Get:11 http://azure.archive.ubuntu.com/ubuntu noble-updates/main amd64 Packages [1263 kB]
2026-09-12T02:13:40.5687576Z Get:12 http://azure.archive.ubuntu.com/ubuntu noble-updates/main Translation-en [292 kB]
2026-09-12T02:13:40.5724909Z Get:13 http://azure.archive.ubuntu.com/ubuntu noble-updates/main amd64 Components [180 kB]
2026-09-12T02:13:40.5768157Z Get:14 http://azure.archive.ubuntu.com/ubuntu noble-updates/universe amd64 Packages [1690 kB]
2026-09-12T02:13:40.5847420Z Get:15 http://azure.archive.ubuntu.com/ubuntu noble-updates/universe amd64 Components [387 kB]
2026-09-12T02:13:40.5887595Z Get:16 http://azure.archive.ubuntu.com/ubuntu noble-updates/restricted amd64 Packages [1544 kB]
2026-09-12T02:13:40.5968025Z Get:17 http://azure.archive.ubuntu.com/ubuntu noble-updates/restricted Translation-en [354 kB]
2026-09-12T02:13:40.5991521Z Get:18 http://azure.archive.ubuntu.com/ubuntu noble-updates/multiverse amd64 Components [940 B]
2026-09-12T02:13:40.6527780Z Get:19 http://azure.archive.ubuntu.com/ubuntu noble-backports/main amd64 Components [5748 B]
2026-09-12T02:13:40.6557524Z Get:20 http://azure.archive.ubuntu.com/ubuntu noble-backports/universe amd64 Components [12.6 kB]
2026-09-12T02:13:40.7683552Z Get:21 http://azure.archive.ubuntu.com/ubuntu noble-security/main amd64 Packages [1006 kB]
2026-09-12T02:13:40.7728653Z Get:22 http://azure.archive.ubuntu.com/ubuntu noble-security/main Translation-en [213 kB]
2026-09-12T02:13:40.7757679Z Get:23 http://azure.archive.ubuntu.com/ubuntu noble-security/main amd64 Components [46.5 kB]
2026-09-12T02:13:40.7777568Z Get:24 http://azure.archive.ubuntu.com/ubuntu noble-security/universe amd64 Packages [1206 kB]
2026-09-12T02:13:40.7826074Z Get:25 http://azure.archive.ubuntu.com/ubuntu noble-security/universe amd64 Components [76.3 kB]
2026-09-12T02:13:40.7847912Z Get:26 http://azure.archive.ubuntu.com/ubuntu noble-security/restricted amd64 Packages [1445 kB]
2026-09-12T02:13:40.7925502Z Get:27 http://azure.archive.ubuntu.com/ubuntu noble-security/restricted Translation-en [336 kB]
2026-09-12T02:13:45.0917586Z Fetched 11.3 MB in 2s (7294 kB/s)
2026-09-12T02:13:45.9162460Z Reading package lists...
2026-09-12T02:13:45.9416222Z Reading package lists...
2026-09-12T02:13:46.1364788Z Building dependency tree...
2026-09-12T02:13:46.1374017Z Reading state information...
2026-09-12T02:13:46.2889586Z libasound2t64 is already the newest version (1.2.11-1ubuntu0.3).
2026-09-12T02:13:46.2890812Z libasound2t64 set to manually installed.
2026-09-12T02:13:46.2892633Z libatk-bridge2.0-0t64 is already the newest version (2.52.0-1build1).
2026-09-12T02:13:46.2893749Z libatk-bridge2.0-0t64 set to manually installed.
2026-09-12T02:13:46.2894693Z libatk1.0-0t64 is already the newest version (2.52.0-1build1).
2026-09-12T02:13:46.2895462Z libatk1.0-0t64 set to manually installed.
2026-09-12T02:13:46.2896063Z libatspi2.0-0t64 is already the newest version (2.52.0-1build1).
2026-09-12T02:13:46.2897116Z libatspi2.0-0t64 set to manually installed.
2026-09-12T02:13:46.2898161Z libcairo2 is already the newest version (1.18.0-3build1).
2026-09-12T02:13:46.2898799Z libcairo2 set to manually installed.
2026-09-12T02:13:46.2899518Z libcups2t64 is already the newest version (2.4.7-1.2ubuntu7.14).
2026-09-12T02:13:46.2900222Z libcups2t64 set to manually installed.
2026-09-12T02:13:46.2900995Z libdbus-1-3 is already the newest version (1.14.10-4ubuntu4.1).
2026-09-12T02:13:46.2901727Z libdbus-1-3 set to manually installed.
2026-09-12T02:13:46.2902487Z libdrm2 is already the newest version (2.4.125-1ubuntu0.1~24.04.2).
2026-09-12T02:13:46.2903202Z libdrm2 set to manually installed.
2026-09-12T02:13:46.2903900Z libgbm1 is already the newest version (25.2.8-0ubuntu0.24.04.2).
2026-09-12T02:13:46.2904577Z libgbm1 set to manually installed.
2026-09-12T02:13:46.2905304Z libglib2.0-0t64 is already the newest version (2.80.0-6ubuntu3.8).
2026-09-12T02:13:46.2906033Z libglib2.0-0t64 set to manually installed.
2026-09-12T02:13:46.2907092Z libnspr4 is already the newest version (2:4.35-1.1build1).
2026-09-12T02:13:46.2907764Z libnspr4 set to manually installed.
2026-09-12T02:13:46.2908209Z libnss3 is already the newest version (2:3.98-1ubuntu0.2).
2026-09-12T02:13:46.2908588Z libnss3 set to manually installed.
2026-09-12T02:13:46.2908996Z libpango-1.0-0 is already the newest version (1.52.1+ds-1build1).
2026-09-12T02:13:46.2909406Z libpango-1.0-0 set to manually installed.
2026-09-12T02:13:46.2909798Z libx11-6 is already the newest version (2:1.8.7-1build1).
2026-09-12T02:13:46.2910179Z libx11-6 set to manually installed.
2026-09-12T02:13:46.2910533Z libxcb1 is already the newest version (1.15-1ubuntu2).
2026-09-12T02:13:46.2910890Z libxcb1 set to manually installed.
2026-09-12T02:13:46.2911288Z libxcomposite1 is already the newest version (1:0.4.5-1build3).
2026-09-12T02:13:46.2911695Z libxcomposite1 set to manually installed.
2026-09-12T02:13:46.2912105Z libxdamage1 is already the newest version (1:1.1.6-1build1).
2026-09-12T02:13:46.2912488Z libxdamage1 set to manually installed.
2026-09-12T02:13:46.2912877Z libxext6 is already the newest version (2:1.3.4-1build2).
2026-09-12T02:13:46.2913247Z libxext6 set to manually installed.
2026-09-12T02:13:46.2913625Z libxfixes3 is already the newest version (1:6.0.0-2build1).
2026-09-12T02:13:46.2914000Z libxfixes3 set to manually installed.
2026-09-12T02:13:46.2914390Z libxkbcommon0 is already the newest version (1.6.0-1build1).
2026-09-12T02:13:46.2914776Z libxkbcommon0 set to manually installed.
2026-09-12T02:13:46.2915169Z libxrandr2 is already the newest version (2:1.5.2-2build1).
2026-09-12T02:13:46.2915550Z libxrandr2 set to manually installed.
2026-09-12T02:13:46.2915931Z xvfb is already the newest version (2:21.1.12-1ubuntu1.6).
2026-09-12T02:13:46.2917216Z fonts-noto-color-emoji is already the newest version (2.047-0ubuntu0.24.04.1).
2026-09-12T02:13:46.2917953Z libfontconfig1 is already the newest version (2.15.0-1.1ubuntu2).
2026-09-12T02:13:46.2918383Z libfontconfig1 set to manually installed.
2026-09-12T02:13:46.2919056Z libfreetype6 is already the newest version (2.13.2+dfsg-1ubuntu0.1).
2026-09-12T02:13:46.2919661Z libfreetype6 set to manually installed.
2026-09-12T02:13:46.2920201Z fonts-liberation is already the newest version (1:2.1.5-3).
2026-09-12T02:13:46.2920616Z fonts-liberation set to manually installed.
2026-09-12T02:13:46.2921013Z The following additional packages will be installed:
2026-09-12T02:13:46.2921363Z   xfonts-encodings xfonts-utils
2026-09-12T02:13:46.2921630Z Recommended packages:
2026-09-12T02:13:46.2922053Z   fonts-ipafont-mincho fonts-tlwg-loma
2026-09-12T02:13:46.3658825Z The following NEW packages will be installed:
2026-09-12T02:13:46.3659985Z   fonts-freefont-ttf fonts-ipafont-gothic fonts-tlwg-loma-otf fonts-unifont
2026-09-12T02:13:46.3666649Z   fonts-wqy-zenhei xfonts-cyrillic xfonts-encodings xfonts-scalable
2026-09-12T02:13:46.3667702Z   xfonts-utils
2026-09-12T02:13:46.3851562Z 0 upgraded, 9 newly installed, 0 to remove and 50 not upgraded.
2026-09-12T02:13:46.3852518Z Need to get 21.1 MB of archives.
2026-09-12T02:13:46.3853468Z After this operation, 79.5 MB of additional disk space will be used.
2026-09-12T02:13:46.3854497Z Get:1 file:/etc/apt/apt-mirrors.txt Mirrorlist [144 B]
2026-09-12T02:13:46.4187819Z Get:2 http://azure.archive.ubuntu.com/ubuntu noble/universe amd64 fonts-ipafont-gothic all 00303-21ubuntu1 [3513 kB]
2026-09-12T02:13:46.6015499Z Get:3 http://azure.archive.ubuntu.com/ubuntu noble/main amd64 fonts-freefont-ttf all 20211204+svn4273-2 [5641 kB]
2026-09-12T02:13:46.8262867Z Get:4 http://azure.archive.ubuntu.com/ubuntu noble/universe amd64 fonts-tlwg-loma-otf all 1:0.7.3-1 [107 kB]
2026-09-12T02:13:46.8389392Z Get:5 http://azure.archive.ubuntu.com/ubuntu noble/universe amd64 fonts-unifont all 1:15.1.01-1build1 [2993 kB]
2026-09-12T02:13:46.9791495Z Get:6 http://azure.archive.ubuntu.com/ubuntu noble/universe amd64 fonts-wqy-zenhei all 0.9.45-8 [7472 kB]
2026-09-12T02:13:47.2608038Z Get:7 http://azure.archive.ubuntu.com/ubuntu noble/main amd64 xfonts-encodings all 1:1.0.5-0ubuntu2 [578 kB]
2026-09-12T02:13:47.2851495Z Get:8 http://azure.archive.ubuntu.com/ubuntu noble/main amd64 xfonts-utils amd64 1:7.7+6build3 [94.4 kB]
2026-09-12T02:13:47.2927544Z Get:9 http://azure.archive.ubuntu.com/ubuntu noble/universe amd64 xfonts-cyrillic all 1:1.0.5+nmu1 [384 kB]
2026-09-12T02:13:47.3074496Z Get:10 http://azure.archive.ubuntu.com/ubuntu noble/main amd64 xfonts-scalable all 1:1.0.3-1.3 [304 kB]
2026-09-12T02:13:47.5676680Z Fetched 21.1 MB in 1s (22.5 MB/s)
2026-09-12T02:13:47.5928697Z Selecting previously unselected package fonts-ipafont-gothic.
2026-09-12T02:13:47.6362489Z (Reading database ... 
2026-09-12T02:13:47.6378999Z (Reading database ... 5%
2026-09-12T02:13:47.6379511Z (Reading database ... 10%
2026-09-12T02:13:47.6379956Z (Reading database ... 15%
2026-09-12T02:13:47.6380321Z (Reading database ... 20%
2026-09-12T02:13:47.6380621Z (Reading database ... 25%
2026-09-12T02:13:47.6380870Z (Reading database ... 30%
2026-09-12T02:13:47.6381307Z (Reading database ... 35%
2026-09-12T02:13:47.6381805Z (Reading database ... 40%
2026-09-12T02:13:47.6382143Z (Reading database ... 45%
2026-09-12T02:13:47.6382396Z (Reading database ... 50%
2026-09-12T02:13:47.6415919Z (Reading database ... 55%
2026-09-12T02:13:47.7914293Z (Reading database ... 60%
2026-09-12T02:13:47.9702856Z (Reading database ... 65%
2026-09-12T02:13:48.1575782Z (Reading database ... 70%
2026-09-12T02:13:48.3365277Z (Reading database ... 75%
2026-09-12T02:13:49.0493371Z (Reading database ... 80%
2026-09-12T02:13:49.2678130Z (Reading database ... 85%
2026-09-12T02:13:49.4718229Z (Reading database ... 90%
2026-09-12T02:13:49.6827658Z (Reading database ... 95%
2026-09-12T02:13:49.6828416Z (Reading database ... 100%
2026-09-12T02:13:49.6829511Z (Reading database ... 201818 files and directories currently installed.)
2026-09-12T02:13:49.6873260Z Preparing to unpack .../0-fonts-ipafont-gothic_00303-21ubuntu1_all.deb ...
2026-09-12T02:13:49.6984318Z Unpacking fonts-ipafont-gothic (00303-21ubuntu1) ...
2026-09-12T02:13:49.9342394Z Selecting previously unselected package fonts-freefont-ttf.
2026-09-12T02:13:49.9472308Z Preparing to unpack .../1-fonts-freefont-ttf_20211204+svn4273-2_all.deb ...
2026-09-12T02:13:49.9487275Z Unpacking fonts-freefont-ttf (20211204+svn4273-2) ...
2026-09-12T02:13:50.0356055Z Selecting previously unselected package fonts-tlwg-loma-otf.
2026-09-12T02:13:50.0482999Z Preparing to unpack .../2-fonts-tlwg-loma-otf_1%3a0.7.3-1_all.deb ...
2026-09-12T02:13:50.0491939Z Unpacking fonts-tlwg-loma-otf (1:0.7.3-1) ...
2026-09-12T02:13:50.1268331Z Selecting previously unselected package fonts-unifont.
2026-09-12T02:13:50.1393440Z Preparing to unpack .../3-fonts-unifont_1%3a15.1.01-1build1_all.deb ...
2026-09-12T02:13:50.1401554Z Unpacking fonts-unifont (1:15.1.01-1build1) ...
2026-09-12T02:13:50.2558362Z Selecting previously unselected package fonts-wqy-zenhei.
2026-09-12T02:13:50.2675448Z Preparing to unpack .../4-fonts-wqy-zenhei_0.9.45-8_all.deb ...
2026-09-12T02:13:50.2781490Z Unpacking fonts-wqy-zenhei (0.9.45-8) ...
2026-09-12T02:13:50.7537733Z Selecting previously unselected package xfonts-encodings.
2026-09-12T02:13:50.7647807Z Preparing to unpack .../5-xfonts-encodings_1%3a1.0.5-0ubuntu2_all.deb ...
2026-09-12T02:13:50.7657253Z Unpacking xfonts-encodings (1:1.0.5-0ubuntu2) ...
2026-09-12T02:13:50.7959959Z Selecting previously unselected package xfonts-utils.
2026-09-12T02:13:50.8084923Z Preparing to unpack .../6-xfonts-utils_1%3a7.7+6build3_amd64.deb ...
2026-09-12T02:13:50.8097247Z Unpacking xfonts-utils (1:7.7+6build3) ...
2026-09-12T02:13:51.0301344Z Selecting previously unselected package xfonts-cyrillic.
2026-09-12T02:13:51.0428865Z Preparing to unpack .../7-xfonts-cyrillic_1%3a1.0.5+nmu1_all.deb ...
2026-09-12T02:13:51.0437046Z Unpacking xfonts-cyrillic (1:1.0.5+nmu1) ...
2026-09-12T02:13:51.0818046Z Selecting previously unselected package xfonts-scalable.
2026-09-12T02:13:51.0937436Z Preparing to unpack .../8-xfonts-scalable_1%3a1.0.3-1.3_all.deb ...
2026-09-12T02:13:51.0947497Z Unpacking xfonts-scalable (1:1.0.3-1.3) ...
2026-09-12T02:13:51.1370852Z Setting up fonts-wqy-zenhei (0.9.45-8) ...
2026-09-12T02:13:51.1503358Z Setting up fonts-freefont-ttf (20211204+svn4273-2) ...
2026-09-12T02:13:51.1523319Z Setting up fonts-tlwg-loma-otf (1:0.7.3-1) ...
2026-09-12T02:13:51.1547919Z Setting up xfonts-encodings (1:1.0.5-0ubuntu2) ...
2026-09-12T02:13:51.1578776Z Setting up fonts-ipafont-gothic (00303-21ubuntu1) ...
2026-09-12T02:13:51.1647941Z update-alternatives: using /usr/share/fonts/opentype/ipafont-gothic/ipag.ttf to provide /usr/share/fonts/truetype/fonts-japanese-gothic.ttf (fonts-japanese-gothic.ttf) in auto mode
2026-09-12T02:13:51.1663968Z Setting up fonts-unifont (1:15.1.01-1build1) ...
2026-09-12T02:13:51.1686788Z Setting up xfonts-utils (1:7.7+6build3) ...
2026-09-12T02:13:51.1731151Z Setting up xfonts-cyrillic (1:1.0.5+nmu1) ...
2026-09-12T02:13:51.2549742Z Setting up xfonts-scalable (1:1.0.3-1.3) ...
2026-09-12T02:13:51.2850855Z Processing triggers for man-db (2.12.0-4build2) ...
2026-09-12T02:13:51.2876805Z Not building database; man-db/auto-update is not 'true'.
2026-09-12T02:13:51.2890097Z Processing triggers for fontconfig (2.15.0-1.1ubuntu2) ...
2026-09-12T02:13:52.2164937Z 
2026-09-12T02:13:52.2165815Z Running kernel seems to be up-to-date.
2026-09-12T02:13:52.2166923Z 
2026-09-12T02:13:52.2167370Z No services need to be restarted.
2026-09-12T02:13:52.2167894Z 
2026-09-12T02:13:52.2168316Z No containers need to be restarted.
2026-09-12T02:13:52.2168793Z 
2026-09-12T02:13:52.2169235Z No user sessions are running outdated binaries.
2026-09-12T02:13:52.2169776Z 
2026-09-12T02:13:52.2170428Z No VM guests are running outdated hypervisor (qemu) binaries on this host.
2026-09-12T02:13:53.0821584Z Downloading Chromium 140.0.7339.186 (playwright build v1193) from https://cdn.playwright.dev/dbazure/download/playwright/builds/chromium/1193/chromium-linux.zip
2026-09-12T02:13:53.2345409Z |                                                                                |   0% of 173.8 MiB
2026-09-12T02:13:53.3933057Z |■■■■■■■■                                                                        |  10% of 173.8 MiB
2026-09-12T02:13:53.6313924Z |■■■■■■■■■■■■■■■■                                                                |  20% of 173.8 MiB
2026-09-12T02:13:53.7585125Z |■■■■■■■■■■■■■■■■■■■■■■■■                                                        |  30% of 173.8 MiB
2026-09-12T02:13:53.9162239Z |■■■■■■■■■■■■■■■■■■■■■■■■■■■■■■■■                                                |  40% of 173.8 MiB
2026-09-12T02:13:54.0500180Z |■■■■■■■■■■■■■■■■■■■■■■■■■■■■■■■■■■■■■■■■                                        |  50% of 173.8 MiB
2026-09-12T02:13:54.1430247Z |■■■■■■■■■■■■■■■■■■■■■■■■■■■■■■■■■■■■■■■■■■■■■■■■                                |  60% of 173.8 MiB
2026-09-12T02:13:54.2598025Z |■■■■■■■■■■■■■■■■■■■■■■■■■■■■■■■■■■■■■■■■■■■■■■■■■■■■■■■■                        |  70% of 173.8 MiB
2026-09-12T02:13:54.3826141Z |■■■■■■■■■■■■■■■■■■■■■■■■■■■■■■■■■■■■■■■■■■■■■■■■■■■■■■■■■■■■■■■■                |  80% of 173.8 MiB
2026-09-12T02:13:54.5477865Z |■■■■■■■■■■■■■■■■■■■■■■■■■■■■■■■■■■■■■■■■■■■■■■■■■■■■■■■■■■■■■■■■■■■■■■■■        |  90% of 173.8 MiB
2026-09-12T02:13:54.6657459Z |■■■■■■■■■■■■■■■■■■■■■■■■■■■■■■■■■■■■■■■■■■■■■■■■■■■■■■■■■■■■■■■■■■■■■■■■■■■■■■■■| 100% of 173.8 MiB
2026-09-12T02:13:59.3261435Z Chromium 140.0.7339.186 (playwright build v1193) downloaded to /home/runner/.cache/ms-playwright/chromium-1193
2026-09-12T02:13:59.3263750Z Downloading FFMPEG playwright build v1011 from https://cdn.playwright.dev/dbazure/download/playwright/builds/ffmpeg/1011/ffmpeg-linux.zip
2026-09-12T02:13:59.4933184Z |                                                                                |   0% of 2.3 MiB
2026-09-12T02:13:59.4980245Z |■■■■■■■■                                                                        |  10% of 2.3 MiB
2026-09-12T02:13:59.5023098Z |■■■■■■■■■■■■■■■■                                                                |  20% of 2.3 MiB
2026-09-12T02:13:59.5053634Z |■■■■■■■■■■■■■■■■■■■■■■■■                                                        |  30% of 2.3 MiB
2026-09-12T02:13:59.5085177Z |■■■■■■■■■■■■■■■■■■■■■■■■■■■■■■■■                                                |  40% of 2.3 MiB
2026-09-12T02:13:59.5107988Z |■■■■■■■■■■■■■■■■■■■■■■■■■■■■■■■■■■■■■■■■                                        |  50% of 2.3 MiB
2026-09-12T02:13:59.5132497Z |■■■■■■■■■■■■■■■■■■■■■■■■■■■■■■■■■■■■■■■■■■■■■■■■                                |  60% of 2.3 MiB
2026-09-12T02:13:59.5164693Z |■■■■■■■■■■■■■■■■■■■■■■■■■■■■■■■■■■■■■■■■■■■■■■■■■■■■■■■■                        |  70% of 2.3 MiB
2026-09-12T02:13:59.5195254Z |■■■■■■■■■■■■■■■■■■■■■■■■■■■■■■■■■■■■■■■■■■■■■■■■■■■■■■■■■■■■■■■■                |  80% of 2.3 MiB
2026-09-12T02:13:59.5209530Z |■■■■■■■■■■■■■■■■■■■■■■■■■■■■■■■■■■■■■■■■■■■■■■■■■■■■■■■■■■■■■■■■■■■■■■■■        |  90% of 2.3 MiB
2026-09-12T02:13:59.5226117Z |■■■■■■■■■■■■■■■■■■■■■■■■■■■■■■■■■■■■■■■■■■■■■■■■■■■■■■■■■■■■■■■■■■■■■■■■■■■■■■■■| 100% of 2.3 MiB
2026-09-12T02:13:59.5855754Z FFMPEG playwright build v1011 downloaded to /home/runner/.cache/ms-playwright/ffmpeg-1011
2026-09-12T02:13:59.5858771Z Downloading Chromium Headless Shell 140.0.7339.186 (playwright build v1193) from https://cdn.playwright.dev/dbazure/download/playwright/builds/chromium/1193/chromium-headless-shell-linux.zip
2026-09-12T02:13:59.7280997Z |                                                                                |   0% of 104.3 MiB
2026-09-12T02:13:59.8691551Z |■■■■■■■■                                                                        |  10% of 104.3 MiB
2026-09-12T02:13:59.9624330Z |■■■■■■■■■■■■■■■■                                                                |  20% of 104.3 MiB
2026-09-12T02:14:00.0596658Z |■■■■■■■■■■■■■■■■■■■■■■■■                                                        |  30% of 104.3 MiB
2026-09-12T02:14:00.1435287Z |■■■■■■■■■■■■■■■■■■■■■■■■■■■■■■■■                                                |  40% of 104.3 MiB
2026-09-12T02:14:00.2428737Z |■■■■■■■■■■■■■■■■■■■■■■■■■■■■■■■■■■■■■■■■                                        |  50% of 104.3 MiB
2026-09-12T02:14:00.3638991Z |■■■■■■■■■■■■■■■■■■■■■■■■■■■■■■■■■■■■■■■■■■■■■■■■                                |  60% of 104.3 MiB
2026-09-12T02:14:00.4435674Z |■■■■■■■■■■■■■■■■■■■■■■■■■■■■■■■■■■■■■■■■■■■■■■■■■■■■■■■■                        |  70% of 104.3 MiB
2026-09-12T02:14:00.5098564Z |■■■■■■■■■■■■■■■■■■■■■■■■■■■■■■■■■■■■■■■■■■■■■■■■■■■■■■■■■■■■■■■■                |  80% of 104.3 MiB
2026-09-12T02:14:00.6182280Z |■■■■■■■■■■■■■■■■■■■■■■■■■■■■■■■■■■■■■■■■■■■■■■■■■■■■■■■■■■■■■■■■■■■■■■■■        |  90% of 104.3 MiB
2026-09-12T02:14:00.7296445Z |■■■■■■■■■■■■■■■■■■■■■■■■■■■■■■■■■■■■■■■■■■■■■■■■■■■■■■■■■■■■■■■■■■■■■■■■■■■■■■■■| 100% of 104.3 MiB
2026-09-12T02:14:03.0999519Z Chromium Headless Shell 140.0.7339.186 (playwright build v1193) downloaded to /home/runner/.cache/ms-playwright/chromium_headless_shell-1193
2026-09-12T02:14:03.8924229Z ##[group]Run python ci/journey/run.py
2026-09-12T02:14:03.8924810Z [36;1mpython ci/journey/run.py[0m
2026-09-12T02:14:03.8980806Z shell: /usr/bin/bash -e {0}
2026-09-12T02:14:03.8981242Z env:
2026-09-12T02:14:03.8981597Z   PYTHONDONTWRITEBYTECODE: 1
2026-09-12T02:14:03.8982154Z   pythonLocation: /opt/hostedtoolcache/Python/3.12.14/x64
2026-09-12T02:14:03.8982953Z   PKG_CONFIG_PATH: /opt/hostedtoolcache/Python/3.12.14/x64/lib/pkgconfig
2026-09-12T02:14:03.8983765Z   Python_ROOT_DIR: /opt/hostedtoolcache/Python/3.12.14/x64
2026-09-12T02:14:03.8984474Z   Python2_ROOT_DIR: /opt/hostedtoolcache/Python/3.12.14/x64
2026-09-12T02:14:03.8985163Z   Python3_ROOT_DIR: /opt/hostedtoolcache/Python/3.12.14/x64
2026-09-12T02:14:03.8986218Z   LD_LIBRARY_PATH: /opt/hostedtoolcache/Python/3.12.14/x64/lib
2026-09-12T02:14:03.8987053Z ##[endgroup]
2026-09-12T02:14:19.0745473Z {"name":"consumer-login","result":"PASS"}
2026-09-12T02:14:19.5300942Z {"name":"supplier-login","result":"PASS"}
2026-09-12T02:14:20.1567820Z {"name":"admin-login","result":"PASS"}
2026-09-12T02:14:21.2378023Z {"name":"vault-two-confirmed-travelers","result":"PASS"}
2026-09-12T02:14:35.0309504Z {"name":"HOTEL-after-sales-refund","result":"FAIL","error":"page.waitForFunction: Timeout 12000ms exceeded."}
2026-09-12T02:14:35.1308434Z {"name":"HOTEL-search-quote-traveler-payment","result":"PASS"}
2026-09-12T02:14:36.6190189Z {"name":"FLIGHT-after-sales-refund","result":"PASS"}
2026-09-12T02:14:36.6957822Z {"name":"FLIGHT-roundtrip-two-adults-tickets","result":"PASS"}
2026-09-12T02:14:38.0707879Z {"name":"RAIL-after-sales-refund","result":"PASS"}
2026-09-12T02:14:38.1582464Z {"name":"RAIL-two-adults-confirmed","result":"PASS"}
2026-09-12T02:14:39.4013362Z {"name":"RIDE-after-sales-refund","result":"PASS"}
2026-09-12T02:14:39.4606951Z {"name":"RIDE-traveler-confirmed","result":"PASS"}
2026-09-12T02:14:40.7176146Z {"name":"RENTAL-after-sales-refund","result":"PASS"}
2026-09-12T02:14:40.7767920Z {"name":"RENTAL-traveler-confirmed","result":"PASS"}
2026-09-12T02:14:42.1447397Z {"name":"ATTRACTION-after-sales-refund","result":"PASS"}
2026-09-12T02:14:42.2228077Z {"name":"ATTRACTION-two-visitors-slot-confirmed","result":"PASS"}
2026-09-12T02:14:42.8618018Z {"name":"consumer-unified-six-vertical-trip-reentry","result":"PASS"}
2026-09-12T02:14:42.9462474Z {"name":"consumer-viewport-375","result":"PASS"}
2026-09-12T02:14:43.0567784Z {"name":"supplier-viewport-375","result":"PASS"}
2026-09-12T02:14:43.1315381Z {"name":"admin-viewport-375","result":"PASS"}
2026-09-12T02:14:43.2131093Z {"name":"consumer-viewport-430","result":"PASS"}
2026-09-12T02:14:43.2726501Z {"name":"supplier-viewport-430","result":"PASS"}
2026-09-12T02:14:43.3479309Z {"name":"admin-viewport-430","result":"PASS"}
2026-09-12T02:14:43.4915637Z {"name":"consumer-viewport-1440","result":"PASS"}
2026-09-12T02:14:43.5794004Z {"name":"supplier-viewport-1440","result":"PASS"}
2026-09-12T02:14:43.6920158Z {"name":"admin-viewport-1440","result":"PASS"}
2026-09-12T02:14:43.7934998Z {"name":"supplier-owned-order-visibility","result":"FAIL","error":"No journey order visible to supplier: inspect ownership and supported vertical scope"}
2026-09-12T02:14:44.0543674Z ##[error]Process completed with exit code 1.
2026-09-12T02:14:44.0591871Z ##[group]Run python - <<'PY'
2026-09-12T02:14:44.0592200Z [36;1mpython - <<'PY'[0m
2026-09-12T02:14:44.0592452Z [36;1mimport hashlib,json,pathlib[0m
2026-09-12T02:14:44.0592810Z [36;1mp=pathlib.Path('journey-evidence');p.mkdir(exist_ok=True)[0m
2026-09-12T02:14:44.0593507Z [36;1mfiles={str(x.relative_to(p)):hashlib.sha256(x.read_bytes()).hexdigest() for x in sorted(p.rglob('*')) if x.is_file() and x.name!='SHA256.json'}[0m
2026-09-12T02:14:44.0594194Z [36;1m(p/'SHA256.json').write_text(json.dumps(files,indent=2)+'\n')[0m
2026-09-12T02:14:44.0594548Z [36;1mPY[0m
2026-09-12T02:14:44.0631581Z shell: /usr/bin/bash -e {0}
2026-09-12T02:14:44.0631825Z env:
2026-09-12T02:14:44.0632030Z   PYTHONDONTWRITEBYTECODE: 1
2026-09-12T02:14:44.0632359Z   pythonLocation: /opt/hostedtoolcache/Python/3.12.14/x64
2026-09-12T02:14:44.0632808Z   PKG_CONFIG_PATH: /opt/hostedtoolcache/Python/3.12.14/x64/lib/pkgconfig
2026-09-12T02:14:44.0633281Z   Python_ROOT_DIR: /opt/hostedtoolcache/Python/3.12.14/x64
2026-09-12T02:14:44.0633658Z   Python2_ROOT_DIR: /opt/hostedtoolcache/Python/3.12.14/x64
2026-09-12T02:14:44.0634040Z   Python3_ROOT_DIR: /opt/hostedtoolcache/Python/3.12.14/x64
2026-09-12T02:14:44.0634423Z   LD_LIBRARY_PATH: /opt/hostedtoolcache/Python/3.12.14/x64/lib
2026-09-12T02:14:44.0634739Z ##[endgroup]
2026-09-12T02:14:44.1111187Z Node 20 is being deprecated. This workflow is running with Node 24 by default. If you need to temporarily use Node 20, you can set the ACTIONS_ALLOW_USE_UNSECURE_NODE_VERSION=true environment variable. For more information see: https://github.blog/changelog/2025-09-19-deprecation-of-node-20-on-github-actions-runners/
2026-09-12T02:14:44.1112980Z ##[group]Run actions/upload-artifact@v4
2026-09-12T02:14:44.1113344Z with:
2026-09-12T02:14:44.1113784Z   name: depth41-real-browser-c8d2b8021dce80388b8f548257db6a86d227c98a
2026-09-12T02:14:44.1125294Z   path: journey-evidence/
2026-09-12T02:14:44.1125711Z   retention-days: 90
2026-09-12T02:14:44.1126104Z   if-no-files-found: warn
2026-09-12T02:14:44.1126755Z   compression-level: 6
2026-09-12T02:14:44.1127116Z   overwrite: false
2026-09-12T02:14:44.1127357Z   include-hidden-files: false
2026-09-12T02:14:44.1127603Z env:
2026-09-12T02:14:44.1127800Z   PYTHONDONTWRITEBYTECODE: 1
2026-09-12T02:14:44.1128159Z   pythonLocation: /opt/hostedtoolcache/Python/3.12.14/x64
2026-09-12T02:14:44.1128593Z   PKG_CONFIG_PATH: /opt/hostedtoolcache/Python/3.12.14/x64/lib/pkgconfig
2026-09-12T02:14:44.1129024Z   Python_ROOT_DIR: /opt/hostedtoolcache/Python/3.12.14/x64
2026-09-12T02:14:44.1129411Z   Python2_ROOT_DIR: /opt/hostedtoolcache/Python/3.12.14/x64
2026-09-12T02:14:44.1129798Z   Python3_ROOT_DIR: /opt/hostedtoolcache/Python/3.12.14/x64
2026-09-12T02:14:44.1130192Z   LD_LIBRARY_PATH: /opt/hostedtoolcache/Python/3.12.14/x64/lib
2026-09-12T02:14:44.1130517Z ##[endgroup]
2026-09-12T02:14:44.2886700Z (node:4316) [DEP0040] DeprecationWarning: The `punycode` module is deprecated. Please use a userland alternative instead.
2026-09-12T02:14:44.2888500Z (Use `node --trace-deprecation ...` to show where the warning was created)
2026-09-12T02:14:44.3300961Z With the provided path, there will be 35 files uploaded
2026-09-12T02:14:44.3302272Z Artifact name is valid!
2026-09-12T02:14:44.3302961Z Root directory input is valid!
2026-09-12T02:14:44.5233774Z Beginning upload of artifact content to blob storage
2026-09-12T02:14:44.7158486Z (node:4316) [DEP0169] DeprecationWarning: `url.parse()` behavior is not standardized and prone to errors that have security implications. Use the WHATWG URL API instead. CVEs are not issued for `url.parse()` vulnerabilities.
2026-09-12T02:14:44.8543027Z Uploaded bytes 2583575
2026-09-12T02:14:44.8706658Z Finished uploading artifact content to blob storage!
2026-09-12T02:14:44.8708520Z SHA256 digest of uploaded artifact zip is 8d131808c3e8db45918060c7efc98211db7119f71d2974cce75a1aee61c5b322
2026-09-12T02:14:44.8709827Z Finalizing artifact upload
2026-09-12T02:14:45.0884084Z Artifact depth41-real-browser-c8d2b8021dce80388b8f548257db6a86d227c98a.zip successfully finalized. Artifact ID 10288988013
2026-09-12T02:14:45.0887091Z Artifact depth41-real-browser-c8d2b8021dce80388b8f548257db6a86d227c98a has been successfully uploaded! Final size is 2583575 bytes. Artifact ID is 10288988013
2026-09-12T02:14:45.0892187Z Artifact download URL: https://github.com/yuguangzhi3836-glitch/GO/actions/runs/34667043526/artifacts/10288988013
2026-09-12T02:14:45.1101080Z Node 20 is being deprecated. This workflow is running with Node 24 by default. If you need to temporarily use Node 20, you can set the ACTIONS_ALLOW_USE_UNSECURE_NODE_VERSION=true environment variable. For more information see: https://github.blog/changelog/2025-09-19-deprecation-of-node-20-on-github-actions-runners/
2026-09-12T02:14:45.1102381Z Post job cleanup.
2026-09-12T02:14:45.2099488Z [command]/usr/bin/git version
2026-09-12T02:14:45.2145017Z git version 2.55.0
2026-09-12T02:14:45.2238165Z Temporarily overriding HOME='/home/runner/work/_temp/3e64fe7c-076f-414c-8082-cdb899580ff5' before making global git config changes
2026-09-12T02:14:45.2257537Z Adding repository directory to the temporary git global config as a safe directory
2026-09-12T02:14:45.2277537Z [command]/usr/bin/git config --global --add safe.directory /home/runner/work/GO/GO
2026-09-12T02:14:45.2327029Z [command]/usr/bin/git config --local --name-only --get-regexp core\.sshCommand
2026-09-12T02:14:45.2378568Z [command]/usr/bin/git submodule foreach --recursive sh -c "git config --local --name-only --get-regexp 'core\.sshCommand' && git config --local --unset-all 'core.sshCommand' || :"
2026-09-12T02:14:45.2704295Z [command]/usr/bin/git config --local --name-only --get-regexp http\.https\:\/\/github\.com\/\.extraheader
2026-09-12T02:14:45.2747948Z http.https://github.com/.extraheader
2026-09-12T02:14:45.2768796Z [command]/usr/bin/git config --local --unset-all http.https://github.com/.extraheader
2026-09-12T02:14:45.2828979Z [command]/usr/bin/git submodule foreach --recursive sh -c "git config --local --name-only --get-regexp 'http\.https\:\/\/github\.com\/\.extraheader' && git config --local --unset-all 'http.https://github.com/.extraheader' || :"
2026-09-12T02:14:45.3184211Z [command]/usr/bin/git config --local --name-only --get-regexp ^includeIf\.gitdir:
2026-09-12T02:14:45.3267868Z [command]/usr/bin/git submodule foreach --recursive git config --local --show-origin --name-only --get-regexp remote.origin.url
2026-09-12T02:14:45.3795515Z Cleaning up orphan processes
2026-09-12T02:14:45.4079399Z ##[warning]Node.js 20 is deprecated. The following actions target Node.js 20 but are being forced to run on Node.js 24: actions/checkout@v4, actions/setup-node@v4, actions/setup-python@v5, actions/upload-artifact@v4. For more information see: https://github.blog/changelog/2025-09-19-deprecation-of-node-20-on-github-actions-runners/
