✔ HTTP helper retains CSRF together with idempotency header (6.864038ms)
✔ Escape cancels traveler selection without authorizing or creating an order (15.619984ms)
✔ rental consent is bound to the selected traveler, field and purpose (6.970105ms)
✔ payment is cancelled without any checkout mutation (4.705138ms)
✔ a failed confirmed payment stays visible and can be retried (9.173987ms)
✔ cancelling a party selection creates no order or grant (4.519709ms)
✔ a party must contain the exact number of different travelers (6.143281ms)
✔ party confirmation returns only the explicitly selected traveler references (3.549673ms)
✔ party selection cannot submit without confirming adult travelers and purpose (4.637508ms)
✔ consumer uses locked V14 main and compact artwork with responsive selection (3.341439ms)
✔ supplier and admin share the locked reverse V14 compact lockup (3.506761ms)
✔ all three entry documents advance cache tokens together (0.373675ms)
✔ GO subbrands use V14 geometry with a deliberately recessive GO tier (0.398912ms)
✔ legacy runtime asset names also resolve to locked V14 geometry (0.377467ms)
(node:14) [MODULE_TYPELESS_PACKAGE_JSON] Warning: Module type of file:///workspace/scratch/99b7ad5cc112/go-work/application/mobile/go-app/src/domain/tripFacts.ts is not specified and it doesn't parse as CommonJS.
Reparsing as ES module because module syntax was detected. This incurs a performance overhead.
To eliminate this warning, add "type": "module" to /workspace/scratch/99b7ad5cc112/go-work/application/mobile/go-app/package.json.
(Use `node --trace-warnings ...` to show where the warning was created)
✔ web trip keeps original and requested dates separate while supplement is pending (6.875729ms)
✔ native trip shows pending money honestly and completed refund total (1.911092ms)
✔ supplier workbench displays the same cumulative payment summary (6.734981ms)
✔ cancel review shows every cash component and exact fee basis before submission (50.09356ms)
✔ closing cancel review never sends cancellation or reloads as completed (3.615914ms)
✔ unchecked money confirmation cannot submit a cash action (3.384623ms)
✔ change confirmation shows positive difference, free change and fixed original deadline (5.422952ms)
✔ cancelled date selection does not request new inventory or a payment (2.509338ms)
✔ displayed quote hash stays bound across asynchronous source mutation (4.058026ms)
✔ unknown supplier progress offers query only and binds the saved operation (3.192025ms)
✔ cancel confirmed and refund pending remain distinct in the customer progress card (2.626558ms)
✔ credit conversion waits for explicit quoted consent and does not claim an unknown cancellation succeeded (13.368619ms)
✔ canceling traveler selection sends no redemption or automatic identity (3.884172ms)
✔ redemption network retry binds the same quote and explicitly selected traveler (7.037529ms)
✔ unknown booking and pending refund remain distinct from completed credit restoration (3.170747ms)
✔ canceling a supplementary payment dialog re-enables the action (29.65657ms)
✔ conversion separates prior cash refunds and forfeiture from retained credit (2.438835ms)
✔ forfeiture conversion confirmation stays bound to the displayed quote after source object changes (3.868066ms)
✔ credit detail keeps original excluded value visible after redemption changes (1.444382ms)
✔ historical credit without a forfeiture breakdown never renders invalid amounts (1.504929ms)
✔ conversion displays the fixed credit deadline instead of promising a fresh year (1.29908ms)
✔ fare confirmation separates fee tiers, cooling, change and property credit terms (6.925267ms)
✔ cancelling fare confirmation has no accepted contract (2.547826ms)
✔ accepted hash remains bound to the rules displayed before asynchronous state changes (2.694619ms)
✔ declining hotel rules never selects or authorizes a traveler or creates an order (5.409391ms)
✔ accepted hotel contract is included with selected traveler and stable booking request identity (4.273573ms)
✔ supplier money and percentage inputs use exact minor units (3.835648ms)
✔ supplier lost-response retry keeps request identity and sends only the claimed cause (9.143156ms)
✔ supplier duplicate clicks while a request is pending cannot create another request (3.894858ms)
✔ unknown supplier cancellation shows approved refund waiting for confirmation, without a resend button (47.783876ms)
✔ hotel funds distinguish frozen, charged, released and refunded cent amounts (23.590124ms)
✔ only approved pending refunds expose retry and all server labels are escaped (0.552941ms)
✔ unknown funding shows reconciliation instead of a false payment claim (0.450941ms)
✔ trip links only open the exact canonical owned direct-reservation path (0.291489ms)
✔ closing a stay complaint form makes no request (1.22644ms)
✔ complaint retries reuse the same request identity and have no refund approval fields (2.955095ms)
✔ blank complaints and duplicate submission clicks cannot send extra requests (1.978583ms)
✔ closing hotel authorization leaves funds untouched (2.642411ms)
✔ hotel checkout requires confirmation and binds the complete stay amount (2.697094ms)
✔ a second click cannot create another hotel authorization while the first is pending (1.622374ms)
✔ a failed hotel authorization remains visible and can be retried (1.958729ms)
✔ conversion clearly shows capture and value and closing does not convert (45.073954ms)
✔ conversion retry keeps original quote, amount and original expiry (3.766885ms)
✔ redemption uses server quote policy and displays forfeiture before consent (3.680901ms)
✔ redemption confirms a fresh traveler and only releases hotel fields (4.154304ms)
✔ double click and Escape cannot duplicate or dismiss pending redemption (21.395211ms)
✔ credit list filters property and disables frozen, expired or reconciliation credits (3.299879ms)
✔ a cancellation quote never cancels a booking and closing preserves it (47.330683ms)
✔ fee consent binds the server quote and keeps frozen release separate from cash refund (3.765785ms)
✔ interrupted cancellation retry uses exactly the same quote and fee (3.603842ms)
✔ double clicks cannot settle twice while a cancellation is pending (3.339516ms)
✔ unavailable fare actions have no executable buttons and rule text is escaped (1.844069ms)
✔ date changes quote first and require fresh consent after editing dates (3.664665ms)
✔ extension keeps check-in fixed and explains replacement authorization (2.812494ms)
✔ selected return leg has separate quote and exact confirmation, then reloads original order (22.891522ms)
✔ closing dialog 1 never executes a change (0.887278ms)
✔ closing dialog 2 never executes a change (2.196343ms)
✔ mismatched or invalid quote cannot execute {"order_id":"other"} (2.69803ms)
✔ mismatched or invalid quote cannot execute {"changes":[{"leg_index":0,"new_departure_date":"2099-10-12"}]} (1.805206ms)
✔ mismatched or invalid quote cannot execute {"quote_hash":"bad"} (1.012889ms)
✔ mismatched or invalid quote cannot execute {"total_due_minor":1.5} (0.914288ms)
✔ mismatched or invalid quote cannot execute {"currency":"USD"} (4.654428ms)
✔ unknown result reloads and does not repeat the financial request (4.228761ms)
✔ no date changes cannot request a quote (2.418664ms)
✔ GO Trip shows all states, searches owned rows, opens the filtered order and restores all (5.319406ms)
✔ legacy hotel return opens the same all-order GO Trip (2.78985ms)
✔ independent review requires an explicit checked attestation and chosen proof (1.217569ms)
✔ review submits the exact evidence snapshot and no caller-selected money (1.158395ms)
✔ customer sees completed original refund separately from pending extra payment (15.864092ms)
✔ unapproved guest liability is a review hold without a refund promise or pay button (0.20634ms)
✔ zero captured payment explains authorization release and completed case has no retry (0.326684ms)
✔ finance entry converts decimal currency without fractional cents or silent rounding (0.4184ms)
✔ hotel detail requests the chosen stay and currency and excludes mixed historical quotes (5.320275ms)
✔ a stale selection cannot start prebooking for another date or currency (1.722698ms)
✔ the accepted same-stay offer supplies the prebooking currency and review data (1.227558ms)
✔ a late hotel response cannot overwrite the next search (1.382298ms)
✔ missing dates or a mismatched hotel response cannot show bookable offers (2.353439ms)
✔ local build preserves development API and unrelated Expo config (1.29073ms)
✔ preview and production require an explicit API binding (1.298592ms)
✔ external builds reject loopback, placeholder, plaintext and credential URLs (0.847662ms)
✔ explicit HTTPS build API reaches the same extra field consumed by client.ts (0.207651ms)
✔ existing environment names and release metadata remain compatible (0.910212ms)
(node:138) [MODULE_TYPELESS_PACKAGE_JSON] Warning: Module type of file:///workspace/scratch/99b7ad5cc112/go-work/application/mobile/go-app/src/domain/changeActions.ts is not specified and it doesn't parse as CommonJS.
Reparsing as ES module because module syntax was detected. This incurs a performance overhead.
To eliminate this warning, add "type": "module" to /workspace/scratch/99b7ad5cc112/go-work/application/mobile/go-app/package.json.
(Use `node --trace-warnings ...` to show where the warning was created)
✔ HOTEL: explicit confirmation consumes one quote and reads original order (38.124779ms)
✔ HOTEL: expiry, edit and session changes prevent submission (4.682887ms)
✔ HOTEL: wrong identity or unavailable isolated channel cannot execute (1.731809ms)
✔ HOTEL: timeout is unknown and never auto-retried (1.352645ms)
✔ FLIGHT: explicit confirmation consumes one quote and reads original order (2.348118ms)
✔ FLIGHT: expiry, edit and session changes prevent submission (1.350835ms)
✔ FLIGHT: wrong identity or unavailable isolated channel cannot execute (0.630139ms)
✔ FLIGHT: timeout is unknown and never auto-retried (0.535467ms)
✔ RAIL: explicit confirmation consumes one quote and reads original order (0.657179ms)
✔ RAIL: expiry, edit and session changes prevent submission (1.56738ms)
✔ RAIL: wrong identity or unavailable isolated channel cannot execute (0.832771ms)
✔ RAIL: timeout is unknown and never auto-retried (0.556708ms)
✔ ATTRACTION: explicit confirmation consumes one quote and reads original order (6.552943ms)
✔ ATTRACTION: expiry, edit and session changes prevent submission (1.11325ms)
✔ ATTRACTION: wrong identity or unavailable isolated channel cannot execute (10.838496ms)
✔ ATTRACTION: timeout is unknown and never auto-retried (1.413961ms)
✔ RENTAL: explicit confirmation consumes one quote and reads original order (1.202257ms)
✔ RENTAL: expiry, edit and session changes prevent submission (21.22442ms)
✔ RENTAL: wrong identity or unavailable isolated channel cannot execute (0.746334ms)
✔ RENTAL: timeout is unknown and never auto-retried (0.235947ms)
✔ invalid replacement quote destroys old consent; dates are canonical (0.904482ms)
✔ double submit makes only one mutation (0.420429ms)
✔ multi-leg flight requires selection and binds the selected leg (1.221011ms)
(node:147) [MODULE_TYPELESS_PACKAGE_JSON] Warning: Module type of file:///workspace/scratch/99b7ad5cc112/go-work/application/mobile/go-app/src/domain/changeTerms.ts is not specified and it doesn't parse as CommonJS.
Reparsing as ES module because module syntax was detected. This incurs a performance overhead.
To eliminate this warning, add "type": "module" to /workspace/scratch/99b7ad5cc112/go-work/application/mobile/go-app/package.json.
(Use `node --trace-warnings ...` to show where the warning was created)
✔ hotel lower price discloses loss, no fee and original fixed deadline (44.729873ms)
✔ missing or inconsistent hotel financial terms are not confirmable (1.492414ms)
✔ flight and rail disclose transport identity and reject inconsistent fee sums (0.804175ms)
✔ rental lower cost specifies original payment and validates the rate calculation (0.624831ms)
✔ attraction free change never silently accepts a newly introduced charge (0.646799ms)
(node:153) [MODULE_TYPELESS_PACKAGE_JSON] Warning: Module type of file:///workspace/scratch/99b7ad5cc112/go-work/application/mobile/go-app/src/domain/tripFacts.ts is not specified and it doesn't parse as CommonJS.
Reparsing as ES module because module syntax was detected. This incurs a performance overhead.
To eliminate this warning, add "type": "module" to /workspace/scratch/99b7ad5cc112/go-work/application/mobile/go-app/package.json.
(Use `node --trace-warnings ...` to show where the warning was created)
✔ Direct navigation preserves the owned reservation identity (1.825269ms)
✔ Direct details read only the canonical reservation and matching events (0.588014ms)
✔ Direct mismatched or missing records cannot display confirmation (1.814671ms)
(node:155) [MODULE_TYPELESS_PACKAGE_JSON] Warning: Module type of file:///workspace/scratch/99b7ad5cc112/go-work/application/mobile/go-app/src/domain/orderActions.ts is not specified and it doesn't parse as CommonJS.
Reparsing as ES module because module syntax was detected. This incurs a performance overhead.
To eliminate this warning, add "type": "module" to /workspace/scratch/99b7ad5cc112/go-work/application/mobile/go-app/package.json.
(Use `node --trace-warnings ...` to show where the warning was created)
✔ hotel cancellation sends the displayed quote identity without silently creating another quote (9.945996ms)
✔ hotel server rejects a stale accepted quote without replacing it or retrying cancellation (5.530176ms)
✔ hotel malformed, expired or foreign accepted quote cannot send cancellation (4.203662ms)
(node:166) [MODULE_TYPELESS_PACKAGE_JSON] Warning: Module type of file:///workspace/scratch/99b7ad5cc112/go-work/application/mobile/go-app/src/domain/orderActions.ts is not specified and it doesn't parse as CommonJS.
Reparsing as ES module because module syntax was detected. This incurs a performance overhead.
To eliminate this warning, add "type": "module" to /workspace/scratch/99b7ad5cc112/go-work/application/mobile/go-app/package.json.
(Use `node --trace-warnings ...` to show where the warning was created)
✔ HOTEL: payment binds fresh amount and re-reads the same order after lost response (15.867329ms)
✔ HOTEL: changed amount and unavailable channel cannot execute payment (1.359629ms)
✔ HOTEL: refund confirms quoted amount, submits once and does not invent refunded state (9.276612ms)
✔ HOTEL: changed refund terms need reconfirmation before any cancellation (2.5999ms)
✔ FLIGHT: payment binds fresh amount and re-reads the same order after lost response (0.745488ms)
✔ FLIGHT: changed amount and unavailable channel cannot execute payment (1.379741ms)
✔ FLIGHT: refund confirms quoted amount, submits once and does not invent refunded state (1.880172ms)
✔ FLIGHT: changed refund terms need reconfirmation before any cancellation (0.88651ms)
✔ RAIL: payment binds fresh amount and re-reads the same order after lost response (1.963121ms)
✔ RAIL: changed amount and unavailable channel cannot execute payment (0.695594ms)
✔ RAIL: refund confirms quoted amount, submits once and does not invent refunded state (1.267709ms)
✔ RAIL: changed refund terms need reconfirmation before any cancellation (3.235179ms)
✔ RENTAL: payment binds fresh amount and re-reads the same order after lost response (0.642464ms)
✔ RENTAL: changed amount and unavailable channel cannot execute payment (0.986844ms)
✔ RENTAL: refund confirms quoted amount, submits once and does not invent refunded state (1.093619ms)
✔ RENTAL: changed refund terms need reconfirmation before any cancellation (0.614692ms)
✔ RIDE: payment binds fresh amount and re-reads the same order after lost response (0.392919ms)
✔ RIDE: changed amount and unavailable channel cannot execute payment (1.017007ms)
✔ RIDE: refund confirms quoted amount, submits once and does not invent refunded state (7.030352ms)
✔ RIDE: changed refund terms need reconfirmation before any cancellation (0.863466ms)
✔ ATTRACTION: payment binds fresh amount and re-reads the same order after lost response (0.261722ms)
✔ ATTRACTION: changed amount and unavailable channel cannot execute payment (6.100642ms)
✔ ATTRACTION: refund confirms quoted amount, submits once and does not invent refunded state (1.014068ms)
✔ ATTRACTION: changed refund terms need reconfirmation before any cancellation (0.170411ms)
✔ identity substitution and concurrent payment submission are blocked (7.70798ms)
✔ screen/session change prevents a mutation after read-only preflight (0.32165ms)
✔ all six booking intents use explicit vault identities with stable keys and no fabricated people (26.217622ms)
✔ portable request fingerprint matches standard SHA-256 for Unicode and block boundaries (8.176371ms)
(node:169) [MODULE_TYPELESS_PACKAGE_JSON] Warning: Module type of file:///workspace/scratch/99b7ad5cc112/go-work/application/mobile/go-app/src/api/transport.ts is not specified and it doesn't parse as CommonJS.
Reparsing as ES module because module syntax was detected. This incurs a performance overhead.
To eliminate this warning, add "type": "module" to /workspace/scratch/99b7ad5cc112/go-work/application/mobile/go-app/package.json.
(Use `node --trace-warnings ...` to show where the warning was created)
✔ logout immediately invalidates old UI and blocks orders while remote revocation is pending (18.603137ms)
✔ read started before logout cannot return old account data (2.314854ms)
✔ clear blocks stale stored credentials before slow deletion completes (10.596406ms)
✔ logout supersedes a login waiting for secure storage without dispatching login (1.28913ms)
✔ late failed logout cannot clear a later successful account login (2.976216ms)
✔ missing refresh token after 401 invalidates the authenticated UI (2.110638ms)
✔ 401 after successful refresh invalidates the session without a third request (5.796763ms)
✔ a permission denial does not clear an otherwise valid account (8.304926ms)
✔ a broken UI subscriber cannot prevent token clearing or other subscribers (0.372541ms)
✔ failed token persistence cannot expose a partially saved login to requests (9.068522ms)
✔ temporary refresh outage preserves the session and never retries the business mutation (0.606198ms)
✔ a successful HTTP response without revocation evidence is not remote logout success (0.671667ms)
(node:184) [MODULE_TYPELESS_PACKAGE_JSON] Warning: Module type of file:///workspace/scratch/99b7ad5cc112/go-work/application/mobile/go-app/src/domain/stayCreditActions.ts is not specified and it doesn't parse as CommonJS.
Reparsing as ES module because module syntax was detected. This incurs a performance overhead.
To eliminate this warning, add "type": "module" to /workspace/scratch/99b7ad5cc112/go-work/application/mobile/go-app/package.json.
(Use `node --trace-warnings ...` to show where the warning was created)
✔ native conversion sends exactly the displayed quote and explicit consent (14.376301ms)
✔ native lost conversion response reads original order without resending cancellation (0.734916ms)
✔ native stale quote remains rejected and is never silently replaced (0.435838ms)
✔ native expired, cross-order, wrong-currency or renewed-year quote cannot submit (0.304308ms)
(node:196) [MODULE_TYPELESS_PACKAGE_JSON] Warning: Module type of file:///workspace/scratch/99b7ad5cc112/go-work/application/mobile/go-app/src/api/transport.ts is not specified and it doesn't parse as CommonJS.
Reparsing as ES module because module syntax was detected. This incurs a performance overhead.
To eliminate this warning, add "type": "module" to /workspace/scratch/99b7ad5cc112/go-work/application/mobile/go-app/package.json.
(Use `node --trace-warnings ...` to show where the warning was created)
✔ concurrent expired mutations share one refresh and retain each original idempotency key/body (14.277253ms)
✔ a mutation with lost response is uncertain and is never automatically retried (1.602047ms)
✔ account change discards pending reads and refresh tokens from the old account (2.482582ms)
✔ refresh rejection invalidates current session and notifies the UI (9.917408ms)
✔ logout revokes remotely and still clears locally after a transport failure (0.776656ms)
✔ a previous logout cannot clear a newly logged-in account (1.629634ms)
✔ only chosen API-relative paths are requested and caller auth cannot override the session (1.044781ms)
✔ aborted mutations before dispatch are known not sent; malformed successful responses are uncertain (1.450284ms)
(node:204) [MODULE_TYPELESS_PACKAGE_JSON] Warning: Module type of file:///workspace/scratch/99b7ad5cc112/go-work/application/mobile/go-app/src/domain/tripFacts.ts is not specified and it doesn't parse as CommonJS.
Reparsing as ES module because module syntax was detected. This incurs a performance overhead.
To eliminate this warning, add "type": "module" to /workspace/scratch/99b7ad5cc112/go-work/application/mobile/go-app/package.json.
(Use `node --trace-warnings ...` to show where the warning was created)
✔ native navigation binds all six verticals to an owned canonical identity (2.594703ms)
✔ native check-in renders each passenger and leg independently (0.870666ms)
✔ missing, stale, duplicate, future or wrong-order check-in evidence is unverified (0.409594ms)
✔ only safe HTTPS links are offered by native travel facts (0.199418ms)
✔ native rental details never request ride tracking (0.328891ms)
✔ ride tracking failure cannot hide the existing ride order (0.219255ms)
✔ tracking and order identity mismatches cannot render another order (0.786712ms)
✔ rail order preserves party, immutable prebook and original total through payment cancellation (4.741339ms)
✔ attraction order uses the quoted slot, quantity and prebook and shows eligibility (0.635864ms)
✔ cancelling confirmation step 1 never creates an order or payment (0.750441ms)
✔ cancelling confirmation step 2 never creates an order or payment (2.274326ms)
✔ cancelled party selection cannot reach order creation (0.481248ms)
✔ quote that expires during traveler selection cannot create or pay an order (1.0957ms)
✔ missing final consent never creates an order (1.516271ms)
✔ different people are required for every quoted place (0.799063ms)
✔ an uncertain payment still opens the existing order for recovery (0.879554ms)
✔ repeated clicks cannot start a second booking while confirmation is open (0.822401ms)
✔ mismatched total, journey or slot is refused before any traveler consent (13.123258ms)
✔ cancelling date selection never requests a quote or payment (3.722227ms)
✔ ride changes continue to use their separate workflow (1.421585ms)
✔ viewing a rental quote does not execute the change (1.627669ms)
✔ confirmed refund difference retains its sign and server quote identity (2.792873ms)
✔ unchecked amount consent blocks executing a displayed quote (2.30199ms)
✔ the shared amount formatter preserves cents on confirmation screens (39.616059ms)
✔ consumer: concurrent expired reads refresh once and preserve namespace (20.797272ms)
✔ consumer: a mutation without idempotency is never replayed after renewal (4.631237ms)
✔ consumer: an idempotent retry retains the original key and body (1.931989ms)
✔ consumer: failed refresh stops without retrying the operation (1.570519ms)
✔ console: concurrent expired reads refresh once and preserve namespace (6.765335ms)
✔ console: a mutation without idempotency is never replayed after renewal (1.507186ms)
✔ console: an idempotent retry retains the original key and body (1.95061ms)
✔ console: failed refresh stops without retrying the operation (4.559127ms)
✔ consumer logout failure preserves account and current page; success clears all private state (2.305912ms)
✔ console logout failure is surfaced instead of silently reporting success (2.038734ms)
✔ console requests work when randomUUID is unavailable in an HTTP preview (2.137931ms)
✔ console login binds the requested account type before establishing a session (2.082776ms)
✔ a changed console actor clears the stale UI and never refreshes or retries (2.160965ms)
✔ consumer: expired access can renew once to revoke its own session (3.46926ms)
✔ console: expired access can renew once to revoke its own session (1.244968ms)
✔ unverified check-in never exposes links or boarding passes (4.719994ms)
✔ per-traveler boarding pass appears only for the verified pass state (2.098589ms)
✔ invalid URL schemes and credentials do not become customer links (1.406423ms)
✔ unknown fleet outcome clearly separates confirmed and proposed times (1.441158ms)
✔ cancelled tracking confirmation sends no binding mutation (1.480227ms)
✔ checked consent sends exact displayed revision and server authority, never wait overrides (1.439432ms)
✔ missing consent prevents any tracking write (8.3764ms)
✔ no authorized source does not open an unusable confirmation dialog (1.788206ms)
✔ waiting protection is conditional and shows the actual event allowance (2.315353ms)
✔ late check-in response cannot populate a detached screen (17.127142ms)
✔ HOTEL_CATALOG: reopen the existing order without a new order or payment (3.426651ms)
✔ HOTEL_DIRECT: reopen the existing order without a new order or payment (2.277787ms)
✔ FLIGHT: reopen the existing order without a new order or payment (1.748463ms)
✔ RAIL: reopen the existing order without a new order or payment (1.366163ms)
✔ RIDE: reopen the existing order without a new order or payment (1.364445ms)
✔ RENTAL: reopen the existing order without a new order or payment (0.699889ms)
✔ ATTRACTION: reopen the existing order without a new order or payment (0.912173ms)
✔ untrusted evidence URLs and unsupported identities never select an endpoint (1.222299ms)
✔ card output escapes content and uses current canonical status (1.362705ms)
✔ an order response cannot populate a different order or vertical (4.428442ms)
✔ late order response cannot overwrite a new screen (3.02346ms)
✔ continuing payment re-reads amount and uses the original order only (1.007156ms)
✔ already paid or expired orders cannot invoke payment from a stale card (1.904498ms)
✔ payment timeout reads the same order and never silently resends (1.075963ms)
✔ leaving before the fresh order read prevents a payment dialog (0.729231ms)
✔ real app dispatch uses every existing enriched order renderer (5.161199ms)
✔ closing permission confirmation sends no permission mutation (3.942473ms)
✔ source disconnect remains explicit and retains server-directed semantics (6.165831ms)
✔ person edit binds the displayed revision and leaves a blank birth date untouched (3.474148ms)
✔ sensitive import inspection happens only after explicit confirmation, with no implicit acceptance (11.995776ms)
✔ untrusted imported content is escaped before display (2.39871ms)
✔ duplicate submits during a pending mutation call the server once (3.038837ms)
✔ import reassignment binds traveler and item revision and does not accept content (2.419064ms)
✔ RAIL cancellation requires explicit confirmation (2.705245ms)
✔ RAIL response loss still reloads persisted order (3.404293ms)
✔ RAIL paid or uncertain orders cannot open unpaid cancellation (3.857849ms)
✔ ATTRACTION cancellation requires explicit confirmation (0.875619ms)
✔ ATTRACTION response loss still reloads persisted order (0.948418ms)
✔ ATTRACTION paid or uncertain orders cannot open unpaid cancellation (3.775244ms)
✔ new unpaid reservation displays its frozen UTC deadline (1.83779ms)
✔ legacy orders never receive a fabricated deadline (0.248269ms)
✔ expiry display relies on persisted server state instead of browser clock (0.450416ms)
✔ started and uncertain payment keeps its reservation message (0.307869ms)
✔ RAIL: opening recovery does not send a refund until confirmed (2.132366ms)
✔ RAIL: failed response still reloads persisted order state (1.306408ms)
✔ ATTRACTION: opening recovery does not send a refund until confirmed (0.757389ms)
✔ ATTRACTION: failed response still reloads persisted order state (0.717545ms)
✔ busy recovery gives a customer message and refreshes the existing order (0.809771ms)
✔ rail interrupted change confirms the original quote instead of creating another (1.402945ms)
ℹ tests 270
ℹ suites 0
ℹ pass 270
ℹ fail 0
ℹ cancelled 0
ℹ skipped 0
ℹ todo 0
ℹ duration_ms 1250.654479
