✔ nationwide activation confirms exact scope, explicit reason and readback (3.490259ms)
✔ stale scope blocks activation (1.140359ms)
✔ changed session blocks activation (1.083572ms)
✔ removed rights and departed view cannot activate (2.05714ms)
✔ duplicate concurrent confirmation has one mutation (2.029638ms)
✔ register requires fetched server terms and posts exactly those terms (2.948683ms)
✔ double submit creates one request while first request pending (0.795348ms)
✔ terms metadata failure leaves registration disabled (0.70343ms)
✔ unchecked consent cannot create account (0.785163ms)
✔ navigation during signup does not overwrite current page (1.268211ms)
✔ failed session readback never claims registration is signed in (0.832104ms)
✔ approve fresh-reads and submits exact displayed manifest hash then reads back (2.46257ms)
✔ changed hash or state blocks mutation and requires fresh confirmation (1.044925ms)
✔ duplicate confirmation while pending never sends a second action (0.82977ms)
✔ older hotel inspection cannot replace newer hotel response (0.746325ms)
✔ leaving view during confirmation read prevents action (0.652343ms)
✔ post failure cannot report success or retain a ready confirmation (0.757721ms)
✔ state capability is required and publish never calls the legacy request endpoint (1.054068ms)
✔ supplier strings are escaped and internal conflict codes are not shown as primary error (1.311897ms)
✔ image preview is lazy and contains no remote supplier URL in markup (1.709156ms)
✔ authenticated blob retains actor and cookie headers without parsing successful image JSON (1.286037ms)
✔ blob rejects active SVG or unexpected content type (0.873717ms)
✔ blob auth context change triggers existing session callback (0.658242ms)
✔ review list omits empty state/property filters accepted by backend (7.238718ms)
✔ session change before list reply clears previous hotel details and ignores response (1.106837ms)
✔ unexpected review identity cannot arm a mutation (0.599052ms)
✔ changed hotel or room facts with same manifest hash require a new confirmation (0.797412ms)
✔ missing trusted facts snapshot cannot arm approval (1.224334ms)
✔ failed legacy factory overview leaves review entry available and functional (2.417823ms)
✔ opening review during legacy overview prevents stale factory redraw and further legacy requests (0.873627ms)
✔ preview is local and explicitly unsaved; only chosen fields are submitted without OTA images (6.530761ms)
✔ empty selection and stale preview never write hotel data (1.438117ms)
✔ failed import retains text and choices and suppresses internal error codes (1.646932ms)
✔ unexpected import response cannot report success (2.455049ms)
✔ direct image upload sends bytes and rights and reports verified dimensions as unpublished draft (1.441381ms)
✔ image rejection keeps file and rights available for retry with Chinese quality feedback (1.228491ms)
✔ missing rights or oversized file never sends an upload (0.996051ms)
✔ invalid JSON never enables confirmation (1.050743ms)
✔ source room selection requires mapping confirmation without blocking hotel fields (1.643617ms)
✔ malformed room collection cannot enable import (3.015954ms)
✔ preview escapes supplied hotel markup (1.099417ms)
✔ upload response must confirm nonpublished draft and valid dimensions (1.961406ms)
✔ double submission during pending import sends a single request (1.042982ms)
✔ explicit source room mapping sends confirmed target outside hotel package (2.42222ms)
✔ new physical room is explicit and changing target clears confirmation (1.190744ms)
✔ mapping refuses foreign target and duplicated target (1.043762ms)
✔ hotel selection scopes writes and preserves per-hotel import draft (1.529505ms)
✔ switch refused during in-flight mutation; completion cannot write to another hotel (0.983092ms)
✔ binding uses current asset revision and selected property room (1.30746ms)
✔ publication requires selection and confirmation, submission does not claim published (0.825434ms)
✔ foreign asset cannot be submitted and failed binding remains actionable (0.641356ms)
✔ trusted manifest is previewed without writing and requires explicit confirmation (1.250434ms)
✔ foreign property, foreign image and duplicate room targets cannot be submitted (2.117871ms)
✔ manifest preview escapes text and explicitly treats rights as declarations (0.641056ms)
✔ file read completing after hotel switch cannot update preview or post (0.755769ms)
✔ new file invalidates confirmation and older asynchronous read cannot replace it (0.726224ms)
✔ approved review is not announced publicly available without successful server read (0.893546ms)
✔ trusted submit failure preserves file and confirmation but never leaks internal error (0.745544ms)
✔ supplier review history paginates beyond first 25 and stale detail cannot overwrite new list (0.90938ms)
✔ trusted manifest submit rejects concurrent duplicate click and hotel switch (0.747536ms)
✔ session cookie change during manifest read cannot render prior session or submit (0.74298ms)
✔ session cookie change invalidates already previewed manifest and pending review detail (0.904803ms)
✔ nationwide supplier registration sends independent hotel geography and opens library (3.118338ms)
✔ double submission only creates one account request (0.993377ms)
✔ supplier API keeps registration property readback with authenticated identity (1.268812ms)
✔ terms failure renders in login error without a notice container (1.106166ms)
✔ late terms result does not replace a disconnected login (0.897062ms)
✔ late registration success cannot replace another session view (1.016822ms)
✔ late registration failure ignores disconnected error nodes (0.902851ms)
ℹ tests 69
ℹ suites 0
ℹ pass 69
ℹ fail 0
ℹ cancelled 0
ℹ skipped 0
ℹ todo 0
ℹ duration_ms 149.562077
