✔ register requires fetched server terms and posts exactly those terms (3.028572ms)
✔ double submit creates one request while first request pending (0.902489ms)
✔ terms metadata failure leaves registration disabled (0.826976ms)
✔ unchecked consent cannot create account (0.787817ms)
✔ navigation during signup does not overwrite current page (0.865353ms)
✔ failed session readback never claims registration is signed in (0.993477ms)
✔ draft consumer terms render but cannot create account even with checked consent (4.202496ms)
✔ consumer term mismatch locks consent until full terms are reloaded (0.868419ms)
✔ approve fresh-reads and submits exact displayed manifest hash then reads back (2.833949ms)
✔ changed hash or state blocks mutation and requires fresh confirmation (1.010342ms)
✔ duplicate confirmation while pending never sends a second action (0.848979ms)
✔ older hotel inspection cannot replace newer hotel response (0.834608ms)
✔ leaving view during confirmation read prevents action (0.81628ms)
✔ post failure cannot report success or retain a ready confirmation (1.032325ms)
✔ state capability is required and publish never calls the legacy request endpoint (1.182602ms)
✔ supplier strings are escaped and internal conflict codes are not shown as primary error (1.555003ms)
✔ image preview is lazy and contains no remote supplier URL in markup (1.881224ms)
✔ authenticated blob retains actor and cookie headers without parsing successful image JSON (1.549134ms)
✔ blob rejects active SVG or unexpected content type (1.127779ms)
✔ blob auth context change triggers existing session callback (0.927217ms)
✔ review list omits empty state/property filters accepted by backend (11.103687ms)
✔ session change before list reply clears previous hotel details and ignores response (1.222381ms)
✔ unexpected review identity cannot arm a mutation (0.75691ms)
✔ changed hotel or room facts with same manifest hash require a new confirmation (0.701897ms)
✔ missing trusted facts snapshot cannot arm approval (1.001168ms)
✔ failed legacy factory overview leaves review entry available and functional (2.404462ms)
✔ opening review during legacy overview prevents stale factory redraw and further legacy requests (1.236213ms)
✔ approved terms render full body as text, never interpreted markup (2.345864ms)
✔ draft documents remain readable but never enable consent even if policy enabled (0.966176ms)
✔ policy closed overrides all approved documents (0.686644ms)
✔ changed document hash fails closed (0.976892ms)
✔ changed document version fails closed (0.632373ms)
✔ missing and duplicate documents never enable consent (1.209001ms)
✔ body load failure never returns enabled consent (0.641367ms)
✔ unexpected content URL is never fetched (0.753485ms)
✔ navigation during document load cannot write detached container (0.82981ms)
✔ unlisted terms or blank content fail closed (1.226607ms)
✔ preview is local and explicitly unsaved; only chosen fields are submitted without OTA images (4.96526ms)
✔ empty selection and stale preview never write hotel data (0.949421ms)
✔ failed import retains text and choices and suppresses internal error codes (1.171655ms)
✔ unexpected import response cannot report success (1.685209ms)
✔ direct image upload sends bytes and rights and reports verified dimensions as unpublished draft (1.037983ms)
✔ image rejection keeps file and rights available for retry with Chinese quality feedback (1.087217ms)
✔ missing rights or oversized file never sends an upload (0.754797ms)
✔ invalid JSON never enables confirmation (0.732033ms)
✔ source room selection requires mapping confirmation without blocking hotel fields (1.074558ms)
✔ malformed room collection cannot enable import (2.298913ms)
✔ preview escapes supplied hotel markup (0.722178ms)
✔ upload response must confirm nonpublished draft and valid dimensions (1.473821ms)
✔ double submission during pending import sends a single request (0.961929ms)
✔ explicit source room mapping sends confirmed target outside hotel package (0.840256ms)
✔ new physical room is explicit and changing target clears confirmation (2.248938ms)
✔ mapping refuses foreign target and duplicated target (0.76343ms)
✔ hotel selection scopes writes and preserves per-hotel import draft (1.106266ms)
✔ switch refused during in-flight mutation; completion cannot write to another hotel (0.722609ms)
✔ binding uses current asset revision and selected property room (0.906625ms)
✔ publication requires selection and confirmation, submission does not claim published (0.847977ms)
✔ foreign asset cannot be submitted and failed binding remains actionable (0.677671ms)
✔ trusted manifest is previewed without writing and requires explicit confirmation (1.48695ms)
✔ foreign property, foreign image and duplicate room targets cannot be submitted (1.857378ms)
✔ manifest preview escapes text and explicitly treats rights as declarations (0.646885ms)
✔ file read completing after hotel switch cannot update preview or post (0.852614ms)
✔ new file invalidates confirmation and older asynchronous read cannot replace it (0.715117ms)
✔ approved review is not announced publicly available without successful server read (0.839354ms)
✔ trusted submit failure preserves file and confirmation but never leaks internal error (0.781848ms)
✔ supplier review history paginates beyond first 25 and stale detail cannot overwrite new list (0.932325ms)
✔ trusted manifest submit rejects concurrent duplicate click and hotel switch (0.812294ms)
✔ session cookie change during manifest read cannot render prior session or submit (0.752263ms)
✔ session cookie change invalidates already previewed manifest and pending review detail (0.936851ms)
✔ nationwide supplier registration sends independent hotel geography and opens library (4.346618ms)
✔ double submission only creates one account request (1.001088ms)
✔ supplier API keeps registration property readback with authenticated identity (0.973797ms)
✔ terms failure renders in login error without a notice container (0.974448ms)
✔ late terms result does not replace a disconnected login (0.608758ms)
✔ late registration success cannot replace another session view (0.927797ms)
✔ late registration failure ignores disconnected error nodes (0.892044ms)
✔ draft supplier terms cannot submit despite synthetic checked checkbox (4.063201ms)
✔ supplier failure locks stale consent pending full reload (1.115981ms)
ℹ tests 78
ℹ suites 0
ℹ pass 78
ℹ fail 0
ℹ cancelled 0
ℹ skipped 0
ℹ todo 0
ℹ duration_ms 134.522105
