test_credentials_rejected_without_echoing_secret (test_hotel_direct_submission_manifest.DirectSubmissionManifestTest.test_credentials_rejected_without_echoing_secret) ... ok
test_cross_hotel_and_supplier_rejected (test_hotel_direct_submission_manifest.DirectSubmissionManifestTest.test_cross_hotel_and_supplier_rejected) ... ok
test_current_rights_are_explicitly_not_evaluated (test_hotel_direct_submission_manifest.DirectSubmissionManifestTest.test_current_rights_are_explicitly_not_evaluated) ... ok
test_duplicate_asset_or_usage (test_hotel_direct_submission_manifest.DirectSubmissionManifestTest.test_duplicate_asset_or_usage) ... ok
test_duplicate_room_identity_or_target (test_hotel_direct_submission_manifest.DirectSubmissionManifestTest.test_duplicate_room_identity_or_target) ... ok
test_hash_order_invariant_and_expected_hash (test_hotel_direct_submission_manifest.DirectSubmissionManifestTest.test_hash_order_invariant_and_expected_hash) ... ok
test_hero_and_each_room_image_required (test_hotel_direct_submission_manifest.DirectSubmissionManifestTest.test_hero_and_each_room_image_required) ... ok
test_identity_association_required (test_hotel_direct_submission_manifest.DirectSubmissionManifestTest.test_identity_association_required) ... ok
test_input_untouched_and_output_detached (test_hotel_direct_submission_manifest.DirectSubmissionManifestTest.test_input_untouched_and_output_detached) ... ok
test_inventory_exact_parity (test_hotel_direct_submission_manifest.DirectSubmissionManifestTest.test_inventory_exact_parity) ... ok
test_malformed_json_types_rejected (test_hotel_direct_submission_manifest.DirectSubmissionManifestTest.test_malformed_json_types_rejected) ... ok
test_original_hash_and_image_requirements (test_hotel_direct_submission_manifest.DirectSubmissionManifestTest.test_original_hash_and_image_requirements) ... ok
test_rights_reference_scope_and_expiry (test_hotel_direct_submission_manifest.DirectSubmissionManifestTest.test_rights_reference_scope_and_expiry) ... ok
test_room_binding_rejected (test_hotel_direct_submission_manifest.DirectSubmissionManifestTest.test_room_binding_rejected) ... ok
test_timestamp_offsets_compare_as_instants (test_hotel_direct_submission_manifest.DirectSubmissionManifestTest.test_timestamp_offsets_compare_as_instants) ... ok
test_valid_is_only_unverified_structure (test_hotel_direct_submission_manifest.DirectSubmissionManifestTest.test_valid_is_only_unverified_structure) ... ok
test_version_and_unknown_fields (test_hotel_direct_submission_manifest.DirectSubmissionManifestTest.test_version_and_unknown_fields) ... ok

----------------------------------------------------------------------
Ran 17 tests in 0.010s

OK
