2026-09-12T03:39:08.2580882Z Current runner version: '2.337.0'
2026-09-12T03:39:08.2599838Z ##[group]Runner Image Provisioner
2026-09-12T03:39:08.2600377Z Hosted Compute Agent
2026-09-12T03:39:08.2600720Z Version: 20260828.587
2026-09-12T03:39:08.2601162Z Commit: abac92662cab4cc7352de4f9f9d2e2419aad9c29
2026-09-12T03:39:08.2601626Z Build Date: 2026-08-28T16:44:25Z
2026-09-12T03:39:08.2602050Z Worker ID: {2c3e9166-3931-4909-bbda-add94847a3e2}
2026-09-12T03:39:08.2602504Z Azure Region: westus3
2026-09-12T03:39:08.2602831Z ##[endgroup]
2026-09-12T03:39:08.2603641Z ##[group]Operating System
2026-09-12T03:39:08.2604031Z Ubuntu
2026-09-12T03:39:08.2604376Z 24.04.5
2026-09-12T03:39:08.2604698Z LTS
2026-09-12T03:39:08.2605002Z ##[endgroup]
2026-09-12T03:39:08.2605362Z ##[group]Runner Image
2026-09-12T03:39:08.2605740Z Image: ubuntu-24.04
2026-09-12T03:39:08.2606128Z Version: 20260907.300.1
2026-09-12T03:39:08.2606872Z Included Software: https://github.com/actions/runner-images/blob/ubuntu24/20260907.300/images/ubuntu/Ubuntu2404-Readme.md
2026-09-12T03:39:08.2607905Z Image Release: https://github.com/actions/runner-images/releases/tag/ubuntu24%2F20260907.300
2026-09-12T03:39:08.2608480Z ##[endgroup]
2026-09-12T03:39:08.2609279Z ##[group]GITHUB_TOKEN Permissions
2026-09-12T03:39:08.2610588Z Actions: read
2026-09-12T03:39:08.2611051Z Contents: write
2026-09-12T03:39:08.2611427Z Metadata: read
2026-09-12T03:39:08.2611765Z PullRequests: read
2026-09-12T03:39:08.2612158Z ##[endgroup]
2026-09-12T03:39:08.2613594Z Secret source: Actions
2026-09-12T03:39:08.2614217Z Cache mode: write
2026-09-12T03:39:08.2614641Z Prepare workflow directory
2026-09-12T03:39:08.3021351Z Prepare all required actions
2026-09-12T03:39:08.3093647Z Getting action download info
2026-09-12T03:39:08.6419175Z Download action repository 'actions/checkout@v4' (SHA:11d5960a326750d5838078e36cf38b85af677262)
2026-09-12T03:39:08.8686273Z Download action repository 'actions/setup-python@v5' (SHA:a26af69be951a213d495a4c3e4e4022e16d87065)
2026-09-12T03:39:09.0371034Z Download action repository 'actions/download-artifact@v4' (SHA:d3f86a106a0bac45b974a628896c90dbdf5c8093)
2026-09-12T03:39:09.7834619Z Download action repository 'actions/upload-artifact@v4' (SHA:ea165f8d65b6e75b540449e92b4886f43607fa02)
2026-09-12T03:39:10.2461813Z Complete job name: archive-tested-parent
2026-09-12T03:39:10.2942884Z Node 20 is being deprecated. This workflow is running with Node 24 by default. If you need to temporarily use Node 20, you can set the ACTIONS_ALLOW_USE_UNSECURE_NODE_VERSION=true environment variable. For more information see: https://github.blog/changelog/2025-09-19-deprecation-of-node-20-on-github-actions-runners/
2026-09-12T03:39:10.2949493Z ##[group]Run actions/checkout@v4
2026-09-12T03:39:10.2950144Z with:
2026-09-12T03:39:10.2950663Z   ref: 2b865ac8ae9403fb4486131d7839ea264b05ae01
2026-09-12T03:39:10.2951347Z   persist-credentials: false
2026-09-12T03:39:10.2951954Z   repository: yuguangzhi3836-glitch/GO
2026-09-12T03:39:10.2956609Z   token: ***
2026-09-12T03:39:10.2957078Z   ssh-strict: true
2026-09-12T03:39:10.2957586Z   ssh-user: git
2026-09-12T03:39:10.2958310Z   clean: true
2026-09-12T03:39:10.2958815Z   sparse-checkout-cone-mode: true
2026-09-12T03:39:10.2959401Z   fetch-depth: 1
2026-09-12T03:39:10.2959891Z   fetch-tags: false
2026-09-12T03:39:10.2960430Z   show-progress: true
2026-09-12T03:39:10.2960927Z   lfs: false
2026-09-12T03:39:10.2961385Z   submodules: false
2026-09-12T03:39:10.2961890Z   set-safe-directory: true
2026-09-12T03:39:10.2962468Z   allow-unsafe-pr-checkout: false
2026-09-12T03:39:10.2963156Z env:
2026-09-12T03:39:10.2963625Z   PYTHONDONTWRITEBYTECODE: 1
2026-09-12T03:39:10.2964301Z   GO_SOURCE_SHA: 62fdde3cabe72b92fa5dc1b37b7652395fe3aba5
2026-09-12T03:39:10.2965130Z   GO_ARCHIVE_HEAD: 2b865ac8ae9403fb4486131d7839ea264b05ae01
2026-09-12T03:39:10.2965837Z ##[endgroup]
2026-09-12T03:39:10.3769941Z Syncing repository: yuguangzhi3836-glitch/GO
2026-09-12T03:39:10.3773075Z ##[group]Getting Git version info
2026-09-12T03:39:10.3774162Z Working directory is '/home/runner/work/GO/GO'
2026-09-12T03:39:10.3776295Z [command]/usr/bin/git version
2026-09-12T03:39:10.3923386Z git version 2.55.0
2026-09-12T03:39:10.3984343Z ##[endgroup]
2026-09-12T03:39:10.3994087Z Temporarily overriding HOME='/home/runner/work/_temp/50e26e09-44b6-448b-9ba9-79422ca68bd4' before making global git config changes
2026-09-12T03:39:10.3996823Z Adding repository directory to the temporary git global config as a safe directory
2026-09-12T03:39:10.3999073Z [command]/usr/bin/git config --global --add safe.directory /home/runner/work/GO/GO
2026-09-12T03:39:10.4070476Z Deleting the contents of '/home/runner/work/GO/GO'
2026-09-12T03:39:10.4072834Z ##[group]Initializing the repository
2026-09-12T03:39:10.4074082Z [command]/usr/bin/git init /home/runner/work/GO/GO
2026-09-12T03:39:10.4249032Z hint: Using 'master' as the name for the initial branch. This default branch name
2026-09-12T03:39:10.4273972Z hint: will change to "main" in Git 3.0. To configure the initial branch name
2026-09-12T03:39:10.4309159Z hint: to use in all of your new repositories, which will suppress this warning,
2026-09-12T03:39:10.4314312Z hint: call:
2026-09-12T03:39:10.4328629Z hint:
2026-09-12T03:39:10.4330632Z hint: 	git config --global init.defaultBranch <name>
2026-09-12T03:39:10.4331896Z hint:
2026-09-12T03:39:10.4333253Z hint: Names commonly chosen instead of 'master' are 'main', 'trunk' and
2026-09-12T03:39:10.4335096Z hint: 'development'. The just-created branch can be renamed via this command:
2026-09-12T03:39:10.4336596Z hint:
2026-09-12T03:39:10.4337485Z hint: 	git branch -m <name>
2026-09-12T03:39:10.4338622Z hint:
2026-09-12T03:39:10.4339855Z hint: Disable this message with "git config set advice.defaultBranchName false"
2026-09-12T03:39:10.4341845Z Initialized empty Git repository in /home/runner/work/GO/GO/.git/
2026-09-12T03:39:10.4345323Z [command]/usr/bin/git remote add origin https://github.com/yuguangzhi3836-glitch/GO
2026-09-12T03:39:10.4380302Z ##[endgroup]
2026-09-12T03:39:10.4381841Z ##[group]Disabling automatic garbage collection
2026-09-12T03:39:10.4385673Z [command]/usr/bin/git config --local gc.auto 0
2026-09-12T03:39:10.4421946Z ##[endgroup]
2026-09-12T03:39:10.4423515Z ##[group]Setting up auth
2026-09-12T03:39:10.4428854Z [command]/usr/bin/git config --local --name-only --get-regexp core\.sshCommand
2026-09-12T03:39:10.4464090Z [command]/usr/bin/git submodule foreach --recursive sh -c "git config --local --name-only --get-regexp 'core\.sshCommand' && git config --local --unset-all 'core.sshCommand' || :"
2026-09-12T03:39:10.4955505Z [command]/usr/bin/git config --local --name-only --get-regexp http\.https\:\/\/github\.com\/\.extraheader
2026-09-12T03:39:10.4993454Z [command]/usr/bin/git submodule foreach --recursive sh -c "git config --local --name-only --get-regexp 'http\.https\:\/\/github\.com\/\.extraheader' && git config --local --unset-all 'http.https://github.com/.extraheader' || :"
2026-09-12T03:39:10.5194151Z [command]/usr/bin/git config --local --name-only --get-regexp ^includeIf\.gitdir:
2026-09-12T03:39:10.5228139Z [command]/usr/bin/git submodule foreach --recursive git config --local --show-origin --name-only --get-regexp remote.origin.url
2026-09-12T03:39:10.5419899Z [command]/usr/bin/git config --local http.https://github.com/.extraheader AUTHORIZATION: basic ***
2026-09-12T03:39:10.5454347Z ##[endgroup]
2026-09-12T03:39:10.5455983Z ##[group]Fetching the repository
2026-09-12T03:39:10.5462708Z [command]/usr/bin/git -c protocol.version=2 fetch --no-tags --prune --no-recurse-submodules --depth=1 origin 2b865ac8ae9403fb4486131d7839ea264b05ae01
2026-09-12T03:39:13.6236904Z From https://github.com/yuguangzhi3836-glitch/GO
2026-09-12T03:39:13.6248788Z  * branch            2b865ac8ae9403fb4486131d7839ea264b05ae01 -> FETCH_HEAD
2026-09-12T03:39:13.6259081Z ##[endgroup]
2026-09-12T03:39:13.6259614Z ##[group]Determining the checkout info
2026-09-12T03:39:13.6260164Z ##[endgroup]
2026-09-12T03:39:13.6260608Z [command]/usr/bin/git sparse-checkout disable
2026-09-12T03:39:13.6323296Z [command]/usr/bin/git config --local --unset-all extensions.worktreeConfig
2026-09-12T03:39:13.6359399Z ##[group]Checking out the ref
2026-09-12T03:39:13.6362819Z [command]/usr/bin/git checkout --progress --force 2b865ac8ae9403fb4486131d7839ea264b05ae01
2026-09-12T03:39:13.8520500Z Note: switching to '2b865ac8ae9403fb4486131d7839ea264b05ae01'.
2026-09-12T03:39:13.8545651Z 
2026-09-12T03:39:13.8547746Z You are in 'detached HEAD' state. You can look around, make experimental
2026-09-12T03:39:13.8548269Z changes and commit them, and you can discard any commits you make in this
2026-09-12T03:39:13.8548830Z state without impacting any branches by switching back to a branch.
2026-09-12T03:39:13.8549092Z 
2026-09-12T03:39:13.8549280Z If you want to create a new branch to retain commits you create, you may
2026-09-12T03:39:13.8549666Z do so (now or later) by using -c with the switch command. Example:
2026-09-12T03:39:13.8549889Z 
2026-09-12T03:39:13.8549985Z   git switch -c <new-branch-name>
2026-09-12T03:39:13.8550161Z 
2026-09-12T03:39:13.8550258Z Or undo this operation with:
2026-09-12T03:39:13.8550451Z 
2026-09-12T03:39:13.8550528Z   git switch -
2026-09-12T03:39:13.8550660Z 
2026-09-12T03:39:13.8550838Z Turn off this advice by setting config variable advice.detachedHead to false
2026-09-12T03:39:13.8551096Z 
2026-09-12T03:39:13.8551339Z HEAD is now at 2b865ac fix: archive the verified DEPTH41 parent with explicit PR read permission
2026-09-12T03:39:13.8552411Z ##[endgroup]
2026-09-12T03:39:13.8612016Z [command]/usr/bin/git log -1 --format=%H
2026-09-12T03:39:13.8630510Z 2b865ac8ae9403fb4486131d7839ea264b05ae01
2026-09-12T03:39:13.8639967Z ##[group]Removing auth
2026-09-12T03:39:13.8643092Z [command]/usr/bin/git config --local --name-only --get-regexp core\.sshCommand
2026-09-12T03:39:13.8674509Z [command]/usr/bin/git submodule foreach --recursive sh -c "git config --local --name-only --get-regexp 'core\.sshCommand' && git config --local --unset-all 'core.sshCommand' || :"
2026-09-12T03:39:13.8866874Z [command]/usr/bin/git config --local --name-only --get-regexp http\.https\:\/\/github\.com\/\.extraheader
2026-09-12T03:39:13.8893256Z http.https://github.com/.extraheader
2026-09-12T03:39:13.8900893Z [command]/usr/bin/git config --local --unset-all http.https://github.com/.extraheader
2026-09-12T03:39:13.8930566Z [command]/usr/bin/git submodule foreach --recursive sh -c "git config --local --name-only --get-regexp 'http\.https\:\/\/github\.com\/\.extraheader' && git config --local --unset-all 'http.https://github.com/.extraheader' || :"
2026-09-12T03:39:13.9125816Z [command]/usr/bin/git config --local --name-only --get-regexp ^includeIf\.gitdir:
2026-09-12T03:39:13.9162519Z [command]/usr/bin/git submodule foreach --recursive git config --local --show-origin --name-only --get-regexp remote.origin.url
2026-09-12T03:39:13.9363055Z ##[endgroup]
2026-09-12T03:39:13.9562693Z Node 20 is being deprecated. This workflow is running with Node 24 by default. If you need to temporarily use Node 20, you can set the ACTIONS_ALLOW_USE_UNSECURE_NODE_VERSION=true environment variable. For more information see: https://github.blog/changelog/2025-09-19-deprecation-of-node-20-on-github-actions-runners/
2026-09-12T03:39:13.9563651Z ##[group]Run actions/setup-python@v5
2026-09-12T03:39:13.9563795Z with:
2026-09-12T03:39:13.9563911Z   python-version: 3.13.5
2026-09-12T03:39:13.9564042Z   check-latest: false
2026-09-12T03:39:13.9565278Z   token: ***
2026-09-12T03:39:13.9565394Z   update-environment: true
2026-09-12T03:39:13.9565535Z   allow-prereleases: false
2026-09-12T03:39:13.9565663Z   freethreaded: false
2026-09-12T03:39:13.9565776Z env:
2026-09-12T03:39:13.9565888Z   PYTHONDONTWRITEBYTECODE: 1
2026-09-12T03:39:13.9566050Z   GO_SOURCE_SHA: 62fdde3cabe72b92fa5dc1b37b7652395fe3aba5
2026-09-12T03:39:13.9566282Z   GO_ARCHIVE_HEAD: 2b865ac8ae9403fb4486131d7839ea264b05ae01
2026-09-12T03:39:13.9566452Z ##[endgroup]
2026-09-12T03:39:14.0411761Z ##[group]Installed versions
2026-09-12T03:39:14.0419907Z Version 3.13.5 was not found in the local cache
2026-09-12T03:39:14.0483088Z (node:2075) [DEP0040] DeprecationWarning: The `punycode` module is deprecated. Please use a userland alternative instead.
2026-09-12T03:39:14.0485649Z (Use `node --trace-deprecation ...` to show where the warning was created)
2026-09-12T03:39:15.1348073Z Version 3.13.5 is available for downloading
2026-09-12T03:39:15.1348714Z Download from "https://github.com/actions/python-versions/releases/download/3.13.5-15601068749/python-3.13.5-linux-24.04-x64.tar.gz"
2026-09-12T03:39:15.9366996Z Extract downloaded archive
2026-09-12T03:39:15.9459722Z [command]/usr/bin/tar xz --warning=no-unknown-keyword --overwrite -C /home/runner/work/_temp/3fccec2c-543a-44df-be4c-c2b0ca56ef6c -f /home/runner/work/_temp/5c9228e8-f758-4380-917a-83c5e407be8a
2026-09-12T03:39:17.6215283Z Execute installation script
2026-09-12T03:39:17.6303360Z Check if Python hostedtoolcache folder exist...
2026-09-12T03:39:17.6303988Z Create Python 3.13.5 folder
2026-09-12T03:39:17.6314276Z Copy Python binaries to hostedtoolcache folder
2026-09-12T03:39:17.9943051Z Create additional symlinks (Required for the UsePythonVersion Azure Pipelines task and the setup-python GitHub Action)
2026-09-12T03:39:17.9982193Z Upgrading pip...
2026-09-12T03:39:19.6428910Z Looking in links: /tmp/tmpwcxv8zzw
2026-09-12T03:39:19.6438823Z Requirement already satisfied: pip in /opt/hostedtoolcache/Python/3.13.5/x64/lib/python3.13/site-packages (25.1.1)
2026-09-12T03:39:21.1496800Z Collecting pip
2026-09-12T03:39:21.2189688Z Downloading pip-26.2.1-py3-none-any.whl.metadata (4.6 kB)
2026-09-12T03:39:21.5223481Z Downloading pip-26.2.1-py3-none-any.whl (1.8 MB)
2026-09-12T03:39:21.9011432Z ━━━━━━━━━━━━━━━━━━━━━━━━━━━━━━━━━━━━━━━━ 1.8/1.8 MB 4.5 MB/s eta 0:00:00
2026-09-12T03:39:21.9012930Z 
2026-09-12T03:39:21.9278827Z Installing collected packages: pip
2026-09-12T03:39:21.9296711Z Attempting uninstall: pip
2026-09-12T03:39:21.9328102Z Found existing installation: pip 25.1.1
2026-09-12T03:39:21.9501218Z Uninstalling pip-25.1.1:
2026-09-12T03:39:21.9537245Z Successfully uninstalled pip-25.1.1
2026-09-12T03:39:22.5523439Z Successfully installed pip-26.2.1
2026-09-12T03:39:22.6165799Z Create complete file
2026-09-12T03:39:22.6218401Z Successfully set up CPython (3.13.5)
2026-09-12T03:39:22.6219463Z ##[endgroup]
2026-09-12T03:39:22.6361319Z Node 20 is being deprecated. This workflow is running with Node 24 by default. If you need to temporarily use Node 20, you can set the ACTIONS_ALLOW_USE_UNSECURE_NODE_VERSION=true environment variable. For more information see: https://github.blog/changelog/2025-09-19-deprecation-of-node-20-on-github-actions-runners/
2026-09-12T03:39:22.6361969Z ##[group]Run actions/download-artifact@v4
2026-09-12T03:39:22.6362115Z with:
2026-09-12T03:39:22.6362225Z   artifact-ids: 10289943544
2026-09-12T03:39:22.6362348Z   run-id: 34670014293
2026-09-12T03:39:22.6362471Z   repository: yuguangzhi3836-glitch/GO
2026-09-12T03:39:22.6363925Z   github-token: ***
2026-09-12T03:39:22.6364042Z   path: parent-delivery
2026-09-12T03:39:22.6364164Z   merge-multiple: true
2026-09-12T03:39:22.6364278Z env:
2026-09-12T03:39:22.6364402Z   PYTHONDONTWRITEBYTECODE: 1
2026-09-12T03:39:22.6364561Z   GO_SOURCE_SHA: 62fdde3cabe72b92fa5dc1b37b7652395fe3aba5
2026-09-12T03:39:22.6364775Z   GO_ARCHIVE_HEAD: 2b865ac8ae9403fb4486131d7839ea264b05ae01
2026-09-12T03:39:22.6364976Z   pythonLocation: /opt/hostedtoolcache/Python/3.13.5/x64
2026-09-12T03:39:22.6365204Z   PKG_CONFIG_PATH: /opt/hostedtoolcache/Python/3.13.5/x64/lib/pkgconfig
2026-09-12T03:39:22.6365422Z   Python_ROOT_DIR: /opt/hostedtoolcache/Python/3.13.5/x64
2026-09-12T03:39:22.6365613Z   Python2_ROOT_DIR: /opt/hostedtoolcache/Python/3.13.5/x64
2026-09-12T03:39:22.6365806Z   Python3_ROOT_DIR: /opt/hostedtoolcache/Python/3.13.5/x64
2026-09-12T03:39:22.6366003Z   LD_LIBRARY_PATH: /opt/hostedtoolcache/Python/3.13.5/x64/lib
2026-09-12T03:39:22.6366172Z ##[endgroup]
2026-09-12T03:39:22.7407448Z Downloading artifacts by ID
2026-09-12T03:39:22.7410259Z Fetching artifact list for workflow run 34670014293 in repository yuguangzhi3836-glitch/GO
2026-09-12T03:39:22.7498978Z (node:2150) [DEP0040] DeprecationWarning: The `punycode` module is deprecated. Please use a userland alternative instead.
2026-09-12T03:39:22.7500531Z (Use `node --trace-deprecation ...` to show where the warning was created)
2026-09-12T03:39:22.7686504Z (node:2150) [DEP0169] DeprecationWarning: `url.parse()` behavior is not standardized and prone to errors that have security implications. Use the WHATWG URL API instead. CVEs are not issued for `url.parse()` vulnerabilities.
2026-09-12T03:39:23.0205432Z Found 6 artifact(s)
2026-09-12T03:39:23.0206510Z Preparing to download the following artifacts:
2026-09-12T03:39:23.0207527Z - GO-DEPTH41-UNIFIED-PARENT-62fdde3cabe72b92fa5dc1b37b7652395fe3aba5 (ID: 10289943544, Size: 235704751, Expected Digest: sha256:ef7d6f0fd42473040073ea7397cfe83da347a8398ee828fa05ee4aab9f652012)
2026-09-12T03:39:23.0233923Z Downloading artifact '10289943544' from 'yuguangzhi3836-glitch/GO'
2026-09-12T03:39:23.2094435Z Redirecting to blob download url: https://productionresultssa1.blob.core.windows.net/actions-results/d155c4e2-eff5-4ef6-b1a8-7fd3859e2818/workflow-job-run-ae79bbea-b674-568f-96fc-7fd6b33deec8/artifacts/2fab617fdefdeabab6f372fc9b0954b32821b90cb29a4c98548f5135ce7d8112.zip
2026-09-12T03:39:23.2114687Z Starting download of artifact to: /home/runner/work/GO/GO/parent-delivery
2026-09-12T03:39:23.4798263Z (node:2150) [DEP0005] DeprecationWarning: Buffer() is deprecated due to security and usability issues. Please use the Buffer.alloc(), Buffer.allocUnsafe(), or Buffer.from() methods instead.
2026-09-12T03:39:28.1879209Z SHA256 digest of downloaded artifact is ef7d6f0fd42473040073ea7397cfe83da347a8398ee828fa05ee4aab9f652012
2026-09-12T03:39:28.1880095Z Artifact download completed successfully.
2026-09-12T03:39:28.1880512Z Total of 1 artifact(s) downloaded
2026-09-12T03:39:28.1883769Z Download artifact has finished successfully
2026-09-12T03:39:28.2024340Z ##[group]Run python -B packaging/depth41-unified-parent/archive_objects.py
2026-09-12T03:39:28.2024736Z [36;1mpython -B packaging/depth41-unified-parent/archive_objects.py[0m
2026-09-12T03:39:28.2060733Z shell: /usr/bin/bash --noprofile --norc -e -o pipefail {0}
2026-09-12T03:39:28.2060936Z env:
2026-09-12T03:39:28.2061058Z   PYTHONDONTWRITEBYTECODE: 1
2026-09-12T03:39:28.2061232Z   GO_SOURCE_SHA: 62fdde3cabe72b92fa5dc1b37b7652395fe3aba5
2026-09-12T03:39:28.2061440Z   GO_ARCHIVE_HEAD: 2b865ac8ae9403fb4486131d7839ea264b05ae01
2026-09-12T03:39:28.2061646Z   pythonLocation: /opt/hostedtoolcache/Python/3.13.5/x64
2026-09-12T03:39:28.2061878Z   PKG_CONFIG_PATH: /opt/hostedtoolcache/Python/3.13.5/x64/lib/pkgconfig
2026-09-12T03:39:28.2062114Z   Python_ROOT_DIR: /opt/hostedtoolcache/Python/3.13.5/x64
2026-09-12T03:39:28.2062323Z   Python2_ROOT_DIR: /opt/hostedtoolcache/Python/3.13.5/x64
2026-09-12T03:39:28.2062529Z   Python3_ROOT_DIR: /opt/hostedtoolcache/Python/3.13.5/x64
2026-09-12T03:39:28.2062782Z   LD_LIBRARY_PATH: /opt/hostedtoolcache/Python/3.13.5/x64/lib
2026-09-12T03:39:28.2064366Z   GO_ARCHIVE_TOKEN: ***
2026-09-12T03:39:28.2064499Z ##[endgroup]
2026-09-12T03:40:53.6034599Z ARCHIVE_OBJECTS={"archive_readback": "PASS", "archive_tooling_commit": "2b865ac8ae9403fb4486131d7839ea264b05ae01", "archive_tree": "b51ad373df2b6823abd2a52dcd90cf14be1b8eb8", "base_tree": "eee05763c8cc5882334b2a5e9b6ba1b9eb7ed5bc", "build_run_id": "34670940480", "deployment": "NOT_RUN", "each_git_blob_read_back": true, "entries": [{"mode": "100644", "path": "deliverables/CP11_DEPTH41_UNIFIED_PARENT_V1_20260912/CP11_DEPTH41_UNIFIED_PARENT_V1_20260912.zip.part000", "sha": "1e3bf0cfe8cb83ecd3890fec9ff2a3dd385373a8", "type": "blob"}, {"mode": "100644", "path": "deliverables/CP11_DEPTH41_UNIFIED_PARENT_V1_20260912/CP11_DEPTH41_UNIFIED_PARENT_V1_20260912.zip.part001", "sha": "be747149fa3a9ee0a7e43cf729ecce840f692b72", "type": "blob"}, {"mode": "100644", "path": "deliverables/CP11_DEPTH41_UNIFIED_PARENT_V1_20260912/CP11_DEPTH41_UNIFIED_PARENT_V1_20260912.zip.part002", "sha": "4026ff5da6d7051cbe0444c9a97dcae31b79d0c3", "type": "blob"}, {"mode": "100644", "path": "deliverables/CP11_DEPTH41_UNIFIED_PARENT_V1_20260912/CP11_DEPTH41_UNIFIED_PARENT_V1_20260912.zip.part003", "sha": "b18194b85118f0e1eda76a719b0235b350479996", "type": "blob"}, {"mode": "100644", "path": "deliverables/CP11_DEPTH41_UNIFIED_PARENT_V1_20260912/CP11_DEPTH41_UNIFIED_PARENT_V1_20260912.zip.part004", "sha": "8d50f667f5112a9c204fb96a94dc214b0930f64d", "type": "blob"}, {"mode": "100644", "path": "deliverables/CP11_DEPTH41_UNIFIED_PARENT_V1_20260912/CP11_DEPTH41_UNIFIED_PARENT_V1_20260912.zip.part005", "sha": "170be25f153f5b9c20e0577bc468861124e518a5", "type": "blob"}, {"mode": "100644", "path": "deliverables/CP11_DEPTH41_UNIFIED_PARENT_V1_20260912/CP11_DEPTH41_UNIFIED_PARENT_V1_20260912.zip.part006", "sha": "29d17c3916458318f809efa7d7bf9dfdc1916033", "type": "blob"}, {"mode": "100644", "path": "deliverables/CP11_DEPTH41_UNIFIED_PARENT_V1_20260912/CP11_DEPTH41_UNIFIED_PARENT_V1_20260912.zip.part007", "sha": "df6f9d26fb7d2e99d4c0f038962275c255f9cfbe", "type": "blob"}, {"mode": "100644", "path": "deliverables/CP11_DEPTH41_UNIFIED_PARENT_V1_20260912/CP11_DEPTH41_UNIFIED_PARENT_V1_20260912.zip.part008", "sha": "48893a3870891e966f4e19c00219c8b5b1f5144d", "type": "blob"}, {"mode": "100644", "path": "deliverables/CP11_DEPTH41_UNIFIED_PARENT_V1_20260912/CP11_DEPTH41_UNIFIED_PARENT_V1_20260912.zip.part009", "sha": "e2a55beb50de7ee3f3208591586cf52d84bd1648", "type": "blob"}, {"mode": "100644", "path": "deliverables/CP11_DEPTH41_UNIFIED_PARENT_V1_20260912/CP11_DEPTH41_UNIFIED_PARENT_V1_20260912.zip.part010", "sha": "fb7bd6afaefc824ad200a9120900d80c3c513cab", "type": "blob"}, {"mode": "100644", "path": "deliverables/CP11_DEPTH41_UNIFIED_PARENT_V1_20260912/CP11_DEPTH41_UNIFIED_PARENT_V1_20260912.zip.part011", "sha": "cc9d51daab3e7cfd72b47fd8c7df90ef6f04925b", "type": "blob"}, {"mode": "100644", "path": "deliverables/CP11_DEPTH41_UNIFIED_PARENT_V1_20260912/PARENT_PARTS.json", "sha": "d46a057275e1cac1aa45161affaf5cc3fc92247b", "type": "blob"}, {"mode": "100644", "path": "deliverables/CP11_DEPTH41_UNIFIED_PARENT_V1_20260912/CP11_DEPTH41_UNIFIED_PARENT_V1_20260912.zip.sha256", "sha": "bd1cf91d6a70369a1d4a1bb36dfe1f8786f0fa44", "type": "blob"}, {"mode": "100644", "path": "deliverables/CP11_DEPTH41_UNIFIED_PARENT_V1_20260912/PARENT_BUILD_REPORT.json", "sha": "71c09f987c0be004787b4c4b67e64ed4a7c8af1a", "type": "blob"}, {"mode": "100644", "path": "deliverables/CP11_DEPTH41_UNIFIED_PARENT_V1_20260912/PARENT_MANIFEST.json", "sha": "c1c8d52b639d308ef6e8fc0fd411404e36fc6343", "type": "blob"}, {"mode": "100644", "path": "deliverables/CP11_DEPTH41_UNIFIED_PARENT_V1_20260912/verify_parent.py", "sha": "321f58fe0d81244feca78d6712356d2c110b1880", "type": "blob"}, {"mode": "100644", "path": "deliverables/CP11_DEPTH41_UNIFIED_PARENT_V1_20260912/reconstruct_parent.py", "sha": "33e50942adcc407fca35661e3d2d8b8bd85ca013", "type": "blob"}, {"mode": "100644", "path": "deliverables/CP11_DEPTH41_UNIFIED_PARENT_V1_20260912/README.md", "sha": "19a5392997e5e4bafa600b1f5647327e028f4ed2", "type": "blob"}, {"mode": "100644", "path": "deliverables/CP11_DEPTH41_UNIFIED_PARENT_V1_20260912/ARCHIVE_RECEIPT.json", "sha": "b116232e4e046c3efc06ed76c7a5e87cdc3e2de7", "type": "blob"}], "git_ref_modified": false, "main_modified": false, "parts": 12, "path": "deliverables/CP11_DEPTH41_UNIFIED_PARENT_V1_20260912", "producer_required_jobs": ["frontend-http-compat", "parent-package", "regression (0)", "regression (1)", "regression (2)", "regression (3)"], "producer_run": 34670014293, "source_commit": "62fdde3cabe72b92fa5dc1b37b7652395fe3aba5", "zip_bytes": 235693775, "zip_sha256": "9f631cd819e4091ddec74fa2a812d96eafabcda0127e4c76633c58482291e1b8"}
2026-09-12T03:40:53.6193513Z Node 20 is being deprecated. This workflow is running with Node 24 by default. If you need to temporarily use Node 20, you can set the ACTIONS_ALLOW_USE_UNSECURE_NODE_VERSION=true environment variable. For more information see: https://github.blog/changelog/2025-09-19-deprecation-of-node-20-on-github-actions-runners/
2026-09-12T03:40:53.6194202Z ##[group]Run actions/upload-artifact@v4
2026-09-12T03:40:53.6237738Z with:
2026-09-12T03:40:53.6238363Z   name: GO-DEPTH41-ARCHIVE-RECEIPT-2b865ac8ae9403fb4486131d7839ea264b05ae01
2026-09-12T03:40:53.6238783Z   path: ARCHIVE_OBJECTS.json
2026-09-12T03:40:53.6238986Z   if-no-files-found: error
2026-09-12T03:40:53.6239180Z   retention-days: 90
2026-09-12T03:40:53.6239360Z   compression-level: 6
2026-09-12T03:40:53.6239538Z   overwrite: false
2026-09-12T03:40:53.6239721Z   include-hidden-files: false
2026-09-12T03:40:53.6239920Z env:
2026-09-12T03:40:53.6240086Z   PYTHONDONTWRITEBYTECODE: 1
2026-09-12T03:40:53.6240358Z   GO_SOURCE_SHA: 62fdde3cabe72b92fa5dc1b37b7652395fe3aba5
2026-09-12T03:40:53.6240672Z   GO_ARCHIVE_HEAD: 2b865ac8ae9403fb4486131d7839ea264b05ae01
2026-09-12T03:40:53.6240985Z   pythonLocation: /opt/hostedtoolcache/Python/3.13.5/x64
2026-09-12T03:40:53.6241325Z   PKG_CONFIG_PATH: /opt/hostedtoolcache/Python/3.13.5/x64/lib/pkgconfig
2026-09-12T03:40:53.6241668Z   Python_ROOT_DIR: /opt/hostedtoolcache/Python/3.13.5/x64
2026-09-12T03:40:53.6241982Z   Python2_ROOT_DIR: /opt/hostedtoolcache/Python/3.13.5/x64
2026-09-12T03:40:53.6242299Z   Python3_ROOT_DIR: /opt/hostedtoolcache/Python/3.13.5/x64
2026-09-12T03:40:53.6242613Z   LD_LIBRARY_PATH: /opt/hostedtoolcache/Python/3.13.5/x64/lib
2026-09-12T03:40:53.6242888Z ##[endgroup]
2026-09-12T03:40:53.7406769Z (node:2199) [DEP0040] DeprecationWarning: The `punycode` module is deprecated. Please use a userland alternative instead.
2026-09-12T03:40:53.7407559Z (Use `node --trace-deprecation ...` to show where the warning was created)
2026-09-12T03:40:53.7498920Z With the provided path, there will be 1 file uploaded
2026-09-12T03:40:53.7531412Z Artifact name is valid!
2026-09-12T03:40:53.7554085Z Root directory input is valid!
2026-09-12T03:40:54.0928263Z Beginning upload of artifact content to blob storage
2026-09-12T03:40:54.1076862Z (node:2199) [DEP0169] DeprecationWarning: `url.parse()` behavior is not standardized and prone to errors that have security implications. Use the WHATWG URL API instead. CVEs are not issued for `url.parse()` vulnerabilities.
2026-09-12T03:40:54.3231027Z Uploaded bytes 1368
2026-09-12T03:40:54.3791524Z Finished uploading artifact content to blob storage!
2026-09-12T03:40:54.3792378Z SHA256 digest of uploaded artifact zip is 4853ba36b8f5456db9ecc3ea8a670da2c5303579f1285b0e982bebdea0329629
2026-09-12T03:40:54.3794023Z Finalizing artifact upload
2026-09-12T03:40:54.6842236Z Artifact GO-DEPTH41-ARCHIVE-RECEIPT-2b865ac8ae9403fb4486131d7839ea264b05ae01.zip successfully finalized. Artifact ID 10290519279
2026-09-12T03:40:54.6843548Z Artifact GO-DEPTH41-ARCHIVE-RECEIPT-2b865ac8ae9403fb4486131d7839ea264b05ae01 has been successfully uploaded! Final size is 1368 bytes. Artifact ID is 10290519279
2026-09-12T03:40:54.6847018Z Artifact download URL: https://github.com/yuguangzhi3836-glitch/GO/actions/runs/34670940480/artifacts/10290519279
2026-09-12T03:40:54.6996561Z Node 20 is being deprecated. This workflow is running with Node 24 by default. If you need to temporarily use Node 20, you can set the ACTIONS_ALLOW_USE_UNSECURE_NODE_VERSION=true environment variable. For more information see: https://github.blog/changelog/2025-09-19-deprecation-of-node-20-on-github-actions-runners/
2026-09-12T03:40:54.6997210Z Post job cleanup.
2026-09-12T03:40:54.7805481Z (node:2215) [DEP0040] DeprecationWarning: The `punycode` module is deprecated. Please use a userland alternative instead.
2026-09-12T03:40:54.7806599Z (Use `node --trace-deprecation ...` to show where the warning was created)
2026-09-12T03:40:54.8015503Z Node 20 is being deprecated. This workflow is running with Node 24 by default. If you need to temporarily use Node 20, you can set the ACTIONS_ALLOW_USE_UNSECURE_NODE_VERSION=true environment variable. For more information see: https://github.blog/changelog/2025-09-19-deprecation-of-node-20-on-github-actions-runners/
2026-09-12T03:40:54.8016527Z Post job cleanup.
2026-09-12T03:40:54.8683197Z [command]/usr/bin/git version
2026-09-12T03:40:54.8700449Z git version 2.55.0
2026-09-12T03:40:54.8767085Z Temporarily overriding HOME='/home/runner/work/_temp/9fbfb718-314b-42dc-bf4c-9b016f57e944' before making global git config changes
2026-09-12T03:40:54.8768932Z Adding repository directory to the temporary git global config as a safe directory
2026-09-12T03:40:54.8769609Z [command]/usr/bin/git config --global --add safe.directory /home/runner/work/GO/GO
2026-09-12T03:40:54.8811537Z [command]/usr/bin/git config --local --name-only --get-regexp core\.sshCommand
2026-09-12T03:40:54.8898773Z [command]/usr/bin/git submodule foreach --recursive sh -c "git config --local --name-only --get-regexp 'core\.sshCommand' && git config --local --unset-all 'core.sshCommand' || :"
2026-09-12T03:40:54.9178937Z [command]/usr/bin/git config --local --name-only --get-regexp http\.https\:\/\/github\.com\/\.extraheader
2026-09-12T03:40:54.9279247Z [command]/usr/bin/git submodule foreach --recursive sh -c "git config --local --name-only --get-regexp 'http\.https\:\/\/github\.com\/\.extraheader' && git config --local --unset-all 'http.https://github.com/.extraheader' || :"
2026-09-12T03:40:54.9541270Z [command]/usr/bin/git config --local --name-only --get-regexp ^includeIf\.gitdir:
2026-09-12T03:40:54.9576632Z [command]/usr/bin/git submodule foreach --recursive git config --local --show-origin --name-only --get-regexp remote.origin.url
2026-09-12T03:40:54.9894320Z Cleaning up orphan processes
2026-09-12T03:40:55.0079957Z ##[warning]Node.js 20 is deprecated. The following actions target Node.js 20 but are being forced to run on Node.js 24: actions/checkout@v4, actions/download-artifact@v4, actions/setup-python@v5, actions/upload-artifact@v4. For more information see: https://github.blog/changelog/2025-09-19-deprecation-of-node-20-on-github-actions-runners/
