FFF                                                                      [100%]
=================================== FAILURES ===================================
____________ test_media_claim_is_pending_and_never_rights_verified _____________

context = ('hdh_a126d39ace514a51bf0824466e68d613', Principal(user_id='usr_8b678d6e31dc481a860a83471ccdfb98', username='content-m... 'content_snapshot_id': 'hcs_70c28976e1244040b0597b8fed1d7ce2', 'created_at': '2026-09-26T02:11:07.840377+00:00', ...})

    def test_media_claim_is_pending_and_never_rights_verified(context):
        hotel, _, checker, _, _ = context
        result = svc.media(hotel, claim(), checker)
>       assert result['state'] == 'PENDING_RIGHTS_REVIEW'
E       AssertionError: assert 'RIGHTS_VERIFIED' == 'PENDING_RIGHTS_REVIEW'
E         
E         - PENDING_RIGHTS_REVIEW
E         + RIGHTS_VERIFIED

application/tests/test_c01_hosted_media_authority.py:38: AssertionError
____________ test_readonly_http_denied_before_media_lookup_or_write ____________

    def test_readonly_http_denied_before_media_lookup_or_write():
        _, token = authenticated('readonly-media', ['GO_READ_ONLY'])
        app = FastAPI(); app.include_router(router)
        before = count_assets()
        with TestClient(app) as client:
            result = client.post('/internal/v1/hosted-direct/hotels/absent/media-assets',
                headers={'Authorization': 'Bearer ' + token}, json=claim())
>       assert result.status_code == 403
E       assert 409 == 403
E        +  where 409 = <Response [409 Conflict]>.status_code

application/tests/test_c01_hosted_media_authority.py:51: AssertionError
____________ test_legacy_verified_label_cannot_open_operations_gate ____________

context = ('hdh_c97b323e09034bf78de6b6c820ede751', Principal(user_id='usr_c00c0e962c634e5f823387b0ec049099', username='content-m... 'content_snapshot_id': 'hcs_4568cd86b0894d3291dfa351a45032ee', 'created_at': '2026-09-26T02:11:08.339537+00:00', ...})

    def test_legacy_verified_label_cannot_open_operations_gate(context):
        hotel, _, checker, _, snapshot = context
        svc.approve(snapshot['content_snapshot_id'], approval_body(snapshot), checker)
        asset_id = ident('legacy_media')
        with SessionLocal.begin() as s:
            s.add(HostedMediaAssetRow(media_asset_id=asset_id, hosted_hotel_id=hotel,
                **claim(), state='RIGHTS_VERIFIED', created_at=now()))
        result = svc.gate(hotel)
>       assert result['state'] == 'BLOCKED_PENDING_CONTENT_AND_MEDIA'
E       AssertionError: assert 'OPERATIONS_ACCEPTED' == 'BLOCKED_PEND...ENT_AND_MEDIA'
E         
E         - BLOCKED_PENDING_CONTENT_AND_MEDIA
E         + OPERATIONS_ACCEPTED

application/tests/test_c01_hosted_media_authority.py:63: AssertionError
=========================== short test summary info ============================
FAILED application/tests/test_c01_hosted_media_authority.py::test_media_claim_is_pending_and_never_rights_verified
FAILED application/tests/test_c01_hosted_media_authority.py::test_readonly_http_denied_before_media_lookup_or_write
FAILED application/tests/test_c01_hosted_media_authority.py::test_legacy_verified_label_cannot_open_operations_gate
3 failed, 24 deselected in 4.02s
