(node:14) [UNDICI-EHPA] Warning: EnvHttpProxyAgent is experimental, expect them to change at any time.
(Use `node --trace-warnings ...` to show where the warning was created)
✔ HTTP helper retains CSRF together with idempotency header (2.939887ms)
✔ Escape cancels traveler selection without authorizing or creating an order (6.489639ms)
✔ rental consent is bound to the selected traveler, field and purpose (2.341197ms)
✔ payment is cancelled without any checkout mutation (1.541927ms)
✔ a failed confirmed payment stays visible and can be retried (1.563559ms)
✔ cancelling a party selection creates no order or grant (1.659623ms)
✔ a party must contain the exact number of different travelers (2.034807ms)
✔ party confirmation returns only the explicitly selected traveler references (1.439443ms)
✔ party selection cannot submit without confirming adult travelers and purpose (3.058105ms)
(node:15) [UNDICI-EHPA] Warning: EnvHttpProxyAgent is experimental, expect them to change at any time.
(Use `node --trace-warnings ...` to show where the warning was created)
✔ consumer uses locked V14 main and compact artwork with responsive selection (1.86306ms)
✔ supplier and admin share the locked reverse V14 compact lockup (1.357349ms)
✔ all three entry documents advance cache tokens together (0.323957ms)
✔ GO subbrands use V14 geometry with a deliberately recessive GO tier (0.306921ms)
✔ legacy runtime asset names also resolve to locked V14 geometry (0.454603ms)
(node:16) [UNDICI-EHPA] Warning: EnvHttpProxyAgent is experimental, expect them to change at any time.
(Use `node --trace-warnings ...` to show where the warning was created)
✔ cancel review shows every cash component and exact fee basis before submission (19.606878ms)
✔ closing cancel review never sends cancellation or reloads as completed (0.948505ms)
✔ unchecked money confirmation cannot submit a cash action (1.321646ms)
✔ change confirmation keeps paid room value, incremental difference and fee separate (0.892481ms)
✔ cancelled date selection does not request new inventory or a payment (0.886422ms)
✔ displayed quote hash stays bound across asynchronous source mutation (0.901174ms)
✔ unknown supplier progress offers query only and binds the saved operation (1.235887ms)
✔ cancel confirmed and refund pending remain distinct in the customer progress card (0.977038ms)
(node:17) [UNDICI-EHPA] Warning: EnvHttpProxyAgent is experimental, expect them to change at any time.
(Use `node --trace-warnings ...` to show where the warning was created)
✔ credit conversion waits for explicit quoted consent and does not claim an unknown cancellation succeeded (3.648442ms)
✔ canceling traveler selection sends no redemption or automatic identity (1.141465ms)
✔ redemption network retry binds the same quote and explicitly selected traveler (2.597181ms)
✔ unknown booking and pending refund remain distinct from completed credit restoration (0.910869ms)
✔ canceling a supplementary payment dialog re-enables the action (16.893302ms)
✔ conversion separates prior cash refunds and forfeiture from retained credit (1.355386ms)
✔ forfeiture conversion confirmation stays bound to the displayed quote after source object changes (1.158421ms)
✔ credit detail keeps original excluded value visible after redemption changes (1.019461ms)
✔ historical credit without a forfeiture breakdown never renders invalid amounts (1.357509ms)
(node:19) [UNDICI-EHPA] Warning: EnvHttpProxyAgent is experimental, expect them to change at any time.
(Use `node --trace-warnings ...` to show where the warning was created)
✔ fare confirmation separates fee tiers, cooling, change and property credit terms (1.729669ms)
✔ cancelling fare confirmation has no accepted contract (0.886492ms)
✔ accepted hash remains bound to the rules displayed before asynchronous state changes (0.666782ms)
✔ declining hotel rules never selects or authorizes a traveler or creates an order (1.254124ms)
✔ accepted hotel contract is included with selected traveler and stable booking request identity (1.054174ms)
✔ supplier money and percentage inputs use exact minor units (1.125782ms)
(node:29) [UNDICI-EHPA] Warning: EnvHttpProxyAgent is experimental, expect them to change at any time.
(Use `node --trace-warnings ...` to show where the warning was created)
✔ supplier lost-response retry keeps request identity and sends only the claimed cause (3.547911ms)
✔ supplier duplicate clicks while a request is pending cannot create another request (1.122757ms)
✔ unknown supplier cancellation shows approved refund waiting for confirmation, without a resend button (17.304369ms)
(node:39) [UNDICI-EHPA] Warning: EnvHttpProxyAgent is experimental, expect them to change at any time.
(Use `node --trace-warnings ...` to show where the warning was created)
✔ hotel funds distinguish frozen, charged, released and refunded cent amounts (12.676606ms)
✔ only approved pending refunds expose retry and all server labels are escaped (0.596726ms)
✔ unknown funding shows reconciliation instead of a false payment claim (0.377247ms)
✔ trip links only open the exact canonical owned direct-reservation path (0.238458ms)
✔ closing a stay complaint form makes no request (1.393573ms)
✔ complaint retries reuse the same request identity and have no refund approval fields (1.429708ms)
✔ blank complaints and duplicate submission clicks cannot send extra requests (0.713122ms)
(node:63) [UNDICI-EHPA] Warning: EnvHttpProxyAgent is experimental, expect them to change at any time.
(Use `node --trace-warnings ...` to show where the warning was created)
✔ closing hotel authorization leaves funds untouched (2.17673ms)
✔ hotel checkout requires confirmation and binds the complete stay amount (1.59767ms)
✔ a second click cannot create another hotel authorization while the first is pending (1.03127ms)
✔ a failed hotel authorization remains visible and can be retried (0.84495ms)
(node:64) [UNDICI-EHPA] Warning: EnvHttpProxyAgent is experimental, expect them to change at any time.
(Use `node --trace-warnings ...` to show where the warning was created)
✔ conversion clearly shows capture and value and closing does not convert (26.997542ms)
✔ conversion retry keeps original quote, amount and original expiry (2.306816ms)
✔ redemption uses server quote policy and displays forfeiture before consent (1.673414ms)
✔ redemption confirms a fresh traveler and only releases hotel fields (1.872433ms)
✔ double click and Escape cannot duplicate or dismiss pending redemption (6.498864ms)
✔ credit list filters property and disables frozen, expired or reconciliation credits (1.619103ms)
(node:75) [UNDICI-EHPA] Warning: EnvHttpProxyAgent is experimental, expect them to change at any time.
(Use `node --trace-warnings ...` to show where the warning was created)
✔ a cancellation quote never cancels a booking and closing preserves it (24.029763ms)
✔ fee consent binds the server quote and keeps frozen release separate from cash refund (2.021768ms)
✔ interrupted cancellation retry uses exactly the same quote and fee (1.445962ms)
✔ double clicks cannot settle twice while a cancellation is pending (1.14451ms)
✔ unavailable fare actions have no executable buttons and rule text is escaped (0.999792ms)
✔ date changes quote first and require fresh consent after editing dates (2.098473ms)
✔ extension keeps check-in fixed and explains replacement authorization (1.489257ms)
(node:78) [UNDICI-EHPA] Warning: EnvHttpProxyAgent is experimental, expect them to change at any time.
(Use `node --trace-warnings ...` to show where the warning was created)
✔ independent review requires an explicit checked attestation and chosen proof (1.536268ms)
✔ review submits the exact evidence snapshot and no caller-selected money (1.045982ms)
✔ customer sees completed original refund separately from pending extra payment (20.257655ms)
✔ unapproved guest liability is a review hold without a refund promise or pay button (0.31922ms)
✔ zero captured payment explains authorization release and completed case has no retry (0.445589ms)
✔ finance entry converts decimal currency without fractional cents or silent rounding (0.640412ms)
(node:84) [UNDICI-EHPA] Warning: EnvHttpProxyAgent is experimental, expect them to change at any time.
(Use `node --trace-warnings ...` to show where the warning was created)
(node:84) [MODULE_TYPELESS_PACKAGE_JSON] Warning: Module type of file:///workspace/scratch/af00ce8c656d/go-depth29-restored-final/mobile/go-app/src/domain/tripFacts.ts is not specified and it doesn't parse as CommonJS.
Reparsing as ES module because module syntax was detected. This incurs a performance overhead.
To eliminate this warning, add "type": "module" to /workspace/scratch/af00ce8c656d/go-depth29-restored-final/mobile/go-app/package.json.
✔ native navigation binds all six verticals to an owned canonical identity (1.923279ms)
✔ native check-in renders each passenger and leg independently (0.583687ms)
✔ missing, stale, duplicate, future or wrong-order check-in evidence is unverified (0.392831ms)
✔ only safe HTTPS links are offered by native travel facts (0.244127ms)
✔ native rental details never request ride tracking (0.30604ms)
✔ ride tracking failure cannot hide the existing ride order (0.260612ms)
✔ tracking and order identity mismatches cannot render another order (0.643737ms)
(node:95) [UNDICI-EHPA] Warning: EnvHttpProxyAgent is experimental, expect them to change at any time.
(Use `node --trace-warnings ...` to show where the warning was created)
✔ rail order preserves party, immutable prebook and original total through payment cancellation (3.320528ms)
✔ attraction order uses the quoted slot, quantity and prebook and shows eligibility (0.687943ms)
✔ cancelling confirmation step 1 never creates an order or payment (0.257096ms)
✔ cancelling confirmation step 2 never creates an order or payment (0.322364ms)
✔ cancelled party selection cannot reach order creation (0.505299ms)
✔ quote that expires during traveler selection cannot create or pay an order (0.877779ms)
✔ missing final consent never creates an order (0.395464ms)
✔ different people are required for every quoted place (0.440462ms)
✔ an uncertain payment still opens the existing order for recovery (0.887213ms)
✔ repeated clicks cannot start a second booking while confirmation is open (0.637818ms)
✔ mismatched total, journey or slot is refused before any traveler consent (0.409275ms)
(node:97) [UNDICI-EHPA] Warning: EnvHttpProxyAgent is experimental, expect them to change at any time.
(Use `node --trace-warnings ...` to show where the warning was created)
✔ cancelling date selection never requests a quote or payment (6.690863ms)
✔ ride changes continue to use their separate workflow (0.727804ms)
✔ viewing a rental quote does not execute the change (1.06527ms)
✔ confirmed refund difference retains its sign and server quote identity (1.692733ms)
✔ unchecked amount consent blocks executing a displayed quote (1.428196ms)
✔ the shared amount formatter preserves cents on confirmation screens (26.00472ms)
(node:112) [UNDICI-EHPA] Warning: EnvHttpProxyAgent is experimental, expect them to change at any time.
(Use `node --trace-warnings ...` to show where the warning was created)
✔ consumer: concurrent expired reads refresh once and preserve namespace (4.808505ms)
✔ consumer: a mutation without idempotency is never replayed after renewal (1.235306ms)
✔ consumer: an idempotent retry retains the original key and body (0.948916ms)
✔ consumer: failed refresh stops without retrying the operation (0.693573ms)
✔ console: concurrent expired reads refresh once and preserve namespace (2.72243ms)
✔ console: a mutation without idempotency is never replayed after renewal (0.720813ms)
✔ console: an idempotent retry retains the original key and body (0.671449ms)
✔ console: failed refresh stops without retrying the operation (0.648635ms)
✔ consumer logout failure preserves account and current page; success clears all private state (1.075345ms)
✔ console logout failure is surfaced instead of silently reporting success (1.052031ms)
✔ console requests work when randomUUID is unavailable in an HTTP preview (0.817037ms)
✔ console login binds the requested account type before establishing a session (0.689586ms)
✔ a changed console actor clears the stale UI and never refreshes or retries (0.595685ms)
✔ consumer: expired access can renew once to revoke its own session (1.449738ms)
✔ console: expired access can renew once to revoke its own session (0.544689ms)
(node:119) [UNDICI-EHPA] Warning: EnvHttpProxyAgent is experimental, expect them to change at any time.
(Use `node --trace-warnings ...` to show where the warning was created)
✔ unverified check-in never exposes links or boarding passes (2.432505ms)
✔ per-traveler boarding pass appears only for the verified pass state (1.022456ms)
✔ invalid URL schemes and credentials do not become customer links (0.960343ms)
✔ unknown fleet outcome clearly separates confirmed and proposed times (0.900913ms)
✔ cancelled tracking confirmation sends no binding mutation (1.049878ms)
✔ checked consent sends exact displayed revision and server authority, never wait overrides (1.049476ms)
✔ missing consent prevents any tracking write (1.548486ms)
✔ no authorized source does not open an unusable confirmation dialog (0.747373ms)
✔ waiting protection is conditional and shows the actual event allowance (1.080393ms)
✔ late check-in response cannot populate a detached screen (12.493371ms)
(node:120) [UNDICI-EHPA] Warning: EnvHttpProxyAgent is experimental, expect them to change at any time.
(Use `node --trace-warnings ...` to show where the warning was created)
✔ HOTEL_CATALOG: reopen the existing order without a new order or payment (2.559755ms)
✔ HOTEL_DIRECT: reopen the existing order without a new order or payment (1.452923ms)
✔ FLIGHT: reopen the existing order without a new order or payment (0.757529ms)
✔ RAIL: reopen the existing order without a new order or payment (0.79898ms)
✔ RIDE: reopen the existing order without a new order or payment (0.681164ms)
✔ RENTAL: reopen the existing order without a new order or payment (0.654303ms)
✔ ATTRACTION: reopen the existing order without a new order or payment (0.773282ms)
✔ untrusted evidence URLs and unsupported identities never select an endpoint (1.074354ms)
✔ card output escapes content and uses current canonical status (1.160413ms)
✔ an order response cannot populate a different order or vertical (1.5704ms)
✔ late order response cannot overwrite a new screen (1.87719ms)
✔ continuing payment re-reads amount and uses the original order only (0.94478ms)
✔ already paid or expired orders cannot invoke payment from a stale card (2.072915ms)
✔ payment timeout reads the same order and never silently resends (0.973082ms)
✔ leaving before the fresh order read prevents a payment dialog (0.81826ms)
✔ real app dispatch uses every existing enriched order renderer (5.061085ms)
(node:126) [UNDICI-EHPA] Warning: EnvHttpProxyAgent is experimental, expect them to change at any time.
(Use `node --trace-warnings ...` to show where the warning was created)
✔ closing permission confirmation sends no permission mutation (3.570745ms)
✔ source disconnect remains explicit and retains server-directed semantics (2.544833ms)
✔ person edit binds the displayed revision and leaves a blank birth date untouched (1.195757ms)
✔ sensitive import inspection happens only after explicit confirmation, with no implicit acceptance (4.482885ms)
✔ untrusted imported content is escaped before display (4.461393ms)
✔ duplicate submits during a pending mutation call the server once (1.781888ms)
✔ import reassignment binds traveler and item revision and does not accept content (2.007726ms)
(node:132) [UNDICI-EHPA] Warning: EnvHttpProxyAgent is experimental, expect them to change at any time.
(Use `node --trace-warnings ...` to show where the warning was created)
✔ RAIL cancellation requires explicit confirmation (3.532507ms)
✔ RAIL response loss still reloads persisted order (1.380354ms)
✔ RAIL paid or uncertain orders cannot open unpaid cancellation (2.939847ms)
✔ ATTRACTION cancellation requires explicit confirmation (0.868194ms)
✔ ATTRACTION response loss still reloads persisted order (0.905941ms)
✔ ATTRACTION paid or uncertain orders cannot open unpaid cancellation (2.751373ms)
(node:147) [UNDICI-EHPA] Warning: EnvHttpProxyAgent is experimental, expect them to change at any time.
(Use `node --trace-warnings ...` to show where the warning was created)
✔ new unpaid reservation displays its frozen UTC deadline (1.210599ms)
✔ legacy orders never receive a fabricated deadline (0.326521ms)
✔ expiry display relies on persisted server state instead of browser clock (0.165328ms)
✔ started and uncertain payment keeps its reservation message (0.116755ms)
(node:153) [UNDICI-EHPA] Warning: EnvHttpProxyAgent is experimental, expect them to change at any time.
(Use `node --trace-warnings ...` to show where the warning was created)
✔ RAIL: opening recovery does not send a refund until confirmed (2.882431ms)
✔ RAIL: failed response still reloads persisted order state (1.496779ms)
✔ ATTRACTION: opening recovery does not send a refund until confirmed (0.568014ms)
✔ ATTRACTION: failed response still reloads persisted order state (0.624518ms)
✔ busy recovery gives a customer message and refreshes the existing order (0.920373ms)
✔ rail interrupted change confirms the original quote instead of creating another (1.152361ms)
ℹ tests 158
ℹ suites 0
ℹ pass 158
ℹ fail 0
ℹ cancelled 0
ℹ skipped 0
ℹ todo 0
ℹ duration_ms 350.548193
