FF                                                                       [100%]
=================================== FAILURES ===================================
_________ test_authorization_state_is_an_exact_opaque_value[swapcase] __________

monkeypatch = <_pytest.monkeypatch.MonkeyPatch object at 0x7fde7d34c2c0>
alter = <method 'swapcase' of 'str' objects>

    @pytest.mark.parametrize('alter', [str.swapcase, lambda value: ' ' + value + ' '])
    def test_authorization_state_is_an_exact_opaque_value(monkeypatch, alter):
        monkeypatch.setenv('GO_CTRIP_PROFILE_AUTHORIZATION_URL', 'https://accounts.ctrip.example/authorize')
        monkeypatch.setattr(module.secrets, 'token_urlsafe', lambda size: 'MixedCASE_opaque-State-123')
        connection = svc.create_provider_connection(USER, {'provider': 'CTRIP', 'account_holder_confirmed': True})
        state = parse_qs(urlparse(connection['authorization_url']).query)['state'][0]
        body = {'state': alter(state), 'account_holder_verified': True,
                'provider_account_subject': 'provider-test-holder',
                'authorization_evidence_reference': 'adapter://test-only/authorization', 'items': ITEMS}
>       with pytest.raises(ValueError, match='PROFILE_PROVIDER_STATE_INVALID'):
             ^^^^^^^^^^^^^^^^^^^^^^^^^^^^^^^^^^^^^^^^^^^^^^^^^^^^^^^^^^^^^^^^^
E       Failed: DID NOT RAISE ValueError

tests/test_c07_connection_transaction_boundaries.py:129: Failed
_________ test_authorization_state_is_an_exact_opaque_value[<lambda>] __________

monkeypatch = <_pytest.monkeypatch.MonkeyPatch object at 0x7fde7d2c6570>
alter = <function <lambda> at 0x7fde7d332ca0>

    @pytest.mark.parametrize('alter', [str.swapcase, lambda value: ' ' + value + ' '])
    def test_authorization_state_is_an_exact_opaque_value(monkeypatch, alter):
        monkeypatch.setenv('GO_CTRIP_PROFILE_AUTHORIZATION_URL', 'https://accounts.ctrip.example/authorize')
        monkeypatch.setattr(module.secrets, 'token_urlsafe', lambda size: 'MixedCASE_opaque-State-123')
        connection = svc.create_provider_connection(USER, {'provider': 'CTRIP', 'account_holder_confirmed': True})
        state = parse_qs(urlparse(connection['authorization_url']).query)['state'][0]
        body = {'state': alter(state), 'account_holder_verified': True,
                'provider_account_subject': 'provider-test-holder',
                'authorization_evidence_reference': 'adapter://test-only/authorization', 'items': ITEMS}
>       with pytest.raises(ValueError, match='PROFILE_PROVIDER_STATE_INVALID'):
             ^^^^^^^^^^^^^^^^^^^^^^^^^^^^^^^^^^^^^^^^^^^^^^^^^^^^^^^^^^^^^^^^^
E       Failed: DID NOT RAISE ValueError

tests/test_c07_connection_transaction_boundaries.py:129: Failed
=========================== short test summary info ============================
FAILED tests/test_c07_connection_transaction_boundaries.py::test_authorization_state_is_an_exact_opaque_value[swapcase]
FAILED tests/test_c07_connection_transaction_boundaries.py::test_authorization_state_is_an_exact_opaque_value[<lambda>]
2 failed, 6 deselected in 3.40s
