.F............................................................           [100%]
=================================== FAILURES ===================================
___ test_mutation_paths_take_account_fence_before_rows_and_reuse_transaction ___

monkeypatch = <_pytest.monkeypatch.MonkeyPatch object at 0x7fa8259313a0>

    def test_mutation_paths_take_account_fence_before_rows_and_reuse_transaction(monkeypatch):
        real_lock = management.lock_vault_account
        real_mutation = module.mutation_session
        probe_reads = []
        borrowed_sessions = []
    
        def capture_lock(session, user):
            if session.info.get('test_account_fenced') is not None:
                assert session.info['test_account_fenced'] == user
                borrowed_sessions.append(session)
            session.info['test_account_fenced'] = user
            real_lock(session, user)
    
        @contextmanager
        def inspect_transaction():
            with real_mutation() as session:
                for method in ('get', 'scalar', 'scalars', 'execute', 'add', 'flush'):
                    original = getattr(session, method)
    
                    def fenced_call(*args, _method=method, _original=original, **kwargs):
                        if not session.info.get('test_account_fenced'):
                            assert _method == 'get' and args[0] is ProfileImportJobRow
                            assert not kwargs.get('with_for_update')
                            assert not session.info.get('test_owner_probe')
                            session.info['test_owner_probe'] = True
                            probe_reads.append(args[1])
                        if _method == 'get' and session.info.get('test_owner_probe') and kwargs.get('with_for_update'):
                            assert kwargs.get('populate_existing') is True
                        return _original(*args, **kwargs)
    
                    monkeypatch.setattr(session, method, fenced_call)
                yield session
    
        monkeypatch.setattr(module, 'lock_vault_account', capture_lock)
        monkeypatch.setattr(management, 'lock_vault_account', capture_lock)
        monkeypatch.setattr(module, 'mutation_session', inspect_transaction)
        monkeypatch.setattr(management, 'mutation_session', inspect_transaction)
        job = svc.create_import('owner', {'source_fingerprint': 'same-source', 'items': [
            {'entity_type': 'TRAVELER', 'value': {'full_name': 'Owner'}, 'confidence_bps': 10000},
        ]})
        svc.review_item('owner', job['import_job_id'], job['items'][0]['import_item_id'], 'ACCEPT')
        svc.commit_import('owner', job['import_job_id'])
        svc.set_source_connection('owner', 'same-source', False)
        svc.set_source_connection('owner', 'same-source', True)
        svc.delete_source('owner', 'same-source')
        with pytest.raises(ValueError, match='PROFILE_SOURCE_DISCONNECTED'):
            svc.create_import('owner', {'source_fingerprint': 'same-source', 'items': [], 'content_hash': 'new'})
        connection = svc.create_provider_connection('owner', {
            'provider': 'CTRIP', 'method': 'FILE_UPLOAD', 'account_holder_confirmed': True,
        })
        svc.upload_provider_export('owner', connection['connection_id'], {'account_holder_confirmed': True, 'items': []})
        svc.disconnect_provider_connection('owner', connection['connection_id'])
        svc.disconnect_provider_connection('owner', connection['connection_id'], True)
        monkeypatch.setenv('GO_CTRIP_PROFILE_AUTHORIZATION_URL', 'https://accounts.ctrip.example/authorize')
        official = svc.create_provider_connection('owner', {'provider': 'CTRIP', 'account_holder_confirmed': True})
        state = parse_qs(urlparse(official['authorization_url']).query)['state'][0]
>       svc.complete_provider_connection(official['connection_id'], {'state': state,
            'account_holder_verified': True, 'provider_account_subject': 'holder',
            'authorization_evidence_reference': 'adapter://isolated-only', 'items': []})

tests/test_c07_account_transaction_fence.py:89: 
_ _ _ _ _ _ _ _ _ _ _ _ _ _ _ _ _ _ _ _ _ _ _ _ _ _ _ _ _ _ _ _ _ _ _ _ _ _ _ _ 
src/go_hotel/services/personal_travel_vault.py:586: in complete_provider_connection
    probe=s.get(ProfileImportJobRow,connection_id)
          ^^^^^^^^^^^^^^^^^^^^^^^^^^^^^^^^^^^^^^^^
tests/test_c07_account_transaction_fence.py:61: in fenced_call
    return _original(*args, **kwargs)
           ^^^^^^^^^^^^^^^^^^^^^^^^^^
/root/.local/lib/python3.12/site-packages/sqlalchemy/orm/session.py:3702: in get
    return self._get_impl(
/root/.local/lib/python3.12/site-packages/sqlalchemy/orm/session.py:3881: in _get_impl
    return db_load_fn(
/root/.local/lib/python3.12/site-packages/sqlalchemy/orm/loading.py:695: in load_on_pk_identity
    session.execute(
_ _ _ _ _ _ _ _ _ _ _ _ _ _ _ _ _ _ _ _ _ _ _ _ _ _ _ _ _ _ _ _ _ _ _ _ _ _ _ _ 

_method = 'execute'
_original = <bound method Session.execute of <sqlalchemy.orm.session.Session object at 0x7fa81fdb7ad0>>
args = (<sqlalchemy.sql.selectable.Select object at 0x7fa81fdb6d50>,)
kwargs = {'params': {'pk_1': 'pij_4abef6876e1046da'}, 'execution_options': immutabledict({'_sa_orm_load_options': <class 'sqlalchemy.orm.context.QueryContext.default_load_options'>}), 'bind_arguments': None}

    def fenced_call(*args, _method=method, _original=original, **kwargs):
        if not session.info.get('test_account_fenced'):
>           assert _method == 'get' and args[0] is ProfileImportJobRow
E           AssertionError: assert ('execute' == 'get'
E             
E             - get
E             + execute)

tests/test_c07_account_transaction_fence.py:54: AssertionError
=============================== warnings summary ===============================
tests/test_depth04_vault_management.py::test_api_requires_owner_strict_permission_and_explicit_uncached_inspection
  /root/.local/lib/python3.12/site-packages/fastapi/testclient.py:1: StarletteDeprecationWarning: Using `httpx` with `starlette.testclient` is deprecated; install `httpx2` instead.
    from starlette.testclient import TestClient as TestClient  # noqa

tests/test_depth04_vault_management.py::test_api_requires_owner_strict_permission_and_explicit_uncached_inspection
  /root/.local/lib/python3.12/site-packages/starlette/testclient.py:53: DeprecationWarning: The anyio.abc.BlockingPortal alias is deprecated, use anyio.from_thread.BlockingPortal instead.
    _PortalFactoryType = Callable[[], AbstractContextManager[anyio.abc.BlockingPortal]]

-- Docs: https://docs.pytest.org/en/stable/how-to/capture-warnings.html
=========================== short test summary info ============================
FAILED tests/test_c07_account_transaction_fence.py::test_mutation_paths_take_account_fence_before_rows_and_reuse_transaction
1 failed, 61 passed, 2 warnings in 9.57s
