2026-09-14T01:26:21.2697963Z Current runner version: '2.337.0'
2026-09-14T01:26:21.2777351Z ##[group]Runner Image Provisioner
2026-09-14T01:26:21.2778866Z Hosted Compute Agent
2026-09-14T01:26:21.2780241Z Version: 20260828.587
2026-09-14T01:26:21.2781464Z Commit: abac92662cab4cc7352de4f9f9d2e2419aad9c29
2026-09-14T01:26:21.2783251Z Build Date: 2026-08-28T16:44:25Z
2026-09-14T01:26:21.2784607Z Worker ID: {40161e5e-5c9b-46f5-a5d7-0aebc13fe403}
2026-09-14T01:26:21.2785822Z Azure Region: westus3
2026-09-14T01:26:21.2787002Z ##[endgroup]
2026-09-14T01:26:21.2789980Z ##[group]Operating System
2026-09-14T01:26:21.2791170Z Ubuntu
2026-09-14T01:26:21.2812801Z 22.04.5
2026-09-14T01:26:21.2813831Z LTS
2026-09-14T01:26:21.2814962Z ##[endgroup]
2026-09-14T01:26:21.2815986Z ##[group]Runner Image
2026-09-14T01:26:21.2817219Z Image: ubuntu-22.04
2026-09-14T01:26:21.2818343Z Version: 20260907.292.1
2026-09-14T01:26:21.2820727Z Included Software: https://github.com/actions/runner-images/blob/ubuntu22/20260907.292/images/ubuntu/Ubuntu2204-Readme.md
2026-09-14T01:26:21.2824050Z Image Release: https://github.com/actions/runner-images/releases/tag/ubuntu22%2F20260907.292
2026-09-14T01:26:21.2826023Z ##[endgroup]
2026-09-14T01:26:21.2828124Z ##[group]GITHUB_TOKEN Permissions
2026-09-14T01:26:21.2831340Z Contents: read
2026-09-14T01:26:21.2852898Z Metadata: read
2026-09-14T01:26:21.2854086Z ##[endgroup]
2026-09-14T01:26:21.2857974Z Secret source: Actions
2026-09-14T01:26:21.2859770Z Cache mode: write
2026-09-14T01:26:21.2861567Z Prepare workflow directory
2026-09-14T01:26:21.3432642Z Prepare all required actions
2026-09-14T01:26:21.3507130Z Getting action download info
2026-09-14T01:26:21.7552520Z Download action repository 'actions/checkout@v4' (SHA:11d5960a326750d5838078e36cf38b85af677262)
2026-09-14T01:26:21.8855017Z Download action repository 'actions/setup-python@v5' (SHA:a26af69be951a213d495a4c3e4e4022e16d87065)
2026-09-14T01:26:22.0114760Z Download action repository 'actions/download-artifact@v4' (SHA:d3f86a106a0bac45b974a628896c90dbdf5c8093)
2026-09-14T01:26:22.6590885Z Download action repository 'actions/upload-artifact@v4' (SHA:ea165f8d65b6e75b540449e92b4886f43607fa02)
2026-09-14T01:26:22.9092648Z Complete job name: independent-restore
2026-09-14T01:26:22.9974932Z Node 20 is being deprecated. This workflow is running with Node 24 by default. If you need to temporarily use Node 20, you can set the ACTIONS_ALLOW_USE_UNSECURE_NODE_VERSION=true environment variable. For more information see: https://github.blog/changelog/2025-09-19-deprecation-of-node-20-on-github-actions-runners/
2026-09-14T01:26:22.9984767Z ##[group]Run actions/checkout@v4
2026-09-14T01:26:22.9985590Z with:
2026-09-14T01:26:22.9986092Z   ref: c6e6390477613d5006c61e2ff2154ccd5f3813fd
2026-09-14T01:26:22.9986776Z   persist-credentials: false
2026-09-14T01:26:22.9987359Z   repository: yuguangzhi3836-glitch/GO
2026-09-14T01:26:22.9992753Z   token: ***
2026-09-14T01:26:22.9993259Z   ssh-strict: true
2026-09-14T01:26:22.9993722Z   ssh-user: git
2026-09-14T01:26:22.9994184Z   clean: true
2026-09-14T01:26:22.9994675Z   sparse-checkout-cone-mode: true
2026-09-14T01:26:22.9995250Z   fetch-depth: 1
2026-09-14T01:26:22.9995716Z   fetch-tags: false
2026-09-14T01:26:22.9996254Z   show-progress: true
2026-09-14T01:26:22.9996724Z   lfs: false
2026-09-14T01:26:22.9997155Z   submodules: false
2026-09-14T01:26:22.9997633Z   set-safe-directory: true
2026-09-14T01:26:22.9998178Z   allow-unsafe-pr-checkout: false
2026-09-14T01:26:22.9999229Z ##[endgroup]
2026-09-14T01:26:23.1327362Z Syncing repository: yuguangzhi3836-glitch/GO
2026-09-14T01:26:23.1361115Z ##[group]Getting Git version info
2026-09-14T01:26:23.1362996Z Working directory is '/home/runner/work/GO/GO'
2026-09-14T01:26:23.1366381Z [command]/usr/bin/git version
2026-09-14T01:26:23.1423334Z git version 2.55.0
2026-09-14T01:26:23.1487128Z ##[endgroup]
2026-09-14T01:26:23.1509688Z Temporarily overriding HOME='/home/runner/work/_temp/ba184e04-bdda-4698-86fa-d36190cc3d67' before making global git config changes
2026-09-14T01:26:23.1513482Z Adding repository directory to the temporary git global config as a safe directory
2026-09-14T01:26:23.1516538Z [command]/usr/bin/git config --global --add safe.directory /home/runner/work/GO/GO
2026-09-14T01:26:23.1562107Z Deleting the contents of '/home/runner/work/GO/GO'
2026-09-14T01:26:23.1578385Z ##[group]Initializing the repository
2026-09-14T01:26:23.1591418Z [command]/usr/bin/git init /home/runner/work/GO/GO
2026-09-14T01:26:23.1745017Z hint: Using 'master' as the name for the initial branch. This default branch name
2026-09-14T01:26:23.1763718Z hint: will change to "main" in Git 3.0. To configure the initial branch name
2026-09-14T01:26:23.1768411Z hint: to use in all of your new repositories, which will suppress this warning,
2026-09-14T01:26:23.1770490Z hint: call:
2026-09-14T01:26:23.1771631Z hint:
2026-09-14T01:26:23.1773202Z hint: 	git config --global init.defaultBranch <name>
2026-09-14T01:26:23.1774621Z hint:
2026-09-14T01:26:23.1775927Z hint: Names commonly chosen instead of 'master' are 'main', 'trunk' and
2026-09-14T01:26:23.1778238Z hint: 'development'. The just-created branch can be renamed via this command:
2026-09-14T01:26:23.1780264Z hint:
2026-09-14T01:26:23.1781294Z hint: 	git branch -m <name>
2026-09-14T01:26:23.1782699Z hint:
2026-09-14T01:26:23.1784138Z hint: Disable this message with "git config set advice.defaultBranchName false"
2026-09-14T01:26:23.1786620Z Initialized empty Git repository in /home/runner/work/GO/GO/.git/
2026-09-14T01:26:23.1790791Z [command]/usr/bin/git remote add origin https://github.com/yuguangzhi3836-glitch/GO
2026-09-14T01:26:23.1850803Z ##[endgroup]
2026-09-14T01:26:23.1852762Z ##[group]Disabling automatic garbage collection
2026-09-14T01:26:23.1872890Z [command]/usr/bin/git config --local gc.auto 0
2026-09-14T01:26:23.1924940Z ##[endgroup]
2026-09-14T01:26:23.1936520Z ##[group]Setting up auth
2026-09-14T01:26:23.1953098Z [command]/usr/bin/git config --local --name-only --get-regexp core\.sshCommand
2026-09-14T01:26:23.2005596Z [command]/usr/bin/git submodule foreach --recursive sh -c "git config --local --name-only --get-regexp 'core\.sshCommand' && git config --local --unset-all 'core.sshCommand' || :"
2026-09-14T01:26:23.2694135Z [command]/usr/bin/git config --local --name-only --get-regexp http\.https\:\/\/github\.com\/\.extraheader
2026-09-14T01:26:23.2758086Z [command]/usr/bin/git submodule foreach --recursive sh -c "git config --local --name-only --get-regexp 'http\.https\:\/\/github\.com\/\.extraheader' && git config --local --unset-all 'http.https://github.com/.extraheader' || :"
2026-09-14T01:26:23.3197454Z [command]/usr/bin/git config --local --name-only --get-regexp ^includeIf\.gitdir:
2026-09-14T01:26:23.3296847Z [command]/usr/bin/git submodule foreach --recursive git config --local --show-origin --name-only --get-regexp remote.origin.url
2026-09-14T01:26:23.3773223Z [command]/usr/bin/git config --local http.https://github.com/.extraheader AUTHORIZATION: basic ***
2026-09-14T01:26:23.3844014Z ##[endgroup]
2026-09-14T01:26:23.3846065Z ##[group]Fetching the repository
2026-09-14T01:26:23.3851007Z [command]/usr/bin/git -c protocol.version=2 fetch --no-tags --prune --no-recurse-submodules --depth=1 origin c6e6390477613d5006c61e2ff2154ccd5f3813fd
2026-09-14T01:26:40.2438562Z From https://github.com/yuguangzhi3836-glitch/GO
2026-09-14T01:26:40.2453282Z  * branch            c6e6390477613d5006c61e2ff2154ccd5f3813fd -> FETCH_HEAD
2026-09-14T01:26:40.2468901Z ##[endgroup]
2026-09-14T01:26:40.2470017Z ##[group]Determining the checkout info
2026-09-14T01:26:40.2471102Z ##[endgroup]
2026-09-14T01:26:40.2472440Z [command]/usr/bin/git sparse-checkout disable
2026-09-14T01:26:40.2642045Z [command]/usr/bin/git config --local --unset-all extensions.worktreeConfig
2026-09-14T01:26:40.2645572Z ##[group]Checking out the ref
2026-09-14T01:26:40.2646835Z [command]/usr/bin/git checkout --progress --force c6e6390477613d5006c61e2ff2154ccd5f3813fd
2026-09-14T01:26:41.7447772Z Updating files:  32% (1628/5001)
2026-09-14T01:26:42.3081303Z Updating files:  33% (1651/5001)
2026-09-14T01:26:42.3423686Z Updating files:  33% (1665/5001)
2026-09-14T01:26:42.3449303Z Updating files:  34% (1701/5001)
2026-09-14T01:26:42.3476032Z Updating files:  35% (1751/5001)
2026-09-14T01:26:42.3519893Z Updating files:  36% (1801/5001)
2026-09-14T01:26:42.3647175Z Updating files:  37% (1851/5001)
2026-09-14T01:26:42.3715619Z Updating files:  38% (1901/5001)
2026-09-14T01:26:42.3777060Z Updating files:  39% (1951/5001)
2026-09-14T01:26:42.3803260Z Updating files:  40% (2001/5001)
2026-09-14T01:26:42.3846390Z Updating files:  41% (2051/5001)
2026-09-14T01:26:42.3866493Z Updating files:  42% (2101/5001)
2026-09-14T01:26:42.3895641Z Updating files:  43% (2151/5001)
2026-09-14T01:26:42.3927792Z Updating files:  44% (2201/5001)
2026-09-14T01:26:42.3959019Z Updating files:  45% (2251/5001)
2026-09-14T01:26:42.3986618Z Updating files:  46% (2301/5001)
2026-09-14T01:26:42.4012874Z Updating files:  47% (2351/5001)
2026-09-14T01:26:42.4044414Z Updating files:  48% (2401/5001)
2026-09-14T01:26:42.4095202Z Updating files:  49% (2451/5001)
2026-09-14T01:26:42.4137552Z Updating files:  50% (2501/5001)
2026-09-14T01:26:42.4172117Z Updating files:  51% (2551/5001)
2026-09-14T01:26:42.4215313Z Updating files:  52% (2601/5001)
2026-09-14T01:26:42.4256802Z Updating files:  53% (2651/5001)
2026-09-14T01:26:42.4287800Z Updating files:  54% (2701/5001)
2026-09-14T01:26:42.4324911Z Updating files:  55% (2751/5001)
2026-09-14T01:26:42.4357809Z Updating files:  56% (2801/5001)
2026-09-14T01:26:42.4390743Z Updating files:  57% (2851/5001)
2026-09-14T01:26:42.4424757Z Updating files:  58% (2901/5001)
2026-09-14T01:26:42.4479882Z Updating files:  59% (2951/5001)
2026-09-14T01:26:42.5772348Z Updating files:  60% (3001/5001)
2026-09-14T01:26:42.5800583Z Updating files:  61% (3051/5001)
2026-09-14T01:26:42.5847412Z Updating files:  62% (3101/5001)
2026-09-14T01:26:42.5917321Z Updating files:  63% (3151/5001)
2026-09-14T01:26:42.6339853Z Updating files:  64% (3201/5001)
2026-09-14T01:26:42.6686708Z Updating files:  65% (3251/5001)
2026-09-14T01:26:42.7205137Z Updating files:  66% (3301/5001)
2026-09-14T01:26:42.7257435Z Updating files:  67% (3351/5001)
2026-09-14T01:26:42.7291071Z Updating files:  68% (3401/5001)
2026-09-14T01:26:42.7319162Z Updating files:  69% (3451/5001)
2026-09-14T01:26:42.7346150Z Updating files:  70% (3501/5001)
2026-09-14T01:26:42.7407024Z Updating files:  71% (3551/5001)
2026-09-14T01:26:42.7452940Z Updating files:  72% (3601/5001)
2026-09-14T01:26:42.7478811Z Updating files:  73% (3651/5001)
2026-09-14T01:26:42.7508689Z Updating files:  74% (3701/5001)
2026-09-14T01:26:42.7552526Z Updating files:  75% (3751/5001)
2026-09-14T01:26:42.7598417Z Updating files:  76% (3801/5001)
2026-09-14T01:26:42.7631436Z Updating files:  77% (3851/5001)
2026-09-14T01:26:42.7677423Z Updating files:  78% (3901/5001)
2026-09-14T01:26:42.7709184Z Updating files:  79% (3951/5001)
2026-09-14T01:26:42.7824436Z Updating files:  80% (4001/5001)
2026-09-14T01:26:42.8036732Z Updating files:  81% (4051/5001)
2026-09-14T01:26:42.8256927Z Updating files:  82% (4101/5001)
2026-09-14T01:26:42.8692923Z Updating files:  83% (4151/5001)
2026-09-14T01:26:42.8986547Z Updating files:  84% (4201/5001)
2026-09-14T01:26:42.9057102Z Updating files:  85% (4251/5001)
2026-09-14T01:26:42.9125468Z Updating files:  86% (4301/5001)
2026-09-14T01:26:42.9159354Z Updating files:  87% (4351/5001)
2026-09-14T01:26:42.9259444Z Updating files:  88% (4401/5001)
2026-09-14T01:26:42.9260508Z Updating files:  89% (4451/5001)
2026-09-14T01:26:42.9331049Z Updating files:  90% (4501/5001)
2026-09-14T01:26:42.9371259Z Updating files:  91% (4551/5001)
2026-09-14T01:26:42.9393069Z Updating files:  92% (4601/5001)
2026-09-14T01:26:42.9412417Z Updating files:  93% (4651/5001)
2026-09-14T01:26:42.9450576Z Updating files:  94% (4701/5001)
2026-09-14T01:26:42.9496139Z Updating files:  95% (4751/5001)
2026-09-14T01:26:42.9535514Z Updating files:  96% (4801/5001)
2026-09-14T01:26:42.9565872Z Updating files:  97% (4851/5001)
2026-09-14T01:26:42.9607948Z Updating files:  98% (4901/5001)
2026-09-14T01:26:42.9637358Z Updating files:  99% (4951/5001)
2026-09-14T01:26:42.9639632Z Updating files: 100% (5001/5001)
2026-09-14T01:26:42.9640511Z Updating files: 100% (5001/5001), done.
2026-09-14T01:26:43.1823517Z Note: switching to 'c6e6390477613d5006c61e2ff2154ccd5f3813fd'.
2026-09-14T01:26:43.1824221Z 
2026-09-14T01:26:43.1824789Z You are in 'detached HEAD' state. You can look around, make experimental
2026-09-14T01:26:43.1825746Z changes and commit them, and you can discard any commits you make in this
2026-09-14T01:26:43.1826665Z state without impacting any branches by switching back to a branch.
2026-09-14T01:26:43.1827278Z 
2026-09-14T01:26:43.1827719Z If you want to create a new branch to retain commits you create, you may
2026-09-14T01:26:43.1828595Z do so (now or later) by using -c with the switch command. Example:
2026-09-14T01:26:43.1829173Z 
2026-09-14T01:26:43.1829486Z   git switch -c <new-branch-name>
2026-09-14T01:26:43.1829914Z 
2026-09-14T01:26:43.1830224Z Or undo this operation with:
2026-09-14T01:26:43.1830625Z 
2026-09-14T01:26:43.1830932Z   git switch -
2026-09-14T01:26:43.1831281Z 
2026-09-14T01:26:43.1831949Z Turn off this advice by setting config variable advice.detachedHead to false
2026-09-14T01:26:43.1832641Z 
2026-09-14T01:26:43.1833262Z HEAD is now at c6e6390 fix: pin verified Python extraction runtime and preserve safety failure logs
2026-09-14T01:26:43.2060322Z ##[endgroup]
2026-09-14T01:26:43.2129625Z [command]/usr/bin/git log -1 --format=%H
2026-09-14T01:26:43.2158998Z c6e6390477613d5006c61e2ff2154ccd5f3813fd
2026-09-14T01:26:43.2184310Z ##[group]Removing auth
2026-09-14T01:26:43.2186109Z [command]/usr/bin/git config --local --name-only --get-regexp core\.sshCommand
2026-09-14T01:26:43.2229574Z [command]/usr/bin/git submodule foreach --recursive sh -c "git config --local --name-only --get-regexp 'core\.sshCommand' && git config --local --unset-all 'core.sshCommand' || :"
2026-09-14T01:26:43.2533043Z [command]/usr/bin/git config --local --name-only --get-regexp http\.https\:\/\/github\.com\/\.extraheader
2026-09-14T01:26:43.2565843Z http.https://github.com/.extraheader
2026-09-14T01:26:43.2576862Z [command]/usr/bin/git config --local --unset-all http.https://github.com/.extraheader
2026-09-14T01:26:43.6251672Z [command]/usr/bin/git submodule foreach --recursive sh -c "git config --local --name-only --get-regexp 'http\.https\:\/\/github\.com\/\.extraheader' && git config --local --unset-all 'http.https://github.com/.extraheader' || :"
2026-09-14T01:26:43.6576306Z [command]/usr/bin/git config --local --name-only --get-regexp ^includeIf\.gitdir:
2026-09-14T01:26:43.6624176Z [command]/usr/bin/git submodule foreach --recursive git config --local --show-origin --name-only --get-regexp remote.origin.url
2026-09-14T01:26:43.6980406Z ##[endgroup]
2026-09-14T01:26:43.7267195Z Node 20 is being deprecated. This workflow is running with Node 24 by default. If you need to temporarily use Node 20, you can set the ACTIONS_ALLOW_USE_UNSECURE_NODE_VERSION=true environment variable. For more information see: https://github.blog/changelog/2025-09-19-deprecation-of-node-20-on-github-actions-runners/
2026-09-14T01:26:43.7269106Z ##[group]Run actions/setup-python@v5
2026-09-14T01:26:43.7269367Z with:
2026-09-14T01:26:43.7269557Z   python-version: 3.12.14
2026-09-14T01:26:43.7269791Z   check-latest: false
2026-09-14T01:26:43.7272706Z   token: ***
2026-09-14T01:26:43.7272923Z   update-environment: true
2026-09-14T01:26:43.7273159Z   allow-prereleases: false
2026-09-14T01:26:43.7273390Z   freethreaded: false
2026-09-14T01:26:43.7273599Z ##[endgroup]
2026-09-14T01:26:43.8868670Z ##[group]Installed versions
2026-09-14T01:26:43.9103832Z (node:1835) [DEP0040] DeprecationWarning: The `punycode` module is deprecated. Please use a userland alternative instead.
2026-09-14T01:26:43.9105083Z Successfully set up CPython (3.12.14)
2026-09-14T01:26:43.9105806Z (Use `node --trace-deprecation ...` to show where the warning was created)
2026-09-14T01:26:43.9120833Z ##[endgroup]
2026-09-14T01:26:43.9442496Z Node 20 is being deprecated. This workflow is running with Node 24 by default. If you need to temporarily use Node 20, you can set the ACTIONS_ALLOW_USE_UNSECURE_NODE_VERSION=true environment variable. For more information see: https://github.blog/changelog/2025-09-19-deprecation-of-node-20-on-github-actions-runners/
2026-09-14T01:26:43.9444838Z ##[group]Run actions/download-artifact@v4
2026-09-14T01:26:43.9445259Z with:
2026-09-14T01:26:43.9445679Z   name: canonical-node-c6e6390477613d5006c61e2ff2154ccd5f3813fd
2026-09-14T01:26:43.9446258Z   path: /home/runner/work/_temp/downloaded
2026-09-14T01:26:43.9446692Z   merge-multiple: false
2026-09-14T01:26:43.9447057Z   repository: yuguangzhi3836-glitch/GO
2026-09-14T01:26:43.9447465Z   run-id: 34795835590
2026-09-14T01:26:43.9447771Z env:
2026-09-14T01:26:43.9448155Z   pythonLocation: /opt/hostedtoolcache/Python/3.12.14/x64
2026-09-14T01:26:43.9448849Z   PKG_CONFIG_PATH: /opt/hostedtoolcache/Python/3.12.14/x64/lib/pkgconfig
2026-09-14T01:26:43.9449576Z   Python_ROOT_DIR: /opt/hostedtoolcache/Python/3.12.14/x64
2026-09-14T01:26:43.9450187Z   Python2_ROOT_DIR: /opt/hostedtoolcache/Python/3.12.14/x64
2026-09-14T01:26:43.9450785Z   Python3_ROOT_DIR: /opt/hostedtoolcache/Python/3.12.14/x64
2026-09-14T01:26:43.9451395Z   LD_LIBRARY_PATH: /opt/hostedtoolcache/Python/3.12.14/x64/lib
2026-09-14T01:26:43.9452093Z ##[endgroup]
2026-09-14T01:26:44.1422733Z Downloading single artifact
2026-09-14T01:26:44.1595941Z (node:1843) [DEP0040] DeprecationWarning: The `punycode` module is deprecated. Please use a userland alternative instead.
2026-09-14T01:26:44.1597392Z (Use `node --trace-deprecation ...` to show where the warning was created)
2026-09-14T01:26:49.1615173Z Attempt 1 of 5 failed with error: Request timeout: /twirp/github.actions.results.api.v1.ArtifactService/ListArtifacts. Retrying request in 3000 ms...
2026-09-14T01:26:52.3718081Z Preparing to download the following artifacts:
2026-09-14T01:26:52.3719879Z - canonical-node-c6e6390477613d5006c61e2ff2154ccd5f3813fd (ID: 10329044609, Size: 101401043, Expected Digest: sha256:ec1f1ab6d029919b337ca59dabdd8c0e18d315cb178509842071f90f667c4b7c)
2026-09-14T01:26:52.5800427Z Redirecting to blob download url: https://productionresultssa2.blob.core.windows.net/actions-results/29ebbd6c-364b-421f-b9d7-d679939f932b/workflow-job-run-4aa90bb3-aa0f-5942-a749-b2a64d5d8e1c/artifacts/13c2db450debd38e00d86d3c198d3427eeefd5f3708bb8f9a93f84df0d53ef35.zip
2026-09-14T01:26:52.5803289Z Starting download of artifact to: /home/runner/work/_temp/downloaded
2026-09-14T01:26:52.8708079Z (node:1843) [DEP0005] DeprecationWarning: Buffer() is deprecated due to security and usability issues. Please use the Buffer.alloc(), Buffer.allocUnsafe(), or Buffer.from() methods instead.
2026-09-14T01:26:56.2125862Z SHA256 digest of downloaded artifact is ec1f1ab6d029919b337ca59dabdd8c0e18d315cb178509842071f90f667c4b7c
2026-09-14T01:26:56.2127515Z Artifact download completed successfully.
2026-09-14T01:26:56.2128812Z Total of 1 artifact(s) downloaded
2026-09-14T01:26:56.2135981Z Download artifact has finished successfully
2026-09-14T01:26:56.2314349Z ##[group]Run set -o pipefail
2026-09-14T01:26:56.2314742Z [36;1mset -o pipefail[0m
2026-09-14T01:26:56.2315381Z [36;1mpython3 -B packaging/canonical-node-seal/seal.py restore "$RUNNER_TEMP/downloaded/node-delivery" 2>&1 | tee "$RUNNER_TEMP/node-restore.log"[0m
2026-09-14T01:26:56.2880070Z shell: /usr/bin/bash -e {0}
2026-09-14T01:26:56.2880363Z env:
2026-09-14T01:26:56.2880653Z   pythonLocation: /opt/hostedtoolcache/Python/3.12.14/x64
2026-09-14T01:26:56.2881115Z   PKG_CONFIG_PATH: /opt/hostedtoolcache/Python/3.12.14/x64/lib/pkgconfig
2026-09-14T01:26:56.2881552Z   Python_ROOT_DIR: /opt/hostedtoolcache/Python/3.12.14/x64
2026-09-14T01:26:56.2882426Z   Python2_ROOT_DIR: /opt/hostedtoolcache/Python/3.12.14/x64
2026-09-14T01:26:56.2882819Z   Python3_ROOT_DIR: /opt/hostedtoolcache/Python/3.12.14/x64
2026-09-14T01:26:56.2883211Z   LD_LIBRARY_PATH: /opt/hostedtoolcache/Python/3.12.14/x64/lib
2026-09-14T01:26:56.2883543Z ##[endgroup]
2026-09-14T01:27:13.4688674Z R8.2_GATE_TOOLCHAIN: PASS
2026-09-14T01:27:13.4689837Z node_version=v22.22.0
2026-09-14T01:27:13.4690987Z node_tree_sha256=e744dfe9bddd2e2c63d92199ab97a428fd2c17203d8a84c120ea96a4bc76c469
2026-09-14T01:27:13.4692571Z node_max_required_glibc=2.28
2026-09-14T01:27:13.4693079Z 
2026-09-14T01:27:13.4697164Z {"package_sha256": "5d6121c4ad06083056cb5f0f5a95329d4684e6e3e66d1e408d65c27ad113c347", "source_commit": "c6ea4dd670db36e71f3839fb31e656a5c8806858", "application_git_tree": "995d0d83faf883bec980c896fe8a17b0f12360fa", "source_tree_sha256": "1c4d78c3c1bb5f448d0ebdb99d16a2d76419bbc663cc9ed8fae831e1d18c10c4", "node_tree_sha256": "e744dfe9bddd2e2c63d92199ab97a428fd2c17203d8a84c120ea96a4bc76c469", "node_version": "v22.22.0", "upstream_sha256": "9aa8e9d2298ab68c600bd6fb86a6c13bce11a4eca1ba9b39d79fa021755d7c37", "node_toolchain_restore": "PASS_SCOPED", "download_or_provision_on_restore": false, "full_release": "HOLD", "deployment": "NOT_RUN", "production": "HOLD"}
2026-09-14T01:27:13.9406417Z Node 20 is being deprecated. This workflow is running with Node 24 by default. If you need to temporarily use Node 20, you can set the ACTIONS_ALLOW_USE_UNSECURE_NODE_VERSION=true environment variable. For more information see: https://github.blog/changelog/2025-09-19-deprecation-of-node-20-on-github-actions-runners/
2026-09-14T01:27:13.9407728Z ##[group]Run actions/upload-artifact@v4
2026-09-14T01:27:13.9407994Z with:
2026-09-14T01:27:13.9408296Z   name: canonical-node-restore-c6e6390477613d5006c61e2ff2154ccd5f3813fd
2026-09-14T01:27:13.9408945Z   path: /home/runner/work/_temp/downloaded/node-delivery/restore-evidence
/home/runner/work/_temp/node-restore.log

2026-09-14T01:27:13.9409480Z   if-no-files-found: error
2026-09-14T01:27:13.9409710Z   retention-days: 90
2026-09-14T01:27:13.9409924Z   compression-level: 6
2026-09-14T01:27:13.9410130Z   overwrite: false
2026-09-14T01:27:13.9410347Z   include-hidden-files: false
2026-09-14T01:27:13.9410572Z env:
2026-09-14T01:27:13.9410849Z   pythonLocation: /opt/hostedtoolcache/Python/3.12.14/x64
2026-09-14T01:27:13.9411279Z   PKG_CONFIG_PATH: /opt/hostedtoolcache/Python/3.12.14/x64/lib/pkgconfig
2026-09-14T01:27:13.9412015Z   Python_ROOT_DIR: /opt/hostedtoolcache/Python/3.12.14/x64
2026-09-14T01:27:13.9412475Z   Python2_ROOT_DIR: /opt/hostedtoolcache/Python/3.12.14/x64
2026-09-14T01:27:13.9412857Z   Python3_ROOT_DIR: /opt/hostedtoolcache/Python/3.12.14/x64
2026-09-14T01:27:13.9413250Z   LD_LIBRARY_PATH: /opt/hostedtoolcache/Python/3.12.14/x64/lib
2026-09-14T01:27:13.9413572Z ##[endgroup]
2026-09-14T01:27:14.1405723Z (node:1866) [DEP0040] DeprecationWarning: The `punycode` module is deprecated. Please use a userland alternative instead.
2026-09-14T01:27:14.1422900Z (Use `node --trace-deprecation ...` to show where the warning was created)
2026-09-14T01:27:14.1643378Z Multiple search paths detected. Calculating the least common ancestor of all paths
2026-09-14T01:27:14.1703126Z The least common ancestor is /home/runner/work/_temp. This will be the root directory of the artifact
2026-09-14T01:27:14.1718158Z With the provided path, there will be 3 files uploaded
2026-09-14T01:27:14.1749684Z Artifact name is valid!
2026-09-14T01:27:14.1762241Z Root directory input is valid!
2026-09-14T01:27:14.5620479Z Beginning upload of artifact content to blob storage
2026-09-14T01:27:14.5906605Z (node:1866) [DEP0169] DeprecationWarning: `url.parse()` behavior is not standardized and prone to errors that have security implications. Use the WHATWG URL API instead. CVEs are not issued for `url.parse()` vulnerabilities.
2026-09-14T01:27:14.8286804Z Uploaded bytes 1584
2026-09-14T01:27:14.8961403Z Finished uploading artifact content to blob storage!
2026-09-14T01:27:14.8963014Z SHA256 digest of uploaded artifact zip is 941d9d29f2cc0baa99d588858105184b25d906fb8de27c351530a5b483a63b47
2026-09-14T01:27:14.8965207Z Finalizing artifact upload
2026-09-14T01:27:15.1410166Z Artifact canonical-node-restore-c6e6390477613d5006c61e2ff2154ccd5f3813fd.zip successfully finalized. Artifact ID 10329518738
2026-09-14T01:27:15.1412344Z Artifact canonical-node-restore-c6e6390477613d5006c61e2ff2154ccd5f3813fd has been successfully uploaded! Final size is 1584 bytes. Artifact ID is 10329518738
2026-09-14T01:27:15.1414474Z Artifact download URL: https://github.com/yuguangzhi3836-glitch/GO/actions/runs/34795835590/artifacts/10329518738
2026-09-14T01:27:15.1598179Z Node 20 is being deprecated. This workflow is running with Node 24 by default. If you need to temporarily use Node 20, you can set the ACTIONS_ALLOW_USE_UNSECURE_NODE_VERSION=true environment variable. For more information see: https://github.blog/changelog/2025-09-19-deprecation-of-node-20-on-github-actions-runners/
2026-09-14T01:27:15.1599420Z Post job cleanup.
2026-09-14T01:27:15.3030592Z (node:1879) [DEP0040] DeprecationWarning: The `punycode` module is deprecated. Please use a userland alternative instead.
2026-09-14T01:27:15.3032507Z (Use `node --trace-deprecation ...` to show where the warning was created)
2026-09-14T01:27:15.3274350Z Node 20 is being deprecated. This workflow is running with Node 24 by default. If you need to temporarily use Node 20, you can set the ACTIONS_ALLOW_USE_UNSECURE_NODE_VERSION=true environment variable. For more information see: https://github.blog/changelog/2025-09-19-deprecation-of-node-20-on-github-actions-runners/
2026-09-14T01:27:15.3276418Z Post job cleanup.
2026-09-14T01:27:15.4823143Z [command]/usr/bin/git version
2026-09-14T01:27:15.4902798Z git version 2.55.0
2026-09-14T01:27:15.5031459Z Temporarily overriding HOME='/home/runner/work/_temp/f61b69dd-d602-4487-bf8d-d3c01897d9f0' before making global git config changes
2026-09-14T01:27:15.5079188Z Adding repository directory to the temporary git global config as a safe directory
2026-09-14T01:27:15.5084107Z [command]/usr/bin/git config --global --add safe.directory /home/runner/work/GO/GO
2026-09-14T01:27:15.5096370Z [command]/usr/bin/git config --local --name-only --get-regexp core\.sshCommand
2026-09-14T01:27:15.5099022Z [command]/usr/bin/git submodule foreach --recursive sh -c "git config --local --name-only --get-regexp 'core\.sshCommand' && git config --local --unset-all 'core.sshCommand' || :"
2026-09-14T01:27:15.5856438Z [command]/usr/bin/git config --local --name-only --get-regexp http\.https\:\/\/github\.com\/\.extraheader
2026-09-14T01:27:15.5947841Z [command]/usr/bin/git submodule foreach --recursive sh -c "git config --local --name-only --get-regexp 'http\.https\:\/\/github\.com\/\.extraheader' && git config --local --unset-all 'http.https://github.com/.extraheader' || :"
2026-09-14T01:27:15.6532762Z [command]/usr/bin/git config --local --name-only --get-regexp ^includeIf\.gitdir:
2026-09-14T01:27:15.6635665Z [command]/usr/bin/git submodule foreach --recursive git config --local --show-origin --name-only --get-regexp remote.origin.url
2026-09-14T01:27:15.7299183Z Cleaning up orphan processes
2026-09-14T01:27:15.7583805Z ##[warning]Node.js 20 is deprecated. The following actions target Node.js 20 but are being forced to run on Node.js 24: actions/checkout@v4, actions/download-artifact@v4, actions/setup-python@v5, actions/upload-artifact@v4. For more information see: https://github.blog/changelog/2025-09-19-deprecation-of-node-20-on-github-actions-runners/
