2026-09-09T12:41:41.9832020Z Current runner version: '2.337.0'
2026-09-09T12:41:41.9871026Z ##[group]Runner Image Provisioner
2026-09-09T12:41:41.9872589Z Hosted Compute Agent
2026-09-09T12:41:41.9873737Z Version: 20260828.587
2026-09-09T12:41:41.9875082Z Commit: abac92662cab4cc7352de4f9f9d2e2419aad9c29
2026-09-09T12:41:41.9876435Z Build Date: 2026-08-28T16:44:25Z
2026-09-09T12:41:41.9877837Z Worker ID: {8e4c9c50-1591-4838-b2f8-747f6ea55aea}
2026-09-09T12:41:41.9879158Z Azure Region: westus
2026-09-09T12:41:41.9880528Z ##[endgroup]
2026-09-09T12:41:41.9883164Z ##[group]Operating System
2026-09-09T12:41:41.9884348Z Ubuntu
2026-09-09T12:41:41.9885592Z 22.04.5
2026-09-09T12:41:41.9886577Z LTS
2026-09-09T12:41:41.9887539Z ##[endgroup]
2026-09-09T12:41:41.9888803Z ##[group]Runner Image
2026-09-09T12:41:41.9890442Z Image: ubuntu-22.04
2026-09-09T12:41:41.9891703Z Version: 20260907.292.1
2026-09-09T12:41:41.9894173Z Included Software: https://github.com/actions/runner-images/blob/ubuntu22/20260907.292/images/ubuntu/Ubuntu2204-Readme.md
2026-09-09T12:41:41.9897309Z Image Release: https://github.com/actions/runner-images/releases/tag/ubuntu22%2F20260907.292
2026-09-09T12:41:41.9899157Z ##[endgroup]
2026-09-09T12:41:41.9901666Z ##[group]GITHUB_TOKEN Permissions
2026-09-09T12:41:41.9904463Z Contents: read
2026-09-09T12:41:41.9905624Z Metadata: read
2026-09-09T12:41:41.9906689Z ##[endgroup]
2026-09-09T12:41:41.9910235Z Secret source: Actions
2026-09-09T12:41:41.9912324Z Prepare workflow directory
2026-09-09T12:41:42.0716113Z Prepare all required actions
2026-09-09T12:41:42.0791892Z Getting action download info
2026-09-09T12:41:42.5384052Z Download action repository 'actions/checkout@v4' (SHA:11d5960a326750d5838078e36cf38b85af677262)
2026-09-09T12:41:42.7315878Z Download action repository 'actions/setup-python@v5' (SHA:a26af69be951a213d495a4c3e4e4022e16d87065)
2026-09-09T12:41:42.9133324Z Download action repository 'actions/setup-node@v4' (SHA:49933ea5288caeca8642d1e84afbd3f7d6820020)
2026-09-09T12:41:43.1106424Z Download action repository 'actions/upload-artifact@v4' (SHA:ea165f8d65b6e75b540449e92b4886f43607fa02)
2026-09-09T12:41:43.5219223Z Complete job name: isolated
2026-09-09T12:41:43.6298207Z Node 20 is being deprecated. This workflow is running with Node 24 by default. If you need to temporarily use Node 20, you can set the ACTIONS_ALLOW_USE_UNSECURE_NODE_VERSION=true environment variable. For more information see: https://github.blog/changelog/2025-09-19-deprecation-of-node-20-on-github-actions-runners/
2026-09-09T12:41:43.6311146Z ##[group]Run actions/checkout@v4
2026-09-09T12:41:43.6312476Z with:
2026-09-09T12:41:43.6313458Z   ref: 72fc4bd9533377b4be6ebdaed52ca950daf05fe0
2026-09-09T12:41:43.6314695Z   path: tooling
2026-09-09T12:41:43.6315627Z   persist-credentials: false
2026-09-09T12:41:43.6316810Z   repository: yuguangzhi3836-glitch/GO
2026-09-09T12:41:43.6326254Z   token: ***
2026-09-09T12:41:43.6327160Z   ssh-strict: true
2026-09-09T12:41:43.6328083Z   ssh-user: git
2026-09-09T12:41:43.6328965Z   clean: true
2026-09-09T12:41:43.6330268Z   sparse-checkout-cone-mode: true
2026-09-09T12:41:43.6331440Z   fetch-depth: 1
2026-09-09T12:41:43.6332399Z   fetch-tags: false
2026-09-09T12:41:43.6333366Z   show-progress: true
2026-09-09T12:41:43.6334300Z   lfs: false
2026-09-09T12:41:43.6335176Z   submodules: false
2026-09-09T12:41:43.6336126Z   set-safe-directory: true
2026-09-09T12:41:43.6337177Z   allow-unsafe-pr-checkout: false
2026-09-09T12:41:43.6338660Z env:
2026-09-09T12:41:43.6340049Z   SEALED_CANDIDATE: 0451fb095c6fe4a185dcf30931166cebdf27e381
2026-09-09T12:41:43.6342026Z   EXPECTED_SOURCE_TREE: ffcea37a3d2ce626026571c1d16eb7be190bd1b048b6b8dfd0d6c8164f2b556c
2026-09-09T12:41:43.6343766Z ##[endgroup]
2026-09-09T12:41:43.8066134Z Syncing repository: yuguangzhi3836-glitch/GO
2026-09-09T12:41:43.8070678Z ##[group]Getting Git version info
2026-09-09T12:41:43.8072252Z Working directory is '/home/runner/work/GO/GO/tooling'
2026-09-09T12:41:43.8075125Z [command]/usr/bin/git version
2026-09-09T12:41:43.8772149Z git version 2.55.0
2026-09-09T12:41:43.8927549Z ##[endgroup]
2026-09-09T12:41:43.8941408Z Temporarily overriding HOME='/home/runner/work/_temp/dad4fc85-c85e-4956-8115-46634163ebe6' before making global git config changes
2026-09-09T12:41:43.8948715Z Adding repository directory to the temporary git global config as a safe directory
2026-09-09T12:41:43.8952939Z [command]/usr/bin/git config --global --add safe.directory /home/runner/work/GO/GO/tooling
2026-09-09T12:41:43.8963514Z ##[group]Initializing the repository
2026-09-09T12:41:43.8968814Z [command]/usr/bin/git init /home/runner/work/GO/GO/tooling
2026-09-09T12:41:43.9033693Z hint: Using 'master' as the name for the initial branch. This default branch name
2026-09-09T12:41:43.9056022Z hint: will change to "main" in Git 3.0. To configure the initial branch name
2026-09-09T12:41:43.9075694Z hint: to use in all of your new repositories, which will suppress this warning,
2026-09-09T12:41:43.9078560Z hint: call:
2026-09-09T12:41:43.9080505Z hint:
2026-09-09T12:41:43.9082471Z hint: 	git config --global init.defaultBranch <name>
2026-09-09T12:41:43.9084789Z hint:
2026-09-09T12:41:43.9086958Z hint: Names commonly chosen instead of 'master' are 'main', 'trunk' and
2026-09-09T12:41:43.9090738Z hint: 'development'. The just-created branch can be renamed via this command:
2026-09-09T12:41:43.9093618Z hint:
2026-09-09T12:41:43.9095213Z hint: 	git branch -m <name>
2026-09-09T12:41:43.9097018Z hint:
2026-09-09T12:41:43.9099391Z hint: Disable this message with "git config set advice.defaultBranchName false"
2026-09-09T12:41:43.9103288Z Initialized empty Git repository in /home/runner/work/GO/GO/tooling/.git/
2026-09-09T12:41:43.9110107Z [command]/usr/bin/git remote add origin https://github.com/yuguangzhi3836-glitch/GO
2026-09-09T12:41:43.9184340Z ##[endgroup]
2026-09-09T12:41:43.9206595Z ##[group]Disabling automatic garbage collection
2026-09-09T12:41:43.9230344Z [command]/usr/bin/git config --local gc.auto 0
2026-09-09T12:41:43.9241930Z ##[endgroup]
2026-09-09T12:41:43.9244732Z ##[group]Setting up auth
2026-09-09T12:41:43.9247471Z [command]/usr/bin/git config --local --name-only --get-regexp core\.sshCommand
2026-09-09T12:41:43.9423253Z [command]/usr/bin/git submodule foreach --recursive sh -c "git config --local --name-only --get-regexp 'core\.sshCommand' && git config --local --unset-all 'core.sshCommand' || :"
2026-09-09T12:41:43.9727542Z [command]/usr/bin/git config --local --name-only --get-regexp http\.https\:\/\/github\.com\/\.extraheader
2026-09-09T12:41:43.9777503Z [command]/usr/bin/git submodule foreach --recursive sh -c "git config --local --name-only --get-regexp 'http\.https\:\/\/github\.com\/\.extraheader' && git config --local --unset-all 'http.https://github.com/.extraheader' || :"
2026-09-09T12:41:44.0072680Z [command]/usr/bin/git config --local --name-only --get-regexp ^includeIf\.gitdir:
2026-09-09T12:41:44.0123733Z [command]/usr/bin/git submodule foreach --recursive git config --local --show-origin --name-only --get-regexp remote.origin.url
2026-09-09T12:41:44.1021554Z [command]/usr/bin/git config --local http.https://github.com/.extraheader AUTHORIZATION: basic ***
2026-09-09T12:41:44.1027124Z ##[endgroup]
2026-09-09T12:41:44.1029792Z ##[group]Fetching the repository
2026-09-09T12:41:44.1034201Z [command]/usr/bin/git -c protocol.version=2 fetch --no-tags --prune --no-recurse-submodules --depth=1 origin 72fc4bd9533377b4be6ebdaed52ca950daf05fe0
2026-09-09T12:41:48.7734693Z From https://github.com/yuguangzhi3836-glitch/GO
2026-09-09T12:41:48.7744631Z  * branch            72fc4bd9533377b4be6ebdaed52ca950daf05fe0 -> FETCH_HEAD
2026-09-09T12:41:48.7769130Z ##[endgroup]
2026-09-09T12:41:48.7770390Z ##[group]Determining the checkout info
2026-09-09T12:41:48.7771254Z ##[endgroup]
2026-09-09T12:41:48.7771766Z [command]/usr/bin/git sparse-checkout disable
2026-09-09T12:41:48.7823480Z [command]/usr/bin/git config --local --unset-all extensions.worktreeConfig
2026-09-09T12:41:48.7879406Z ##[group]Checking out the ref
2026-09-09T12:41:48.7883626Z [command]/usr/bin/git checkout --progress --force 72fc4bd9533377b4be6ebdaed52ca950daf05fe0
2026-09-09T12:41:49.1844254Z Note: switching to '72fc4bd9533377b4be6ebdaed52ca950daf05fe0'.
2026-09-09T12:41:49.1846963Z 
2026-09-09T12:41:49.1870692Z You are in 'detached HEAD' state. You can look around, make experimental
2026-09-09T12:41:49.1890538Z changes and commit them, and you can discard any commits you make in this
2026-09-09T12:41:49.1891869Z state without impacting any branches by switching back to a branch.
2026-09-09T12:41:49.1894048Z 
2026-09-09T12:41:49.1910637Z If you want to create a new branch to retain commits you create, you may
2026-09-09T12:41:49.1920936Z do so (now or later) by using -c with the switch command. Example:
2026-09-09T12:41:49.1921773Z 
2026-09-09T12:41:49.1922225Z   git switch -c <new-branch-name>
2026-09-09T12:41:49.1922869Z 
2026-09-09T12:41:49.1923286Z Or undo this operation with:
2026-09-09T12:41:49.1923846Z 
2026-09-09T12:41:49.1924217Z   git switch -
2026-09-09T12:41:49.1924932Z 
2026-09-09T12:41:49.1925523Z Turn off this advice by setting config variable advice.detachedHead to false
2026-09-09T12:41:49.1926414Z 
2026-09-09T12:41:49.1927224Z HEAD is now at 72fc4bd Prepare isolated DEPTH29 acceptance on pinned source with frozen offline dependencies
2026-09-09T12:41:49.1930883Z ##[endgroup]
2026-09-09T12:41:49.2037931Z [command]/usr/bin/git log -1 --format=%H
2026-09-09T12:41:49.2090330Z 72fc4bd9533377b4be6ebdaed52ca950daf05fe0
2026-09-09T12:41:49.2121010Z ##[group]Removing auth
2026-09-09T12:41:49.2145292Z [command]/usr/bin/git config --local --name-only --get-regexp core\.sshCommand
2026-09-09T12:41:49.2224795Z [command]/usr/bin/git submodule foreach --recursive sh -c "git config --local --name-only --get-regexp 'core\.sshCommand' && git config --local --unset-all 'core.sshCommand' || :"
2026-09-09T12:41:49.2611784Z [command]/usr/bin/git config --local --name-only --get-regexp http\.https\:\/\/github\.com\/\.extraheader
2026-09-09T12:41:49.2645467Z http.https://github.com/.extraheader
2026-09-09T12:41:49.2702192Z [command]/usr/bin/git config --local --unset-all http.https://github.com/.extraheader
2026-09-09T12:41:49.2771157Z [command]/usr/bin/git submodule foreach --recursive sh -c "git config --local --name-only --get-regexp 'http\.https\:\/\/github\.com\/\.extraheader' && git config --local --unset-all 'http.https://github.com/.extraheader' || :"
2026-09-09T12:41:49.3086225Z [command]/usr/bin/git config --local --name-only --get-regexp ^includeIf\.gitdir:
2026-09-09T12:41:49.3132694Z [command]/usr/bin/git submodule foreach --recursive git config --local --show-origin --name-only --get-regexp remote.origin.url
2026-09-09T12:41:49.3601679Z ##[endgroup]
2026-09-09T12:41:49.3995520Z Node 20 is being deprecated. This workflow is running with Node 24 by default. If you need to temporarily use Node 20, you can set the ACTIONS_ALLOW_USE_UNSECURE_NODE_VERSION=true environment variable. For more information see: https://github.blog/changelog/2025-09-19-deprecation-of-node-20-on-github-actions-runners/
2026-09-09T12:41:49.3998857Z ##[group]Run actions/checkout@v4
2026-09-09T12:41:49.3999297Z with:
2026-09-09T12:41:49.3999651Z   ref: 0451fb095c6fe4a185dcf30931166cebdf27e381
2026-09-09T12:41:49.4000447Z   path: candidate
2026-09-09T12:41:49.4000808Z   persist-credentials: false
2026-09-09T12:41:49.4001232Z   repository: yuguangzhi3836-glitch/GO
2026-09-09T12:41:49.4005976Z   token: ***
2026-09-09T12:41:49.4006308Z   ssh-strict: true
2026-09-09T12:41:49.4006630Z   ssh-user: git
2026-09-09T12:41:49.4006934Z   clean: true
2026-09-09T12:41:49.4007276Z   sparse-checkout-cone-mode: true
2026-09-09T12:41:49.4007701Z   fetch-depth: 1
2026-09-09T12:41:49.4008077Z   fetch-tags: false
2026-09-09T12:41:49.4008419Z   show-progress: true
2026-09-09T12:41:49.4008769Z   lfs: false
2026-09-09T12:41:49.4009076Z   submodules: false
2026-09-09T12:41:49.4009417Z   set-safe-directory: true
2026-09-09T12:41:49.4010031Z   allow-unsafe-pr-checkout: false
2026-09-09T12:41:49.4010434Z env:
2026-09-09T12:41:49.4010835Z   SEALED_CANDIDATE: 0451fb095c6fe4a185dcf30931166cebdf27e381
2026-09-09T12:41:49.4011934Z   EXPECTED_SOURCE_TREE: ffcea37a3d2ce626026571c1d16eb7be190bd1b048b6b8dfd0d6c8164f2b556c
2026-09-09T12:41:49.4012647Z ##[endgroup]
2026-09-09T12:41:49.5242252Z Syncing repository: yuguangzhi3836-glitch/GO
2026-09-09T12:41:49.5261742Z ##[group]Getting Git version info
2026-09-09T12:41:49.5282991Z Working directory is '/home/runner/work/GO/GO/candidate'
2026-09-09T12:41:49.5308368Z [command]/usr/bin/git version
2026-09-09T12:41:49.5320747Z git version 2.55.0
2026-09-09T12:41:49.5396297Z ##[endgroup]
2026-09-09T12:41:49.5428953Z Temporarily overriding HOME='/home/runner/work/_temp/34187185-5a89-411b-9aeb-48959a4d87c8' before making global git config changes
2026-09-09T12:41:49.5455791Z Adding repository directory to the temporary git global config as a safe directory
2026-09-09T12:41:49.5480941Z [command]/usr/bin/git config --global --add safe.directory /home/runner/work/GO/GO/candidate
2026-09-09T12:41:49.5530722Z ##[group]Initializing the repository
2026-09-09T12:41:49.5534289Z [command]/usr/bin/git init /home/runner/work/GO/GO/candidate
2026-09-09T12:41:49.6603323Z hint: Using 'master' as the name for the initial branch. This default branch name
2026-09-09T12:41:49.6610924Z hint: will change to "main" in Git 3.0. To configure the initial branch name
2026-09-09T12:41:49.6612160Z hint: to use in all of your new repositories, which will suppress this warning,
2026-09-09T12:41:49.6613045Z hint: call:
2026-09-09T12:41:49.6613563Z hint:
2026-09-09T12:41:49.6614150Z hint: 	git config --global init.defaultBranch <name>
2026-09-09T12:41:49.6614888Z hint:
2026-09-09T12:41:49.6615620Z hint: Names commonly chosen instead of 'master' are 'main', 'trunk' and
2026-09-09T12:41:49.6616654Z hint: 'development'. The just-created branch can be renamed via this command:
2026-09-09T12:41:49.6617844Z hint:
2026-09-09T12:41:49.6618440Z hint: 	git branch -m <name>
2026-09-09T12:41:49.6619258Z hint:
2026-09-09T12:41:49.6620339Z hint: Disable this message with "git config set advice.defaultBranchName false"
2026-09-09T12:41:49.6621595Z Initialized empty Git repository in /home/runner/work/GO/GO/candidate/.git/
2026-09-09T12:41:49.6623804Z [command]/usr/bin/git remote add origin https://github.com/yuguangzhi3836-glitch/GO
2026-09-09T12:41:49.7198629Z ##[endgroup]
2026-09-09T12:41:49.7200052Z ##[group]Disabling automatic garbage collection
2026-09-09T12:41:49.7204695Z [command]/usr/bin/git config --local gc.auto 0
2026-09-09T12:41:49.7254838Z ##[endgroup]
2026-09-09T12:41:49.7255871Z ##[group]Setting up auth
2026-09-09T12:41:49.7265596Z [command]/usr/bin/git config --local --name-only --get-regexp core\.sshCommand
2026-09-09T12:41:49.7314080Z [command]/usr/bin/git submodule foreach --recursive sh -c "git config --local --name-only --get-regexp 'core\.sshCommand' && git config --local --unset-all 'core.sshCommand' || :"
2026-09-09T12:41:49.7619276Z [command]/usr/bin/git config --local --name-only --get-regexp http\.https\:\/\/github\.com\/\.extraheader
2026-09-09T12:41:49.7691082Z [command]/usr/bin/git submodule foreach --recursive sh -c "git config --local --name-only --get-regexp 'http\.https\:\/\/github\.com\/\.extraheader' && git config --local --unset-all 'http.https://github.com/.extraheader' || :"
2026-09-09T12:41:49.8151484Z [command]/usr/bin/git config --local --name-only --get-regexp ^includeIf\.gitdir:
2026-09-09T12:41:49.8217660Z [command]/usr/bin/git submodule foreach --recursive git config --local --show-origin --name-only --get-regexp remote.origin.url
2026-09-09T12:41:49.8671117Z [command]/usr/bin/git config --local http.https://github.com/.extraheader AUTHORIZATION: basic ***
2026-09-09T12:41:49.8735069Z ##[endgroup]
2026-09-09T12:41:49.8770845Z ##[group]Fetching the repository
2026-09-09T12:41:49.8791190Z [command]/usr/bin/git -c protocol.version=2 fetch --no-tags --prune --no-recurse-submodules --depth=1 origin 0451fb095c6fe4a185dcf30931166cebdf27e381
2026-09-09T12:41:54.1222905Z From https://github.com/yuguangzhi3836-glitch/GO
2026-09-09T12:41:54.1223901Z  * branch            0451fb095c6fe4a185dcf30931166cebdf27e381 -> FETCH_HEAD
2026-09-09T12:41:54.1232833Z ##[endgroup]
2026-09-09T12:41:54.1233963Z ##[group]Determining the checkout info
2026-09-09T12:41:54.1234861Z ##[endgroup]
2026-09-09T12:41:54.1238514Z [command]/usr/bin/git sparse-checkout disable
2026-09-09T12:41:54.1293810Z [command]/usr/bin/git config --local --unset-all extensions.worktreeConfig
2026-09-09T12:41:54.1351648Z ##[group]Checking out the ref
2026-09-09T12:41:54.1352951Z [command]/usr/bin/git checkout --progress --force 0451fb095c6fe4a185dcf30931166cebdf27e381
2026-09-09T12:41:54.5138973Z Note: switching to '0451fb095c6fe4a185dcf30931166cebdf27e381'.
2026-09-09T12:41:54.5150546Z 
2026-09-09T12:41:54.5151073Z You are in 'detached HEAD' state. You can look around, make experimental
2026-09-09T12:41:54.5152196Z changes and commit them, and you can discard any commits you make in this
2026-09-09T12:41:54.5153271Z state without impacting any branches by switching back to a branch.
2026-09-09T12:41:54.5153940Z 
2026-09-09T12:41:54.5154434Z If you want to create a new branch to retain commits you create, you may
2026-09-09T12:41:54.5155381Z do so (now or later) by using -c with the switch command. Example:
2026-09-09T12:41:54.5155988Z 
2026-09-09T12:41:54.5156339Z   git switch -c <new-branch-name>
2026-09-09T12:41:54.5156813Z 
2026-09-09T12:41:54.5157155Z Or undo this operation with:
2026-09-09T12:41:54.5157601Z 
2026-09-09T12:41:54.5157911Z   git switch -
2026-09-09T12:41:54.5158289Z 
2026-09-09T12:41:54.5158829Z Turn off this advice by setting config variable advice.detachedHead to false
2026-09-09T12:41:54.5159524Z 
2026-09-09T12:41:54.5160463Z HEAD is now at 0451fb0 Seal DEPTH29 original-order reentry, native fact readers and scoped evidence; release HOLD
2026-09-09T12:41:54.5245918Z ##[endgroup]
2026-09-09T12:41:54.5302330Z [command]/usr/bin/git log -1 --format=%H
2026-09-09T12:41:54.5337179Z 0451fb095c6fe4a185dcf30931166cebdf27e381
2026-09-09T12:41:54.5355559Z ##[group]Removing auth
2026-09-09T12:41:54.5356203Z [command]/usr/bin/git config --local --name-only --get-regexp core\.sshCommand
2026-09-09T12:41:54.5404406Z [command]/usr/bin/git submodule foreach --recursive sh -c "git config --local --name-only --get-regexp 'core\.sshCommand' && git config --local --unset-all 'core.sshCommand' || :"
2026-09-09T12:41:54.5705897Z [command]/usr/bin/git config --local --name-only --get-regexp http\.https\:\/\/github\.com\/\.extraheader
2026-09-09T12:41:54.5740057Z http.https://github.com/.extraheader
2026-09-09T12:41:54.5750924Z [command]/usr/bin/git config --local --unset-all http.https://github.com/.extraheader
2026-09-09T12:41:54.5794991Z [command]/usr/bin/git submodule foreach --recursive sh -c "git config --local --name-only --get-regexp 'http\.https\:\/\/github\.com\/\.extraheader' && git config --local --unset-all 'http.https://github.com/.extraheader' || :"
2026-09-09T12:41:54.6086973Z [command]/usr/bin/git config --local --name-only --get-regexp ^includeIf\.gitdir:
2026-09-09T12:41:54.6131886Z [command]/usr/bin/git submodule foreach --recursive git config --local --show-origin --name-only --get-regexp remote.origin.url
2026-09-09T12:41:54.6448178Z ##[endgroup]
2026-09-09T12:41:54.6652070Z Node 20 is being deprecated. This workflow is running with Node 24 by default. If you need to temporarily use Node 20, you can set the ACTIONS_ALLOW_USE_UNSECURE_NODE_VERSION=true environment variable. For more information see: https://github.blog/changelog/2025-09-19-deprecation-of-node-20-on-github-actions-runners/
2026-09-09T12:41:54.6653325Z ##[group]Run actions/setup-python@v5
2026-09-09T12:41:54.6653578Z with:
2026-09-09T12:41:54.6653782Z   python-version: 3.13.5
2026-09-09T12:41:54.6654009Z   check-latest: false
2026-09-09T12:41:54.6656425Z   token: ***
2026-09-09T12:41:54.6656626Z   update-environment: true
2026-09-09T12:41:54.6656859Z   allow-prereleases: false
2026-09-09T12:41:54.6657076Z   freethreaded: false
2026-09-09T12:41:54.6657277Z env:
2026-09-09T12:41:54.6657512Z   SEALED_CANDIDATE: 0451fb095c6fe4a185dcf30931166cebdf27e381
2026-09-09T12:41:54.6657988Z   EXPECTED_SOURCE_TREE: ffcea37a3d2ce626026571c1d16eb7be190bd1b048b6b8dfd0d6c8164f2b556c
2026-09-09T12:41:54.6658649Z ##[endgroup]
2026-09-09T12:41:54.8251410Z ##[group]Installed versions
2026-09-09T12:41:54.8361968Z Version 3.13.5 was not found in the local cache
2026-09-09T12:41:54.8481752Z (node:2031) [DEP0040] DeprecationWarning: The `punycode` module is deprecated. Please use a userland alternative instead.
2026-09-09T12:41:54.8483336Z (Use `node --trace-deprecation ...` to show where the warning was created)
2026-09-09T12:41:55.6482120Z Version 3.13.5 is available for downloading
2026-09-09T12:41:55.6483512Z Download from "https://github.com/actions/python-versions/releases/download/3.13.5-15601068749/python-3.13.5-linux-22.04-x64.tar.gz"
2026-09-09T12:41:56.6647531Z Extract downloaded archive
2026-09-09T12:41:56.6854120Z [command]/usr/bin/tar xz --warning=no-unknown-keyword --overwrite -C /home/runner/work/_temp/eb106819-c3a8-468b-bb5b-eb9986201b02 -f /home/runner/work/_temp/c171f188-70d7-4a3a-bcc1-a3011b313be5
2026-09-09T12:41:59.2043591Z Execute installation script
2026-09-09T12:41:59.2195504Z Check if Python hostedtoolcache folder exist...
2026-09-09T12:41:59.2196434Z Create Python 3.13.5 folder
2026-09-09T12:41:59.2221975Z Copy Python binaries to hostedtoolcache folder
2026-09-09T12:41:59.8880187Z Create additional symlinks (Required for the UsePythonVersion Azure Pipelines task and the setup-python GitHub Action)
2026-09-09T12:41:59.8935889Z Upgrading pip...
2026-09-09T12:42:03.9127307Z Looking in links: /tmp/tmpg_3lsjjf
2026-09-09T12:42:03.9133951Z Requirement already satisfied: pip in /opt/hostedtoolcache/Python/3.13.5/x64/lib/python3.13/site-packages (25.1.1)
2026-09-09T12:42:05.5481128Z Collecting pip
2026-09-09T12:42:05.5593636Z Downloading pip-26.2.1-py3-none-any.whl.metadata (4.6 kB)
2026-09-09T12:42:05.5684763Z Downloading pip-26.2.1-py3-none-any.whl (1.8 MB)
2026-09-09T12:42:05.5852497Z ━━━━━━━━━━━━━━━━━━━━━━━━━━━━━━━━━━━━━━━━ 1.8/1.8 MB 143.5 MB/s eta 0:00:00
2026-09-09T12:42:05.5855617Z 
2026-09-09T12:42:05.6268932Z Installing collected packages: pip
2026-09-09T12:42:05.6282288Z Attempting uninstall: pip
2026-09-09T12:42:05.6313337Z Found existing installation: pip 25.1.1
2026-09-09T12:42:05.6721689Z Uninstalling pip-25.1.1:
2026-09-09T12:42:05.6787639Z Successfully uninstalled pip-25.1.1
2026-09-09T12:42:06.6948842Z Successfully installed pip-26.2.1
2026-09-09T12:42:06.7557425Z Create complete file
2026-09-09T12:42:06.7602634Z Successfully set up CPython (3.13.5)
2026-09-09T12:42:06.7603726Z ##[endgroup]
2026-09-09T12:42:06.7802237Z Node 20 is being deprecated. This workflow is running with Node 24 by default. If you need to temporarily use Node 20, you can set the ACTIONS_ALLOW_USE_UNSECURE_NODE_VERSION=true environment variable. For more information see: https://github.blog/changelog/2025-09-19-deprecation-of-node-20-on-github-actions-runners/
2026-09-09T12:42:06.7803504Z ##[group]Run actions/setup-node@v4
2026-09-09T12:42:06.7803758Z with:
2026-09-09T12:42:06.7803951Z   node-version: 22.22.0
2026-09-09T12:42:06.7804183Z   always-auth: false
2026-09-09T12:42:06.7804395Z   check-latest: false
2026-09-09T12:42:06.7806817Z   token: ***
2026-09-09T12:42:06.7807006Z env:
2026-09-09T12:42:06.7807256Z   SEALED_CANDIDATE: 0451fb095c6fe4a185dcf30931166cebdf27e381
2026-09-09T12:42:06.7807750Z   EXPECTED_SOURCE_TREE: ffcea37a3d2ce626026571c1d16eb7be190bd1b048b6b8dfd0d6c8164f2b556c
2026-09-09T12:42:06.7808253Z   pythonLocation: /opt/hostedtoolcache/Python/3.13.5/x64
2026-09-09T12:42:06.7808708Z   PKG_CONFIG_PATH: /opt/hostedtoolcache/Python/3.13.5/x64/lib/pkgconfig
2026-09-09T12:42:06.7809127Z   Python_ROOT_DIR: /opt/hostedtoolcache/Python/3.13.5/x64
2026-09-09T12:42:06.7809494Z   Python2_ROOT_DIR: /opt/hostedtoolcache/Python/3.13.5/x64
2026-09-09T12:42:06.7810266Z   Python3_ROOT_DIR: /opt/hostedtoolcache/Python/3.13.5/x64
2026-09-09T12:42:06.7810654Z   LD_LIBRARY_PATH: /opt/hostedtoolcache/Python/3.13.5/x64/lib
2026-09-09T12:42:06.7810963Z ##[endgroup]
2026-09-09T12:42:06.9681820Z Attempting to download 22.22.0...
2026-09-09T12:42:06.9886004Z (node:2077) [DEP0040] DeprecationWarning: The `punycode` module is deprecated. Please use a userland alternative instead.
2026-09-09T12:42:06.9910149Z (Use `node --trace-deprecation ...` to show where the warning was created)
2026-09-09T12:42:07.7479160Z Acquiring 22.22.0 - x64 from https://github.com/actions/node-versions/releases/download/22.22.0-20981702931/node-22.22.0-linux-x64.tar.gz
2026-09-09T12:42:08.4053193Z Extracting ...
2026-09-09T12:42:08.4216232Z [command]/usr/bin/tar xz --strip 1 --warning=no-unknown-keyword --overwrite -C /home/runner/work/_temp/c68f6434-b74c-4f40-87ad-eef3e8fefe53 -f /home/runner/work/_temp/95659afd-10b5-4f15-813b-4cd1eb686300
2026-09-09T12:42:09.7978036Z Adding to the cache ...
2026-09-09T12:42:12.8722846Z ##[group]Environment details
2026-09-09T12:42:13.4510971Z node: v22.22.0
2026-09-09T12:42:13.4511526Z npm: 10.9.4
2026-09-09T12:42:13.4511904Z yarn: 1.22.22
2026-09-09T12:42:13.4512686Z ##[endgroup]
2026-09-09T12:42:13.4738996Z ##[group]Run mkdir -p evidence
2026-09-09T12:42:13.4739386Z [36;1mmkdir -p evidence[0m
2026-09-09T12:42:13.4740155Z [36;1mgit -C candidate rev-parse HEAD | tee evidence/candidate-commit.txt[0m
2026-09-09T12:42:13.4740665Z [36;1mtest "$(git -C candidate rev-parse HEAD)" = "$SEALED_CANDIDATE"[0m
2026-09-09T12:42:13.4741116Z [36;1mcd candidate/deliverables/CP11_DEPTH29_TRIP_REENTRY_20260909[0m
2026-09-09T12:42:13.4741599Z [36;1msha256sum -c SHA256SUMS | tee ../../../evidence/package-checksums.log[0m
2026-09-09T12:42:13.5281364Z shell: /usr/bin/bash --noprofile --norc -e -o pipefail {0}
2026-09-09T12:42:13.5281754Z env:
2026-09-09T12:42:13.5282040Z   SEALED_CANDIDATE: 0451fb095c6fe4a185dcf30931166cebdf27e381
2026-09-09T12:42:13.5282564Z   EXPECTED_SOURCE_TREE: ffcea37a3d2ce626026571c1d16eb7be190bd1b048b6b8dfd0d6c8164f2b556c
2026-09-09T12:42:13.5283102Z   pythonLocation: /opt/hostedtoolcache/Python/3.13.5/x64
2026-09-09T12:42:13.5283605Z   PKG_CONFIG_PATH: /opt/hostedtoolcache/Python/3.13.5/x64/lib/pkgconfig
2026-09-09T12:42:13.5284058Z   Python_ROOT_DIR: /opt/hostedtoolcache/Python/3.13.5/x64
2026-09-09T12:42:13.5284445Z   Python2_ROOT_DIR: /opt/hostedtoolcache/Python/3.13.5/x64
2026-09-09T12:42:13.5284835Z   Python3_ROOT_DIR: /opt/hostedtoolcache/Python/3.13.5/x64
2026-09-09T12:42:13.5285227Z   LD_LIBRARY_PATH: /opt/hostedtoolcache/Python/3.13.5/x64/lib
2026-09-09T12:42:13.5285562Z ##[endgroup]
2026-09-09T12:42:13.5461789Z 0451fb095c6fe4a185dcf30931166cebdf27e381
2026-09-09T12:42:13.5721107Z FINAL_RELEASE_GATE.json: OK
2026-09-09T12:42:13.5722064Z GO_CP11_DEPTH29_DELTA_20260909.zip: OK
2026-09-09T12:42:13.5722844Z KNOWN_GAPS.json: OK
2026-09-09T12:42:13.5730550Z MODULE_SURFACE_INVENTORY.json: OK
2026-09-09T12:42:13.5736910Z PARENT_SOURCE_FINGERPRINT.json: OK
2026-09-09T12:42:13.5737962Z README.md: OK
2026-09-09T12:42:13.5738657Z REQUIREMENT_CLOSURE_MATRIX.json: OK
2026-09-09T12:42:13.5746603Z SEALED_DEPTH28_CORE_FINGERPRINT.json: OK
2026-09-09T12:42:13.5754503Z SOURCE_FINGERPRINT.json: OK
2026-09-09T12:42:13.5755687Z SOURCE_MANIFEST.json: OK
2026-09-09T12:42:13.5756713Z SUPPLEMENTAL_NATIVE_PARENT_FINGERPRINT.json: OK
2026-09-09T12:42:13.5757606Z SUPPLEMENTAL_ROOT_CONFIG_FINGERPRINT.json: OK
2026-09-09T12:42:13.5758466Z TEST_RUNS.json: OK
2026-09-09T12:42:13.5759218Z evidence/frontend-before-root-config.log: OK
2026-09-09T12:42:13.5760499Z evidence/frontend-before-root-config.xml: OK
2026-09-09T12:42:13.5761331Z evidence/intermediate/affected.log: OK
2026-09-09T12:42:13.5762269Z evidence/intermediate/affected.xml: OK
2026-09-09T12:42:13.5763146Z evidence/intermediate/final-targeted.log: OK
2026-09-09T12:42:13.5763980Z evidence/intermediate/final-targeted.xml: OK
2026-09-09T12:42:13.5764876Z evidence/intermediate/frontend-final.log: OK
2026-09-09T12:42:13.5766241Z evidence/intermediate/frontend-final.xml: OK
2026-09-09T12:42:13.5767708Z evidence/intermediate/frontend.log: OK
2026-09-09T12:42:13.5769314Z evidence/intermediate/frontend.xml: OK
2026-09-09T12:42:13.5770534Z evidence/intermediate/native-syntax.json: OK
2026-09-09T12:42:13.5771789Z evidence/intermediate/targeted-first.log: OK
2026-09-09T12:42:13.5772680Z evidence/intermediate/targeted-first.xml: OK
2026-09-09T12:42:13.5773488Z evidence/native-syntax.json: OK
2026-09-09T12:42:13.5774302Z evidence/restore-before-root-config.log: OK
2026-09-09T12:42:13.5775091Z evidence/restore-original.log: OK
2026-09-09T12:42:13.5776023Z evidence/restore-preparation-missing-root-config.log: OK
2026-09-09T12:42:13.5777075Z evidence/restore-preparation-missing-root-config.xml: OK
2026-09-09T12:42:13.5777991Z evidence/restored-backend.log: OK
2026-09-09T12:42:13.5778741Z evidence/restored-backend.xml: OK
2026-09-09T12:42:13.5779499Z evidence/restored-frontend.log: OK
2026-09-09T12:42:13.5780523Z evidence/restored-frontend.xml: OK
2026-09-09T12:42:13.5781196Z restore_depth29.py: OK
2026-09-09T12:42:13.5823100Z ##[group]Run python tooling/ci/depth29/materialize_parent.py \
2026-09-09T12:42:13.5823591Z [36;1mpython tooling/ci/depth29/materialize_parent.py \[0m
2026-09-09T12:42:13.5824002Z [36;1m  --depth26 candidate/deliverables/CP11_DEPTH26_20260909 \[0m
2026-09-09T12:42:13.5824434Z [36;1m  --depth27 candidate/deliverables/CP11_DEPTH27_20260909 \[0m
2026-09-09T12:42:13.5824887Z [36;1m  --depth28 candidate/deliverables/CP11_DEPTH28_V14_INTEGRATION_20260909 \[0m
2026-09-09T12:42:13.5825442Z [36;1m  --output "$GITHUB_WORKSPACE/restored-parent" | tee evidence/parent-restore.log[0m
2026-09-09T12:42:13.5826050Z [36;1mpython candidate/deliverables/CP11_DEPTH29_TRIP_REENTRY_20260909/restore_depth29.py \[0m
2026-09-09T12:42:13.5826640Z [36;1m  --parent "$GITHUB_WORKSPACE/restored-parent" \[0m
2026-09-09T12:42:13.5827077Z [36;1m  --output "$GITHUB_WORKSPACE/restored" | tee evidence/restore.log[0m
2026-09-09T12:42:13.5903257Z shell: /usr/bin/bash --noprofile --norc -e -o pipefail {0}
2026-09-09T12:42:13.5903617Z env:
2026-09-09T12:42:13.5903893Z   SEALED_CANDIDATE: 0451fb095c6fe4a185dcf30931166cebdf27e381
2026-09-09T12:42:13.5904383Z   EXPECTED_SOURCE_TREE: ffcea37a3d2ce626026571c1d16eb7be190bd1b048b6b8dfd0d6c8164f2b556c
2026-09-09T12:42:13.5904902Z   pythonLocation: /opt/hostedtoolcache/Python/3.13.5/x64
2026-09-09T12:42:13.5905306Z   PKG_CONFIG_PATH: /opt/hostedtoolcache/Python/3.13.5/x64/lib/pkgconfig
2026-09-09T12:42:13.5905714Z   Python_ROOT_DIR: /opt/hostedtoolcache/Python/3.13.5/x64
2026-09-09T12:42:13.5906077Z   Python2_ROOT_DIR: /opt/hostedtoolcache/Python/3.13.5/x64
2026-09-09T12:42:13.5906441Z   Python3_ROOT_DIR: /opt/hostedtoolcache/Python/3.13.5/x64
2026-09-09T12:42:13.5906811Z   LD_LIBRARY_PATH: /opt/hostedtoolcache/Python/3.13.5/x64/lib
2026-09-09T12:42:13.5907121Z ##[endgroup]
2026-09-09T12:42:14.4182677Z {
2026-09-09T12:42:14.4183803Z   "restored_files_verified": 1081,
2026-09-09T12:42:14.4184559Z   "parent_files_verified": 1077,
2026-09-09T12:42:14.4185545Z   "source_tree_sha256": "7f8be7894c15f42e311610cccaaf8590402cd9ae1facca77956379a5aec43952",
2026-09-09T12:42:14.4186738Z   "delta_sha256": "f95e9541757f0051815373611b0230ee1bcc58201a451e6b99261754110e98ab",
2026-09-09T12:42:14.4187771Z   "output": "/tmp/go-offline-lineage-0ntee4ge/depth27",
2026-09-09T12:42:14.4188545Z   "FINAL_RELEASE_GATE": "HOLD"
2026-09-09T12:42:14.4189113Z }
2026-09-09T12:42:14.8300927Z {
2026-09-09T12:42:14.8302063Z   "restored_files_verified": 1093,
2026-09-09T12:42:14.8302960Z   "parent_files_verified": 1081,
2026-09-09T12:42:14.8307548Z   "source_tree_sha256": "3a8440e2d74e1dc4f86509686968683f98bec4b78c9f0ca0e43a02dedeac285f",
2026-09-09T12:42:14.8308863Z   "delta_sha256": "98f006935a421b99aa4ea35c1f43ec0186b04bfc262e01b46f3d4f341d13a109",
2026-09-09T12:42:14.8310194Z   "output": "/home/runner/work/GO/GO/restored-parent",
2026-09-09T12:42:14.8314329Z   "FINAL_RELEASE_GATE": "HOLD"
2026-09-09T12:42:14.8315016Z }
2026-09-09T12:42:14.9663123Z {"verified_files": 1093, "result": "PASS", "scope": "offline archive materialization only", "independent_ci": false, "release_gate": "HOLD"}
2026-09-09T12:42:15.3401826Z {
2026-09-09T12:42:15.3403097Z   "parent_files_verified": 1201,
2026-09-09T12:42:15.3403908Z   "restored_files_verified": 1207,
2026-09-09T12:42:15.3405257Z   "source_tree_sha256": "ffcea37a3d2ce626026571c1d16eb7be190bd1b048b6b8dfd0d6c8164f2b556c",
2026-09-09T12:42:15.3406510Z   "delta_sha256": "df32a08b8e330e36c95a53d576bad00f22203cfec566145dd830856d2da5540b",
2026-09-09T12:42:15.3407487Z   "scope": "offline source materialization only",
2026-09-09T12:42:15.3408172Z   "independent_ci": false,
2026-09-09T12:42:15.3408789Z   "FINAL_RELEASE_GATE": "HOLD"
2026-09-09T12:42:15.3409343Z }
2026-09-09T12:42:15.3507707Z ##[group]Run python tooling/ci/depth29/dependencies.py --repository candidate --output dependencies | tee evidence/dependencies.json
2026-09-09T12:42:15.3508669Z [36;1mpython tooling/ci/depth29/dependencies.py --repository candidate --output dependencies | tee evidence/dependencies.json[0m
2026-09-09T12:42:15.3509267Z [36;1mpython -m venv isolated-runtime[0m
2026-09-09T12:42:15.3510293Z [36;1misolated-runtime/bin/python -m pip install --no-index --no-deps --find-links dependencies/wheelhouse -r tooling/ci/depth29/requirements.lock[0m
2026-09-09T12:42:15.3511089Z [36;1misolated-runtime/bin/python -m pip freeze > evidence/pip-freeze.txt[0m
2026-09-09T12:42:15.3584515Z shell: /usr/bin/bash --noprofile --norc -e -o pipefail {0}
2026-09-09T12:42:15.3584873Z env:
2026-09-09T12:42:15.3585144Z   SEALED_CANDIDATE: 0451fb095c6fe4a185dcf30931166cebdf27e381
2026-09-09T12:42:15.3585667Z   EXPECTED_SOURCE_TREE: ffcea37a3d2ce626026571c1d16eb7be190bd1b048b6b8dfd0d6c8164f2b556c
2026-09-09T12:42:15.3586240Z   pythonLocation: /opt/hostedtoolcache/Python/3.13.5/x64
2026-09-09T12:42:15.3586675Z   PKG_CONFIG_PATH: /opt/hostedtoolcache/Python/3.13.5/x64/lib/pkgconfig
2026-09-09T12:42:15.3587106Z   Python_ROOT_DIR: /opt/hostedtoolcache/Python/3.13.5/x64
2026-09-09T12:42:15.3587490Z   Python2_ROOT_DIR: /opt/hostedtoolcache/Python/3.13.5/x64
2026-09-09T12:42:15.3587890Z   Python3_ROOT_DIR: /opt/hostedtoolcache/Python/3.13.5/x64
2026-09-09T12:42:15.3588300Z   LD_LIBRARY_PATH: /opt/hostedtoolcache/Python/3.13.5/x64/lib
2026-09-09T12:42:15.3588660Z ##[endgroup]
2026-09-09T12:42:15.6399500Z {"archive_sha256": "b13a76ab9351f81da70e8e2c8873c20141abe953cd3f96aeb181ef86a34b58dd", "verified_wheels": 37, "source": "pinned GO repository ci/dependency_parts only", "application_source_restored": false}
2026-09-09T12:42:19.9688207Z Looking in links: dependencies/wheelhouse
2026-09-09T12:42:19.9811549Z Processing ./dependencies/wheelhouse/alembic-1.16.5-py3-none-any.whl (from -r tooling/ci/depth29/requirements.lock (line 1))
2026-09-09T12:42:19.9867622Z Processing ./dependencies/wheelhouse/annotated_doc-0.0.4-py3-none-any.whl (from -r tooling/ci/depth29/requirements.lock (line 2))
2026-09-09T12:42:19.9910506Z Processing ./dependencies/wheelhouse/annotated_types-0.7.0-py3-none-any.whl (from -r tooling/ci/depth29/requirements.lock (line 3))
2026-09-09T12:42:19.9944198Z Processing ./dependencies/wheelhouse/anyio-4.13.0-py3-none-any.whl (from -r tooling/ci/depth29/requirements.lock (line 4))
2026-09-09T12:42:19.9987512Z Processing ./dependencies/wheelhouse/certifi-2026.5.20-py3-none-any.whl (from -r tooling/ci/depth29/requirements.lock (line 5))
2026-09-09T12:42:20.0015934Z Processing ./dependencies/wheelhouse/cffi-2.0.0-cp313-cp313-manylinux_2_17_x86_64.whl (from -r tooling/ci/depth29/requirements.lock (line 6))
2026-09-09T12:42:20.0046391Z Processing ./dependencies/wheelhouse/click-8.5.0-py3-none-any.whl (from -r tooling/ci/depth29/requirements.lock (line 7))
2026-09-09T12:42:20.0071556Z Processing ./dependencies/wheelhouse/cryptography-46.0.4-cp311-abi3-manylinux_2_34_x86_64.whl (from -r tooling/ci/depth29/requirements.lock (line 8))
2026-09-09T12:42:20.0200425Z Processing ./dependencies/wheelhouse/fastapi-0.128.2-py3-none-any.whl (from -r tooling/ci/depth29/requirements.lock (line 9))
2026-09-09T12:42:20.0305353Z Processing ./dependencies/wheelhouse/greenlet-3.5.1-cp313-cp313-manylinux_2_24_x86_64.whl (from -r tooling/ci/depth29/requirements.lock (line 10))
2026-09-09T12:42:20.0356100Z Processing ./dependencies/wheelhouse/h11-0.16.0-py3-none-any.whl (from -r tooling/ci/depth29/requirements.lock (line 11))
2026-09-09T12:42:20.0386761Z Processing ./dependencies/wheelhouse/httpcore-1.0.9-py3-none-any.whl (from -r tooling/ci/depth29/requirements.lock (line 12))
2026-09-09T12:42:20.0434368Z Processing ./dependencies/wheelhouse/httpx-0.28.1-py3-none-any.whl (from -r tooling/ci/depth29/requirements.lock (line 13))
2026-09-09T12:42:20.0476278Z Processing ./dependencies/wheelhouse/idna-3.17-py3-none-any.whl (from -r tooling/ci/depth29/requirements.lock (line 14))
2026-09-09T12:42:20.0512762Z Processing ./dependencies/wheelhouse/iniconfig-2.3.0-py3-none-any.whl (from -r tooling/ci/depth29/requirements.lock (line 15))
2026-09-09T12:42:20.0538671Z Processing ./dependencies/wheelhouse/mako-1.3.10-py3-none-any.whl (from -r tooling/ci/depth29/requirements.lock (line 16))
2026-09-09T12:42:20.0571445Z Processing ./dependencies/wheelhouse/markupsafe-3.0.3-cp313-cp313-manylinux2014_x86_64.manylinux_2_17_x86_64.manylinux_2_28_x86_64.whl (from -r tooling/ci/depth29/requirements.lock (line 17))
2026-09-09T12:42:20.0596783Z Processing ./dependencies/wheelhouse/packaging-25.0-py3-none-any.whl (from -r tooling/ci/depth29/requirements.lock (line 18))
2026-09-09T12:42:20.0627684Z Processing ./dependencies/wheelhouse/pillow-12.3.0-cp313-cp313-manylinux_2_27_x86_64.whl (from -r tooling/ci/depth29/requirements.lock (line 19))
2026-09-09T12:42:20.0760474Z Processing ./dependencies/wheelhouse/pluggy-1.6.0-py3-none-any.whl (from -r tooling/ci/depth29/requirements.lock (line 20))
2026-09-09T12:42:20.0799546Z Processing ./dependencies/wheelhouse/psycopg_binary-3.2.10-cp313-cp313-manylinux2014_x86_64.manylinux_2_17_x86_64.whl (from -r tooling/ci/depth29/requirements.lock (line 21))
2026-09-09T12:42:20.0871047Z Processing ./dependencies/wheelhouse/psycopg-3.2.10-py3-none-any.whl (from -r tooling/ci/depth29/requirements.lock (line 22))
2026-09-09T12:42:20.0954975Z Processing ./dependencies/wheelhouse/pycparser-3.0-py3-none-any.whl (from -r tooling/ci/depth29/requirements.lock (line 23))
2026-09-09T12:42:20.0984323Z Processing ./dependencies/wheelhouse/pydantic_settings-2.14.1-py3-none-any.whl (from -r tooling/ci/depth29/requirements.lock (line 24))
2026-09-09T12:42:20.1038705Z Processing ./dependencies/wheelhouse/pydantic-2.13.4-py3-none-any.whl (from -r tooling/ci/depth29/requirements.lock (line 25))
2026-09-09T12:42:20.1120717Z Processing ./dependencies/wheelhouse/pydantic_core-2.46.4-cp313-cp313-manylinux_2_17_x86_64.whl (from -r tooling/ci/depth29/requirements.lock (line 26))
2026-09-09T12:42:20.1180496Z Processing ./dependencies/wheelhouse/Pygments-2.20.0-py3-none-any.whl (from -r tooling/ci/depth29/requirements.lock (line 27))
2026-09-09T12:42:20.1278934Z Processing ./dependencies/wheelhouse/PyJWT-2.13.0-py3-none-any.whl (from -r tooling/ci/depth29/requirements.lock (line 28))
2026-09-09T12:42:20.1309585Z Processing ./dependencies/wheelhouse/pytest_asyncio-1.3.0-py3-none-any.whl (from -r tooling/ci/depth29/requirements.lock (line 29))
2026-09-09T12:42:20.1348009Z Processing ./dependencies/wheelhouse/pytest-9.0.2-py3-none-any.whl (from -r tooling/ci/depth29/requirements.lock (line 30))
2026-09-09T12:42:20.1413558Z Processing ./dependencies/wheelhouse/python_dotenv-1.2.2-py3-none-any.whl (from -r tooling/ci/depth29/requirements.lock (line 31))
2026-09-09T12:42:20.1455931Z Processing ./dependencies/wheelhouse/redis-5.2.1-py3-none-any.whl (from -r tooling/ci/depth29/requirements.lock (line 32))
2026-09-09T12:42:20.1508882Z Processing ./dependencies/wheelhouse/SQLAlchemy-2.0.50-cp313-cp313-manylinux_2_17_x86_64.whl (from -r tooling/ci/depth29/requirements.lock (line 33))
2026-09-09T12:42:20.1713067Z Processing ./dependencies/wheelhouse/starlette-0.50.0-py3-none-any.whl (from -r tooling/ci/depth29/requirements.lock (line 34))
2026-09-09T12:42:20.1755232Z Processing ./dependencies/wheelhouse/typing_inspection-0.4.2-py3-none-any.whl (from -r tooling/ci/depth29/requirements.lock (line 35))
2026-09-09T12:42:20.1781400Z Processing ./dependencies/wheelhouse/typing_extensions-4.16.0-py3-none-any.whl (from -r tooling/ci/depth29/requirements.lock (line 36))
2026-09-09T12:42:20.1808887Z Processing ./dependencies/wheelhouse/uvicorn-0.35.0-py3-none-any.whl (from -r tooling/ci/depth29/requirements.lock (line 37))
2026-09-09T12:42:20.2198702Z Installing collected packages: uvicorn, typing-inspection, typing_extensions, starlette, SQLAlchemy, redis, python-dotenv, pytest-asyncio, pytest, PyJWT, Pygments, pydantic-settings, pydantic_core, pydantic, pycparser, psycopg-binary, psycopg, pluggy, Pillow, packaging, MarkupSafe, Mako, iniconfig, idna, httpx, httpcore, h11, greenlet, fastapi, cryptography, click, cffi, certifi, anyio, annotated-types, annotated-doc, alembic
2026-09-09T12:42:25.7680576Z 
2026-09-09T12:42:25.7737219Z Successfully installed Mako-1.3.10 MarkupSafe-3.0.3 Pillow-12.3.0 PyJWT-2.13.0 Pygments-2.20.0 SQLAlchemy-2.0.50 alembic-1.16.5 annotated-doc-0.0.4 annotated-types-0.7.0 anyio-4.13.0 certifi-2026.5.20 cffi-2.0.0 click-8.5.0 cryptography-46.0.4 fastapi-0.128.2 greenlet-3.5.1 h11-0.16.0 httpcore-1.0.9 httpx-0.28.1 idna-3.17 iniconfig-2.3.0 packaging-25.0 pluggy-1.6.0 psycopg-3.2.10 psycopg-binary-3.2.10 pycparser-3.0 pydantic-2.13.4 pydantic-settings-2.14.1 pydantic_core-2.46.4 pytest-9.0.2 pytest-asyncio-1.3.0 python-dotenv-1.2.2 redis-5.2.1 starlette-0.50.0 typing-inspection-0.4.2 typing_extensions-4.16.0 uvicorn-0.35.0
2026-09-09T12:42:26.1268004Z ##[group]Run isolated-runtime/bin/python - <<'PY'
2026-09-09T12:42:26.1268733Z [36;1misolated-runtime/bin/python - <<'PY'[0m
2026-09-09T12:42:26.1269385Z [36;1mimport hashlib,json,os,pathlib,subprocess,sys[0m
2026-09-09T12:42:26.1270907Z [36;1mfp=json.loads(pathlib.Path('candidate/deliverables/CP11_DEPTH29_TRIP_REENTRY_20260909/SOURCE_FINGERPRINT.json').read_text())[0m
2026-09-09T12:42:26.1272073Z [36;1mfor name,expected in fp.items():[0m
2026-09-09T12:42:26.1272971Z [36;1m    assert hashlib.sha256((pathlib.Path('restored')/name).read_bytes()).hexdigest()==expected,name[0m
2026-09-09T12:42:26.1274169Z [36;1mtree=hashlib.sha256(''.join(f'{k}\0{v}\n' for k,v in sorted(fp.items())).encode()).hexdigest()[0m
2026-09-09T12:42:26.1275163Z [36;1massert tree==os.environ['EXPECTED_SOURCE_TREE'] and len(fp)==1207[0m
2026-09-09T12:42:26.1278167Z [36;1mresult={'candidate':os.environ['SEALED_CANDIDATE'],'source_tree_sha256':tree,'verified_files':len(fp),'python':sys.version,'node':subprocess.check_output(['node','--version'],text=True).strip(),'environment':'GitHub disposable runner; SQLite TestClient and VM/native pure functions; no service credentials','three_end_real_ux_login':'HOLD','six_vertical_real_e2e':'HOLD','sealed_node_gate':'HOLD','final_release':'HOLD','deployed':False}[0m
2026-09-09T12:42:26.1281672Z [36;1mpathlib.Path('evidence/source-lineage.json').write_text(json.dumps(result,indent=2)+'\n')[0m
2026-09-09T12:42:26.1282608Z [36;1mprint(json.dumps(result))[0m
2026-09-09T12:42:26.1283175Z [36;1mPY[0m
2026-09-09T12:42:26.1362390Z shell: /usr/bin/bash --noprofile --norc -e -o pipefail {0}
2026-09-09T12:42:26.1362842Z env:
2026-09-09T12:42:26.1363140Z   SEALED_CANDIDATE: 0451fb095c6fe4a185dcf30931166cebdf27e381
2026-09-09T12:42:26.1363657Z   EXPECTED_SOURCE_TREE: ffcea37a3d2ce626026571c1d16eb7be190bd1b048b6b8dfd0d6c8164f2b556c
2026-09-09T12:42:26.1364170Z   pythonLocation: /opt/hostedtoolcache/Python/3.13.5/x64
2026-09-09T12:42:26.1364602Z   PKG_CONFIG_PATH: /opt/hostedtoolcache/Python/3.13.5/x64/lib/pkgconfig
2026-09-09T12:42:26.1365016Z   Python_ROOT_DIR: /opt/hostedtoolcache/Python/3.13.5/x64
2026-09-09T12:42:26.1365386Z   Python2_ROOT_DIR: /opt/hostedtoolcache/Python/3.13.5/x64
2026-09-09T12:42:26.1365757Z   Python3_ROOT_DIR: /opt/hostedtoolcache/Python/3.13.5/x64
2026-09-09T12:42:26.1366121Z   LD_LIBRARY_PATH: /opt/hostedtoolcache/Python/3.13.5/x64/lib
2026-09-09T12:42:26.1366438Z ##[endgroup]
2026-09-09T12:42:26.2446352Z {"candidate": "0451fb095c6fe4a185dcf30931166cebdf27e381", "source_tree_sha256": "ffcea37a3d2ce626026571c1d16eb7be190bd1b048b6b8dfd0d6c8164f2b556c", "verified_files": 1207, "python": "3.13.5 (main, Jun 12 2025, 03:51:15) [GCC 11.4.0]", "node": "v22.22.0", "environment": "GitHub disposable runner; SQLite TestClient and VM/native pure functions; no service credentials", "three_end_real_ux_login": "HOLD", "six_vertical_real_e2e": "HOLD", "sealed_node_gate": "HOLD", "final_release": "HOLD", "deployed": false}
2026-09-09T12:42:26.2549073Z ##[group]Run ../isolated-runtime/bin/python -m pytest tests/test_depth29_trip_reentry.py tests/test_depth27_session_isolation.py tests/test_consumer_unified_lifecycle.py tests/test_master03_closure.py tests/test_sprint3e_unified_trips.py tests/test_depth05_money_retries.py tests/test_depth19_travel_facts.py tests/test_depth20_api_fulfillment.py tests/test_depth21_refund_recovery.py tests/test_depth22_rail_resolution.py tests/test_depth23_capacity.py tests/test_depth24_expiry.py --junitxml=../evidence/backend.xml | tee ../evidence/backend.log
2026-09-09T12:42:26.2555186Z [36;1m../isolated-runtime/bin/python -m pytest tests/test_depth29_trip_reentry.py tests/test_depth27_session_isolation.py tests/test_consumer_unified_lifecycle.py tests/test_master03_closure.py tests/test_sprint3e_unified_trips.py tests/test_depth05_money_retries.py tests/test_depth19_travel_facts.py tests/test_depth20_api_fulfillment.py tests/test_depth21_refund_recovery.py tests/test_depth22_rail_resolution.py tests/test_depth23_capacity.py tests/test_depth24_expiry.py --junitxml=../evidence/backend.xml | tee ../evidence/backend.log[0m
2026-09-09T12:42:26.2631876Z shell: /usr/bin/bash --noprofile --norc -e -o pipefail {0}
2026-09-09T12:42:26.2632226Z env:
2026-09-09T12:42:26.2632499Z   SEALED_CANDIDATE: 0451fb095c6fe4a185dcf30931166cebdf27e381
2026-09-09T12:42:26.2633001Z   EXPECTED_SOURCE_TREE: ffcea37a3d2ce626026571c1d16eb7be190bd1b048b6b8dfd0d6c8164f2b556c
2026-09-09T12:42:26.2633512Z   pythonLocation: /opt/hostedtoolcache/Python/3.13.5/x64
2026-09-09T12:42:26.2633927Z   PKG_CONFIG_PATH: /opt/hostedtoolcache/Python/3.13.5/x64/lib/pkgconfig
2026-09-09T12:42:26.2634340Z   Python_ROOT_DIR: /opt/hostedtoolcache/Python/3.13.5/x64
2026-09-09T12:42:26.2634724Z   Python2_ROOT_DIR: /opt/hostedtoolcache/Python/3.13.5/x64
2026-09-09T12:42:26.2635093Z   Python3_ROOT_DIR: /opt/hostedtoolcache/Python/3.13.5/x64
2026-09-09T12:42:26.2635468Z   LD_LIBRARY_PATH: /opt/hostedtoolcache/Python/3.13.5/x64/lib
2026-09-09T12:42:26.2635793Z ##[endgroup]
2026-09-09T12:43:02.3914979Z ........................................................................ [ 42%]
2026-09-09T12:43:30.2330075Z ........................................................................ [ 84%]
2026-09-09T12:43:44.8627623Z ...........................                                              [100%]
2026-09-09T12:43:44.8629290Z =============================== warnings summary ===============================
2026-09-09T12:43:44.8631613Z tests/test_depth20_api_fulfillment.py: 5 warnings
2026-09-09T12:43:44.8633195Z tests/test_depth21_refund_recovery.py: 5 warnings
2026-09-09T12:43:44.8634498Z tests/test_depth22_rail_resolution.py: 5 warnings
2026-09-09T12:43:44.8635481Z tests/test_depth23_capacity.py: 5 warnings
2026-09-09T12:43:44.8636244Z tests/test_depth24_expiry.py: 5 warnings
2026-09-09T12:43:44.8638564Z   /home/runner/work/GO/GO/isolated-runtime/lib/python3.13/site-packages/alembic/config.py:598: DeprecationWarning: No path_separator found in configuration; falling back to legacy splitting on spaces, commas, and colons for prepend_sys_path.  Consider adding path_separator=os to Alembic config.
2026-09-09T12:43:44.8640812Z     util.warn_deprecated(
2026-09-09T12:43:44.8641238Z 
2026-09-09T12:43:44.8641876Z -- Docs: https://docs.pytest.org/en/stable/how-to/capture-warnings.html
2026-09-09T12:43:44.8642817Z 171 passed, 25 warnings in 76.05s (0:01:16)
2026-09-09T12:43:46.5573970Z ##[group]Run node --experimental-strip-types --test --test-reporter=spec --test-reporter-destination=../evidence/frontend.log --test-reporter=junit --test-reporter-destination=../evidence/frontend.xml tests_frontend/*.test.mjs
2026-09-09T12:43:46.5590026Z [36;1mnode --experimental-strip-types --test --test-reporter=spec --test-reporter-destination=../evidence/frontend.log --test-reporter=junit --test-reporter-destination=../evidence/frontend.xml tests_frontend/*.test.mjs[0m
2026-09-09T12:43:46.5592376Z [36;1mcat ../evidence/frontend.log[0m
2026-09-09T12:43:46.5685277Z shell: /usr/bin/bash --noprofile --norc -e -o pipefail {0}
2026-09-09T12:43:46.5685622Z env:
2026-09-09T12:43:46.5686094Z   SEALED_CANDIDATE: 0451fb095c6fe4a185dcf30931166cebdf27e381
2026-09-09T12:43:46.5686973Z   EXPECTED_SOURCE_TREE: ffcea37a3d2ce626026571c1d16eb7be190bd1b048b6b8dfd0d6c8164f2b556c
2026-09-09T12:43:46.5687832Z   pythonLocation: /opt/hostedtoolcache/Python/3.13.5/x64
2026-09-09T12:43:46.5688573Z   PKG_CONFIG_PATH: /opt/hostedtoolcache/Python/3.13.5/x64/lib/pkgconfig
2026-09-09T12:43:46.5689275Z   Python_ROOT_DIR: /opt/hostedtoolcache/Python/3.13.5/x64
2026-09-09T12:43:46.5690100Z   Python2_ROOT_DIR: /opt/hostedtoolcache/Python/3.13.5/x64
2026-09-09T12:43:46.5690654Z   Python3_ROOT_DIR: /opt/hostedtoolcache/Python/3.13.5/x64
2026-09-09T12:43:46.5691032Z   LD_LIBRARY_PATH: /opt/hostedtoolcache/Python/3.13.5/x64/lib
2026-09-09T12:43:46.5691344Z ##[endgroup]
2026-09-09T12:43:48.3362664Z ✔ HTTP helper retains CSRF together with idempotency header (3.661874ms)
2026-09-09T12:43:48.3364376Z ✔ Escape cancels traveler selection without authorizing or creating an order (8.159559ms)
2026-09-09T12:43:48.3365725Z ✔ rental consent is bound to the selected traveler, field and purpose (4.051206ms)
2026-09-09T12:43:48.3366869Z ✔ payment is cancelled without any checkout mutation (1.641185ms)
2026-09-09T12:43:48.3367951Z ✔ a failed confirmed payment stays visible and can be retried (2.40996ms)
2026-09-09T12:43:48.3369150Z ✔ cancelling a party selection creates no order or grant (1.732828ms)
2026-09-09T12:43:48.3375345Z ✔ a party must contain the exact number of different travelers (2.220554ms)
2026-09-09T12:43:48.3376644Z ✔ party confirmation returns only the explicitly selected traveler references (2.732487ms)
2026-09-09T12:43:48.3378005Z ✔ party selection cannot submit without confirming adult travelers and purpose (2.160522ms)
2026-09-09T12:43:48.3379382Z ✔ consumer uses locked V14 main and compact artwork with responsive selection (2.062107ms)
2026-09-09T12:43:48.3380875Z ✔ supplier and admin share the locked reverse V14 compact lockup (1.34592ms)
2026-09-09T12:43:48.3381965Z ✔ all three entry documents advance cache tokens together (0.302057ms)
2026-09-09T12:43:48.3383102Z ✔ GO subbrands use V14 geometry with a deliberately recessive GO tier (0.350118ms)
2026-09-09T12:43:48.3384278Z ✔ legacy runtime asset names also resolve to locked V14 geometry (0.429077ms)
2026-09-09T12:43:48.3385585Z ✔ cancel review shows every cash component and exact fee basis before submission (20.643277ms)
2026-09-09T12:43:48.3386909Z ✔ closing cancel review never sends cancellation or reloads as completed (0.965575ms)
2026-09-09T12:43:48.3388058Z ✔ unchecked money confirmation cannot submit a cash action (1.368142ms)
2026-09-09T12:43:48.3389354Z ✔ change confirmation keeps paid room value, incremental difference and fee separate (1.124084ms)
2026-09-09T12:43:48.3392986Z ✔ cancelled date selection does not request new inventory or a payment (0.836012ms)
2026-09-09T12:43:48.3393720Z ✔ displayed quote hash stays bound across asynchronous source mutation (0.87797ms)
2026-09-09T12:43:48.3394456Z ✔ unknown supplier progress offers query only and binds the saved operation (1.100589ms)
2026-09-09T12:43:48.3395227Z ✔ cancel confirmed and refund pending remain distinct in the customer progress card (0.76042ms)
2026-09-09T12:43:48.3396428Z ✔ credit conversion waits for explicit quoted consent and does not claim an unknown cancellation succeeded (4.563219ms)
2026-09-09T12:43:48.3397266Z ✔ canceling traveler selection sends no redemption or automatic identity (1.068157ms)
2026-09-09T12:43:48.3398004Z ✔ redemption network retry binds the same quote and explicitly selected traveler (2.320382ms)
2026-09-09T12:43:48.3398788Z ✔ unknown booking and pending refund remain distinct from completed credit restoration (0.83016ms)
2026-09-09T12:43:48.3399956Z ✔ canceling a supplementary payment dialog re-enables the action (16.12899ms)
2026-09-09T12:43:48.3401261Z ✔ conversion separates prior cash refunds and forfeiture from retained credit (2.244379ms)
2026-09-09T12:43:48.3402806Z ✔ forfeiture conversion confirmation stays bound to the displayed quote after source object changes (1.003237ms)
2026-09-09T12:43:48.3404171Z ✔ credit detail keeps original excluded value visible after redemption changes (0.932864ms)
2026-09-09T12:43:48.3404943Z ✔ historical credit without a forfeiture breakdown never renders invalid amounts (1.275227ms)
2026-09-09T12:43:48.3405720Z ✔ fare confirmation separates fee tiers, cooling, change and property credit terms (2.399781ms)
2026-09-09T12:43:48.3406374Z ✔ cancelling fare confirmation has no accepted contract (2.025708ms)
2026-09-09T12:43:48.3407071Z ✔ accepted hash remains bound to the rules displayed before asynchronous state changes (1.104427ms)
2026-09-09T12:43:48.3407855Z ✔ declining hotel rules never selects or authorizes a traveler or creates an order (1.910632ms)
2026-09-09T12:43:48.3408704Z ✔ accepted hotel contract is included with selected traveler and stable booking request identity (1.197722ms)
2026-09-09T12:43:48.3409414Z ✔ supplier money and percentage inputs use exact minor units (1.15416ms)
2026-09-09T12:43:48.3410489Z ✔ supplier lost-response retry keeps request identity and sends only the claimed cause (9.79861ms)
2026-09-09T12:43:48.3411304Z ✔ supplier duplicate clicks while a request is pending cannot create another request (1.779135ms)
2026-09-09T12:43:48.3412200Z ✔ unknown supplier cancellation shows approved refund waiting for confirmation, without a resend button (16.766339ms)
2026-09-09T12:43:48.3413032Z ✔ hotel funds distinguish frozen, charged, released and refunded cent amounts (16.701006ms)
2026-09-09T12:43:48.3413758Z ✔ only approved pending refunds expose retry and all server labels are escaped (0.55864ms)
2026-09-09T12:43:48.3414461Z ✔ unknown funding shows reconciliation instead of a false payment claim (0.532461ms)
2026-09-09T12:43:48.3415142Z ✔ trip links only open the exact canonical owned direct-reservation path (0.406454ms)
2026-09-09T12:43:48.3415721Z ✔ closing a stay complaint form makes no request (1.153569ms)
2026-09-09T12:43:48.3416426Z ✔ complaint retries reuse the same request identity and have no refund approval fields (1.718942ms)
2026-09-09T12:43:48.3417183Z ✔ blank complaints and duplicate submission clicks cannot send extra requests (0.945347ms)
2026-09-09T12:43:48.3417799Z ✔ closing hotel authorization leaves funds untouched (2.207831ms)
2026-09-09T12:43:48.3418432Z ✔ hotel checkout requires confirmation and binds the complete stay amount (2.529134ms)
2026-09-09T12:43:48.3419167Z ✔ a second click cannot create another hotel authorization while the first is pending (0.92561ms)
2026-09-09T12:43:48.3420480Z ✔ a failed hotel authorization remains visible and can be retried (0.864084ms)
2026-09-09T12:43:48.3421500Z ✔ conversion clearly shows capture and value and closing does not convert (22.337572ms)
2026-09-09T12:43:48.3422196Z ✔ conversion retry keeps original quote, amount and original expiry (2.166653ms)
2026-09-09T12:43:48.3422893Z ✔ redemption uses server quote policy and displays forfeiture before consent (1.524195ms)
2026-09-09T12:43:48.3423578Z ✔ redemption confirms a fresh traveler and only releases hotel fields (1.730673ms)
2026-09-09T12:43:48.3424246Z ✔ double click and Escape cannot duplicate or dismiss pending redemption (10.729522ms)
2026-09-09T12:43:48.3424990Z ✔ credit list filters property and disables frozen, expired or reconciliation credits (1.398857ms)
2026-09-09T12:43:48.3426009Z ✔ a cancellation quote never cancels a booking and closing preserves it (21.839303ms)
2026-09-09T12:43:48.3426795Z ✔ fee consent binds the server quote and keeps frozen release separate from cash refund (2.085351ms)
2026-09-09T12:43:48.3427513Z ✔ interrupted cancellation retry uses exactly the same quote and fee (1.353144ms)
2026-09-09T12:43:48.3428165Z ✔ double clicks cannot settle twice while a cancellation is pending (1.254509ms)
2026-09-09T12:43:48.3428994Z ✔ unavailable fare actions have no executable buttons and rule text is escaped (1.193233ms)
2026-09-09T12:43:48.3429949Z ✔ date changes quote first and require fresh consent after editing dates (2.37257ms)
2026-09-09T12:43:48.3430809Z ✔ extension keeps check-in fixed and explains replacement authorization (2.331563ms)
2026-09-09T12:43:48.3431549Z ✔ independent review requires an explicit checked attestation and chosen proof (2.33049ms)
2026-09-09T12:43:48.3432271Z ✔ review submits the exact evidence snapshot and no caller-selected money (0.82446ms)
2026-09-09T12:43:48.3433028Z ✔ customer sees completed original refund separately from pending extra payment (14.916532ms)
2026-09-09T12:43:48.3433856Z ✔ unapproved guest liability is a review hold without a refund promise or pay button (0.345409ms)
2026-09-09T12:43:48.3434649Z ✔ zero captured payment explains authorization release and completed case has no retry (0.37777ms)
2026-09-09T12:43:48.3435450Z ✔ finance entry converts decimal currency without fractional cents or silent rounding (0.544053ms)
2026-09-09T12:43:48.3436632Z (node:2436) [MODULE_TYPELESS_PACKAGE_JSON] Warning: Module type of file:///home/runner/work/GO/GO/restored/mobile/go-app/src/domain/tripFacts.ts is not specified and it doesn't parse as CommonJS.
2026-09-09T12:43:48.3437676Z Reparsing as ES module because module syntax was detected. This incurs a performance overhead.
2026-09-09T12:43:48.3438462Z To eliminate this warning, add "type": "module" to /home/runner/work/GO/GO/restored/mobile/go-app/package.json.
2026-09-09T12:43:48.3439135Z (Use `node --trace-warnings ...` to show where the warning was created)
2026-09-09T12:43:48.3440120Z ✔ native navigation binds all six verticals to an owned canonical identity (2.248334ms)
2026-09-09T12:43:48.3440814Z ✔ native check-in renders each passenger and leg independently (0.819901ms)
2026-09-09T12:43:48.3441536Z ✔ missing, stale, duplicate, future or wrong-order check-in evidence is unverified (0.554912ms)
2026-09-09T12:43:48.3442206Z ✔ only safe HTTPS links are offered by native travel facts (0.339819ms)
2026-09-09T12:43:48.3442750Z ✔ native rental details never request ride tracking (0.502324ms)
2026-09-09T12:43:48.3443307Z ✔ ride tracking failure cannot hide the existing ride order (0.455045ms)
2026-09-09T12:43:48.3443936Z ✔ tracking and order identity mismatches cannot render another order (0.827595ms)
2026-09-09T12:43:48.3444740Z ✔ rail order preserves party, immutable prebook and original total through payment cancellation (4.068939ms)
2026-09-09T12:43:48.3445574Z ✔ attraction order uses the quoted slot, quantity and prebook and shows eligibility (0.570312ms)
2026-09-09T12:43:48.3446280Z ✔ cancelling confirmation step 1 never creates an order or payment (0.231936ms)
2026-09-09T12:43:48.3446931Z ✔ cancelling confirmation step 2 never creates an order or payment (0.364846ms)
2026-09-09T12:43:48.3447521Z ✔ cancelled party selection cannot reach order creation (0.33531ms)
2026-09-09T12:43:48.3448186Z ✔ quote that expires during traveler selection cannot create or pay an order (0.839258ms)
2026-09-09T12:43:48.3448786Z ✔ missing final consent never creates an order (0.467459ms)
2026-09-09T12:43:48.3449310Z ✔ different people are required for every quoted place (0.454815ms)
2026-09-09T12:43:48.3450109Z ✔ an uncertain payment still opens the existing order for recovery (1.747475ms)
2026-09-09T12:43:48.3450797Z ✔ repeated clicks cannot start a second booking while confirmation is open (0.518335ms)
2026-09-09T12:43:48.3451495Z ✔ mismatched total, journey or slot is refused before any traveler consent (0.420881ms)
2026-09-09T12:43:48.3452318Z ✔ cancelling date selection never requests a quote or payment (2.333787ms)
2026-09-09T12:43:48.3452913Z ✔ ride changes continue to use their separate workflow (1.688735ms)
2026-09-09T12:43:48.3453464Z ✔ viewing a rental quote does not execute the change (0.922384ms)
2026-09-09T12:43:48.3454086Z ✔ confirmed refund difference retains its sign and server quote identity (1.703563ms)
2026-09-09T12:43:48.3454873Z ✔ unchecked amount consent blocks executing a displayed quote (1.284635ms)
2026-09-09T12:43:48.3455536Z ✔ the shared amount formatter preserves cents on confirmation screens (15.344085ms)
2026-09-09T12:43:48.3456233Z ✔ consumer: concurrent expired reads refresh once and preserve namespace (10.085028ms)
2026-09-09T12:43:48.3456939Z ✔ consumer: a mutation without idempotency is never replayed after renewal (1.409559ms)
2026-09-09T12:43:48.3457602Z ✔ consumer: an idempotent retry retains the original key and body (0.865438ms)
2026-09-09T12:43:48.3458238Z ✔ consumer: failed refresh stops without retrying the operation (0.959083ms)
2026-09-09T12:43:48.3458897Z ✔ console: concurrent expired reads refresh once and preserve namespace (4.183444ms)
2026-09-09T12:43:48.3459577Z ✔ console: a mutation without idempotency is never replayed after renewal (1.011383ms)
2026-09-09T12:43:48.3460612Z ✔ console: an idempotent retry retains the original key and body (0.844087ms)
2026-09-09T12:43:48.3461250Z ✔ console: failed refresh stops without retrying the operation (0.748607ms)
2026-09-09T12:43:48.3462218Z ✔ consumer logout failure preserves account and current page; success clears all private state (1.311115ms)
2026-09-09T12:43:48.3463013Z ✔ console logout failure is surfaced instead of silently reporting success (1.915692ms)
2026-09-09T12:43:48.3463719Z ✔ console requests work when randomUUID is unavailable in an HTTP preview (1.048861ms)
2026-09-09T12:43:48.3464438Z ✔ console login binds the requested account type before establishing a session (0.857953ms)
2026-09-09T12:43:48.3465174Z ✔ a changed console actor clears the stale UI and never refreshes or retries (0.795466ms)
2026-09-09T12:43:48.3465849Z ✔ consumer: expired access can renew once to revoke its own session (1.438855ms)
2026-09-09T12:43:48.3466490Z ✔ console: expired access can renew once to revoke its own session (0.753757ms)
2026-09-09T12:43:48.3467107Z ✔ unverified check-in never exposes links or boarding passes (3.559922ms)
2026-09-09T12:43:48.3467762Z ✔ per-traveler boarding pass appears only for the verified pass state (1.032391ms)
2026-09-09T12:43:48.3468415Z ✔ invalid URL schemes and credentials do not become customer links (0.930258ms)
2026-09-09T12:43:48.3469069Z ✔ unknown fleet outcome clearly separates confirmed and proposed times (0.866208ms)
2026-09-09T12:43:48.3469953Z ✔ cancelled tracking confirmation sends no binding mutation (1.027332ms)
2026-09-09T12:43:48.3470753Z ✔ checked consent sends exact displayed revision and server authority, never wait overrides (1.00551ms)
2026-09-09T12:43:48.3471406Z ✔ missing consent prevents any tracking write (1.335721ms)
2026-09-09T12:43:48.3471987Z ✔ no authorized source does not open an unusable confirmation dialog (0.792179ms)
2026-09-09T12:43:48.3472660Z ✔ waiting protection is conditional and shows the actual event allowance (1.055063ms)
2026-09-09T12:43:48.3473294Z ✔ late check-in response cannot populate a detached screen (11.794422ms)
2026-09-09T12:43:48.3473950Z ✔ HOTEL_CATALOG: reopen the existing order without a new order or payment (3.47943ms)
2026-09-09T12:43:48.3474626Z ✔ HOTEL_DIRECT: reopen the existing order without a new order or payment (1.450728ms)
2026-09-09T12:43:48.3475327Z ✔ FLIGHT: reopen the existing order without a new order or payment (0.715906ms)
2026-09-09T12:43:48.3475947Z ✔ RAIL: reopen the existing order without a new order or payment (0.726216ms)
2026-09-09T12:43:48.3476554Z ✔ RIDE: reopen the existing order without a new order or payment (0.626317ms)
2026-09-09T12:43:48.3477175Z ✔ RENTAL: reopen the existing order without a new order or payment (0.67573ms)
2026-09-09T12:43:48.3478051Z ✔ ATTRACTION: reopen the existing order without a new order or payment (0.761872ms)
2026-09-09T12:43:48.3478784Z ✔ untrusted evidence URLs and unsupported identities never select an endpoint (1.076243ms)
2026-09-09T12:43:48.3479481Z ✔ card output escapes content and uses current canonical status (1.051046ms)
2026-09-09T12:43:48.3480674Z ✔ an order response cannot populate a different order or vertical (2.406774ms)
2026-09-09T12:43:48.3481263Z ✔ late order response cannot overwrite a new screen (0.840249ms)
2026-09-09T12:43:48.3481877Z ✔ continuing payment re-reads amount and uses the original order only (0.896977ms)
2026-09-09T12:43:48.3482556Z ✔ already paid or expired orders cannot invoke payment from a stale card (1.721436ms)
2026-09-09T12:43:48.3483221Z ✔ payment timeout reads the same order and never silently resends (0.837033ms)
2026-09-09T12:43:48.3483839Z ✔ leaving before the fresh order read prevents a payment dialog (0.71303ms)
2026-09-09T12:43:48.3484468Z ✔ real app dispatch uses every existing enriched order renderer (3.817025ms)
2026-09-09T12:43:48.3485083Z ✔ closing permission confirmation sends no permission mutation (4.245982ms)
2026-09-09T12:43:48.3485758Z ✔ source disconnect remains explicit and retains server-directed semantics (2.414278ms)
2026-09-09T12:43:48.3486509Z ✔ person edit binds the displayed revision and leaves a blank birth date untouched (1.126769ms)
2026-09-09T12:43:48.3487376Z ✔ sensitive import inspection happens only after explicit confirmation, with no implicit acceptance (8.118542ms)
2026-09-09T12:43:48.3488089Z ✔ untrusted imported content is escaped before display (1.809753ms)
2026-09-09T12:43:48.3488710Z ✔ duplicate submits during a pending mutation call the server once (1.772953ms)
2026-09-09T12:43:48.3489421Z ✔ import reassignment binds traveler and item revision and does not accept content (1.29785ms)
2026-09-09T12:43:48.3490415Z ✔ RAIL cancellation requires explicit confirmation (2.233549ms)
2026-09-09T12:43:48.3490958Z ✔ RAIL response loss still reloads persisted order (2.050444ms)
2026-09-09T12:43:48.3491567Z ✔ RAIL paid or uncertain orders cannot open unpaid cancellation (2.701258ms)
2026-09-09T12:43:48.3492169Z ✔ ATTRACTION cancellation requires explicit confirmation (0.767854ms)
2026-09-09T12:43:48.3492749Z ✔ ATTRACTION response loss still reloads persisted order (0.835581ms)
2026-09-09T12:43:48.3493420Z ✔ ATTRACTION paid or uncertain orders cannot open unpaid cancellation (2.446399ms)
2026-09-09T12:43:48.3494032Z ✔ new unpaid reservation displays its frozen UTC deadline (1.309582ms)
2026-09-09T12:43:48.3494583Z ✔ legacy orders never receive a fabricated deadline (0.222899ms)
2026-09-09T12:43:48.3495211Z ✔ expiry display relies on persisted server state instead of browser clock (0.193203ms)
2026-09-09T12:43:48.3495864Z ✔ started and uncertain payment keeps its reservation message (1.073719ms)
2026-09-09T12:43:48.3496487Z ✔ RAIL: opening recovery does not send a refund until confirmed (2.248667ms)
2026-09-09T12:43:48.3497091Z ✔ RAIL: failed response still reloads persisted order state (2.147927ms)
2026-09-09T12:43:48.3497723Z ✔ ATTRACTION: opening recovery does not send a refund until confirmed (0.863824ms)
2026-09-09T12:43:48.3498369Z ✔ ATTRACTION: failed response still reloads persisted order state (0.788562ms)
2026-09-09T12:43:48.3499029Z ✔ busy recovery gives a customer message and refreshes the existing order (0.838306ms)
2026-09-09T12:43:48.3499909Z ✔ rail interrupted change confirms the original quote instead of creating another (1.108364ms)
2026-09-09T12:43:48.3500374Z ℹ tests 158
2026-09-09T12:43:48.3500578Z ℹ suites 0
2026-09-09T12:43:48.3500782Z ℹ pass 158
2026-09-09T12:43:48.3500979Z ℹ fail 0
2026-09-09T12:43:48.3501180Z ℹ cancelled 0
2026-09-09T12:43:48.3501390Z ℹ skipped 0
2026-09-09T12:43:48.3501589Z ℹ todo 0
2026-09-09T12:43:48.3501821Z ℹ duration_ms 1701.127468
2026-09-09T12:43:48.3570029Z Node 20 is being deprecated. This workflow is running with Node 24 by default. If you need to temporarily use Node 20, you can set the ACTIONS_ALLOW_USE_UNSECURE_NODE_VERSION=true environment variable. For more information see: https://github.blog/changelog/2025-09-19-deprecation-of-node-20-on-github-actions-runners/
2026-09-09T12:43:48.3571290Z ##[group]Run actions/upload-artifact@v4
2026-09-09T12:43:48.3571555Z with:
2026-09-09T12:43:48.3571760Z   name: GO-DEPTH29-isolated-34352506603
2026-09-09T12:43:48.3572223Z   path: evidence/
2026-09-09T12:43:48.3572436Z   if-no-files-found: error
2026-09-09T12:43:48.3572674Z   retention-days: 90
2026-09-09T12:43:48.3572883Z   compression-level: 6
2026-09-09T12:43:48.3573084Z   overwrite: false
2026-09-09T12:43:48.3573289Z   include-hidden-files: false
2026-09-09T12:43:48.3573514Z env:
2026-09-09T12:43:48.3573756Z   SEALED_CANDIDATE: 0451fb095c6fe4a185dcf30931166cebdf27e381
2026-09-09T12:43:48.3574276Z   EXPECTED_SOURCE_TREE: ffcea37a3d2ce626026571c1d16eb7be190bd1b048b6b8dfd0d6c8164f2b556c
2026-09-09T12:43:48.3574777Z   pythonLocation: /opt/hostedtoolcache/Python/3.13.5/x64
2026-09-09T12:43:48.3575186Z   PKG_CONFIG_PATH: /opt/hostedtoolcache/Python/3.13.5/x64/lib/pkgconfig
2026-09-09T12:43:48.3575592Z   Python_ROOT_DIR: /opt/hostedtoolcache/Python/3.13.5/x64
2026-09-09T12:43:48.3575952Z   Python2_ROOT_DIR: /opt/hostedtoolcache/Python/3.13.5/x64
2026-09-09T12:43:48.3576310Z   Python3_ROOT_DIR: /opt/hostedtoolcache/Python/3.13.5/x64
2026-09-09T12:43:48.3576677Z   LD_LIBRARY_PATH: /opt/hostedtoolcache/Python/3.13.5/x64/lib
2026-09-09T12:43:48.3576991Z ##[endgroup]
2026-09-09T12:43:48.5652082Z (node:2510) [DEP0040] DeprecationWarning: The `punycode` module is deprecated. Please use a userland alternative instead.
2026-09-09T12:43:48.5661937Z (Use `node --trace-deprecation ...` to show where the warning was created)
2026-09-09T12:43:48.6170658Z With the provided path, there will be 11 files uploaded
2026-09-09T12:43:48.6221010Z Artifact name is valid!
2026-09-09T12:43:48.6240509Z Root directory input is valid!
2026-09-09T12:43:49.0216174Z Beginning upload of artifact content to blob storage
2026-09-09T12:43:49.0684699Z (node:2510) [DEP0169] DeprecationWarning: `url.parse()` behavior is not standardized and prone to errors that have security implications. Use the WHATWG URL API instead. CVEs are not issued for `url.parse()` vulnerabilities.
2026-09-09T12:43:49.3881185Z Uploaded bytes 18214
2026-09-09T12:43:49.4585909Z Finished uploading artifact content to blob storage!
2026-09-09T12:43:49.4589077Z SHA256 digest of uploaded artifact zip is a4a94df08fec65ddb608fac54e7861de4ce5b57b467177a57e902aa7928314a2
2026-09-09T12:43:49.4592208Z Finalizing artifact upload
2026-09-09T12:43:49.7956031Z Artifact GO-DEPTH29-isolated-34352506603.zip successfully finalized. Artifact ID 10104378355
2026-09-09T12:43:49.7958476Z Artifact GO-DEPTH29-isolated-34352506603 has been successfully uploaded! Final size is 18214 bytes. Artifact ID is 10104378355
2026-09-09T12:43:49.7971338Z Artifact download URL: https://github.com/yuguangzhi3836-glitch/GO/actions/runs/34352506603/artifacts/10104378355
2026-09-09T12:43:49.8157844Z Node 20 is being deprecated. This workflow is running with Node 24 by default. If you need to temporarily use Node 20, you can set the ACTIONS_ALLOW_USE_UNSECURE_NODE_VERSION=true environment variable. For more information see: https://github.blog/changelog/2025-09-19-deprecation-of-node-20-on-github-actions-runners/
2026-09-09T12:43:49.8159074Z Post job cleanup.
2026-09-09T12:43:49.9606092Z (node:2522) [DEP0040] DeprecationWarning: The `punycode` module is deprecated. Please use a userland alternative instead.
2026-09-09T12:43:49.9607865Z (Use `node --trace-deprecation ...` to show where the warning was created)
2026-09-09T12:43:49.9816878Z Node 20 is being deprecated. This workflow is running with Node 24 by default. If you need to temporarily use Node 20, you can set the ACTIONS_ALLOW_USE_UNSECURE_NODE_VERSION=true environment variable. For more information see: https://github.blog/changelog/2025-09-19-deprecation-of-node-20-on-github-actions-runners/
2026-09-09T12:43:49.9819002Z Post job cleanup.
2026-09-09T12:43:50.1705857Z (node:2530) [DEP0040] DeprecationWarning: The `punycode` module is deprecated. Please use a userland alternative instead.
2026-09-09T12:43:50.1707693Z (Use `node --trace-deprecation ...` to show where the warning was created)
2026-09-09T12:43:50.1981400Z Node 20 is being deprecated. This workflow is running with Node 24 by default. If you need to temporarily use Node 20, you can set the ACTIONS_ALLOW_USE_UNSECURE_NODE_VERSION=true environment variable. For more information see: https://github.blog/changelog/2025-09-19-deprecation-of-node-20-on-github-actions-runners/
2026-09-09T12:43:50.1984157Z Post job cleanup.
2026-09-09T12:43:50.3150721Z [command]/usr/bin/git version
2026-09-09T12:43:50.3210704Z git version 2.55.0
2026-09-09T12:43:50.3277017Z Temporarily overriding HOME='/home/runner/work/_temp/7a6d55d9-c8c7-4f1b-9bcd-1f39eb3864fd' before making global git config changes
2026-09-09T12:43:50.3293218Z Adding repository directory to the temporary git global config as a safe directory
2026-09-09T12:43:50.3294750Z [command]/usr/bin/git config --global --add safe.directory /home/runner/work/GO/GO/candidate
2026-09-09T12:43:50.3400824Z [command]/usr/bin/git config --local --name-only --get-regexp core\.sshCommand
2026-09-09T12:43:50.3475216Z [command]/usr/bin/git submodule foreach --recursive sh -c "git config --local --name-only --get-regexp 'core\.sshCommand' && git config --local --unset-all 'core.sshCommand' || :"
2026-09-09T12:43:50.4064460Z [command]/usr/bin/git config --local --name-only --get-regexp http\.https\:\/\/github\.com\/\.extraheader
2026-09-09T12:43:50.4192105Z [command]/usr/bin/git submodule foreach --recursive sh -c "git config --local --name-only --get-regexp 'http\.https\:\/\/github\.com\/\.extraheader' && git config --local --unset-all 'http.https://github.com/.extraheader' || :"
2026-09-09T12:43:50.4721000Z [command]/usr/bin/git config --local --name-only --get-regexp ^includeIf\.gitdir:
2026-09-09T12:43:50.4788528Z [command]/usr/bin/git submodule foreach --recursive git config --local --show-origin --name-only --get-regexp remote.origin.url
2026-09-09T12:43:50.5377578Z Node 20 is being deprecated. This workflow is running with Node 24 by default. If you need to temporarily use Node 20, you can set the ACTIONS_ALLOW_USE_UNSECURE_NODE_VERSION=true environment variable. For more information see: https://github.blog/changelog/2025-09-19-deprecation-of-node-20-on-github-actions-runners/
2026-09-09T12:43:50.5380080Z Post job cleanup.
2026-09-09T12:43:50.6630737Z [command]/usr/bin/git version
2026-09-09T12:43:50.6691994Z git version 2.55.0
2026-09-09T12:43:50.6762640Z Temporarily overriding HOME='/home/runner/work/_temp/971474c3-8b12-4894-bf02-05d1a64013ef' before making global git config changes
2026-09-09T12:43:50.6770311Z Adding repository directory to the temporary git global config as a safe directory
2026-09-09T12:43:50.6771784Z [command]/usr/bin/git config --global --add safe.directory /home/runner/work/GO/GO/tooling
2026-09-09T12:43:50.6891169Z [command]/usr/bin/git config --local --name-only --get-regexp core\.sshCommand
2026-09-09T12:43:50.6970338Z [command]/usr/bin/git submodule foreach --recursive sh -c "git config --local --name-only --get-regexp 'core\.sshCommand' && git config --local --unset-all 'core.sshCommand' || :"
2026-09-09T12:43:50.7401978Z [command]/usr/bin/git config --local --name-only --get-regexp http\.https\:\/\/github\.com\/\.extraheader
2026-09-09T12:43:50.7443061Z [command]/usr/bin/git submodule foreach --recursive sh -c "git config --local --name-only --get-regexp 'http\.https\:\/\/github\.com\/\.extraheader' && git config --local --unset-all 'http.https://github.com/.extraheader' || :"
2026-09-09T12:43:50.7940973Z [command]/usr/bin/git config --local --name-only --get-regexp ^includeIf\.gitdir:
2026-09-09T12:43:50.7993329Z [command]/usr/bin/git submodule foreach --recursive git config --local --show-origin --name-only --get-regexp remote.origin.url
2026-09-09T12:43:50.8708630Z Cleaning up orphan processes
2026-09-09T12:43:50.8991415Z ##[warning]Node.js 20 is deprecated. The following actions target Node.js 20 but are being forced to run on Node.js 24: actions/checkout@v4, actions/setup-node@v4, actions/setup-python@v5, actions/upload-artifact@v4. For more information see: https://github.blog/changelog/2025-09-19-deprecation-of-node-20-on-github-actions-runners/
