2026-09-12T03:18:37.7703514Z Current runner version: '2.337.0'
2026-09-12T03:18:37.7723373Z ##[group]Runner Image Provisioner
2026-09-12T03:18:37.7724115Z Hosted Compute Agent
2026-09-12T03:18:37.7724606Z Version: 20260828.587
2026-09-12T03:18:37.7725179Z Commit: abac92662cab4cc7352de4f9f9d2e2419aad9c29
2026-09-12T03:18:37.7725793Z Build Date: 2026-08-28T16:44:25Z
2026-09-12T03:18:37.7726344Z Worker ID: {516085e8-894c-4c3a-ad5f-1178202b3042}
2026-09-12T03:18:37.7726945Z Azure Region: centralus
2026-09-12T03:18:37.7727434Z ##[endgroup]
2026-09-12T03:18:37.7728676Z ##[group]Operating System
2026-09-12T03:18:37.7729255Z Ubuntu
2026-09-12T03:18:37.7729678Z 24.04.5
2026-09-12T03:18:37.7730142Z LTS
2026-09-12T03:18:37.7730571Z ##[endgroup]
2026-09-12T03:18:37.7731074Z ##[group]Runner Image
2026-09-12T03:18:37.7731591Z Image: ubuntu-24.04
2026-09-12T03:18:37.7732043Z Version: 20260907.300.1
2026-09-12T03:18:37.7733111Z Included Software: https://github.com/actions/runner-images/blob/ubuntu24/20260907.300/images/ubuntu/Ubuntu2404-Readme.md
2026-09-12T03:18:37.7734324Z Image Release: https://github.com/actions/runner-images/releases/tag/ubuntu24%2F20260907.300
2026-09-12T03:18:37.7735100Z ##[endgroup]
2026-09-12T03:18:37.7736054Z ##[group]GITHUB_TOKEN Permissions
2026-09-12T03:18:37.7737912Z Actions: read
2026-09-12T03:18:37.7738564Z Contents: read
2026-09-12T03:18:37.7739101Z Metadata: read
2026-09-12T03:18:37.7739623Z ##[endgroup]
2026-09-12T03:18:37.7741308Z Secret source: Actions
2026-09-12T03:18:37.7742093Z Cache mode: write
2026-09-12T03:18:37.7742670Z Prepare workflow directory
2026-09-12T03:18:37.8160406Z Prepare all required actions
2026-09-12T03:18:37.8196755Z Getting action download info
2026-09-12T03:18:38.0303052Z Download action repository 'actions/checkout@v4' (SHA:11d5960a326750d5838078e36cf38b85af677262)
2026-09-12T03:18:38.7211106Z Download action repository 'actions/setup-python@v5' (SHA:a26af69be951a213d495a4c3e4e4022e16d87065)
2026-09-12T03:18:38.9396125Z Download action repository 'actions/upload-artifact@v4' (SHA:ea165f8d65b6e75b540449e92b4886f43607fa02)
2026-09-12T03:18:39.3241511Z Complete job name: parent-package
2026-09-12T03:18:39.3787728Z Node 20 is being deprecated. This workflow is running with Node 24 by default. If you need to temporarily use Node 20, you can set the ACTIONS_ALLOW_USE_UNSECURE_NODE_VERSION=true environment variable. For more information see: https://github.blog/changelog/2025-09-19-deprecation-of-node-20-on-github-actions-runners/
2026-09-12T03:18:39.3795554Z ##[group]Run actions/checkout@v4
2026-09-12T03:18:39.3796396Z with:
2026-09-12T03:18:39.3797167Z   ref: 62fdde3cabe72b92fa5dc1b37b7652395fe3aba5
2026-09-12T03:18:39.3798288Z   persist-credentials: false
2026-09-12T03:18:39.3799159Z   repository: yuguangzhi3836-glitch/GO
2026-09-12T03:18:39.3805393Z   token: ***
2026-09-12T03:18:39.3806218Z   ssh-strict: true
2026-09-12T03:18:39.3806910Z   ssh-user: git
2026-09-12T03:18:39.3807505Z   clean: true
2026-09-12T03:18:39.3808257Z   sparse-checkout-cone-mode: true
2026-09-12T03:18:39.3809027Z   fetch-depth: 1
2026-09-12T03:18:39.3809689Z   fetch-tags: false
2026-09-12T03:18:39.3810420Z   show-progress: true
2026-09-12T03:18:39.3811099Z   lfs: false
2026-09-12T03:18:39.3811720Z   submodules: false
2026-09-12T03:18:39.3812373Z   set-safe-directory: true
2026-09-12T03:18:39.3813105Z   allow-unsafe-pr-checkout: false
2026-09-12T03:18:39.3814107Z env:
2026-09-12T03:18:39.3814712Z   PYTHONDONTWRITEBYTECODE: 1
2026-09-12T03:18:39.3815557Z   GO_SOURCE_SHA: 62fdde3cabe72b92fa5dc1b37b7652395fe3aba5
2026-09-12T03:18:39.3816449Z ##[endgroup]
2026-09-12T03:18:39.4678727Z Syncing repository: yuguangzhi3836-glitch/GO
2026-09-12T03:18:39.4681835Z ##[group]Getting Git version info
2026-09-12T03:18:39.4683030Z Working directory is '/home/runner/work/GO/GO'
2026-09-12T03:18:39.4686343Z [command]/usr/bin/git version
2026-09-12T03:18:39.7023432Z git version 2.55.0
2026-09-12T03:18:39.7029202Z ##[endgroup]
2026-09-12T03:18:39.7042484Z Temporarily overriding HOME='/home/runner/work/_temp/873046fd-d81a-47e2-9689-02e0c59849a5' before making global git config changes
2026-09-12T03:18:39.7045870Z Adding repository directory to the temporary git global config as a safe directory
2026-09-12T03:18:39.7048375Z [command]/usr/bin/git config --global --add safe.directory /home/runner/work/GO/GO
2026-09-12T03:18:39.8147745Z Deleting the contents of '/home/runner/work/GO/GO'
2026-09-12T03:18:39.8150054Z ##[group]Initializing the repository
2026-09-12T03:18:39.8151217Z [command]/usr/bin/git init /home/runner/work/GO/GO
2026-09-12T03:18:39.9110438Z hint: Using 'master' as the name for the initial branch. This default branch name
2026-09-12T03:18:39.9112243Z hint: will change to "main" in Git 3.0. To configure the initial branch name
2026-09-12T03:18:39.9114002Z hint: to use in all of your new repositories, which will suppress this warning,
2026-09-12T03:18:39.9115345Z hint: call:
2026-09-12T03:18:39.9117033Z hint:
2026-09-12T03:18:39.9118963Z hint: 	git config --global init.defaultBranch <name>
2026-09-12T03:18:39.9120195Z hint:
2026-09-12T03:18:39.9121344Z hint: Names commonly chosen instead of 'master' are 'main', 'trunk' and
2026-09-12T03:18:39.9123165Z hint: 'development'. The just-created branch can be renamed via this command:
2026-09-12T03:18:39.9124467Z hint:
2026-09-12T03:18:39.9125389Z hint: 	git branch -m <name>
2026-09-12T03:18:39.9126288Z hint:
2026-09-12T03:18:39.9128715Z hint: Disable this message with "git config set advice.defaultBranchName false"
2026-09-12T03:18:39.9130769Z Initialized empty Git repository in /home/runner/work/GO/GO/.git/
2026-09-12T03:18:39.9133885Z [command]/usr/bin/git remote add origin https://github.com/yuguangzhi3836-glitch/GO
2026-09-12T03:18:39.9136946Z ##[endgroup]
2026-09-12T03:18:39.9138515Z ##[group]Disabling automatic garbage collection
2026-09-12T03:18:39.9139712Z [command]/usr/bin/git config --local gc.auto 0
2026-09-12T03:18:39.9143705Z ##[endgroup]
2026-09-12T03:18:39.9145146Z ##[group]Setting up auth
2026-09-12T03:18:39.9146792Z [command]/usr/bin/git config --local --name-only --get-regexp core\.sshCommand
2026-09-12T03:18:39.9160250Z [command]/usr/bin/git submodule foreach --recursive sh -c "git config --local --name-only --get-regexp 'core\.sshCommand' && git config --local --unset-all 'core.sshCommand' || :"
2026-09-12T03:18:39.9439914Z [command]/usr/bin/git config --local --name-only --get-regexp http\.https\:\/\/github\.com\/\.extraheader
2026-09-12T03:18:40.0097585Z [command]/usr/bin/git submodule foreach --recursive sh -c "git config --local --name-only --get-regexp 'http\.https\:\/\/github\.com\/\.extraheader' && git config --local --unset-all 'http.https://github.com/.extraheader' || :"
2026-09-12T03:18:40.0102057Z [command]/usr/bin/git config --local --name-only --get-regexp ^includeIf\.gitdir:
2026-09-12T03:18:40.0105447Z [command]/usr/bin/git submodule foreach --recursive git config --local --show-origin --name-only --get-regexp remote.origin.url
2026-09-12T03:18:40.0109186Z [command]/usr/bin/git config --local http.https://github.com/.extraheader AUTHORIZATION: basic ***
2026-09-12T03:18:40.0112431Z ##[endgroup]
2026-09-12T03:18:40.0113756Z ##[group]Fetching the repository
2026-09-12T03:18:40.0115605Z [command]/usr/bin/git -c protocol.version=2 fetch --no-tags --prune --no-recurse-submodules --depth=1 origin 62fdde3cabe72b92fa5dc1b37b7652395fe3aba5
2026-09-12T03:18:42.7450922Z From https://github.com/yuguangzhi3836-glitch/GO
2026-09-12T03:18:42.7452022Z  * branch            62fdde3cabe72b92fa5dc1b37b7652395fe3aba5 -> FETCH_HEAD
2026-09-12T03:18:42.7454065Z ##[endgroup]
2026-09-12T03:18:42.7454776Z ##[group]Determining the checkout info
2026-09-12T03:18:42.7455672Z ##[endgroup]
2026-09-12T03:18:42.7456482Z [command]/usr/bin/git sparse-checkout disable
2026-09-12T03:18:42.7519868Z [command]/usr/bin/git config --local --unset-all extensions.worktreeConfig
2026-09-12T03:18:42.7542882Z ##[group]Checking out the ref
2026-09-12T03:18:42.7545766Z [command]/usr/bin/git checkout --progress --force 62fdde3cabe72b92fa5dc1b37b7652395fe3aba5
2026-09-12T03:18:42.9758337Z Note: switching to '62fdde3cabe72b92fa5dc1b37b7652395fe3aba5'.
2026-09-12T03:18:42.9759101Z 
2026-09-12T03:18:42.9759575Z You are in 'detached HEAD' state. You can look around, make experimental
2026-09-12T03:18:42.9760162Z changes and commit them, and you can discard any commits you make in this
2026-09-12T03:18:42.9761822Z state without impacting any branches by switching back to a branch.
2026-09-12T03:18:42.9762125Z 
2026-09-12T03:18:42.9762373Z If you want to create a new branch to retain commits you create, you may
2026-09-12T03:18:42.9762922Z do so (now or later) by using -c with the switch command. Example:
2026-09-12T03:18:42.9763184Z 
2026-09-12T03:18:42.9763356Z   git switch -c <new-branch-name>
2026-09-12T03:18:42.9763575Z 
2026-09-12T03:18:42.9763692Z Or undo this operation with:
2026-09-12T03:18:42.9763922Z 
2026-09-12T03:18:42.9764040Z   git switch -
2026-09-12T03:18:42.9764238Z 
2026-09-12T03:18:42.9764501Z Turn off this advice by setting config variable advice.detachedHead to false
2026-09-12T03:18:42.9764812Z 
2026-09-12T03:18:42.9765210Z HEAD is now at 62fdde3 build: consolidate reviewed PR47/48 source into a complete DEPTH41 parent
2026-09-12T03:18:42.9776094Z ##[endgroup]
2026-09-12T03:18:42.9804352Z [command]/usr/bin/git log -1 --format=%H
2026-09-12T03:18:42.9822134Z 62fdde3cabe72b92fa5dc1b37b7652395fe3aba5
2026-09-12T03:18:42.9829806Z ##[group]Removing auth
2026-09-12T03:18:42.9832526Z [command]/usr/bin/git config --local --name-only --get-regexp core\.sshCommand
2026-09-12T03:18:42.9855254Z [command]/usr/bin/git submodule foreach --recursive sh -c "git config --local --name-only --get-regexp 'core\.sshCommand' && git config --local --unset-all 'core.sshCommand' || :"
2026-09-12T03:18:42.9997367Z [command]/usr/bin/git config --local --name-only --get-regexp http\.https\:\/\/github\.com\/\.extraheader
2026-09-12T03:18:43.0015457Z http.https://github.com/.extraheader
2026-09-12T03:18:43.0024382Z [command]/usr/bin/git config --local --unset-all http.https://github.com/.extraheader
2026-09-12T03:18:43.0043473Z [command]/usr/bin/git submodule foreach --recursive sh -c "git config --local --name-only --get-regexp 'http\.https\:\/\/github\.com\/\.extraheader' && git config --local --unset-all 'http.https://github.com/.extraheader' || :"
2026-09-12T03:18:43.0175669Z [command]/usr/bin/git config --local --name-only --get-regexp ^includeIf\.gitdir:
2026-09-12T03:18:43.0195716Z [command]/usr/bin/git submodule foreach --recursive git config --local --show-origin --name-only --get-regexp remote.origin.url
2026-09-12T03:18:43.0336170Z ##[endgroup]
2026-09-12T03:18:43.0512391Z Node 20 is being deprecated. This workflow is running with Node 24 by default. If you need to temporarily use Node 20, you can set the ACTIONS_ALLOW_USE_UNSECURE_NODE_VERSION=true environment variable. For more information see: https://github.blog/changelog/2025-09-19-deprecation-of-node-20-on-github-actions-runners/
2026-09-12T03:18:43.0513514Z ##[group]Run actions/checkout@v4
2026-09-12T03:18:43.0513758Z with:
2026-09-12T03:18:43.0513998Z   ref: b65a07c2aea9ac1e79013540d9cf28a69a190935
2026-09-12T03:18:43.0514315Z   path: inputs/previous-parent
2026-09-12T03:18:43.0514640Z   sparse-checkout: deliverables/CP11_DEPTH40_P03_COMPAT_V2_PARENT_20260912
2026-09-12T03:18:43.0515004Z   persist-credentials: false
2026-09-12T03:18:43.0515262Z   repository: yuguangzhi3836-glitch/GO
2026-09-12T03:18:43.0517118Z   token: ***
2026-09-12T03:18:43.0517432Z   ssh-strict: true
2026-09-12T03:18:43.0517745Z   ssh-user: git
2026-09-12T03:18:43.0518385Z   clean: true
2026-09-12T03:18:43.0518709Z   sparse-checkout-cone-mode: true
2026-09-12T03:18:43.0518967Z   fetch-depth: 1
2026-09-12T03:18:43.0519172Z   fetch-tags: false
2026-09-12T03:18:43.0519369Z   show-progress: true
2026-09-12T03:18:43.0519613Z   lfs: false
2026-09-12T03:18:43.0519844Z   submodules: false
2026-09-12T03:18:43.0520072Z   set-safe-directory: true
2026-09-12T03:18:43.0520332Z   allow-unsafe-pr-checkout: false
2026-09-12T03:18:43.0520575Z env:
2026-09-12T03:18:43.0520813Z   PYTHONDONTWRITEBYTECODE: 1
2026-09-12T03:18:43.0521136Z   GO_SOURCE_SHA: 62fdde3cabe72b92fa5dc1b37b7652395fe3aba5
2026-09-12T03:18:43.0521524Z ##[endgroup]
2026-09-12T03:18:43.1217864Z Syncing repository: yuguangzhi3836-glitch/GO
2026-09-12T03:18:43.1219208Z ##[group]Getting Git version info
2026-09-12T03:18:43.1219838Z Working directory is '/home/runner/work/GO/GO/inputs/previous-parent'
2026-09-12T03:18:43.1223606Z [command]/usr/bin/git version
2026-09-12T03:18:43.1269057Z git version 2.55.0
2026-09-12T03:18:43.1302664Z ##[endgroup]
2026-09-12T03:18:43.1305996Z Temporarily overriding HOME='/home/runner/work/_temp/19f96f54-2b4e-4bfb-b42f-738f59d216d0' before making global git config changes
2026-09-12T03:18:43.1307022Z Adding repository directory to the temporary git global config as a safe directory
2026-09-12T03:18:43.1329799Z [command]/usr/bin/git config --global --add safe.directory /home/runner/work/GO/GO/inputs/previous-parent
2026-09-12T03:18:43.1367380Z ##[group]Initializing the repository
2026-09-12T03:18:43.1403859Z [command]/usr/bin/git init /home/runner/work/GO/GO/inputs/previous-parent
2026-09-12T03:18:43.1420927Z hint: Using 'master' as the name for the initial branch. This default branch name
2026-09-12T03:18:43.1421936Z hint: will change to "main" in Git 3.0. To configure the initial branch name
2026-09-12T03:18:43.1422950Z hint: to use in all of your new repositories, which will suppress this warning,
2026-09-12T03:18:43.1423723Z hint: call:
2026-09-12T03:18:43.1424154Z hint:
2026-09-12T03:18:43.1424831Z hint: 	git config --global init.defaultBranch <name>
2026-09-12T03:18:43.1425462Z hint:
2026-09-12T03:18:43.1426088Z hint: Names commonly chosen instead of 'master' are 'main', 'trunk' and
2026-09-12T03:18:43.1426902Z hint: 'development'. The just-created branch can be renamed via this command:
2026-09-12T03:18:43.1427597Z hint:
2026-09-12T03:18:43.1428269Z hint: 	git branch -m <name>
2026-09-12T03:18:43.1429057Z hint:
2026-09-12T03:18:43.1429695Z hint: Disable this message with "git config set advice.defaultBranchName false"
2026-09-12T03:18:43.1431405Z Initialized empty Git repository in /home/runner/work/GO/GO/inputs/previous-parent/.git/
2026-09-12T03:18:43.1437188Z [command]/usr/bin/git remote add origin https://github.com/yuguangzhi3836-glitch/GO
2026-09-12T03:18:43.1464787Z ##[endgroup]
2026-09-12T03:18:43.1465539Z ##[group]Disabling automatic garbage collection
2026-09-12T03:18:43.1466295Z [command]/usr/bin/git config --local gc.auto 0
2026-09-12T03:18:43.1514754Z ##[endgroup]
2026-09-12T03:18:43.1515609Z ##[group]Setting up auth
2026-09-12T03:18:43.1516638Z [command]/usr/bin/git config --local --name-only --get-regexp core\.sshCommand
2026-09-12T03:18:43.1539879Z [command]/usr/bin/git submodule foreach --recursive sh -c "git config --local --name-only --get-regexp 'core\.sshCommand' && git config --local --unset-all 'core.sshCommand' || :"
2026-09-12T03:18:43.1787916Z [command]/usr/bin/git config --local --name-only --get-regexp http\.https\:\/\/github\.com\/\.extraheader
2026-09-12T03:18:43.1836983Z [command]/usr/bin/git submodule foreach --recursive sh -c "git config --local --name-only --get-regexp 'http\.https\:\/\/github\.com\/\.extraheader' && git config --local --unset-all 'http.https://github.com/.extraheader' || :"
2026-09-12T03:18:43.2112809Z [command]/usr/bin/git config --local --name-only --get-regexp ^includeIf\.gitdir:
2026-09-12T03:18:43.2133253Z [command]/usr/bin/git submodule foreach --recursive git config --local --show-origin --name-only --get-regexp remote.origin.url
2026-09-12T03:18:43.2271684Z [command]/usr/bin/git config --local http.https://github.com/.extraheader AUTHORIZATION: basic ***
2026-09-12T03:18:43.2294484Z ##[endgroup]
2026-09-12T03:18:43.2295286Z ##[group]Fetching the repository
2026-09-12T03:18:43.2302409Z [command]/usr/bin/git -c protocol.version=2 fetch --no-tags --prune --no-recurse-submodules --filter=blob:none --depth=1 origin b65a07c2aea9ac1e79013540d9cf28a69a190935
2026-09-12T03:18:43.5550342Z From https://github.com/yuguangzhi3836-glitch/GO
2026-09-12T03:18:43.5560809Z  * branch            b65a07c2aea9ac1e79013540d9cf28a69a190935 -> FETCH_HEAD
2026-09-12T03:18:43.5567672Z ##[endgroup]
2026-09-12T03:18:43.5568503Z ##[group]Determining the checkout info
2026-09-12T03:18:43.5569229Z ##[endgroup]
2026-09-12T03:18:43.5569797Z ##[group]Setting up sparse checkout
2026-09-12T03:18:43.5570441Z [command]/usr/bin/git sparse-checkout set deliverables/CP11_DEPTH40_P03_COMPAT_V2_PARENT_20260912
2026-09-12T03:18:43.5589677Z ##[endgroup]
2026-09-12T03:18:43.5590601Z ##[group]Checking out the ref
2026-09-12T03:18:43.5591284Z [command]/usr/bin/git checkout --progress --force b65a07c2aea9ac1e79013540d9cf28a69a190935
2026-09-12T03:19:03.9477895Z Updating files:   4% (1/22)
2026-09-12T03:19:03.9482561Z Updating files:   9% (2/22)
2026-09-12T03:19:03.9485055Z Updating files:  13% (3/22)
2026-09-12T03:19:03.9835764Z Updating files:  18% (4/22)
2026-09-12T03:19:04.0007561Z Updating files:  22% (5/22)
2026-09-12T03:19:04.0385804Z Updating files:  27% (6/22)
2026-09-12T03:19:04.0955050Z Updating files:  31% (7/22)
2026-09-12T03:19:04.1466151Z Updating files:  36% (8/22)
2026-09-12T03:19:04.1811166Z Updating files:  40% (9/22)
2026-09-12T03:19:04.2188694Z Updating files:  45% (10/22)
2026-09-12T03:19:04.2538811Z Updating files:  50% (11/22)
2026-09-12T03:19:04.2730792Z Updating files:  54% (12/22)
2026-09-12T03:19:04.2732596Z Updating files:  59% (13/22)
2026-09-12T03:19:04.2733541Z Updating files:  63% (14/22)
2026-09-12T03:19:04.2734165Z Updating files:  68% (15/22)
2026-09-12T03:19:04.2734987Z Updating files:  72% (16/22)
2026-09-12T03:19:04.2735462Z Updating files:  77% (17/22)
2026-09-12T03:19:04.2735908Z Updating files:  81% (18/22)
2026-09-12T03:19:04.2736334Z Updating files:  86% (19/22)
2026-09-12T03:19:04.2736770Z Updating files:  90% (20/22)
2026-09-12T03:19:04.2737201Z Updating files:  95% (21/22)
2026-09-12T03:19:04.2737614Z Updating files: 100% (22/22)
2026-09-12T03:19:04.2738315Z Updating files: 100% (22/22), done.
2026-09-12T03:19:04.2746028Z Note: switching to 'b65a07c2aea9ac1e79013540d9cf28a69a190935'.
2026-09-12T03:19:04.2747043Z 
2026-09-12T03:19:04.2747473Z You are in 'detached HEAD' state. You can look around, make experimental
2026-09-12T03:19:04.2748421Z changes and commit them, and you can discard any commits you make in this
2026-09-12T03:19:04.2749072Z state without impacting any branches by switching back to a branch.
2026-09-12T03:19:04.2749467Z 
2026-09-12T03:19:04.2749835Z If you want to create a new branch to retain commits you create, you may
2026-09-12T03:19:04.2750667Z do so (now or later) by using -c with the switch command. Example:
2026-09-12T03:19:04.2751053Z 
2026-09-12T03:19:04.2751324Z   git switch -c <new-branch-name>
2026-09-12T03:19:04.2751648Z 
2026-09-12T03:19:04.2751861Z Or undo this operation with:
2026-09-12T03:19:04.2752162Z 
2026-09-12T03:19:04.2752380Z   git switch -
2026-09-12T03:19:04.2752625Z 
2026-09-12T03:19:04.2752983Z Turn off this advice by setting config variable advice.detachedHead to false
2026-09-12T03:19:04.2753468Z 
2026-09-12T03:19:04.2753876Z HEAD is now at b65a07c archive: persist verified DEPTH40 compatibility V2 parent as exact-byte parts
2026-09-12T03:19:04.2772636Z ##[endgroup]
2026-09-12T03:19:04.2838780Z [command]/usr/bin/git log -1 --format=%H
2026-09-12T03:19:04.2852031Z b65a07c2aea9ac1e79013540d9cf28a69a190935
2026-09-12T03:19:04.2858379Z ##[group]Removing auth
2026-09-12T03:19:04.2859974Z [command]/usr/bin/git config --local --name-only --get-regexp core\.sshCommand
2026-09-12T03:19:04.2879778Z [command]/usr/bin/git submodule foreach --recursive sh -c "git config --local --name-only --get-regexp 'core\.sshCommand' && git config --local --unset-all 'core.sshCommand' || :"
2026-09-12T03:19:04.3021864Z [command]/usr/bin/git config --local --name-only --get-regexp http\.https\:\/\/github\.com\/\.extraheader
2026-09-12T03:19:04.3037894Z http.https://github.com/.extraheader
2026-09-12T03:19:04.3043866Z [command]/usr/bin/git config --local --unset-all http.https://github.com/.extraheader
2026-09-12T03:19:04.3065198Z [command]/usr/bin/git submodule foreach --recursive sh -c "git config --local --name-only --get-regexp 'http\.https\:\/\/github\.com\/\.extraheader' && git config --local --unset-all 'http.https://github.com/.extraheader' || :"
2026-09-12T03:19:04.3199533Z [command]/usr/bin/git config --local --name-only --get-regexp ^includeIf\.gitdir:
2026-09-12T03:19:04.3226995Z [command]/usr/bin/git submodule foreach --recursive git config --local --show-origin --name-only --get-regexp remote.origin.url
2026-09-12T03:19:04.3359013Z ##[endgroup]
2026-09-12T03:19:04.3490866Z Node 20 is being deprecated. This workflow is running with Node 24 by default. If you need to temporarily use Node 20, you can set the ACTIONS_ALLOW_USE_UNSECURE_NODE_VERSION=true environment variable. For more information see: https://github.blog/changelog/2025-09-19-deprecation-of-node-20-on-github-actions-runners/
2026-09-12T03:19:04.3491730Z ##[group]Run actions/setup-python@v5
2026-09-12T03:19:04.3492008Z with:
2026-09-12T03:19:04.3492226Z   python-version: 3.13.5
2026-09-12T03:19:04.3492465Z   check-latest: false
2026-09-12T03:19:04.3494703Z   token: ***
2026-09-12T03:19:04.3495005Z   update-environment: true
2026-09-12T03:19:04.3495270Z   allow-prereleases: false
2026-09-12T03:19:04.3495554Z   freethreaded: false
2026-09-12T03:19:04.3495796Z env:
2026-09-12T03:19:04.3496017Z   PYTHONDONTWRITEBYTECODE: 1
2026-09-12T03:19:04.3496365Z   GO_SOURCE_SHA: 62fdde3cabe72b92fa5dc1b37b7652395fe3aba5
2026-09-12T03:19:04.3496885Z ##[endgroup]
2026-09-12T03:19:04.4453341Z ##[group]Installed versions
2026-09-12T03:19:04.5000607Z Version 3.13.5 was not found in the local cache
2026-09-12T03:19:04.5090580Z (node:2206) [DEP0040] DeprecationWarning: The `punycode` module is deprecated. Please use a userland alternative instead.
2026-09-12T03:19:04.5098805Z (Use `node --trace-deprecation ...` to show where the warning was created)
2026-09-12T03:19:05.2290315Z Version 3.13.5 is available for downloading
2026-09-12T03:19:05.2291065Z Download from "https://github.com/actions/python-versions/releases/download/3.13.5-15601068749/python-3.13.5-linux-24.04-x64.tar.gz"
2026-09-12T03:19:05.4269194Z read ECONNRESET
2026-09-12T03:19:05.4269878Z Waiting 10 seconds before trying again
2026-09-12T03:19:16.1601075Z Extract downloaded archive
2026-09-12T03:19:16.1691253Z [command]/usr/bin/tar xz --warning=no-unknown-keyword --overwrite -C /home/runner/work/_temp/38afa3e8-c357-4e0b-aa95-60117ec30d12 -f /home/runner/work/_temp/5d60cf4f-e10b-48ab-8756-74954f566970
2026-09-12T03:19:18.0024297Z Execute installation script
2026-09-12T03:19:18.0102042Z Check if Python hostedtoolcache folder exist...
2026-09-12T03:19:18.0102851Z Create Python 3.13.5 folder
2026-09-12T03:19:18.0110991Z Copy Python binaries to hostedtoolcache folder
2026-09-12T03:19:18.2337360Z Create additional symlinks (Required for the UsePythonVersion Azure Pipelines task and the setup-python GitHub Action)
2026-09-12T03:19:18.2365767Z Upgrading pip...
2026-09-12T03:19:19.8843676Z Looking in links: /tmp/tmpc1ft9iuw
2026-09-12T03:19:19.8846341Z Requirement already satisfied: pip in /opt/hostedtoolcache/Python/3.13.5/x64/lib/python3.13/site-packages (25.1.1)
2026-09-12T03:19:21.1204785Z Collecting pip
2026-09-12T03:19:21.1814242Z Downloading pip-26.2.1-py3-none-any.whl.metadata (4.6 kB)
2026-09-12T03:19:21.2746447Z Downloading pip-26.2.1-py3-none-any.whl (1.8 MB)
2026-09-12T03:19:21.7535330Z ━━━━━━━━━━━━━━━━━━━━━━━━━━━━━━━━━━━━━━━━ 1.8/1.8 MB 3.6 MB/s eta 0:00:00
2026-09-12T03:19:21.7535732Z 
2026-09-12T03:19:21.7648765Z Installing collected packages: pip
2026-09-12T03:19:21.7649206Z Attempting uninstall: pip
2026-09-12T03:19:21.7678746Z Found existing installation: pip 25.1.1
2026-09-12T03:19:21.7826311Z Uninstalling pip-25.1.1:
2026-09-12T03:19:21.7855778Z Successfully uninstalled pip-25.1.1
2026-09-12T03:19:23.0709118Z Successfully installed pip-26.2.1
2026-09-12T03:19:23.1254190Z Create complete file
2026-09-12T03:19:23.1283212Z Successfully set up CPython (3.13.5)
2026-09-12T03:19:23.1284954Z ##[endgroup]
2026-09-12T03:19:23.1406273Z ##[group]Run python -B -m unittest discover -s packaging/depth41-unified-parent -p test_package_safety.py -v
2026-09-12T03:19:23.1407126Z [36;1mpython -B -m unittest discover -s packaging/depth41-unified-parent -p test_package_safety.py -v[0m
2026-09-12T03:19:23.1433313Z shell: /usr/bin/bash --noprofile --norc -e -o pipefail {0}
2026-09-12T03:19:23.1433622Z env:
2026-09-12T03:19:23.1433911Z   PYTHONDONTWRITEBYTECODE: 1
2026-09-12T03:19:23.1434205Z   GO_SOURCE_SHA: 62fdde3cabe72b92fa5dc1b37b7652395fe3aba5
2026-09-12T03:19:23.1434540Z   pythonLocation: /opt/hostedtoolcache/Python/3.13.5/x64
2026-09-12T03:19:23.1434959Z   PKG_CONFIG_PATH: /opt/hostedtoolcache/Python/3.13.5/x64/lib/pkgconfig
2026-09-12T03:19:23.1435301Z   Python_ROOT_DIR: /opt/hostedtoolcache/Python/3.13.5/x64
2026-09-12T03:19:23.1435709Z   Python2_ROOT_DIR: /opt/hostedtoolcache/Python/3.13.5/x64
2026-09-12T03:19:23.1436037Z   Python3_ROOT_DIR: /opt/hostedtoolcache/Python/3.13.5/x64
2026-09-12T03:19:23.1436484Z   LD_LIBRARY_PATH: /opt/hostedtoolcache/Python/3.13.5/x64/lib
2026-09-12T03:19:23.1436799Z ##[endgroup]
2026-09-12T03:19:23.3852526Z test_archive_traversal_and_symlink_rejected (test_package_safety.PackageSafety.test_archive_traversal_and_symlink_rejected) ... ok
2026-09-12T03:19:23.3857322Z test_restore_preserves_executable_and_refuses_existing (test_package_safety.PackageSafety.test_restore_preserves_executable_and_refuses_existing) ... ok
2026-09-12T03:19:23.4809582Z test_split_roundtrip_and_existing_destination (test_package_safety.PackageSafety.test_split_roundtrip_and_existing_destination) ... ok
2026-09-12T03:19:23.4810766Z 
2026-09-12T03:19:23.4811231Z ----------------------------------------------------------------------
2026-09-12T03:19:23.4812065Z Ran 3 tests in 0.098s
2026-09-12T03:19:23.4812452Z 
2026-09-12T03:19:23.4812740Z OK
2026-09-12T03:19:23.4925567Z ##[group]Run python -B packaging/depth41-unified-parent/build_parent.py
2026-09-12T03:19:23.4925980Z [36;1mpython -B packaging/depth41-unified-parent/build_parent.py[0m
2026-09-12T03:19:23.4944627Z shell: /usr/bin/bash --noprofile --norc -e -o pipefail {0}
2026-09-12T03:19:23.4944921Z env:
2026-09-12T03:19:23.4945180Z   PYTHONDONTWRITEBYTECODE: 1
2026-09-12T03:19:23.4945462Z   GO_SOURCE_SHA: 62fdde3cabe72b92fa5dc1b37b7652395fe3aba5
2026-09-12T03:19:23.4945837Z   pythonLocation: /opt/hostedtoolcache/Python/3.13.5/x64
2026-09-12T03:19:23.4946174Z   PKG_CONFIG_PATH: /opt/hostedtoolcache/Python/3.13.5/x64/lib/pkgconfig
2026-09-12T03:19:23.4946489Z   Python_ROOT_DIR: /opt/hostedtoolcache/Python/3.13.5/x64
2026-09-12T03:19:23.4946817Z   Python2_ROOT_DIR: /opt/hostedtoolcache/Python/3.13.5/x64
2026-09-12T03:19:23.4947120Z   Python3_ROOT_DIR: /opt/hostedtoolcache/Python/3.13.5/x64
2026-09-12T03:19:23.4947429Z   LD_LIBRARY_PATH: /opt/hostedtoolcache/Python/3.13.5/x64/lib
2026-09-12T03:19:23.4949739Z   GO_READ_TOKEN: ***
2026-09-12T03:19:23.4949975Z ##[endgroup]
2026-09-12T03:21:13.7577912Z PARENT_BUILD_REPORT={"build_run_id": "34670014293", "deployment": "NOT_RUN", "files": 1412, "final_release": "HOLD", "image_config_id": "sha256:d826323b10e8ccdd42b5513248e10b99d05b7342e80c286b7651b21d2865a983", "image_loaded": false, "image_rebuilt": true, "image_source_check": "PASS", "offline_image_reload": "PASS", "offline_only": true, "package_integrity": "PASS", "runtime_dependencies_match_regression_lock": true, "source_commit": "62fdde3cabe72b92fa5dc1b37b7652395fe3aba5", "source_files": 1300, "source_tree_sha256": "928468ed31550195dfa8f121832e91b8d08aa9d5c15cef1381d903f76c9f97b3", "zip_bytes": 235693775, "zip_file": "CP11_DEPTH41_UNIFIED_PARENT_V1_20260912.zip", "zip_restore": "PASS", "zip_sha256": "9f631cd819e4091ddec74fa2a812d96eafabcda0127e4c76633c58482291e1b8"}
2026-09-12T03:21:13.7589873Z PARENT_MANIFEST={"application_git_tree": "a73b9b53a59c88ab995d0f9b123c9fb79e87e60d", "application_regression": "SEE_EXACT_SOURCE_RUN", "browser_historical_archive": {"artifact_id": 10288988013, "bytes": 2583575, "historical_only": true, "pass_transferred": false, "sha256": "8d131808c3e8db45918060c7efc98211db7119f71d2974cce75a1aee61c5b322", "source_commit": "c8d2b8021dce80388b8f548257db6a86d227c98a", "status": "ARCHIVED_HASH_VERIFIED", "visual_review_performed": false}, "build_run_id": "34670014293", "compatibility_files_preserved": 19, "deployment_authorized": false, "gates": {"FINAL_RELEASE": "HOLD", "FULL_THREE_END_UX": "HOLD", "SEALED_NODE": "HOLD", "SIX_VERTICAL_CLOSED_LOOP": "HOLD"}, "hk_execution": "NOT_RUN", "image_archive_bytes": 186292695, "image_archive_sha256": "b79c0f88632ee41348bb61528decb22630da08ce8f70901427538d171049ef4d", "image_config_id": "sha256:d826323b10e8ccdd42b5513248e10b99d05b7342e80c286b7651b21d2865a983", "image_rebuilt": true, "image_source_check": "PASS", "image_tag": "go-depth41-unified:pr47-62fdde3cabe7", "offline_image_reload": "PASS", "package_candidate": "CP11_DEPTH41_UNIFIED_PARENT_V1_20260912", "preflight_change": "source identity only; all compatibility/config/database/permission checks retained", "preflight_sha256": "02a4feca7f3b36e11782e246ec75d2ef749262a3565afb79a448381d8219a941", "previous_image_config_id": "sha256:cba95a5ac6f061b8196f953f181952fdad94ab520a12cbeb0e7ee49d9a6de150", "previous_parent_commit": "b65a07c2aea9ac1e79013540d9cf28a69a190935", "previous_parent_preserved": true, "previous_parent_zip_sha256": "421b11f95d0400bdfc69d4053a6d3b54599fa791a0d6b43311b83094bcd51c6a", "production": "HOLD", "requires_overlay_for_restore": false, "requires_previous_artifact_for_restore": false, "runtime_dependencies_match_regression_lock": true, "schema_version": 1, "self_contained": true, "site_binding": "UNBOUND", "source_commit": "62fdde3cabe72b92fa5dc1b37b7652395fe3aba5", "source_files": 1300, "source_tree_sha256": "928468ed31550195dfa8f121832e91b8d08aa9d5c15cef1381d903f76c9f97b3", "status": "UNIQUE_PARENT_PENDING_ACCEPTANCE"}
2026-09-12T03:21:13.7775299Z Node 20 is being deprecated. This workflow is running with Node 24 by default. If you need to temporarily use Node 20, you can set the ACTIONS_ALLOW_USE_UNSECURE_NODE_VERSION=true environment variable. For more information see: https://github.blog/changelog/2025-09-19-deprecation-of-node-20-on-github-actions-runners/
2026-09-12T03:21:13.7776272Z ##[group]Run actions/upload-artifact@v4
2026-09-12T03:21:13.7776555Z with:
2026-09-12T03:21:13.7776871Z   name: GO-DEPTH41-UNIFIED-PARENT-62fdde3cabe72b92fa5dc1b37b7652395fe3aba5
2026-09-12T03:21:13.7777249Z   path: parent-delivery
2026-09-12T03:21:13.7777507Z   if-no-files-found: error
2026-09-12T03:21:13.7777768Z   retention-days: 90
2026-09-12T03:21:13.7778224Z   compression-level: 0
2026-09-12T03:21:13.7778495Z   overwrite: false
2026-09-12T03:21:13.7778735Z   include-hidden-files: false
2026-09-12T03:21:13.7778973Z env:
2026-09-12T03:21:13.7779191Z   PYTHONDONTWRITEBYTECODE: 1
2026-09-12T03:21:13.7779609Z   GO_SOURCE_SHA: 62fdde3cabe72b92fa5dc1b37b7652395fe3aba5
2026-09-12T03:21:13.7779952Z   pythonLocation: /opt/hostedtoolcache/Python/3.13.5/x64
2026-09-12T03:21:13.7780352Z   PKG_CONFIG_PATH: /opt/hostedtoolcache/Python/3.13.5/x64/lib/pkgconfig
2026-09-12T03:21:13.7780740Z   Python_ROOT_DIR: /opt/hostedtoolcache/Python/3.13.5/x64
2026-09-12T03:21:13.7781177Z   Python2_ROOT_DIR: /opt/hostedtoolcache/Python/3.13.5/x64
2026-09-12T03:21:13.7781520Z   Python3_ROOT_DIR: /opt/hostedtoolcache/Python/3.13.5/x64
2026-09-12T03:21:13.7781824Z   LD_LIBRARY_PATH: /opt/hostedtoolcache/Python/3.13.5/x64/lib
2026-09-12T03:21:13.7782115Z ##[endgroup]
2026-09-12T03:21:13.9001031Z (node:2807) [DEP0040] DeprecationWarning: The `punycode` module is deprecated. Please use a userland alternative instead.
2026-09-12T03:21:13.9002162Z (Use `node --trace-deprecation ...` to show where the warning was created)
2026-09-12T03:21:13.9109391Z With the provided path, there will be 5 files uploaded
2026-09-12T03:21:13.9110771Z Artifact name is valid!
2026-09-12T03:21:13.9111471Z Root directory input is valid!
2026-09-12T03:21:14.2198995Z Beginning upload of artifact content to blob storage
2026-09-12T03:21:14.2619303Z (node:2807) [DEP0169] DeprecationWarning: `url.parse()` behavior is not standardized and prone to errors that have security implications. Use the WHATWG URL API instead. CVEs are not issued for `url.parse()` vulnerabilities.
2026-09-12T03:21:14.6799381Z Uploaded bytes 8388608
2026-09-12T03:21:14.6929117Z Uploaded bytes 16777216
2026-09-12T03:21:14.7447451Z Uploaded bytes 25165824
2026-09-12T03:21:14.7933607Z Uploaded bytes 33554432
2026-09-12T03:21:14.8484565Z Uploaded bytes 41943040
2026-09-12T03:21:14.8988957Z Uploaded bytes 50331648
2026-09-12T03:21:15.0049494Z Uploaded bytes 58720256
2026-09-12T03:21:15.0139366Z Uploaded bytes 67108864
2026-09-12T03:21:15.0556109Z Uploaded bytes 75497472
2026-09-12T03:21:15.0709018Z Uploaded bytes 83886080
2026-09-12T03:21:15.2090328Z Uploaded bytes 92274688
2026-09-12T03:21:15.2251630Z Uploaded bytes 100663296
2026-09-12T03:21:15.2447902Z Uploaded bytes 109051904
2026-09-12T03:21:15.3309709Z Uploaded bytes 117440512
2026-09-12T03:21:15.3623508Z Uploaded bytes 125829120
2026-09-12T03:21:15.3868930Z Uploaded bytes 134217728
2026-09-12T03:21:15.4154367Z Uploaded bytes 142606336
2026-09-12T03:21:15.5082335Z Uploaded bytes 150994944
2026-09-12T03:21:15.5163065Z Uploaded bytes 159383552
2026-09-12T03:21:15.5746874Z Uploaded bytes 167772160
2026-09-12T03:21:15.5858747Z Uploaded bytes 176160768
2026-09-12T03:21:15.6734713Z Uploaded bytes 184549376
2026-09-12T03:21:15.6961819Z Uploaded bytes 192937984
2026-09-12T03:21:15.7331641Z Uploaded bytes 201326592
2026-09-12T03:21:15.7868455Z Uploaded bytes 209715200
2026-09-12T03:21:15.8175093Z Uploaded bytes 218103808
2026-09-12T03:21:15.9137394Z Uploaded bytes 226492416
2026-09-12T03:21:15.9173881Z Uploaded bytes 234881024
2026-09-12T03:21:15.9671718Z Uploaded bytes 235704751
2026-09-12T03:21:16.0021961Z Finished uploading artifact content to blob storage!
2026-09-12T03:21:16.0024546Z SHA256 digest of uploaded artifact zip is ef7d6f0fd42473040073ea7397cfe83da347a8398ee828fa05ee4aab9f652012
2026-09-12T03:21:16.0025917Z Finalizing artifact upload
2026-09-12T03:21:16.2096083Z Artifact GO-DEPTH41-UNIFIED-PARENT-62fdde3cabe72b92fa5dc1b37b7652395fe3aba5.zip successfully finalized. Artifact ID 10289943544
2026-09-12T03:21:16.2097611Z Artifact GO-DEPTH41-UNIFIED-PARENT-62fdde3cabe72b92fa5dc1b37b7652395fe3aba5 has been successfully uploaded! Final size is 235704751 bytes. Artifact ID is 10289943544
2026-09-12T03:21:16.2102731Z Artifact download URL: https://github.com/yuguangzhi3836-glitch/GO/actions/runs/34670014293/artifacts/10289943544
2026-09-12T03:21:16.2249916Z Node 20 is being deprecated. This workflow is running with Node 24 by default. If you need to temporarily use Node 20, you can set the ACTIONS_ALLOW_USE_UNSECURE_NODE_VERSION=true environment variable. For more information see: https://github.blog/changelog/2025-09-19-deprecation-of-node-20-on-github-actions-runners/
2026-09-12T03:21:16.2250873Z Post job cleanup.
2026-09-12T03:21:16.3144942Z (node:2819) [DEP0040] DeprecationWarning: The `punycode` module is deprecated. Please use a userland alternative instead.
2026-09-12T03:21:16.3145946Z (Use `node --trace-deprecation ...` to show where the warning was created)
2026-09-12T03:21:16.3319879Z Node 20 is being deprecated. This workflow is running with Node 24 by default. If you need to temporarily use Node 20, you can set the ACTIONS_ALLOW_USE_UNSECURE_NODE_VERSION=true environment variable. For more information see: https://github.blog/changelog/2025-09-19-deprecation-of-node-20-on-github-actions-runners/
2026-09-12T03:21:16.3321230Z Post job cleanup.
2026-09-12T03:21:16.4104613Z [command]/usr/bin/git version
2026-09-12T03:21:16.4139101Z git version 2.55.0
2026-09-12T03:21:16.4201271Z Temporarily overriding HOME='/home/runner/work/_temp/efe7ae84-2e75-4565-88d4-a23f27d72108' before making global git config changes
2026-09-12T03:21:16.4202310Z Adding repository directory to the temporary git global config as a safe directory
2026-09-12T03:21:16.4203097Z [command]/usr/bin/git config --global --add safe.directory /home/runner/work/GO/GO/inputs/previous-parent
2026-09-12T03:21:16.5818890Z [command]/usr/bin/git config --local --name-only --get-regexp core\.sshCommand
2026-09-12T03:21:16.5852207Z [command]/usr/bin/git submodule foreach --recursive sh -c "git config --local --name-only --get-regexp 'core\.sshCommand' && git config --local --unset-all 'core.sshCommand' || :"
2026-09-12T03:21:16.6008548Z [command]/usr/bin/git config --local --name-only --get-regexp http\.https\:\/\/github\.com\/\.extraheader
2026-09-12T03:21:16.6034226Z [command]/usr/bin/git submodule foreach --recursive sh -c "git config --local --name-only --get-regexp 'http\.https\:\/\/github\.com\/\.extraheader' && git config --local --unset-all 'http.https://github.com/.extraheader' || :"
2026-09-12T03:21:16.6181820Z [command]/usr/bin/git config --local --name-only --get-regexp ^includeIf\.gitdir:
2026-09-12T03:21:16.6200178Z [command]/usr/bin/git submodule foreach --recursive git config --local --show-origin --name-only --get-regexp remote.origin.url
2026-09-12T03:21:16.7592241Z Node 20 is being deprecated. This workflow is running with Node 24 by default. If you need to temporarily use Node 20, you can set the ACTIONS_ALLOW_USE_UNSECURE_NODE_VERSION=true environment variable. For more information see: https://github.blog/changelog/2025-09-19-deprecation-of-node-20-on-github-actions-runners/
2026-09-12T03:21:16.7593234Z Post job cleanup.
2026-09-12T03:21:16.8262025Z [command]/usr/bin/git version
2026-09-12T03:21:16.8305716Z git version 2.55.0
2026-09-12T03:21:16.8349028Z Temporarily overriding HOME='/home/runner/work/_temp/8a6add7f-a904-40ca-9371-44fcc72fd629' before making global git config changes
2026-09-12T03:21:16.8349905Z Adding repository directory to the temporary git global config as a safe directory
2026-09-12T03:21:16.8350702Z [command]/usr/bin/git config --global --add safe.directory /home/runner/work/GO/GO
2026-09-12T03:21:16.8398921Z [command]/usr/bin/git config --local --name-only --get-regexp core\.sshCommand
2026-09-12T03:21:16.8473030Z [command]/usr/bin/git submodule foreach --recursive sh -c "git config --local --name-only --get-regexp 'core\.sshCommand' && git config --local --unset-all 'core.sshCommand' || :"
2026-09-12T03:21:16.8759002Z [command]/usr/bin/git config --local --name-only --get-regexp http\.https\:\/\/github\.com\/\.extraheader
2026-09-12T03:21:16.8819154Z [command]/usr/bin/git submodule foreach --recursive sh -c "git config --local --name-only --get-regexp 'http\.https\:\/\/github\.com\/\.extraheader' && git config --local --unset-all 'http.https://github.com/.extraheader' || :"
2026-09-12T03:21:16.9009022Z [command]/usr/bin/git config --local --name-only --get-regexp ^includeIf\.gitdir:
2026-09-12T03:21:16.9088983Z [command]/usr/bin/git submodule foreach --recursive git config --local --show-origin --name-only --get-regexp remote.origin.url
2026-09-12T03:21:16.9313622Z Cleaning up orphan processes
2026-09-12T03:21:16.9489946Z ##[warning]Node.js 20 is deprecated. The following actions target Node.js 20 but are being forced to run on Node.js 24: actions/checkout@v4, actions/setup-python@v5, actions/upload-artifact@v4. For more information see: https://github.blog/changelog/2025-09-19-deprecation-of-node-20-on-github-actions-runners/
