test_bad_or_mixed_deadlines_rejected (test_hotel_cancellation_clock.CancellationClockTests.test_bad_or_mixed_deadlines_rejected) ... ok
test_catalog_missing_evidence_is_rejected (test_hotel_cancellation_clock.CancellationClockTests.test_catalog_missing_evidence_is_rejected) ... ok
test_catalog_other_supplier_evidence_rejected (test_hotel_cancellation_clock.CancellationClockTests.test_catalog_other_supplier_evidence_rejected) ... ok
test_catalog_uses_persisted_supplier_confirmation (test_hotel_cancellation_clock.CancellationClockTests.test_catalog_uses_persisted_supplier_confirmation) ... ok
test_confirmation_before_creation_is_rejected (test_hotel_cancellation_clock.CancellationClockTests.test_confirmation_before_creation_is_rejected) ... ok
test_confirmation_in_future_is_rejected (test_hotel_cancellation_clock.CancellationClockTests.test_confirmation_in_future_is_rejected) ... ok
test_confirmed_anchor_29_30_31_minutes (test_hotel_cancellation_clock.CancellationClockTests.test_confirmed_anchor_29_30_31_minutes) ... ok
test_dst_gap_and_overlap_rejected (test_hotel_cancellation_clock.CancellationClockTests.test_dst_gap_and_overlap_rejected) ... ok
test_exact_cutoff_quote_expiry_is_not_ten_minutes_late (test_hotel_cancellation_clock.CancellationClockTests.test_exact_cutoff_quote_expiry_is_not_ten_minutes_late) ... ok
test_exact_local_deadline_second_boundary (test_hotel_cancellation_clock.CancellationClockTests.test_exact_local_deadline_second_boundary) ... ok
test_invalid_anchor_types_fail_validation (test_hotel_cancellation_clock.CancellationClockTests.test_invalid_anchor_types_fail_validation) ... ok
test_legacy_created_anchor_not_changed_by_later_confirmation (test_hotel_cancellation_clock.CancellationClockTests.test_legacy_created_anchor_not_changed_by_later_confirmation) ... ok
test_legacy_validation_preserves_exact_content_and_no_anchor (test_hotel_cancellation_clock.CancellationClockTests.test_legacy_validation_preserves_exact_content_and_no_anchor) ... ok
test_missing_confirmation_never_falls_back (test_hotel_cancellation_clock.CancellationClockTests.test_missing_confirmation_never_falls_back) ... ok
test_original_wider_rule_stays_free_after_grace (test_hotel_cancellation_clock.CancellationClockTests.test_original_wider_rule_stays_free_after_grace) ... ok
test_repeated_confirmation_does_not_extend_window (test_hotel_cancellation_clock.CancellationClockTests.test_repeated_confirmation_does_not_extend_window) ... ok
test_unrelated_and_nonconfirmation_events_do_not_count (test_hotel_cancellation_clock.CancellationClockTests.test_unrelated_and_nonconfirmation_events_do_not_count) ... ok
test_valid_dst_day_uses_actual_offset (test_hotel_cancellation_clock.CancellationClockTests.test_valid_dst_day_uses_actual_offset) ... ok

----------------------------------------------------------------------
Ran 18 tests in 0.544s

OK
