✔ preview is local and explicitly unsaved; only chosen fields are submitted without OTA images (5.517283ms)
✔ empty selection and stale preview never write hotel data (1.298257ms)
✔ failed import retains text and choices and suppresses internal error codes (2.671956ms)
✔ unexpected import response cannot report success (1.169653ms)
✔ direct image upload sends bytes and rights and reports verified dimensions as unpublished draft (1.479229ms)
✔ image rejection keeps file and rights available for retry with Chinese quality feedback (1.213499ms)
✔ missing rights or oversized file never sends an upload (1.039927ms)
✔ invalid JSON never enables confirmation (1.024183ms)
✔ source room selection requires mapping confirmation without blocking hotel fields (2.48185ms)
✔ malformed room collection cannot enable import (2.768391ms)
✔ preview escapes supplied hotel markup (0.986046ms)
✔ upload response must confirm nonpublished draft and valid dimensions (1.777619ms)
✔ double submission during pending import sends a single request (1.167109ms)
ℹ tests 13
ℹ suites 0
ℹ pass 13
ℹ fail 0
ℹ cancelled 0
ℹ skipped 0
ℹ todo 0
ℹ duration_ms 119.493833
