2026-09-26T04:06:43.9124815Z Current runner version: '2.337.0'
2026-09-26T04:06:43.9161609Z ##[group]Runner Image Provisioner
2026-09-26T04:06:43.9163022Z Hosted Compute Agent
2026-09-26T04:06:43.9164124Z Version: 20260828.587
2026-09-26T04:06:43.9165302Z Commit: abac92662cab4cc7352de4f9f9d2e2419aad9c29
2026-09-26T04:06:43.9166937Z Build Date: 2026-08-28T16:44:25Z
2026-09-26T04:06:43.9168216Z Worker ID: {f4adf36a-7bd8-479d-901e-7293cebf530c}
2026-09-26T04:06:43.9169530Z Azure Region: eastus
2026-09-26T04:06:43.9170494Z ##[endgroup]
2026-09-26T04:06:43.9173114Z ##[group]Operating System
2026-09-26T04:06:43.9174177Z Ubuntu
2026-09-26T04:06:43.9175121Z 24.04.5
2026-09-26T04:06:43.9176068Z LTS
2026-09-26T04:06:43.9177414Z ##[endgroup]
2026-09-26T04:06:43.9178423Z ##[group]Runner Image
2026-09-26T04:06:43.9179597Z Image: ubuntu-24.04
2026-09-26T04:06:43.9180706Z Version: 20260920.314.1
2026-09-26T04:06:43.9182813Z Included Software: https://github.com/actions/runner-images/blob/ubuntu24/20260920.314/images/ubuntu/Ubuntu2404-Readme.md
2026-09-26T04:06:43.9185788Z Image Release: https://github.com/actions/runner-images/releases/tag/ubuntu24%2F20260920.314
2026-09-26T04:06:43.9187949Z ##[endgroup]
2026-09-26T04:06:43.9189979Z ##[group]GITHUB_TOKEN Permissions
2026-09-26T04:06:43.9192596Z Contents: read
2026-09-26T04:06:43.9193840Z Metadata: read
2026-09-26T04:06:43.9194782Z ##[endgroup]
2026-09-26T04:06:43.9198519Z Secret source: Actions
2026-09-26T04:06:43.9200033Z Cache mode: write
2026-09-26T04:06:43.9201313Z Prepare workflow directory
2026-09-26T04:06:43.9800463Z Prepare all required actions
2026-09-26T04:06:43.9871453Z Getting action download info
2026-09-26T04:06:44.2076574Z Download action repository 'actions/checkout@v4' (SHA:11d5960a326750d5838078e36cf38b85af677262)
2026-09-26T04:06:44.3249181Z Download action repository 'actions/setup-python@v5' (SHA:a26af69be951a213d495a4c3e4e4022e16d87065)
2026-09-26T04:06:44.4321752Z Download action repository 'actions/setup-node@v4' (SHA:49933ea5288caeca8642d1e84afbd3f7d6820020)
2026-09-26T04:06:44.5279002Z Download action repository 'actions/upload-artifact@v4' (SHA:ea165f8d65b6e75b540449e92b4886f43607fa02)
2026-09-26T04:06:44.7609509Z Complete job name: regression (0)
2026-09-26T04:06:44.8545061Z ##[group]Run actions/checkout@v4
2026-09-26T04:06:44.8546689Z with:
2026-09-26T04:06:44.8547584Z   ref: 42d71f4eb3a9efacf2f290e31ca1d763b2b77a4f
2026-09-26T04:06:44.8548629Z   persist-credentials: false
2026-09-26T04:06:44.8549617Z   repository: yuguangzhi3836-glitch/GO
2026-09-26T04:06:44.8558152Z   token: ***
2026-09-26T04:06:44.8559064Z   ssh-strict: true
2026-09-26T04:06:44.8559929Z   ssh-user: git
2026-09-26T04:06:44.8560708Z   clean: true
2026-09-26T04:06:44.8561522Z   sparse-checkout-cone-mode: true
2026-09-26T04:06:44.8562502Z   fetch-depth: 1
2026-09-26T04:06:44.8563326Z   fetch-tags: false
2026-09-26T04:06:44.8564160Z   show-progress: true
2026-09-26T04:06:44.8565026Z   lfs: false
2026-09-26T04:06:44.8565803Z   submodules: false
2026-09-26T04:06:44.8567013Z   set-safe-directory: true
2026-09-26T04:06:44.8568006Z   allow-unsafe-pr-checkout: false
2026-09-26T04:06:44.8569477Z env:
2026-09-26T04:06:44.8570330Z   PYTHONDONTWRITEBYTECODE: 1
2026-09-26T04:06:44.8571335Z ##[endgroup]
2026-09-26T04:06:45.1141094Z Syncing repository: yuguangzhi3836-glitch/GO
2026-09-26T04:06:45.1311038Z ##[group]Getting Git version info
2026-09-26T04:06:45.1312247Z Working directory is '/home/runner/work/GO/GO'
2026-09-26T04:06:45.1314615Z [command]/usr/bin/git version
2026-09-26T04:06:45.1315549Z git version 2.55.0
2026-09-26T04:06:45.1319669Z ##[endgroup]
2026-09-26T04:06:45.1328402Z Temporarily overriding HOME='/home/runner/work/_temp/50324e4d-2a75-4861-be0b-f92eef526a58' before making global git config changes
2026-09-26T04:06:45.1339150Z Adding repository directory to the temporary git global config as a safe directory
2026-09-26T04:06:45.1341171Z [command]/usr/bin/git config --global --add safe.directory /home/runner/work/GO/GO
2026-09-26T04:06:45.1344006Z Deleting the contents of '/home/runner/work/GO/GO'
2026-09-26T04:06:45.1346439Z ##[group]Initializing the repository
2026-09-26T04:06:45.1347633Z [command]/usr/bin/git init /home/runner/work/GO/GO
2026-09-26T04:06:45.1349177Z hint: Using 'master' as the name for the initial branch. This default branch name
2026-09-26T04:06:45.1352036Z hint: will change to "main" in Git 3.0. To configure the initial branch name
2026-09-26T04:06:45.1353731Z hint: to use in all of your new repositories, which will suppress this warning,
2026-09-26T04:06:45.1355026Z hint: call:
2026-09-26T04:06:45.1355715Z hint:
2026-09-26T04:06:45.1356898Z hint: 	git config --global init.defaultBranch <name>
2026-09-26T04:06:45.1358069Z hint:
2026-09-26T04:06:45.1359122Z hint: Names commonly chosen instead of 'master' are 'main', 'trunk' and
2026-09-26T04:06:45.1491738Z hint: 'development'. The just-created branch can be renamed via this command:
2026-09-26T04:06:45.1493345Z hint:
2026-09-26T04:06:45.1494164Z hint: 	git branch -m <name>
2026-09-26T04:06:45.1495060Z hint:
2026-09-26T04:06:45.1498451Z hint: Disable this message with "git config set advice.defaultBranchName false"
2026-09-26T04:06:45.1500395Z Initialized empty Git repository in /home/runner/work/GO/GO/.git/
2026-09-26T04:06:45.1503545Z [command]/usr/bin/git remote add origin https://github.com/yuguangzhi3836-glitch/GO
2026-09-26T04:06:45.1507027Z ##[endgroup]
2026-09-26T04:06:45.1508382Z ##[group]Disabling automatic garbage collection
2026-09-26T04:06:45.1509490Z [command]/usr/bin/git config --local gc.auto 0
2026-09-26T04:06:45.1511872Z ##[endgroup]
2026-09-26T04:06:45.1513045Z ##[group]Setting up auth
2026-09-26T04:06:45.1514202Z [command]/usr/bin/git config --local --name-only --get-regexp core\.sshCommand
2026-09-26T04:06:45.1518222Z [command]/usr/bin/git submodule foreach --recursive sh -c "git config --local --name-only --get-regexp 'core\.sshCommand' && git config --local --unset-all 'core.sshCommand' || :"
2026-09-26T04:06:45.2073833Z [command]/usr/bin/git config --local --name-only --get-regexp http\.https\:\/\/github\.com\/\.extraheader
2026-09-26T04:06:45.2081470Z [command]/usr/bin/git submodule foreach --recursive sh -c "git config --local --name-only --get-regexp 'http\.https\:\/\/github\.com\/\.extraheader' && git config --local --unset-all 'http.https://github.com/.extraheader' || :"
2026-09-26T04:06:45.2110465Z [command]/usr/bin/git config --local --name-only --get-regexp ^includeIf\.gitdir:
2026-09-26T04:06:45.2150326Z [command]/usr/bin/git submodule foreach --recursive git config --local --show-origin --name-only --get-regexp remote.origin.url
2026-09-26T04:06:45.2396108Z [command]/usr/bin/git config --local http.https://github.com/.extraheader AUTHORIZATION: basic ***
2026-09-26T04:06:45.2441696Z ##[endgroup]
2026-09-26T04:06:45.2443837Z ##[group]Fetching the repository
2026-09-26T04:06:45.2453195Z [command]/usr/bin/git -c protocol.version=2 fetch --no-tags --prune --no-recurse-submodules --depth=1 origin 42d71f4eb3a9efacf2f290e31ca1d763b2b77a4f
2026-09-26T04:06:56.7163233Z From https://github.com/yuguangzhi3836-glitch/GO
2026-09-26T04:06:56.7175654Z  * branch            42d71f4eb3a9efacf2f290e31ca1d763b2b77a4f -> FETCH_HEAD
2026-09-26T04:06:56.7177847Z ##[endgroup]
2026-09-26T04:06:56.7178353Z ##[group]Determining the checkout info
2026-09-26T04:06:56.7178855Z ##[endgroup]
2026-09-26T04:06:56.7179176Z [command]/usr/bin/git sparse-checkout disable
2026-09-26T04:06:56.7247411Z [command]/usr/bin/git config --local --unset-all extensions.worktreeConfig
2026-09-26T04:06:56.7287598Z ##[group]Checking out the ref
2026-09-26T04:06:56.7289835Z [command]/usr/bin/git checkout --progress --force 42d71f4eb3a9efacf2f290e31ca1d763b2b77a4f
2026-09-26T04:06:58.3659485Z Updating files:  35% (2306/6504)
2026-09-26T04:06:58.3695089Z Updating files:  36% (2342/6504)
2026-09-26T04:06:58.3741918Z Updating files:  37% (2407/6504)
2026-09-26T04:06:58.3804827Z Updating files:  38% (2472/6504)
2026-09-26T04:06:58.3931789Z Updating files:  39% (2537/6504)
2026-09-26T04:06:58.4023360Z Updating files:  40% (2602/6504)
2026-09-26T04:06:58.4076103Z Updating files:  41% (2667/6504)
2026-09-26T04:06:58.4105151Z Updating files:  42% (2732/6504)
2026-09-26T04:06:58.4146444Z Updating files:  43% (2797/6504)
2026-09-26T04:06:58.4182730Z Updating files:  44% (2862/6504)
2026-09-26T04:06:58.4219966Z Updating files:  45% (2927/6504)
2026-09-26T04:06:58.4251497Z Updating files:  46% (2992/6504)
2026-09-26T04:06:58.4289573Z Updating files:  47% (3057/6504)
2026-09-26T04:06:58.4345822Z Updating files:  48% (3122/6504)
2026-09-26T04:06:58.4392395Z Updating files:  49% (3187/6504)
2026-09-26T04:06:58.4442296Z Updating files:  50% (3252/6504)
2026-09-26T04:06:58.4490144Z Updating files:  51% (3318/6504)
2026-09-26T04:06:58.4529861Z Updating files:  52% (3383/6504)
2026-09-26T04:06:58.4572495Z Updating files:  53% (3448/6504)
2026-09-26T04:06:58.4611243Z Updating files:  54% (3513/6504)
2026-09-26T04:06:58.4651354Z Updating files:  55% (3578/6504)
2026-09-26T04:06:58.5617834Z Updating files:  56% (3643/6504)
2026-09-26T04:06:58.5696808Z Updating files:  57% (3708/6504)
2026-09-26T04:06:58.5774309Z Updating files:  58% (3773/6504)
2026-09-26T04:06:58.6059919Z Updating files:  59% (3838/6504)
2026-09-26T04:06:58.6405407Z Updating files:  60% (3903/6504)
2026-09-26T04:06:58.6792998Z Updating files:  61% (3968/6504)
2026-09-26T04:06:58.6837555Z Updating files:  62% (4033/6504)
2026-09-26T04:06:58.6870279Z Updating files:  63% (4098/6504)
2026-09-26T04:06:58.6905864Z Updating files:  64% (4163/6504)
2026-09-26T04:06:58.6979820Z Updating files:  65% (4228/6504)
2026-09-26T04:06:58.7012790Z Updating files:  66% (4293/6504)
2026-09-26T04:06:58.7046084Z Updating files:  67% (4358/6504)
2026-09-26T04:06:58.7089183Z Updating files:  68% (4423/6504)
2026-09-26T04:06:58.7136264Z Updating files:  69% (4488/6504)
2026-09-26T04:06:58.7176204Z Updating files:  70% (4553/6504)
2026-09-26T04:06:58.7212717Z Updating files:  71% (4618/6504)
2026-09-26T04:06:58.7259294Z Updating files:  72% (4683/6504)
2026-09-26T04:06:58.7335865Z Updating files:  73% (4748/6504)
2026-09-26T04:06:58.7404401Z Updating files:  74% (4813/6504)
2026-09-26T04:06:58.7427030Z Updating files:  74% (4875/6504)
2026-09-26T04:06:58.7713259Z Updating files:  75% (4878/6504)
2026-09-26T04:06:58.8193915Z Updating files:  76% (4944/6504)
2026-09-26T04:06:58.8262843Z Updating files:  77% (5009/6504)
2026-09-26T04:06:58.8333849Z Updating files:  78% (5074/6504)
2026-09-26T04:06:58.8393681Z Updating files:  79% (5139/6504)
2026-09-26T04:06:58.8424217Z Updating files:  80% (5204/6504)
2026-09-26T04:06:58.8448593Z Updating files:  81% (5269/6504)
2026-09-26T04:06:58.8472519Z Updating files:  82% (5334/6504)
2026-09-26T04:06:58.8496579Z Updating files:  83% (5399/6504)
2026-09-26T04:06:58.8536561Z Updating files:  84% (5464/6504)
2026-09-26T04:06:58.8596904Z Updating files:  85% (5529/6504)
2026-09-26T04:06:58.8642675Z Updating files:  86% (5594/6504)
2026-09-26T04:06:58.8677878Z Updating files:  87% (5659/6504)
2026-09-26T04:06:58.8711822Z Updating files:  88% (5724/6504)
2026-09-26T04:06:58.8758979Z Updating files:  89% (5789/6504)
2026-09-26T04:06:58.8799059Z Updating files:  90% (5854/6504)
2026-09-26T04:06:58.8829590Z Updating files:  91% (5919/6504)
2026-09-26T04:06:58.8861589Z Updating files:  92% (5984/6504)
2026-09-26T04:06:58.8929315Z Updating files:  93% (6049/6504)
2026-09-26T04:06:58.8956726Z Updating files:  94% (6114/6504)
2026-09-26T04:06:58.8988103Z Updating files:  95% (6179/6504)
2026-09-26T04:06:58.9033171Z Updating files:  96% (6244/6504)
2026-09-26T04:06:58.9075234Z Updating files:  97% (6309/6504)
2026-09-26T04:06:58.9113204Z Updating files:  98% (6374/6504)
2026-09-26T04:06:58.9148224Z Updating files:  99% (6439/6504)
2026-09-26T04:06:58.9149646Z Updating files: 100% (6504/6504)
2026-09-26T04:06:58.9150401Z Updating files: 100% (6504/6504), done.
2026-09-26T04:06:59.7623451Z Note: switching to '42d71f4eb3a9efacf2f290e31ca1d763b2b77a4f'.
2026-09-26T04:06:59.7625287Z 
2026-09-26T04:06:59.7625855Z You are in 'detached HEAD' state. You can look around, make experimental
2026-09-26T04:06:59.7626971Z changes and commit them, and you can discard any commits you make in this
2026-09-26T04:06:59.7628181Z state without impacting any branches by switching back to a branch.
2026-09-26T04:06:59.7628677Z 
2026-09-26T04:06:59.7629025Z If you want to create a new branch to retain commits you create, you may
2026-09-26T04:06:59.7629815Z do so (now or later) by using -c with the switch command. Example:
2026-09-26T04:06:59.7630220Z 
2026-09-26T04:06:59.7630334Z   git switch -c <new-branch-name>
2026-09-26T04:06:59.7630522Z 
2026-09-26T04:06:59.7630625Z Or undo this operation with:
2026-09-26T04:06:59.7630791Z 
2026-09-26T04:06:59.7630885Z   git switch -
2026-09-26T04:06:59.7631006Z 
2026-09-26T04:06:59.7631226Z Turn off this advice by setting config variable advice.detachedHead to false
2026-09-26T04:06:59.7631539Z 
2026-09-26T04:06:59.7631859Z HEAD is now at 42d71f4 test: bind round7 candidate and preserve independent failures for complete CI review
2026-09-26T04:06:59.9284469Z ##[endgroup]
2026-09-26T04:06:59.9690737Z [command]/usr/bin/git log -1 --format=%H
2026-09-26T04:06:59.9729717Z 42d71f4eb3a9efacf2f290e31ca1d763b2b77a4f
2026-09-26T04:06:59.9771300Z ##[group]Removing auth
2026-09-26T04:06:59.9787790Z [command]/usr/bin/git config --local --name-only --get-regexp core\.sshCommand
2026-09-26T04:06:59.9814308Z [command]/usr/bin/git submodule foreach --recursive sh -c "git config --local --name-only --get-regexp 'core\.sshCommand' && git config --local --unset-all 'core.sshCommand' || :"
2026-09-26T04:07:00.0080215Z [command]/usr/bin/git config --local --name-only --get-regexp http\.https\:\/\/github\.com\/\.extraheader
2026-09-26T04:07:00.0111174Z http.https://github.com/.extraheader
2026-09-26T04:07:00.0133032Z [command]/usr/bin/git config --local --unset-all http.https://github.com/.extraheader
2026-09-26T04:07:00.0592034Z [command]/usr/bin/git submodule foreach --recursive sh -c "git config --local --name-only --get-regexp 'http\.https\:\/\/github\.com\/\.extraheader' && git config --local --unset-all 'http.https://github.com/.extraheader' || :"
2026-09-26T04:07:00.0877507Z [command]/usr/bin/git config --local --name-only --get-regexp ^includeIf\.gitdir:
2026-09-26T04:07:00.0913855Z [command]/usr/bin/git submodule foreach --recursive git config --local --show-origin --name-only --get-regexp remote.origin.url
2026-09-26T04:07:00.1159015Z ##[endgroup]
2026-09-26T04:07:00.1652289Z ##[group]Run actions/setup-python@v5
2026-09-26T04:07:00.1653205Z with:
2026-09-26T04:07:00.1653645Z   python-version: 3.13.5
2026-09-26T04:07:00.1654230Z   check-latest: false
2026-09-26T04:07:00.1660058Z   token: ***
2026-09-26T04:07:00.1660362Z   update-environment: true
2026-09-26T04:07:00.1660695Z   allow-prereleases: false
2026-09-26T04:07:00.1661003Z   freethreaded: false
2026-09-26T04:07:00.1661272Z env:
2026-09-26T04:07:00.1661530Z   PYTHONDONTWRITEBYTECODE: 1
2026-09-26T04:07:00.1661846Z ##[endgroup]
2026-09-26T04:07:00.3235875Z ##[group]Installed versions
2026-09-26T04:07:00.3259224Z Version 3.13.5 was not found in the local cache
2026-09-26T04:07:00.3437920Z (node:2117) [DEP0040] DeprecationWarning: The `punycode` module is deprecated. Please use a userland alternative instead.
2026-09-26T04:07:00.3450307Z (Use `node --trace-deprecation ...` to show where the warning was created)
2026-09-26T04:07:00.8315893Z Version 3.13.5 is available for downloading
2026-09-26T04:07:00.8317703Z Download from "https://github.com/actions/python-versions/releases/download/3.13.5-15601068749/python-3.13.5-linux-24.04-x64.tar.gz"
2026-09-26T04:07:01.7760569Z Extract downloaded archive
2026-09-26T04:07:01.7929404Z [command]/usr/bin/tar xz --warning=no-unknown-keyword --overwrite -C /home/runner/work/_temp/a861cea1-00e5-4bee-8249-e0e22d598ef2 -f /home/runner/work/_temp/1d5b2c34-4a2a-482a-b280-1aa03ea7d782
2026-09-26T04:07:04.2622327Z Execute installation script
2026-09-26T04:07:04.2813114Z Check if Python hostedtoolcache folder exist...
2026-09-26T04:07:04.2820800Z Create Python 3.13.5 folder
2026-09-26T04:07:04.6694961Z Copy Python binaries to hostedtoolcache folder
2026-09-26T04:07:05.3198125Z Create additional symlinks (Required for the UsePythonVersion Azure Pipelines task and the setup-python GitHub Action)
2026-09-26T04:07:05.3267086Z Upgrading pip...
2026-09-26T04:07:07.6132182Z Looking in links: /tmp/tmpbnt4wuad
2026-09-26T04:07:07.6137939Z Requirement already satisfied: pip in /opt/hostedtoolcache/Python/3.13.5/x64/lib/python3.13/site-packages (25.1.1)
2026-09-26T04:07:09.0827672Z Collecting pip
2026-09-26T04:07:09.1159299Z Downloading pip-26.2.1-py3-none-any.whl.metadata (4.6 kB)
2026-09-26T04:07:09.1271478Z Downloading pip-26.2.1-py3-none-any.whl (1.8 MB)
2026-09-26T04:07:09.1678520Z ━━━━━━━━━━━━━━━━━━━━━━━━━━━━━━━━━━━━━━━━ 1.8/1.8 MB 69.2 MB/s eta 0:00:00
2026-09-26T04:07:09.1684509Z 
2026-09-26T04:07:09.1873807Z Installing collected packages: pip
2026-09-26T04:07:09.1875801Z Attempting uninstall: pip
2026-09-26T04:07:09.1904924Z Found existing installation: pip 25.1.1
2026-09-26T04:07:09.2247045Z Uninstalling pip-25.1.1:
2026-09-26T04:07:09.2301366Z Successfully uninstalled pip-25.1.1
2026-09-26T04:07:10.7867269Z Successfully installed pip-26.2.1
2026-09-26T04:07:10.8397646Z Create complete file
2026-09-26T04:07:10.8438806Z Successfully set up CPython (3.13.5)
2026-09-26T04:07:10.8440463Z ##[endgroup]
2026-09-26T04:07:10.8739217Z ##[group]Run actions/setup-node@v4
2026-09-26T04:07:10.8739701Z with:
2026-09-26T04:07:10.8740043Z   node-version: 22.22.0
2026-09-26T04:07:10.8740445Z   always-auth: false
2026-09-26T04:07:10.8740828Z   check-latest: false
2026-09-26T04:07:10.8747076Z   token: ***
2026-09-26T04:07:10.8747438Z env:
2026-09-26T04:07:10.8747811Z   PYTHONDONTWRITEBYTECODE: 1
2026-09-26T04:07:10.8748390Z   pythonLocation: /opt/hostedtoolcache/Python/3.13.5/x64
2026-09-26T04:07:10.8749176Z   PKG_CONFIG_PATH: /opt/hostedtoolcache/Python/3.13.5/x64/lib/pkgconfig
2026-09-26T04:07:10.8749955Z   Python_ROOT_DIR: /opt/hostedtoolcache/Python/3.13.5/x64
2026-09-26T04:07:10.8750652Z   Python2_ROOT_DIR: /opt/hostedtoolcache/Python/3.13.5/x64
2026-09-26T04:07:10.8751277Z   Python3_ROOT_DIR: /opt/hostedtoolcache/Python/3.13.5/x64
2026-09-26T04:07:10.8751685Z   LD_LIBRARY_PATH: /opt/hostedtoolcache/Python/3.13.5/x64/lib
2026-09-26T04:07:10.8752009Z ##[endgroup]
2026-09-26T04:07:11.0793207Z Attempting to download 22.22.0...
2026-09-26T04:07:11.1248491Z (node:2193) [DEP0040] DeprecationWarning: The `punycode` module is deprecated. Please use a userland alternative instead.
2026-09-26T04:07:11.1250382Z (Use `node --trace-deprecation ...` to show where the warning was created)
2026-09-26T04:07:11.5544168Z Acquiring 22.22.0 - x64 from https://github.com/actions/node-versions/releases/download/22.22.0-20981702931/node-22.22.0-linux-x64.tar.gz
2026-09-26T04:07:12.1122872Z Extracting ...
2026-09-26T04:07:12.1264772Z [command]/usr/bin/tar xz --strip 1 --warning=no-unknown-keyword --overwrite -C /home/runner/work/_temp/75782c63-0b01-4887-aebd-9078f634d403 -f /home/runner/work/_temp/0793d5e1-e05f-44b4-988b-940782ce5968
2026-09-26T04:07:13.5207559Z Adding to the cache ...
2026-09-26T04:07:16.2837908Z ##[group]Environment details
2026-09-26T04:07:16.5707989Z node: v22.22.0
2026-09-26T04:07:16.5708683Z npm: 10.9.4
2026-09-26T04:07:16.5709156Z yarn: 1.22.22
2026-09-26T04:07:16.5709986Z ##[endgroup]
2026-09-26T04:07:16.5924319Z ##[group]Run python ci/retention/verify_source.py "$RUNNER_TEMP/evidence/source"
2026-09-26T04:07:16.5924974Z [36;1mpython ci/retention/verify_source.py "$RUNNER_TEMP/evidence/source"[0m
2026-09-26T04:07:16.5925623Z [36;1mpython ci/retention/verify_alignment.py "$RUNNER_TEMP/evidence/source/ALIGNMENT_RESULT.json"[0m
2026-09-26T04:07:16.6246609Z shell: /usr/bin/bash --noprofile --norc -e -o pipefail {0}
2026-09-26T04:07:16.6247027Z env:
2026-09-26T04:07:16.6247266Z   PYTHONDONTWRITEBYTECODE: 1
2026-09-26T04:07:16.6247626Z   pythonLocation: /opt/hostedtoolcache/Python/3.13.5/x64
2026-09-26T04:07:16.6248123Z   PKG_CONFIG_PATH: /opt/hostedtoolcache/Python/3.13.5/x64/lib/pkgconfig
2026-09-26T04:07:16.6248603Z   Python_ROOT_DIR: /opt/hostedtoolcache/Python/3.13.5/x64
2026-09-26T04:07:16.6249041Z   Python2_ROOT_DIR: /opt/hostedtoolcache/Python/3.13.5/x64
2026-09-26T04:07:16.6249721Z   Python3_ROOT_DIR: /opt/hostedtoolcache/Python/3.13.5/x64
2026-09-26T04:07:16.6250189Z   LD_LIBRARY_PATH: /opt/hostedtoolcache/Python/3.13.5/x64/lib
2026-09-26T04:07:16.6250559Z ##[endgroup]
2026-09-26T04:07:16.9700646Z {"product_candidate_commit": "8f66ebfc2c54bd76de91d5062ccb444a7f43179f", "gate_commit": "42d71f4eb3a9efacf2f290e31ca1d763b2b77a4f", "application_tree": "85d01481aa5775f2f9e45673cd56786644c7b70f", "source_files": 1542, "source_tree_sha256": "628dfe93c9c56b2c8f3d76c61399c3ee6ae6fd706237a008ad0f83bf9288c2a6", "inherited_baseline_blob": "8eda2e86ad5164c0e8203a068026ef195cb3f995", "approved_overrides": [".pytest_cache/v/cache/nodeids", "alembic/versions/0134_flight_status_width.py", "alembic/versions/0135_go_ai_execution.py", "alembic/versions/0135_journey_search_trigram.py", "alembic/versions/0136_merge_go_ai_journey.py", "alembic/versions/0137_hosted_money_unknown_episode.py", "alembic/versions/0138_supplier_library_import.py", "alembic/versions/0139_hosted_publication_review.py", "ci/next_depth/c11_postgres.py", "ci/next_depth/c12_transaction_capacity.py", "docs/evidence/aoluguya-expanded-gallery-20260918/C13_REVIEW.json", "docs/evidence/aoluguya-expanded-gallery-20260918/FINAL_TEST.log", "docs/evidence/aoluguya-expanded-gallery-20260918/PR198_HISTORICAL_GALLERY_TEST.mjs.txt", "docs/evidence/aoluguya-expanded-gallery-20260918/PR198_HISTORICAL_TEST.log", "docs/evidence/aoluguya-expanded-gallery-20260918/REVIEW.md", "docs/evidence/aoluguya-expanded-gallery-20260918/SOURCE_PROVENANCE.json", "frontend/admin/config.js", "frontend/admin/hotel-direct-review.js", "frontend/admin/hotel-page-factory.js", "frontend/admin/index.html", "frontend/admin/rental-deposit-finance.js", "frontend/admin/ride-policy-operations.js", "frontend/consumer/app.js", "frontend/consumer/booking-travelers.js", "frontend/consumer/date-range.js", "frontend/consumer/flight-journeys.js", "frontend/consumer/index.html", "frontend/consumer/rental-after-sales.js", "frontend/consumer/rental-deposit.js", "frontend/consumer/rental-operations.js", "frontend/consumer/styles.css", "frontend/consumer/travel-status.js", "frontend/consumer/vi-reference-10.css", "frontend/shared/api.js", "frontend/shared/app.js", "frontend/shared/registration-terms.js", "frontend/shared/rental-operations.js", "frontend/supplier/config.js", "frontend/supplier/index.html", "mobile/go-app/scripts/contract-check.mjs", "mobile/go-app/src/components/MobilitySearchForm.tsx", "mobile/go-app/src/domain/bookingIntent.ts", "mobile/go-app/src/domain/mobilitySearchInput.ts", "mobile/go-app/src/domain/orderActions.ts", "mobile/go-app/src/screens/ChangeBookingScreen.tsx", "mobile/go-app/src/screens/CheckoutScreen.tsx", "mobile/go-app/src/screens/FlightTripDetailScreen.tsx", "mobile/go-app/src/screens/HomeScreen.tsx", "mobile/go-app/src/screens/HotelListScreen.tsx", "mobile/go-app/src/screens/MobilityTripDetailScreen.tsx", "mobile/go-app/src/screens/RentalSearchScreen.tsx", "mobile/go-app/src/screens/RideSearchScreen.tsx", "mobile/go-app/src/screens/TravelProfileImportScreen.tsx", "mobile/go-app/src/screens/TripsScreen.tsx", "mobile/go-app/src/screens/WalletScreen.tsx", "pyproject.toml", "scripts/acceptance_runtime.py", "scripts/fixtures/ride-cancellation.synthetic.json", "scripts/r82_rc142_external_sandbox_executor_gate.py", "scripts/staging_aoluguya_hosted_direct_bootstrap.py", "scripts/test_catalog_graph_visibility.py", "scripts/test_catalog_scope.py", "scripts/test_catalog_scope_postgres.py", "scripts/test_hotel_search_event_loop.py", "src/go_hotel/api/idempotency.py", "src/go_hotel/api/routes/attractions.py", "src/go_hotel/api/routes/bff.py", "src/go_hotel/api/routes/consumer_identity.py", "src/go_hotel/api/routes/consumer_unified_lifecycle.py", "src/go_hotel/api/routes/flight.py", "src/go_hotel/api/routes/hosted_direct_booking.py", "src/go_hotel/api/routes/hotel.py", "src/go_hotel/api/routes/hotel_autopage_factory.py", "src/go_hotel/api/routes/hotel_direct_submission.py", "src/go_hotel/api/routes/hotel_partner_core.py", "src/go_hotel/api/routes/journey.py", "src/go_hotel/api/routes/mobility.py", "src/go_hotel/api/routes/omnichannel_payment.py", "src/go_hotel/api/routes/operations_console.py", "src/go_hotel/api/routes/personal_travel_vault.py", "src/go_hotel/api/routes/registration_terms.py", "src/go_hotel/api/routes/rental_damage.py", "src/go_hotel/api/routes/rental_deposit.py", "src/go_hotel/api/routes/rental_deposit_money.py", "src/go_hotel/api/routes/rental_operations.py", "src/go_hotel/api/routes/ride_policy_operations.py", "src/go_hotel/attractions/policy_registry.py", "src/go_hotel/attractions/service.py", "src/go_hotel/autonomy/action_control.py", "src/go_hotel/autonomy/condition_evidence.py", "src/go_hotel/autonomy/types.py", "src/go_hotel/connectors/external_sandbox_runtime.py", "src/go_hotel/connectors/supplier_runtime_controls.py", "src/go_hotel/consumer/service.py", "src/go_hotel/core/config.py", "src/go_hotel/db/models.py", "src/go_hotel/flight/airports.py", "src/go_hotel/flight/coupon_authority.py", "src/go_hotel/flight/journeys.py", "src/go_hotel/go_ai/planner.py", "src/go_hotel/go_ai/service.py", "src/go_hotel/journey/service.py", "src/go_hotel/judgment/service.py", "src/go_hotel/legal/registration/2026-09-19-draft-v1/consumer_service_terms.md", "src/go_hotel/legal/registration/2026-09-19-draft-v1/data_processing_terms.md", "src/go_hotel/legal/registration/2026-09-19-draft-v1/electronic_signature_authorization.md", "src/go_hotel/legal/registration/2026-09-19-draft-v1/personal_vault_terms.md", "src/go_hotel/legal/registration/2026-09-19-draft-v1/platform_operating_rules.md", "src/go_hotel/legal/registration/2026-09-19-draft-v1/privacy_policy.md", "src/go_hotel/legal/registration/2026-09-19-draft-v1/registry.json", "src/go_hotel/legal/registration/2026-09-19-draft-v1/supplier_service_terms.md", "src/go_hotel/legal/registration/2026-09-19-draft-v2/consumer_service_terms.md", "src/go_hotel/legal/registration/2026-09-19-draft-v2/data_processing_terms.md", "src/go_hotel/legal/registration/2026-09-19-draft-v2/electronic_signature_authorization.md", "src/go_hotel/legal/registration/2026-09-19-draft-v2/personal_vault_terms.md", "src/go_hotel/legal/registration/2026-09-19-draft-v2/platform_operating_rules.md", "src/go_hotel/legal/registration/2026-09-19-draft-v2/privacy_policy.md", "src/go_hotel/legal/registration/2026-09-19-draft-v2/registry.json", "src/go_hotel/legal/registration/2026-09-19-draft-v2/supplier_service_terms.md", "src/go_hotel/main.py", "src/go_hotel/mobility/rental/damage.py", "src/go_hotel/mobility/rental/deposit_authority.py", "src/go_hotel/mobility/rental/reconciliation.py", "src/go_hotel/mobility/ride/cancellation_policy.py", "src/go_hotel/mobility/ride/policy_operations.py", "src/go_hotel/mobility/ride/recovery_evidence.py", "src/go_hotel/mobility/ride/refunds.py", "src/go_hotel/mobility/ride/service.py", "src/go_hotel/mobility/service.py", "src/go_hotel/queue/durable_regional.py", "src/go_hotel/rail/service.py", "src/go_hotel/repositories/sql.py", "src/go_hotel/routing/router.py", "src/go_hotel/security/deps.py", "src/go_hotel/security/external_navigation.py", "src/go_hotel/security/service.py", "src/go_hotel/services/alipay_safeguarded_settlement.py", "src/go_hotel/services/aoluguya_supply_truth.py", "src/go_hotel/services/booking.py", "src/go_hotel/services/catalog_fare_snapshot.py", "src/go_hotel/services/catalog_scope.py", "src/go_hotel/services/consumer_ota_comparison.py", "src/go_hotel/services/consumer_unified_lifecycle.py", "src/go_hotel/services/flight_change_resolution.py", "src/go_hotel/services/flight_command_lease.py", "src/go_hotel/services/hosted_content_acceptance.py", "src/go_hotel/services/hosted_direct_booking.py", "src/go_hotel/services/hosted_fare_rules.py", "src/go_hotel/services/hosted_frontdesk_uat.py", "src/go_hotel/services/hosted_money.py", "src/go_hotel/services/hosted_operation_authority.py", "src/go_hotel/services/hosted_publication.py", "src/go_hotel/services/hosted_reservation_operations.py", "src/go_hotel/services/hotel_autopage_factory.py", "src/go_hotel/services/hotel_cancellation_clock.py", "src/go_hotel/services/hotel_catalog_quality.py", "src/go_hotel/services/hotel_direct_submission_manifest.py", "src/go_hotel/services/hotel_direct_submission_publication.py", "src/go_hotel/services/hotel_direct_submission_review.py", "src/go_hotel/services/hotel_direct_submission_verification.py", "src/go_hotel/services/hotel_discovery_orchestrator.py", "src/go_hotel/services/hotel_infrastructure_p0.py", "src/go_hotel/services/hotel_original_verification_scope.py", "src/go_hotel/services/hotel_partner_core.py", "src/go_hotel/services/hotel_partner_media_upload.py", "src/go_hotel/services/omnichannel_payment.py", "src/go_hotel/services/order_supplier_fulfillment.py", "src/go_hotel/services/outbox.py", "src/go_hotel/services/payment_sandbox_runtime.py", "src/go_hotel/services/personal_travel_vault.py", "src/go_hotel/services/production_connector_runtime.py", "src/go_hotel/services/real_external_execution.py", "src/go_hotel/services/recovery.py", "src/go_hotel/services/regional_hotel_build.py", "src/go_hotel/services/registration_terms.py", "src/go_hotel/services/rental_deposit_money.py", "src/go_hotel/services/rental_deposit_review.py", "src/go_hotel/services/supplier_onboarding.py", "src/go_hotel/services/unified_money_movement.py", "src/go_hotel/services/vertical_lifecycle_projection.py", "src/go_hotel/services/vertical_transaction_bridge.py", "src/go_hotel/travel_intelligence/preferences.py", "src/go_hotel/travel_intelligence/service.py", "tests/autonomy/test_policy_lifecycle_binding.py", "tests/c07_preference_process_actor.py", "tests/conftest.py", "tests/flight/test_c02_airport_resolver.py", "tests/flight/test_c02_three_end_change_quote.py", "tests/go_ai/c08_hard_exit_worker.py", "tests/go_ai/test_c08_complete_task_plan.py", "tests/go_ai/test_c08_durable_execution.py", "tests/hosted_review_support.py", "tests/journey/test_c10_pagination_search.py", "tests/judgment/test_next_depth_concurrent_judgment.py", "tests/manual/HOTEL_LIBRARY_BROWSER_ACCEPTANCE.md", "tests/manual/hotel_library_browser_harness.py", "tests/manual/hotel_library_http_acceptance.py", "tests/payments/test_c11_deposit_compensation.py", "tests/payments/test_c11_deposit_ledger_width.py", "tests/payments/test_c11_deposit_maintained_award.py", "tests/payments/test_c11_deposit_operations_review.py", "tests/payments/test_c11_flight_idempotency_recovery.py", "tests/payments/test_c11_rental_deposit_money.py", "tests/payments/test_c11_ride_acceptance_guard.py", "tests/registration_terms_fixture.cjs", "tests/registration_terms_test_support.py", "tests/ride_cancellation_fixture.py", "tests/test_account_holder_http_integration.py", "tests/test_agent_native_lifecycle_p03.py", "tests/test_agent_transaction_gateway_six_vertical.py", "tests/test_agent_transaction_lifecycle_p02.py", "tests/test_alipay_safeguarded_settlement_activation.py", "tests/test_aoluguya_staging_bootstrap_cycle.py", "tests/test_c01_hosted_content_authority.py", "tests/test_c01_hosted_media_authority.py", "tests/test_c01_hosted_operating_journey.py", "tests/test_c03_c06_change_quote_fencing.py", "tests/test_c05_cancellation_policy.py", "tests/test_c05_engineering_currency.py", "tests/test_c05_policy_operations.py", "tests/test_c06_internal_policy_registry.py", "tests/test_c10_lifecycle_supplier_identity.py", "tests/test_c10_supplier_money_projection.py", "tests/test_c10_unknown_payment_projection.py", "tests/test_c11_consumer_payment_source_boundary.py", "tests/test_c12_capacity_harness_guards.py", "tests/test_catalog_scope_nationwide.py", "tests/test_catalog_scope_nationwide_ui.cjs", "tests/test_consumer_ota_acceptance_contract.py", "tests/test_consumer_ota_security_boundaries.py", "tests/test_consumer_registration_open.py", "tests/test_consumer_registration_ui.cjs", "tests/test_ctrip_rate_plan_identity.py", "tests/test_depth04_vault_management.py", "tests/test_depth05_flight_parties.py", "tests/test_depth06_direct_checkout.py", "tests/test_depth08_hosted_fare.py", "tests/test_depth18_regional_queue.py", "tests/test_depth19_ride_sync.py", "tests/test_depth23_capacity.py", "tests/test_depth25_migration_history.py", "tests/test_depth27_session_isolation.py", "tests/test_depth29_trip_reentry.py", "tests/test_depth30_native_api_contract.py", "tests/test_depth33_mobility_refund_consent.py", "tests/test_depth35_refresh_scope.py", "tests/test_depth42_cross_end_journeys.py", "tests/test_depth47_credit_original_deadline.py", "tests/test_depth48_flight_migration.py", "tests/test_external_order_money_projection.py", "tests/test_external_order_verification_clock.py", "tests/test_external_orders_in_go_trips.py", "tests/test_final_depth_terminal_hardening.py", "tests/test_final_depth_vault_booking_entry.py", "tests/test_first_go_hosted_direct_booking_pilot.py", "tests/test_guest_stay_fulfillment_settlement_eligibility.py", "tests/test_hosted_content_operations_acceptance.py", "tests/test_hosted_direct_reservation_operations.py", "tests/test_hosted_frontdesk_uat_daily_close.py", "tests/test_hotel_cancellation_clock.py", "tests/test_hotel_direct_review_ui.cjs", "tests/test_hotel_direct_submission_api.py", "tests/test_hotel_direct_submission_full_app.py", "tests/test_hotel_direct_submission_gallery_probe.py", "tests/test_hotel_direct_submission_inspection.py", "tests/test_hotel_direct_submission_manifest.py", "tests/test_hotel_direct_submission_publication.py", "tests/test_hotel_direct_submission_real_identity.py", "tests/test_hotel_direct_submission_review.py", "tests/test_hotel_direct_submission_verification.py", "tests/test_hotel_original_verification_scope.py", "tests/test_hotel_partner_media_publication.py", "tests/test_hotel_partner_media_upload.py", "tests/test_hotel_partner_selected_import.py", "tests/test_hotel_partner_self_operating_core.py", "tests/test_hotel_property_workspace.py", "tests/test_hotel_source_room_mapping.py", "tests/test_master03_closure.py", "tests/test_master03_inventory_security.py", "tests/test_member_comparison_quote_validity.py", "tests/test_member_product_comparability.py", "tests/test_nationwide_registration_full_app.py", "tests/test_next_depth_c06_supplier_validity.py", "tests/test_omnichannel_payment_finance_os.py", "tests/test_outbox_resilience.py", "tests/test_p0_0097_0098_rebuild.py", "tests/test_p0_0100_real_external_execution.py", "tests/test_p0_0101_postgres_race_matrix.py", "tests/test_p0_final_virtual_closure_stress.py", "tests/test_parent_implementation_code_review_debt_closure.py", "tests/test_personal_travel_vault.py", "tests/test_post_stay_dispute_refund_reconciliation.py", "tests/test_rc191_registration_vault_tiered_build.py", "tests/test_rc20_2_all_b_to_a.py", "tests/test_registration_terms_admission.py", "tests/test_registration_terms_reader.cjs", "tests/test_registration_terms_registry.py", "tests/test_rental_compensation_authority.py", "tests/test_rental_damage_disputes.py", "tests/test_rental_deposit_authority.py", "tests/test_rental_operations.py", "tests/test_round2_c07_explicit_preferences.py", "tests/test_sprint1y_consumer_identity.py", "tests/test_sprint1z_mobile.py", "tests/test_sprint2a_mobile_e2e.py", "tests/test_sprint2b_mobile_release.py", "tests/test_sprint3a_flight.py", "tests/test_sprint3b_rail.py", "tests/test_sprint3c_mobility.py", "tests/test_sprint3d_attractions.py", "tests/test_sprint3e_unified_trips.py", "tests/test_sprint3f_journey_intelligence.py", "tests/test_sprint3g_journey_recovery.py", "tests/test_supplier_hotel_import_ui.cjs", "tests/test_supplier_import_migration.py", "tests/test_supplier_onboarding_and_member_comparison.py", "tests/test_supplier_preflight_runtime.py", "tests/test_supplier_registration_nationwide.py", "tests/test_supplier_registration_ui.cjs", "tests/test_supplier_runtime_controls.py", "tests/test_unified_money_movement_finance_close.py", "tests/test_v70_next_c01_authorization_replay.py", "tests/test_v70_next_c01_unknown_funding.py", "tests/test_v70_next_c05_recovery_evidence.py", "tests/test_v70_r3_c02_coupon_authority.py", "tests/test_v70_r3_c04_admin_reconciliation.py", "tests/test_v70_r3_c04_http_get_zero_write.py", "tests/test_v70_r3_c05_current_unknown_episode.py", "tests/test_v70_r4_c01_unknown_episode.py", "tests/test_v70_r4_c05_episode_reference_reuse.py", "tests/test_v70_r4_c05_failed_episode.py", "tests/test_v70_r4_c07_consent_provenance.py", "tests/test_v70_r5_c05_concurrent_unknown.py", "tests/test_v70_r5_c06_raw_payload_binding.py", "tests/test_v70_r6_c02_partial_party_authority.py", "tests/test_v70_round2_c05_recovery_fulfillment.py", "tests_frontend/booking_intent.test.mjs", "tests_frontend/brand_v14.test.mjs", "tests_frontend/date_range.test.mjs", "tests_frontend/fixtures/aoluguya_hyatt_expanded_40_plan.json", "tests_frontend/fixtures/aoluguya_hyatt_gallery_harvest_plan.json", "tests_frontend/fixtures/aoluguya_hyatt_gallery_harvest_plan_legacy_jpeg.json", "tests_frontend/fixtures/aoluguya_normalized_ingest_plan.json", "tests_frontend/hotel_catalog_contacts.test.mjs", "tests_frontend/hotel_catalog_hyatt_gallery.test.mjs", "tests_frontend/hotel_catalog_reviewed_import.test.mjs", "tests_frontend/mobile_mobility_search_input.test.mjs", "tests_frontend/mobile_order_actions.test.mjs", "tests_frontend/native_api_bridge.mjs", "tests_frontend/rental_deposit_operations.test.mjs", "tests_frontend/rental_operations_adapter.test.mjs", "tests_frontend/ride_policy_operations.test.mjs"], "migration_head": "0139_hosted_publication_review", "byte_retention": "PASS", "deployment": "NOT_RUN", "final_release": "HOLD", "production": "HOLD"}
2026-09-26T04:07:17.2414204Z {"commit": "42d71f4eb3a9efacf2f290e31ca1d763b2b77a4f", "product_candidate_commit": "8f66ebfc2c54bd76de91d5062ccb444a7f43179f", "application_tree": "85d01481aa5775f2f9e45673cd56786644c7b70f", "selected_source_files": 1542, "retained_baseline_files": 1300, "registered_acceptance_repairs": 144, "approved_integration_overrides": ["application/.pytest_cache/v/cache/nodeids", "application/alembic/versions/0134_flight_status_width.py", "application/alembic/versions/0135_go_ai_execution.py", "application/alembic/versions/0135_journey_search_trigram.py", "application/alembic/versions/0136_merge_go_ai_journey.py", "application/alembic/versions/0137_hosted_money_unknown_episode.py", "application/alembic/versions/0138_supplier_library_import.py", "application/alembic/versions/0139_hosted_publication_review.py", "application/ci/next_depth/c11_postgres.py", "application/ci/next_depth/c12_transaction_capacity.py", "application/docs/evidence/aoluguya-expanded-gallery-20260918/C13_REVIEW.json", "application/docs/evidence/aoluguya-expanded-gallery-20260918/FINAL_TEST.log", "application/docs/evidence/aoluguya-expanded-gallery-20260918/PR198_HISTORICAL_GALLERY_TEST.mjs.txt", "application/docs/evidence/aoluguya-expanded-gallery-20260918/PR198_HISTORICAL_TEST.log", "application/docs/evidence/aoluguya-expanded-gallery-20260918/REVIEW.md", "application/docs/evidence/aoluguya-expanded-gallery-20260918/SOURCE_PROVENANCE.json", "application/frontend/admin/config.js", "application/frontend/admin/hotel-direct-review.js", "application/frontend/admin/hotel-page-factory.js", "application/frontend/admin/index.html", "application/frontend/admin/rental-deposit-finance.js", "application/frontend/admin/ride-policy-operations.js", "application/frontend/consumer/app.js", "application/frontend/consumer/booking-travelers.js", "application/frontend/consumer/date-range.js", "application/frontend/consumer/flight-journeys.js", "application/frontend/consumer/index.html", "application/frontend/consumer/rental-after-sales.js", "application/frontend/consumer/rental-deposit.js", "application/frontend/consumer/rental-operations.js", "application/frontend/consumer/styles.css", "application/frontend/consumer/travel-status.js", "application/frontend/consumer/vi-reference-10.css", "application/frontend/shared/api.js", "application/frontend/shared/app.js", "application/frontend/shared/registration-terms.js", "application/frontend/shared/rental-operations.js", "application/frontend/supplier/config.js", "application/frontend/supplier/index.html", "application/mobile/go-app/scripts/contract-check.mjs", "application/mobile/go-app/src/components/MobilitySearchForm.tsx", "application/mobile/go-app/src/domain/bookingIntent.ts", "application/mobile/go-app/src/domain/mobilitySearchInput.ts", "application/mobile/go-app/src/domain/orderActions.ts", "application/mobile/go-app/src/screens/ChangeBookingScreen.tsx", "application/mobile/go-app/src/screens/CheckoutScreen.tsx", "application/mobile/go-app/src/screens/FlightTripDetailScreen.tsx", "application/mobile/go-app/src/screens/HomeScreen.tsx", "application/mobile/go-app/src/screens/HotelListScreen.tsx", "application/mobile/go-app/src/screens/MobilityTripDetailScreen.tsx", "application/mobile/go-app/src/screens/RentalSearchScreen.tsx", "application/mobile/go-app/src/screens/RideSearchScreen.tsx", "application/mobile/go-app/src/screens/TravelProfileImportScreen.tsx", "application/mobile/go-app/src/screens/TripsScreen.tsx", "application/mobile/go-app/src/screens/WalletScreen.tsx", "application/pyproject.toml", "application/scripts/acceptance_runtime.py", "application/scripts/fixtures/ride-cancellation.synthetic.json", "application/scripts/r82_rc142_external_sandbox_executor_gate.py", "application/scripts/staging_aoluguya_hosted_direct_bootstrap.py", "application/scripts/test_catalog_graph_visibility.py", "application/scripts/test_catalog_scope.py", "application/scripts/test_catalog_scope_postgres.py", "application/scripts/test_hotel_search_event_loop.py", "application/src/go_hotel/api/idempotency.py", "application/src/go_hotel/api/routes/attractions.py", "application/src/go_hotel/api/routes/bff.py", "application/src/go_hotel/api/routes/consumer_identity.py", "application/src/go_hotel/api/routes/consumer_unified_lifecycle.py", "application/src/go_hotel/api/routes/flight.py", "application/src/go_hotel/api/routes/hosted_direct_booking.py", "application/src/go_hotel/api/routes/hotel.py", "application/src/go_hotel/api/routes/hotel_autopage_factory.py", "application/src/go_hotel/api/routes/hotel_direct_submission.py", "application/src/go_hotel/api/routes/hotel_partner_core.py", "application/src/go_hotel/api/routes/journey.py", "application/src/go_hotel/api/routes/mobility.py", "application/src/go_hotel/api/routes/omnichannel_payment.py", "application/src/go_hotel/api/routes/operations_console.py", "application/src/go_hotel/api/routes/personal_travel_vault.py", "application/src/go_hotel/api/routes/registration_terms.py", "application/src/go_hotel/api/routes/rental_damage.py", "application/src/go_hotel/api/routes/rental_deposit.py", "application/src/go_hotel/api/routes/rental_deposit_money.py", "application/src/go_hotel/api/routes/rental_operations.py", "application/src/go_hotel/api/routes/ride_policy_operations.py", "application/src/go_hotel/attractions/policy_registry.py", "application/src/go_hotel/attractions/service.py", "application/src/go_hotel/autonomy/action_control.py", "application/src/go_hotel/autonomy/condition_evidence.py", "application/src/go_hotel/autonomy/types.py", "application/src/go_hotel/connectors/external_sandbox_runtime.py", "application/src/go_hotel/connectors/supplier_runtime_controls.py", "application/src/go_hotel/consumer/service.py", "application/src/go_hotel/core/config.py", "application/src/go_hotel/db/models.py", "application/src/go_hotel/flight/airports.py", "application/src/go_hotel/flight/coupon_authority.py", "application/src/go_hotel/flight/journeys.py", "application/src/go_hotel/go_ai/planner.py", "application/src/go_hotel/go_ai/service.py", "application/src/go_hotel/journey/service.py", "application/src/go_hotel/judgment/service.py", "application/src/go_hotel/legal/registration/2026-09-19-draft-v1/consumer_service_terms.md", "application/src/go_hotel/legal/registration/2026-09-19-draft-v1/data_processing_terms.md", "application/src/go_hotel/legal/registration/2026-09-19-draft-v1/electronic_signature_authorization.md", "application/src/go_hotel/legal/registration/2026-09-19-draft-v1/personal_vault_terms.md", "application/src/go_hotel/legal/registration/2026-09-19-draft-v1/platform_operating_rules.md", "application/src/go_hotel/legal/registration/2026-09-19-draft-v1/privacy_policy.md", "application/src/go_hotel/legal/registration/2026-09-19-draft-v1/registry.json", "application/src/go_hotel/legal/registration/2026-09-19-draft-v1/supplier_service_terms.md", "application/src/go_hotel/legal/registration/2026-09-19-draft-v2/consumer_service_terms.md", "application/src/go_hotel/legal/registration/2026-09-19-draft-v2/data_processing_terms.md", "application/src/go_hotel/legal/registration/2026-09-19-draft-v2/electronic_signature_authorization.md", "application/src/go_hotel/legal/registration/2026-09-19-draft-v2/personal_vault_terms.md", "application/src/go_hotel/legal/registration/2026-09-19-draft-v2/platform_operating_rules.md", "application/src/go_hotel/legal/registration/2026-09-19-draft-v2/privacy_policy.md", "application/src/go_hotel/legal/registration/2026-09-19-draft-v2/registry.json", "application/src/go_hotel/legal/registration/2026-09-19-draft-v2/supplier_service_terms.md", "application/src/go_hotel/main.py", "application/src/go_hotel/mobility/rental/damage.py", "application/src/go_hotel/mobility/rental/deposit_authority.py", "application/src/go_hotel/mobility/rental/reconciliation.py", "application/src/go_hotel/mobility/ride/cancellation_policy.py", "application/src/go_hotel/mobility/ride/policy_operations.py", "application/src/go_hotel/mobility/ride/recovery_evidence.py", "application/src/go_hotel/mobility/ride/refunds.py", "application/src/go_hotel/mobility/ride/service.py", "application/src/go_hotel/mobility/service.py", "application/src/go_hotel/queue/durable_regional.py", "application/src/go_hotel/rail/service.py", "application/src/go_hotel/repositories/sql.py", "application/src/go_hotel/routing/router.py", "application/src/go_hotel/security/deps.py", "application/src/go_hotel/security/external_navigation.py", "application/src/go_hotel/security/service.py", "application/src/go_hotel/services/alipay_safeguarded_settlement.py", "application/src/go_hotel/services/aoluguya_supply_truth.py", "application/src/go_hotel/services/booking.py", "application/src/go_hotel/services/catalog_fare_snapshot.py", "application/src/go_hotel/services/catalog_scope.py", "application/src/go_hotel/services/consumer_ota_comparison.py", "application/src/go_hotel/services/consumer_unified_lifecycle.py", "application/src/go_hotel/services/flight_change_resolution.py", "application/src/go_hotel/services/flight_command_lease.py", "application/src/go_hotel/services/hosted_content_acceptance.py", "application/src/go_hotel/services/hosted_direct_booking.py", "application/src/go_hotel/services/hosted_fare_rules.py", "application/src/go_hotel/services/hosted_frontdesk_uat.py", "application/src/go_hotel/services/hosted_money.py", "application/src/go_hotel/services/hosted_operation_authority.py", "application/src/go_hotel/services/hosted_publication.py", "application/src/go_hotel/services/hosted_reservation_operations.py", "application/src/go_hotel/services/hotel_autopage_factory.py", "application/src/go_hotel/services/hotel_cancellation_clock.py", "application/src/go_hotel/services/hotel_catalog_quality.py", "application/src/go_hotel/services/hotel_direct_submission_manifest.py", "application/src/go_hotel/services/hotel_direct_submission_publication.py", "application/src/go_hotel/services/hotel_direct_submission_review.py", "application/src/go_hotel/services/hotel_direct_submission_verification.py", "application/src/go_hotel/services/hotel_discovery_orchestrator.py", "application/src/go_hotel/services/hotel_infrastructure_p0.py", "application/src/go_hotel/services/hotel_original_verification_scope.py", "application/src/go_hotel/services/hotel_partner_core.py", "application/src/go_hotel/services/hotel_partner_media_upload.py", "application/src/go_hotel/services/omnichannel_payment.py", "application/src/go_hotel/services/order_supplier_fulfillment.py", "application/src/go_hotel/services/outbox.py", "application/src/go_hotel/services/payment_sandbox_runtime.py", "application/src/go_hotel/services/personal_travel_vault.py", "application/src/go_hotel/services/production_connector_runtime.py", "application/src/go_hotel/services/real_external_execution.py", "application/src/go_hotel/services/recovery.py", "application/src/go_hotel/services/regional_hotel_build.py", "application/src/go_hotel/services/registration_terms.py", "application/src/go_hotel/services/rental_deposit_money.py", "application/src/go_hotel/services/rental_deposit_review.py", "application/src/go_hotel/services/supplier_onboarding.py", "application/src/go_hotel/services/unified_money_movement.py", "application/src/go_hotel/services/vertical_lifecycle_projection.py", "application/src/go_hotel/services/vertical_transaction_bridge.py", "application/src/go_hotel/travel_intelligence/preferences.py", "application/src/go_hotel/travel_intelligence/service.py", "application/tests/autonomy/test_policy_lifecycle_binding.py", "application/tests/c07_preference_process_actor.py", "application/tests/conftest.py", "application/tests/flight/test_c02_airport_resolver.py", "application/tests/flight/test_c02_three_end_change_quote.py", "application/tests/go_ai/c08_hard_exit_worker.py", "application/tests/go_ai/test_c08_complete_task_plan.py", "application/tests/go_ai/test_c08_durable_execution.py", "application/tests/hosted_review_support.py", "application/tests/journey/test_c10_pagination_search.py", "application/tests/judgment/test_next_depth_concurrent_judgment.py", "application/tests/manual/HOTEL_LIBRARY_BROWSER_ACCEPTANCE.md", "application/tests/manual/hotel_library_browser_harness.py", "application/tests/manual/hotel_library_http_acceptance.py", "application/tests/payments/test_c11_deposit_compensation.py", "application/tests/payments/test_c11_deposit_ledger_width.py", "application/tests/payments/test_c11_deposit_maintained_award.py", "application/tests/payments/test_c11_deposit_operations_review.py", "application/tests/payments/test_c11_flight_idempotency_recovery.py", "application/tests/payments/test_c11_rental_deposit_money.py", "application/tests/payments/test_c11_ride_acceptance_guard.py", "application/tests/registration_terms_fixture.cjs", "application/tests/registration_terms_test_support.py", "application/tests/ride_cancellation_fixture.py", "application/tests/test_account_holder_http_integration.py", "application/tests/test_agent_native_lifecycle_p03.py", "application/tests/test_agent_transaction_gateway_six_vertical.py", "application/tests/test_agent_transaction_lifecycle_p02.py", "application/tests/test_alipay_safeguarded_settlement_activation.py", "application/tests/test_aoluguya_staging_bootstrap_cycle.py", "application/tests/test_c01_hosted_content_authority.py", "application/tests/test_c01_hosted_media_authority.py", "application/tests/test_c01_hosted_operating_journey.py", "application/tests/test_c03_c06_change_quote_fencing.py", "application/tests/test_c05_cancellation_policy.py", "application/tests/test_c05_engineering_currency.py", "application/tests/test_c05_policy_operations.py", "application/tests/test_c06_internal_policy_registry.py", "application/tests/test_c10_lifecycle_supplier_identity.py", "application/tests/test_c10_supplier_money_projection.py", "application/tests/test_c10_unknown_payment_projection.py", "application/tests/test_c11_consumer_payment_source_boundary.py", "application/tests/test_c12_capacity_harness_guards.py", "application/tests/test_catalog_scope_nationwide.py", "application/tests/test_catalog_scope_nationwide_ui.cjs", "application/tests/test_consumer_ota_acceptance_contract.py", "application/tests/test_consumer_ota_security_boundaries.py", "application/tests/test_consumer_registration_open.py", "application/tests/test_consumer_registration_ui.cjs", "application/tests/test_ctrip_rate_plan_identity.py", "application/tests/test_depth04_vault_management.py", "application/tests/test_depth05_flight_parties.py", "application/tests/test_depth06_direct_checkout.py", "application/tests/test_depth08_hosted_fare.py", "application/tests/test_depth18_regional_queue.py", "application/tests/test_depth19_ride_sync.py", "application/tests/test_depth23_capacity.py", "application/tests/test_depth25_migration_history.py", "application/tests/test_depth27_session_isolation.py", "application/tests/test_depth29_trip_reentry.py", "application/tests/test_depth30_native_api_contract.py", "application/tests/test_depth33_mobility_refund_consent.py", "application/tests/test_depth35_refresh_scope.py", "application/tests/test_depth42_cross_end_journeys.py", "application/tests/test_depth47_credit_original_deadline.py", "application/tests/test_depth48_flight_migration.py", "application/tests/test_external_order_money_projection.py", "application/tests/test_external_order_verification_clock.py", "application/tests/test_external_orders_in_go_trips.py", "application/tests/test_final_depth_terminal_hardening.py", "application/tests/test_final_depth_vault_booking_entry.py", "application/tests/test_first_go_hosted_direct_booking_pilot.py", "application/tests/test_guest_stay_fulfillment_settlement_eligibility.py", "application/tests/test_hosted_content_operations_acceptance.py", "application/tests/test_hosted_direct_reservation_operations.py", "application/tests/test_hosted_frontdesk_uat_daily_close.py", "application/tests/test_hotel_cancellation_clock.py", "application/tests/test_hotel_direct_review_ui.cjs", "application/tests/test_hotel_direct_submission_api.py", "application/tests/test_hotel_direct_submission_full_app.py", "application/tests/test_hotel_direct_submission_gallery_probe.py", "application/tests/test_hotel_direct_submission_inspection.py", "application/tests/test_hotel_direct_submission_manifest.py", "application/tests/test_hotel_direct_submission_publication.py", "application/tests/test_hotel_direct_submission_real_identity.py", "application/tests/test_hotel_direct_submission_review.py", "application/tests/test_hotel_direct_submission_verification.py", "application/tests/test_hotel_original_verification_scope.py", "application/tests/test_hotel_partner_media_publication.py", "application/tests/test_hotel_partner_media_upload.py", "application/tests/test_hotel_partner_selected_import.py", "application/tests/test_hotel_partner_self_operating_core.py", "application/tests/test_hotel_property_workspace.py", "application/tests/test_hotel_source_room_mapping.py", "application/tests/test_master03_closure.py", "application/tests/test_master03_inventory_security.py", "application/tests/test_member_comparison_quote_validity.py", "application/tests/test_member_product_comparability.py", "application/tests/test_nationwide_registration_full_app.py", "application/tests/test_next_depth_c06_supplier_validity.py", "application/tests/test_omnichannel_payment_finance_os.py", "application/tests/test_outbox_resilience.py", "application/tests/test_p0_0097_0098_rebuild.py", "application/tests/test_p0_0100_real_external_execution.py", "application/tests/test_p0_0101_postgres_race_matrix.py", "application/tests/test_p0_final_virtual_closure_stress.py", "application/tests/test_parent_implementation_code_review_debt_closure.py", "application/tests/test_personal_travel_vault.py", "application/tests/test_post_stay_dispute_refund_reconciliation.py", "application/tests/test_rc191_registration_vault_tiered_build.py", "application/tests/test_rc20_2_all_b_to_a.py", "application/tests/test_registration_terms_admission.py", "application/tests/test_registration_terms_reader.cjs", "application/tests/test_registration_terms_registry.py", "application/tests/test_rental_compensation_authority.py", "application/tests/test_rental_damage_disputes.py", "application/tests/test_rental_deposit_authority.py", "application/tests/test_rental_operations.py", "application/tests/test_round2_c07_explicit_preferences.py", "application/tests/test_sprint1y_consumer_identity.py", "application/tests/test_sprint1z_mobile.py", "application/tests/test_sprint2a_mobile_e2e.py", "application/tests/test_sprint2b_mobile_release.py", "application/tests/test_sprint3a_flight.py", "application/tests/test_sprint3b_rail.py", "application/tests/test_sprint3c_mobility.py", "application/tests/test_sprint3d_attractions.py", "application/tests/test_sprint3e_unified_trips.py", "application/tests/test_sprint3f_journey_intelligence.py", "application/tests/test_sprint3g_journey_recovery.py", "application/tests/test_supplier_hotel_import_ui.cjs", "application/tests/test_supplier_import_migration.py", "application/tests/test_supplier_onboarding_and_member_comparison.py", "application/tests/test_supplier_preflight_runtime.py", "application/tests/test_supplier_registration_nationwide.py", "application/tests/test_supplier_registration_ui.cjs", "application/tests/test_supplier_runtime_controls.py", "application/tests/test_unified_money_movement_finance_close.py", "application/tests/test_v70_next_c01_authorization_replay.py", "application/tests/test_v70_next_c01_unknown_funding.py", "application/tests/test_v70_next_c05_recovery_evidence.py", "application/tests/test_v70_r3_c02_coupon_authority.py", "application/tests/test_v70_r3_c04_admin_reconciliation.py", "application/tests/test_v70_r3_c04_http_get_zero_write.py", "application/tests/test_v70_r3_c05_current_unknown_episode.py", "application/tests/test_v70_r4_c01_unknown_episode.py", "application/tests/test_v70_r4_c05_episode_reference_reuse.py", "application/tests/test_v70_r4_c05_failed_episode.py", "application/tests/test_v70_r4_c07_consent_provenance.py", "application/tests/test_v70_r5_c05_concurrent_unknown.py", "application/tests/test_v70_r5_c06_raw_payload_binding.py", "application/tests/test_v70_r6_c02_partial_party_authority.py", "application/tests/test_v70_round2_c05_recovery_fulfillment.py", "application/tests_frontend/booking_intent.test.mjs", "application/tests_frontend/brand_v14.test.mjs", "application/tests_frontend/date_range.test.mjs", "application/tests_frontend/fixtures/aoluguya_hyatt_expanded_40_plan.json", "application/tests_frontend/fixtures/aoluguya_hyatt_gallery_harvest_plan.json", "application/tests_frontend/fixtures/aoluguya_hyatt_gallery_harvest_plan_legacy_jpeg.json", "application/tests_frontend/fixtures/aoluguya_normalized_ingest_plan.json", "application/tests_frontend/hotel_catalog_contacts.test.mjs", "application/tests_frontend/hotel_catalog_hyatt_gallery.test.mjs", "application/tests_frontend/hotel_catalog_reviewed_import.test.mjs", "application/tests_frontend/mobile_mobility_search_input.test.mjs", "application/tests_frontend/mobile_order_actions.test.mjs", "application/tests_frontend/native_api_bridge.mjs", "application/tests_frontend/rental_deposit_operations.test.mjs", "application/tests_frontend/rental_operations_adapter.test.mjs", "application/tests_frontend/ride_policy_operations.test.mjs"], "selection_counts": {"BOTH": 1264, "PR47": 35, "PR48": 1}, "pr47_application_changes": ["application/frontend/shared/app.js"], "archived_tooling_files": 8, "alignment": "PASS", "migration_head": "0139_hosted_publication_review", "historical_pass_transferred": false, "full_three_end_ux": "HOLD", "six_vertical_closed_loop": "HOLD", "sealed_node": "HOLD", "final_release": "HOLD"}
2026-09-26T04:07:17.2523500Z ##[group]Run python ci/retention/dependencies.py --repository . --output "$RUNNER_TEMP/frozen"
2026-09-26T04:07:17.2524242Z [36;1mpython ci/retention/dependencies.py --repository . --output "$RUNNER_TEMP/frozen"[0m
2026-09-26T04:07:17.2524993Z [36;1mpython -m pip install --no-index --find-links "$RUNNER_TEMP/frozen/wheelhouse" -r ci/retention/requirements.lock[0m
2026-09-26T04:07:17.2588694Z shell: /usr/bin/bash --noprofile --norc -e -o pipefail {0}
2026-09-26T04:07:17.2589052Z env:
2026-09-26T04:07:17.2589280Z   PYTHONDONTWRITEBYTECODE: 1
2026-09-26T04:07:17.2589621Z   pythonLocation: /opt/hostedtoolcache/Python/3.13.5/x64
2026-09-26T04:07:17.2590074Z   PKG_CONFIG_PATH: /opt/hostedtoolcache/Python/3.13.5/x64/lib/pkgconfig
2026-09-26T04:07:17.2590512Z   Python_ROOT_DIR: /opt/hostedtoolcache/Python/3.13.5/x64
2026-09-26T04:07:17.2590902Z   Python2_ROOT_DIR: /opt/hostedtoolcache/Python/3.13.5/x64
2026-09-26T04:07:17.2591325Z   Python3_ROOT_DIR: /opt/hostedtoolcache/Python/3.13.5/x64
2026-09-26T04:07:17.2591713Z   LD_LIBRARY_PATH: /opt/hostedtoolcache/Python/3.13.5/x64/lib
2026-09-26T04:07:17.2592056Z ##[endgroup]
2026-09-26T04:07:17.5921652Z {"archive_sha256": "b13a76ab9351f81da70e8e2c8873c20141abe953cd3f96aeb181ef86a34b58dd", "verified_wheels": 37, "source": "pinned GO repository ci/dependency_parts only", "application_source_restored": false}
2026-09-26T04:07:18.5012108Z Looking in links: /home/runner/work/_temp/frozen/wheelhouse
2026-09-26T04:07:18.5114611Z Processing /home/runner/work/_temp/frozen/wheelhouse/alembic-1.16.5-py3-none-any.whl (from -r ci/retention/requirements.lock (line 1))
2026-09-26T04:07:18.5189316Z Processing /home/runner/work/_temp/frozen/wheelhouse/annotated_doc-0.0.4-py3-none-any.whl (from -r ci/retention/requirements.lock (line 2))
2026-09-26T04:07:18.5221493Z Processing /home/runner/work/_temp/frozen/wheelhouse/annotated_types-0.7.0-py3-none-any.whl (from -r ci/retention/requirements.lock (line 3))
2026-09-26T04:07:18.5252307Z Processing /home/runner/work/_temp/frozen/wheelhouse/anyio-4.13.0-py3-none-any.whl (from -r ci/retention/requirements.lock (line 4))
2026-09-26T04:07:18.5289869Z Processing /home/runner/work/_temp/frozen/wheelhouse/certifi-2026.5.20-py3-none-any.whl (from -r ci/retention/requirements.lock (line 5))
2026-09-26T04:07:18.5316600Z Processing /home/runner/work/_temp/frozen/wheelhouse/cffi-2.0.0-cp313-cp313-manylinux_2_17_x86_64.whl (from -r ci/retention/requirements.lock (line 6))
2026-09-26T04:07:18.5345517Z Processing /home/runner/work/_temp/frozen/wheelhouse/click-8.5.0-py3-none-any.whl (from -r ci/retention/requirements.lock (line 7))
2026-09-26T04:07:18.5374743Z Processing /home/runner/work/_temp/frozen/wheelhouse/cryptography-46.0.4-cp311-abi3-manylinux_2_34_x86_64.whl (from -r ci/retention/requirements.lock (line 8))
2026-09-26T04:07:18.5469666Z Processing /home/runner/work/_temp/frozen/wheelhouse/fastapi-0.128.2-py3-none-any.whl (from -r ci/retention/requirements.lock (line 9))
2026-09-26T04:07:18.5536549Z Processing /home/runner/work/_temp/frozen/wheelhouse/greenlet-3.5.1-cp313-cp313-manylinux_2_24_x86_64.whl (from -r ci/retention/requirements.lock (line 10))
2026-09-26T04:07:18.5577559Z Processing /home/runner/work/_temp/frozen/wheelhouse/h11-0.16.0-py3-none-any.whl (from -r ci/retention/requirements.lock (line 11))
2026-09-26T04:07:18.5608060Z Processing /home/runner/work/_temp/frozen/wheelhouse/httpcore-1.0.9-py3-none-any.whl (from -r ci/retention/requirements.lock (line 12))
2026-09-26T04:07:18.5648293Z Processing /home/runner/work/_temp/frozen/wheelhouse/httpx-0.28.1-py3-none-any.whl (from -r ci/retention/requirements.lock (line 13))
2026-09-26T04:07:18.5684084Z Processing /home/runner/work/_temp/frozen/wheelhouse/idna-3.17-py3-none-any.whl (from -r ci/retention/requirements.lock (line 14))
2026-09-26T04:07:18.5715327Z Processing /home/runner/work/_temp/frozen/wheelhouse/iniconfig-2.3.0-py3-none-any.whl (from -r ci/retention/requirements.lock (line 15))
2026-09-26T04:07:18.5741681Z Processing /home/runner/work/_temp/frozen/wheelhouse/mako-1.3.10-py3-none-any.whl (from -r ci/retention/requirements.lock (line 16))
2026-09-26T04:07:18.5771943Z Processing /home/runner/work/_temp/frozen/wheelhouse/markupsafe-3.0.3-cp313-cp313-manylinux2014_x86_64.manylinux_2_17_x86_64.manylinux_2_28_x86_64.whl (from -r ci/retention/requirements.lock (line 17))
2026-09-26T04:07:18.5797329Z Processing /home/runner/work/_temp/frozen/wheelhouse/packaging-25.0-py3-none-any.whl (from -r ci/retention/requirements.lock (line 18))
2026-09-26T04:07:18.5826873Z Processing /home/runner/work/_temp/frozen/wheelhouse/pillow-12.3.0-cp313-cp313-manylinux_2_27_x86_64.whl (from -r ci/retention/requirements.lock (line 19))
2026-09-26T04:07:18.5937782Z Processing /home/runner/work/_temp/frozen/wheelhouse/pluggy-1.6.0-py3-none-any.whl (from -r ci/retention/requirements.lock (line 20))
2026-09-26T04:07:18.5980121Z Processing /home/runner/work/_temp/frozen/wheelhouse/psycopg_binary-3.2.10-cp313-cp313-manylinux2014_x86_64.manylinux_2_17_x86_64.whl (from -r ci/retention/requirements.lock (line 21))
2026-09-26T04:07:18.6048666Z Processing /home/runner/work/_temp/frozen/wheelhouse/psycopg-3.2.10-py3-none-any.whl (from -r ci/retention/requirements.lock (line 22))
2026-09-26T04:07:18.6107529Z Processing /home/runner/work/_temp/frozen/wheelhouse/pycparser-3.0-py3-none-any.whl (from -r ci/retention/requirements.lock (line 23))
2026-09-26T04:07:18.6135431Z Processing /home/runner/work/_temp/frozen/wheelhouse/pydantic_settings-2.14.1-py3-none-any.whl (from -r ci/retention/requirements.lock (line 24))
2026-09-26T04:07:18.6168847Z Processing /home/runner/work/_temp/frozen/wheelhouse/pydantic-2.13.4-py3-none-any.whl (from -r ci/retention/requirements.lock (line 25))
2026-09-26T04:07:18.6247578Z Processing /home/runner/work/_temp/frozen/wheelhouse/pydantic_core-2.46.4-cp313-cp313-manylinux_2_17_x86_64.whl (from -r ci/retention/requirements.lock (line 26))
2026-09-26T04:07:18.6298949Z Processing /home/runner/work/_temp/frozen/wheelhouse/Pygments-2.20.0-py3-none-any.whl (from -r ci/retention/requirements.lock (line 27))
2026-09-26T04:07:18.6385923Z Processing /home/runner/work/_temp/frozen/wheelhouse/PyJWT-2.13.0-py3-none-any.whl (from -r ci/retention/requirements.lock (line 28))
2026-09-26T04:07:18.6421681Z Processing /home/runner/work/_temp/frozen/wheelhouse/pytest_asyncio-1.3.0-py3-none-any.whl (from -r ci/retention/requirements.lock (line 29))
2026-09-26T04:07:18.6453211Z Processing /home/runner/work/_temp/frozen/wheelhouse/pytest-9.0.2-py3-none-any.whl (from -r ci/retention/requirements.lock (line 30))
2026-09-26T04:07:18.6505509Z Processing /home/runner/work/_temp/frozen/wheelhouse/python_dotenv-1.2.2-py3-none-any.whl (from -r ci/retention/requirements.lock (line 31))
2026-09-26T04:07:18.6543931Z Processing /home/runner/work/_temp/frozen/wheelhouse/redis-5.2.1-py3-none-any.whl (from -r ci/retention/requirements.lock (line 32))
2026-09-26T04:07:18.6579665Z Processing /home/runner/work/_temp/frozen/wheelhouse/SQLAlchemy-2.0.50-cp313-cp313-manylinux_2_17_x86_64.whl (from -r ci/retention/requirements.lock (line 33))
2026-09-26T04:07:18.6726631Z Processing /home/runner/work/_temp/frozen/wheelhouse/starlette-0.50.0-py3-none-any.whl (from -r ci/retention/requirements.lock (line 34))
2026-09-26T04:07:18.6761869Z Processing /home/runner/work/_temp/frozen/wheelhouse/typing_inspection-0.4.2-py3-none-any.whl (from -r ci/retention/requirements.lock (line 35))
2026-09-26T04:07:18.6786661Z Processing /home/runner/work/_temp/frozen/wheelhouse/typing_extensions-4.16.0-py3-none-any.whl (from -r ci/retention/requirements.lock (line 36))
2026-09-26T04:07:18.6813123Z Processing /home/runner/work/_temp/frozen/wheelhouse/uvicorn-0.35.0-py3-none-any.whl (from -r ci/retention/requirements.lock (line 37))
2026-09-26T04:07:18.8123763Z Installing collected packages: typing_extensions, redis, python-dotenv, PyJWT, Pygments, pycparser, psycopg-binary, psycopg, pluggy, Pillow, packaging, MarkupSafe, iniconfig, idna, h11, greenlet, click, certifi, annotated-types, annotated-doc, uvicorn, typing-inspection, SQLAlchemy, pytest, pydantic_core, Mako, httpcore, cffi, anyio, starlette, pytest-asyncio, pydantic, httpx, cryptography, alembic, pydantic-settings, fastapi
2026-09-26T04:07:23.6488804Z 
2026-09-26T04:07:23.6537496Z Successfully installed Mako-1.3.10 MarkupSafe-3.0.3 Pillow-12.3.0 PyJWT-2.13.0 Pygments-2.20.0 SQLAlchemy-2.0.50 alembic-1.16.5 annotated-doc-0.0.4 annotated-types-0.7.0 anyio-4.13.0 certifi-2026.5.20 cffi-2.0.0 click-8.5.0 cryptography-46.0.4 fastapi-0.128.2 greenlet-3.5.1 h11-0.16.0 httpcore-1.0.9 httpx-0.28.1 idna-3.17 iniconfig-2.3.0 packaging-25.0 pluggy-1.6.0 psycopg-3.2.10 psycopg-binary-3.2.10 pycparser-3.0 pydantic-2.13.4 pydantic-settings-2.14.1 pydantic_core-2.46.4 pytest-9.0.2 pytest-asyncio-1.3.0 python-dotenv-1.2.2 redis-5.2.1 starlette-0.50.0 typing-inspection-0.4.2 typing_extensions-4.16.0 uvicorn-0.35.0
2026-09-26T04:07:23.7085235Z ##[group]Run export GO_NATIVE_NODE="$(command -v node)"
2026-09-26T04:07:23.7085700Z [36;1mexport GO_NATIVE_NODE="$(command -v node)"[0m
2026-09-26T04:07:23.7086402Z [36;1mpython ci/retention/run_suite.py --shard 0 --evidence "$RUNNER_TEMP/evidence/tests"[0m
2026-09-26T04:07:23.7148944Z shell: /usr/bin/bash --noprofile --norc -e -o pipefail {0}
2026-09-26T04:07:23.7149303Z env:
2026-09-26T04:07:23.7149521Z   PYTHONDONTWRITEBYTECODE: 1
2026-09-26T04:07:23.7149856Z   pythonLocation: /opt/hostedtoolcache/Python/3.13.5/x64
2026-09-26T04:07:23.7150481Z   PKG_CONFIG_PATH: /opt/hostedtoolcache/Python/3.13.5/x64/lib/pkgconfig
2026-09-26T04:07:23.7150932Z   Python_ROOT_DIR: /opt/hostedtoolcache/Python/3.13.5/x64
2026-09-26T04:07:23.7151325Z   Python2_ROOT_DIR: /opt/hostedtoolcache/Python/3.13.5/x64
2026-09-26T04:07:23.7151709Z   Python3_ROOT_DIR: /opt/hostedtoolcache/Python/3.13.5/x64
2026-09-26T04:07:23.7152091Z   LD_LIBRARY_PATH: /opt/hostedtoolcache/Python/3.13.5/x64/lib
2026-09-26T04:07:23.7152453Z ##[endgroup]
2026-09-26T04:19:35.8537788Z ........................................................................ [  8%]
2026-09-26T04:19:35.8538782Z ........................................................................ [ 17%]
2026-09-26T04:19:35.8539715Z ........................................................................ [ 25%]
2026-09-26T04:19:35.8540560Z ........................................................................ [ 34%]
2026-09-26T04:19:35.8541393Z ........................................................................ [ 42%]
2026-09-26T04:19:35.8542231Z ........................................................................ [ 51%]
2026-09-26T04:19:35.8543031Z ........................................................................ [ 59%]
2026-09-26T04:19:35.8543914Z ........................................................................ [ 68%]
2026-09-26T04:19:35.8544821Z ..................F..................................................... [ 77%]
2026-09-26T04:19:35.8545720Z ........................................................................ [ 85%]
2026-09-26T04:19:35.8547159Z ........................................................................ [ 94%]
2026-09-26T04:19:35.8548092Z .................................................                        [100%]
2026-09-26T04:19:35.8549023Z =================================== FAILURES ===================================
2026-09-26T04:19:35.8550115Z _____ test_aoluguya_official_truth_gate_and_projection_replaces_test_truth _____
2026-09-26T04:19:35.8550776Z 
2026-09-26T04:19:35.8551322Z     def test_aoluguya_official_truth_gate_and_projection_replaces_test_truth():
2026-09-26T04:19:35.8552138Z         setup_bootstrap()
2026-09-26T04:19:35.8552873Z         r = svc.ingest_official_truth(official_body(), "hotel-operator")
2026-09-26T04:19:35.8553839Z         assert r["state"] == "HOTEL_OFFICIAL_TRUTH_RECEIVED"
2026-09-26T04:19:35.8554505Z         gate = svc.evaluate()
2026-09-26T04:19:35.8555212Z         assert gate["state"] == "PASS" and all(gate["checks"].values())
2026-09-26T04:19:35.8556106Z         projected = svc.project_to_hosted_direct("go-admin")
2026-09-26T04:19:35.8577562Z         assert projected["active_offers"] == 9 and projected["payment_available"] is False
2026-09-26T04:19:35.8578400Z         status = svc.status()
2026-09-26T04:19:35.8579099Z         assert status["hosted_page"]["official_projection"] is True
2026-09-26T04:19:35.8579921Z         assert status["hosted_page"]["no_test_truth"] is True
2026-09-26T04:19:35.8580713Z >       page = booking.page("aoluguya-harbin")
2026-09-26T04:19:35.8581380Z                ^^^^^^^^^^^^^^^^^^^^^^^^^^^^^^^
2026-09-26T04:19:35.8581739Z 
2026-09-26T04:19:35.8582089Z tests/test_rc15_aoluguya_supply_truth.py:75: 
2026-09-26T04:19:35.8582936Z _ _ _ _ _ _ _ _ _ _ _ _ _ _ _ _ _ _ _ _ _ _ _ _ _ _ _ _ _ _ _ _ _ _ _ _ _ _ _ _ 
2026-09-26T04:19:35.8583896Z src/go_hotel/services/hosted_direct_booking.py:41: in page
2026-09-26T04:19:35.8585156Z     publication=require_publication(s,h.hosted_hotel_id)
2026-09-26T04:19:35.8585949Z                 ^^^^^^^^^^^^^^^^^^^^^^^^^^^^^^^^^^^^^^^^
2026-09-26T04:19:35.8587149Z _ _ _ _ _ _ _ _ _ _ _ _ _ _ _ _ _ _ _ _ _ _ _ _ _ _ _ _ _ _ _ _ _ _ _ _ _ _ _ _ 
2026-09-26T04:19:35.8587648Z 
2026-09-26T04:19:35.8588155Z session = <sqlalchemy.orm.session.Session object at 0x7fb97d5c2f50>
2026-09-26T04:19:35.8588671Z hotel_id = 'hdh_369d4dc4460347f7b0a6f3cb04fb6ee2'
2026-09-26T04:19:35.8588897Z 
2026-09-26T04:19:35.8589070Z     def require_publication(session, hotel_id):
2026-09-26T04:19:35.8589687Z         try: return accepted(session, hotel_id)
2026-09-26T04:19:35.8590064Z         except (ValueError, PermissionError) as exc:
2026-09-26T04:19:35.8590599Z >           raise ValueError('HOSTED_PUBLICATION_BLOCKED:' + str(exc)) from None
2026-09-26T04:19:35.8591241Z E           ValueError: HOSTED_PUBLICATION_BLOCKED:HOSTED_PUBLICATION_APPROVAL_REQUIRED
2026-09-26T04:19:35.8591582Z 
2026-09-26T04:19:35.8591836Z src/go_hotel/services/hosted_publication.py:130: ValueError
2026-09-26T04:19:35.8592323Z =============================== warnings summary ===============================
2026-09-26T04:19:35.8593085Z tests/test_commercial_constitution_admin_os.py::test_admin_cannot_create_recommendation_without_independent_judgment
2026-09-26T04:19:35.8594337Z   /home/runner/work/GO/GO/application/src/go_hotel/services/commercial_constitution.py:29: SAWarning: fully NULL primary key identity cannot load any object.  This condition may raise an error in a future release.
2026-09-26T04:19:35.8595327Z     rec=s.get(RecommendationDecisionRow,judgment_decision_id)
2026-09-26T04:19:35.8595597Z 
2026-09-26T04:19:35.8595898Z tests/test_depth24_expiry.py::test_migration_preserves_all_deadline_history
2026-09-26T04:19:35.8597174Z tests/test_depth24_expiry.py::test_migration_preserves_all_deadline_history
2026-09-26T04:19:35.8598347Z tests/test_depth24_expiry.py::test_migration_preserves_all_deadline_history
2026-09-26T04:19:35.8599384Z tests/test_depth24_expiry.py::test_migration_preserves_all_deadline_history
2026-09-26T04:19:35.8600501Z tests/test_depth24_expiry.py::test_migration_preserves_all_deadline_history
2026-09-26T04:19:35.8603185Z   /opt/hostedtoolcache/Python/3.13.5/x64/lib/python3.13/site-packages/alembic/config.py:598: DeprecationWarning: No path_separator found in configuration; falling back to legacy splitting on spaces, commas, and colons for prepend_sys_path.  Consider adding path_separator=os to Alembic config.
2026-09-26T04:19:35.8605310Z     util.warn_deprecated(
2026-09-26T04:19:35.8605606Z 
2026-09-26T04:19:35.8606575Z tests/test_v61_media_harvester_rights_gate.py::test_download_cache_room_binding_and_rights_gate
2026-09-26T04:19:35.8607928Z tests/test_v61_media_harvester_rights_gate.py::test_fail_closed_download_rights_ssrf_dedup_and_integrity
2026-09-26T04:19:35.8609387Z tests/test_v61_media_harvester_rights_gate.py::test_fail_closed_download_rights_ssrf_dedup_and_integrity
2026-09-26T04:19:35.8610865Z tests/test_v61_media_harvester_rights_gate.py::test_fail_closed_download_rights_ssrf_dedup_and_integrity
2026-09-26T04:19:35.8612235Z tests/test_v61_media_harvester_rights_gate.py::test_rights_expiry_and_scope_fail_closed
2026-09-26T04:19:35.8614193Z   /home/runner/work/GO/GO/application/src/go_hotel/services/media_harvester.py:79: DeprecationWarning: Image.Image.getdata is deprecated and will be removed in Pillow 14 (2027-10-15). Use get_flattened_data instead.
2026-09-26T04:19:35.8615741Z     px=list(g.getdata())
2026-09-26T04:19:35.8616049Z 
2026-09-26T04:19:35.8616799Z -- Docs: https://docs.pytest.org/en/stable/how-to/capture-warnings.html
2026-09-26T04:19:35.8617778Z =========================== short test summary info ============================
2026-09-26T04:19:35.8619083Z FAILED tests/test_rc15_aoluguya_supply_truth.py::test_aoluguya_official_truth_gate_and_projection_replaces_test_truth
2026-09-26T04:19:35.8620254Z 1 failed, 840 passed, 11 warnings in 726.73s (0:12:06)
2026-09-26T04:19:35.8620651Z 
2026-09-26T04:19:35.8622065Z {"exit_code": 1, "selected_files": 87, "shard": 0, "real_providers": "NOT_RUN", "hong_kong": "NOT_ACCESSED", "tests": 841, "failures": 1, "errors": 0, "skipped": 0, "passed": 840}
2026-09-26T04:19:35.8668443Z ##[error]Process completed with exit code 1.
2026-09-26T04:19:35.8823607Z ##[group]Run actions/upload-artifact@v4
2026-09-26T04:19:35.8823924Z with:
2026-09-26T04:19:35.8824288Z   name: canonical-retention-shard-0-42d71f4eb3a9efacf2f290e31ca1d763b2b77a4f
2026-09-26T04:19:35.8824754Z   path: /home/runner/work/_temp/evidence
2026-09-26T04:19:35.8825235Z   if-no-files-found: error
2026-09-26T04:19:35.8825483Z   compression-level: 6
2026-09-26T04:19:35.8825708Z   overwrite: false
2026-09-26T04:19:35.8825926Z   include-hidden-files: false
2026-09-26T04:19:35.8826521Z env:
2026-09-26T04:19:35.8826753Z   PYTHONDONTWRITEBYTECODE: 1
2026-09-26T04:19:35.8827090Z   pythonLocation: /opt/hostedtoolcache/Python/3.13.5/x64
2026-09-26T04:19:35.8827532Z   PKG_CONFIG_PATH: /opt/hostedtoolcache/Python/3.13.5/x64/lib/pkgconfig
2026-09-26T04:19:35.8827973Z   Python_ROOT_DIR: /opt/hostedtoolcache/Python/3.13.5/x64
2026-09-26T04:19:35.8828362Z   Python2_ROOT_DIR: /opt/hostedtoolcache/Python/3.13.5/x64
2026-09-26T04:19:35.8828789Z   Python3_ROOT_DIR: /opt/hostedtoolcache/Python/3.13.5/x64
2026-09-26T04:19:35.8829184Z   LD_LIBRARY_PATH: /opt/hostedtoolcache/Python/3.13.5/x64/lib
2026-09-26T04:19:35.8829651Z ##[endgroup]
2026-09-26T04:19:36.1528204Z (node:3225) [DEP0040] DeprecationWarning: The `punycode` module is deprecated. Please use a userland alternative instead.
2026-09-26T04:19:36.1567580Z (Use `node --trace-deprecation ...` to show where the warning was created)
2026-09-26T04:19:36.1867261Z With the provided path, there will be 7 files uploaded
2026-09-26T04:19:36.1896966Z Artifact name is valid!
2026-09-26T04:19:36.1912450Z Root directory input is valid!
2026-09-26T04:19:36.4140500Z Beginning upload of artifact content to blob storage
2026-09-26T04:19:36.4583895Z (node:3225) [DEP0169] DeprecationWarning: `url.parse()` behavior is not standardized and prone to errors that have security implications. Use the WHATWG URL API instead. CVEs are not issued for `url.parse()` vulnerabilities.
2026-09-26T04:19:36.4947007Z Uploaded bytes 108405
2026-09-26T04:19:36.5113977Z Finished uploading artifact content to blob storage!
2026-09-26T04:19:36.5115599Z SHA256 digest of uploaded artifact zip is 9695e1228658878524067e50982802aa9527eb75635619e9fa66081e67379525
2026-09-26T04:19:36.5117290Z Finalizing artifact upload
2026-09-26T04:19:36.7370603Z Artifact canonical-retention-shard-0-42d71f4eb3a9efacf2f290e31ca1d763b2b77a4f.zip successfully finalized. Artifact ID 10897448138
2026-09-26T04:19:36.7373531Z Artifact canonical-retention-shard-0-42d71f4eb3a9efacf2f290e31ca1d763b2b77a4f has been successfully uploaded! Final size is 108405 bytes. Artifact ID is 10897448138
2026-09-26T04:19:36.7377766Z Artifact download URL: https://github.com/yuguangzhi3836-glitch/GO/actions/runs/36216819756/artifacts/10897448138
2026-09-26T04:19:36.7568725Z Post job cleanup.
2026-09-26T04:19:36.8584340Z [command]/usr/bin/git version
2026-09-26T04:19:36.8668380Z git version 2.55.0
2026-09-26T04:19:36.8740035Z Temporarily overriding HOME='/home/runner/work/_temp/2694cdc6-2400-47c4-871a-0d8ba97d4f01' before making global git config changes
2026-09-26T04:19:36.8741802Z Adding repository directory to the temporary git global config as a safe directory
2026-09-26T04:19:36.8765142Z [command]/usr/bin/git config --global --add safe.directory /home/runner/work/GO/GO
2026-09-26T04:19:36.8848056Z [command]/usr/bin/git config --local --name-only --get-regexp core\.sshCommand
2026-09-26T04:19:36.8908271Z [command]/usr/bin/git submodule foreach --recursive sh -c "git config --local --name-only --get-regexp 'core\.sshCommand' && git config --local --unset-all 'core.sshCommand' || :"
2026-09-26T04:19:36.9394014Z [command]/usr/bin/git config --local --name-only --get-regexp http\.https\:\/\/github\.com\/\.extraheader
2026-09-26T04:19:36.9479316Z [command]/usr/bin/git submodule foreach --recursive sh -c "git config --local --name-only --get-regexp 'http\.https\:\/\/github\.com\/\.extraheader' && git config --local --unset-all 'http.https://github.com/.extraheader' || :"
2026-09-26T04:19:36.9817739Z [command]/usr/bin/git config --local --name-only --get-regexp ^includeIf\.gitdir:
2026-09-26T04:19:36.9867964Z [command]/usr/bin/git submodule foreach --recursive git config --local --show-origin --name-only --get-regexp remote.origin.url
2026-09-26T04:19:37.0617569Z Cleaning up orphan processes
2026-09-26T04:19:37.0980722Z ##[warning]Node.js 20 is deprecated. The following actions target Node.js 20 but are being forced to run on Node.js 24: actions/checkout@v4, actions/setup-node@v4, actions/setup-python@v5, actions/upload-artifact@v4. For more information see: https://github.blog/changelog/2025-09-19-deprecation-of-node-20-on-github-actions-runners/

