{"ts":"2026-09-10T08:05:42.976101+00:00","level":"INFO","logger":"go.runtime","message":"http_request","request_id":"req_07351d7b23c4476eae6b83c97eb3808d","trace_id":"tr_666b316964f44add94a1633a5c5c0c95","path":"/health","method":"GET","status_code":200,"duration_ms":1.0}
{"ts":"2026-09-10T08:05:42.980994+00:00","level":"INFO","logger":"go.runtime","message":"http_request","request_id":"req_590636b69f9e48d1a15ab88fc136f1ac","trace_id":"tr_3c580ff75aec4bc0bee8a002b67908ba","path":"/__acceptance/binding","method":"GET","status_code":200,"duration_ms":2.93}
{"ts":"2026-09-10T08:05:42.988340+00:00","level":"INFO","logger":"go.runtime","message":"http_request","request_id":"req_5aeeb2b28c464f4787f1ced71e49e710","trace_id":"tr_365199d078de4bc1a4d73beccc2ceaa8","path":"/go-app/","method":"GET","status_code":200,"duration_ms":5.15}
{"ts":"2026-09-10T08:05:42.992729+00:00","level":"INFO","logger":"go.runtime","message":"http_request","request_id":"req_9c696698463a498bb572df931d0da482","trace_id":"tr_c6ec24d1400d4420804fa386643c1204","path":"/go-app/styles.css","method":"GET","status_code":200,"duration_ms":1.68}
{"ts":"2026-09-10T08:05:42.996370+00:00","level":"INFO","logger":"go.runtime","message":"http_request","request_id":"req_3b39335797d74261a2b844f2fe604152","trace_id":"tr_ec56945781414048a907f2b16a4ac921","path":"/go-app/vi-reference-10.css","method":"GET","status_code":200,"duration_ms":1.71}
{"ts":"2026-09-10T08:05:43.000128+00:00","level":"INFO","logger":"go.runtime","message":"http_request","request_id":"req_b506787c1bc945b393172778d389c7fd","trace_id":"tr_7001380884044e389e6fca714906a8bd","path":"/go-app/flight-journeys.css","method":"GET","status_code":200,"duration_ms":1.75}
{"ts":"2026-09-10T08:05:43.003842+00:00","level":"INFO","logger":"go.runtime","message":"http_request","request_id":"req_32e0324ebb414a3096a00ee057c90ade","trace_id":"tr_4e9d1c71c7994e659df702be6ba5624a","path":"/go-app/booking-travelers.css","method":"GET","status_code":200,"duration_ms":1.68}
{"ts":"2026-09-10T08:05:43.007152+00:00","level":"INFO","logger":"go.runtime","message":"http_request","request_id":"req_b63028c94adf4422a5247b6f090d4647","trace_id":"tr_7cfa2400ad4a4a2fad7fb6eef21a02ea","path":"/go-app/vault-manager.css","method":"GET","status_code":200,"duration_ms":1.65}
{"ts":"2026-09-10T08:05:43.010603+00:00","level":"INFO","logger":"go.runtime","message":"http_request","request_id":"req_1fe05856ad8143f1848cdf75d5178f20","trace_id":"tr_6b5a6f62a9c3462082708f99468a2c15","path":"/go-app/travel-status.css","method":"GET","status_code":200,"duration_ms":1.64}
{"ts":"2026-09-10T08:05:43.014022+00:00","level":"INFO","logger":"go.runtime","message":"http_request","request_id":"req_18d414f5564c4f1ea5c4aa2e85aecb1e","trace_id":"tr_cc5f380096ac4d5ab3d4c81d8efe7ea9","path":"/go-app/direct-after-sales.js","method":"GET","status_code":200,"duration_ms":1.67}
{"ts":"2026-09-10T08:05:43.017434+00:00","level":"INFO","logger":"go.runtime","message":"http_request","request_id":"req_f48e30a6c2cd47cab53fadfc5b334355","trace_id":"tr_708eff8bebf64bdca55db862464b1cc3","path":"/go-app/trip-navigation.js","method":"GET","status_code":200,"duration_ms":1.65}
{"ts":"2026-09-10T08:05:43.020834+00:00","level":"INFO","logger":"go.runtime","message":"http_request","request_id":"req_ebe5f2f9f4874f7db0469107a634ab87","trace_id":"tr_201d5eb779dd44edb1929ac0fc9c1e4c","path":"/go-app/app.js","method":"GET","status_code":200,"duration_ms":1.6}
{"ts":"2026-09-10T08:05:43.025179+00:00","level":"INFO","logger":"go.runtime","message":"http_request","request_id":"req_05ec3b364ad34e81a5b88434ba6f558e","trace_id":"tr_20f1da631afc4d55995017ad3021340b","path":"/go-app/flight-journeys.js","method":"GET","status_code":200,"duration_ms":1.71}
{"ts":"2026-09-10T08:05:43.028975+00:00","level":"INFO","logger":"go.runtime","message":"http_request","request_id":"req_133ee22726eb4e98a4218f5675a4bbbe","trace_id":"tr_aaa0f27a23d94298ab260b36f2a37af9","path":"/go-app/catalog-fare.js","method":"GET","status_code":200,"duration_ms":1.74}
{"ts":"2026-09-10T08:05:43.033059+00:00","level":"INFO","logger":"go.runtime","message":"http_request","request_id":"req_c1dae91de58b45cdb628b9da38d5292e","trace_id":"tr_9a146d373c5545dd95610a08e9adacc7","path":"/go-app/catalog-cash-fare.js","method":"GET","status_code":200,"duration_ms":2.04}
{"ts":"2026-09-10T08:05:43.036814+00:00","level":"INFO","logger":"go.runtime","message":"http_request","request_id":"req_38c17a586ea343d08c26ae30806ec172","trace_id":"tr_99d83ab215f541ba92d5eeb432d4098c","path":"/go-app/booking-travelers.js","method":"GET","status_code":200,"duration_ms":1.63}
{"ts":"2026-09-10T08:05:43.040245+00:00","level":"INFO","logger":"go.runtime","message":"http_request","request_id":"req_559ac0a63efc415fbf381752b11a3a2f","trace_id":"tr_2950394dec404a13b0951a8668d8d58b","path":"/go-app/catalog-credit.js","method":"GET","status_code":200,"duration_ms":1.67}
{"ts":"2026-09-10T08:05:43.043953+00:00","level":"INFO","logger":"go.runtime","message":"http_request","request_id":"req_8ea03f0b51914185ab8eff8d0563d78e","trace_id":"tr_1db1e6938a0b4ebfa0d5fa1bfd26ea33","path":"/go-app/rental-after-sales.js","method":"GET","status_code":200,"duration_ms":1.7}
{"ts":"2026-09-10T08:05:43.047325+00:00","level":"INFO","logger":"go.runtime","message":"http_request","request_id":"req_e2a88e4615a44a1a83fa82c8d1edee6a","trace_id":"tr_260d6680bffa4b138db4d0dec650e702","path":"/go-app/vault-manager.js","method":"GET","status_code":200,"duration_ms":1.66}
{"ts":"2026-09-10T08:05:43.051088+00:00","level":"INFO","logger":"go.runtime","message":"http_request","request_id":"req_58f240ada90441ebac7c00e7effd8865","trace_id":"tr_a56c412639764fc59fbdb933afb4440d","path":"/go-app/travel-status.js","method":"GET","status_code":200,"duration_ms":1.75}
{"ts":"2026-09-10T08:05:43.054514+00:00","level":"INFO","logger":"go.runtime","message":"http_request","request_id":"req_6ea7e29f6ba843e0948f2adeb945852a","trace_id":"tr_ae3e57e8ab0f4720acf535d1eaea0b00","path":"/go-app/rail-attraction-booking.js","method":"GET","status_code":200,"duration_ms":1.63}
{"ts":"2026-09-10T08:05:43.058526+00:00","level":"INFO","logger":"go.runtime","message":"http_request","request_id":"req_0f533fd35c664d648d5d3d5acdec1f30","trace_id":"tr_a91e0fb86ebd4dcbb1c111946accab54","path":"/go-admin/","method":"GET","status_code":200,"duration_ms":2.05}
{"ts":"2026-09-10T08:05:43.062582+00:00","level":"INFO","logger":"go.runtime","message":"http_request","request_id":"req_9c608662f22e4642a67eedcd556bef5d","trace_id":"tr_1966960ce4a84d0aa334177740502fce","path":"/console-assets/styles.css","method":"GET","status_code":200,"duration_ms":1.85}
{"ts":"2026-09-10T08:05:43.066330+00:00","level":"INFO","logger":"go.runtime","message":"http_request","request_id":"req_37e2d99aa3e543609b18aa732cda99c2","trace_id":"tr_a93fd71c9a70420d8b59ec0b752076cc","path":"/go-admin/config.js","method":"GET","status_code":200,"duration_ms":1.77}
{"ts":"2026-09-10T08:05:43.070097+00:00","level":"INFO","logger":"go.runtime","message":"http_request","request_id":"req_355e60080e16412abf8bce9d0556c3c1","trace_id":"tr_f7aad48361b04bb688494f18491baf23","path":"/go-admin/personal-travel-vault.js","method":"GET","status_code":200,"duration_ms":1.76}
{"ts":"2026-09-10T08:05:43.073618+00:00","level":"INFO","logger":"go.runtime","message":"http_request","request_id":"req_c2a61b9eed9946a1af509799c425a938","trace_id":"tr_edd5dc5ec7074f76a2a840478943d9ab","path":"/go-admin/consumer-growth-direct-value.js","method":"GET","status_code":200,"duration_ms":1.69}
{"ts":"2026-09-10T08:05:43.077323+00:00","level":"INFO","logger":"go.runtime","message":"http_request","request_id":"req_1d28c2e58a514b6d9d92b6136a542975","trace_id":"tr_5b49dda3d632483e8569453d16859c4d","path":"/go-admin/commercial-os.js","method":"GET","status_code":200,"duration_ms":1.73}
{"ts":"2026-09-10T08:05:43.080903+00:00","level":"INFO","logger":"go.runtime","message":"http_request","request_id":"req_bd6273bb6a1a4316b0ee5d4e616e148c","trace_id":"tr_ec1ec30b708748babdd61c9192ebfb58","path":"/go-admin/good-hotel-standard.js","method":"GET","status_code":200,"duration_ms":1.76}
{"ts":"2026-09-10T08:05:43.084430+00:00","level":"INFO","logger":"go.runtime","message":"http_request","request_id":"req_ab765540c6e645869f127a92a66fec24","trace_id":"tr_ff0bb50710c240378ddcaa79cbcc6744","path":"/go-admin/production-connectors.js","method":"GET","status_code":200,"duration_ms":1.76}
{"ts":"2026-09-10T08:05:43.088131+00:00","level":"INFO","logger":"go.runtime","message":"http_request","request_id":"req_475c48beb30f4954abe26dea676dca98","trace_id":"tr_41e61515724c4f828b087ec0ca3bc77e","path":"/go-admin/production-connector-runtime.js","method":"GET","status_code":200,"duration_ms":1.81}
{"ts":"2026-09-10T08:05:43.091637+00:00","level":"INFO","logger":"go.runtime","message":"http_request","request_id":"req_d7c92699d5ba46c993babfdefc2b7acf","trace_id":"tr_740842e3a0c347a3aea82edffa0a63e2","path":"/go-admin/connector-activation-readiness.js","method":"GET","status_code":200,"duration_ms":1.69}
{"ts":"2026-09-10T08:05:43.095021+00:00","level":"INFO","logger":"go.runtime","message":"http_request","request_id":"req_79af58e30f9c44f5827405ca49e508d3","trace_id":"tr_57a63a6a45514bf4ad6d69bea4e86847","path":"/go-admin/paired-connector-pilot.js","method":"GET","status_code":200,"duration_ms":1.66}
{"ts":"2026-09-10T08:05:43.098896+00:00","level":"INFO","logger":"go.runtime","message":"http_request","request_id":"req_3d31d2fe0266404280750f0ff2f2eef1","trace_id":"tr_9026c3ca3cdd45a1a705d25851ff4c8e","path":"/go-admin/external-sandbox-certification.js","method":"GET","status_code":200,"duration_ms":1.66}
{"ts":"2026-09-10T08:05:43.102419+00:00","level":"INFO","logger":"go.runtime","message":"http_request","request_id":"req_b3db1481ac784ea182047d648b1f50af","trace_id":"tr_8bdebdd1f3e6479db95751968504b7ef","path":"/go-admin/named-supplier-execution.js","method":"GET","status_code":200,"duration_ms":1.67}
{"ts":"2026-09-10T08:05:43.105891+00:00","level":"INFO","logger":"go.runtime","message":"http_request","request_id":"req_29cd604f59c44b62b79b9bafefa7c0c5","trace_id":"tr_39da1c321d384204bfc9e7a16ec8e14c","path":"/go-admin/hosted-direct-booking.js","method":"GET","status_code":200,"duration_ms":1.64}
{"ts":"2026-09-10T08:05:43.109248+00:00","level":"INFO","logger":"go.runtime","message":"http_request","request_id":"req_60754626c14d4c50ba7f8e95a16a52af","trace_id":"tr_851999d698d04995911a086f07f5c11d","path":"/go-admin/hosted-content-acceptance.js","method":"GET","status_code":200,"duration_ms":1.66}
{"ts":"2026-09-10T08:05:43.113337+00:00","level":"INFO","logger":"go.runtime","message":"http_request","request_id":"req_8160f2a3180a4a20ad98de6f0bd42e28","trace_id":"tr_f11a5a3faab140208c8066bfd9fe8e09","path":"/go-admin/hosted-reservation-operations.js","method":"GET","status_code":200,"duration_ms":2.15}
{"ts":"2026-09-10T08:05:43.116833+00:00","level":"INFO","logger":"go.runtime","message":"http_request","request_id":"req_991308e718344bef83b8e0bd5bbda04f","trace_id":"tr_44abc19fe38242ffb9ad4aa11868137a","path":"/go-admin/hosted-frontdesk-command-center.js","method":"GET","status_code":200,"duration_ms":1.59}
{"ts":"2026-09-10T08:05:43.120133+00:00","level":"INFO","logger":"go.runtime","message":"http_request","request_id":"req_ad80a06fd2f1416bb668fb707687769b","trace_id":"tr_e2e4cd5580ab4025bf9bcd9eddcfc4ca","path":"/go-admin/alipay-safeguarded-settlement.js","method":"GET","status_code":200,"duration_ms":1.54}
{"ts":"2026-09-10T08:05:43.123656+00:00","level":"INFO","logger":"go.runtime","message":"http_request","request_id":"req_3ce95c8edc4e47d3a61699e6d4c77611","trace_id":"tr_621fb842706d453c8e078c97a4d0ecb7","path":"/go-admin/stay-operations-command-center.js","method":"GET","status_code":200,"duration_ms":1.55}
{"ts":"2026-09-10T08:05:43.127114+00:00","level":"INFO","logger":"go.runtime","message":"http_request","request_id":"req_e7a26c7b2041414bb75b986f9a884fac","trace_id":"tr_fb469a3f296f4ce49f9695b63936e50c","path":"/go-admin/dispute-reconciliation-command-center.js","method":"GET","status_code":200,"duration_ms":1.62}
{"ts":"2026-09-10T08:05:43.130662+00:00","level":"INFO","logger":"go.runtime","message":"http_request","request_id":"req_87bf2631aa2743a490ecdf1d59ca50ff","trace_id":"tr_6da6c30a91fb4586b9a61d76e386c61d","path":"/go-admin/admin-ux.js","method":"GET","status_code":200,"duration_ms":1.63}
{"ts":"2026-09-10T08:05:43.134023+00:00","level":"INFO","logger":"go.runtime","message":"http_request","request_id":"req_ecb54f22dc2d4a2191f226d368ade96f","trace_id":"tr_757084ffad35481e84244a61976fff17","path":"/go-admin/hotel-page-factory.js","method":"GET","status_code":200,"duration_ms":1.64}
{"ts":"2026-09-10T08:05:43.137609+00:00","level":"INFO","logger":"go.runtime","message":"http_request","request_id":"req_994abd90c52b480aa4d474847d41a178","trace_id":"tr_61290d157af0465cb2154753e064aaa2","path":"/go-admin/hosted-fault-finance.js","method":"GET","status_code":200,"duration_ms":1.64}
{"ts":"2026-09-10T08:05:43.140935+00:00","level":"INFO","logger":"go.runtime","message":"http_request","request_id":"req_974c8b2e8e29471a9ec8b0dfd509d820","trace_id":"tr_e851fcbfae6949fbb41725b8768faefd","path":"/go-admin/hosted-disruption.js","method":"GET","status_code":200,"duration_ms":1.62}
{"ts":"2026-09-10T08:05:43.144586+00:00","level":"INFO","logger":"go.runtime","message":"http_request","request_id":"req_a89bd8d130ad43f9b29ce3c488c1e414","trace_id":"tr_2d441086b1c444af9cd3ba667cdfec84","path":"/console-assets/catalog-remedy.js","method":"GET","status_code":200,"duration_ms":1.66}
{"ts":"2026-09-10T08:05:43.147990+00:00","level":"INFO","logger":"go.runtime","message":"http_request","request_id":"req_2120a1553e2e4f30b67ad267b576ffa8","trace_id":"tr_a6512679dfb048dea7678998fa7a2d9c","path":"/console-assets/app.js","method":"GET","status_code":200,"duration_ms":1.64}
{"ts":"2026-09-10T08:05:43.153039+00:00","level":"INFO","logger":"go.runtime","message":"http_request","request_id":"req_1d9a9049acc3499eb6b800e2a499b794","trace_id":"tr_55f1bc1e2d3d4325946c6ea1bdf90c6b","path":"/supplier-console/","method":"GET","status_code":200,"duration_ms":1.92}
{"ts":"2026-09-10T08:05:43.156615+00:00","level":"INFO","logger":"go.runtime","message":"http_request","request_id":"req_e89cf7c201c94b2f836f6338e70181a5","trace_id":"tr_1f19b78d288f4a0caf4781a1d7b80017","path":"/console-assets/styles.css","method":"GET","status_code":200,"duration_ms":1.57}
{"ts":"2026-09-10T08:05:43.160050+00:00","level":"INFO","logger":"go.runtime","message":"http_request","request_id":"req_a23ebc5eb698485ba141b960b4703c57","trace_id":"tr_0c376852524a411b9f859cffae67d20e","path":"/supplier-console/config.js","method":"GET","status_code":200,"duration_ms":1.63}
{"ts":"2026-09-10T08:05:43.163741+00:00","level":"INFO","logger":"go.runtime","message":"http_request","request_id":"req_c49ba89208534f00bab02cef84e6e2b2","trace_id":"tr_5f46da19b63c42ad8fec1f0346262a92","path":"/supplier-console/direct-value-economics.js","method":"GET","status_code":200,"duration_ms":1.7}
{"ts":"2026-09-10T08:05:43.168838+00:00","level":"INFO","logger":"go.runtime","message":"http_request","request_id":"req_db81e6fce9384592a68b00ad3fc558c1","trace_id":"tr_4c8caa0333064c66b6a16411b877c8ba","path":"/console-assets/catalog-remedy.js","method":"GET","status_code":200,"duration_ms":2.2}
{"ts":"2026-09-10T08:05:43.172373+00:00","level":"INFO","logger":"go.runtime","message":"http_request","request_id":"req_b8e041241387465389a5ff02f5f07c82","trace_id":"tr_10fc565732624856b71a22879e3b2209","path":"/supplier-console/catalog-fare.js","method":"GET","status_code":200,"duration_ms":1.78}
{"ts":"2026-09-10T08:05:43.175892+00:00","level":"INFO","logger":"go.runtime","message":"http_request","request_id":"req_72a190fd9e1e4d4e901c451292e527b3","trace_id":"tr_2f6d2eb7060b46fc86431372f3792fe0","path":"/console-assets/app.js","method":"GET","status_code":200,"duration_ms":1.73}
{"ts":"2026-09-10T08:05:43.180892+00:00","level":"INFO","logger":"go.runtime","message":"http_request","request_id":"req_688ae2eda3534480ae9ed851e48bb59a","trace_id":"tr_7d1450102ba74ef4bab6370e9cda516c","path":"/go-app/direct.html","method":"GET","status_code":200,"duration_ms":1.73}
{"ts":"2026-09-10T08:05:43.185102+00:00","level":"INFO","logger":"go.runtime","message":"http_request","request_id":"req_2381289c59dd4967ad5f93e47d5dbc49","trace_id":"tr_3b607f8c2d5d4500a8fbadf90ffdbcc2","path":"/go-app/direct.css","method":"GET","status_code":200,"duration_ms":1.66}
{"ts":"2026-09-10T08:05:43.188743+00:00","level":"INFO","logger":"go.runtime","message":"http_request","request_id":"req_10ce1231f1fc4f8d8b3b9e41f173679b","trace_id":"tr_1aa38ca4208944678bf7cb6955952023","path":"/go-app/booking-travelers.css","method":"GET","status_code":200,"duration_ms":1.66}
{"ts":"2026-09-10T08:05:43.192257+00:00","level":"INFO","logger":"go.runtime","message":"http_request","request_id":"req_836eadddacfb4f139f6acb85f81ba4f7","trace_id":"tr_c091a00c0e924f2b92cea3fda3882348","path":"/go-app/direct-fare.js","method":"GET","status_code":200,"duration_ms":1.69}
{"ts":"2026-09-10T08:05:43.196062+00:00","level":"INFO","logger":"go.runtime","message":"http_request","request_id":"req_bd19c05710c14153bfff2bd5475cbd60","trace_id":"tr_56759988c04f4286bd1ed9413bfeef39","path":"/go-app/direct-after-sales.js","method":"GET","status_code":200,"duration_ms":1.78}
{"ts":"2026-09-10T08:05:43.199529+00:00","level":"INFO","logger":"go.runtime","message":"http_request","request_id":"req_85fecfcbb5d7419984fa85602d992eef","trace_id":"tr_39d190ce6f5243199da9bf88f05244bc","path":"/go-app/direct-credit.js","method":"GET","status_code":200,"duration_ms":1.72}
{"ts":"2026-09-10T08:05:43.203295+00:00","level":"INFO","logger":"go.runtime","message":"http_request","request_id":"req_486a847b9a9f418ab0b183cf765f02b1","trace_id":"tr_12f13d193ada4c1a94199f1baf7605f9","path":"/go-app/direct.js","method":"GET","status_code":200,"duration_ms":1.75}
{"ts":"2026-09-10T08:05:43.224331+00:00","level":"INFO","logger":"go.runtime","message":"http_request","request_id":"req_f7c66d16539f47eca445a3f6424b0e83","trace_id":"tr_34bb3c1f848f42318221536cc87c0818","path":"/v1/consumer/me","method":"GET","status_code":401,"duration_ms":1.75}
{"ts":"2026-09-10T08:05:43.311033+00:00","level":"INFO","logger":"go.runtime","message":"http_request","request_id":"req_4b2a82782aac4494aa2b5a925caf75c4","trace_id":"tr_b516efec7e87496bb8ced1995d38d4bf","path":"/v1/consumer/auth/login","method":"POST","status_code":200,"duration_ms":85.13}
{"ts":"2026-09-10T08:05:43.317893+00:00","level":"INFO","logger":"go.runtime","message":"http_request","request_id":"req_6ca14f1c6b2b49759cb17d584568a11e","trace_id":"tr_23e60bbb82e645b3ba3434c06234e24b","path":"/v1/consumer/me","method":"GET","status_code":200,"duration_ms":4.69}
{"ts":"2026-09-10T08:05:43.396409+00:00","level":"INFO","logger":"go.runtime","message":"http_request","request_id":"req_039c0458d8e54f318465d4cdcd21022a","trace_id":"tr_4ec0c1c9fa454664a1e10bd84f894ad3","path":"/bff/auth/login","method":"POST","status_code":200,"duration_ms":76.83}
{"ts":"2026-09-10T08:05:43.402366+00:00","level":"INFO","logger":"go.runtime","message":"http_request","request_id":"req_a3789983f7df4650bba486e2a3c982c9","trace_id":"tr_206123abb51b4699adbf438b9d9b4e81","path":"/bff/auth/me","method":"GET","status_code":200,"duration_ms":3.9}
{"ts":"2026-09-10T08:05:43.407597+00:00","level":"INFO","logger":"go.runtime","message":"http_request","request_id":"req_a44c1d0b85584e63afd8941e86cabdb6","trace_id":"tr_02c6224ae2c34e4d904a32b81b642a1e","path":"/v1/consumer/me","method":"GET","status_code":200,"duration_ms":3.68}
{"ts":"2026-09-10T08:05:43.417633+00:00","level":"INFO","logger":"go.runtime","message":"http_request","request_id":"req_6ac5bb2535754b52bdce3187d512c5ee","trace_id":"tr_15b924d9b4e840c3b4d734007a7f13e1","path":"/bff/auth/refresh","method":"POST","status_code":200,"duration_ms":8.51}
{"ts":"2026-09-10T08:05:43.493864+00:00","level":"INFO","logger":"go.runtime","message":"http_request","request_id":"req_a84b1d7248404558b77d61c2b541d538","trace_id":"tr_84469127810543e1bd626963b0732257","path":"/bff/auth/login","method":"POST","status_code":401,"duration_ms":72.43}
{"ts":"2026-09-10T08:05:43.499132+00:00","level":"INFO","logger":"go.runtime","message":"http_request","request_id":"req_c62b592983fe4bec957c2d834534dacc","trace_id":"tr_8b58faededb546a999caabc4b09733f6","path":"/bff/auth/me","method":"GET","status_code":200,"duration_ms":3.46}
{"ts":"2026-09-10T08:05:43.514100+00:00","level":"INFO","logger":"go.runtime","message":"http_request","request_id":"req_9d8994b9438d4bc2a5b659fafc7c461a","trace_id":"tr_5c192f127718479bbf307d411b744f23","path":"/bff/auth/logout","method":"POST","status_code":200,"duration_ms":13.49}
{"ts":"2026-09-10T08:05:43.518069+00:00","level":"INFO","logger":"go.runtime","message":"http_request","request_id":"req_f81e82ad59ab45de88e7459c36afd4c6","trace_id":"tr_a44b84b7870e4218bdca2c46e9ef3e9d","path":"/bff/auth/me","method":"GET","status_code":401,"duration_ms":0.67}
{"ts":"2026-09-10T08:05:43.523346+00:00","level":"INFO","logger":"go.runtime","message":"http_request","request_id":"req_ff19cc468c6c479698bdef7403b3d4fb","trace_id":"tr_8755828fbe0648f38c29636b4b8a9ef8","path":"/v1/consumer/me","method":"GET","status_code":200,"duration_ms":3.76}
{"ts":"2026-09-10T08:05:43.599819+00:00","level":"INFO","logger":"go.runtime","message":"http_request","request_id":"req_0299425a06724b4996514f184919e792","trace_id":"tr_3df8c18a89934961ab5e2e8608600a44","path":"/bff/auth/login","method":"POST","status_code":200,"duration_ms":75.0}
{"ts":"2026-09-10T08:05:43.606264+00:00","level":"INFO","logger":"go.runtime","message":"http_request","request_id":"req_a733527f91b445058c0f4ea987fecc5c","trace_id":"tr_3a2b9474aed44f16bffdd4f836f16c0b","path":"/bff/auth/me","method":"GET","status_code":200,"duration_ms":4.35}
{"ts":"2026-09-10T08:05:43.611590+00:00","level":"INFO","logger":"go.runtime","message":"http_request","request_id":"req_5a693b44fb3440ccb8b048c9bd6882e7","trace_id":"tr_1b56971c0504415e8ebfd3f458889c48","path":"/v1/consumer/me","method":"GET","status_code":200,"duration_ms":3.83}
{"ts":"2026-09-10T08:05:43.620031+00:00","level":"INFO","logger":"go.runtime","message":"http_request","request_id":"req_a213540292b94fa6b345120f1c852eb7","trace_id":"tr_c9142ff9a7b043159e9723d9acabd04e","path":"/bff/auth/refresh","method":"POST","status_code":200,"duration_ms":6.87}
{"ts":"2026-09-10T08:05:43.697374+00:00","level":"INFO","logger":"go.runtime","message":"http_request","request_id":"req_e7669009eb684d749793ccc9a1c1013e","trace_id":"tr_2044c68996fc4399ae6793aaac61a590","path":"/bff/auth/login","method":"POST","status_code":401,"duration_ms":72.95}
{"ts":"2026-09-10T08:05:43.703288+00:00","level":"INFO","logger":"go.runtime","message":"http_request","request_id":"req_d836f600a1d64ba190be38f783c73fb6","trace_id":"tr_e248578653014faa88c81db0c71b50d8","path":"/bff/auth/me","method":"GET","status_code":200,"duration_ms":3.78}
{"ts":"2026-09-10T08:05:43.715817+00:00","level":"INFO","logger":"go.runtime","message":"http_request","request_id":"req_87a2edb2370944beb3d1434aaaabd0bd","trace_id":"tr_aad7151b4e4043e886febb30ebe846b0","path":"/bff/auth/logout","method":"POST","status_code":200,"duration_ms":10.84}
{"ts":"2026-09-10T08:05:43.719694+00:00","level":"INFO","logger":"go.runtime","message":"http_request","request_id":"req_c9b6eca4fbd749f9922742d68b9f20ae","trace_id":"tr_c4dea42dda9b48c89c9a53a1832476d6","path":"/bff/auth/me","method":"GET","status_code":401,"duration_ms":0.67}
{"ts":"2026-09-10T08:05:43.725054+00:00","level":"INFO","logger":"go.runtime","message":"http_request","request_id":"req_9b6a6c5f57344ae7bb96e99a41fe10e7","trace_id":"tr_6215389aca2b4bcf82e1c101c2bdb9c7","path":"/v1/consumer/me","method":"GET","status_code":200,"duration_ms":3.85}
{"ts":"2026-09-10T08:05:43.734657+00:00","level":"INFO","logger":"go.runtime","message":"http_request","request_id":"req_6c50bdef6bd44ce5bd21234d255dc8b7","trace_id":"tr_748bfa85c8424d2586df45fc3a72649a","path":"/v1/consumer/auth/refresh","method":"POST","status_code":200,"duration_ms":8.11}
{"ts":"2026-09-10T08:05:43.747563+00:00","level":"INFO","logger":"go.runtime","message":"http_request","request_id":"req_60059a96497349bfab412e6bd17df034","trace_id":"tr_8fef77bbce2b46ce9a225ff86198f9e2","path":"/v1/consumer/auth/logout","method":"POST","status_code":200,"duration_ms":11.21}
{"ts":"2026-09-10T08:05:43.751670+00:00","level":"INFO","logger":"go.runtime","message":"http_request","request_id":"req_e5b4672a5de2414db6ced1e906dc8c13","trace_id":"tr_36f5734085cc4475a295cc034ae4a041","path":"/v1/consumer/me","method":"GET","status_code":401,"duration_ms":0.73}
{"ts":"2026-09-10T08:05:43.755978+00:00","level":"INFO","logger":"go.runtime","message":"http_request","request_id":"req_5b1896e71ff34836b30d7e13baaf449e","trace_id":"tr_0121c09c3aa24bf68b9603f7c50210a2","path":"/v1/consumer/auth/refresh","method":"POST","status_code":401,"duration_ms":1.25}
