{"ts":"2026-09-10T08:05:17.667783+00:00","level":"INFO","logger":"go.runtime","message":"http_request","request_id":"req_9f8cfc8e81ec4aa89cbe5c9451b89b51","trace_id":"tr_83c9411ad57640f0b8b95c010008a794","path":"/health","method":"GET","status_code":200,"duration_ms":1.07}
{"ts":"2026-09-10T08:05:17.673086+00:00","level":"INFO","logger":"go.runtime","message":"http_request","request_id":"req_b10f2aeabb0144e39cf22534f4b0dc27","trace_id":"tr_cd09a9dc1d2b40ad8e459e2ef284651c","path":"/__acceptance/binding","method":"GET","status_code":200,"duration_ms":3.01}
{"ts":"2026-09-10T08:05:17.681790+00:00","level":"INFO","logger":"go.runtime","message":"http_request","request_id":"req_c019cbd8715f45c1b7ad9f2c631dea86","trace_id":"tr_80626de4d3b3400b9b009e4f951ee2f3","path":"/go-app/","method":"GET","status_code":200,"duration_ms":6.05}
{"ts":"2026-09-10T08:05:17.686902+00:00","level":"INFO","logger":"go.runtime","message":"http_request","request_id":"req_4bca3085be984bb2be77d7200df12352","trace_id":"tr_f0aa918cfee949fb92102699d9969b4d","path":"/go-app/styles.css","method":"GET","status_code":200,"duration_ms":2.32}
{"ts":"2026-09-10T08:05:17.691265+00:00","level":"INFO","logger":"go.runtime","message":"http_request","request_id":"req_970d61786aa34d05a75a63a81983bf93","trace_id":"tr_10125c8b94f446f28deb5315959c3152","path":"/go-app/vi-reference-10.css","method":"GET","status_code":200,"duration_ms":2.21}
{"ts":"2026-09-10T08:05:17.695329+00:00","level":"INFO","logger":"go.runtime","message":"http_request","request_id":"req_e3f88b4cbbd046879c50c70a47f25d27","trace_id":"tr_ff80967d3c6b48b7af5b2a40e8cf775a","path":"/go-app/flight-journeys.css","method":"GET","status_code":200,"duration_ms":2.03}
{"ts":"2026-09-10T08:05:17.699173+00:00","level":"INFO","logger":"go.runtime","message":"http_request","request_id":"req_9739a4e12f5642588b5541163f94c283","trace_id":"tr_db366f2365af4473b304be8e8c793cdc","path":"/go-app/booking-travelers.css","method":"GET","status_code":200,"duration_ms":1.92}
{"ts":"2026-09-10T08:05:17.702917+00:00","level":"INFO","logger":"go.runtime","message":"http_request","request_id":"req_2035a65d0aa14dd2b0ef3023141d5406","trace_id":"tr_fa4c3842b0a84d0c8f356468bc68f0fa","path":"/go-app/vault-manager.css","method":"GET","status_code":200,"duration_ms":1.87}
{"ts":"2026-09-10T08:05:17.706650+00:00","level":"INFO","logger":"go.runtime","message":"http_request","request_id":"req_5e8a5649b85041288bee6cbc3a19db28","trace_id":"tr_fc4545695d5c4ffd9821fa259e17f538","path":"/go-app/travel-status.css","method":"GET","status_code":200,"duration_ms":1.89}
{"ts":"2026-09-10T08:05:17.710217+00:00","level":"INFO","logger":"go.runtime","message":"http_request","request_id":"req_eff7a1bda6fe4ca5802faf3071143846","trace_id":"tr_a2b91745fccb4a7687a7336b0b40c5a4","path":"/go-app/direct-after-sales.js","method":"GET","status_code":200,"duration_ms":1.79}
{"ts":"2026-09-10T08:05:17.713892+00:00","level":"INFO","logger":"go.runtime","message":"http_request","request_id":"req_cc67422c1eec4a1baa425f7062132ab8","trace_id":"tr_2af6608619df4f768cb7ea56c8e88743","path":"/go-app/trip-navigation.js","method":"GET","status_code":200,"duration_ms":1.76}
{"ts":"2026-09-10T08:05:17.717848+00:00","level":"INFO","logger":"go.runtime","message":"http_request","request_id":"req_645d2eb44a64403d99d81335e4dd895d","trace_id":"tr_aae3fbfda2c745bd85d53a21713bb4cb","path":"/go-app/app.js","method":"GET","status_code":200,"duration_ms":1.84}
{"ts":"2026-09-10T08:05:17.722056+00:00","level":"INFO","logger":"go.runtime","message":"http_request","request_id":"req_0df27a2078ab46feae63cf043a22c988","trace_id":"tr_150ac0b2dc3e4d88b36f76492db5e85a","path":"/go-app/flight-journeys.js","method":"GET","status_code":200,"duration_ms":1.75}
{"ts":"2026-09-10T08:05:17.726138+00:00","level":"INFO","logger":"go.runtime","message":"http_request","request_id":"req_204f73e27ac441fab6f029c2f92e1045","trace_id":"tr_ee719113af874938ab4ca89dfb6ecbde","path":"/go-app/catalog-fare.js","method":"GET","status_code":200,"duration_ms":1.92}
{"ts":"2026-09-10T08:05:17.730493+00:00","level":"INFO","logger":"go.runtime","message":"http_request","request_id":"req_92af777f3b6b47dfbfb426a50a160f16","trace_id":"tr_792af5a8d8a6468288de29d1e6811969","path":"/go-app/catalog-cash-fare.js","method":"GET","status_code":200,"duration_ms":2.36}
{"ts":"2026-09-10T08:05:17.734334+00:00","level":"INFO","logger":"go.runtime","message":"http_request","request_id":"req_73be2098b8524bfeb6c91fe1cabcfb45","trace_id":"tr_f382592e318d40c28bc8975257b1440d","path":"/go-app/booking-travelers.js","method":"GET","status_code":200,"duration_ms":1.93}
{"ts":"2026-09-10T08:05:17.738167+00:00","level":"INFO","logger":"go.runtime","message":"http_request","request_id":"req_0dd80ddd798a4ca2b2896fa8d4ecf646","trace_id":"tr_ad33ea0564d745df80d3bd167f415c1f","path":"/go-app/catalog-credit.js","method":"GET","status_code":200,"duration_ms":1.84}
{"ts":"2026-09-10T08:05:17.741897+00:00","level":"INFO","logger":"go.runtime","message":"http_request","request_id":"req_f478f2e4bd3a458ca28b50aefd47f5a3","trace_id":"tr_be4c06162d5c4e12863dec5b54bd651f","path":"/go-app/rental-after-sales.js","method":"GET","status_code":200,"duration_ms":1.83}
{"ts":"2026-09-10T08:05:17.745622+00:00","level":"INFO","logger":"go.runtime","message":"http_request","request_id":"req_ec850823be6148b191cffe0be8a653c7","trace_id":"tr_19bf8ad4d30b4602828c79ec7c1fc426","path":"/go-app/vault-manager.js","method":"GET","status_code":200,"duration_ms":1.84}
{"ts":"2026-09-10T08:05:17.749396+00:00","level":"INFO","logger":"go.runtime","message":"http_request","request_id":"req_60a78acb6fe64d079d962d62dde722ed","trace_id":"tr_3684fa1fd6c344f6a6aff5a97504d8c6","path":"/go-app/travel-status.js","method":"GET","status_code":200,"duration_ms":1.8}
{"ts":"2026-09-10T08:05:17.753476+00:00","level":"INFO","logger":"go.runtime","message":"http_request","request_id":"req_2b4281c098ff4ab383333dfac055cc80","trace_id":"tr_f8fbb6bbc32547ccb7d8695c65e1c77e","path":"/go-app/rail-attraction-booking.js","method":"GET","status_code":200,"duration_ms":1.83}
{"ts":"2026-09-10T08:05:17.757405+00:00","level":"INFO","logger":"go.runtime","message":"http_request","request_id":"req_ded39aa2e48942b386c6681d9d1f351b","trace_id":"tr_64ca62af578440c29e789610a959d473","path":"/go-admin/","method":"GET","status_code":200,"duration_ms":2.11}
{"ts":"2026-09-10T08:05:17.761630+00:00","level":"INFO","logger":"go.runtime","message":"http_request","request_id":"req_e8641563678646a9b355ca94a9af2a30","trace_id":"tr_f42c7aa5a39344b08f59f36abf1981ea","path":"/console-assets/styles.css","method":"GET","status_code":200,"duration_ms":1.89}
{"ts":"2026-09-10T08:05:17.765563+00:00","level":"INFO","logger":"go.runtime","message":"http_request","request_id":"req_e8dd2a164be14fb188e50bb1257e47de","trace_id":"tr_4428bb3bb59f4eb4a3fe69e09d99abef","path":"/go-admin/config.js","method":"GET","status_code":200,"duration_ms":1.81}
{"ts":"2026-09-10T08:05:17.769109+00:00","level":"INFO","logger":"go.runtime","message":"http_request","request_id":"req_b28448d5ed944f39aa5aeb369a9ed06b","trace_id":"tr_f60c90df086d4018bd6d810b7e5905a0","path":"/go-admin/personal-travel-vault.js","method":"GET","status_code":200,"duration_ms":1.75}
{"ts":"2026-09-10T08:05:17.772905+00:00","level":"INFO","logger":"go.runtime","message":"http_request","request_id":"req_9db847fb6e8a48fc9b4b1de98a0e57d9","trace_id":"tr_eee2001d8a4941bd8c52f61b4941fa69","path":"/go-admin/consumer-growth-direct-value.js","method":"GET","status_code":200,"duration_ms":1.74}
{"ts":"2026-09-10T08:05:17.776502+00:00","level":"INFO","logger":"go.runtime","message":"http_request","request_id":"req_3b534183cc394273adb10d206fd1b0b2","trace_id":"tr_6cd0e0c5a2c44c82b4247f92b66109cb","path":"/go-admin/commercial-os.js","method":"GET","status_code":200,"duration_ms":1.77}
{"ts":"2026-09-10T08:05:17.780025+00:00","level":"INFO","logger":"go.runtime","message":"http_request","request_id":"req_17b2444a87014c3eba03a3b950197c2c","trace_id":"tr_5a0f18d5db8345e69c2a0b2d41c47be7","path":"/go-admin/good-hotel-standard.js","method":"GET","status_code":200,"duration_ms":1.75}
{"ts":"2026-09-10T08:05:17.783840+00:00","level":"INFO","logger":"go.runtime","message":"http_request","request_id":"req_40c7976b52c7483dbfdd55a414b8879e","trace_id":"tr_f4a91a2101c541bfb1bf90ad57425ca3","path":"/go-admin/production-connectors.js","method":"GET","status_code":200,"duration_ms":1.81}
{"ts":"2026-09-10T08:05:17.787569+00:00","level":"INFO","logger":"go.runtime","message":"http_request","request_id":"req_54fa8a9500a4415cb9efd33b1bbc43bb","trace_id":"tr_0ed4418469944bc187ea3ade0d5bb565","path":"/go-admin/production-connector-runtime.js","method":"GET","status_code":200,"duration_ms":1.89}
{"ts":"2026-09-10T08:05:17.791172+00:00","level":"INFO","logger":"go.runtime","message":"http_request","request_id":"req_9b7b9732ea5b493f9d64208eb66a8d94","trace_id":"tr_118acb779a5e4e188090706ffa8e819f","path":"/go-admin/connector-activation-readiness.js","method":"GET","status_code":200,"duration_ms":1.83}
{"ts":"2026-09-10T08:05:17.795061+00:00","level":"INFO","logger":"go.runtime","message":"http_request","request_id":"req_3bb724db0d014cb7a6bbbe2590d98427","trace_id":"tr_85f9162cbe5048288d62b299a64cab0f","path":"/go-admin/paired-connector-pilot.js","method":"GET","status_code":200,"duration_ms":1.85}
{"ts":"2026-09-10T08:05:17.798835+00:00","level":"INFO","logger":"go.runtime","message":"http_request","request_id":"req_da93adf00a4e4046afdf0026850976e3","trace_id":"tr_f8e1d1baf8e344ee997f8459ae0fe652","path":"/go-admin/external-sandbox-certification.js","method":"GET","status_code":200,"duration_ms":1.87}
{"ts":"2026-09-10T08:05:17.802477+00:00","level":"INFO","logger":"go.runtime","message":"http_request","request_id":"req_9edf1916ca45457abe2881e228c84753","trace_id":"tr_9567b95e80504ab9803ae6ea8a4ef424","path":"/go-admin/named-supplier-execution.js","method":"GET","status_code":200,"duration_ms":1.73}
{"ts":"2026-09-10T08:05:17.806140+00:00","level":"INFO","logger":"go.runtime","message":"http_request","request_id":"req_14834f29d528472caae3e0b2108ecc40","trace_id":"tr_acafada577414735bc3aba70d8eeebb7","path":"/go-admin/hosted-direct-booking.js","method":"GET","status_code":200,"duration_ms":1.84}
{"ts":"2026-09-10T08:05:17.809835+00:00","level":"INFO","logger":"go.runtime","message":"http_request","request_id":"req_679e54cf62af4f9cbfbaa17180bbd174","trace_id":"tr_42d8686865f54a6194f4600400b6dcdb","path":"/go-admin/hosted-content-acceptance.js","method":"GET","status_code":200,"duration_ms":1.8}
{"ts":"2026-09-10T08:05:17.813677+00:00","level":"INFO","logger":"go.runtime","message":"http_request","request_id":"req_b8deffbe45364e9380ca011eb055152c","trace_id":"tr_eee7058899744e41a19cc6844dd7cb9d","path":"/go-admin/hosted-reservation-operations.js","method":"GET","status_code":200,"duration_ms":1.91}
{"ts":"2026-09-10T08:05:17.818797+00:00","level":"INFO","logger":"go.runtime","message":"http_request","request_id":"req_593880ab14934e50bb57a22dced8fc64","trace_id":"tr_0974bedc321e4c1a853cf25f2ac17e76","path":"/go-admin/hosted-frontdesk-command-center.js","method":"GET","status_code":200,"duration_ms":3.02}
{"ts":"2026-09-10T08:05:17.822618+00:00","level":"INFO","logger":"go.runtime","message":"http_request","request_id":"req_d54bc62d55e4491a91064a3410237285","trace_id":"tr_3caeb7916cff4e6f8e82e8f0a0f97170","path":"/go-admin/alipay-safeguarded-settlement.js","method":"GET","status_code":200,"duration_ms":1.89}
{"ts":"2026-09-10T08:05:17.826608+00:00","level":"INFO","logger":"go.runtime","message":"http_request","request_id":"req_e627e7978ecd47dbac8fb5ccba9bf32e","trace_id":"tr_88871303731f49f099a7b2a9ef89e8e8","path":"/go-admin/stay-operations-command-center.js","method":"GET","status_code":200,"duration_ms":1.83}
{"ts":"2026-09-10T08:05:17.830184+00:00","level":"INFO","logger":"go.runtime","message":"http_request","request_id":"req_a1658e56fcd94667b6f179fc8bafc982","trace_id":"tr_e00cda30f23d4c14950c410f8a733bd6","path":"/go-admin/dispute-reconciliation-command-center.js","method":"GET","status_code":200,"duration_ms":1.73}
{"ts":"2026-09-10T08:05:17.834023+00:00","level":"INFO","logger":"go.runtime","message":"http_request","request_id":"req_c829347bdfc2483f8bacd1d5b9ada9c0","trace_id":"tr_2aec6467b042471cb789e7b328c90b73","path":"/go-admin/admin-ux.js","method":"GET","status_code":200,"duration_ms":1.82}
{"ts":"2026-09-10T08:05:17.837874+00:00","level":"INFO","logger":"go.runtime","message":"http_request","request_id":"req_e120142ab37444b798f10be0223b7351","trace_id":"tr_b710b23a909f471a9c308e040eb7aaab","path":"/go-admin/hotel-page-factory.js","method":"GET","status_code":200,"duration_ms":1.76}
{"ts":"2026-09-10T08:05:17.841461+00:00","level":"INFO","logger":"go.runtime","message":"http_request","request_id":"req_a229578540884bd8a314e73b1747e46d","trace_id":"tr_4232440c5b39488ab2946dabeb67dbfd","path":"/go-admin/hosted-fault-finance.js","method":"GET","status_code":200,"duration_ms":1.69}
{"ts":"2026-09-10T08:05:17.845011+00:00","level":"INFO","logger":"go.runtime","message":"http_request","request_id":"req_919728c6e1e7407ca18b568942a6b0f4","trace_id":"tr_b43f9a9fff0d4ed497fbacbb2e238312","path":"/go-admin/hosted-disruption.js","method":"GET","status_code":200,"duration_ms":1.74}
{"ts":"2026-09-10T08:05:17.848919+00:00","level":"INFO","logger":"go.runtime","message":"http_request","request_id":"req_7937e79cb4ff41f492b89b049c50ac3e","trace_id":"tr_62c710332f14443abd71e13c30bd9b1c","path":"/console-assets/catalog-remedy.js","method":"GET","status_code":200,"duration_ms":1.81}
{"ts":"2026-09-10T08:05:17.852462+00:00","level":"INFO","logger":"go.runtime","message":"http_request","request_id":"req_4e7204842fbd4857864f2fd67e2e7f0a","trace_id":"tr_8a7059b7554345ed9efdeabad5abfb12","path":"/console-assets/app.js","method":"GET","status_code":200,"duration_ms":1.67}
{"ts":"2026-09-10T08:05:17.857943+00:00","level":"INFO","logger":"go.runtime","message":"http_request","request_id":"req_66f43b216d0047dfb62f0517b9bfe1e2","trace_id":"tr_50cabd944dc2437b8eb7288482aece73","path":"/supplier-console/","method":"GET","status_code":200,"duration_ms":2.16}
{"ts":"2026-09-10T08:05:17.862079+00:00","level":"INFO","logger":"go.runtime","message":"http_request","request_id":"req_278b7c0f7f014218b7d3dbe76c4f64da","trace_id":"tr_dfa4ad5fc97742a183f947dd8230f308","path":"/console-assets/styles.css","method":"GET","status_code":200,"duration_ms":1.94}
{"ts":"2026-09-10T08:05:17.865870+00:00","level":"INFO","logger":"go.runtime","message":"http_request","request_id":"req_4d1155dd435b4a11b549f1193fdb7307","trace_id":"tr_ce7c30d8ad1e42af925e68c720925d5d","path":"/supplier-console/config.js","method":"GET","status_code":200,"duration_ms":1.86}
{"ts":"2026-09-10T08:05:17.870104+00:00","level":"INFO","logger":"go.runtime","message":"http_request","request_id":"req_f1f427e549db4e0a92c78d4e58078b50","trace_id":"tr_2ba49e630586495291d817689072a0eb","path":"/supplier-console/direct-value-economics.js","method":"GET","status_code":200,"duration_ms":2.06}
{"ts":"2026-09-10T08:05:17.873957+00:00","level":"INFO","logger":"go.runtime","message":"http_request","request_id":"req_797476e0fa5b4c2396fd3174aa294bdf","trace_id":"tr_f6b218dad83f4fe0888ecdca13417819","path":"/console-assets/catalog-remedy.js","method":"GET","status_code":200,"duration_ms":1.92}
{"ts":"2026-09-10T08:05:17.877803+00:00","level":"INFO","logger":"go.runtime","message":"http_request","request_id":"req_42b9bd71e6fa4a72a60d5fe8756f4a35","trace_id":"tr_b7fa91f1cb86459f821ed06565e7d0db","path":"/supplier-console/catalog-fare.js","method":"GET","status_code":200,"duration_ms":1.91}
{"ts":"2026-09-10T08:05:17.881601+00:00","level":"INFO","logger":"go.runtime","message":"http_request","request_id":"req_9880422891ec46489cf5b9ce5e2294b2","trace_id":"tr_c85596e4a2ee433c857329eb55407f34","path":"/console-assets/app.js","method":"GET","status_code":200,"duration_ms":1.87}
{"ts":"2026-09-10T08:05:17.886813+00:00","level":"INFO","logger":"go.runtime","message":"http_request","request_id":"req_4e3e1020f8594b22a772fde9b18b27f5","trace_id":"tr_e34c8b8550004aca9a67cb8a87b10b37","path":"/go-app/direct.html","method":"GET","status_code":200,"duration_ms":1.94}
{"ts":"2026-09-10T08:05:17.891787+00:00","level":"INFO","logger":"go.runtime","message":"http_request","request_id":"req_0d0951ff824d4a4687bf36e586f3259c","trace_id":"tr_4a2bb3050075405a8ebfc048aa0df126","path":"/go-app/direct.css","method":"GET","status_code":200,"duration_ms":1.99}
{"ts":"2026-09-10T08:05:17.895883+00:00","level":"INFO","logger":"go.runtime","message":"http_request","request_id":"req_6350c89cac254af9b958fcea49088aae","trace_id":"tr_824e788916924dd09669655fdf7163db","path":"/go-app/booking-travelers.css","method":"GET","status_code":200,"duration_ms":1.84}
{"ts":"2026-09-10T08:05:17.899891+00:00","level":"INFO","logger":"go.runtime","message":"http_request","request_id":"req_8a5c89e0a70e466cbd7fb943ae9be57a","trace_id":"tr_aeb86bea6d0b4d0988013d84fb332c3d","path":"/go-app/direct-fare.js","method":"GET","status_code":200,"duration_ms":1.89}
{"ts":"2026-09-10T08:05:17.903610+00:00","level":"INFO","logger":"go.runtime","message":"http_request","request_id":"req_8a878cf8f0044ecbab779bd6bad9b159","trace_id":"tr_921e51f77b484589930a7c3981e73ead","path":"/go-app/direct-after-sales.js","method":"GET","status_code":200,"duration_ms":1.82}
{"ts":"2026-09-10T08:05:17.907658+00:00","level":"INFO","logger":"go.runtime","message":"http_request","request_id":"req_61a0bfd7aa8f431baac04836eeda2996","trace_id":"tr_c7a592216e6e4ae6b6f7bfc92a4f8414","path":"/go-app/direct-credit.js","method":"GET","status_code":200,"duration_ms":2.19}
{"ts":"2026-09-10T08:05:17.911215+00:00","level":"INFO","logger":"go.runtime","message":"http_request","request_id":"req_5c03762c44cc47e797d7b49b483b59f3","trace_id":"tr_34666fce4887480e85c63b0bca9c5e72","path":"/go-app/direct.js","method":"GET","status_code":200,"duration_ms":1.66}
{"ts":"2026-09-10T08:05:17.918339+00:00","level":"INFO","logger":"go.runtime","message":"http_request","request_id":"req_e2715fdb1c4c42c58683731dbfb4b13d","trace_id":"tr_29256c9df3954fc5a1ae1c3e9012f134","path":"/v1/consumer/me","method":"GET","status_code":401,"duration_ms":1.18}
{"ts":"2026-09-10T08:05:18.007161+00:00","level":"INFO","logger":"go.runtime","message":"http_request","request_id":"req_a4f3838d8b0746c4ab0a7942e93a679a","trace_id":"tr_06a7b54c1cbb4003b32ea5a887e5ca9c","path":"/v1/consumer/auth/login","method":"POST","status_code":200,"duration_ms":87.18}
{"ts":"2026-09-10T08:05:18.013989+00:00","level":"INFO","logger":"go.runtime","message":"http_request","request_id":"req_5cef0b58b007454d9a05ad99c8154dcf","trace_id":"tr_3053dabbfce94834aa452e8ad69a8dca","path":"/v1/consumer/me","method":"GET","status_code":200,"duration_ms":4.64}
{"ts":"2026-09-10T08:05:18.095318+00:00","level":"INFO","logger":"go.runtime","message":"http_request","request_id":"req_3fb95d0ead7149f58d27935fe1e8b3e1","trace_id":"tr_576b1f6268a345aa9f8f25ab8ccec55f","path":"/bff/auth/login","method":"POST","status_code":200,"duration_ms":79.49}
{"ts":"2026-09-10T08:05:18.100987+00:00","level":"INFO","logger":"go.runtime","message":"http_request","request_id":"req_c18b73fe231f4d79b08d87f2687f4b9f","trace_id":"tr_02ce28b0b1814222ba5bb88841257565","path":"/bff/auth/me","method":"GET","status_code":200,"duration_ms":3.51}
{"ts":"2026-09-10T08:05:18.106263+00:00","level":"INFO","logger":"go.runtime","message":"http_request","request_id":"req_8ecc32d339464a7fa58bc06a4440c272","trace_id":"tr_8f5865da7acc4cc19426c468f3762921","path":"/v1/consumer/me","method":"GET","status_code":200,"duration_ms":3.62}
{"ts":"2026-09-10T08:05:18.116468+00:00","level":"INFO","logger":"go.runtime","message":"http_request","request_id":"req_46c206012b5845ffadee8c6d9103155f","trace_id":"tr_1b1cb1cb74624327931edb1066a10dd1","path":"/bff/auth/refresh","method":"POST","status_code":200,"duration_ms":8.42}
{"ts":"2026-09-10T08:05:18.196696+00:00","level":"INFO","logger":"go.runtime","message":"http_request","request_id":"req_c8365ad6be8b4248a2c089273ac70031","trace_id":"tr_8c8bf9bffccc4c08b8471a4ff5809a65","path":"/bff/auth/login","method":"POST","status_code":401,"duration_ms":76.49}
{"ts":"2026-09-10T08:05:18.202019+00:00","level":"INFO","logger":"go.runtime","message":"http_request","request_id":"req_e25f695307bd44658c7d909ffa7475a1","trace_id":"tr_b31d6e66364044c989faf56e718ce087","path":"/bff/auth/me","method":"GET","status_code":200,"duration_ms":3.29}
{"ts":"2026-09-10T08:05:18.218586+00:00","level":"INFO","logger":"go.runtime","message":"http_request","request_id":"req_9ede8d9f81f8467898d3360106b55987","trace_id":"tr_a20278f2977945e3b247e0d6e649c798","path":"/bff/auth/logout","method":"POST","status_code":200,"duration_ms":14.77}
{"ts":"2026-09-10T08:05:18.222852+00:00","level":"INFO","logger":"go.runtime","message":"http_request","request_id":"req_25e2276ecea34720bc9e30a91d3dc857","trace_id":"tr_e15246a28bea4411b5a58cd6e37977fa","path":"/bff/auth/me","method":"GET","status_code":401,"duration_ms":0.77}
{"ts":"2026-09-10T08:05:18.228382+00:00","level":"INFO","logger":"go.runtime","message":"http_request","request_id":"req_ce38d09839a345a9be52b9f5cc10135f","trace_id":"tr_800a79ae173b4570a068a3b02327920f","path":"/v1/consumer/me","method":"GET","status_code":200,"duration_ms":3.91}
{"ts":"2026-09-10T08:05:18.308661+00:00","level":"INFO","logger":"go.runtime","message":"http_request","request_id":"req_f48c0409542747579296b7f1557183b9","trace_id":"tr_e1441ec09625498f9ee802d0c6a8f6fb","path":"/bff/auth/login","method":"POST","status_code":200,"duration_ms":78.56}
{"ts":"2026-09-10T08:05:18.314090+00:00","level":"INFO","logger":"go.runtime","message":"http_request","request_id":"req_5415258239da4606b2ec7c3ceb5bf0b0","trace_id":"tr_580df5fbd9e2408a8455e026fcadc949","path":"/bff/auth/me","method":"GET","status_code":200,"duration_ms":3.29}
{"ts":"2026-09-10T08:05:18.319215+00:00","level":"INFO","logger":"go.runtime","message":"http_request","request_id":"req_f17f8525ed26482ead883b55ddf79130","trace_id":"tr_7023c1f09de54545b8bc6a7618199c37","path":"/v1/consumer/me","method":"GET","status_code":200,"duration_ms":3.5}
{"ts":"2026-09-10T08:05:18.327589+00:00","level":"INFO","logger":"go.runtime","message":"http_request","request_id":"req_2c5a400c71334099b63ce5b5b9447636","trace_id":"tr_36c390ccd26a44178b8377369b7efe8f","path":"/bff/auth/refresh","method":"POST","status_code":200,"duration_ms":6.69}
{"ts":"2026-09-10T08:05:18.407677+00:00","level":"INFO","logger":"go.runtime","message":"http_request","request_id":"req_168d1b17bde0474d9c915306e3e3dc59","trace_id":"tr_4a51a8b536b6437a935c6dc22e24c88a","path":"/bff/auth/login","method":"POST","status_code":401,"duration_ms":76.15}
{"ts":"2026-09-10T08:05:18.412948+00:00","level":"INFO","logger":"go.runtime","message":"http_request","request_id":"req_eca7912c9d62450c9a7f1d7f07f19577","trace_id":"tr_f1b0592c91bb41e8b80dc78d469c6908","path":"/bff/auth/me","method":"GET","status_code":200,"duration_ms":3.24}
{"ts":"2026-09-10T08:05:18.424092+00:00","level":"INFO","logger":"go.runtime","message":"http_request","request_id":"req_800692f3ecb84974b17be40526fb47c5","trace_id":"tr_0140fb75388844abaaa3cdfd4ac0d7a3","path":"/bff/auth/logout","method":"POST","status_code":200,"duration_ms":9.45}
{"ts":"2026-09-10T08:05:18.427898+00:00","level":"INFO","logger":"go.runtime","message":"http_request","request_id":"req_12c4e1861fc1415e9b2210f4f37eb8fc","trace_id":"tr_5decab7485e0448890e36d8deafc2016","path":"/bff/auth/me","method":"GET","status_code":401,"duration_ms":0.72}
{"ts":"2026-09-10T08:05:18.432864+00:00","level":"INFO","logger":"go.runtime","message":"http_request","request_id":"req_c98f9ad261c140538410a9cb67e5a693","trace_id":"tr_d7654dbe0aed41879ad0b225e8c987c9","path":"/v1/consumer/me","method":"GET","status_code":200,"duration_ms":3.48}
{"ts":"2026-09-10T08:05:18.441818+00:00","level":"INFO","logger":"go.runtime","message":"http_request","request_id":"req_b1aaa1b54b7f43a9964a7e015e77f851","trace_id":"tr_46e2c1cab97043a4b0b1acdcd7d4e654","path":"/v1/consumer/auth/refresh","method":"POST","status_code":200,"duration_ms":7.45}
{"ts":"2026-09-10T08:05:18.453348+00:00","level":"INFO","logger":"go.runtime","message":"http_request","request_id":"req_96b58218557543c1a3d136a4eb0a66da","trace_id":"tr_ffad7d5567d74694a17bed2f113bb1c8","path":"/v1/consumer/auth/logout","method":"POST","status_code":200,"duration_ms":9.74}
{"ts":"2026-09-10T08:05:18.457100+00:00","level":"INFO","logger":"go.runtime","message":"http_request","request_id":"req_b814e5e80002413eac8042e3ff107dfc","trace_id":"tr_8061616493ef4b71853904b8e1b04d5e","path":"/v1/consumer/me","method":"GET","status_code":401,"duration_ms":0.74}
{"ts":"2026-09-10T08:05:18.462417+00:00","level":"INFO","logger":"go.runtime","message":"http_request","request_id":"req_ac23656f839f4fe29bfb3a9129871b39","trace_id":"tr_9f345bffae7a40e888603294e40a8ade","path":"/v1/consumer/auth/refresh","method":"POST","status_code":401,"duration_ms":1.29}
