FFF                                                                      [100%]
=================================== FAILURES ===================================
____ test_completed_rental_cancel_replay_checks_real_money[amount_minor-1] _____

client = <starlette.testclient.TestClient object at 0x7f8e931bc4a0>
field = 'amount_minor', value = 1

    @pytest.mark.parametrize('field,value',[('amount_minor',1),('currency','USD'),('state','UNKNOWN')])
    def test_completed_rental_cancel_replay_checks_real_money(client,field,value):
        account,oid,headers=paid(client)
        first=client.post(f'/v1/mobility/orders/{oid}/cancel',headers=headers)
        assert first.status_code==200,first.text
        with SessionLocal.begin() as s:
            refunds=list(s.scalars(select(Movement).where(Movement.movement_type=='REFUND')))
            assert len(refunds)==1
            setattr(refunds[0],field,value)
        replay=client.post(f'/v1/mobility/orders/{oid}/cancel',headers=headers)
>       assert replay.status_code>=400,{'field':field,'first':first.json(),'replay':replay.json()}
E       AssertionError: {'field': 'amount_minor', 'first': {'data': {'currency': 'CNY', 'order_id': 'rent_ord_0f2e5976603f4e38', 'refund_amoun...'order_id': 'rent_ord_0f2e5976603f4e38', 'refund_amount_minor': 126000, 'refund_id': 'mob_ref_006e895cea454bbd', ...}}}
E       assert 200 >= 400
E        +  where 200 = <Response [200 OK]>.status_code

../../independent-rental-attractions/test_rental_independent.py:17: AssertionError
----------------------------- Captured stdout call -----------------------------
{"ts":"2026-09-26T18:05:45.114867+00:00","level":"INFO","logger":"go.runtime","message":"http_request","request_id":"req_1b79d0b5c32843bf830a07ab4abbfd4d","trace_id":"tr_28af1971faa7419ab8f98046ad13c827","path":"/v1/mobile/auth/login","method":"POST","status_code":200,"duration_ms":60.35}
{"ts":"2026-09-26T18:05:45.115779+00:00","level":"INFO","logger":"httpx","message":"HTTP Request: POST http://testserver/v1/mobile/auth/login \"HTTP/1.1 200 OK\""}
{"ts":"2026-09-26T18:05:45.133157+00:00","level":"INFO","logger":"go.runtime","message":"http_request","request_id":"req_9d39358ead7646b1b83ccd3147a131fb","trace_id":"tr_bce74cf3d8334ad1856c072faaa5da16","path":"/v1/mobility/rentals/orders","method":"POST","status_code":200,"duration_ms":15.95}
{"ts":"2026-09-26T18:05:45.133742+00:00","level":"INFO","logger":"httpx","message":"HTTP Request: POST http://testserver/v1/mobility/rentals/orders \"HTTP/1.1 200 OK\""}
{"ts":"2026-09-26T18:05:45.211753+00:00","level":"INFO","logger":"go.runtime","message":"http_request","request_id":"req_0762a89a30774bb485b33382ae9afc52","trace_id":"tr_92ba48df07524643b2c6547f0f9132d4","path":"/v1/consumer/checkout/RENTAL/rent_ord_0f2e5976603f4e38","method":"POST","status_code":200,"duration_ms":77.18}
{"ts":"2026-09-26T18:05:45.212360+00:00","level":"INFO","logger":"httpx","message":"HTTP Request: POST http://testserver/v1/consumer/checkout/RENTAL/rent_ord_0f2e5976603f4e38 \"HTTP/1.1 200 OK\""}
{"ts":"2026-09-26T18:05:45.254362+00:00","level":"INFO","logger":"go.runtime","message":"http_request","request_id":"req_847ac29055cc43f286994b7ce1778d87","trace_id":"tr_38553d2e7a7c413391ab5bcf83a16311","path":"/v1/mobility/orders/rent_ord_0f2e5976603f4e38/cancel","method":"POST","status_code":200,"duration_ms":40.66}
{"ts":"2026-09-26T18:05:45.254907+00:00","level":"INFO","logger":"httpx","message":"HTTP Request: POST http://testserver/v1/mobility/orders/rent_ord_0f2e5976603f4e38/cancel \"HTTP/1.1 200 OK\""}
{"ts":"2026-09-26T18:05:45.265645+00:00","level":"INFO","logger":"go.runtime","message":"http_request","request_id":"req_1231f040e15f445e9fdc47fbb39bb785","trace_id":"tr_17c5c68460a442818ce02f735dcdb1ac","path":"/v1/mobility/orders/rent_ord_0f2e5976603f4e38/cancel","method":"POST","status_code":200,"duration_ms":7.76}
{"ts":"2026-09-26T18:05:45.266172+00:00","level":"INFO","logger":"httpx","message":"HTTP Request: POST http://testserver/v1/mobility/orders/rent_ord_0f2e5976603f4e38/cancel \"HTTP/1.1 200 OK\""}
------------------------------ Captured log call -------------------------------
INFO     go.runtime:main.py:332 http_request
INFO     httpx:_client.py:1025 HTTP Request: POST http://testserver/v1/mobile/auth/login "HTTP/1.1 200 OK"
INFO     go.runtime:main.py:332 http_request
INFO     httpx:_client.py:1025 HTTP Request: POST http://testserver/v1/mobility/rentals/orders "HTTP/1.1 200 OK"
INFO     go.runtime:main.py:332 http_request
INFO     httpx:_client.py:1025 HTTP Request: POST http://testserver/v1/consumer/checkout/RENTAL/rent_ord_0f2e5976603f4e38 "HTTP/1.1 200 OK"
INFO     go.runtime:main.py:332 http_request
INFO     httpx:_client.py:1025 HTTP Request: POST http://testserver/v1/mobility/orders/rent_ord_0f2e5976603f4e38/cancel "HTTP/1.1 200 OK"
INFO     go.runtime:main.py:332 http_request
INFO     httpx:_client.py:1025 HTTP Request: POST http://testserver/v1/mobility/orders/rent_ord_0f2e5976603f4e38/cancel "HTTP/1.1 200 OK"
_____ test_completed_rental_cancel_replay_checks_real_money[currency-USD] ______

client = <starlette.testclient.TestClient object at 0x7f8e8c2685f0>
field = 'currency', value = 'USD'

    @pytest.mark.parametrize('field,value',[('amount_minor',1),('currency','USD'),('state','UNKNOWN')])
    def test_completed_rental_cancel_replay_checks_real_money(client,field,value):
        account,oid,headers=paid(client)
        first=client.post(f'/v1/mobility/orders/{oid}/cancel',headers=headers)
        assert first.status_code==200,first.text
        with SessionLocal.begin() as s:
            refunds=list(s.scalars(select(Movement).where(Movement.movement_type=='REFUND')))
            assert len(refunds)==1
            setattr(refunds[0],field,value)
        replay=client.post(f'/v1/mobility/orders/{oid}/cancel',headers=headers)
>       assert replay.status_code>=400,{'field':field,'first':first.json(),'replay':replay.json()}
E       AssertionError: {'field': 'currency', 'first': {'data': {'currency': 'CNY', 'order_id': 'rent_ord_f6e8fa70ccdf43ca', 'refund_amount_mi...'order_id': 'rent_ord_f6e8fa70ccdf43ca', 'refund_amount_minor': 126000, 'refund_id': 'mob_ref_835d978a07264482', ...}}}
E       assert 200 >= 400
E        +  where 200 = <Response [200 OK]>.status_code

../../independent-rental-attractions/test_rental_independent.py:17: AssertionError
----------------------------- Captured stdout call -----------------------------
{"ts":"2026-09-26T18:05:45.526656+00:00","level":"INFO","logger":"go.runtime","message":"http_request","request_id":"req_a25288bc7e27468eb45139cb2c673083","trace_id":"tr_4f38b1b41cae49c598d33548234599ba","path":"/v1/mobile/auth/login","method":"POST","status_code":200,"duration_ms":51.41}
{"ts":"2026-09-26T18:05:45.527281+00:00","level":"INFO","logger":"httpx","message":"HTTP Request: POST http://testserver/v1/mobile/auth/login \"HTTP/1.1 200 OK\""}
{"ts":"2026-09-26T18:05:45.536774+00:00","level":"INFO","logger":"go.runtime","message":"http_request","request_id":"req_cf128fa64b444742a1cc5820b08ca490","trace_id":"tr_ac1c4e0d16434224afd668b21c906a27","path":"/v1/mobility/rentals/orders","method":"POST","status_code":200,"duration_ms":8.74}
{"ts":"2026-09-26T18:05:45.537249+00:00","level":"INFO","logger":"httpx","message":"HTTP Request: POST http://testserver/v1/mobility/rentals/orders \"HTTP/1.1 200 OK\""}
{"ts":"2026-09-26T18:05:45.571783+00:00","level":"INFO","logger":"go.runtime","message":"http_request","request_id":"req_1d49b3c616d84e84975d12f7a6c199ae","trace_id":"tr_02c71a400bd9494ca556ff391aea79d0","path":"/v1/consumer/checkout/RENTAL/rent_ord_f6e8fa70ccdf43ca","method":"POST","status_code":200,"duration_ms":33.84}
{"ts":"2026-09-26T18:05:45.572359+00:00","level":"INFO","logger":"httpx","message":"HTTP Request: POST http://testserver/v1/consumer/checkout/RENTAL/rent_ord_f6e8fa70ccdf43ca \"HTTP/1.1 200 OK\""}
{"ts":"2026-09-26T18:05:45.598634+00:00","level":"INFO","logger":"go.runtime","message":"http_request","request_id":"req_c8655bf3466641c39edd166d85d60c44","trace_id":"tr_f46bc8ff51f049a5a72ac17f0956ca31","path":"/v1/mobility/orders/rent_ord_f6e8fa70ccdf43ca/cancel","method":"POST","status_code":200,"duration_ms":24.99}
{"ts":"2026-09-26T18:05:45.599144+00:00","level":"INFO","logger":"httpx","message":"HTTP Request: POST http://testserver/v1/mobility/orders/rent_ord_f6e8fa70ccdf43ca/cancel \"HTTP/1.1 200 OK\""}
{"ts":"2026-09-26T18:05:45.607303+00:00","level":"INFO","logger":"go.runtime","message":"http_request","request_id":"req_7490a51fcc394680887530f4db8ed727","trace_id":"tr_e60c2f3cad154f27921f9459e644888a","path":"/v1/mobility/orders/rent_ord_f6e8fa70ccdf43ca/cancel","method":"POST","status_code":200,"duration_ms":6.23}
{"ts":"2026-09-26T18:05:45.608034+00:00","level":"INFO","logger":"httpx","message":"HTTP Request: POST http://testserver/v1/mobility/orders/rent_ord_f6e8fa70ccdf43ca/cancel \"HTTP/1.1 200 OK\""}
------------------------------ Captured log call -------------------------------
INFO     go.runtime:main.py:332 http_request
INFO     httpx:_client.py:1025 HTTP Request: POST http://testserver/v1/mobile/auth/login "HTTP/1.1 200 OK"
INFO     go.runtime:main.py:332 http_request
INFO     httpx:_client.py:1025 HTTP Request: POST http://testserver/v1/mobility/rentals/orders "HTTP/1.1 200 OK"
INFO     go.runtime:main.py:332 http_request
INFO     httpx:_client.py:1025 HTTP Request: POST http://testserver/v1/consumer/checkout/RENTAL/rent_ord_f6e8fa70ccdf43ca "HTTP/1.1 200 OK"
INFO     go.runtime:main.py:332 http_request
INFO     httpx:_client.py:1025 HTTP Request: POST http://testserver/v1/mobility/orders/rent_ord_f6e8fa70ccdf43ca/cancel "HTTP/1.1 200 OK"
INFO     go.runtime:main.py:332 http_request
INFO     httpx:_client.py:1025 HTTP Request: POST http://testserver/v1/mobility/orders/rent_ord_f6e8fa70ccdf43ca/cancel "HTTP/1.1 200 OK"
_____ test_completed_rental_cancel_replay_checks_real_money[state-UNKNOWN] _____

client = <starlette.testclient.TestClient object at 0x7f8e8d440a10>
field = 'state', value = 'UNKNOWN'

    @pytest.mark.parametrize('field,value',[('amount_minor',1),('currency','USD'),('state','UNKNOWN')])
    def test_completed_rental_cancel_replay_checks_real_money(client,field,value):
        account,oid,headers=paid(client)
        first=client.post(f'/v1/mobility/orders/{oid}/cancel',headers=headers)
        assert first.status_code==200,first.text
        with SessionLocal.begin() as s:
            refunds=list(s.scalars(select(Movement).where(Movement.movement_type=='REFUND')))
            assert len(refunds)==1
            setattr(refunds[0],field,value)
        replay=client.post(f'/v1/mobility/orders/{oid}/cancel',headers=headers)
>       assert replay.status_code>=400,{'field':field,'first':first.json(),'replay':replay.json()}
E       AssertionError: {'field': 'state', 'first': {'data': {'currency': 'CNY', 'order_id': 'rent_ord_5becf59524064f8e', 'refund_amount_minor...'order_id': 'rent_ord_5becf59524064f8e', 'refund_amount_minor': 126000, 'refund_id': 'mob_ref_9fe47af87d4e4615', ...}}}
E       assert 200 >= 400
E        +  where 200 = <Response [200 OK]>.status_code

../../independent-rental-attractions/test_rental_independent.py:17: AssertionError
----------------------------- Captured stdout call -----------------------------
{"ts":"2026-09-26T18:05:45.829386+00:00","level":"INFO","logger":"go.runtime","message":"http_request","request_id":"req_e511e594f6f94af884181796a5aca5ab","trace_id":"tr_55504ac7d90843f3ac7f9142a4c403ea","path":"/v1/mobile/auth/login","method":"POST","status_code":200,"duration_ms":52.66}
{"ts":"2026-09-26T18:05:45.830302+00:00","level":"INFO","logger":"httpx","message":"HTTP Request: POST http://testserver/v1/mobile/auth/login \"HTTP/1.1 200 OK\""}
{"ts":"2026-09-26T18:05:45.839581+00:00","level":"INFO","logger":"go.runtime","message":"http_request","request_id":"req_3fbb33f1ed2543ca8d10604489c21a5e","trace_id":"tr_6143533cb7344ddeb892ac60330d2ee2","path":"/v1/mobility/rentals/orders","method":"POST","status_code":200,"duration_ms":8.52}
{"ts":"2026-09-26T18:05:45.840047+00:00","level":"INFO","logger":"httpx","message":"HTTP Request: POST http://testserver/v1/mobility/rentals/orders \"HTTP/1.1 200 OK\""}
{"ts":"2026-09-26T18:05:45.872455+00:00","level":"INFO","logger":"go.runtime","message":"http_request","request_id":"req_b6fc1014e8f443cbb62b7adc20a18e07","trace_id":"tr_072f6c7d94d6438694a122cb642ed824","path":"/v1/consumer/checkout/RENTAL/rent_ord_5becf59524064f8e","method":"POST","status_code":200,"duration_ms":31.76}
{"ts":"2026-09-26T18:05:45.873056+00:00","level":"INFO","logger":"httpx","message":"HTTP Request: POST http://testserver/v1/consumer/checkout/RENTAL/rent_ord_5becf59524064f8e \"HTTP/1.1 200 OK\""}
{"ts":"2026-09-26T18:05:45.895527+00:00","level":"INFO","logger":"go.runtime","message":"http_request","request_id":"req_f368d2aac1cd4fd0998e79a56bfb9e67","trace_id":"tr_20a78b8094c840788efb22bca1607013","path":"/v1/mobility/orders/rent_ord_5becf59524064f8e/cancel","method":"POST","status_code":200,"duration_ms":21.27}
{"ts":"2026-09-26T18:05:45.896026+00:00","level":"INFO","logger":"httpx","message":"HTTP Request: POST http://testserver/v1/mobility/orders/rent_ord_5becf59524064f8e/cancel \"HTTP/1.1 200 OK\""}
{"ts":"2026-09-26T18:05:45.907087+00:00","level":"INFO","logger":"go.runtime","message":"http_request","request_id":"req_971a7a142b7b4c75af447a9947fe732e","trace_id":"tr_35e918f74b4d479b9d54963ca6e5fc07","path":"/v1/mobility/orders/rent_ord_5becf59524064f8e/cancel","method":"POST","status_code":200,"duration_ms":9.18}
{"ts":"2026-09-26T18:05:45.907538+00:00","level":"INFO","logger":"httpx","message":"HTTP Request: POST http://testserver/v1/mobility/orders/rent_ord_5becf59524064f8e/cancel \"HTTP/1.1 200 OK\""}
------------------------------ Captured log call -------------------------------
INFO     go.runtime:main.py:332 http_request
INFO     httpx:_client.py:1025 HTTP Request: POST http://testserver/v1/mobile/auth/login "HTTP/1.1 200 OK"
INFO     go.runtime:main.py:332 http_request
INFO     httpx:_client.py:1025 HTTP Request: POST http://testserver/v1/mobility/rentals/orders "HTTP/1.1 200 OK"
INFO     go.runtime:main.py:332 http_request
INFO     httpx:_client.py:1025 HTTP Request: POST http://testserver/v1/consumer/checkout/RENTAL/rent_ord_5becf59524064f8e "HTTP/1.1 200 OK"
INFO     go.runtime:main.py:332 http_request
INFO     httpx:_client.py:1025 HTTP Request: POST http://testserver/v1/mobility/orders/rent_ord_5becf59524064f8e/cancel "HTTP/1.1 200 OK"
INFO     go.runtime:main.py:332 http_request
INFO     httpx:_client.py:1025 HTTP Request: POST http://testserver/v1/mobility/orders/rent_ord_5becf59524064f8e/cancel "HTTP/1.1 200 OK"
=========================== short test summary info ============================
FAILED ../../independent-rental-attractions/test_rental_independent.py::test_completed_rental_cancel_replay_checks_real_money[amount_minor-1]
FAILED ../../independent-rental-attractions/test_rental_independent.py::test_completed_rental_cancel_replay_checks_real_money[currency-USD]
FAILED ../../independent-rental-attractions/test_rental_independent.py::test_completed_rental_cancel_replay_checks_real_money[state-UNKNOWN]
3 failed in 7.90s
