2026-09-12T03:18:38.0423338Z Current runner version: '2.337.0'
2026-09-12T03:18:38.0437052Z ##[group]Runner Image Provisioner
2026-09-12T03:18:38.0437600Z Hosted Compute Agent
2026-09-12T03:18:38.0437951Z Version: 20260828.587
2026-09-12T03:18:38.0438362Z Commit: abac92662cab4cc7352de4f9f9d2e2419aad9c29
2026-09-12T03:18:38.0438827Z Build Date: 2026-08-28T16:44:25Z
2026-09-12T03:18:38.0439220Z Worker ID: {3c30ffe1-5b62-441c-8a21-76ad45e2a557}
2026-09-12T03:18:38.0439647Z Azure Region: westus3
2026-09-12T03:18:38.0439986Z ##[endgroup]
2026-09-12T03:18:38.0441138Z ##[group]Operating System
2026-09-12T03:18:38.0441540Z Ubuntu
2026-09-12T03:18:38.0441841Z 24.04.5
2026-09-12T03:18:38.0442130Z LTS
2026-09-12T03:18:38.0442467Z ##[endgroup]
2026-09-12T03:18:38.0442838Z ##[group]Runner Image
2026-09-12T03:18:38.0443215Z Image: ubuntu-24.04
2026-09-12T03:18:38.0443662Z Version: 20260907.300.1
2026-09-12T03:18:38.0444754Z Included Software: https://github.com/actions/runner-images/blob/ubuntu24/20260907.300/images/ubuntu/Ubuntu2404-Readme.md
2026-09-12T03:18:38.0446127Z Image Release: https://github.com/actions/runner-images/releases/tag/ubuntu24%2F20260907.300
2026-09-12T03:18:38.0447004Z ##[endgroup]
2026-09-12T03:18:38.0447893Z ##[group]GITHUB_TOKEN Permissions
2026-09-12T03:18:38.0450092Z Contents: read
2026-09-12T03:18:38.0450577Z Metadata: read
2026-09-12T03:18:38.0451206Z ##[endgroup]
2026-09-12T03:18:38.0452787Z Secret source: Actions
2026-09-12T03:18:38.0453538Z Cache mode: write
2026-09-12T03:18:38.0454584Z Prepare workflow directory
2026-09-12T03:18:38.1155981Z Prepare all required actions
2026-09-12T03:18:38.1196927Z Getting action download info
2026-09-12T03:18:38.4244501Z Download action repository 'actions/checkout@v4' (SHA:11d5960a326750d5838078e36cf38b85af677262)
2026-09-12T03:18:39.1993213Z Download action repository 'actions/setup-python@v5' (SHA:a26af69be951a213d495a4c3e4e4022e16d87065)
2026-09-12T03:18:39.9266601Z Download action repository 'actions/setup-node@v4' (SHA:49933ea5288caeca8642d1e84afbd3f7d6820020)
2026-09-12T03:18:40.1059988Z Download action repository 'actions/upload-artifact@v4' (SHA:ea165f8d65b6e75b540449e92b4886f43607fa02)
2026-09-12T03:18:40.3801850Z Complete job name: regression (0)
2026-09-12T03:18:40.4181688Z Node 20 is being deprecated. This workflow is running with Node 24 by default. If you need to temporarily use Node 20, you can set the ACTIONS_ALLOW_USE_UNSECURE_NODE_VERSION=true environment variable. For more information see: https://github.blog/changelog/2025-09-19-deprecation-of-node-20-on-github-actions-runners/
2026-09-12T03:18:40.4186121Z ##[group]Run actions/checkout@v4
2026-09-12T03:18:40.4186317Z with:
2026-09-12T03:18:40.4186448Z   ref: 62fdde3cabe72b92fa5dc1b37b7652395fe3aba5
2026-09-12T03:18:40.4186617Z   persist-credentials: false
2026-09-12T03:18:40.4186764Z   repository: yuguangzhi3836-glitch/GO
2026-09-12T03:18:40.4188067Z   token: ***
2026-09-12T03:18:40.4188180Z   ssh-strict: true
2026-09-12T03:18:40.4188290Z   ssh-user: git
2026-09-12T03:18:40.4188398Z   clean: true
2026-09-12T03:18:40.4188536Z   sparse-checkout-cone-mode: true
2026-09-12T03:18:40.4188682Z   fetch-depth: 1
2026-09-12T03:18:40.4188795Z   fetch-tags: false
2026-09-12T03:18:40.4188930Z   show-progress: true
2026-09-12T03:18:40.4189045Z   lfs: false
2026-09-12T03:18:40.4189147Z   submodules: false
2026-09-12T03:18:40.4189264Z   set-safe-directory: true
2026-09-12T03:18:40.4189401Z   allow-unsafe-pr-checkout: false
2026-09-12T03:18:40.4189595Z env:
2026-09-12T03:18:40.4189709Z   PYTHONDONTWRITEBYTECODE: 1
2026-09-12T03:18:40.4189839Z ##[endgroup]
2026-09-12T03:18:40.4936643Z Syncing repository: yuguangzhi3836-glitch/GO
2026-09-12T03:18:40.4943973Z ##[group]Getting Git version info
2026-09-12T03:18:40.4944609Z Working directory is '/home/runner/work/GO/GO'
2026-09-12T03:18:40.4949326Z [command]/usr/bin/git version
2026-09-12T03:18:40.5052385Z git version 2.55.0
2026-09-12T03:18:40.5062331Z ##[endgroup]
2026-09-12T03:18:40.5066195Z Temporarily overriding HOME='/home/runner/work/_temp/73ec2c46-6cfd-4bd1-b09a-fabae569f16c' before making global git config changes
2026-09-12T03:18:40.5067067Z Adding repository directory to the temporary git global config as a safe directory
2026-09-12T03:18:40.5067567Z [command]/usr/bin/git config --global --add safe.directory /home/runner/work/GO/GO
2026-09-12T03:18:40.5129443Z Deleting the contents of '/home/runner/work/GO/GO'
2026-09-12T03:18:40.5144892Z ##[group]Initializing the repository
2026-09-12T03:18:40.5146077Z [command]/usr/bin/git init /home/runner/work/GO/GO
2026-09-12T03:18:40.5242135Z hint: Using 'master' as the name for the initial branch. This default branch name
2026-09-12T03:18:40.5242875Z hint: will change to "main" in Git 3.0. To configure the initial branch name
2026-09-12T03:18:40.5261330Z hint: to use in all of your new repositories, which will suppress this warning,
2026-09-12T03:18:40.5270239Z hint: call:
2026-09-12T03:18:40.5270517Z hint:
2026-09-12T03:18:40.5270954Z hint: 	git config --global init.defaultBranch <name>
2026-09-12T03:18:40.5271226Z hint:
2026-09-12T03:18:40.5271503Z hint: Names commonly chosen instead of 'master' are 'main', 'trunk' and
2026-09-12T03:18:40.5283293Z hint: 'development'. The just-created branch can be renamed via this command:
2026-09-12T03:18:40.5283965Z hint:
2026-09-12T03:18:40.5284379Z hint: 	git branch -m <name>
2026-09-12T03:18:40.5284961Z hint:
2026-09-12T03:18:40.5286603Z hint: Disable this message with "git config set advice.defaultBranchName false"
2026-09-12T03:18:40.5287043Z Initialized empty Git repository in /home/runner/work/GO/GO/.git/
2026-09-12T03:18:40.5287911Z [command]/usr/bin/git remote add origin https://github.com/yuguangzhi3836-glitch/GO
2026-09-12T03:18:40.5299248Z ##[endgroup]
2026-09-12T03:18:40.5299785Z ##[group]Disabling automatic garbage collection
2026-09-12T03:18:40.5302395Z [command]/usr/bin/git config --local gc.auto 0
2026-09-12T03:18:40.5391809Z ##[endgroup]
2026-09-12T03:18:40.5392194Z ##[group]Setting up auth
2026-09-12T03:18:40.5392613Z [command]/usr/bin/git config --local --name-only --get-regexp core\.sshCommand
2026-09-12T03:18:40.5408551Z [command]/usr/bin/git submodule foreach --recursive sh -c "git config --local --name-only --get-regexp 'core\.sshCommand' && git config --local --unset-all 'core.sshCommand' || :"
2026-09-12T03:18:40.5709975Z [command]/usr/bin/git config --local --name-only --get-regexp http\.https\:\/\/github\.com\/\.extraheader
2026-09-12T03:18:40.5737103Z [command]/usr/bin/git submodule foreach --recursive sh -c "git config --local --name-only --get-regexp 'http\.https\:\/\/github\.com\/\.extraheader' && git config --local --unset-all 'http.https://github.com/.extraheader' || :"
2026-09-12T03:18:40.5912784Z [command]/usr/bin/git config --local --name-only --get-regexp ^includeIf\.gitdir:
2026-09-12T03:18:40.5936184Z [command]/usr/bin/git submodule foreach --recursive git config --local --show-origin --name-only --get-regexp remote.origin.url
2026-09-12T03:18:40.6109452Z [command]/usr/bin/git config --local http.https://github.com/.extraheader AUTHORIZATION: basic ***
2026-09-12T03:18:40.6141848Z ##[endgroup]
2026-09-12T03:18:40.6142505Z ##[group]Fetching the repository
2026-09-12T03:18:40.6143553Z [command]/usr/bin/git -c protocol.version=2 fetch --no-tags --prune --no-recurse-submodules --depth=1 origin 62fdde3cabe72b92fa5dc1b37b7652395fe3aba5
2026-09-12T03:18:43.7348222Z From https://github.com/yuguangzhi3836-glitch/GO
2026-09-12T03:18:43.7350135Z  * branch            62fdde3cabe72b92fa5dc1b37b7652395fe3aba5 -> FETCH_HEAD
2026-09-12T03:18:43.7351960Z ##[endgroup]
2026-09-12T03:18:43.7352387Z ##[group]Determining the checkout info
2026-09-12T03:18:43.7352824Z ##[endgroup]
2026-09-12T03:18:43.7353165Z [command]/usr/bin/git sparse-checkout disable
2026-09-12T03:18:43.7412911Z [command]/usr/bin/git config --local --unset-all extensions.worktreeConfig
2026-09-12T03:18:43.7458068Z ##[group]Checking out the ref
2026-09-12T03:18:43.7462259Z [command]/usr/bin/git checkout --progress --force 62fdde3cabe72b92fa5dc1b37b7652395fe3aba5
2026-09-12T03:18:43.9424579Z Note: switching to '62fdde3cabe72b92fa5dc1b37b7652395fe3aba5'.
2026-09-12T03:18:43.9428340Z 
2026-09-12T03:18:43.9428995Z You are in 'detached HEAD' state. You can look around, make experimental
2026-09-12T03:18:43.9429630Z changes and commit them, and you can discard any commits you make in this
2026-09-12T03:18:43.9438361Z state without impacting any branches by switching back to a branch.
2026-09-12T03:18:43.9438909Z 
2026-09-12T03:18:43.9451635Z If you want to create a new branch to retain commits you create, you may
2026-09-12T03:18:43.9456675Z do so (now or later) by using -c with the switch command. Example:
2026-09-12T03:18:43.9457060Z 
2026-09-12T03:18:43.9457325Z   git switch -c <new-branch-name>
2026-09-12T03:18:43.9457667Z 
2026-09-12T03:18:43.9458003Z Or undo this operation with:
2026-09-12T03:18:43.9458286Z 
2026-09-12T03:18:43.9458513Z   git switch -
2026-09-12T03:18:43.9459004Z 
2026-09-12T03:18:43.9459388Z Turn off this advice by setting config variable advice.detachedHead to false
2026-09-12T03:18:43.9459768Z 
2026-09-12T03:18:43.9460131Z HEAD is now at 62fdde3 build: consolidate reviewed PR47/48 source into a complete DEPTH41 parent
2026-09-12T03:18:43.9461919Z ##[endgroup]
2026-09-12T03:18:43.9525166Z [command]/usr/bin/git log -1 --format=%H
2026-09-12T03:18:43.9555257Z 62fdde3cabe72b92fa5dc1b37b7652395fe3aba5
2026-09-12T03:18:43.9601423Z ##[group]Removing auth
2026-09-12T03:18:43.9621289Z [command]/usr/bin/git config --local --name-only --get-regexp core\.sshCommand
2026-09-12T03:18:43.9672098Z [command]/usr/bin/git submodule foreach --recursive sh -c "git config --local --name-only --get-regexp 'core\.sshCommand' && git config --local --unset-all 'core.sshCommand' || :"
2026-09-12T03:18:43.9820940Z [command]/usr/bin/git config --local --name-only --get-regexp http\.https\:\/\/github\.com\/\.extraheader
2026-09-12T03:18:43.9843698Z http.https://github.com/.extraheader
2026-09-12T03:18:43.9860583Z [command]/usr/bin/git config --local --unset-all http.https://github.com/.extraheader
2026-09-12T03:18:43.9889811Z [command]/usr/bin/git submodule foreach --recursive sh -c "git config --local --name-only --get-regexp 'http\.https\:\/\/github\.com\/\.extraheader' && git config --local --unset-all 'http.https://github.com/.extraheader' || :"
2026-09-12T03:18:44.0071516Z [command]/usr/bin/git config --local --name-only --get-regexp ^includeIf\.gitdir:
2026-09-12T03:18:44.0099496Z [command]/usr/bin/git submodule foreach --recursive git config --local --show-origin --name-only --get-regexp remote.origin.url
2026-09-12T03:18:44.0312446Z ##[endgroup]
2026-09-12T03:18:44.0479787Z Node 20 is being deprecated. This workflow is running with Node 24 by default. If you need to temporarily use Node 20, you can set the ACTIONS_ALLOW_USE_UNSECURE_NODE_VERSION=true environment variable. For more information see: https://github.blog/changelog/2025-09-19-deprecation-of-node-20-on-github-actions-runners/
2026-09-12T03:18:44.0480997Z ##[group]Run actions/setup-python@v5
2026-09-12T03:18:44.0481137Z with:
2026-09-12T03:18:44.0481245Z   python-version: 3.13.5
2026-09-12T03:18:44.0481382Z   check-latest: false
2026-09-12T03:18:44.0482597Z   token: ***
2026-09-12T03:18:44.0482706Z   update-environment: true
2026-09-12T03:18:44.0482835Z   allow-prereleases: false
2026-09-12T03:18:44.0482959Z   freethreaded: false
2026-09-12T03:18:44.0483068Z env:
2026-09-12T03:18:44.0483172Z   PYTHONDONTWRITEBYTECODE: 1
2026-09-12T03:18:44.0483298Z ##[endgroup]
2026-09-12T03:18:44.1287557Z ##[group]Installed versions
2026-09-12T03:18:44.1302262Z Version 3.13.5 was not found in the local cache
2026-09-12T03:18:44.1374502Z (node:2009) [DEP0040] DeprecationWarning: The `punycode` module is deprecated. Please use a userland alternative instead.
2026-09-12T03:18:44.1375260Z (Use `node --trace-deprecation ...` to show where the warning was created)
2026-09-12T03:18:45.2803890Z Version 3.13.5 is available for downloading
2026-09-12T03:18:45.2805050Z Download from "https://github.com/actions/python-versions/releases/download/3.13.5-15601068749/python-3.13.5-linux-24.04-x64.tar.gz"
2026-09-12T03:18:46.0688178Z Extract downloaded archive
2026-09-12T03:18:46.0778692Z [command]/usr/bin/tar xz --warning=no-unknown-keyword --overwrite -C /home/runner/work/_temp/fc05fcbc-2e15-4702-9d54-723d34a1df1f -f /home/runner/work/_temp/c87804fa-3e05-49fa-82b2-8f23d12f18ed
2026-09-12T03:18:47.7247166Z Execute installation script
2026-09-12T03:18:47.7333877Z Check if Python hostedtoolcache folder exist...
2026-09-12T03:18:47.7339834Z Create Python 3.13.5 folder
2026-09-12T03:18:47.7346707Z Copy Python binaries to hostedtoolcache folder
2026-09-12T03:18:49.4324414Z Create additional symlinks (Required for the UsePythonVersion Azure Pipelines task and the setup-python GitHub Action)
2026-09-12T03:18:49.4356363Z Upgrading pip...
2026-09-12T03:18:51.3231833Z Looking in links: /tmp/tmp0c8sulcd
2026-09-12T03:18:51.3251697Z Requirement already satisfied: pip in /opt/hostedtoolcache/Python/3.13.5/x64/lib/python3.13/site-packages (25.1.1)
2026-09-12T03:18:53.0702711Z Collecting pip
2026-09-12T03:18:53.1174346Z Downloading pip-26.2.1-py3-none-any.whl.metadata (4.6 kB)
2026-09-12T03:18:53.9332184Z Downloading pip-26.2.1-py3-none-any.whl (1.8 MB)
2026-09-12T03:18:54.2593369Z ━━━━━━━━━━━━━━━━━━━━━━━━━━━━━━━━━━━━━━━━ 1.8/1.8 MB 5.2 MB/s eta 0:00:00
2026-09-12T03:18:54.2703843Z Installing collected packages: pip
2026-09-12T03:18:54.2704424Z Attempting uninstall: pip
2026-09-12T03:18:54.2719784Z Found existing installation: pip 25.1.1
2026-09-12T03:18:54.2905912Z Uninstalling pip-25.1.1:
2026-09-12T03:18:54.2938791Z Successfully uninstalled pip-25.1.1
2026-09-12T03:18:55.0836297Z Successfully installed pip-26.2.1
2026-09-12T03:18:55.1209854Z Create complete file
2026-09-12T03:18:55.1238027Z Successfully set up CPython (3.13.5)
2026-09-12T03:18:55.1239122Z ##[endgroup]
2026-09-12T03:18:55.1393611Z Node 20 is being deprecated. This workflow is running with Node 24 by default. If you need to temporarily use Node 20, you can set the ACTIONS_ALLOW_USE_UNSECURE_NODE_VERSION=true environment variable. For more information see: https://github.blog/changelog/2025-09-19-deprecation-of-node-20-on-github-actions-runners/
2026-09-12T03:18:55.1394260Z ##[group]Run actions/setup-node@v4
2026-09-12T03:18:55.1394395Z with:
2026-09-12T03:18:55.1394501Z   node-version: 22.22.0
2026-09-12T03:18:55.1394620Z   always-auth: false
2026-09-12T03:18:55.1394734Z   check-latest: false
2026-09-12T03:18:55.1395955Z   token: ***
2026-09-12T03:18:55.1396055Z env:
2026-09-12T03:18:55.1396163Z   PYTHONDONTWRITEBYTECODE: 1
2026-09-12T03:18:55.1396326Z   pythonLocation: /opt/hostedtoolcache/Python/3.13.5/x64
2026-09-12T03:18:55.1396555Z   PKG_CONFIG_PATH: /opt/hostedtoolcache/Python/3.13.5/x64/lib/pkgconfig
2026-09-12T03:18:55.1396772Z   Python_ROOT_DIR: /opt/hostedtoolcache/Python/3.13.5/x64
2026-09-12T03:18:55.1396993Z   Python2_ROOT_DIR: /opt/hostedtoolcache/Python/3.13.5/x64
2026-09-12T03:18:55.1397187Z   Python3_ROOT_DIR: /opt/hostedtoolcache/Python/3.13.5/x64
2026-09-12T03:18:55.1397383Z   LD_LIBRARY_PATH: /opt/hostedtoolcache/Python/3.13.5/x64/lib
2026-09-12T03:18:55.1397550Z ##[endgroup]
2026-09-12T03:18:55.2938541Z Attempting to download 22.22.0...
2026-09-12T03:18:55.3004931Z (node:2089) [DEP0040] DeprecationWarning: The `punycode` module is deprecated. Please use a userland alternative instead.
2026-09-12T03:18:55.3005756Z (Use `node --trace-deprecation ...` to show where the warning was created)
2026-09-12T03:18:56.2921987Z Acquiring 22.22.0 - x64 from https://github.com/actions/node-versions/releases/download/22.22.0-20981702931/node-22.22.0-linux-x64.tar.gz
2026-09-12T03:18:56.8647657Z Extracting ...
2026-09-12T03:18:56.8737392Z [command]/usr/bin/tar xz --strip 1 --warning=no-unknown-keyword --overwrite -C /home/runner/work/_temp/2597cffe-52af-4b4b-93f6-7ab2cf6063c5 -f /home/runner/work/_temp/a4fbcdc2-faa0-478a-a7cf-b2bf6208ee57
2026-09-12T03:18:57.8058181Z Adding to the cache ...
2026-09-12T03:19:02.0301849Z ##[group]Environment details
2026-09-12T03:19:02.1859932Z node: v22.22.0
2026-09-12T03:19:02.1860389Z npm: 10.9.4
2026-09-12T03:19:02.1861097Z yarn: 1.22.22
2026-09-12T03:19:02.1861954Z ##[endgroup]
2026-09-12T03:19:02.1994513Z ##[group]Run python ci/retention/verify_source.py "$RUNNER_TEMP/evidence/source"
2026-09-12T03:19:02.1994849Z [36;1mpython ci/retention/verify_source.py "$RUNNER_TEMP/evidence/source"[0m
2026-09-12T03:19:02.1995165Z [36;1mpython ci/retention/verify_alignment.py "$RUNNER_TEMP/evidence/source/ALIGNMENT_RESULT.json"[0m
2026-09-12T03:19:02.2027297Z shell: /usr/bin/bash --noprofile --norc -e -o pipefail {0}
2026-09-12T03:19:02.2027474Z env:
2026-09-12T03:19:02.2027587Z   PYTHONDONTWRITEBYTECODE: 1
2026-09-12T03:19:02.2027754Z   pythonLocation: /opt/hostedtoolcache/Python/3.13.5/x64
2026-09-12T03:19:02.2027976Z   PKG_CONFIG_PATH: /opt/hostedtoolcache/Python/3.13.5/x64/lib/pkgconfig
2026-09-12T03:19:02.2028192Z   Python_ROOT_DIR: /opt/hostedtoolcache/Python/3.13.5/x64
2026-09-12T03:19:02.2028384Z   Python2_ROOT_DIR: /opt/hostedtoolcache/Python/3.13.5/x64
2026-09-12T03:19:02.2028576Z   Python3_ROOT_DIR: /opt/hostedtoolcache/Python/3.13.5/x64
2026-09-12T03:19:02.2028809Z   LD_LIBRARY_PATH: /opt/hostedtoolcache/Python/3.13.5/x64/lib
2026-09-12T03:19:02.2028974Z ##[endgroup]
2026-09-12T03:19:02.3413514Z {"source_files": 1300, "source_tree_sha256": "928468ed31550195dfa8f121832e91b8d08aa9d5c15cef1381d903f76c9f97b3", "unchanged_parent_files": 1260, "new_files": 29, "repaired_existing_files": 11, "compatibility_files_unchanged": 19, "checkpoint_commit": "62fdde3cabe72b92fa5dc1b37b7652395fe3aba5", "byte_retention": "PASS", "full_feature_retention": "HOLD_APPROVAL_BLOCKED_PROVIDER_GUARD", "deployment": "NOT_RUN", "production": "HOLD"}
2026-09-12T03:19:02.4743125Z {"commit": "62fdde3cabe72b92fa5dc1b37b7652395fe3aba5", "application_tree": "a73b9b53a59c88ab995d0f9b123c9fb79e87e60d", "selected_source_files": 1300, "selection_counts": {"BOTH": 1264, "PR47": 35, "PR48": 1}, "pr47_application_changes": ["application/frontend/shared/app.js"], "archived_tooling_files": 8, "alignment": "PASS", "historical_pass_transferred": false, "full_three_end_ux": "HOLD", "six_vertical_closed_loop": "HOLD", "sealed_node": "HOLD", "final_release": "HOLD"}
2026-09-12T03:19:02.4809102Z ##[group]Run python ci/retention/dependencies.py --repository . --output "$RUNNER_TEMP/frozen"
2026-09-12T03:19:02.4809467Z [36;1mpython ci/retention/dependencies.py --repository . --output "$RUNNER_TEMP/frozen"[0m
2026-09-12T03:19:02.4809837Z [36;1mpython -m pip install --no-index --find-links "$RUNNER_TEMP/frozen/wheelhouse" -r ci/retention/requirements.lock[0m
2026-09-12T03:19:02.4855780Z shell: /usr/bin/bash --noprofile --norc -e -o pipefail {0}
2026-09-12T03:19:02.4856058Z env:
2026-09-12T03:19:02.4856225Z   PYTHONDONTWRITEBYTECODE: 1
2026-09-12T03:19:02.4856474Z   pythonLocation: /opt/hostedtoolcache/Python/3.13.5/x64
2026-09-12T03:19:02.4856810Z   PKG_CONFIG_PATH: /opt/hostedtoolcache/Python/3.13.5/x64/lib/pkgconfig
2026-09-12T03:19:02.4857135Z   Python_ROOT_DIR: /opt/hostedtoolcache/Python/3.13.5/x64
2026-09-12T03:19:02.4857432Z   Python2_ROOT_DIR: /opt/hostedtoolcache/Python/3.13.5/x64
2026-09-12T03:19:02.4857784Z   Python3_ROOT_DIR: /opt/hostedtoolcache/Python/3.13.5/x64
2026-09-12T03:19:02.4858088Z   LD_LIBRARY_PATH: /opt/hostedtoolcache/Python/3.13.5/x64/lib
2026-09-12T03:19:02.4858343Z ##[endgroup]
2026-09-12T03:19:02.6932710Z {"archive_sha256": "b13a76ab9351f81da70e8e2c8873c20141abe953cd3f96aeb181ef86a34b58dd", "verified_wheels": 37, "source": "pinned GO repository ci/dependency_parts only", "application_source_restored": false}
2026-09-12T03:19:03.2438021Z Looking in links: /home/runner/work/_temp/frozen/wheelhouse
2026-09-12T03:19:03.2492336Z Processing /home/runner/work/_temp/frozen/wheelhouse/alembic-1.16.5-py3-none-any.whl (from -r ci/retention/requirements.lock (line 1))
2026-09-12T03:19:03.2539379Z Processing /home/runner/work/_temp/frozen/wheelhouse/annotated_doc-0.0.4-py3-none-any.whl (from -r ci/retention/requirements.lock (line 2))
2026-09-12T03:19:03.2554671Z Processing /home/runner/work/_temp/frozen/wheelhouse/annotated_types-0.7.0-py3-none-any.whl (from -r ci/retention/requirements.lock (line 3))
2026-09-12T03:19:03.2573327Z Processing /home/runner/work/_temp/frozen/wheelhouse/anyio-4.13.0-py3-none-any.whl (from -r ci/retention/requirements.lock (line 4))
2026-09-12T03:19:03.2593411Z Processing /home/runner/work/_temp/frozen/wheelhouse/certifi-2026.5.20-py3-none-any.whl (from -r ci/retention/requirements.lock (line 5))
2026-09-12T03:19:03.2619882Z Processing /home/runner/work/_temp/frozen/wheelhouse/cffi-2.0.0-cp313-cp313-manylinux_2_17_x86_64.whl (from -r ci/retention/requirements.lock (line 6))
2026-09-12T03:19:03.2626255Z Processing /home/runner/work/_temp/frozen/wheelhouse/click-8.5.0-py3-none-any.whl (from -r ci/retention/requirements.lock (line 7))
2026-09-12T03:19:03.2639536Z Processing /home/runner/work/_temp/frozen/wheelhouse/cryptography-46.0.4-cp311-abi3-manylinux_2_34_x86_64.whl (from -r ci/retention/requirements.lock (line 8))
2026-09-12T03:19:03.2694132Z Processing /home/runner/work/_temp/frozen/wheelhouse/fastapi-0.128.2-py3-none-any.whl (from -r ci/retention/requirements.lock (line 9))
2026-09-12T03:19:03.2727093Z Processing /home/runner/work/_temp/frozen/wheelhouse/greenlet-3.5.1-cp313-cp313-manylinux_2_24_x86_64.whl (from -r ci/retention/requirements.lock (line 10))
2026-09-12T03:19:03.2748851Z Processing /home/runner/work/_temp/frozen/wheelhouse/h11-0.16.0-py3-none-any.whl (from -r ci/retention/requirements.lock (line 11))
2026-09-12T03:19:03.2764979Z Processing /home/runner/work/_temp/frozen/wheelhouse/httpcore-1.0.9-py3-none-any.whl (from -r ci/retention/requirements.lock (line 12))
2026-09-12T03:19:03.2785938Z Processing /home/runner/work/_temp/frozen/wheelhouse/httpx-0.28.1-py3-none-any.whl (from -r ci/retention/requirements.lock (line 13))
2026-09-12T03:19:03.2804151Z Processing /home/runner/work/_temp/frozen/wheelhouse/idna-3.17-py3-none-any.whl (from -r ci/retention/requirements.lock (line 14))
2026-09-12T03:19:03.2820306Z Processing /home/runner/work/_temp/frozen/wheelhouse/iniconfig-2.3.0-py3-none-any.whl (from -r ci/retention/requirements.lock (line 15))
2026-09-12T03:19:03.2833786Z Processing /home/runner/work/_temp/frozen/wheelhouse/mako-1.3.10-py3-none-any.whl (from -r ci/retention/requirements.lock (line 16))
2026-09-12T03:19:03.2849039Z Processing /home/runner/work/_temp/frozen/wheelhouse/markupsafe-3.0.3-cp313-cp313-manylinux2014_x86_64.manylinux_2_17_x86_64.manylinux_2_28_x86_64.whl (from -r ci/retention/requirements.lock (line 17))
2026-09-12T03:19:03.2862153Z Processing /home/runner/work/_temp/frozen/wheelhouse/packaging-25.0-py3-none-any.whl (from -r ci/retention/requirements.lock (line 18))
2026-09-12T03:19:03.2877203Z Processing /home/runner/work/_temp/frozen/wheelhouse/pillow-12.3.0-cp313-cp313-manylinux_2_27_x86_64.whl (from -r ci/retention/requirements.lock (line 19))
2026-09-12T03:19:03.2942477Z Processing /home/runner/work/_temp/frozen/wheelhouse/pluggy-1.6.0-py3-none-any.whl (from -r ci/retention/requirements.lock (line 20))
2026-09-12T03:19:03.2958406Z Processing /home/runner/work/_temp/frozen/wheelhouse/psycopg_binary-3.2.10-cp313-cp313-manylinux2014_x86_64.manylinux_2_17_x86_64.whl (from -r ci/retention/requirements.lock (line 21))
2026-09-12T03:19:03.3001549Z Processing /home/runner/work/_temp/frozen/wheelhouse/psycopg-3.2.10-py3-none-any.whl (from -r ci/retention/requirements.lock (line 22))
2026-09-12T03:19:03.3029659Z Processing /home/runner/work/_temp/frozen/wheelhouse/pycparser-3.0-py3-none-any.whl (from -r ci/retention/requirements.lock (line 23))
2026-09-12T03:19:03.3044445Z Processing /home/runner/work/_temp/frozen/wheelhouse/pydantic_settings-2.14.1-py3-none-any.whl (from -r ci/retention/requirements.lock (line 24))
2026-09-12T03:19:03.3061222Z Processing /home/runner/work/_temp/frozen/wheelhouse/pydantic-2.13.4-py3-none-any.whl (from -r ci/retention/requirements.lock (line 25))
2026-09-12T03:19:03.3105573Z Processing /home/runner/work/_temp/frozen/wheelhouse/pydantic_core-2.46.4-cp313-cp313-manylinux_2_17_x86_64.whl (from -r ci/retention/requirements.lock (line 26))
2026-09-12T03:19:03.3137109Z Processing /home/runner/work/_temp/frozen/wheelhouse/Pygments-2.20.0-py3-none-any.whl (from -r ci/retention/requirements.lock (line 27))
2026-09-12T03:19:03.3195074Z Processing /home/runner/work/_temp/frozen/wheelhouse/PyJWT-2.13.0-py3-none-any.whl (from -r ci/retention/requirements.lock (line 28))
2026-09-12T03:19:03.3209891Z Processing /home/runner/work/_temp/frozen/wheelhouse/pytest_asyncio-1.3.0-py3-none-any.whl (from -r ci/retention/requirements.lock (line 29))
2026-09-12T03:19:03.3226375Z Processing /home/runner/work/_temp/frozen/wheelhouse/pytest-9.0.2-py3-none-any.whl (from -r ci/retention/requirements.lock (line 30))
2026-09-12T03:19:03.3256691Z Processing /home/runner/work/_temp/frozen/wheelhouse/python_dotenv-1.2.2-py3-none-any.whl (from -r ci/retention/requirements.lock (line 31))
2026-09-12T03:19:03.3277236Z Processing /home/runner/work/_temp/frozen/wheelhouse/redis-5.2.1-py3-none-any.whl (from -r ci/retention/requirements.lock (line 32))
2026-09-12T03:19:03.3296458Z Processing /home/runner/work/_temp/frozen/wheelhouse/SQLAlchemy-2.0.50-cp313-cp313-manylinux_2_17_x86_64.whl (from -r ci/retention/requirements.lock (line 33))
2026-09-12T03:19:03.3382499Z Processing /home/runner/work/_temp/frozen/wheelhouse/starlette-0.50.0-py3-none-any.whl (from -r ci/retention/requirements.lock (line 34))
2026-09-12T03:19:03.3401727Z Processing /home/runner/work/_temp/frozen/wheelhouse/typing_inspection-0.4.2-py3-none-any.whl (from -r ci/retention/requirements.lock (line 35))
2026-09-12T03:19:03.3414924Z Processing /home/runner/work/_temp/frozen/wheelhouse/typing_extensions-4.16.0-py3-none-any.whl (from -r ci/retention/requirements.lock (line 36))
2026-09-12T03:19:03.3428893Z Processing /home/runner/work/_temp/frozen/wheelhouse/uvicorn-0.35.0-py3-none-any.whl (from -r ci/retention/requirements.lock (line 37))
2026-09-12T03:19:03.4102430Z Installing collected packages: typing_extensions, redis, python-dotenv, PyJWT, Pygments, pycparser, psycopg-binary, psycopg, pluggy, Pillow, packaging, MarkupSafe, iniconfig, idna, h11, greenlet, click, certifi, annotated-types, annotated-doc, uvicorn, typing-inspection, SQLAlchemy, pytest, pydantic_core, Mako, httpcore, cffi, anyio, starlette, pytest-asyncio, pydantic, httpx, cryptography, alembic, pydantic-settings, fastapi
2026-09-12T03:19:08.0742718Z 
2026-09-12T03:19:08.0766644Z Successfully installed Mako-1.3.10 MarkupSafe-3.0.3 Pillow-12.3.0 PyJWT-2.13.0 Pygments-2.20.0 SQLAlchemy-2.0.50 alembic-1.16.5 annotated-doc-0.0.4 annotated-types-0.7.0 anyio-4.13.0 certifi-2026.5.20 cffi-2.0.0 click-8.5.0 cryptography-46.0.4 fastapi-0.128.2 greenlet-3.5.1 h11-0.16.0 httpcore-1.0.9 httpx-0.28.1 idna-3.17 iniconfig-2.3.0 packaging-25.0 pluggy-1.6.0 psycopg-3.2.10 psycopg-binary-3.2.10 pycparser-3.0 pydantic-2.13.4 pydantic-settings-2.14.1 pydantic_core-2.46.4 pytest-9.0.2 pytest-asyncio-1.3.0 python-dotenv-1.2.2 redis-5.2.1 starlette-0.50.0 typing-inspection-0.4.2 typing_extensions-4.16.0 uvicorn-0.35.0
2026-09-12T03:19:08.1204797Z ##[group]Run export GO_NATIVE_NODE="$(command -v node)"
2026-09-12T03:19:08.1205038Z [36;1mexport GO_NATIVE_NODE="$(command -v node)"[0m
2026-09-12T03:19:08.1205301Z [36;1mpython ci/retention/run_suite.py --shard 0 --evidence "$RUNNER_TEMP/evidence/tests"[0m
2026-09-12T03:19:08.1235201Z shell: /usr/bin/bash --noprofile --norc -e -o pipefail {0}
2026-09-12T03:19:08.1235374Z env:
2026-09-12T03:19:08.1235486Z   PYTHONDONTWRITEBYTECODE: 1
2026-09-12T03:19:08.1235653Z   pythonLocation: /opt/hostedtoolcache/Python/3.13.5/x64
2026-09-12T03:19:08.1235869Z   PKG_CONFIG_PATH: /opt/hostedtoolcache/Python/3.13.5/x64/lib/pkgconfig
2026-09-12T03:19:08.1236088Z   Python_ROOT_DIR: /opt/hostedtoolcache/Python/3.13.5/x64
2026-09-12T03:19:08.1236280Z   Python2_ROOT_DIR: /opt/hostedtoolcache/Python/3.13.5/x64
2026-09-12T03:19:08.1236474Z   Python3_ROOT_DIR: /opt/hostedtoolcache/Python/3.13.5/x64
2026-09-12T03:19:08.1236667Z   LD_LIBRARY_PATH: /opt/hostedtoolcache/Python/3.13.5/x64/lib
2026-09-12T03:19:08.1236864Z ##[endgroup]
2026-09-12T03:24:53.2003645Z ........................................................................ [ 16%]
2026-09-12T03:24:53.2021621Z ........................................................................ [ 32%]
2026-09-12T03:24:53.2022536Z ........................................................................ [ 49%]
2026-09-12T03:24:53.2023058Z .....................................................................s.. [ 65%]
2026-09-12T03:24:53.2023610Z ........................................................................ [ 82%]
2026-09-12T03:24:53.2024127Z ........................................................................ [ 98%]
2026-09-12T03:24:53.2024624Z .......                                                                  [100%]
2026-09-12T03:24:53.2025136Z =============================== warnings summary ===============================
2026-09-12T03:24:53.2025945Z tests/test_commercial_constitution_admin_os.py::test_admin_cannot_create_recommendation_without_independent_judgment
2026-09-12T03:24:53.2027184Z   /home/runner/work/GO/GO/application/src/go_hotel/services/commercial_constitution.py:29: SAWarning: fully NULL primary key identity cannot load any object.  This condition may raise an error in a future release.
2026-09-12T03:24:53.2028154Z     rec=s.get(RecommendationDecisionRow,judgment_decision_id)
2026-09-12T03:24:53.2028503Z 
2026-09-12T03:24:53.2028869Z tests/test_depth24_expiry.py::test_migration_preserves_all_deadline_history
2026-09-12T03:24:53.2029520Z tests/test_depth24_expiry.py::test_migration_preserves_all_deadline_history
2026-09-12T03:24:53.2030140Z tests/test_depth24_expiry.py::test_migration_preserves_all_deadline_history
2026-09-12T03:24:53.2030921Z tests/test_depth24_expiry.py::test_migration_preserves_all_deadline_history
2026-09-12T03:24:53.2031570Z tests/test_depth24_expiry.py::test_migration_preserves_all_deadline_history
2026-09-12T03:24:53.2032881Z   /opt/hostedtoolcache/Python/3.13.5/x64/lib/python3.13/site-packages/alembic/config.py:598: DeprecationWarning: No path_separator found in configuration; falling back to legacy splitting on spaces, commas, and colons for prepend_sys_path.  Consider adding path_separator=os to Alembic config.
2026-09-12T03:24:53.2033953Z     util.warn_deprecated(
2026-09-12T03:24:53.2034191Z 
2026-09-12T03:24:53.2034540Z -- Docs: https://docs.pytest.org/en/stable/how-to/capture-warnings.html
2026-09-12T03:24:53.2035104Z 438 passed, 1 skipped, 6 warnings in 339.66s (0:05:39)
2026-09-12T03:24:53.2035399Z 
2026-09-12T03:24:53.2036063Z {"exit_code": 0, "selected_files": 60, "shard": 0, "real_providers": "NOT_RUN", "hong_kong": "NOT_ACCESSED", "tests": 439, "failures": 0, "errors": 0, "skipped": 1, "passed": 438}
2026-09-12T03:24:53.2105093Z Node 20 is being deprecated. This workflow is running with Node 24 by default. If you need to temporarily use Node 20, you can set the ACTIONS_ALLOW_USE_UNSECURE_NODE_VERSION=true environment variable. For more information see: https://github.blog/changelog/2025-09-19-deprecation-of-node-20-on-github-actions-runners/
2026-09-12T03:24:53.2105749Z ##[group]Run actions/upload-artifact@v4
2026-09-12T03:24:53.2105898Z with:
2026-09-12T03:24:53.2106082Z   name: canonical-retention-shard-0-62fdde3cabe72b92fa5dc1b37b7652395fe3aba5
2026-09-12T03:24:53.2106309Z   path: /home/runner/work/_temp/evidence
2026-09-12T03:24:53.2106452Z   if-no-files-found: error
2026-09-12T03:24:53.2106577Z   compression-level: 6
2026-09-12T03:24:53.2106689Z   overwrite: false
2026-09-12T03:24:53.2106800Z   include-hidden-files: false
2026-09-12T03:24:53.2106922Z env:
2026-09-12T03:24:53.2107029Z   PYTHONDONTWRITEBYTECODE: 1
2026-09-12T03:24:53.2107188Z   pythonLocation: /opt/hostedtoolcache/Python/3.13.5/x64
2026-09-12T03:24:53.2107434Z   PKG_CONFIG_PATH: /opt/hostedtoolcache/Python/3.13.5/x64/lib/pkgconfig
2026-09-12T03:24:53.2107648Z   Python_ROOT_DIR: /opt/hostedtoolcache/Python/3.13.5/x64
2026-09-12T03:24:53.2107840Z   Python2_ROOT_DIR: /opt/hostedtoolcache/Python/3.13.5/x64
2026-09-12T03:24:53.2108030Z   Python3_ROOT_DIR: /opt/hostedtoolcache/Python/3.13.5/x64
2026-09-12T03:24:53.2108224Z   LD_LIBRARY_PATH: /opt/hostedtoolcache/Python/3.13.5/x64/lib
2026-09-12T03:24:53.2108501Z ##[endgroup]
2026-09-12T03:24:53.3151636Z (node:2759) [DEP0040] DeprecationWarning: The `punycode` module is deprecated. Please use a userland alternative instead.
2026-09-12T03:24:53.3152535Z (Use `node --trace-deprecation ...` to show where the warning was created)
2026-09-12T03:24:53.3229981Z With the provided path, there will be 7 files uploaded
2026-09-12T03:24:53.3233317Z Artifact name is valid!
2026-09-12T03:24:53.3233749Z Root directory input is valid!
2026-09-12T03:24:53.6598092Z Beginning upload of artifact content to blob storage
2026-09-12T03:24:53.6834318Z (node:2759) [DEP0169] DeprecationWarning: `url.parse()` behavior is not standardized and prone to errors that have security implications. Use the WHATWG URL API instead. CVEs are not issued for `url.parse()` vulnerabilities.
2026-09-12T03:24:54.0055003Z Uploaded bytes 79026
2026-09-12T03:24:54.0657918Z Finished uploading artifact content to blob storage!
2026-09-12T03:24:54.0659418Z SHA256 digest of uploaded artifact zip is a8672b10546f05a7bc5350dedd84f034ff26f488e17e748fcfed2c2a8f77c3d3
2026-09-12T03:24:54.0660939Z Finalizing artifact upload
2026-09-12T03:24:54.3403331Z Artifact canonical-retention-shard-0-62fdde3cabe72b92fa5dc1b37b7652395fe3aba5.zip successfully finalized. Artifact ID 10290023596
2026-09-12T03:24:54.3404610Z Artifact canonical-retention-shard-0-62fdde3cabe72b92fa5dc1b37b7652395fe3aba5 has been successfully uploaded! Final size is 79026 bytes. Artifact ID is 10290023596
2026-09-12T03:24:54.3407713Z Artifact download URL: https://github.com/yuguangzhi3836-glitch/GO/actions/runs/34670014293/artifacts/10290023596
2026-09-12T03:24:54.3539104Z Node 20 is being deprecated. This workflow is running with Node 24 by default. If you need to temporarily use Node 20, you can set the ACTIONS_ALLOW_USE_UNSECURE_NODE_VERSION=true environment variable. For more information see: https://github.blog/changelog/2025-09-19-deprecation-of-node-20-on-github-actions-runners/
2026-09-12T03:24:54.3539833Z Post job cleanup.
2026-09-12T03:24:54.4293585Z (node:2772) [DEP0040] DeprecationWarning: The `punycode` module is deprecated. Please use a userland alternative instead.
2026-09-12T03:24:54.4294564Z (Use `node --trace-deprecation ...` to show where the warning was created)
2026-09-12T03:24:54.4434631Z Node 20 is being deprecated. This workflow is running with Node 24 by default. If you need to temporarily use Node 20, you can set the ACTIONS_ALLOW_USE_UNSECURE_NODE_VERSION=true environment variable. For more information see: https://github.blog/changelog/2025-09-19-deprecation-of-node-20-on-github-actions-runners/
2026-09-12T03:24:54.4435690Z Post job cleanup.
2026-09-12T03:24:54.5205198Z (node:2780) [DEP0040] DeprecationWarning: The `punycode` module is deprecated. Please use a userland alternative instead.
2026-09-12T03:24:54.5206112Z (Use `node --trace-deprecation ...` to show where the warning was created)
2026-09-12T03:24:54.5379348Z Node 20 is being deprecated. This workflow is running with Node 24 by default. If you need to temporarily use Node 20, you can set the ACTIONS_ALLOW_USE_UNSECURE_NODE_VERSION=true environment variable. For more information see: https://github.blog/changelog/2025-09-19-deprecation-of-node-20-on-github-actions-runners/
2026-09-12T03:24:54.5380002Z Post job cleanup.
2026-09-12T03:24:54.6241364Z [command]/usr/bin/git version
2026-09-12T03:24:54.6304851Z git version 2.55.0
2026-09-12T03:24:54.6431851Z Temporarily overriding HOME='/home/runner/work/_temp/7fa889c8-ea10-4c4f-8449-7cc072bdb169' before making global git config changes
2026-09-12T03:24:54.6447198Z Adding repository directory to the temporary git global config as a safe directory
2026-09-12T03:24:54.6447980Z [command]/usr/bin/git config --global --add safe.directory /home/runner/work/GO/GO
2026-09-12T03:24:54.6502629Z [command]/usr/bin/git config --local --name-only --get-regexp core\.sshCommand
2026-09-12T03:24:54.6543177Z [command]/usr/bin/git submodule foreach --recursive sh -c "git config --local --name-only --get-regexp 'core\.sshCommand' && git config --local --unset-all 'core.sshCommand' || :"
2026-09-12T03:24:54.6792826Z [command]/usr/bin/git config --local --name-only --get-regexp http\.https\:\/\/github\.com\/\.extraheader
2026-09-12T03:24:54.6843813Z [command]/usr/bin/git submodule foreach --recursive sh -c "git config --local --name-only --get-regexp 'http\.https\:\/\/github\.com\/\.extraheader' && git config --local --unset-all 'http.https://github.com/.extraheader' || :"
2026-09-12T03:24:54.7181510Z [command]/usr/bin/git config --local --name-only --get-regexp ^includeIf\.gitdir:
2026-09-12T03:24:54.7241682Z [command]/usr/bin/git submodule foreach --recursive git config --local --show-origin --name-only --get-regexp remote.origin.url
2026-09-12T03:24:54.7482894Z Cleaning up orphan processes
2026-09-12T03:24:54.7656791Z ##[warning]Node.js 20 is deprecated. The following actions target Node.js 20 but are being forced to run on Node.js 24: actions/checkout@v4, actions/setup-node@v4, actions/setup-python@v5, actions/upload-artifact@v4. For more information see: https://github.blog/changelog/2025-09-19-deprecation-of-node-20-on-github-actions-runners/
