2026-09-12T03:18:39.8481423Z Current runner version: '2.337.0'
2026-09-12T03:18:39.8508865Z ##[group]Runner Image Provisioner
2026-09-12T03:18:39.8509829Z Hosted Compute Agent
2026-09-12T03:18:39.8510512Z Version: 20260828.587
2026-09-12T03:18:39.8511181Z Commit: abac92662cab4cc7352de4f9f9d2e2419aad9c29
2026-09-12T03:18:39.8512034Z Build Date: 2026-08-28T16:44:25Z
2026-09-12T03:18:39.8512758Z Worker ID: {8ebbb61d-2ce2-4d07-8eff-66900e57fe17}
2026-09-12T03:18:39.8513543Z Azure Region: westus2
2026-09-12T03:18:39.8514194Z ##[endgroup]
2026-09-12T03:18:39.8516284Z ##[group]Operating System
2026-09-12T03:18:39.8517076Z Ubuntu
2026-09-12T03:18:39.8517623Z 24.04.5
2026-09-12T03:18:39.8518138Z LTS
2026-09-12T03:18:39.8518773Z ##[endgroup]
2026-09-12T03:18:39.8519362Z ##[group]Runner Image
2026-09-12T03:18:39.8520105Z Image: ubuntu-24.04
2026-09-12T03:18:39.8520691Z Version: 20260907.300.1
2026-09-12T03:18:39.8522142Z Included Software: https://github.com/actions/runner-images/blob/ubuntu24/20260907.300/images/ubuntu/Ubuntu2404-Readme.md
2026-09-12T03:18:39.8523779Z Image Release: https://github.com/actions/runner-images/releases/tag/ubuntu24%2F20260907.300
2026-09-12T03:18:39.8525369Z ##[endgroup]
2026-09-12T03:18:39.8526608Z ##[group]GITHUB_TOKEN Permissions
2026-09-12T03:18:39.8528848Z Contents: read
2026-09-12T03:18:39.8529517Z Metadata: read
2026-09-12T03:18:39.8530088Z ##[endgroup]
2026-09-12T03:18:39.8532403Z Secret source: Actions
2026-09-12T03:18:39.8533434Z Cache mode: write
2026-09-12T03:18:39.8534395Z Prepare workflow directory
2026-09-12T03:18:39.9023847Z Prepare all required actions
2026-09-12T03:18:39.9071116Z Getting action download info
2026-09-12T03:18:40.2562727Z Download action repository 'actions/checkout@v4' (SHA:11d5960a326750d5838078e36cf38b85af677262)
2026-09-12T03:18:40.3813103Z Download action repository 'actions/setup-python@v5' (SHA:a26af69be951a213d495a4c3e4e4022e16d87065)
2026-09-12T03:18:40.4812548Z Download action repository 'actions/setup-node@v4' (SHA:49933ea5288caeca8642d1e84afbd3f7d6820020)
2026-09-12T03:18:40.5796393Z Download action repository 'actions/upload-artifact@v4' (SHA:ea165f8d65b6e75b540449e92b4886f43607fa02)
2026-09-12T03:18:40.8055920Z Complete job name: regression (1)
2026-09-12T03:18:40.8853880Z Node 20 is being deprecated. This workflow is running with Node 24 by default. If you need to temporarily use Node 20, you can set the ACTIONS_ALLOW_USE_UNSECURE_NODE_VERSION=true environment variable. For more information see: https://github.blog/changelog/2025-09-19-deprecation-of-node-20-on-github-actions-runners/
2026-09-12T03:18:40.8863312Z ##[group]Run actions/checkout@v4
2026-09-12T03:18:40.8864108Z with:
2026-09-12T03:18:40.8864605Z   ref: 62fdde3cabe72b92fa5dc1b37b7652395fe3aba5
2026-09-12T03:18:40.8865521Z   persist-credentials: false
2026-09-12T03:18:40.8866068Z   repository: yuguangzhi3836-glitch/GO
2026-09-12T03:18:40.8870151Z   token: ***
2026-09-12T03:18:40.8870591Z   ssh-strict: true
2026-09-12T03:18:40.8871029Z   ssh-user: git
2026-09-12T03:18:40.8871450Z   clean: true
2026-09-12T03:18:40.8871935Z   sparse-checkout-cone-mode: true
2026-09-12T03:18:40.8872472Z   fetch-depth: 1
2026-09-12T03:18:40.8872910Z   fetch-tags: false
2026-09-12T03:18:40.8873410Z   show-progress: true
2026-09-12T03:18:40.8873861Z   lfs: false
2026-09-12T03:18:40.8874274Z   submodules: false
2026-09-12T03:18:40.8874869Z   set-safe-directory: true
2026-09-12T03:18:40.8875398Z   allow-unsafe-pr-checkout: false
2026-09-12T03:18:40.8876257Z env:
2026-09-12T03:18:40.8876702Z   PYTHONDONTWRITEBYTECODE: 1
2026-09-12T03:18:40.8877214Z ##[endgroup]
2026-09-12T03:18:41.0074196Z Syncing repository: yuguangzhi3836-glitch/GO
2026-09-12T03:18:41.0078120Z ##[group]Getting Git version info
2026-09-12T03:18:41.0080192Z Working directory is '/home/runner/work/GO/GO'
2026-09-12T03:18:41.0082705Z [command]/usr/bin/git version
2026-09-12T03:18:41.0272146Z git version 2.55.0
2026-09-12T03:18:41.0279196Z ##[endgroup]
2026-09-12T03:18:41.0343600Z Temporarily overriding HOME='/home/runner/work/_temp/ce0fc203-6bd3-4b4d-802c-b11e200c54c7' before making global git config changes
2026-09-12T03:18:41.0347366Z Adding repository directory to the temporary git global config as a safe directory
2026-09-12T03:18:41.0351592Z [command]/usr/bin/git config --global --add safe.directory /home/runner/work/GO/GO
2026-09-12T03:18:41.0406810Z Deleting the contents of '/home/runner/work/GO/GO'
2026-09-12T03:18:41.0408922Z ##[group]Initializing the repository
2026-09-12T03:18:41.0410832Z [command]/usr/bin/git init /home/runner/work/GO/GO
2026-09-12T03:18:41.0607404Z hint: Using 'master' as the name for the initial branch. This default branch name
2026-09-12T03:18:41.0614410Z hint: will change to "main" in Git 3.0. To configure the initial branch name
2026-09-12T03:18:41.0618887Z hint: to use in all of your new repositories, which will suppress this warning,
2026-09-12T03:18:41.0620797Z hint: call:
2026-09-12T03:18:41.0622956Z hint:
2026-09-12T03:18:41.0624295Z hint: 	git config --global init.defaultBranch <name>
2026-09-12T03:18:41.0628213Z hint:
2026-09-12T03:18:41.0629704Z hint: Names commonly chosen instead of 'master' are 'main', 'trunk' and
2026-09-12T03:18:41.0635765Z hint: 'development'. The just-created branch can be renamed via this command:
2026-09-12T03:18:41.0643153Z hint:
2026-09-12T03:18:41.0645516Z hint: 	git branch -m <name>
2026-09-12T03:18:41.0647244Z hint:
2026-09-12T03:18:41.0649466Z hint: Disable this message with "git config set advice.defaultBranchName false"
2026-09-12T03:18:41.0651684Z Initialized empty Git repository in /home/runner/work/GO/GO/.git/
2026-09-12T03:18:41.0656760Z [command]/usr/bin/git remote add origin https://github.com/yuguangzhi3836-glitch/GO
2026-09-12T03:18:41.0660949Z ##[endgroup]
2026-09-12T03:18:41.0662779Z ##[group]Disabling automatic garbage collection
2026-09-12T03:18:41.0677956Z [command]/usr/bin/git config --local gc.auto 0
2026-09-12T03:18:41.0745487Z ##[endgroup]
2026-09-12T03:18:41.0747161Z ##[group]Setting up auth
2026-09-12T03:18:41.0749170Z [command]/usr/bin/git config --local --name-only --get-regexp core\.sshCommand
2026-09-12T03:18:41.0826310Z [command]/usr/bin/git submodule foreach --recursive sh -c "git config --local --name-only --get-regexp 'core\.sshCommand' && git config --local --unset-all 'core.sshCommand' || :"
2026-09-12T03:18:41.1447048Z [command]/usr/bin/git config --local --name-only --get-regexp http\.https\:\/\/github\.com\/\.extraheader
2026-09-12T03:18:41.1470464Z [command]/usr/bin/git submodule foreach --recursive sh -c "git config --local --name-only --get-regexp 'http\.https\:\/\/github\.com\/\.extraheader' && git config --local --unset-all 'http.https://github.com/.extraheader' || :"
2026-09-12T03:18:41.1694968Z [command]/usr/bin/git config --local --name-only --get-regexp ^includeIf\.gitdir:
2026-09-12T03:18:41.1732991Z [command]/usr/bin/git submodule foreach --recursive git config --local --show-origin --name-only --get-regexp remote.origin.url
2026-09-12T03:18:41.1981208Z [command]/usr/bin/git config --local http.https://github.com/.extraheader AUTHORIZATION: basic ***
2026-09-12T03:18:41.2026160Z ##[endgroup]
2026-09-12T03:18:41.2028413Z ##[group]Fetching the repository
2026-09-12T03:18:41.2038582Z [command]/usr/bin/git -c protocol.version=2 fetch --no-tags --prune --no-recurse-submodules --depth=1 origin 62fdde3cabe72b92fa5dc1b37b7652395fe3aba5
2026-09-12T03:18:43.2846042Z From https://github.com/yuguangzhi3836-glitch/GO
2026-09-12T03:18:43.2848556Z  * branch            62fdde3cabe72b92fa5dc1b37b7652395fe3aba5 -> FETCH_HEAD
2026-09-12T03:18:43.2853215Z ##[endgroup]
2026-09-12T03:18:43.2855086Z ##[group]Determining the checkout info
2026-09-12T03:18:43.2856580Z ##[endgroup]
2026-09-12T03:18:43.2857877Z [command]/usr/bin/git sparse-checkout disable
2026-09-12T03:18:43.2913998Z [command]/usr/bin/git config --local --unset-all extensions.worktreeConfig
2026-09-12T03:18:43.2947896Z ##[group]Checking out the ref
2026-09-12T03:18:43.2956989Z [command]/usr/bin/git checkout --progress --force 62fdde3cabe72b92fa5dc1b37b7652395fe3aba5
2026-09-12T03:18:43.5963508Z Note: switching to '62fdde3cabe72b92fa5dc1b37b7652395fe3aba5'.
2026-09-12T03:18:43.5965252Z 
2026-09-12T03:18:43.5966448Z You are in 'detached HEAD' state. You can look around, make experimental
2026-09-12T03:18:43.5978121Z changes and commit them, and you can discard any commits you make in this
2026-09-12T03:18:43.5979598Z state without impacting any branches by switching back to a branch.
2026-09-12T03:18:43.5980389Z 
2026-09-12T03:18:43.5981195Z If you want to create a new branch to retain commits you create, you may
2026-09-12T03:18:43.5983027Z do so (now or later) by using -c with the switch command. Example:
2026-09-12T03:18:43.5983870Z 
2026-09-12T03:18:43.5985040Z   git switch -c <new-branch-name>
2026-09-12T03:18:43.5985753Z 
2026-09-12T03:18:43.5987823Z Or undo this operation with:
2026-09-12T03:18:43.5988142Z 
2026-09-12T03:18:43.5988320Z   git switch -
2026-09-12T03:18:43.5988584Z 
2026-09-12T03:18:43.5988961Z Turn off this advice by setting config variable advice.detachedHead to false
2026-09-12T03:18:43.5989520Z 
2026-09-12T03:18:43.5990048Z HEAD is now at 62fdde3 build: consolidate reviewed PR47/48 source into a complete DEPTH41 parent
2026-09-12T03:18:43.5992357Z ##[endgroup]
2026-09-12T03:18:43.6035563Z [command]/usr/bin/git log -1 --format=%H
2026-09-12T03:18:43.6065631Z 62fdde3cabe72b92fa5dc1b37b7652395fe3aba5
2026-09-12T03:18:43.6079348Z ##[group]Removing auth
2026-09-12T03:18:43.6084198Z [command]/usr/bin/git config --local --name-only --get-regexp core\.sshCommand
2026-09-12T03:18:43.6121449Z [command]/usr/bin/git submodule foreach --recursive sh -c "git config --local --name-only --get-regexp 'core\.sshCommand' && git config --local --unset-all 'core.sshCommand' || :"
2026-09-12T03:18:43.6390800Z [command]/usr/bin/git config --local --name-only --get-regexp http\.https\:\/\/github\.com\/\.extraheader
2026-09-12T03:18:43.6413066Z http.https://github.com/.extraheader
2026-09-12T03:18:43.6431409Z [command]/usr/bin/git config --local --unset-all http.https://github.com/.extraheader
2026-09-12T03:18:43.6461846Z [command]/usr/bin/git submodule foreach --recursive sh -c "git config --local --name-only --get-regexp 'http\.https\:\/\/github\.com\/\.extraheader' && git config --local --unset-all 'http.https://github.com/.extraheader' || :"
2026-09-12T03:18:43.6710839Z [command]/usr/bin/git config --local --name-only --get-regexp ^includeIf\.gitdir:
2026-09-12T03:18:43.6761385Z [command]/usr/bin/git submodule foreach --recursive git config --local --show-origin --name-only --get-regexp remote.origin.url
2026-09-12T03:18:43.7004252Z ##[endgroup]
2026-09-12T03:18:43.7275671Z Node 20 is being deprecated. This workflow is running with Node 24 by default. If you need to temporarily use Node 20, you can set the ACTIONS_ALLOW_USE_UNSECURE_NODE_VERSION=true environment variable. For more information see: https://github.blog/changelog/2025-09-19-deprecation-of-node-20-on-github-actions-runners/
2026-09-12T03:18:43.7277691Z ##[group]Run actions/setup-python@v5
2026-09-12T03:18:43.7277985Z with:
2026-09-12T03:18:43.7278202Z   python-version: 3.13.5
2026-09-12T03:18:43.7278483Z   check-latest: false
2026-09-12T03:18:43.7281211Z   token: ***
2026-09-12T03:18:43.7281442Z   update-environment: true
2026-09-12T03:18:43.7281711Z   allow-prereleases: false
2026-09-12T03:18:43.7281961Z   freethreaded: false
2026-09-12T03:18:43.7282175Z env:
2026-09-12T03:18:43.7282382Z   PYTHONDONTWRITEBYTECODE: 1
2026-09-12T03:18:43.7282631Z ##[endgroup]
2026-09-12T03:18:43.8719821Z ##[group]Installed versions
2026-09-12T03:18:43.8744390Z Version 3.13.5 was not found in the local cache
2026-09-12T03:18:43.8861331Z (node:2102) [DEP0040] DeprecationWarning: The `punycode` module is deprecated. Please use a userland alternative instead.
2026-09-12T03:18:43.8862997Z (Use `node --trace-deprecation ...` to show where the warning was created)
2026-09-12T03:18:44.5487896Z Version 3.13.5 is available for downloading
2026-09-12T03:18:44.5489374Z Download from "https://github.com/actions/python-versions/releases/download/3.13.5-15601068749/python-3.13.5-linux-24.04-x64.tar.gz"
2026-09-12T03:18:45.6973276Z Extract downloaded archive
2026-09-12T03:18:45.7131410Z [command]/usr/bin/tar xz --warning=no-unknown-keyword --overwrite -C /home/runner/work/_temp/7d166a76-e503-424c-a375-47745c8ca1b7 -f /home/runner/work/_temp/df55820d-5d04-4133-afc8-b4f71e743e8f
2026-09-12T03:18:48.1563957Z Execute installation script
2026-09-12T03:18:48.1703751Z Check if Python hostedtoolcache folder exist...
2026-09-12T03:18:48.1704692Z Create Python 3.13.5 folder
2026-09-12T03:18:48.1713001Z Copy Python binaries to hostedtoolcache folder
2026-09-12T03:18:49.1160009Z Create additional symlinks (Required for the UsePythonVersion Azure Pipelines task and the setup-python GitHub Action)
2026-09-12T03:18:49.1242860Z Upgrading pip...
2026-09-12T03:18:51.5813312Z Looking in links: /tmp/tmpumwosezo
2026-09-12T03:18:51.5826646Z Requirement already satisfied: pip in /opt/hostedtoolcache/Python/3.13.5/x64/lib/python3.13/site-packages (25.1.1)
2026-09-12T03:18:53.1339119Z Collecting pip
2026-09-12T03:18:53.1884173Z Downloading pip-26.2.1-py3-none-any.whl.metadata (4.6 kB)
2026-09-12T03:18:53.2023092Z Downloading pip-26.2.1-py3-none-any.whl (1.8 MB)
2026-09-12T03:18:53.3026685Z ━━━━━━━━━━━━━━━━━━━━━━━━━━━━━━━━━━━━━━━━ 1.8/1.8 MB 21.2 MB/s eta 0:00:00
2026-09-12T03:18:53.3027669Z 
2026-09-12T03:18:53.3255885Z Installing collected packages: pip
2026-09-12T03:18:53.3256753Z Attempting uninstall: pip
2026-09-12T03:18:53.3267636Z Found existing installation: pip 25.1.1
2026-09-12T03:18:53.3612147Z Uninstalling pip-25.1.1:
2026-09-12T03:18:53.3665271Z Successfully uninstalled pip-25.1.1
2026-09-12T03:18:54.2716343Z Successfully installed pip-26.2.1
2026-09-12T03:18:54.3342196Z Create complete file
2026-09-12T03:18:54.3382353Z Successfully set up CPython (3.13.5)
2026-09-12T03:18:54.3383988Z ##[endgroup]
2026-09-12T03:18:54.3656962Z Node 20 is being deprecated. This workflow is running with Node 24 by default. If you need to temporarily use Node 20, you can set the ACTIONS_ALLOW_USE_UNSECURE_NODE_VERSION=true environment variable. For more information see: https://github.blog/changelog/2025-09-19-deprecation-of-node-20-on-github-actions-runners/
2026-09-12T03:18:54.3658324Z ##[group]Run actions/setup-node@v4
2026-09-12T03:18:54.3658595Z with:
2026-09-12T03:18:54.3658809Z   node-version: 22.22.0
2026-09-12T03:18:54.3659049Z   always-auth: false
2026-09-12T03:18:54.3659296Z   check-latest: false
2026-09-12T03:18:54.3661996Z   token: ***
2026-09-12T03:18:54.3662207Z env:
2026-09-12T03:18:54.3662415Z   PYTHONDONTWRITEBYTECODE: 1
2026-09-12T03:18:54.3662748Z   pythonLocation: /opt/hostedtoolcache/Python/3.13.5/x64
2026-09-12T03:18:54.3663219Z   PKG_CONFIG_PATH: /opt/hostedtoolcache/Python/3.13.5/x64/lib/pkgconfig
2026-09-12T03:18:54.3663671Z   Python_ROOT_DIR: /opt/hostedtoolcache/Python/3.13.5/x64
2026-09-12T03:18:54.3664083Z   Python2_ROOT_DIR: /opt/hostedtoolcache/Python/3.13.5/x64
2026-09-12T03:18:54.3664476Z   Python3_ROOT_DIR: /opt/hostedtoolcache/Python/3.13.5/x64
2026-09-12T03:18:54.3665072Z   LD_LIBRARY_PATH: /opt/hostedtoolcache/Python/3.13.5/x64/lib
2026-09-12T03:18:54.3665416Z ##[endgroup]
2026-09-12T03:18:54.5205858Z Attempting to download 22.22.0...
2026-09-12T03:18:54.5315753Z (node:2180) [DEP0040] DeprecationWarning: The `punycode` module is deprecated. Please use a userland alternative instead.
2026-09-12T03:18:54.5325916Z (Use `node --trace-deprecation ...` to show where the warning was created)
2026-09-12T03:18:55.4959502Z Acquiring 22.22.0 - x64 from https://github.com/actions/node-versions/releases/download/22.22.0-20981702931/node-22.22.0-linux-x64.tar.gz
2026-09-12T03:18:56.1424257Z Extracting ...
2026-09-12T03:18:56.1575513Z [command]/usr/bin/tar xz --strip 1 --warning=no-unknown-keyword --overwrite -C /home/runner/work/_temp/39b6a91e-6dfa-42c0-bc40-6494e1bbc5e5 -f /home/runner/work/_temp/f848fbdb-577e-4e60-88e8-b70f20ddc8df
2026-09-12T03:18:57.5436759Z Adding to the cache ...
2026-09-12T03:19:00.4585692Z ##[group]Environment details
2026-09-12T03:19:00.7395955Z node: v22.22.0
2026-09-12T03:19:00.7407255Z npm: 10.9.4
2026-09-12T03:19:00.7425695Z yarn: 1.22.22
2026-09-12T03:19:00.7426743Z ##[endgroup]
2026-09-12T03:19:00.7578905Z ##[group]Run python ci/retention/verify_source.py "$RUNNER_TEMP/evidence/source"
2026-09-12T03:19:00.7579587Z [36;1mpython ci/retention/verify_source.py "$RUNNER_TEMP/evidence/source"[0m
2026-09-12T03:19:00.7580239Z [36;1mpython ci/retention/verify_alignment.py "$RUNNER_TEMP/evidence/source/ALIGNMENT_RESULT.json"[0m
2026-09-12T03:19:00.7624037Z shell: /usr/bin/bash --noprofile --norc -e -o pipefail {0}
2026-09-12T03:19:00.7624406Z env:
2026-09-12T03:19:00.7624627Z   PYTHONDONTWRITEBYTECODE: 1
2026-09-12T03:19:00.7625347Z   pythonLocation: /opt/hostedtoolcache/Python/3.13.5/x64
2026-09-12T03:19:00.7625787Z   PKG_CONFIG_PATH: /opt/hostedtoolcache/Python/3.13.5/x64/lib/pkgconfig
2026-09-12T03:19:00.7626223Z   Python_ROOT_DIR: /opt/hostedtoolcache/Python/3.13.5/x64
2026-09-12T03:19:00.7626614Z   Python2_ROOT_DIR: /opt/hostedtoolcache/Python/3.13.5/x64
2026-09-12T03:19:00.7627001Z   Python3_ROOT_DIR: /opt/hostedtoolcache/Python/3.13.5/x64
2026-09-12T03:19:00.7627438Z   LD_LIBRARY_PATH: /opt/hostedtoolcache/Python/3.13.5/x64/lib
2026-09-12T03:19:00.7627768Z ##[endgroup]
2026-09-12T03:19:01.0516698Z {"source_files": 1300, "source_tree_sha256": "928468ed31550195dfa8f121832e91b8d08aa9d5c15cef1381d903f76c9f97b3", "unchanged_parent_files": 1260, "new_files": 29, "repaired_existing_files": 11, "compatibility_files_unchanged": 19, "checkpoint_commit": "62fdde3cabe72b92fa5dc1b37b7652395fe3aba5", "byte_retention": "PASS", "full_feature_retention": "HOLD_APPROVAL_BLOCKED_PROVIDER_GUARD", "deployment": "NOT_RUN", "production": "HOLD"}
2026-09-12T03:19:01.2982779Z {"commit": "62fdde3cabe72b92fa5dc1b37b7652395fe3aba5", "application_tree": "a73b9b53a59c88ab995d0f9b123c9fb79e87e60d", "selected_source_files": 1300, "selection_counts": {"BOTH": 1264, "PR47": 35, "PR48": 1}, "pr47_application_changes": ["application/frontend/shared/app.js"], "archived_tooling_files": 8, "alignment": "PASS", "historical_pass_transferred": false, "full_three_end_ux": "HOLD", "six_vertical_closed_loop": "HOLD", "sealed_node": "HOLD", "final_release": "HOLD"}
2026-09-12T03:19:01.3123926Z ##[group]Run python ci/retention/dependencies.py --repository . --output "$RUNNER_TEMP/frozen"
2026-09-12T03:19:01.3125510Z [36;1mpython ci/retention/dependencies.py --repository . --output "$RUNNER_TEMP/frozen"[0m
2026-09-12T03:19:01.3126832Z [36;1mpython -m pip install --no-index --find-links "$RUNNER_TEMP/frozen/wheelhouse" -r ci/retention/requirements.lock[0m
2026-09-12T03:19:01.3169434Z shell: /usr/bin/bash --noprofile --norc -e -o pipefail {0}
2026-09-12T03:19:01.3169808Z env:
2026-09-12T03:19:01.3170041Z   PYTHONDONTWRITEBYTECODE: 1
2026-09-12T03:19:01.3170364Z   pythonLocation: /opt/hostedtoolcache/Python/3.13.5/x64
2026-09-12T03:19:01.3170799Z   PKG_CONFIG_PATH: /opt/hostedtoolcache/Python/3.13.5/x64/lib/pkgconfig
2026-09-12T03:19:01.3171227Z   Python_ROOT_DIR: /opt/hostedtoolcache/Python/3.13.5/x64
2026-09-12T03:19:01.3171606Z   Python2_ROOT_DIR: /opt/hostedtoolcache/Python/3.13.5/x64
2026-09-12T03:19:01.3172041Z   Python3_ROOT_DIR: /opt/hostedtoolcache/Python/3.13.5/x64
2026-09-12T03:19:01.3172425Z   LD_LIBRARY_PATH: /opt/hostedtoolcache/Python/3.13.5/x64/lib
2026-09-12T03:19:01.3172756Z ##[endgroup]
2026-09-12T03:19:01.7032493Z {"archive_sha256": "b13a76ab9351f81da70e8e2c8873c20141abe953cd3f96aeb181ef86a34b58dd", "verified_wheels": 37, "source": "pinned GO repository ci/dependency_parts only", "application_source_restored": false}
2026-09-12T03:19:02.5953423Z Looking in links: /home/runner/work/_temp/frozen/wheelhouse
2026-09-12T03:19:02.6059203Z Processing /home/runner/work/_temp/frozen/wheelhouse/alembic-1.16.5-py3-none-any.whl (from -r ci/retention/requirements.lock (line 1))
2026-09-12T03:19:02.6134498Z Processing /home/runner/work/_temp/frozen/wheelhouse/annotated_doc-0.0.4-py3-none-any.whl (from -r ci/retention/requirements.lock (line 2))
2026-09-12T03:19:02.6163128Z Processing /home/runner/work/_temp/frozen/wheelhouse/annotated_types-0.7.0-py3-none-any.whl (from -r ci/retention/requirements.lock (line 3))
2026-09-12T03:19:02.6194146Z Processing /home/runner/work/_temp/frozen/wheelhouse/anyio-4.13.0-py3-none-any.whl (from -r ci/retention/requirements.lock (line 4))
2026-09-12T03:19:02.6231304Z Processing /home/runner/work/_temp/frozen/wheelhouse/certifi-2026.5.20-py3-none-any.whl (from -r ci/retention/requirements.lock (line 5))
2026-09-12T03:19:02.6263272Z Processing /home/runner/work/_temp/frozen/wheelhouse/cffi-2.0.0-cp313-cp313-manylinux_2_17_x86_64.whl (from -r ci/retention/requirements.lock (line 6))
2026-09-12T03:19:02.6316282Z Processing /home/runner/work/_temp/frozen/wheelhouse/click-8.5.0-py3-none-any.whl (from -r ci/retention/requirements.lock (line 7))
2026-09-12T03:19:02.6356482Z Processing /home/runner/work/_temp/frozen/wheelhouse/cryptography-46.0.4-cp311-abi3-manylinux_2_34_x86_64.whl (from -r ci/retention/requirements.lock (line 8))
2026-09-12T03:19:02.6496469Z Processing /home/runner/work/_temp/frozen/wheelhouse/fastapi-0.128.2-py3-none-any.whl (from -r ci/retention/requirements.lock (line 9))
2026-09-12T03:19:02.6606689Z Processing /home/runner/work/_temp/frozen/wheelhouse/greenlet-3.5.1-cp313-cp313-manylinux_2_24_x86_64.whl (from -r ci/retention/requirements.lock (line 10))
2026-09-12T03:19:02.6666412Z Processing /home/runner/work/_temp/frozen/wheelhouse/h11-0.16.0-py3-none-any.whl (from -r ci/retention/requirements.lock (line 11))
2026-09-12T03:19:02.6693528Z Processing /home/runner/work/_temp/frozen/wheelhouse/httpcore-1.0.9-py3-none-any.whl (from -r ci/retention/requirements.lock (line 12))
2026-09-12T03:19:02.6752714Z Processing /home/runner/work/_temp/frozen/wheelhouse/httpx-0.28.1-py3-none-any.whl (from -r ci/retention/requirements.lock (line 13))
2026-09-12T03:19:02.6787947Z Processing /home/runner/work/_temp/frozen/wheelhouse/idna-3.17-py3-none-any.whl (from -r ci/retention/requirements.lock (line 14))
2026-09-12T03:19:02.6818234Z Processing /home/runner/work/_temp/frozen/wheelhouse/iniconfig-2.3.0-py3-none-any.whl (from -r ci/retention/requirements.lock (line 15))
2026-09-12T03:19:02.6846702Z Processing /home/runner/work/_temp/frozen/wheelhouse/mako-1.3.10-py3-none-any.whl (from -r ci/retention/requirements.lock (line 16))
2026-09-12T03:19:02.6876046Z Processing /home/runner/work/_temp/frozen/wheelhouse/markupsafe-3.0.3-cp313-cp313-manylinux2014_x86_64.manylinux_2_17_x86_64.manylinux_2_28_x86_64.whl (from -r ci/retention/requirements.lock (line 17))
2026-09-12T03:19:02.6901752Z Processing /home/runner/work/_temp/frozen/wheelhouse/packaging-25.0-py3-none-any.whl (from -r ci/retention/requirements.lock (line 18))
2026-09-12T03:19:02.6930627Z Processing /home/runner/work/_temp/frozen/wheelhouse/pillow-12.3.0-cp313-cp313-manylinux_2_27_x86_64.whl (from -r ci/retention/requirements.lock (line 19))
2026-09-12T03:19:02.7055652Z Processing /home/runner/work/_temp/frozen/wheelhouse/pluggy-1.6.0-py3-none-any.whl (from -r ci/retention/requirements.lock (line 20))
2026-09-12T03:19:02.7096538Z Processing /home/runner/work/_temp/frozen/wheelhouse/psycopg_binary-3.2.10-cp313-cp313-manylinux2014_x86_64.manylinux_2_17_x86_64.whl (from -r ci/retention/requirements.lock (line 21))
2026-09-12T03:19:02.7164046Z Processing /home/runner/work/_temp/frozen/wheelhouse/psycopg-3.2.10-py3-none-any.whl (from -r ci/retention/requirements.lock (line 22))
2026-09-12T03:19:02.7219946Z Processing /home/runner/work/_temp/frozen/wheelhouse/pycparser-3.0-py3-none-any.whl (from -r ci/retention/requirements.lock (line 23))
2026-09-12T03:19:02.7248492Z Processing /home/runner/work/_temp/frozen/wheelhouse/pydantic_settings-2.14.1-py3-none-any.whl (from -r ci/retention/requirements.lock (line 24))
2026-09-12T03:19:02.7281775Z Processing /home/runner/work/_temp/frozen/wheelhouse/pydantic-2.13.4-py3-none-any.whl (from -r ci/retention/requirements.lock (line 25))
2026-09-12T03:19:02.7358996Z Processing /home/runner/work/_temp/frozen/wheelhouse/pydantic_core-2.46.4-cp313-cp313-manylinux_2_17_x86_64.whl (from -r ci/retention/requirements.lock (line 26))
2026-09-12T03:19:02.7410522Z Processing /home/runner/work/_temp/frozen/wheelhouse/Pygments-2.20.0-py3-none-any.whl (from -r ci/retention/requirements.lock (line 27))
2026-09-12T03:19:02.7497860Z Processing /home/runner/work/_temp/frozen/wheelhouse/PyJWT-2.13.0-py3-none-any.whl (from -r ci/retention/requirements.lock (line 28))
2026-09-12T03:19:02.7528843Z Processing /home/runner/work/_temp/frozen/wheelhouse/pytest_asyncio-1.3.0-py3-none-any.whl (from -r ci/retention/requirements.lock (line 29))
2026-09-12T03:19:02.7561214Z Processing /home/runner/work/_temp/frozen/wheelhouse/pytest-9.0.2-py3-none-any.whl (from -r ci/retention/requirements.lock (line 30))
2026-09-12T03:19:02.7614049Z Processing /home/runner/work/_temp/frozen/wheelhouse/python_dotenv-1.2.2-py3-none-any.whl (from -r ci/retention/requirements.lock (line 31))
2026-09-12T03:19:02.7652451Z Processing /home/runner/work/_temp/frozen/wheelhouse/redis-5.2.1-py3-none-any.whl (from -r ci/retention/requirements.lock (line 32))
2026-09-12T03:19:02.7688121Z Processing /home/runner/work/_temp/frozen/wheelhouse/SQLAlchemy-2.0.50-cp313-cp313-manylinux_2_17_x86_64.whl (from -r ci/retention/requirements.lock (line 33))
2026-09-12T03:19:02.7840687Z Processing /home/runner/work/_temp/frozen/wheelhouse/starlette-0.50.0-py3-none-any.whl (from -r ci/retention/requirements.lock (line 34))
2026-09-12T03:19:02.7876605Z Processing /home/runner/work/_temp/frozen/wheelhouse/typing_inspection-0.4.2-py3-none-any.whl (from -r ci/retention/requirements.lock (line 35))
2026-09-12T03:19:02.7901421Z Processing /home/runner/work/_temp/frozen/wheelhouse/typing_extensions-4.16.0-py3-none-any.whl (from -r ci/retention/requirements.lock (line 36))
2026-09-12T03:19:02.7927448Z Processing /home/runner/work/_temp/frozen/wheelhouse/uvicorn-0.35.0-py3-none-any.whl (from -r ci/retention/requirements.lock (line 37))
2026-09-12T03:19:02.9263762Z Installing collected packages: typing_extensions, redis, python-dotenv, PyJWT, Pygments, pycparser, psycopg-binary, psycopg, pluggy, Pillow, packaging, MarkupSafe, iniconfig, idna, h11, greenlet, click, certifi, annotated-types, annotated-doc, uvicorn, typing-inspection, SQLAlchemy, pytest, pydantic_core, Mako, httpcore, cffi, anyio, starlette, pytest-asyncio, pydantic, httpx, cryptography, alembic, pydantic-settings, fastapi
2026-09-12T03:19:09.3703613Z 
2026-09-12T03:19:09.3751611Z Successfully installed Mako-1.3.10 MarkupSafe-3.0.3 Pillow-12.3.0 PyJWT-2.13.0 Pygments-2.20.0 SQLAlchemy-2.0.50 alembic-1.16.5 annotated-doc-0.0.4 annotated-types-0.7.0 anyio-4.13.0 certifi-2026.5.20 cffi-2.0.0 click-8.5.0 cryptography-46.0.4 fastapi-0.128.2 greenlet-3.5.1 h11-0.16.0 httpcore-1.0.9 httpx-0.28.1 idna-3.17 iniconfig-2.3.0 packaging-25.0 pluggy-1.6.0 psycopg-3.2.10 psycopg-binary-3.2.10 pycparser-3.0 pydantic-2.13.4 pydantic-settings-2.14.1 pydantic_core-2.46.4 pytest-9.0.2 pytest-asyncio-1.3.0 python-dotenv-1.2.2 redis-5.2.1 starlette-0.50.0 typing-inspection-0.4.2 typing_extensions-4.16.0 uvicorn-0.35.0
2026-09-12T03:19:09.4460386Z ##[group]Run export GO_NATIVE_NODE="$(command -v node)"
2026-09-12T03:19:09.4460891Z [36;1mexport GO_NATIVE_NODE="$(command -v node)"[0m
2026-09-12T03:19:09.4461397Z [36;1mpython ci/retention/run_suite.py --shard 1 --evidence "$RUNNER_TEMP/evidence/tests"[0m
2026-09-12T03:19:09.4498658Z shell: /usr/bin/bash --noprofile --norc -e -o pipefail {0}
2026-09-12T03:19:09.4499031Z env:
2026-09-12T03:19:09.4499255Z   PYTHONDONTWRITEBYTECODE: 1
2026-09-12T03:19:09.4499583Z   pythonLocation: /opt/hostedtoolcache/Python/3.13.5/x64
2026-09-12T03:19:09.4500022Z   PKG_CONFIG_PATH: /opt/hostedtoolcache/Python/3.13.5/x64/lib/pkgconfig
2026-09-12T03:19:09.4500476Z   Python_ROOT_DIR: /opt/hostedtoolcache/Python/3.13.5/x64
2026-09-12T03:19:09.4500866Z   Python2_ROOT_DIR: /opt/hostedtoolcache/Python/3.13.5/x64
2026-09-12T03:19:09.4501250Z   Python3_ROOT_DIR: /opt/hostedtoolcache/Python/3.13.5/x64
2026-09-12T03:19:09.4501643Z   LD_LIBRARY_PATH: /opt/hostedtoolcache/Python/3.13.5/x64/lib
2026-09-12T03:19:09.4502000Z ##[endgroup]
2026-09-12T03:24:56.9729967Z ........................................................................ [ 18%]
2026-09-12T03:24:56.9731398Z ........................................................................ [ 37%]
2026-09-12T03:24:56.9732402Z ........................................................................ [ 56%]
2026-09-12T03:24:56.9733406Z ........................................................................ [ 75%]
2026-09-12T03:24:56.9734343Z ........................................................................ [ 93%]
2026-09-12T03:24:56.9735574Z ........................                                                 [100%]
2026-09-12T03:24:56.9736485Z =============================== warnings summary ===============================
2026-09-12T03:24:56.9737376Z tests/test_depth08_api_and_migration.py: 5 warnings
2026-09-12T03:24:56.9738189Z tests/test_depth21_refund_recovery.py: 5 warnings
2026-09-12T03:24:56.9739007Z tests/test_depth25_migration_history.py: 12 warnings
2026-09-12T03:24:56.9743215Z   /opt/hostedtoolcache/Python/3.13.5/x64/lib/python3.13/site-packages/alembic/config.py:598: DeprecationWarning: No path_separator found in configuration; falling back to legacy splitting on spaces, commas, and colons for prepend_sys_path.  Consider adding path_separator=os to Alembic config.
2026-09-12T03:24:56.9765425Z     util.warn_deprecated(
2026-09-12T03:24:56.9765883Z 
2026-09-12T03:24:56.9767441Z tests/test_depth18_media_durability.py: 33 warnings
2026-09-12T03:24:56.9772446Z tests/test_v61_media_harvester_rights_gate.py: 5 warnings
2026-09-12T03:24:56.9774461Z   /home/runner/work/GO/GO/application/src/go_hotel/services/media_harvester.py:79: DeprecationWarning: Image.Image.getdata is deprecated and will be removed in Pillow 14 (2027-10-15). Use get_flattened_data instead.
2026-09-12T03:24:56.9776432Z     px=list(g.getdata())
2026-09-12T03:24:56.9776860Z 
2026-09-12T03:24:56.9777552Z -- Docs: https://docs.pytest.org/en/stable/how-to/capture-warnings.html
2026-09-12T03:24:56.9778596Z 384 passed, 60 warnings in 342.53s (0:05:42)
2026-09-12T03:24:56.9779122Z 
2026-09-12T03:24:56.9780632Z {"exit_code": 0, "selected_files": 59, "shard": 1, "real_providers": "NOT_RUN", "hong_kong": "NOT_ACCESSED", "tests": 384, "failures": 0, "errors": 0, "skipped": 0, "passed": 384}
2026-09-12T03:24:56.9883756Z Node 20 is being deprecated. This workflow is running with Node 24 by default. If you need to temporarily use Node 20, you can set the ACTIONS_ALLOW_USE_UNSECURE_NODE_VERSION=true environment variable. For more information see: https://github.blog/changelog/2025-09-19-deprecation-of-node-20-on-github-actions-runners/
2026-09-12T03:24:56.9885299Z ##[group]Run actions/upload-artifact@v4
2026-09-12T03:24:56.9885582Z with:
2026-09-12T03:24:56.9885936Z   name: canonical-retention-shard-1-62fdde3cabe72b92fa5dc1b37b7652395fe3aba5
2026-09-12T03:24:56.9886382Z   path: /home/runner/work/_temp/evidence
2026-09-12T03:24:56.9886667Z   if-no-files-found: error
2026-09-12T03:24:56.9886919Z   compression-level: 6
2026-09-12T03:24:56.9887138Z   overwrite: false
2026-09-12T03:24:56.9887356Z   include-hidden-files: false
2026-09-12T03:24:56.9887604Z env:
2026-09-12T03:24:56.9887799Z   PYTHONDONTWRITEBYTECODE: 1
2026-09-12T03:24:56.9888101Z   pythonLocation: /opt/hostedtoolcache/Python/3.13.5/x64
2026-09-12T03:24:56.9888556Z   PKG_CONFIG_PATH: /opt/hostedtoolcache/Python/3.13.5/x64/lib/pkgconfig
2026-09-12T03:24:56.9889021Z   Python_ROOT_DIR: /opt/hostedtoolcache/Python/3.13.5/x64
2026-09-12T03:24:56.9889395Z   Python2_ROOT_DIR: /opt/hostedtoolcache/Python/3.13.5/x64
2026-09-12T03:24:56.9889765Z   Python3_ROOT_DIR: /opt/hostedtoolcache/Python/3.13.5/x64
2026-09-12T03:24:56.9890141Z   LD_LIBRARY_PATH: /opt/hostedtoolcache/Python/3.13.5/x64/lib
2026-09-12T03:24:56.9890461Z ##[endgroup]
2026-09-12T03:24:57.1664100Z (node:2815) [DEP0040] DeprecationWarning: The `punycode` module is deprecated. Please use a userland alternative instead.
2026-09-12T03:24:57.1666135Z (Use `node --trace-deprecation ...` to show where the warning was created)
2026-09-12T03:24:57.1844540Z With the provided path, there will be 7 files uploaded
2026-09-12T03:24:57.1846948Z Artifact name is valid!
2026-09-12T03:24:57.1847660Z Root directory input is valid!
2026-09-12T03:24:57.5551469Z Beginning upload of artifact content to blob storage
2026-09-12T03:24:57.6001442Z (node:2815) [DEP0169] DeprecationWarning: `url.parse()` behavior is not standardized and prone to errors that have security implications. Use the WHATWG URL API instead. CVEs are not issued for `url.parse()` vulnerabilities.
2026-09-12T03:24:58.0215238Z Uploaded bytes 77173
2026-09-12T03:24:58.1030687Z Finished uploading artifact content to blob storage!
2026-09-12T03:24:58.1032594Z SHA256 digest of uploaded artifact zip is 3745ed676bf1c7400a359950e2fa5c50c0e8abf4223fc0bcad9fcc1399bba11c
2026-09-12T03:24:58.1034027Z Finalizing artifact upload
2026-09-12T03:24:58.3402762Z Artifact canonical-retention-shard-1-62fdde3cabe72b92fa5dc1b37b7652395fe3aba5.zip successfully finalized. Artifact ID 10290083478
2026-09-12T03:24:58.3405804Z Artifact canonical-retention-shard-1-62fdde3cabe72b92fa5dc1b37b7652395fe3aba5 has been successfully uploaded! Final size is 77173 bytes. Artifact ID is 10290083478
2026-09-12T03:24:58.3411159Z Artifact download URL: https://github.com/yuguangzhi3836-glitch/GO/actions/runs/34670014293/artifacts/10290083478
2026-09-12T03:24:58.3609344Z Node 20 is being deprecated. This workflow is running with Node 24 by default. If you need to temporarily use Node 20, you can set the ACTIONS_ALLOW_USE_UNSECURE_NODE_VERSION=true environment variable. For more information see: https://github.blog/changelog/2025-09-19-deprecation-of-node-20-on-github-actions-runners/
2026-09-12T03:24:58.3610658Z Post job cleanup.
2026-09-12T03:24:58.4932872Z (node:2828) [DEP0040] DeprecationWarning: The `punycode` module is deprecated. Please use a userland alternative instead.
2026-09-12T03:24:58.4934692Z (Use `node --trace-deprecation ...` to show where the warning was created)
2026-09-12T03:24:58.5168116Z Node 20 is being deprecated. This workflow is running with Node 24 by default. If you need to temporarily use Node 20, you can set the ACTIONS_ALLOW_USE_UNSECURE_NODE_VERSION=true environment variable. For more information see: https://github.blog/changelog/2025-09-19-deprecation-of-node-20-on-github-actions-runners/
2026-09-12T03:24:58.5170285Z Post job cleanup.
2026-09-12T03:24:58.7061605Z (node:2836) [DEP0040] DeprecationWarning: The `punycode` module is deprecated. Please use a userland alternative instead.
2026-09-12T03:24:58.7063402Z (Use `node --trace-deprecation ...` to show where the warning was created)
2026-09-12T03:24:58.7318319Z Node 20 is being deprecated. This workflow is running with Node 24 by default. If you need to temporarily use Node 20, you can set the ACTIONS_ALLOW_USE_UNSECURE_NODE_VERSION=true environment variable. For more information see: https://github.blog/changelog/2025-09-19-deprecation-of-node-20-on-github-actions-runners/
2026-09-12T03:24:58.7320470Z Post job cleanup.
2026-09-12T03:24:58.8455801Z [command]/usr/bin/git version
2026-09-12T03:24:58.8525767Z git version 2.55.0
2026-09-12T03:24:58.8604272Z Temporarily overriding HOME='/home/runner/work/_temp/dadd2a88-69c7-40c3-aae9-40932c3a743f' before making global git config changes
2026-09-12T03:24:58.8606255Z Adding repository directory to the temporary git global config as a safe directory
2026-09-12T03:24:58.8607599Z [command]/usr/bin/git config --global --add safe.directory /home/runner/work/GO/GO
2026-09-12T03:24:58.8668544Z [command]/usr/bin/git config --local --name-only --get-regexp core\.sshCommand
2026-09-12T03:24:58.8746929Z [command]/usr/bin/git submodule foreach --recursive sh -c "git config --local --name-only --get-regexp 'core\.sshCommand' && git config --local --unset-all 'core.sshCommand' || :"
2026-09-12T03:24:58.9103663Z [command]/usr/bin/git config --local --name-only --get-regexp http\.https\:\/\/github\.com\/\.extraheader
2026-09-12T03:24:58.9161149Z [command]/usr/bin/git submodule foreach --recursive sh -c "git config --local --name-only --get-regexp 'http\.https\:\/\/github\.com\/\.extraheader' && git config --local --unset-all 'http.https://github.com/.extraheader' || :"
2026-09-12T03:24:58.9666466Z [command]/usr/bin/git config --local --name-only --get-regexp ^includeIf\.gitdir:
2026-09-12T03:24:58.9741303Z [command]/usr/bin/git submodule foreach --recursive git config --local --show-origin --name-only --get-regexp remote.origin.url
2026-09-12T03:24:59.0371451Z Cleaning up orphan processes
2026-09-12T03:24:59.0722114Z ##[warning]Node.js 20 is deprecated. The following actions target Node.js 20 but are being forced to run on Node.js 24: actions/checkout@v4, actions/setup-node@v4, actions/setup-python@v5, actions/upload-artifact@v4. For more information see: https://github.blog/changelog/2025-09-19-deprecation-of-node-20-on-github-actions-runners/
