2026-09-12T03:18:37.7521329Z Current runner version: '2.337.0'
2026-09-12T03:18:37.7548538Z ##[group]Runner Image Provisioner
2026-09-12T03:18:37.7549623Z Hosted Compute Agent
2026-09-12T03:18:37.7550295Z Version: 20260828.587
2026-09-12T03:18:37.7551093Z Commit: abac92662cab4cc7352de4f9f9d2e2419aad9c29
2026-09-12T03:18:37.7552057Z Build Date: 2026-08-28T16:44:25Z
2026-09-12T03:18:37.7552893Z Worker ID: {363ff399-682f-4add-a5f4-9528831b2ba7}
2026-09-12T03:18:37.7554034Z Azure Region: westus3
2026-09-12T03:18:37.7554704Z ##[endgroup]
2026-09-12T03:18:37.7556548Z ##[group]Operating System
2026-09-12T03:18:37.7557346Z Ubuntu
2026-09-12T03:18:37.7557922Z 24.04.5
2026-09-12T03:18:37.7558520Z LTS
2026-09-12T03:18:37.7559156Z ##[endgroup]
2026-09-12T03:18:37.7559788Z ##[group]Runner Image
2026-09-12T03:18:37.7560570Z Image: ubuntu-24.04
2026-09-12T03:18:37.7561208Z Version: 20260907.300.1
2026-09-12T03:18:37.7562707Z Included Software: https://github.com/actions/runner-images/blob/ubuntu24/20260907.300/images/ubuntu/Ubuntu2404-Readme.md
2026-09-12T03:18:37.7564740Z Image Release: https://github.com/actions/runner-images/releases/tag/ubuntu24%2F20260907.300
2026-09-12T03:18:37.7565924Z ##[endgroup]
2026-09-12T03:18:37.7567180Z ##[group]GITHUB_TOKEN Permissions
2026-09-12T03:18:37.7569583Z Contents: read
2026-09-12T03:18:37.7570237Z Metadata: read
2026-09-12T03:18:37.7570848Z ##[endgroup]
2026-09-12T03:18:37.7573311Z Secret source: Actions
2026-09-12T03:18:37.7574659Z Cache mode: write
2026-09-12T03:18:37.7575669Z Prepare workflow directory
2026-09-12T03:18:37.8108018Z Prepare all required actions
2026-09-12T03:18:37.8168091Z Getting action download info
2026-09-12T03:18:38.1809096Z Download action repository 'actions/checkout@v4' (SHA:11d5960a326750d5838078e36cf38b85af677262)
2026-09-12T03:18:38.3428008Z Download action repository 'actions/setup-python@v5' (SHA:a26af69be951a213d495a4c3e4e4022e16d87065)
2026-09-12T03:18:38.6584207Z Download action repository 'actions/setup-node@v4' (SHA:49933ea5288caeca8642d1e84afbd3f7d6820020)
2026-09-12T03:18:38.8731849Z Download action repository 'actions/upload-artifact@v4' (SHA:ea165f8d65b6e75b540449e92b4886f43607fa02)
2026-09-12T03:18:39.2446493Z Complete job name: regression (3)
2026-09-12T03:18:39.3128957Z Node 20 is being deprecated. This workflow is running with Node 24 by default. If you need to temporarily use Node 20, you can set the ACTIONS_ALLOW_USE_UNSECURE_NODE_VERSION=true environment variable. For more information see: https://github.blog/changelog/2025-09-19-deprecation-of-node-20-on-github-actions-runners/
2026-09-12T03:18:39.3137900Z ##[group]Run actions/checkout@v4
2026-09-12T03:18:39.3138904Z with:
2026-09-12T03:18:39.3139748Z   ref: 62fdde3cabe72b92fa5dc1b37b7652395fe3aba5
2026-09-12T03:18:39.3140780Z   persist-credentials: false
2026-09-12T03:18:39.3141690Z   repository: yuguangzhi3836-glitch/GO
2026-09-12T03:18:39.3149619Z   token: ***
2026-09-12T03:18:39.3150359Z   ssh-strict: true
2026-09-12T03:18:39.3151131Z   ssh-user: git
2026-09-12T03:18:39.3151856Z   clean: true
2026-09-12T03:18:39.3152655Z   sparse-checkout-cone-mode: true
2026-09-12T03:18:39.3153574Z   fetch-depth: 1
2026-09-12T03:18:39.3154411Z   fetch-tags: false
2026-09-12T03:18:39.3155304Z   show-progress: true
2026-09-12T03:18:39.3156072Z   lfs: false
2026-09-12T03:18:39.3156758Z   submodules: false
2026-09-12T03:18:39.3157580Z   set-safe-directory: true
2026-09-12T03:18:39.3158684Z   allow-unsafe-pr-checkout: false
2026-09-12T03:18:39.3159799Z env:
2026-09-12T03:18:39.3160519Z   PYTHONDONTWRITEBYTECODE: 1
2026-09-12T03:18:39.3161331Z ##[endgroup]
2026-09-12T03:18:39.4194917Z Syncing repository: yuguangzhi3836-glitch/GO
2026-09-12T03:18:39.4198723Z ##[group]Getting Git version info
2026-09-12T03:18:39.4200792Z Working directory is '/home/runner/work/GO/GO'
2026-09-12T03:18:39.4203701Z [command]/usr/bin/git version
2026-09-12T03:18:39.4335727Z git version 2.55.0
2026-09-12T03:18:39.4353370Z ##[endgroup]
2026-09-12T03:18:39.4364010Z Temporarily overriding HOME='/home/runner/work/_temp/149ef366-cf0c-4e2b-be17-581aaefa424b' before making global git config changes
2026-09-12T03:18:39.4383658Z Adding repository directory to the temporary git global config as a safe directory
2026-09-12T03:18:39.4386667Z [command]/usr/bin/git config --global --add safe.directory /home/runner/work/GO/GO
2026-09-12T03:18:39.4432318Z Deleting the contents of '/home/runner/work/GO/GO'
2026-09-12T03:18:39.4434921Z ##[group]Initializing the repository
2026-09-12T03:18:39.4436358Z [command]/usr/bin/git init /home/runner/work/GO/GO
2026-09-12T03:18:39.4753759Z hint: Using 'master' as the name for the initial branch. This default branch name
2026-09-12T03:18:39.4756605Z hint: will change to "main" in Git 3.0. To configure the initial branch name
2026-09-12T03:18:39.4758911Z hint: to use in all of your new repositories, which will suppress this warning,
2026-09-12T03:18:39.4760781Z hint: call:
2026-09-12T03:18:39.4761745Z hint:
2026-09-12T03:18:39.4762985Z hint: 	git config --global init.defaultBranch <name>
2026-09-12T03:18:39.4779080Z hint:
2026-09-12T03:18:39.4780610Z hint: Names commonly chosen instead of 'master' are 'main', 'trunk' and
2026-09-12T03:18:39.4782918Z hint: 'development'. The just-created branch can be renamed via this command:
2026-09-12T03:18:39.4785062Z hint:
2026-09-12T03:18:39.4786087Z hint: 	git branch -m <name>
2026-09-12T03:18:39.4787198Z hint:
2026-09-12T03:18:39.4788779Z hint: Disable this message with "git config set advice.defaultBranchName false"
2026-09-12T03:18:39.4791108Z Initialized empty Git repository in /home/runner/work/GO/GO/.git/
2026-09-12T03:18:39.4795232Z [command]/usr/bin/git remote add origin https://github.com/yuguangzhi3836-glitch/GO
2026-09-12T03:18:39.4801224Z ##[endgroup]
2026-09-12T03:18:39.4803075Z ##[group]Disabling automatic garbage collection
2026-09-12T03:18:39.4804893Z [command]/usr/bin/git config --local gc.auto 0
2026-09-12T03:18:39.4836659Z ##[endgroup]
2026-09-12T03:18:39.4839869Z ##[group]Setting up auth
2026-09-12T03:18:39.4844238Z [command]/usr/bin/git config --local --name-only --get-regexp core\.sshCommand
2026-09-12T03:18:39.4887579Z [command]/usr/bin/git submodule foreach --recursive sh -c "git config --local --name-only --get-regexp 'core\.sshCommand' && git config --local --unset-all 'core.sshCommand' || :"
2026-09-12T03:18:39.5482584Z [command]/usr/bin/git config --local --name-only --get-regexp http\.https\:\/\/github\.com\/\.extraheader
2026-09-12T03:18:39.5510572Z [command]/usr/bin/git submodule foreach --recursive sh -c "git config --local --name-only --get-regexp 'http\.https\:\/\/github\.com\/\.extraheader' && git config --local --unset-all 'http.https://github.com/.extraheader' || :"
2026-09-12T03:18:39.5674774Z [command]/usr/bin/git config --local --name-only --get-regexp ^includeIf\.gitdir:
2026-09-12T03:18:39.5702257Z [command]/usr/bin/git submodule foreach --recursive git config --local --show-origin --name-only --get-regexp remote.origin.url
2026-09-12T03:18:39.5896631Z [command]/usr/bin/git config --local http.https://github.com/.extraheader AUTHORIZATION: basic ***
2026-09-12T03:18:39.5925589Z ##[endgroup]
2026-09-12T03:18:39.5928381Z ##[group]Fetching the repository
2026-09-12T03:18:39.5936168Z [command]/usr/bin/git -c protocol.version=2 fetch --no-tags --prune --no-recurse-submodules --depth=1 origin 62fdde3cabe72b92fa5dc1b37b7652395fe3aba5
2026-09-12T03:18:43.1046326Z From https://github.com/yuguangzhi3836-glitch/GO
2026-09-12T03:18:43.1048204Z  * branch            62fdde3cabe72b92fa5dc1b37b7652395fe3aba5 -> FETCH_HEAD
2026-09-12T03:18:43.1050978Z ##[endgroup]
2026-09-12T03:18:43.1051798Z ##[group]Determining the checkout info
2026-09-12T03:18:43.1052986Z ##[endgroup]
2026-09-12T03:18:43.1059115Z [command]/usr/bin/git sparse-checkout disable
2026-09-12T03:18:43.2434643Z [command]/usr/bin/git config --local --unset-all extensions.worktreeConfig
2026-09-12T03:18:43.2989932Z ##[group]Checking out the ref
2026-09-12T03:18:43.3002656Z [command]/usr/bin/git checkout --progress --force 62fdde3cabe72b92fa5dc1b37b7652395fe3aba5
2026-09-12T03:18:43.6672807Z Note: switching to '62fdde3cabe72b92fa5dc1b37b7652395fe3aba5'.
2026-09-12T03:18:43.6673626Z 
2026-09-12T03:18:43.6674361Z You are in 'detached HEAD' state. You can look around, make experimental
2026-09-12T03:18:43.6674908Z changes and commit them, and you can discard any commits you make in this
2026-09-12T03:18:43.6675381Z state without impacting any branches by switching back to a branch.
2026-09-12T03:18:43.6675740Z 
2026-09-12T03:18:43.6675954Z If you want to create a new branch to retain commits you create, you may
2026-09-12T03:18:43.6676472Z do so (now or later) by using -c with the switch command. Example:
2026-09-12T03:18:43.6677132Z 
2026-09-12T03:18:43.6677384Z   git switch -c <new-branch-name>
2026-09-12T03:18:43.6677899Z 
2026-09-12T03:18:43.6678418Z Or undo this operation with:
2026-09-12T03:18:43.6680132Z 
2026-09-12T03:18:43.6680663Z   git switch -
2026-09-12T03:18:43.6680985Z 
2026-09-12T03:18:43.6681437Z Turn off this advice by setting config variable advice.detachedHead to false
2026-09-12T03:18:43.6681975Z 
2026-09-12T03:18:43.6682426Z HEAD is now at 62fdde3 build: consolidate reviewed PR47/48 source into a complete DEPTH41 parent
2026-09-12T03:18:43.7243400Z ##[endgroup]
2026-09-12T03:18:43.7285837Z [command]/usr/bin/git log -1 --format=%H
2026-09-12T03:18:43.7308364Z 62fdde3cabe72b92fa5dc1b37b7652395fe3aba5
2026-09-12T03:18:43.7319558Z ##[group]Removing auth
2026-09-12T03:18:43.7322890Z [command]/usr/bin/git config --local --name-only --get-regexp core\.sshCommand
2026-09-12T03:18:43.7354341Z [command]/usr/bin/git submodule foreach --recursive sh -c "git config --local --name-only --get-regexp 'core\.sshCommand' && git config --local --unset-all 'core.sshCommand' || :"
2026-09-12T03:18:43.7526079Z [command]/usr/bin/git config --local --name-only --get-regexp http\.https\:\/\/github\.com\/\.extraheader
2026-09-12T03:18:43.7550267Z http.https://github.com/.extraheader
2026-09-12T03:18:43.7558115Z [command]/usr/bin/git config --local --unset-all http.https://github.com/.extraheader
2026-09-12T03:18:43.7675675Z [command]/usr/bin/git submodule foreach --recursive sh -c "git config --local --name-only --get-regexp 'http\.https\:\/\/github\.com\/\.extraheader' && git config --local --unset-all 'http.https://github.com/.extraheader' || :"
2026-09-12T03:18:43.7844905Z [command]/usr/bin/git config --local --name-only --get-regexp ^includeIf\.gitdir:
2026-09-12T03:18:43.7870506Z [command]/usr/bin/git submodule foreach --recursive git config --local --show-origin --name-only --get-regexp remote.origin.url
2026-09-12T03:18:43.8045929Z ##[endgroup]
2026-09-12T03:18:43.8257181Z Node 20 is being deprecated. This workflow is running with Node 24 by default. If you need to temporarily use Node 20, you can set the ACTIONS_ALLOW_USE_UNSECURE_NODE_VERSION=true environment variable. For more information see: https://github.blog/changelog/2025-09-19-deprecation-of-node-20-on-github-actions-runners/
2026-09-12T03:18:43.8258564Z ##[group]Run actions/setup-python@v5
2026-09-12T03:18:43.8258868Z with:
2026-09-12T03:18:43.8259141Z   python-version: 3.13.5
2026-09-12T03:18:43.8259433Z   check-latest: false
2026-09-12T03:18:43.8262140Z   token: ***
2026-09-12T03:18:43.8262428Z   update-environment: true
2026-09-12T03:18:43.8262745Z   allow-prereleases: false
2026-09-12T03:18:43.8263038Z   freethreaded: false
2026-09-12T03:18:43.8263295Z env:
2026-09-12T03:18:43.8263556Z   PYTHONDONTWRITEBYTECODE: 1
2026-09-12T03:18:43.8264090Z ##[endgroup]
2026-09-12T03:18:43.9459529Z ##[group]Installed versions
2026-09-12T03:18:43.9475683Z Version 3.13.5 was not found in the local cache
2026-09-12T03:18:43.9575410Z (node:2027) [DEP0040] DeprecationWarning: The `punycode` module is deprecated. Please use a userland alternative instead.
2026-09-12T03:18:43.9577000Z (Use `node --trace-deprecation ...` to show where the warning was created)
2026-09-12T03:18:45.0612029Z Version 3.13.5 is available for downloading
2026-09-12T03:18:45.0612667Z Download from "https://github.com/actions/python-versions/releases/download/3.13.5-15601068749/python-3.13.5-linux-24.04-x64.tar.gz"
2026-09-12T03:18:45.8682206Z Extract downloaded archive
2026-09-12T03:18:45.8779934Z [command]/usr/bin/tar xz --warning=no-unknown-keyword --overwrite -C /home/runner/work/_temp/706de9a8-b6e8-4f73-9dea-13f3709b60d8 -f /home/runner/work/_temp/8c2b9ad9-1529-42f0-a643-ecb061687d3e
2026-09-12T03:18:48.0626431Z Execute installation script
2026-09-12T03:18:48.0724596Z Check if Python hostedtoolcache folder exist...
2026-09-12T03:18:48.0754834Z Create Python 3.13.5 folder
2026-09-12T03:18:48.0755471Z Copy Python binaries to hostedtoolcache folder
2026-09-12T03:18:48.8507138Z Create additional symlinks (Required for the UsePythonVersion Azure Pipelines task and the setup-python GitHub Action)
2026-09-12T03:18:48.8536361Z Upgrading pip...
2026-09-12T03:18:51.3095281Z Looking in links: /tmp/tmp2sv6c7ki
2026-09-12T03:18:51.3115951Z Requirement already satisfied: pip in /opt/hostedtoolcache/Python/3.13.5/x64/lib/python3.13/site-packages (25.1.1)
2026-09-12T03:18:53.2454561Z Collecting pip
2026-09-12T03:18:53.2818025Z Downloading pip-26.2.1-py3-none-any.whl.metadata (4.6 kB)
2026-09-12T03:18:53.7075692Z Downloading pip-26.2.1-py3-none-any.whl (1.8 MB)
2026-09-12T03:18:54.0695905Z ━━━━━━━━━━━━━━━━━━━━━━━━━━━━━━━━━━━━━━━━ 1.8/1.8 MB 4.5 MB/s eta 0:00:00
2026-09-12T03:18:54.0696528Z 
2026-09-12T03:18:54.0842586Z Installing collected packages: pip
2026-09-12T03:18:54.0845476Z Attempting uninstall: pip
2026-09-12T03:18:54.0869445Z Found existing installation: pip 25.1.1
2026-09-12T03:18:54.1061192Z Uninstalling pip-25.1.1:
2026-09-12T03:18:54.1100361Z Successfully uninstalled pip-25.1.1
2026-09-12T03:18:55.3007525Z Successfully installed pip-26.2.1
2026-09-12T03:18:55.3542501Z Create complete file
2026-09-12T03:18:55.3573206Z Successfully set up CPython (3.13.5)
2026-09-12T03:18:55.3575059Z ##[endgroup]
2026-09-12T03:18:55.3720845Z Node 20 is being deprecated. This workflow is running with Node 24 by default. If you need to temporarily use Node 20, you can set the ACTIONS_ALLOW_USE_UNSECURE_NODE_VERSION=true environment variable. For more information see: https://github.blog/changelog/2025-09-19-deprecation-of-node-20-on-github-actions-runners/
2026-09-12T03:18:55.3721894Z ##[group]Run actions/setup-node@v4
2026-09-12T03:18:55.3722212Z with:
2026-09-12T03:18:55.3722466Z   node-version: 22.22.0
2026-09-12T03:18:55.3722727Z   always-auth: false
2026-09-12T03:18:55.3723022Z   check-latest: false
2026-09-12T03:18:55.3725399Z   token: ***
2026-09-12T03:18:55.3725628Z env:
2026-09-12T03:18:55.3725940Z   PYTHONDONTWRITEBYTECODE: 1
2026-09-12T03:18:55.3726297Z   pythonLocation: /opt/hostedtoolcache/Python/3.13.5/x64
2026-09-12T03:18:55.3726736Z   PKG_CONFIG_PATH: /opt/hostedtoolcache/Python/3.13.5/x64/lib/pkgconfig
2026-09-12T03:18:55.3727147Z   Python_ROOT_DIR: /opt/hostedtoolcache/Python/3.13.5/x64
2026-09-12T03:18:55.3727621Z   Python2_ROOT_DIR: /opt/hostedtoolcache/Python/3.13.5/x64
2026-09-12T03:18:55.3727991Z   Python3_ROOT_DIR: /opt/hostedtoolcache/Python/3.13.5/x64
2026-09-12T03:18:55.3728371Z   LD_LIBRARY_PATH: /opt/hostedtoolcache/Python/3.13.5/x64/lib
2026-09-12T03:18:55.3728741Z ##[endgroup]
2026-09-12T03:18:55.6102933Z Attempting to download 22.22.0...
2026-09-12T03:18:55.6223049Z (node:2105) [DEP0040] DeprecationWarning: The `punycode` module is deprecated. Please use a userland alternative instead.
2026-09-12T03:18:55.6224448Z (Use `node --trace-deprecation ...` to show where the warning was created)
2026-09-12T03:18:56.5858068Z Acquiring 22.22.0 - x64 from https://github.com/actions/node-versions/releases/download/22.22.0-20981702931/node-22.22.0-linux-x64.tar.gz
2026-09-12T03:18:57.2831427Z Extracting ...
2026-09-12T03:18:57.2934800Z [command]/usr/bin/tar xz --strip 1 --warning=no-unknown-keyword --overwrite -C /home/runner/work/_temp/e34e941b-e301-470e-9925-efee7de9114f -f /home/runner/work/_temp/01347661-a49a-4c8e-911b-488be4c631fb
2026-09-12T03:18:58.4939562Z Adding to the cache ...
2026-09-12T03:19:02.3166424Z ##[group]Environment details
2026-09-12T03:19:02.5290092Z node: v22.22.0
2026-09-12T03:19:02.5294664Z npm: 10.9.4
2026-09-12T03:19:02.5295704Z yarn: 1.22.22
2026-09-12T03:19:02.5296660Z ##[endgroup]
2026-09-12T03:19:02.5428235Z ##[group]Run python ci/retention/verify_source.py "$RUNNER_TEMP/evidence/source"
2026-09-12T03:19:02.5428831Z [36;1mpython ci/retention/verify_source.py "$RUNNER_TEMP/evidence/source"[0m
2026-09-12T03:19:02.5429453Z [36;1mpython ci/retention/verify_alignment.py "$RUNNER_TEMP/evidence/source/ALIGNMENT_RESULT.json"[0m
2026-09-12T03:19:02.5455087Z shell: /usr/bin/bash --noprofile --norc -e -o pipefail {0}
2026-09-12T03:19:02.5455452Z env:
2026-09-12T03:19:02.5455707Z   PYTHONDONTWRITEBYTECODE: 1
2026-09-12T03:19:02.5456076Z   pythonLocation: /opt/hostedtoolcache/Python/3.13.5/x64
2026-09-12T03:19:02.5456509Z   PKG_CONFIG_PATH: /opt/hostedtoolcache/Python/3.13.5/x64/lib/pkgconfig
2026-09-12T03:19:02.5456965Z   Python_ROOT_DIR: /opt/hostedtoolcache/Python/3.13.5/x64
2026-09-12T03:19:02.5457332Z   Python2_ROOT_DIR: /opt/hostedtoolcache/Python/3.13.5/x64
2026-09-12T03:19:02.5457700Z   Python3_ROOT_DIR: /opt/hostedtoolcache/Python/3.13.5/x64
2026-09-12T03:19:02.5458224Z   LD_LIBRARY_PATH: /opt/hostedtoolcache/Python/3.13.5/x64/lib
2026-09-12T03:19:02.5458547Z ##[endgroup]
2026-09-12T03:19:02.7170050Z {"source_files": 1300, "source_tree_sha256": "928468ed31550195dfa8f121832e91b8d08aa9d5c15cef1381d903f76c9f97b3", "unchanged_parent_files": 1260, "new_files": 29, "repaired_existing_files": 11, "compatibility_files_unchanged": 19, "checkpoint_commit": "62fdde3cabe72b92fa5dc1b37b7652395fe3aba5", "byte_retention": "PASS", "full_feature_retention": "HOLD_APPROVAL_BLOCKED_PROVIDER_GUARD", "deployment": "NOT_RUN", "production": "HOLD"}
2026-09-12T03:19:02.9067667Z {"commit": "62fdde3cabe72b92fa5dc1b37b7652395fe3aba5", "application_tree": "a73b9b53a59c88ab995d0f9b123c9fb79e87e60d", "selected_source_files": 1300, "selection_counts": {"BOTH": 1264, "PR47": 35, "PR48": 1}, "pr47_application_changes": ["application/frontend/shared/app.js"], "archived_tooling_files": 8, "alignment": "PASS", "historical_pass_transferred": false, "full_three_end_ux": "HOLD", "six_vertical_closed_loop": "HOLD", "sealed_node": "HOLD", "final_release": "HOLD"}
2026-09-12T03:19:02.9194849Z ##[group]Run python ci/retention/dependencies.py --repository . --output "$RUNNER_TEMP/frozen"
2026-09-12T03:19:02.9195484Z [36;1mpython ci/retention/dependencies.py --repository . --output "$RUNNER_TEMP/frozen"[0m
2026-09-12T03:19:02.9196075Z [36;1mpython -m pip install --no-index --find-links "$RUNNER_TEMP/frozen/wheelhouse" -r ci/retention/requirements.lock[0m
2026-09-12T03:19:02.9217463Z shell: /usr/bin/bash --noprofile --norc -e -o pipefail {0}
2026-09-12T03:19:02.9217828Z env:
2026-09-12T03:19:02.9218068Z   PYTHONDONTWRITEBYTECODE: 1
2026-09-12T03:19:02.9218453Z   pythonLocation: /opt/hostedtoolcache/Python/3.13.5/x64
2026-09-12T03:19:02.9218853Z   PKG_CONFIG_PATH: /opt/hostedtoolcache/Python/3.13.5/x64/lib/pkgconfig
2026-09-12T03:19:02.9219242Z   Python_ROOT_DIR: /opt/hostedtoolcache/Python/3.13.5/x64
2026-09-12T03:19:02.9219611Z   Python2_ROOT_DIR: /opt/hostedtoolcache/Python/3.13.5/x64
2026-09-12T03:19:02.9220074Z   Python3_ROOT_DIR: /opt/hostedtoolcache/Python/3.13.5/x64
2026-09-12T03:19:02.9220446Z   LD_LIBRARY_PATH: /opt/hostedtoolcache/Python/3.13.5/x64/lib
2026-09-12T03:19:02.9220772Z ##[endgroup]
2026-09-12T03:19:03.2135893Z {"archive_sha256": "b13a76ab9351f81da70e8e2c8873c20141abe953cd3f96aeb181ef86a34b58dd", "verified_wheels": 37, "source": "pinned GO repository ci/dependency_parts only", "application_source_restored": false}
2026-09-12T03:19:03.9396147Z Looking in links: /home/runner/work/_temp/frozen/wheelhouse
2026-09-12T03:19:03.9466088Z Processing /home/runner/work/_temp/frozen/wheelhouse/alembic-1.16.5-py3-none-any.whl (from -r ci/retention/requirements.lock (line 1))
2026-09-12T03:19:03.9525492Z Processing /home/runner/work/_temp/frozen/wheelhouse/annotated_doc-0.0.4-py3-none-any.whl (from -r ci/retention/requirements.lock (line 2))
2026-09-12T03:19:03.9547548Z Processing /home/runner/work/_temp/frozen/wheelhouse/annotated_types-0.7.0-py3-none-any.whl (from -r ci/retention/requirements.lock (line 3))
2026-09-12T03:19:03.9571153Z Processing /home/runner/work/_temp/frozen/wheelhouse/anyio-4.13.0-py3-none-any.whl (from -r ci/retention/requirements.lock (line 4))
2026-09-12T03:19:03.9600484Z Processing /home/runner/work/_temp/frozen/wheelhouse/certifi-2026.5.20-py3-none-any.whl (from -r ci/retention/requirements.lock (line 5))
2026-09-12T03:19:03.9621851Z Processing /home/runner/work/_temp/frozen/wheelhouse/cffi-2.0.0-cp313-cp313-manylinux_2_17_x86_64.whl (from -r ci/retention/requirements.lock (line 6))
2026-09-12T03:19:03.9645115Z Processing /home/runner/work/_temp/frozen/wheelhouse/click-8.5.0-py3-none-any.whl (from -r ci/retention/requirements.lock (line 7))
2026-09-12T03:19:03.9667443Z Processing /home/runner/work/_temp/frozen/wheelhouse/cryptography-46.0.4-cp311-abi3-manylinux_2_34_x86_64.whl (from -r ci/retention/requirements.lock (line 8))
2026-09-12T03:19:03.9744347Z Processing /home/runner/work/_temp/frozen/wheelhouse/fastapi-0.128.2-py3-none-any.whl (from -r ci/retention/requirements.lock (line 9))
2026-09-12T03:19:03.9791159Z Processing /home/runner/work/_temp/frozen/wheelhouse/greenlet-3.5.1-cp313-cp313-manylinux_2_24_x86_64.whl (from -r ci/retention/requirements.lock (line 10))
2026-09-12T03:19:03.9821838Z Processing /home/runner/work/_temp/frozen/wheelhouse/h11-0.16.0-py3-none-any.whl (from -r ci/retention/requirements.lock (line 11))
2026-09-12T03:19:03.9844835Z Processing /home/runner/work/_temp/frozen/wheelhouse/httpcore-1.0.9-py3-none-any.whl (from -r ci/retention/requirements.lock (line 12))
2026-09-12T03:19:03.9874296Z Processing /home/runner/work/_temp/frozen/wheelhouse/httpx-0.28.1-py3-none-any.whl (from -r ci/retention/requirements.lock (line 13))
2026-09-12T03:19:03.9899931Z Processing /home/runner/work/_temp/frozen/wheelhouse/idna-3.17-py3-none-any.whl (from -r ci/retention/requirements.lock (line 14))
2026-09-12T03:19:03.9922825Z Processing /home/runner/work/_temp/frozen/wheelhouse/iniconfig-2.3.0-py3-none-any.whl (from -r ci/retention/requirements.lock (line 15))
2026-09-12T03:19:03.9941793Z Processing /home/runner/work/_temp/frozen/wheelhouse/mako-1.3.10-py3-none-any.whl (from -r ci/retention/requirements.lock (line 16))
2026-09-12T03:19:03.9965078Z Processing /home/runner/work/_temp/frozen/wheelhouse/markupsafe-3.0.3-cp313-cp313-manylinux2014_x86_64.manylinux_2_17_x86_64.manylinux_2_28_x86_64.whl (from -r ci/retention/requirements.lock (line 17))
2026-09-12T03:19:03.9982830Z Processing /home/runner/work/_temp/frozen/wheelhouse/packaging-25.0-py3-none-any.whl (from -r ci/retention/requirements.lock (line 18))
2026-09-12T03:19:04.0004823Z Processing /home/runner/work/_temp/frozen/wheelhouse/pillow-12.3.0-cp313-cp313-manylinux_2_27_x86_64.whl (from -r ci/retention/requirements.lock (line 19))
2026-09-12T03:19:04.0096228Z Processing /home/runner/work/_temp/frozen/wheelhouse/pluggy-1.6.0-py3-none-any.whl (from -r ci/retention/requirements.lock (line 20))
2026-09-12T03:19:04.0127964Z Processing /home/runner/work/_temp/frozen/wheelhouse/psycopg_binary-3.2.10-cp313-cp313-manylinux2014_x86_64.manylinux_2_17_x86_64.whl (from -r ci/retention/requirements.lock (line 21))
2026-09-12T03:19:04.0185928Z Processing /home/runner/work/_temp/frozen/wheelhouse/psycopg-3.2.10-py3-none-any.whl (from -r ci/retention/requirements.lock (line 22))
2026-09-12T03:19:04.0225265Z Processing /home/runner/work/_temp/frozen/wheelhouse/pycparser-3.0-py3-none-any.whl (from -r ci/retention/requirements.lock (line 23))
2026-09-12T03:19:04.0245899Z Processing /home/runner/work/_temp/frozen/wheelhouse/pydantic_settings-2.14.1-py3-none-any.whl (from -r ci/retention/requirements.lock (line 24))
2026-09-12T03:19:04.0269419Z Processing /home/runner/work/_temp/frozen/wheelhouse/pydantic-2.13.4-py3-none-any.whl (from -r ci/retention/requirements.lock (line 25))
2026-09-12T03:19:04.0330000Z Processing /home/runner/work/_temp/frozen/wheelhouse/pydantic_core-2.46.4-cp313-cp313-manylinux_2_17_x86_64.whl (from -r ci/retention/requirements.lock (line 26))
2026-09-12T03:19:04.0373319Z Processing /home/runner/work/_temp/frozen/wheelhouse/Pygments-2.20.0-py3-none-any.whl (from -r ci/retention/requirements.lock (line 27))
2026-09-12T03:19:04.0444169Z Processing /home/runner/work/_temp/frozen/wheelhouse/PyJWT-2.13.0-py3-none-any.whl (from -r ci/retention/requirements.lock (line 28))
2026-09-12T03:19:04.0464665Z Processing /home/runner/work/_temp/frozen/wheelhouse/pytest_asyncio-1.3.0-py3-none-any.whl (from -r ci/retention/requirements.lock (line 29))
2026-09-12T03:19:04.0488064Z Processing /home/runner/work/_temp/frozen/wheelhouse/pytest-9.0.2-py3-none-any.whl (from -r ci/retention/requirements.lock (line 30))
2026-09-12T03:19:04.0529061Z Processing /home/runner/work/_temp/frozen/wheelhouse/python_dotenv-1.2.2-py3-none-any.whl (from -r ci/retention/requirements.lock (line 31))
2026-09-12T03:19:04.0558828Z Processing /home/runner/work/_temp/frozen/wheelhouse/redis-5.2.1-py3-none-any.whl (from -r ci/retention/requirements.lock (line 32))
2026-09-12T03:19:04.0586208Z Processing /home/runner/work/_temp/frozen/wheelhouse/SQLAlchemy-2.0.50-cp313-cp313-manylinux_2_17_x86_64.whl (from -r ci/retention/requirements.lock (line 33))
2026-09-12T03:19:04.0705836Z Processing /home/runner/work/_temp/frozen/wheelhouse/starlette-0.50.0-py3-none-any.whl (from -r ci/retention/requirements.lock (line 34))
2026-09-12T03:19:04.0732634Z Processing /home/runner/work/_temp/frozen/wheelhouse/typing_inspection-0.4.2-py3-none-any.whl (from -r ci/retention/requirements.lock (line 35))
2026-09-12T03:19:04.0754288Z Processing /home/runner/work/_temp/frozen/wheelhouse/typing_extensions-4.16.0-py3-none-any.whl (from -r ci/retention/requirements.lock (line 36))
2026-09-12T03:19:04.0773921Z Processing /home/runner/work/_temp/frozen/wheelhouse/uvicorn-0.35.0-py3-none-any.whl (from -r ci/retention/requirements.lock (line 37))
2026-09-12T03:19:04.1708157Z Installing collected packages: typing_extensions, redis, python-dotenv, PyJWT, Pygments, pycparser, psycopg-binary, psycopg, pluggy, Pillow, packaging, MarkupSafe, iniconfig, idna, h11, greenlet, click, certifi, annotated-types, annotated-doc, uvicorn, typing-inspection, SQLAlchemy, pytest, pydantic_core, Mako, httpcore, cffi, anyio, starlette, pytest-asyncio, pydantic, httpx, cryptography, alembic, pydantic-settings, fastapi
2026-09-12T03:19:08.7256814Z 
2026-09-12T03:19:08.7293704Z Successfully installed Mako-1.3.10 MarkupSafe-3.0.3 Pillow-12.3.0 PyJWT-2.13.0 Pygments-2.20.0 SQLAlchemy-2.0.50 alembic-1.16.5 annotated-doc-0.0.4 annotated-types-0.7.0 anyio-4.13.0 certifi-2026.5.20 cffi-2.0.0 click-8.5.0 cryptography-46.0.4 fastapi-0.128.2 greenlet-3.5.1 h11-0.16.0 httpcore-1.0.9 httpx-0.28.1 idna-3.17 iniconfig-2.3.0 packaging-25.0 pluggy-1.6.0 psycopg-3.2.10 psycopg-binary-3.2.10 pycparser-3.0 pydantic-2.13.4 pydantic-settings-2.14.1 pydantic_core-2.46.4 pytest-9.0.2 pytest-asyncio-1.3.0 python-dotenv-1.2.2 redis-5.2.1 starlette-0.50.0 typing-inspection-0.4.2 typing_extensions-4.16.0 uvicorn-0.35.0
2026-09-12T03:19:08.7884824Z ##[group]Run export GO_NATIVE_NODE="$(command -v node)"
2026-09-12T03:19:08.7885319Z [36;1mexport GO_NATIVE_NODE="$(command -v node)"[0m
2026-09-12T03:19:08.7885770Z [36;1mpython ci/retention/run_suite.py --shard 3 --evidence "$RUNNER_TEMP/evidence/tests"[0m
2026-09-12T03:19:08.7907076Z shell: /usr/bin/bash --noprofile --norc -e -o pipefail {0}
2026-09-12T03:19:08.7907448Z env:
2026-09-12T03:19:08.7907805Z   PYTHONDONTWRITEBYTECODE: 1
2026-09-12T03:19:08.7908145Z   pythonLocation: /opt/hostedtoolcache/Python/3.13.5/x64
2026-09-12T03:19:08.7908576Z   PKG_CONFIG_PATH: /opt/hostedtoolcache/Python/3.13.5/x64/lib/pkgconfig
2026-09-12T03:19:08.7908999Z   Python_ROOT_DIR: /opt/hostedtoolcache/Python/3.13.5/x64
2026-09-12T03:19:08.7909370Z   Python2_ROOT_DIR: /opt/hostedtoolcache/Python/3.13.5/x64
2026-09-12T03:19:08.7910106Z   Python3_ROOT_DIR: /opt/hostedtoolcache/Python/3.13.5/x64
2026-09-12T03:19:08.7910489Z   LD_LIBRARY_PATH: /opt/hostedtoolcache/Python/3.13.5/x64/lib
2026-09-12T03:19:08.7910955Z ##[endgroup]
2026-09-12T03:34:44.4789917Z ........................................................................ [ 15%]
2026-09-12T03:34:44.4791775Z ........................................................................ [ 31%]
2026-09-12T03:34:44.4792891Z ........................................................................ [ 47%]
2026-09-12T03:34:44.4793645Z ........................................................................ [ 63%]
2026-09-12T03:34:44.4794669Z ...sssss................................................................ [ 78%]
2026-09-12T03:34:44.4795366Z ........................................................................ [ 94%]
2026-09-12T03:34:44.4796074Z .........................                                                [100%]
2026-09-12T03:34:44.4796727Z =============================== warnings summary ===============================
2026-09-12T03:34:44.4797373Z tests/test_depth09_hotel_replication.py: 175 warnings
2026-09-12T03:34:44.4798773Z   /home/runner/work/GO/GO/application/src/go_hotel/services/media_harvester.py:79: DeprecationWarning: Image.Image.getdata is deprecated and will be removed in Pillow 14 (2027-10-15). Use get_flattened_data instead.
2026-09-12T03:34:44.4801505Z     px=list(g.getdata())
2026-09-12T03:34:44.4814647Z 
2026-09-12T03:34:44.4825045Z tests/test_depth19_api_migration.py: 5 warnings
2026-09-12T03:34:44.4827663Z tests/test_depth23_capacity.py: 5 warnings
2026-09-12T03:34:44.4829902Z   /opt/hostedtoolcache/Python/3.13.5/x64/lib/python3.13/site-packages/alembic/config.py:598: DeprecationWarning: No path_separator found in configuration; falling back to legacy splitting on spaces, commas, and colons for prepend_sys_path.  Consider adding path_separator=os to Alembic config.
2026-09-12T03:34:44.4831462Z     util.warn_deprecated(
2026-09-12T03:34:44.4831798Z 
2026-09-12T03:34:44.4832312Z -- Docs: https://docs.pytest.org/en/stable/how-to/capture-warnings.html
2026-09-12T03:34:44.4833168Z 452 passed, 5 skipped, 185 warnings in 931.61s (0:15:31)
2026-09-12T03:34:44.4833554Z 
2026-09-12T03:34:44.4834832Z {"exit_code": 0, "selected_files": 59, "shard": 3, "real_providers": "NOT_RUN", "hong_kong": "NOT_ACCESSED", "tests": 457, "failures": 0, "errors": 0, "skipped": 5, "passed": 452}
2026-09-12T03:34:44.4923905Z Node 20 is being deprecated. This workflow is running with Node 24 by default. If you need to temporarily use Node 20, you can set the ACTIONS_ALLOW_USE_UNSECURE_NODE_VERSION=true environment variable. For more information see: https://github.blog/changelog/2025-09-19-deprecation-of-node-20-on-github-actions-runners/
2026-09-12T03:34:44.4924974Z ##[group]Run actions/upload-artifact@v4
2026-09-12T03:34:44.4925272Z with:
2026-09-12T03:34:44.4925632Z   name: canonical-retention-shard-3-62fdde3cabe72b92fa5dc1b37b7652395fe3aba5
2026-09-12T03:34:44.4926081Z   path: /home/runner/work/_temp/evidence
2026-09-12T03:34:44.4926389Z   if-no-files-found: error
2026-09-12T03:34:44.4926671Z   compression-level: 6
2026-09-12T03:34:44.4926918Z   overwrite: false
2026-09-12T03:34:44.4927159Z   include-hidden-files: false
2026-09-12T03:34:44.4927500Z env:
2026-09-12T03:34:44.4927741Z   PYTHONDONTWRITEBYTECODE: 1
2026-09-12T03:34:44.4928074Z   pythonLocation: /opt/hostedtoolcache/Python/3.13.5/x64
2026-09-12T03:34:44.4928560Z   PKG_CONFIG_PATH: /opt/hostedtoolcache/Python/3.13.5/x64/lib/pkgconfig
2026-09-12T03:34:44.4928994Z   Python_ROOT_DIR: /opt/hostedtoolcache/Python/3.13.5/x64
2026-09-12T03:34:44.4929353Z   Python2_ROOT_DIR: /opt/hostedtoolcache/Python/3.13.5/x64
2026-09-12T03:34:44.4929710Z   Python3_ROOT_DIR: /opt/hostedtoolcache/Python/3.13.5/x64
2026-09-12T03:34:44.4930090Z   LD_LIBRARY_PATH: /opt/hostedtoolcache/Python/3.13.5/x64/lib
2026-09-12T03:34:44.4930418Z ##[endgroup]
2026-09-12T03:34:44.6408702Z (node:2921) [DEP0040] DeprecationWarning: The `punycode` module is deprecated. Please use a userland alternative instead.
2026-09-12T03:34:44.6410193Z (Use `node --trace-deprecation ...` to show where the warning was created)
2026-09-12T03:34:44.6585149Z With the provided path, there will be 7 files uploaded
2026-09-12T03:34:44.6614590Z Artifact name is valid!
2026-09-12T03:34:44.6624549Z Root directory input is valid!
2026-09-12T03:34:45.0035551Z Beginning upload of artifact content to blob storage
2026-09-12T03:34:45.0406580Z (node:2921) [DEP0169] DeprecationWarning: `url.parse()` behavior is not standardized and prone to errors that have security implications. Use the WHATWG URL API instead. CVEs are not issued for `url.parse()` vulnerabilities.
2026-09-12T03:34:45.4183157Z Uploaded bytes 79492
2026-09-12T03:34:45.4829354Z Finished uploading artifact content to blob storage!
2026-09-12T03:34:45.4830937Z SHA256 digest of uploaded artifact zip is 13eb93c6afc066310a39063ed06cee22b94ac9bfbba20330cb1d7b8190c4ae51
2026-09-12T03:34:45.4831916Z Finalizing artifact upload
2026-09-12T03:34:45.7385764Z Artifact canonical-retention-shard-3-62fdde3cabe72b92fa5dc1b37b7652395fe3aba5.zip successfully finalized. Artifact ID 10290098972
2026-09-12T03:34:45.7387419Z Artifact canonical-retention-shard-3-62fdde3cabe72b92fa5dc1b37b7652395fe3aba5 has been successfully uploaded! Final size is 79492 bytes. Artifact ID is 10290098972
2026-09-12T03:34:45.7391378Z Artifact download URL: https://github.com/yuguangzhi3836-glitch/GO/actions/runs/34670014293/artifacts/10290098972
2026-09-12T03:34:45.7527386Z Node 20 is being deprecated. This workflow is running with Node 24 by default. If you need to temporarily use Node 20, you can set the ACTIONS_ALLOW_USE_UNSECURE_NODE_VERSION=true environment variable. For more information see: https://github.blog/changelog/2025-09-19-deprecation-of-node-20-on-github-actions-runners/
2026-09-12T03:34:45.7528399Z Post job cleanup.
2026-09-12T03:34:45.8614281Z (node:2934) [DEP0040] DeprecationWarning: The `punycode` module is deprecated. Please use a userland alternative instead.
2026-09-12T03:34:45.8615446Z (Use `node --trace-deprecation ...` to show where the warning was created)
2026-09-12T03:34:45.8774567Z Node 20 is being deprecated. This workflow is running with Node 24 by default. If you need to temporarily use Node 20, you can set the ACTIONS_ALLOW_USE_UNSECURE_NODE_VERSION=true environment variable. For more information see: https://github.blog/changelog/2025-09-19-deprecation-of-node-20-on-github-actions-runners/
2026-09-12T03:34:45.8776252Z Post job cleanup.
2026-09-12T03:34:46.0207712Z (node:2942) [DEP0040] DeprecationWarning: The `punycode` module is deprecated. Please use a userland alternative instead.
2026-09-12T03:34:46.0209971Z (Use `node --trace-deprecation ...` to show where the warning was created)
2026-09-12T03:34:46.0378547Z Node 20 is being deprecated. This workflow is running with Node 24 by default. If you need to temporarily use Node 20, you can set the ACTIONS_ALLOW_USE_UNSECURE_NODE_VERSION=true environment variable. For more information see: https://github.blog/changelog/2025-09-19-deprecation-of-node-20-on-github-actions-runners/
2026-09-12T03:34:46.0380182Z Post job cleanup.
2026-09-12T03:34:46.1294897Z [command]/usr/bin/git version
2026-09-12T03:34:46.1374674Z git version 2.55.0
2026-09-12T03:34:46.1499069Z Temporarily overriding HOME='/home/runner/work/_temp/b0421498-c586-4c01-bc6c-0b8189f5f654' before making global git config changes
2026-09-12T03:34:46.1514810Z Adding repository directory to the temporary git global config as a safe directory
2026-09-12T03:34:46.1544383Z [command]/usr/bin/git config --global --add safe.directory /home/runner/work/GO/GO
2026-09-12T03:34:46.1595599Z [command]/usr/bin/git config --local --name-only --get-regexp core\.sshCommand
2026-09-12T03:34:46.1675574Z [command]/usr/bin/git submodule foreach --recursive sh -c "git config --local --name-only --get-regexp 'core\.sshCommand' && git config --local --unset-all 'core.sshCommand' || :"
2026-09-12T03:34:46.2036262Z [command]/usr/bin/git config --local --name-only --get-regexp http\.https\:\/\/github\.com\/\.extraheader
2026-09-12T03:34:46.2125818Z [command]/usr/bin/git submodule foreach --recursive sh -c "git config --local --name-only --get-regexp 'http\.https\:\/\/github\.com\/\.extraheader' && git config --local --unset-all 'http.https://github.com/.extraheader' || :"
2026-09-12T03:34:46.2410076Z [command]/usr/bin/git config --local --name-only --get-regexp ^includeIf\.gitdir:
2026-09-12T03:34:46.2451571Z [command]/usr/bin/git submodule foreach --recursive git config --local --show-origin --name-only --get-regexp remote.origin.url
2026-09-12T03:34:46.2939565Z Cleaning up orphan processes
2026-09-12T03:34:46.3076892Z ##[warning]Node.js 20 is deprecated. The following actions target Node.js 20 but are being forced to run on Node.js 24: actions/checkout@v4, actions/setup-node@v4, actions/setup-python@v5, actions/upload-artifact@v4. For more information see: https://github.blog/changelog/2025-09-19-deprecation-of-node-20-on-github-actions-runners/
