FF                                                                       [100%]
=================================== FAILURES ===================================
_ test_missing_or_corrupt_unknown_evidence_does_not_restore_ride[contradictory_phase-CONFIRMED] _

phase = 'CONFIRMED', fault = 'contradictory_phase'

    @pytest.mark.parametrize('phase', ['CONFIRMED', 'IN_PROGRESS'])
    @pytest.mark.parametrize('fault', ['missing_last', 'missing_all', 'payload_corruption', 'invalid_phase', 'contradictory_phase'])
    def test_missing_or_corrupt_unknown_evidence_does_not_restore_ride(phase, fault):
        svc, owner, oid = booked('RIDE')
        if phase == 'IN_PROGRESS':
            svc.fulfill(owner, oid, 'START', 'isolated://start')
        svc.admin_external_state(oid, 'UNKNOWN_EXTERNAL_STATE', 'isolated://unknown', 'ops')
        with SessionLocal.begin() as session:
            query = select(Evidence).where(Evidence.execution_id == 'rc20:RIDE:' + oid).order_by(Evidence.sequence_no)
            rows = list(session.scalars(query))
            latest = rows[-1]
            assert latest.evidence_kind == 'EXTERNAL_STATE_UNKNOWN'
            if fault == 'missing_last':
                session.delete(latest)
            elif fault == 'missing_all':
                session.execute(delete(Evidence).where(Evidence.execution_id == 'rc20:RIDE:' + oid))
            else:
                body = deepcopy(latest.evidence_json)
                body['payload']['previous_status'] = 'CONFIRMED' if phase == 'IN_PROGRESS' else 'IN_PROGRESS'
                if fault in {'invalid_phase', 'contradictory_phase'}:
                    if fault == 'invalid_phase':
                        body['payload']['previous_status'] = 'COMPLETED'
                    latest.evidence_hash = _stable_hash(body)
                    latest.entry_hash = _stable_hash({'evidence_hash': latest.evidence_hash,
                        'previous_hash': latest.previous_hash, 'sequence_no': latest.sequence_no})
                latest.evidence_json = body
        before = svc.get(owner, oid)
>       with pytest.raises(ValueError, match='RIDE_RECOVERY_EVIDENCE_INVALID'):
             ^^^^^^^^^^^^^^^^^^^^^^^^^^^^^^^^^^^^^^^^^^^^^^^^^^^^^^^^^^^^^^^^^
E       Failed: DID NOT RAISE ValueError

tests/test_v70_next_c05_recovery_evidence.py:38: Failed
_ test_missing_or_corrupt_unknown_evidence_does_not_restore_ride[contradictory_phase-IN_PROGRESS] _

phase = 'IN_PROGRESS', fault = 'contradictory_phase'

    @pytest.mark.parametrize('phase', ['CONFIRMED', 'IN_PROGRESS'])
    @pytest.mark.parametrize('fault', ['missing_last', 'missing_all', 'payload_corruption', 'invalid_phase', 'contradictory_phase'])
    def test_missing_or_corrupt_unknown_evidence_does_not_restore_ride(phase, fault):
        svc, owner, oid = booked('RIDE')
        if phase == 'IN_PROGRESS':
            svc.fulfill(owner, oid, 'START', 'isolated://start')
        svc.admin_external_state(oid, 'UNKNOWN_EXTERNAL_STATE', 'isolated://unknown', 'ops')
        with SessionLocal.begin() as session:
            query = select(Evidence).where(Evidence.execution_id == 'rc20:RIDE:' + oid).order_by(Evidence.sequence_no)
            rows = list(session.scalars(query))
            latest = rows[-1]
            assert latest.evidence_kind == 'EXTERNAL_STATE_UNKNOWN'
            if fault == 'missing_last':
                session.delete(latest)
            elif fault == 'missing_all':
                session.execute(delete(Evidence).where(Evidence.execution_id == 'rc20:RIDE:' + oid))
            else:
                body = deepcopy(latest.evidence_json)
                body['payload']['previous_status'] = 'CONFIRMED' if phase == 'IN_PROGRESS' else 'IN_PROGRESS'
                if fault in {'invalid_phase', 'contradictory_phase'}:
                    if fault == 'invalid_phase':
                        body['payload']['previous_status'] = 'COMPLETED'
                    latest.evidence_hash = _stable_hash(body)
                    latest.entry_hash = _stable_hash({'evidence_hash': latest.evidence_hash,
                        'previous_hash': latest.previous_hash, 'sequence_no': latest.sequence_no})
                latest.evidence_json = body
        before = svc.get(owner, oid)
>       with pytest.raises(ValueError, match='RIDE_RECOVERY_EVIDENCE_INVALID'):
             ^^^^^^^^^^^^^^^^^^^^^^^^^^^^^^^^^^^^^^^^^^^^^^^^^^^^^^^^^^^^^^^^^
E       Failed: DID NOT RAISE ValueError

tests/test_v70_next_c05_recovery_evidence.py:38: Failed
=========================== short test summary info ============================
FAILED tests/test_v70_next_c05_recovery_evidence.py::test_missing_or_corrupt_unknown_evidence_does_not_restore_ride[contradictory_phase-CONFIRMED]
FAILED tests/test_v70_next_c05_recovery_evidence.py::test_missing_or_corrupt_unknown_evidence_does_not_restore_ride[contradictory_phase-IN_PROGRESS]
2 failed, 8 deselected in 3.41s
